+ ml purge
++ /usr/share/lmod/lmod/libexec/ml_cmd purge
+ eval 'module  purge'
++ module purge
++ '[' -z '' ']'
++ case "$-" in
++ __lmod_sh_dbg=x
++ '[' -n x ']'
++ set +x
Shell debugging temporarily silenced: export LMOD_SH_DBG_ON=1 for Lmod's output
Shell debugging restarted
++ unset __lmod_sh_dbg
++ return 0
+ set +u
+ source /hpc/users/wangc40/.bashrc
++ '[' -f /etc/bashrc ']'
++ . /etc/bashrc
+++ '[' -z '' ']'
+++ BASHRCSOURCED=Y
+++ '[' '' ']'
+++ shopt -q login_shell
++++ umask
+++ '[' 0027 -eq 0 ']'
+++ SHELL=/bin/bash
+++ for i in /etc/profile.d/*.sh
+++ '[' -r /etc/profile.d/00-modulepath.sh ']'
+++ '[' '' ']'
+++ . /etc/profile.d/00-modulepath.sh
++++ '[' -z /etc/modulefiles:/usr/share/modulefiles:/usr/share/lmod/lmod/modulefiles/Core:/opt/hpc/packages/minerva-rocky9/modulefiles:/opt/hpc/packages/minerva-centos7/modulefiles:/opt/hpc/packages/minerva-common/modulefiles ']'
++++ :
+++ for i in /etc/profile.d/*.sh
+++ '[' -r /etc/profile.d/colorgrep.sh ']'
+++ '[' '' ']'
+++ . /etc/profile.d/colorgrep.sh
++++ /usr/libexec/grepconf.sh -c
++++ alias 'grep=grep --color=auto'
++++ alias 'egrep=egrep --color=auto'
++++ alias 'fgrep=fgrep --color=auto'
+++ for i in /etc/profile.d/*.sh
+++ '[' -r /etc/profile.d/colorls.sh ']'
+++ '[' '' ']'
+++ . /etc/profile.d/colorls.sh
++++ '[' '!' -t 0 ']'
++++ return
+++ for i in /etc/profile.d/*.sh
+++ '[' -r /etc/profile.d/colorsysstat.sh ']'
+++ '[' '' ']'
+++ . /etc/profile.d/colorsysstat.sh
++++ export S_COLORS=auto
++++ S_COLORS=auto
+++ for i in /etc/profile.d/*.sh
+++ '[' -r /etc/profile.d/colorxzgrep.sh ']'
+++ '[' '' ']'
+++ . /etc/profile.d/colorxzgrep.sh
++++ /usr/libexec/grepconf.sh -c
++++ alias 'xzgrep=xzgrep --color=auto'
++++ alias 'xzegrep=xzegrep --color=auto'
++++ alias 'xzfgrep=xzfgrep --color=auto'
+++ for i in /etc/profile.d/*.sh
+++ '[' -r /etc/profile.d/colorzgrep.sh ']'
+++ '[' '' ']'
+++ . /etc/profile.d/colorzgrep.sh
++++ '[' -f /usr/libexec/grepconf.sh ']'
++++ /usr/libexec/grepconf.sh -c
++++ alias 'zgrep=zgrep --color=auto'
++++ alias 'zfgrep=zfgrep --color=auto'
++++ alias 'zegrep=zegrep --color=auto'
+++ for i in /etc/profile.d/*.sh
+++ '[' -r /etc/profile.d/debuginfod.sh ']'
+++ '[' '' ']'
+++ . /etc/profile.d/debuginfod.sh
++++ prefix=/usr
++++ '[' -z 'https://debuginfod.rockylinux.org/ ' ']'
++++ '[' -z /etc/keys/ima: ']'
++++ unset prefix
+++ for i in /etc/profile.d/*.sh
+++ '[' -r /etc/profile.d/flatpak.sh ']'
+++ '[' '' ']'
+++ . /etc/profile.d/flatpak.sh
++++ command -v flatpak
+++++ unset G_MESSAGES_DEBUG
+++++ echo /hpc/users/wangc40/.local/share/flatpak
+++++ GIO_USE_VFS=local
+++++ flatpak --installations
+++++ new_dirs=
+++++ read -r install_path
+++++ share_path=/hpc/users/wangc40/.local/share/flatpak/exports/share
+++++ case ":$XDG_DATA_DIRS:" in
+++++ :
+++++ read -r install_path
+++++ share_path=/var/lib/flatpak/exports/share
+++++ case ":$XDG_DATA_DIRS:" in
+++++ :
+++++ read -r install_path
+++++ echo ''
++++ new_dirs=
++++ export XDG_DATA_DIRS
++++ XDG_DATA_DIRS=/hpc/users/wangc40/.local/share/flatpak/exports/share:/var/lib/flatpak/exports/share:/usr/local/share:/usr/share
+++ for i in /etc/profile.d/*.sh
+++ '[' -r /etc/profile.d/gawk.sh ']'
+++ '[' '' ']'
+++ . /etc/profile.d/gawk.sh
+++ for i in /etc/profile.d/*.sh
+++ '[' -r /etc/profile.d/gnome-ssh-askpass.sh ']'
+++ '[' '' ']'
+++ . /etc/profile.d/gnome-ssh-askpass.sh
++++ SSH_ASKPASS=/usr/libexec/openssh/gnome-ssh-askpass
++++ export SSH_ASKPASS
+++ for i in /etc/profile.d/*.sh
+++ '[' -r /etc/profile.d/gpfs.sh ']'
+++ '[' '' ']'
+++ . /etc/profile.d/gpfs.sh
++++ export PATH=/hpc/users/wangc40/.local/bin:/hpc/users/wangc40/bin:/hpc/lsf/10.1/linux3.10-glibc2.17-x86_64/etc:/hpc/lsf/10.1/linux3.10-glibc2.17-x86_64/bin:/bin:/usr/bin/:/usr/mbin:/local/bin:/usr/local:/usr/ucb:/usr/local/sbin:/usr/sbin:/usr/lpp/mmfs/bin:/usr/lpp/mmfs/bin
++++ PATH=/hpc/users/wangc40/.local/bin:/hpc/users/wangc40/bin:/hpc/lsf/10.1/linux3.10-glibc2.17-x86_64/etc:/hpc/lsf/10.1/linux3.10-glibc2.17-x86_64/bin:/bin:/usr/bin/:/usr/mbin:/local/bin:/usr/local:/usr/ucb:/usr/local/sbin:/usr/sbin:/usr/lpp/mmfs/bin:/usr/lpp/mmfs/bin
+++ for i in /etc/profile.d/*.sh
+++ '[' -r /etc/profile.d/guestfish.sh ']'
+++ '[' '' ']'
+++ . /etc/profile.d/guestfish.sh
++++ GUESTFISH_PS1='\[\e[1;32m\]><fs>\[\e[0;31m\] '
++++ GUESTFISH_OUTPUT='\e[0m'
++++ GUESTFISH_RESTORE='\e[0m'
++++ GUESTFISH_INIT='\e[1;34m'
++++ export GUESTFISH_PS1 GUESTFISH_OUTPUT GUESTFISH_RESTORE GUESTFISH_INIT
+++ for i in /etc/profile.d/*.sh
+++ '[' -r /etc/profile.d/lang.sh ']'
+++ '[' '' ']'
+++ . /etc/profile.d/lang.sh
++++ unset LANG_backup
+++++ /usr/bin/locale
++++ '[' -n '' ']'
++++ LANG_backup=C.UTF-8
++++ for config in /etc/locale.conf "${HOME}/.i18n"
++++ '[' -f /etc/locale.conf ']'
++++ '[' -x /usr/bin/sed ']'
+++++ /usr/bin/sed -r -e 's/^[[:blank:]]*([[:upper:]_]+)=([[:print:][:digit:]\._-]+|"[[:print:][:digit:]\._-]+")/export \1=\2/;t;d' /etc/locale.conf
++++ eval export 'LANG="C.UTF-8"'
+++++ export LANG=C.UTF-8
+++++ LANG=C.UTF-8
++++ for config in /etc/locale.conf "${HOME}/.i18n"
++++ '[' -f /hpc/users/wangc40/.i18n ']'
++++ '[' -n C.UTF-8 ']'
++++ LANG=C.UTF-8
++++ unset LANG_backup config
++++ '[' -n '' ']'
++++ '[' -n C.UTF-8 ']'
++++ '[' dumb = linux ']'
+++ for i in /etc/profile.d/*.sh
+++ '[' -r /etc/profile.d/less.sh ']'
+++ '[' '' ']'
+++ . /etc/profile.d/less.sh
++++ '[' -z '||/usr/bin/lesspipe.sh %s' ']'
+++ for i in /etc/profile.d/*.sh
+++ '[' -r /etc/profile.d/lsf.sh ']'
+++ '[' '' ']'
+++ . /etc/profile.d/lsf.sh
+++++ /usr/bin/id -n -u
++++ /usr/bin/getent -s files passwd wangc40
