Sender: LSF System <lsfadmin@lg02e14>
Subject: Job 242891578[5]: <trace_kin_v3_perfolder_s3[1-10]> in cluster <chimera> Done

Job <trace_kin_v3_perfolder_s3[1-10]> was submitted from host <li04e01> by user <wangc40> in cluster <chimera> at Sun May 10 18:57:46 2026
Job was executed on host(s) <16*lg02e14>, in queue <gpu>, as user <wangc40> in cluster <chimera> at Sun May 10 18:57:49 2026
</hpc/users/wangc40> was used as the home directory.
</sc/arion/projects/DiseaseGeneCell/Huang_lab_project/wangcDrugRepoProject/TRACE-Kin> was used as the working directory.
Started at Sun May 10 18:57:49 2026
Terminated at Sun May 10 22:10:22 2026
Results reported at Sun May 10 22:10:22 2026

Your job looked like:

------------------------------------------------------------
# LSBATCH: User input
#!/bin/bash
#BSUB -J trace_kin_v3_perfolder_s3[1-10]
#BSUB -P acc_DiseaseGeneCell
#BSUB -q gpu
#BSUB -R h100nvl
#BSUB -gpu num=1
#BSUB -n 16
#BSUB -R "rusage[mem=8000]"
#BSUB -R "span[hosts=1]"
#BSUB -W 48:00
#BSUB -o %J.%I.stdout
#BSUB -eo %J.%I.stderr
#BSUB -L /bin/bash

# =============================================================================
# TRACE-Kin v3 PER-FOLDER + MoLFormer-XL context — top-10 RF-gap cells
# =============================================================================
# Submit with:
#     bsub < training/run_v3_perfolder_s1.lsf
#
# Per-folder evaluation: each (dataset × kinetic × split) cell gets its own
# v3 model trained ONLY on that folder's train.parquet, tested on that
# folder's test.parquet. NO cross-dataset pooling — avoids the leakage
# concern that pool-train rows could contaminate primary-test keys.
#
# v3 = v1 GNN backbone + MoLFormer-XL (768) projected to hidden_channels
# and added as a global-graph-context residual to mol_pool, before a
# fresh regression head. Molecular embeddings are computed live by
# MoLFormer-XL (not read from a pre-computed parquet column) and cached
# at <datafolder>/molformer_emb.pt so all 3 seeds share the compute.
#
# SWA is enabled (start at 50% of training, swa_lr=10x lower) to average
# weights over the noisy val plateau. Single-best-epoch checkpoint
# selection was picking lucky early dips driven by small-val-set noise.
# Patience disabled so SWA's averaging window has room to build.
#
# Cells: the 10 (out of 27) where the historical PSICHIC-vs-RF gap is
# largest, derived from data/benchmark/kinetic_regress_benchmark_clean.csv.
# These are the cells the ChemBERT cutover is most likely to move. The
# embedding per cell is the one with the LOWEST RF baseline RMSE in the
# benchmark (= the hardest fair test for v3). All 5 kinetics, all 3 splits,
# and all 4 source datasets are represented.
#
# Ordered by descending RF-gap (PSICHIC RMSE − RF RMSE):
#   1. EITLEM   kcat_km cold_drug    ESMv1       gap +0.135
#   2. catpred  kcat    random       ESMv1       gap +0.130
#   3. inhouse  Kd      random       ESMv1       gap +0.115
#   4. EITLEM   kcat_km random       ESM2        gap +0.098
#   5. EITLEM   kcat    cold_drug    ESM2        gap +0.093
#   6. MPEK     kcat    cold_protein ProteinCLIP gap +0.092

(... more ...)
------------------------------------------------------------

Successfully completed.

Resource usage summary:

    CPU time :                                   11855.00 sec.
    Max Memory :                                 39523 MB
    Average Memory :                             37502.44 MB
    Total Requested Memory :                     128000.00 MB
    Delta Memory :                               88477.00 MB
    Max Swap :                                   -
    Max Processes :                              4
    Max Threads :                                25
    Run time :                                   11553 sec.
    Turnaround time :                            11556 sec.

The output (if any) follows:

==========================================
TRACE-Kin v3 PER-FOLDER task 5/10
==========================================
Date:        Sun May 10 18:57:53 EDT 2026
Dataset:     /sc/arion/projects/DiseaseGeneCell/Huang_lab_project/drug_discovery/output/data/enzyme_embeddings_dataset/EITLEM_dataset/EITLEM_kcat_ESM2_embedding_cold_drug
Result:      /sc/arion/projects/DiseaseGeneCell/Huang_lab_project/wangcDrugRepoProject/TRACE_Kin_Results_v3_molformer_ctx/EITLEM_dataset/EITLEM_kcat_ESM2_embedding_cold_drug
Config:      training/config_v3.json
Pool CSVs:   (none — per-folder)
Model:       v3 (per-folder, no pool, MoLFormer-XL context residual, SWA, best embedding by RF baseline)
MoLFormer:   /sc/arion/projects/DiseaseGeneCell/Huang_lab_project/wangcDrugRepoProject/transformersmodels/ibm/MoLFormer-XL-both-10pct
Epochs:      50, batch=16, seed=3, lr=1e-4
==========================================
Python 3.12.2
Python: /sc/arion/work/wangc40/test-env/envs/test/bin/python
CUDA device: NVIDIA H100 80GB HBM3, sm_90
============================================================
TRACE-Kin training
============================================================
Datafolder:        /sc/arion/projects/DiseaseGeneCell/Huang_lab_project/drug_discovery/output/data/enzyme_embeddings_dataset/EITLEM_dataset/EITLEM_kcat_ESM2_embedding_cold_drug
Result path:       /sc/arion/projects/DiseaseGeneCell/Huang_lab_project/wangcDrugRepoProject/TRACE_Kin_Results_v3_molformer_ctx/EITLEM_dataset/EITLEM_kcat_ESM2_embedding_cold_drug
Config:            training/config_v3.json
Pool train CSVs:   (none)
============================================================
Loading primary train: /sc/arion/projects/DiseaseGeneCell/Huang_lab_project/drug_discovery/output/data/enzyme_embeddings_dataset/EITLEM_dataset/EITLEM_kcat_ESM2_embedding_cold_drug/train.parquet
Loading primary test: /sc/arion/projects/DiseaseGeneCell/Huang_lab_project/drug_discovery/output/data/enzyme_embeddings_dataset/EITLEM_dataset/EITLEM_kcat_ESM2_embedding_cold_drug/test.parquet
Loading primary val: /sc/arion/projects/DiseaseGeneCell/Huang_lab_project/drug_discovery/output/data/enzyme_embeddings_dataset/EITLEM_dataset/EITLEM_kcat_ESM2_embedding_cold_drug/val.parquet
Detected prot_evo_channels = 1280
seq2feat: 15109 unique sequences.
Loading MoLFormer-XL from /sc/arion/projects/DiseaseGeneCell/Huang_lab_project/wangcDrugRepoProject/transformersmodels/ibm/MoLFormer-XL-both-10pct
Computing MoLFormer embeddings for 6170 unique SMILES (batch_size=64)
  embedded 64/6170
  embedded 1344/6170
  embedded 2624/6170
  embedded 3904/6170
  embedded 5184/6170
Saved MoLFormer cache: /sc/arion/projects/DiseaseGeneCell/Huang_lab_project/drug_discovery/output/data/enzyme_embeddings_dataset/EITLEM_dataset/EITLEM_kcat_ESM2_embedding_cold_drug/molformer_emb.pt (6170 SMILES)
MoLFormer embeddings: 6170 unique SMILES, dim=768
model_version: v3, use_swa: True
Building protein graphs from scratch (this can be slow)...
U, B, O, or 0 in Sequence
U, B, O, or 0 in Sequence
U, B, O, or 0 in Sequence
U, B, O, or 0 in Sequence
U, B, O, or 0 in Sequence
U, B, O, or 0 in Sequence
U, B, O, or 0 in Sequence
U, B, O, or 0 in Sequence
U, B, O, or 0 in Sequence
U, B, O, or 0 in Sequence
U, B, O, or 0 in Sequence
U, B, O, or 0 in Sequence
Building ligand graphs from scratch...
loaders ready: train=1548 test=453 val=197
Computing PNA degrees from training data...
Built TraceKinV3 with 6,105,522 parameters
[SWA] enabled: start_epoch=25, swa_lr=1.000e-05
[LR schedule] schedule_lr=False, lrate=0.0001, min_lrate=0, warmup_iters=0, lr_decay_iters=77400, total_iters=77400
Not in terminal, reprint now using normal build-in print function.
                              
                              
----------------------------------------
Epoch 001 with LR 0.000100: Model Results
----------------------------------------
Train MSE Loss: 1.9332, Train CLS Loss: 0.0000, Train MCLS Loss: 0.0000
Protein Cluster Region Loss - Ortho Loss: 0.0000, Cluster Loss: 0.0000
                              
Validation Results: {
    "ci": 0.6573,
    "classification_loss": 0.0,
    "cluster_loss": 0.0,
    "mae": 1.1226,
    "mse": 2.1592,
    "multiclassification_loss": 0.0,
    "ortho_loss": 0.0,
    "pearson": 0.4329,
    "regression_loss": 2.1602,
    "rm2": 0.1824,
    "rmse": 1.4694,
    "sd": 1.4556,
    "spearman": 0.4583,
    "spectral_loss": 0.0
}
                              
Test Results: {
    "ci": 0.6488,
    "classification_loss": 0.0,
    "cluster_loss": 0.0,
    "mae": 1.0543,
    "mse": 1.9018,
    "multiclassification_loss": 0.0,
    "ortho_loss": 0.0,
    "pearson": 0.4314,
    "regression_loss": 1.9016,
    "rm2": 0.1854,
    "rmse": 1.3791,
    "sd": 1.3434,
    "spearman": 0.433,
    "spectral_loss": 0.0
}
                              
                              
----------------------------------------
Epoch 002 with LR 0.000100: Model Results
----------------------------------------
Train MSE Loss: 1.6295, Train CLS Loss: 0.0000, Train MCLS Loss: 0.0000
Protein Cluster Region Loss - Ortho Loss: 0.0000, Cluster Loss: 0.0000
                              
Validation Results: {
    "ci": 0.6758,
    "classification_loss": 0.0,
    "cluster_loss": 0.0,
    "mae": 1.0662,
    "mse": 2.0158,
    "multiclassification_loss": 0.0,
    "ortho_loss": 0.0,
    "pearson": 0.4814,
    "regression_loss": 2.0162,
    "rm2": 0.2227,
    "rmse": 1.4198,
    "sd": 1.4154,
    "spearman": 0.5034,
    "spectral_loss": 0.0
}
                              
Test Results: {
    "ci": 0.6774,
    "classification_loss": 0.0,
    "cluster_loss": 0.0,
    "mae": 0.9869,
    "mse": 1.6813,
    "multiclassification_loss": 0.0,
    "ortho_loss": 0.0,
    "pearson": 0.5026,
    "regression_loss": 1.6798,
    "rm2": 0.2524,
    "rmse": 1.2966,
    "sd": 1.2873,
    "spearman": 0.5093,
    "spectral_loss": 0.0
}
                              
                              
----------------------------------------
Epoch 003 with LR 0.000100: Model Results
----------------------------------------
Train MSE Loss: 1.4456, Train CLS Loss: 0.0000, Train MCLS Loss: 0.0000
Protein Cluster Region Loss - Ortho Loss: 0.0000, Cluster Loss: 0.0000
                              
Validation Results: {
    "ci": 0.6842,
    "classification_loss": 0.0,
    "cluster_loss": 0.0,
    "mae": 1.0662,
    "mse": 1.991,
    "multiclassification_loss": 0.0,
    "ortho_loss": 0.0,
    "pearson": 0.5029,
    "regression_loss": 1.9912,
    "rm2": 0.23,
    "rmse": 1.411,
    "sd": 1.3957,
    "spearman": 0.5222,
    "spectral_loss": 0.0
}
                              
Test Results: {
    "ci": 0.6923,
    "classification_loss": 0.0,
    "cluster_loss": 0.0,
    "mae": 0.9704,
    "mse": 1.5983,
    "multiclassification_loss": 0.0,
    "ortho_loss": 0.0,
    "pearson": 0.534,
    "regression_loss": 1.5968,
    "rm2": 0.2724,
    "rmse": 1.2642,
    "sd": 1.2589,
    "spearman": 0.5452,
    "spectral_loss": 0.0
}
                              
                              
----------------------------------------
Epoch 004 with LR 0.000100: Model Results
----------------------------------------
Train MSE Loss: 1.3205, Train CLS Loss: 0.0000, Train MCLS Loss: 0.0000
Protein Cluster Region Loss - Ortho Loss: 0.0000, Cluster Loss: 0.0000
                              
Validation Results: {
    "ci": 0.69,
    "classification_loss": 0.0,
    "cluster_loss": 0.0,
    "mae": 1.0485,
    "mse": 2.016,
    "multiclassification_loss": 0.0,
    "ortho_loss": 0.0,
    "pearson": 0.5199,
    "regression_loss": 2.0233,
    "rm2": 0.2354,
    "rmse": 1.4199,
    "sd": 1.3794,
    "spearman": 0.5389,
    "spectral_loss": 0.0
}
                              
Test Results: {
    "ci": 0.6923,
    "classification_loss": 0.0,
    "cluster_loss": 0.0,
    "mae": 0.9704,
    "mse": 1.5983,
    "multiclassification_loss": 0.0,
    "ortho_loss": 0.0,
    "pearson": 0.534,
    "regression_loss": 1.5968,
    "rm2": 0.2724,
    "rmse": 1.2642,
    "sd": 1.2589,
    "spearman": 0.5452,
    "spectral_loss": 0.0
}
                              
                              
----------------------------------------
Epoch 005 with LR 0.000100: Model Results
----------------------------------------
Train MSE Loss: 1.2323, Train CLS Loss: 0.0000, Train MCLS Loss: 0.0000
Protein Cluster Region Loss - Ortho Loss: 0.0000, Cluster Loss: 0.0000
                              
Validation Results: {
    "ci": 0.696,
    "classification_loss": 0.0,
    "cluster_loss": 0.0,
    "mae": 1.0262,
    "mse": 1.9846,
    "multiclassification_loss": 0.0,
    "ortho_loss": 0.0,
    "pearson": 0.5192,
    "regression_loss": 1.986,
    "rm2": 0.2574,
    "rmse": 1.4088,
    "sd": 1.3801,
    "spearman": 0.5474,
    "spectral_loss": 0.0
}
                              
Test Results: {
    "ci": 0.7032,
    "classification_loss": 0.0,
    "cluster_loss": 0.0,
    "mae": 0.9484,
    "mse": 1.5885,
    "multiclassification_loss": 0.0,
    "ortho_loss": 0.0,
    "pearson": 0.5638,
    "regression_loss": 1.5881,
    "rm2": 0.3144,
    "rmse": 1.2604,
    "sd": 1.2298,
    "spearman": 0.5707,
    "spectral_loss": 0.0
}
                              
                              
----------------------------------------
Epoch 006 with LR 0.000100: Model Results
----------------------------------------
Train MSE Loss: 1.1694, Train CLS Loss: 0.0000, Train MCLS Loss: 0.0000
Protein Cluster Region Loss - Ortho Loss: 0.0000, Cluster Loss: 0.0000
                              
Validation Results: {
    "ci": 0.6986,
    "classification_loss": 0.0,
    "cluster_loss": 0.0,
    "mae": 1.0026,
    "mse": 1.857,
    "multiclassification_loss": 0.0,
    "ortho_loss": 0.0,
    "pearson": 0.547,
    "regression_loss": 1.864,
    "rm2": 0.2913,
    "rmse": 1.3627,
    "sd": 1.3518,
    "spearman": 0.5601,
    "spectral_loss": 0.0
}
                              
Test Results: {
    "ci": 0.7043,
    "classification_loss": 0.0,
    "cluster_loss": 0.0,
    "mae": 0.9445,
    "mse": 1.6095,
    "multiclassification_loss": 0.0,
    "ortho_loss": 0.0,
    "pearson": 0.5649,
    "regression_loss": 1.6085,
    "rm2": 0.2986,
    "rmse": 1.2687,
    "sd": 1.2287,
    "spearman": 0.5729,
    "spectral_loss": 0.0
}
                              
                              
----------------------------------------
Epoch 007 with LR 0.000100: Model Results
----------------------------------------
Train MSE Loss: 1.1002, Train CLS Loss: 0.0000, Train MCLS Loss: 0.0000
Protein Cluster Region Loss - Ortho Loss: 0.0000, Cluster Loss: 0.0000
                              
Validation Results: {
    "ci": 0.7045,
    "classification_loss": 0.0,
    "cluster_loss": 0.0,
    "mae": 0.9933,
    "mse": 1.8618,
    "multiclassification_loss": 0.0,
    "ortho_loss": 0.0,
    "pearson": 0.545,
    "regression_loss": 1.8714,
    "rm2": 0.2899,
    "rmse": 1.3645,
    "sd": 1.3539,
    "spearman": 0.5716,
    "spectral_loss": 0.0
}
                              
Test Results: {
    "ci": 0.7043,
    "classification_loss": 0.0,
    "cluster_loss": 0.0,
    "mae": 0.9445,
    "mse": 1.6095,
    "multiclassification_loss": 0.0,
    "ortho_loss": 0.0,
    "pearson": 0.5649,
    "regression_loss": 1.6085,
    "rm2": 0.2986,
    "rmse": 1.2687,
    "sd": 1.2287,
    "spearman": 0.5729,
    "spectral_loss": 0.0
}
                              
                              
----------------------------------------
Epoch 008 with LR 0.000100: Model Results
----------------------------------------
Train MSE Loss: 1.0611, Train CLS Loss: 0.0000, Train MCLS Loss: 0.0000
Protein Cluster Region Loss - Ortho Loss: 0.0000, Cluster Loss: 0.0000
                              
Validation Results: {
    "ci": 0.7143,
    "classification_loss": 0.0,
    "cluster_loss": 0.0,
    "mae": 0.9919,
    "mse": 1.8461,
    "multiclassification_loss": 0.0,
    "ortho_loss": 0.0,
    "pearson": 0.5729,
    "regression_loss": 1.851,
    "rm2": 0.2953,
    "rmse": 1.3587,
    "sd": 1.3235,
    "spearman": 0.5941,
    "spectral_loss": 0.0
}
                              
Test Results: {
    "ci": 0.7184,
    "classification_loss": 0.0,
    "cluster_loss": 0.0,
    "mae": 0.9208,
    "mse": 1.5211,
    "multiclassification_loss": 0.0,
    "ortho_loss": 0.0,
    "pearson": 0.5987,
    "regression_loss": 1.52,
    "rm2": 0.3468,
    "rmse": 1.2333,
    "sd": 1.1926,
    "spearman": 0.6056,
    "spectral_loss": 0.0
}
                              
                              
----------------------------------------
Epoch 009 with LR 0.000100: Model Results
----------------------------------------
Train MSE Loss: 1.0152, Train CLS Loss: 0.0000, Train MCLS Loss: 0.0000
Protein Cluster Region Loss - Ortho Loss: 0.0000, Cluster Loss: 0.0000
                              
Validation Results: {
    "ci": 0.7039,
    "classification_loss": 0.0,
    "cluster_loss": 0.0,
    "mae": 0.9837,
    "mse": 1.8324,
    "multiclassification_loss": 0.0,
    "ortho_loss": 0.0,
    "pearson": 0.5569,
    "regression_loss": 1.8356,
    "rm2": 0.2922,
    "rmse": 1.3537,
    "sd": 1.3412,
    "spearman": 0.5677,
    "spectral_loss": 0.0
}
                              
Test Results: {
    "ci": 0.71,
    "classification_loss": 0.0,
    "cluster_loss": 0.0,
    "mae": 0.9174,
    "mse": 1.5159,
    "multiclassification_loss": 0.0,
    "ortho_loss": 0.0,
    "pearson": 0.5796,
    "regression_loss": 1.5153,
    "rm2": 0.3351,
    "rmse": 1.2312,
    "sd": 1.2134,
    "spearman": 0.5876,
    "spectral_loss": 0.0
}
                              
                              
----------------------------------------
Epoch 010 with LR 0.000100: Model Results
----------------------------------------
Train MSE Loss: 0.9829, Train CLS Loss: 0.0000, Train MCLS Loss: 0.0000
Protein Cluster Region Loss - Ortho Loss: 0.0000, Cluster Loss: 0.0000
                              
Validation Results: {
    "ci": 0.7091,
    "classification_loss": 0.0,
    "cluster_loss": 0.0,
    "mae": 0.977,
    "mse": 1.794,
    "multiclassification_loss": 0.0,
    "ortho_loss": 0.0,
    "pearson": 0.5686,
    "regression_loss": 1.798,
    "rm2": 0.3056,
    "rmse": 1.3394,
    "sd": 1.3283,
    "spearman": 0.5778,
    "spectral_loss": 0.0
}
                              
Test Results: {
    "ci": 0.7173,
    "classification_loss": 0.0,
    "cluster_loss": 0.0,
    "mae": 0.8933,
    "mse": 1.4618,
    "multiclassification_loss": 0.0,
    "ortho_loss": 0.0,
    "pearson": 0.6002,
    "regression_loss": 1.4608,
    "rm2": 0.3508,
    "rmse": 1.2091,
    "sd": 1.191,
    "spearman": 0.6026,
    "spectral_loss": 0.0
}
                              
                              
----------------------------------------
Epoch 011 with LR 0.000100: Model Results
----------------------------------------
Train MSE Loss: 0.9588, Train CLS Loss: 0.0000, Train MCLS Loss: 0.0000
Protein Cluster Region Loss - Ortho Loss: 0.0000, Cluster Loss: 0.0000
                              
Validation Results: {
    "ci": 0.7141,
    "classification_loss": 0.0,
    "cluster_loss": 0.0,
    "mae": 0.97,
    "mse": 1.76,
    "multiclassification_loss": 0.0,
    "ortho_loss": 0.0,
    "pearson": 0.5761,
    "regression_loss": 1.7632,
    "rm2": 0.3094,
    "rmse": 1.3267,
    "sd": 1.3199,
    "spearman": 0.5919,
    "spectral_loss": 0.0
}
                              
Test Results: {
    "ci": 0.7192,
    "classification_loss": 0.0,
    "cluster_loss": 0.0,
    "mae": 0.8851,
    "mse": 1.3951,
    "multiclassification_loss": 0.0,
    "ortho_loss": 0.0,
    "pearson": 0.6118,
    "regression_loss": 1.3939,
    "rm2": 0.3705,
    "rmse": 1.1811,
    "sd": 1.1779,
    "spearman": 0.6081,
    "spectral_loss": 0.0
}
                              
                              
----------------------------------------
Epoch 012 with LR 0.000100: Model Results
----------------------------------------
Train MSE Loss: 0.9340, Train CLS Loss: 0.0000, Train MCLS Loss: 0.0000
Protein Cluster Region Loss - Ortho Loss: 0.0000, Cluster Loss: 0.0000
                              
Validation Results: {
    "ci": 0.7207,
    "classification_loss": 0.0,
    "cluster_loss": 0.0,
    "mae": 0.95,
    "mse": 1.7347,
    "multiclassification_loss": 0.0,
    "ortho_loss": 0.0,
    "pearson": 0.5845,
    "regression_loss": 1.7361,
    "rm2": 0.3198,
    "rmse": 1.3171,
    "sd": 1.3102,
    "spearman": 0.6065,
    "spectral_loss": 0.0
}
                              
Test Results: {
    "ci": 0.7249,
    "classification_loss": 0.0,
    "cluster_loss": 0.0,
    "mae": 0.8737,
    "mse": 1.3806,
    "multiclassification_loss": 0.0,
    "ortho_loss": 0.0,
    "pearson": 0.6175,
    "regression_loss": 1.3805,
    "rm2": 0.3754,
    "rmse": 1.175,
    "sd": 1.1713,
    "spearman": 0.6207,
    "spectral_loss": 0.0
}
                              
                              
----------------------------------------
Epoch 013 with LR 0.000100: Model Results
----------------------------------------
Train MSE Loss: 0.9021, Train CLS Loss: 0.0000, Train MCLS Loss: 0.0000
Protein Cluster Region Loss - Ortho Loss: 0.0000, Cluster Loss: 0.0000
                              
Validation Results: {
    "ci": 0.7223,
    "classification_loss": 0.0,
    "cluster_loss": 0.0,
    "mae": 0.9646,
    "mse": 1.7794,
    "multiclassification_loss": 0.0,
    "ortho_loss": 0.0,
    "pearson": 0.5956,
    "regression_loss": 1.7821,
    "rm2": 0.3532,
    "rmse": 1.3339,
    "sd": 1.2971,
    "spearman": 0.6135,
    "spectral_loss": 0.0
}
                              
Test Results: {
    "ci": 0.7249,
    "classification_loss": 0.0,
    "cluster_loss": 0.0,
    "mae": 0.8737,
    "mse": 1.3806,
    "multiclassification_loss": 0.0,
    "ortho_loss": 0.0,
    "pearson": 0.6175,
    "regression_loss": 1.3805,
    "rm2": 0.3754,
    "rmse": 1.175,
    "sd": 1.1713,
    "spearman": 0.6207,
    "spectral_loss": 0.0
}
                              
                              
----------------------------------------
Epoch 014 with LR 0.000100: Model Results
----------------------------------------
Train MSE Loss: 0.8844, Train CLS Loss: 0.0000, Train MCLS Loss: 0.0000
Protein Cluster Region Loss - Ortho Loss: 0.0000, Cluster Loss: 0.0000
                              
Validation Results: {
    "ci": 0.7145,
    "classification_loss": 0.0,
    "cluster_loss": 0.0,
    "mae": 0.9653,
    "mse": 1.8017,
    "multiclassification_loss": 0.0,
    "ortho_loss": 0.0,
    "pearson": 0.562,
    "regression_loss": 1.8049,
    "rm2": 0.3044,
    "rmse": 1.3423,
    "sd": 1.3356,
    "spearman": 0.591,
    "spectral_loss": 0.0
}
                              
Test Results: {
    "ci": 0.7249,
    "classification_loss": 0.0,
    "cluster_loss": 0.0,
    "mae": 0.8737,
    "mse": 1.3806,
    "multiclassification_loss": 0.0,
    "ortho_loss": 0.0,
    "pearson": 0.6175,
    "regression_loss": 1.3805,
    "rm2": 0.3754,
    "rmse": 1.175,
    "sd": 1.1713,
    "spearman": 0.6207,
    "spectral_loss": 0.0
}
                              
                              
----------------------------------------
Epoch 015 with LR 0.000100: Model Results
----------------------------------------
Train MSE Loss: 0.8631, Train CLS Loss: 0.0000, Train MCLS Loss: 0.0000
Protein Cluster Region Loss - Ortho Loss: 0.0000, Cluster Loss: 0.0000
                              
Validation Results: {
    "ci": 0.7175,
    "classification_loss": 0.0,
    "cluster_loss": 0.0,
    "mae": 0.9857,
    "mse": 1.8374,
    "multiclassification_loss": 0.0,
    "ortho_loss": 0.0,
    "pearson": 0.568,
    "regression_loss": 1.8392,
    "rm2": 0.2805,
    "rmse": 1.3555,
    "sd": 1.329,
    "spearman": 0.5972,
    "spectral_loss": 0.0
}
                              
Test Results: {
    "ci": 0.7249,
    "classification_loss": 0.0,
    "cluster_loss": 0.0,
    "mae": 0.8737,
    "mse": 1.3806,
    "multiclassification_loss": 0.0,
    "ortho_loss": 0.0,
    "pearson": 0.6175,
    "regression_loss": 1.3805,
    "rm2": 0.3754,
    "rmse": 1.175,
    "sd": 1.1713,
    "spearman": 0.6207,
    "spectral_loss": 0.0
}
                              
                              
----------------------------------------
Epoch 016 with LR 0.000100: Model Results
----------------------------------------
Train MSE Loss: 0.8419, Train CLS Loss: 0.0000, Train MCLS Loss: 0.0000
Protein Cluster Region Loss - Ortho Loss: 0.0000, Cluster Loss: 0.0000
                              
Validation Results: {
    "ci": 0.7233,
    "classification_loss": 0.0,
    "cluster_loss": 0.0,
    "mae": 0.9562,
    "mse": 1.7617,
    "multiclassification_loss": 0.0,
    "ortho_loss": 0.0,
    "pearson": 0.5883,
    "regression_loss": 1.7643,
    "rm2": 0.313,
    "rmse": 1.3273,
    "sd": 1.3057,
    "spearman": 0.6114,
    "spectral_loss": 0.0
}
                              
Test Results: {
    "ci": 0.7249,
    "classification_loss": 0.0,
    "cluster_loss": 0.0,
    "mae": 0.8737,
    "mse": 1.3806,
    "multiclassification_loss": 0.0,
    "ortho_loss": 0.0,
    "pearson": 0.6175,
    "regression_loss": 1.3805,
    "rm2": 0.3754,
    "rmse": 1.175,
    "sd": 1.1713,
    "spearman": 0.6207,
    "spectral_loss": 0.0
}
                              
                              
----------------------------------------
Epoch 017 with LR 0.000100: Model Results
----------------------------------------
Train MSE Loss: 0.8199, Train CLS Loss: 0.0000, Train MCLS Loss: 0.0000
Protein Cluster Region Loss - Ortho Loss: 0.0000, Cluster Loss: 0.0000
                              
Validation Results: {
    "ci": 0.7234,
    "classification_loss": 0.0,
    "cluster_loss": 0.0,
    "mae": 0.9353,
    "mse": 1.6854,
    "multiclassification_loss": 0.0,
    "ortho_loss": 0.0,
    "pearson": 0.5988,
    "regression_loss": 1.6896,
    "rm2": 0.3564,
    "rmse": 1.2982,
    "sd": 1.2932,
    "spearman": 0.6141,
    "spectral_loss": 0.0
}
                              
Test Results: {
    "ci": 0.7288,
    "classification_loss": 0.0,
    "cluster_loss": 0.0,
    "mae": 0.8621,
    "mse": 1.3944,
    "multiclassification_loss": 0.0,
    "ortho_loss": 0.0,
    "pearson": 0.627,
    "regression_loss": 1.3956,
    "rm2": 0.3655,
    "rmse": 1.1808,
    "sd": 1.16,
    "spearman": 0.628,
    "spectral_loss": 0.0
}
                              
                              
----------------------------------------
Epoch 018 with LR 0.000100: Model Results
----------------------------------------
Train MSE Loss: 0.8093, Train CLS Loss: 0.0000, Train MCLS Loss: 0.0000
Protein Cluster Region Loss - Ortho Loss: 0.0000, Cluster Loss: 0.0000
                              
Validation Results: {
    "ci": 0.7261,
    "classification_loss": 0.0,
    "cluster_loss": 0.0,
    "mae": 0.9362,
    "mse": 1.733,
    "multiclassification_loss": 0.0,
    "ortho_loss": 0.0,
    "pearson": 0.5919,
    "regression_loss": 1.7352,
    "rm2": 0.3233,
    "rmse": 1.3164,
    "sd": 1.3015,
    "spearman": 0.6181,
    "spectral_loss": 0.0
}
                              
Test Results: {
    "ci": 0.7288,
    "classification_loss": 0.0,
    "cluster_loss": 0.0,
    "mae": 0.8621,
    "mse": 1.3944,
    "multiclassification_loss": 0.0,
    "ortho_loss": 0.0,
    "pearson": 0.627,
    "regression_loss": 1.3956,
    "rm2": 0.3655,
    "rmse": 1.1808,
    "sd": 1.16,
    "spearman": 0.628,
    "spectral_loss": 0.0
}
                              
                              
----------------------------------------
Epoch 019 with LR 0.000100: Model Results
----------------------------------------
Train MSE Loss: 0.7938, Train CLS Loss: 0.0000, Train MCLS Loss: 0.0000
Protein Cluster Region Loss - Ortho Loss: 0.0000, Cluster Loss: 0.0000
                              
Validation Results: {
    "ci": 0.7166,
    "classification_loss": 0.0,
    "cluster_loss": 0.0,
    "mae": 0.9569,
    "mse": 1.8027,
    "multiclassification_loss": 0.0,
    "ortho_loss": 0.0,
    "pearson": 0.5759,
    "regression_loss": 1.8038,
    "rm2": 0.3173,
    "rmse": 1.3426,
    "sd": 1.3201,
    "spearman": 0.5927,
    "spectral_loss": 0.0
}
                              
Test Results: {
    "ci": 0.7288,
    "classification_loss": 0.0,
    "cluster_loss": 0.0,
    "mae": 0.8621,
    "mse": 1.3944,
    "multiclassification_loss": 0.0,
    "ortho_loss": 0.0,
    "pearson": 0.627,
    "regression_loss": 1.3956,
    "rm2": 0.3655,
    "rmse": 1.1808,
    "sd": 1.16,
    "spearman": 0.628,
    "spectral_loss": 0.0
}
                              
                              
----------------------------------------
Epoch 020 with LR 0.000100: Model Results
----------------------------------------
Train MSE Loss: 0.7841, Train CLS Loss: 0.0000, Train MCLS Loss: 0.0000
Protein Cluster Region Loss - Ortho Loss: 0.0000, Cluster Loss: 0.0000
                              
Validation Results: {
    "ci": 0.7223,
    "classification_loss": 0.0,
    "cluster_loss": 0.0,
    "mae": 0.9387,
    "mse": 1.7508,
    "multiclassification_loss": 0.0,
    "ortho_loss": 0.0,
    "pearson": 0.5822,
    "regression_loss": 1.7559,
    "rm2": 0.3338,
    "rmse": 1.3232,
    "sd": 1.3129,
    "spearman": 0.6072,
    "spectral_loss": 0.0
}
                              
Test Results: {
    "ci": 0.7288,
    "classification_loss": 0.0,
    "cluster_loss": 0.0,
    "mae": 0.8621,
    "mse": 1.3944,
    "multiclassification_loss": 0.0,
    "ortho_loss": 0.0,
    "pearson": 0.627,
    "regression_loss": 1.3956,
    "rm2": 0.3655,
    "rmse": 1.1808,
    "sd": 1.16,
    "spearman": 0.628,
    "spectral_loss": 0.0
}
                              
                              
----------------------------------------
Epoch 021 with LR 0.000100: Model Results
----------------------------------------
Train MSE Loss: 0.7667, Train CLS Loss: 0.0000, Train MCLS Loss: 0.0000
Protein Cluster Region Loss - Ortho Loss: 0.0000, Cluster Loss: 0.0000
                              
Validation Results: {
    "ci": 0.719,
    "classification_loss": 0.0,
    "cluster_loss": 0.0,
    "mae": 0.9471,
    "mse": 1.7763,
    "multiclassification_loss": 0.0,
    "ortho_loss": 0.0,
    "pearson": 0.5821,
    "regression_loss": 1.782,
    "rm2": 0.3186,
    "rmse": 1.3328,
    "sd": 1.313,
    "spearman": 0.5984,
    "spectral_loss": 0.0
}
                              
Test Results: {
    "ci": 0.7288,
    "classification_loss": 0.0,
    "cluster_loss": 0.0,
    "mae": 0.8621,
    "mse": 1.3944,
    "multiclassification_loss": 0.0,
    "ortho_loss": 0.0,
    "pearson": 0.627,
    "regression_loss": 1.3956,
    "rm2": 0.3655,
    "rmse": 1.1808,
    "sd": 1.16,
    "spearman": 0.628,
    "spectral_loss": 0.0
}
                              
                              
----------------------------------------
Epoch 022 with LR 0.000100: Model Results
----------------------------------------
Train MSE Loss: 0.7612, Train CLS Loss: 0.0000, Train MCLS Loss: 0.0000
Protein Cluster Region Loss - Ortho Loss: 0.0000, Cluster Loss: 0.0000
                              
Validation Results: {
    "ci": 0.7235,
    "classification_loss": 0.0,
    "cluster_loss": 0.0,
    "mae": 0.9404,
    "mse": 1.7597,
    "multiclassification_loss": 0.0,
    "ortho_loss": 0.0,
    "pearson": 0.5938,
    "regression_loss": 1.7624,
    "rm2": 0.3338,
    "rmse": 1.3265,
    "sd": 1.2992,
    "spearman": 0.6071,
    "spectral_loss": 0.0
}
                              
Test Results: {
    "ci": 0.7288,
    "classification_loss": 0.0,
    "cluster_loss": 0.0,
    "mae": 0.8621,
    "mse": 1.3944,
    "multiclassification_loss": 0.0,
    "ortho_loss": 0.0,
    "pearson": 0.627,
    "regression_loss": 1.3956,
    "rm2": 0.3655,
    "rmse": 1.1808,
    "sd": 1.16,
    "spearman": 0.628,
    "spectral_loss": 0.0
}
                              
                              
----------------------------------------
Epoch 023 with LR 0.000100: Model Results
----------------------------------------
Train MSE Loss: 0.7463, Train CLS Loss: 0.0000, Train MCLS Loss: 0.0000
Protein Cluster Region Loss - Ortho Loss: 0.0000, Cluster Loss: 0.0000
                              
Validation Results: {
    "ci": 0.7234,
    "classification_loss": 0.0,
    "cluster_loss": 0.0,
    "mae": 0.9381,
    "mse": 1.7764,
    "multiclassification_loss": 0.0,
    "ortho_loss": 0.0,
    "pearson": 0.5866,
    "regression_loss": 1.7788,
    "rm2": 0.3239,
    "rmse": 1.3328,
    "sd": 1.3077,
    "spearman": 0.6076,
    "spectral_loss": 0.0
}
                              
Test Results: {
    "ci": 0.7288,
    "classification_loss": 0.0,
    "cluster_loss": 0.0,
    "mae": 0.8621,
    "mse": 1.3944,
    "multiclassification_loss": 0.0,
    "ortho_loss": 0.0,
    "pearson": 0.627,
    "regression_loss": 1.3956,
    "rm2": 0.3655,
    "rmse": 1.1808,
    "sd": 1.16,
    "spearman": 0.628,
    "spectral_loss": 0.0
}
                              
                              
----------------------------------------
Epoch 024 with LR 0.000100: Model Results
----------------------------------------
Train MSE Loss: 0.7377, Train CLS Loss: 0.0000, Train MCLS Loss: 0.0000
Protein Cluster Region Loss - Ortho Loss: 0.0000, Cluster Loss: 0.0000
                              
Validation Results: {
    "ci": 0.7263,
    "classification_loss": 0.0,
    "cluster_loss": 0.0,
    "mae": 0.93,
    "mse": 1.7252,
    "multiclassification_loss": 0.0,
    "ortho_loss": 0.0,
    "pearson": 0.5952,
    "regression_loss": 1.7286,
    "rm2": 0.3531,
    "rmse": 1.3135,
    "sd": 1.2975,
    "spearman": 0.6157,
    "spectral_loss": 0.0
}
                              
Test Results: {
    "ci": 0.7288,
    "classification_loss": 0.0,
    "cluster_loss": 0.0,
    "mae": 0.8621,
    "mse": 1.3944,
    "multiclassification_loss": 0.0,
    "ortho_loss": 0.0,
    "pearson": 0.627,
    "regression_loss": 1.3956,
    "rm2": 0.3655,
    "rmse": 1.1808,
    "sd": 1.16,
    "spearman": 0.628,
    "spectral_loss": 0.0
}
                              
                              
----------------------------------------
Epoch 025 with LR 0.000100: Model Results
----------------------------------------
Train MSE Loss: 0.7274, Train CLS Loss: 0.0000, Train MCLS Loss: 0.0000
Protein Cluster Region Loss - Ortho Loss: 0.0000, Cluster Loss: 0.0000
                              
Validation Results: {
    "ci": 0.7255,
    "classification_loss": 0.0,
    "cluster_loss": 0.0,
    "mae": 0.9284,
    "mse": 1.7352,
    "multiclassification_loss": 0.0,
    "ortho_loss": 0.0,
    "pearson": 0.5899,
    "regression_loss": 1.7387,
    "rm2": 0.3393,
    "rmse": 1.3173,
    "sd": 1.3039,
    "spearman": 0.6116,
    "spectral_loss": 0.0
}
                              
Test Results: {
    "ci": 0.7288,
    "classification_loss": 0.0,
    "cluster_loss": 0.0,
    "mae": 0.8621,
    "mse": 1.3944,
    "multiclassification_loss": 0.0,
    "ortho_loss": 0.0,
    "pearson": 0.627,
    "regression_loss": 1.3956,
    "rm2": 0.3655,
    "rmse": 1.1808,
    "sd": 1.16,
    "spearman": 0.628,
    "spectral_loss": 0.0
}
                              
                              
----------------------------------------
Epoch 026 with LR 0.000100: Model Results
----------------------------------------
Train MSE Loss: 0.6538, Train CLS Loss: 0.0000, Train MCLS Loss: 0.0000
Protein Cluster Region Loss - Ortho Loss: 0.0000, Cluster Loss: 0.0000
                              
Validation Results: {
    "ci": 0.7249,
    "classification_loss": 0.0,
    "cluster_loss": 0.0,
    "mae": 0.9418,
    "mse": 1.8033,
    "multiclassification_loss": 0.0,
    "ortho_loss": 0.0,
    "pearson": 0.5835,
    "regression_loss": 1.8044,
    "rm2": 0.3028,
    "rmse": 1.3429,
    "sd": 1.3114,
    "spearman": 0.6084,
    "spectral_loss": 0.0
}
                              
Test Results: {
    "ci": 0.7288,
    "classification_loss": 0.0,
    "cluster_loss": 0.0,
    "mae": 0.8621,
    "mse": 1.3944,
    "multiclassification_loss": 0.0,
    "ortho_loss": 0.0,
    "pearson": 0.627,
    "regression_loss": 1.3956,
    "rm2": 0.3655,
    "rmse": 1.1808,
    "sd": 1.16,
    "spearman": 0.628,
    "spectral_loss": 0.0
}
                              
                              
----------------------------------------
Epoch 027 with LR 0.000100: Model Results
----------------------------------------
Train MSE Loss: 0.5916, Train CLS Loss: 0.0000, Train MCLS Loss: 0.0000
Protein Cluster Region Loss - Ortho Loss: 0.0000, Cluster Loss: 0.0000
                              
Validation Results: {
    "ci": 0.7281,
    "classification_loss": 0.0,
    "cluster_loss": 0.0,
    "mae": 0.9234,
    "mse": 1.7781,
    "multiclassification_loss": 0.0,
    "ortho_loss": 0.0,
    "pearson": 0.5899,
    "regression_loss": 1.7792,
    "rm2": 0.3194,
    "rmse": 1.3334,
    "sd": 1.3039,
    "spearman": 0.6146,
    "spectral_loss": 0.0
}
                              
Test Results: {
    "ci": 0.7288,
    "classification_loss": 0.0,
    "cluster_loss": 0.0,
    "mae": 0.8621,
    "mse": 1.3944,
    "multiclassification_loss": 0.0,
    "ortho_loss": 0.0,
    "pearson": 0.627,
    "regression_loss": 1.3956,
    "rm2": 0.3655,
    "rmse": 1.1808,
    "sd": 1.16,
    "spearman": 0.628,
    "spectral_loss": 0.0
}
                              
                              
----------------------------------------
Epoch 028 with LR 0.000100: Model Results
----------------------------------------
Train MSE Loss: 0.5735, Train CLS Loss: 0.0000, Train MCLS Loss: 0.0000
Protein Cluster Region Loss - Ortho Loss: 0.0000, Cluster Loss: 0.0000
                              
Validation Results: {
    "ci": 0.7294,
    "classification_loss": 0.0,
    "cluster_loss": 0.0,
    "mae": 0.919,
    "mse": 1.7663,
    "multiclassification_loss": 0.0,
    "ortho_loss": 0.0,
    "pearson": 0.5923,
    "regression_loss": 1.7683,
    "rm2": 0.3292,
    "rmse": 1.329,
    "sd": 1.301,
    "spearman": 0.6181,
    "spectral_loss": 0.0
}
                              
Test Results: {
    "ci": 0.7288,
    "classification_loss": 0.0,
    "cluster_loss": 0.0,
    "mae": 0.8621,
    "mse": 1.3944,
    "multiclassification_loss": 0.0,
    "ortho_loss": 0.0,
    "pearson": 0.627,
    "regression_loss": 1.3956,
    "rm2": 0.3655,
    "rmse": 1.1808,
    "sd": 1.16,
    "spearman": 0.628,
    "spectral_loss": 0.0
}
                              
                              
----------------------------------------
Epoch 029 with LR 0.000100: Model Results
----------------------------------------
Train MSE Loss: 0.5637, Train CLS Loss: 0.0000, Train MCLS Loss: 0.0000
Protein Cluster Region Loss - Ortho Loss: 0.0000, Cluster Loss: 0.0000
                              
Validation Results: {
    "ci": 0.7274,
    "classification_loss": 0.0,
    "cluster_loss": 0.0,
    "mae": 0.9251,
    "mse": 1.7894,
    "multiclassification_loss": 0.0,
    "ortho_loss": 0.0,
    "pearson": 0.5883,
    "regression_loss": 1.7904,
    "rm2": 0.3171,
    "rmse": 1.3377,
    "sd": 1.3057,
    "spearman": 0.6129,
    "spectral_loss": 0.0
}
                              
Test Results: {
    "ci": 0.7288,
    "classification_loss": 0.0,
    "cluster_loss": 0.0,
    "mae": 0.8621,
    "mse": 1.3944,
    "multiclassification_loss": 0.0,
    "ortho_loss": 0.0,
    "pearson": 0.627,
    "regression_loss": 1.3956,
    "rm2": 0.3655,
    "rmse": 1.1808,
    "sd": 1.16,
    "spearman": 0.628,
    "spectral_loss": 0.0
}
                              
                              
----------------------------------------
Epoch 030 with LR 0.000100: Model Results
----------------------------------------
Train MSE Loss: 0.5558, Train CLS Loss: 0.0000, Train MCLS Loss: 0.0000
Protein Cluster Region Loss - Ortho Loss: 0.0000, Cluster Loss: 0.0000
                              
Validation Results: {
    "ci": 0.7296,
    "classification_loss": 0.0,
    "cluster_loss": 0.0,
    "mae": 0.9223,
    "mse": 1.7781,
    "multiclassification_loss": 0.0,
    "ortho_loss": 0.0,
    "pearson": 0.5942,
    "regression_loss": 1.7789,
    "rm2": 0.3191,
    "rmse": 1.3334,
    "sd": 1.2987,
    "spearman": 0.618,
    "spectral_loss": 0.0
}
                              
Test Results: {
    "ci": 0.7288,
    "classification_loss": 0.0,
    "cluster_loss": 0.0,
    "mae": 0.8621,
    "mse": 1.3944,
    "multiclassification_loss": 0.0,
    "ortho_loss": 0.0,
    "pearson": 0.627,
    "regression_loss": 1.3956,
    "rm2": 0.3655,
    "rmse": 1.1808,
    "sd": 1.16,
    "spearman": 0.628,
    "spectral_loss": 0.0
}
                              
                              
----------------------------------------
Epoch 031 with LR 0.000100: Model Results
----------------------------------------
Train MSE Loss: 0.5497, Train CLS Loss: 0.0000, Train MCLS Loss: 0.0000
Protein Cluster Region Loss - Ortho Loss: 0.0000, Cluster Loss: 0.0000
                              
Validation Results: {
    "ci": 0.7291,
    "classification_loss": 0.0,
    "cluster_loss": 0.0,
    "mae": 0.922,
    "mse": 1.7974,
    "multiclassification_loss": 0.0,
    "ortho_loss": 0.0,
    "pearson": 0.5899,
    "regression_loss": 1.7991,
    "rm2": 0.3202,
    "rmse": 1.3407,
    "sd": 1.3039,
    "spearman": 0.6163,
    "spectral_loss": 0.0
}
                              
Test Results: {
    "ci": 0.7288,
    "classification_loss": 0.0,
    "cluster_loss": 0.0,
    "mae": 0.8621,
    "mse": 1.3944,
    "multiclassification_loss": 0.0,
    "ortho_loss": 0.0,
    "pearson": 0.627,
    "regression_loss": 1.3956,
    "rm2": 0.3655,
    "rmse": 1.1808,
    "sd": 1.16,
    "spearman": 0.628,
    "spectral_loss": 0.0
}
                              
                              
----------------------------------------
Epoch 032 with LR 0.000100: Model Results
----------------------------------------
Train MSE Loss: 0.5416, Train CLS Loss: 0.0000, Train MCLS Loss: 0.0000
Protein Cluster Region Loss - Ortho Loss: 0.0000, Cluster Loss: 0.0000
                              
Validation Results: {
    "ci": 0.7288,
    "classification_loss": 0.0,
    "cluster_loss": 0.0,
    "mae": 0.922,
    "mse": 1.7939,
    "multiclassification_loss": 0.0,
    "ortho_loss": 0.0,
    "pearson": 0.5891,
    "regression_loss": 1.7956,
    "rm2": 0.3225,
    "rmse": 1.3394,
    "sd": 1.3048,
    "spearman": 0.6158,
    "spectral_loss": 0.0
}
                              
Test Results: {
    "ci": 0.7288,
    "classification_loss": 0.0,
    "cluster_loss": 0.0,
    "mae": 0.8621,
    "mse": 1.3944,
    "multiclassification_loss": 0.0,
    "ortho_loss": 0.0,
    "pearson": 0.627,
    "regression_loss": 1.3956,
    "rm2": 0.3655,
    "rmse": 1.1808,
    "sd": 1.16,
    "spearman": 0.628,
    "spectral_loss": 0.0
}
                              
                              
----------------------------------------
Epoch 033 with LR 0.000100: Model Results
----------------------------------------
Train MSE Loss: 0.5382, Train CLS Loss: 0.0000, Train MCLS Loss: 0.0000
Protein Cluster Region Loss - Ortho Loss: 0.0000, Cluster Loss: 0.0000
                              
Validation Results: {
    "ci": 0.7312,
    "classification_loss": 0.0,
    "cluster_loss": 0.0,
    "mae": 0.9166,
    "mse": 1.7667,
    "multiclassification_loss": 0.0,
    "ortho_loss": 0.0,
    "pearson": 0.5977,
    "regression_loss": 1.7686,
    "rm2": 0.3366,
    "rmse": 1.3292,
    "sd": 1.2946,
    "spearman": 0.6217,
    "spectral_loss": 0.0
}
                              
Test Results: {
    "ci": 0.7288,
    "classification_loss": 0.0,
    "cluster_loss": 0.0,
    "mae": 0.8621,
    "mse": 1.3944,
    "multiclassification_loss": 0.0,
    "ortho_loss": 0.0,
    "pearson": 0.627,
    "regression_loss": 1.3956,
    "rm2": 0.3655,
    "rmse": 1.1808,
    "sd": 1.16,
    "spearman": 0.628,
    "spectral_loss": 0.0
}
                              
                              
----------------------------------------
Epoch 034 with LR 0.000100: Model Results
----------------------------------------
Train MSE Loss: 0.5323, Train CLS Loss: 0.0000, Train MCLS Loss: 0.0000
Protein Cluster Region Loss - Ortho Loss: 0.0000, Cluster Loss: 0.0000
                              
Validation Results: {
    "ci": 0.7294,
    "classification_loss": 0.0,
    "cluster_loss": 0.0,
    "mae": 0.9201,
    "mse": 1.7849,
    "multiclassification_loss": 0.0,
    "ortho_loss": 0.0,
    "pearson": 0.5942,
    "regression_loss": 1.7869,
    "rm2": 0.3257,
    "rmse": 1.336,
    "sd": 1.2988,
    "spearman": 0.6169,
    "spectral_loss": 0.0
}
                              
Test Results: {
    "ci": 0.7288,
    "classification_loss": 0.0,
    "cluster_loss": 0.0,
    "mae": 0.8621,
    "mse": 1.3944,
    "multiclassification_loss": 0.0,
    "ortho_loss": 0.0,
    "pearson": 0.627,
    "regression_loss": 1.3956,
    "rm2": 0.3655,
    "rmse": 1.1808,
    "sd": 1.16,
    "spearman": 0.628,
    "spectral_loss": 0.0
}
                              
                              
----------------------------------------
Epoch 035 with LR 0.000100: Model Results
----------------------------------------
Train MSE Loss: 0.5255, Train CLS Loss: 0.0000, Train MCLS Loss: 0.0000
Protein Cluster Region Loss - Ortho Loss: 0.0000, Cluster Loss: 0.0000
                              
Validation Results: {
    "ci": 0.7292,
    "classification_loss": 0.0,
    "cluster_loss": 0.0,
    "mae": 0.9183,
    "mse": 1.774,
    "multiclassification_loss": 0.0,
    "ortho_loss": 0.0,
    "pearson": 0.5919,
    "regression_loss": 1.7758,
    "rm2": 0.3244,
    "rmse": 1.3319,
    "sd": 1.3015,
    "spearman": 0.617,
    "spectral_loss": 0.0
}
                              
Test Results: {
    "ci": 0.7288,
    "classification_loss": 0.0,
    "cluster_loss": 0.0,
    "mae": 0.8621,
    "mse": 1.3944,
    "multiclassification_loss": 0.0,
    "ortho_loss": 0.0,
    "pearson": 0.627,
    "regression_loss": 1.3956,
    "rm2": 0.3655,
    "rmse": 1.1808,
    "sd": 1.16,
    "spearman": 0.628,
    "spectral_loss": 0.0
}
                              
                              
----------------------------------------
Epoch 036 with LR 0.000100: Model Results
----------------------------------------
Train MSE Loss: 0.5208, Train CLS Loss: 0.0000, Train MCLS Loss: 0.0000
Protein Cluster Region Loss - Ortho Loss: 0.0000, Cluster Loss: 0.0000
                              
Validation Results: {
    "ci": 0.7292,
    "classification_loss": 0.0,
    "cluster_loss": 0.0,
    "mae": 0.9192,
    "mse": 1.7782,
    "multiclassification_loss": 0.0,
    "ortho_loss": 0.0,
    "pearson": 0.5933,
    "regression_loss": 1.7802,
    "rm2": 0.3255,
    "rmse": 1.3335,
    "sd": 1.2998,
    "spearman": 0.6165,
    "spectral_loss": 0.0
}
                              
Test Results: {
    "ci": 0.7288,
    "classification_loss": 0.0,
    "cluster_loss": 0.0,
    "mae": 0.8621,
    "mse": 1.3944,
    "multiclassification_loss": 0.0,
    "ortho_loss": 0.0,
    "pearson": 0.627,
    "regression_loss": 1.3956,
    "rm2": 0.3655,
    "rmse": 1.1808,
    "sd": 1.16,
    "spearman": 0.628,
    "spectral_loss": 0.0
}
                              
                              
----------------------------------------
Epoch 037 with LR 0.000100: Model Results
----------------------------------------
Train MSE Loss: 0.5139, Train CLS Loss: 0.0000, Train MCLS Loss: 0.0000
Protein Cluster Region Loss - Ortho Loss: 0.0000, Cluster Loss: 0.0000
                              
Validation Results: {
    "ci": 0.7289,
    "classification_loss": 0.0,
    "cluster_loss": 0.0,
    "mae": 0.9222,
    "mse": 1.7901,
    "multiclassification_loss": 0.0,
    "ortho_loss": 0.0,
    "pearson": 0.5931,
    "regression_loss": 1.7924,
    "rm2": 0.3263,
    "rmse": 1.3379,
    "sd": 1.3001,
    "spearman": 0.6158,
    "spectral_loss": 0.0
}
                              
Test Results: {
    "ci": 0.7288,
    "classification_loss": 0.0,
    "cluster_loss": 0.0,
    "mae": 0.8621,
    "mse": 1.3944,
    "multiclassification_loss": 0.0,
    "ortho_loss": 0.0,
    "pearson": 0.627,
    "regression_loss": 1.3956,
    "rm2": 0.3655,
    "rmse": 1.1808,
    "sd": 1.16,
    "spearman": 0.628,
    "spectral_loss": 0.0
}
                              
                              
----------------------------------------
Epoch 038 with LR 0.000100: Model Results
----------------------------------------
Train MSE Loss: 0.5087, Train CLS Loss: 0.0000, Train MCLS Loss: 0.0000
Protein Cluster Region Loss - Ortho Loss: 0.0000, Cluster Loss: 0.0000
                              
Validation Results: {
    "ci": 0.7296,
    "classification_loss": 0.0,
    "cluster_loss": 0.0,
    "mae": 0.9175,
    "mse": 1.7874,
    "multiclassification_loss": 0.0,
    "ortho_loss": 0.0,
    "pearson": 0.592,
    "regression_loss": 1.7888,
    "rm2": 0.3222,
    "rmse": 1.3369,
    "sd": 1.3014,
    "spearman": 0.6166,
    "spectral_loss": 0.0
}
                              
Test Results: {
    "ci": 0.7288,
    "classification_loss": 0.0,
    "cluster_loss": 0.0,
    "mae": 0.8621,
    "mse": 1.3944,
    "multiclassification_loss": 0.0,
    "ortho_loss": 0.0,
    "pearson": 0.627,
    "regression_loss": 1.3956,
    "rm2": 0.3655,
    "rmse": 1.1808,
    "sd": 1.16,
    "spearman": 0.628,
    "spectral_loss": 0.0
}
                              
                              
----------------------------------------
Epoch 039 with LR 0.000100: Model Results
----------------------------------------
Train MSE Loss: 0.5034, Train CLS Loss: 0.0000, Train MCLS Loss: 0.0000
Protein Cluster Region Loss - Ortho Loss: 0.0000, Cluster Loss: 0.0000
                              
Validation Results: {
    "ci": 0.73,
    "classification_loss": 0.0,
    "cluster_loss": 0.0,
    "mae": 0.9183,
    "mse": 1.7854,
    "multiclassification_loss": 0.0,
    "ortho_loss": 0.0,
    "pearson": 0.594,
    "regression_loss": 1.7884,
    "rm2": 0.3239,
    "rmse": 1.3362,
    "sd": 1.299,
    "spearman": 0.6174,
    "spectral_loss": 0.0
}
                              
Test Results: {
    "ci": 0.7288,
    "classification_loss": 0.0,
    "cluster_loss": 0.0,
    "mae": 0.8621,
    "mse": 1.3944,
    "multiclassification_loss": 0.0,
    "ortho_loss": 0.0,
    "pearson": 0.627,
    "regression_loss": 1.3956,
    "rm2": 0.3655,
    "rmse": 1.1808,
    "sd": 1.16,
    "spearman": 0.628,
    "spectral_loss": 0.0
}
                              
                              
----------------------------------------
Epoch 040 with LR 0.000100: Model Results
----------------------------------------
Train MSE Loss: 0.4990, Train CLS Loss: 0.0000, Train MCLS Loss: 0.0000
Protein Cluster Region Loss - Ortho Loss: 0.0000, Cluster Loss: 0.0000
                              
Validation Results: {
    "ci": 0.7301,
    "classification_loss": 0.0,
    "cluster_loss": 0.0,
    "mae": 0.9161,
    "mse": 1.7857,
    "multiclassification_loss": 0.0,
    "ortho_loss": 0.0,
    "pearson": 0.5919,
    "regression_loss": 1.7877,
    "rm2": 0.3247,
    "rmse": 1.3363,
    "sd": 1.3016,
    "spearman": 0.6176,
    "spectral_loss": 0.0
}
                              
Test Results: {
    "ci": 0.7288,
    "classification_loss": 0.0,
    "cluster_loss": 0.0,
    "mae": 0.8621,
    "mse": 1.3944,
    "multiclassification_loss": 0.0,
    "ortho_loss": 0.0,
    "pearson": 0.627,
    "regression_loss": 1.3956,
    "rm2": 0.3655,
    "rmse": 1.1808,
    "sd": 1.16,
    "spearman": 0.628,
    "spectral_loss": 0.0
}
                              
                              
----------------------------------------
Epoch 041 with LR 0.000100: Model Results
----------------------------------------
Train MSE Loss: 0.4932, Train CLS Loss: 0.0000, Train MCLS Loss: 0.0000
Protein Cluster Region Loss - Ortho Loss: 0.0000, Cluster Loss: 0.0000
                              
Validation Results: {
    "ci": 0.7293,
    "classification_loss": 0.0,
    "cluster_loss": 0.0,
    "mae": 0.92,
    "mse": 1.7973,
    "multiclassification_loss": 0.0,
    "ortho_loss": 0.0,
    "pearson": 0.5913,
    "regression_loss": 1.7994,
    "rm2": 0.3223,
    "rmse": 1.3406,
    "sd": 1.3022,
    "spearman": 0.6163,
    "spectral_loss": 0.0
}
                              
Test Results: {
    "ci": 0.7288,
    "classification_loss": 0.0,
    "cluster_loss": 0.0,
    "mae": 0.8621,
    "mse": 1.3944,
    "multiclassification_loss": 0.0,
    "ortho_loss": 0.0,
    "pearson": 0.627,
    "regression_loss": 1.3956,
    "rm2": 0.3655,
    "rmse": 1.1808,
    "sd": 1.16,
    "spearman": 0.628,
    "spectral_loss": 0.0
}
                              
                              
----------------------------------------
Epoch 042 with LR 0.000100: Model Results
----------------------------------------
Train MSE Loss: 0.4894, Train CLS Loss: 0.0000, Train MCLS Loss: 0.0000
Protein Cluster Region Loss - Ortho Loss: 0.0000, Cluster Loss: 0.0000
                              
Validation Results: {
    "ci": 0.728,
    "classification_loss": 0.0,
    "cluster_loss": 0.0,
    "mae": 0.9283,
    "mse": 1.8324,
    "multiclassification_loss": 0.0,
    "ortho_loss": 0.0,
    "pearson": 0.5879,
    "regression_loss": 1.8343,
    "rm2": 0.3152,
    "rmse": 1.3537,
    "sd": 1.3062,
    "spearman": 0.6126,
    "spectral_loss": 0.0
}
                              
Test Results: {
    "ci": 0.7288,
    "classification_loss": 0.0,
    "cluster_loss": 0.0,
    "mae": 0.8621,
    "mse": 1.3944,
    "multiclassification_loss": 0.0,
    "ortho_loss": 0.0,
    "pearson": 0.627,
    "regression_loss": 1.3956,
    "rm2": 0.3655,
    "rmse": 1.1808,
    "sd": 1.16,
    "spearman": 0.628,
    "spectral_loss": 0.0
}
                              
                              
----------------------------------------
Epoch 043 with LR 0.000100: Model Results
----------------------------------------
Train MSE Loss: 0.4840, Train CLS Loss: 0.0000, Train MCLS Loss: 0.0000
Protein Cluster Region Loss - Ortho Loss: 0.0000, Cluster Loss: 0.0000
                              
Validation Results: {
    "ci": 0.7281,
    "classification_loss": 0.0,
    "cluster_loss": 0.0,
    "mae": 0.9184,
    "mse": 1.7971,
    "multiclassification_loss": 0.0,
    "ortho_loss": 0.0,
    "pearson": 0.5856,
    "regression_loss": 1.7999,
    "rm2": 0.3208,
    "rmse": 1.3405,
    "sd": 1.3089,
    "spearman": 0.6128,
    "spectral_loss": 0.0
}
                              
Test Results: {
    "ci": 0.7288,
    "classification_loss": 0.0,
    "cluster_loss": 0.0,
    "mae": 0.8621,
    "mse": 1.3944,
    "multiclassification_loss": 0.0,
    "ortho_loss": 0.0,
    "pearson": 0.627,
    "regression_loss": 1.3956,
    "rm2": 0.3655,
    "rmse": 1.1808,
    "sd": 1.16,
    "spearman": 0.628,
    "spectral_loss": 0.0
}
                              
                              
----------------------------------------
Epoch 044 with LR 0.000100: Model Results
----------------------------------------
Train MSE Loss: 0.4784, Train CLS Loss: 0.0000, Train MCLS Loss: 0.0000
Protein Cluster Region Loss - Ortho Loss: 0.0000, Cluster Loss: 0.0000
                              
Validation Results: {
    "ci": 0.7304,
    "classification_loss": 0.0,
    "cluster_loss": 0.0,
    "mae": 0.9182,
    "mse": 1.7998,
    "multiclassification_loss": 0.0,
    "ortho_loss": 0.0,
    "pearson": 0.5912,
    "regression_loss": 1.8011,
    "rm2": 0.3251,
    "rmse": 1.3416,
    "sd": 1.3023,
    "spearman": 0.6181,
    "spectral_loss": 0.0
}
                              
Test Results: {
    "ci": 0.7288,
    "classification_loss": 0.0,
    "cluster_loss": 0.0,
    "mae": 0.8621,
    "mse": 1.3944,
    "multiclassification_loss": 0.0,
    "ortho_loss": 0.0,
    "pearson": 0.627,
    "regression_loss": 1.3956,
    "rm2": 0.3655,
    "rmse": 1.1808,
    "sd": 1.16,
    "spearman": 0.628,
    "spectral_loss": 0.0
}
                              
                              
----------------------------------------
Epoch 045 with LR 0.000100: Model Results
----------------------------------------
Train MSE Loss: 0.4760, Train CLS Loss: 0.0000, Train MCLS Loss: 0.0000
Protein Cluster Region Loss - Ortho Loss: 0.0000, Cluster Loss: 0.0000
                              
Validation Results: {
    "ci": 0.7274,
    "classification_loss": 0.0,
    "cluster_loss": 0.0,
    "mae": 0.9248,
    "mse": 1.8069,
    "multiclassification_loss": 0.0,
    "ortho_loss": 0.0,
    "pearson": 0.5885,
    "regression_loss": 1.8087,
    "rm2": 0.3132,
    "rmse": 1.3442,
    "sd": 1.3055,
    "spearman": 0.6117,
    "spectral_loss": 0.0
}
                              
Test Results: {
    "ci": 0.7288,
    "classification_loss": 0.0,
    "cluster_loss": 0.0,
    "mae": 0.8621,
    "mse": 1.3944,
    "multiclassification_loss": 0.0,
    "ortho_loss": 0.0,
    "pearson": 0.627,
    "regression_loss": 1.3956,
    "rm2": 0.3655,
    "rmse": 1.1808,
    "sd": 1.16,
    "spearman": 0.628,
    "spectral_loss": 0.0
}
                              
                              
----------------------------------------
Epoch 046 with LR 0.000100: Model Results
----------------------------------------
Train MSE Loss: 0.4691, Train CLS Loss: 0.0000, Train MCLS Loss: 0.0000
Protein Cluster Region Loss - Ortho Loss: 0.0000, Cluster Loss: 0.0000
                              
Validation Results: {
    "ci": 0.7303,
    "classification_loss": 0.0,
    "cluster_loss": 0.0,
    "mae": 0.9176,
    "mse": 1.7934,
    "multiclassification_loss": 0.0,
    "ortho_loss": 0.0,
    "pearson": 0.5936,
    "regression_loss": 1.7942,
    "rm2": 0.3251,
    "rmse": 1.3392,
    "sd": 1.2995,
    "spearman": 0.6177,
    "spectral_loss": 0.0
}
                              
Test Results: {
    "ci": 0.7288,
    "classification_loss": 0.0,
    "cluster_loss": 0.0,
    "mae": 0.8621,
    "mse": 1.3944,
    "multiclassification_loss": 0.0,
    "ortho_loss": 0.0,
    "pearson": 0.627,
    "regression_loss": 1.3956,
    "rm2": 0.3655,
    "rmse": 1.1808,
    "sd": 1.16,
    "spearman": 0.628,
    "spectral_loss": 0.0
}
                              
                              
----------------------------------------
Epoch 047 with LR 0.000100: Model Results
----------------------------------------
Train MSE Loss: 0.4660, Train CLS Loss: 0.0000, Train MCLS Loss: 0.0000
Protein Cluster Region Loss - Ortho Loss: 0.0000, Cluster Loss: 0.0000
                              
Validation Results: {
    "ci": 0.7283,
    "classification_loss": 0.0,
    "cluster_loss": 0.0,
    "mae": 0.923,
    "mse": 1.8148,
    "multiclassification_loss": 0.0,
    "ortho_loss": 0.0,
    "pearson": 0.5875,
    "regression_loss": 1.816,
    "rm2": 0.3179,
    "rmse": 1.3472,
    "sd": 1.3067,
    "spearman": 0.6132,
    "spectral_loss": 0.0
}
                              
Test Results: {
    "ci": 0.7288,
    "classification_loss": 0.0,
    "cluster_loss": 0.0,
    "mae": 0.8621,
    "mse": 1.3944,
    "multiclassification_loss": 0.0,
    "ortho_loss": 0.0,
    "pearson": 0.627,
    "regression_loss": 1.3956,
    "rm2": 0.3655,
    "rmse": 1.1808,
    "sd": 1.16,
    "spearman": 0.628,
    "spectral_loss": 0.0
}
                              
                              
----------------------------------------
Epoch 048 with LR 0.000100: Model Results
----------------------------------------
Train MSE Loss: 0.4577, Train CLS Loss: 0.0000, Train MCLS Loss: 0.0000
Protein Cluster Region Loss - Ortho Loss: 0.0000, Cluster Loss: 0.0000
                              
Validation Results: {
    "ci": 0.7273,
    "classification_loss": 0.0,
    "cluster_loss": 0.0,
    "mae": 0.9266,
    "mse": 1.82,
    "multiclassification_loss": 0.0,
    "ortho_loss": 0.0,
    "pearson": 0.5884,
    "regression_loss": 1.8208,
    "rm2": 0.3131,
    "rmse": 1.3491,
    "sd": 1.3056,
    "spearman": 0.6111,
    "spectral_loss": 0.0
}
                              
Test Results: {
    "ci": 0.7288,
    "classification_loss": 0.0,
    "cluster_loss": 0.0,
    "mae": 0.8621,
    "mse": 1.3944,
    "multiclassification_loss": 0.0,
    "ortho_loss": 0.0,
    "pearson": 0.627,
    "regression_loss": 1.3956,
    "rm2": 0.3655,
    "rmse": 1.1808,
    "sd": 1.16,
    "spearman": 0.628,
    "spectral_loss": 0.0
}
                              
                              
----------------------------------------
Epoch 049 with LR 0.000100: Model Results
----------------------------------------
Train MSE Loss: 0.4554, Train CLS Loss: 0.0000, Train MCLS Loss: 0.0000
Protein Cluster Region Loss - Ortho Loss: 0.0000, Cluster Loss: 0.0000
                              
Validation Results: {
    "ci": 0.7302,
    "classification_loss": 0.0,
    "cluster_loss": 0.0,
    "mae": 0.9217,
    "mse": 1.8071,
    "multiclassification_loss": 0.0,
    "ortho_loss": 0.0,
    "pearson": 0.5925,
    "regression_loss": 1.8083,
    "rm2": 0.321,
    "rmse": 1.3443,
    "sd": 1.3008,
    "spearman": 0.6179,
    "spectral_loss": 0.0
}
                              
Test Results: {
    "ci": 0.7288,
    "classification_loss": 0.0,
    "cluster_loss": 0.0,
    "mae": 0.8621,
    "mse": 1.3944,
    "multiclassification_loss": 0.0,
    "ortho_loss": 0.0,
    "pearson": 0.627,
    "regression_loss": 1.3956,
    "rm2": 0.3655,
    "rmse": 1.1808,
    "sd": 1.16,
    "spearman": 0.628,
    "spectral_loss": 0.0
}
                              
                              
----------------------------------------
Epoch 050 with LR 0.000100: Model Results
----------------------------------------
Train MSE Loss: 0.4500, Train CLS Loss: 0.0000, Train MCLS Loss: 0.0000
Protein Cluster Region Loss - Ortho Loss: 0.0000, Cluster Loss: 0.0000
                              
Validation Results: {
    "ci": 0.728,
    "classification_loss": 0.0,
    "cluster_loss": 0.0,
    "mae": 0.9242,
    "mse": 1.8194,
    "multiclassification_loss": 0.0,
    "ortho_loss": 0.0,
    "pearson": 0.5866,
    "regression_loss": 1.8219,
    "rm2": 0.3155,
    "rmse": 1.3488,
    "sd": 1.3077,
    "spearman": 0.6127,
    "spectral_loss": 0.0
}
                              
Test Results: {
    "ci": 0.7288,
    "classification_loss": 0.0,
    "cluster_loss": 0.0,
    "mae": 0.8621,
    "mse": 1.3944,
    "multiclassification_loss": 0.0,
    "ortho_loss": 0.0,
    "pearson": 0.627,
    "regression_loss": 1.3956,
    "rm2": 0.3655,
    "rmse": 1.1808,
    "sd": 1.16,
    "spearman": 0.628,
    "spectral_loss": 0.0
}
[SWA] discarding averaged weights: rmse=1.3344346008569448 vs best per-epoch 1.2982
[best epoch] epoch=17, best_rmse=1.2982, lr_at_best=1.000e-04
                              
                              
----------------------------------------
Epoch 050 with LR 0.000100: Model Results
----------------------------------------
Train MSE Loss: 0.4500, Train CLS Loss: 0.0000, Train MCLS Loss: 0.0000
Protein Cluster Region Loss - Ortho Loss: 0.0000, Cluster Loss: 0.0000
                              
Validation Results: {
    "ci": 0.728,
    "classification_loss": 0.0,
    "cluster_loss": 0.0,
    "mae": 0.9242,
    "mse": 1.8194,
    "multiclassification_loss": 0.0,
    "ortho_loss": 0.0,
    "pearson": 0.5866,
    "regression_loss": 1.8219,
    "rm2": 0.3155,
    "rmse": 1.3488,
    "sd": 1.3077,
    "spearman": 0.6127,
    "spectral_loss": 0.0
}
                              
Test Results: {
    "ci": 0.7288,
    "classification_loss": 0.0,
    "cluster_loss": 0.0,
    "mae": 0.8621,
    "mse": 1.3944,
    "multiclassification_loss": 0.0,
    "ortho_loss": 0.0,
    "pearson": 0.627,
    "regression_loss": 1.3956,
    "rm2": 0.3655,
    "rmse": 1.1808,
    "sd": 1.16,
    "spearman": 0.628,
    "spectral_loss": 0.0
}
Final test metrics: rmse=1.1808, pearson=0.6270, r2_proxy(mse)=1.3944
Done. Predictions: /sc/arion/projects/DiseaseGeneCell/Huang_lab_project/wangcDrugRepoProject/TRACE_Kin_Results_v3_molformer_ctx/EITLEM_dataset/EITLEM_kcat_ESM2_embedding_cold_drug/test_prediction_seed3.csv; checkpoint: /sc/arion/projects/DiseaseGeneCell/Huang_lab_project/wangcDrugRepoProject/TRACE_Kin_Results_v3_molformer_ctx/EITLEM_dataset/EITLEM_kcat_ESM2_embedding_cold_drug/save_model_seed3/model.pt

==========================================
Array task 5/10: OK (EITLEM_kcat_ESM2_embedding_cold_drug)
==========================================


PS:

Read file <242891578.5.stderr> for stderr output of this job.

