Sender: LSF System <lsfadmin@lg03e11>
Subject: Job 242891576[8]: <trace_kin_v3_perfolder_s2[1-10]> in cluster <chimera> Done

Job <trace_kin_v3_perfolder_s2[1-10]> was submitted from host <li04e01> by user <wangc40> in cluster <chimera> at Sun May 10 18:57:43 2026
Job was executed on host(s) <16*lg03e11>, in queue <gpu>, as user <wangc40> in cluster <chimera> at Sun May 10 18:57:45 2026
</hpc/users/wangc40> was used as the home directory.
</sc/arion/projects/DiseaseGeneCell/Huang_lab_project/wangcDrugRepoProject/TRACE-Kin> was used as the working directory.
Started at Sun May 10 18:57:45 2026
Terminated at Sun May 10 19:52:22 2026
Results reported at Sun May 10 19:52:22 2026

Your job looked like:

------------------------------------------------------------
# LSBATCH: User input
#!/bin/bash
#BSUB -J trace_kin_v3_perfolder_s2[1-10]
#BSUB -P acc_DiseaseGeneCell
#BSUB -q gpu
#BSUB -R h100nvl
#BSUB -gpu num=1
#BSUB -n 16
#BSUB -R "rusage[mem=8000]"
#BSUB -R "span[hosts=1]"
#BSUB -W 48:00
#BSUB -o %J.%I.stdout
#BSUB -eo %J.%I.stderr
#BSUB -L /bin/bash

# =============================================================================
# TRACE-Kin v3 PER-FOLDER + MoLFormer-XL context — top-10 RF-gap cells
# =============================================================================
# Submit with:
#     bsub < training/run_v3_perfolder_s1.lsf
#
# Per-folder evaluation: each (dataset × kinetic × split) cell gets its own
# v3 model trained ONLY on that folder's train.parquet, tested on that
# folder's test.parquet. NO cross-dataset pooling — avoids the leakage
# concern that pool-train rows could contaminate primary-test keys.
#
# v3 = v1 GNN backbone + MoLFormer-XL (768) projected to hidden_channels
# and added as a global-graph-context residual to mol_pool, before a
# fresh regression head. Molecular embeddings are computed live by
# MoLFormer-XL (not read from a pre-computed parquet column) and cached
# at <datafolder>/molformer_emb.pt so all 3 seeds share the compute.
#
# SWA is enabled (start at 50% of training, swa_lr=10x lower) to average
# weights over the noisy val plateau. Single-best-epoch checkpoint
# selection was picking lucky early dips driven by small-val-set noise.
# Patience disabled so SWA's averaging window has room to build.
#
# Cells: the 10 (out of 27) where the historical PSICHIC-vs-RF gap is
# largest, derived from data/benchmark/kinetic_regress_benchmark_clean.csv.
# These are the cells the ChemBERT cutover is most likely to move. The
# embedding per cell is the one with the LOWEST RF baseline RMSE in the
# benchmark (= the hardest fair test for v3). All 5 kinetics, all 3 splits,
# and all 4 source datasets are represented.
#
# Ordered by descending RF-gap (PSICHIC RMSE − RF RMSE):
#   1. EITLEM   kcat_km cold_drug    ESMv1       gap +0.135
#   2. catpred  kcat    random       ESMv1       gap +0.130
#   3. inhouse  Kd      random       ESMv1       gap +0.115
#   4. EITLEM   kcat_km random       ESM2        gap +0.098
#   5. EITLEM   kcat    cold_drug    ESM2        gap +0.093
#   6. MPEK     kcat    cold_protein ProteinCLIP gap +0.092

(... more ...)
------------------------------------------------------------

Successfully completed.

Resource usage summary:

    CPU time :                                   3252.00 sec.
    Max Memory :                                 6419 MB
    Average Memory :                             6335.01 MB
    Total Requested Memory :                     128000.00 MB
    Delta Memory :                               121581.00 MB
    Max Swap :                                   -
    Max Processes :                              4
    Max Threads :                                22
    Run time :                                   3277 sec.
    Turnaround time :                            3279 sec.

The output (if any) follows:

==========================================
TRACE-Kin v3 PER-FOLDER task 8/10
==========================================
Date:        Sun May 10 18:57:49 EDT 2026
Dataset:     /sc/arion/projects/DiseaseGeneCell/Huang_lab_project/drug_discovery/output/data/enzyme_embeddings_dataset/catpred_dataset/catpred_ki_ProteinCLIP_embedding_cold_protein
Result:      /sc/arion/projects/DiseaseGeneCell/Huang_lab_project/wangcDrugRepoProject/TRACE_Kin_Results_v3_molformer_ctx/catpred_dataset/catpred_ki_ProteinCLIP_embedding_cold_protein
Config:      training/config_v3.json
Pool CSVs:   (none — per-folder)
Model:       v3 (per-folder, no pool, MoLFormer-XL context residual, SWA, best embedding by RF baseline)
MoLFormer:   /sc/arion/projects/DiseaseGeneCell/Huang_lab_project/wangcDrugRepoProject/transformersmodels/ibm/MoLFormer-XL-both-10pct
Epochs:      50, batch=16, seed=2, lr=1e-4
==========================================
Python 3.12.2
Python: /sc/arion/work/wangc40/test-env/envs/test/bin/python
CUDA device: NVIDIA H100 80GB HBM3, sm_90
============================================================
TRACE-Kin training
============================================================
Datafolder:        /sc/arion/projects/DiseaseGeneCell/Huang_lab_project/drug_discovery/output/data/enzyme_embeddings_dataset/catpred_dataset/catpred_ki_ProteinCLIP_embedding_cold_protein
Result path:       /sc/arion/projects/DiseaseGeneCell/Huang_lab_project/wangcDrugRepoProject/TRACE_Kin_Results_v3_molformer_ctx/catpred_dataset/catpred_ki_ProteinCLIP_embedding_cold_protein
Config:            training/config_v3.json
Pool train CSVs:   (none)
============================================================
Loading primary train: /sc/arion/projects/DiseaseGeneCell/Huang_lab_project/drug_discovery/output/data/enzyme_embeddings_dataset/catpred_dataset/catpred_ki_ProteinCLIP_embedding_cold_protein/train.parquet
Loading primary test: /sc/arion/projects/DiseaseGeneCell/Huang_lab_project/drug_discovery/output/data/enzyme_embeddings_dataset/catpred_dataset/catpred_ki_ProteinCLIP_embedding_cold_protein/test.parquet
Loading primary val: /sc/arion/projects/DiseaseGeneCell/Huang_lab_project/drug_discovery/output/data/enzyme_embeddings_dataset/catpred_dataset/catpred_ki_ProteinCLIP_embedding_cold_protein/val.parquet
Detected prot_evo_channels = 128
seq2feat: 2829 unique sequences.
Loading MoLFormer-XL from /sc/arion/projects/DiseaseGeneCell/Huang_lab_project/wangcDrugRepoProject/transformersmodels/ibm/MoLFormer-XL-both-10pct
Computing MoLFormer embeddings for 7146 unique SMILES (batch_size=64)
  embedded 64/7146
  embedded 1344/7146
  embedded 2624/7146
  embedded 3904/7146
  embedded 5184/7146
  embedded 6464/7146
Saved MoLFormer cache: /sc/arion/projects/DiseaseGeneCell/Huang_lab_project/drug_discovery/output/data/enzyme_embeddings_dataset/catpred_dataset/catpred_ki_ProteinCLIP_embedding_cold_protein/molformer_emb.pt (7146 SMILES)
MoLFormer embeddings: 7146 unique SMILES, dim=768
model_version: v3, use_swa: True
Building protein graphs from scratch (this can be slow)...
Building ligand graphs from scratch...
⚠️  Warning: Failed to parse SMILES: *C(=O)OCC(O)CO[PH](=O)(=O)OCC(O)COC(*)=O
   Skipping this molecule and returning None
⚠️  Skipped invalid SMILES: *C(=O)OCC(O)CO[PH](=O)(=O)OCC(O)COC(*)=O
⚠️  Warning: Skipped 1 invalid SMILES strings
WARN: dropping 1 train rows with missing protein/ligand graphs.
loaders ready: train=518 test=147 val=82
Computing PNA degrees from training data...
Built TraceKinV3 with 5,644,722 parameters
[SWA] enabled: start_epoch=25, swa_lr=1.000e-05
[LR schedule] schedule_lr=False, lrate=0.0001, min_lrate=0, warmup_iters=0, lr_decay_iters=25900, total_iters=25900
Not in terminal, reprint now using normal build-in print function.
                              
                              
----------------------------------------
Epoch 001 with LR 0.000100: Model Results
----------------------------------------
Train MSE Loss: 2.7810, Train CLS Loss: 0.0000, Train MCLS Loss: 0.0000
Protein Cluster Region Loss - Ortho Loss: 0.0000, Cluster Loss: 0.0000
                              
Validation Results: {
    "ci": 0.701,
    "classification_loss": 0.0,
    "cluster_loss": 0.0,
    "mae": 1.2651,
    "mse": 2.4034,
    "multiclassification_loss": 0.0,
    "ortho_loss": 0.0,
    "pearson": 0.5863,
    "regression_loss": 2.4035,
    "rm2": 0.3305,
    "rmse": 1.5503,
    "sd": 1.5163,
    "spearman": 0.5736,
    "spectral_loss": 0.0
}
                              
Test Results: {
    "ci": 0.6939,
    "classification_loss": 0.0,
    "cluster_loss": 0.0,
    "mae": 1.297,
    "mse": 2.612,
    "multiclassification_loss": 0.0,
    "ortho_loss": 0.0,
    "pearson": 0.5512,
    "regression_loss": 2.6124,
    "rm2": 0.2936,
    "rmse": 1.6162,
    "sd": 1.5607,
    "spearman": 0.5534,
    "spectral_loss": 0.0
}
                              
                              
----------------------------------------
Epoch 002 with LR 0.000100: Model Results
----------------------------------------
Train MSE Loss: 2.2885, Train CLS Loss: 0.0000, Train MCLS Loss: 0.0000
Protein Cluster Region Loss - Ortho Loss: 0.0000, Cluster Loss: 0.0000
                              
Validation Results: {
    "ci": 0.72,
    "classification_loss": 0.0,
    "cluster_loss": 0.0,
    "mae": 1.2347,
    "mse": 2.3209,
    "multiclassification_loss": 0.0,
    "ortho_loss": 0.0,
    "pearson": 0.6271,
    "regression_loss": 2.3278,
    "rm2": 0.3907,
    "rmse": 1.5234,
    "sd": 1.4581,
    "spearman": 0.6167,
    "spectral_loss": 0.0
}
                              
Test Results: {
    "ci": 0.6837,
    "classification_loss": 0.0,
    "cluster_loss": 0.0,
    "mae": 1.3768,
    "mse": 2.9534,
    "multiclassification_loss": 0.0,
    "ortho_loss": 0.0,
    "pearson": 0.532,
    "regression_loss": 2.9527,
    "rm2": 0.2742,
    "rmse": 1.7185,
    "sd": 1.5838,
    "spearman": 0.5254,
    "spectral_loss": 0.0
}
                              
                              
----------------------------------------
Epoch 003 with LR 0.000100: Model Results
----------------------------------------
Train MSE Loss: 2.0550, Train CLS Loss: 0.0000, Train MCLS Loss: 0.0000
Protein Cluster Region Loss - Ortho Loss: 0.0000, Cluster Loss: 0.0000
                              
Validation Results: {
    "ci": 0.7177,
    "classification_loss": 0.0,
    "cluster_loss": 0.0,
    "mae": 1.1951,
    "mse": 2.2512,
    "multiclassification_loss": 0.0,
    "ortho_loss": 0.0,
    "pearson": 0.6203,
    "regression_loss": 2.2501,
    "rm2": 0.3322,
    "rmse": 1.5004,
    "sd": 1.4683,
    "spearman": 0.6107,
    "spectral_loss": 0.0
}
                              
Test Results: {
    "ci": 0.6854,
    "classification_loss": 0.0,
    "cluster_loss": 0.0,
    "mae": 1.2811,
    "mse": 2.6314,
    "multiclassification_loss": 0.0,
    "ortho_loss": 0.0,
    "pearson": 0.5348,
    "regression_loss": 2.6303,
    "rm2": 0.2464,
    "rmse": 1.6222,
    "sd": 1.5805,
    "spearman": 0.5277,
    "spectral_loss": 0.0
}
                              
                              
----------------------------------------
Epoch 004 with LR 0.000100: Model Results
----------------------------------------
Train MSE Loss: 1.8533, Train CLS Loss: 0.0000, Train MCLS Loss: 0.0000
Protein Cluster Region Loss - Ortho Loss: 0.0000, Cluster Loss: 0.0000
                              
Validation Results: {
    "ci": 0.7193,
    "classification_loss": 0.0,
    "cluster_loss": 0.0,
    "mae": 1.1834,
    "mse": 2.1822,
    "multiclassification_loss": 0.0,
    "ortho_loss": 0.0,
    "pearson": 0.6346,
    "regression_loss": 2.1888,
    "rm2": 0.3677,
    "rmse": 1.4772,
    "sd": 1.4466,
    "spearman": 0.6107,
    "spectral_loss": 0.0
}
                              
Test Results: {
    "ci": 0.6882,
    "classification_loss": 0.0,
    "cluster_loss": 0.0,
    "mae": 1.2872,
    "mse": 2.678,
    "multiclassification_loss": 0.0,
    "ortho_loss": 0.0,
    "pearson": 0.5469,
    "regression_loss": 2.6768,
    "rm2": 0.2723,
    "rmse": 1.6365,
    "sd": 1.566,
    "spearman": 0.5321,
    "spectral_loss": 0.0
}
                              
                              
----------------------------------------
Epoch 005 with LR 0.000100: Model Results
----------------------------------------
Train MSE Loss: 1.7049, Train CLS Loss: 0.0000, Train MCLS Loss: 0.0000
Protein Cluster Region Loss - Ortho Loss: 0.0000, Cluster Loss: 0.0000
                              
Validation Results: {
    "ci": 0.7226,
    "classification_loss": 0.0,
    "cluster_loss": 0.0,
    "mae": 1.1747,
    "mse": 2.1449,
    "multiclassification_loss": 0.0,
    "ortho_loss": 0.0,
    "pearson": 0.6389,
    "regression_loss": 2.1495,
    "rm2": 0.3587,
    "rmse": 1.4646,
    "sd": 1.44,
    "spearman": 0.6201,
    "spectral_loss": 0.0
}
                              
Test Results: {
    "ci": 0.6947,
    "classification_loss": 0.0,
    "cluster_loss": 0.0,
    "mae": 1.2472,
    "mse": 2.5283,
    "multiclassification_loss": 0.0,
    "ortho_loss": 0.0,
    "pearson": 0.5568,
    "regression_loss": 2.5272,
    "rm2": 0.2713,
    "rmse": 1.5901,
    "sd": 1.5537,
    "spearman": 0.5516,
    "spectral_loss": 0.0
}
                              
                              
----------------------------------------
Epoch 006 with LR 0.000100: Model Results
----------------------------------------
Train MSE Loss: 1.6152, Train CLS Loss: 0.0000, Train MCLS Loss: 0.0000
Protein Cluster Region Loss - Ortho Loss: 0.0000, Cluster Loss: 0.0000
                              
Validation Results: {
    "ci": 0.7131,
    "classification_loss": 0.0,
    "cluster_loss": 0.0,
    "mae": 1.1977,
    "mse": 2.2606,
    "multiclassification_loss": 0.0,
    "ortho_loss": 0.0,
    "pearson": 0.6154,
    "regression_loss": 2.271,
    "rm2": 0.3329,
    "rmse": 1.5035,
    "sd": 1.4754,
    "spearman": 0.5939,
    "spectral_loss": 0.0
}
                              
Test Results: {
    "ci": 0.6947,
    "classification_loss": 0.0,
    "cluster_loss": 0.0,
    "mae": 1.2472,
    "mse": 2.5283,
    "multiclassification_loss": 0.0,
    "ortho_loss": 0.0,
    "pearson": 0.5568,
    "regression_loss": 2.5272,
    "rm2": 0.2713,
    "rmse": 1.5901,
    "sd": 1.5537,
    "spearman": 0.5516,
    "spectral_loss": 0.0
}
                              
                              
----------------------------------------
Epoch 007 with LR 0.000100: Model Results
----------------------------------------
Train MSE Loss: 1.5302, Train CLS Loss: 0.0000, Train MCLS Loss: 0.0000
Protein Cluster Region Loss - Ortho Loss: 0.0000, Cluster Loss: 0.0000
                              
Validation Results: {
    "ci": 0.7194,
    "classification_loss": 0.0,
    "cluster_loss": 0.0,
    "mae": 1.174,
    "mse": 2.1507,
    "multiclassification_loss": 0.0,
    "ortho_loss": 0.0,
    "pearson": 0.6434,
    "regression_loss": 2.1623,
    "rm2": 0.3711,
    "rmse": 1.4665,
    "sd": 1.433,
    "spearman": 0.612,
    "spectral_loss": 0.0
}
                              
Test Results: {
    "ci": 0.6947,
    "classification_loss": 0.0,
    "cluster_loss": 0.0,
    "mae": 1.2472,
    "mse": 2.5283,
    "multiclassification_loss": 0.0,
    "ortho_loss": 0.0,
    "pearson": 0.5568,
    "regression_loss": 2.5272,
    "rm2": 0.2713,
    "rmse": 1.5901,
    "sd": 1.5537,
    "spearman": 0.5516,
    "spectral_loss": 0.0
}
                              
                              
----------------------------------------
Epoch 008 with LR 0.000100: Model Results
----------------------------------------
Train MSE Loss: 1.4390, Train CLS Loss: 0.0000, Train MCLS Loss: 0.0000
Protein Cluster Region Loss - Ortho Loss: 0.0000, Cluster Loss: 0.0000
                              
Validation Results: {
    "ci": 0.7121,
    "classification_loss": 0.0,
    "cluster_loss": 0.0,
    "mae": 1.2287,
    "mse": 2.3928,
    "multiclassification_loss": 0.0,
    "ortho_loss": 0.0,
    "pearson": 0.6135,
    "regression_loss": 2.4019,
    "rm2": 0.307,
    "rmse": 1.5469,
    "sd": 1.4781,
    "spearman": 0.5939,
    "spectral_loss": 0.0
}
                              
Test Results: {
    "ci": 0.6947,
    "classification_loss": 0.0,
    "cluster_loss": 0.0,
    "mae": 1.2472,
    "mse": 2.5283,
    "multiclassification_loss": 0.0,
    "ortho_loss": 0.0,
    "pearson": 0.5568,
    "regression_loss": 2.5272,
    "rm2": 0.2713,
    "rmse": 1.5901,
    "sd": 1.5537,
    "spearman": 0.5516,
    "spectral_loss": 0.0
}
                              
                              
----------------------------------------
Epoch 009 with LR 0.000100: Model Results
----------------------------------------
Train MSE Loss: 1.3627, Train CLS Loss: 0.0000, Train MCLS Loss: 0.0000
Protein Cluster Region Loss - Ortho Loss: 0.0000, Cluster Loss: 0.0000
                              
Validation Results: {
    "ci": 0.7196,
    "classification_loss": 0.0,
    "cluster_loss": 0.0,
    "mae": 1.167,
    "mse": 2.1183,
    "multiclassification_loss": 0.0,
    "ortho_loss": 0.0,
    "pearson": 0.6433,
    "regression_loss": 2.1258,
    "rm2": 0.4109,
    "rmse": 1.4554,
    "sd": 1.4331,
    "spearman": 0.6091,
    "spectral_loss": 0.0
}
                              
Test Results: {
    "ci": 0.7057,
    "classification_loss": 0.0,
    "cluster_loss": 0.0,
    "mae": 1.2486,
    "mse": 2.492,
    "multiclassification_loss": 0.0,
    "ortho_loss": 0.0,
    "pearson": 0.5865,
    "regression_loss": 2.4913,
    "rm2": 0.3354,
    "rmse": 1.5786,
    "sd": 1.515,
    "spearman": 0.5771,
    "spectral_loss": 0.0
}
                              
                              
----------------------------------------
Epoch 010 with LR 0.000100: Model Results
----------------------------------------
Train MSE Loss: 1.3132, Train CLS Loss: 0.0000, Train MCLS Loss: 0.0000
Protein Cluster Region Loss - Ortho Loss: 0.0000, Cluster Loss: 0.0000
                              
Validation Results: {
    "ci": 0.7195,
    "classification_loss": 0.0,
    "cluster_loss": 0.0,
    "mae": 1.1844,
    "mse": 2.2369,
    "multiclassification_loss": 0.0,
    "ortho_loss": 0.0,
    "pearson": 0.65,
    "regression_loss": 2.2495,
    "rm2": 0.3782,
    "rmse": 1.4956,
    "sd": 1.4226,
    "spearman": 0.6118,
    "spectral_loss": 0.0
}
                              
Test Results: {
    "ci": 0.7057,
    "classification_loss": 0.0,
    "cluster_loss": 0.0,
    "mae": 1.2486,
    "mse": 2.492,
    "multiclassification_loss": 0.0,
    "ortho_loss": 0.0,
    "pearson": 0.5865,
    "regression_loss": 2.4913,
    "rm2": 0.3354,
    "rmse": 1.5786,
    "sd": 1.515,
    "spearman": 0.5771,
    "spectral_loss": 0.0
}
                              
                              
----------------------------------------
Epoch 011 with LR 0.000100: Model Results
----------------------------------------
Train MSE Loss: 1.2882, Train CLS Loss: 0.0000, Train MCLS Loss: 0.0000
Protein Cluster Region Loss - Ortho Loss: 0.0000, Cluster Loss: 0.0000
                              
Validation Results: {
    "ci": 0.7276,
    "classification_loss": 0.0,
    "cluster_loss": 0.0,
    "mae": 1.158,
    "mse": 2.1535,
    "multiclassification_loss": 0.0,
    "ortho_loss": 0.0,
    "pearson": 0.661,
    "regression_loss": 2.1599,
    "rm2": 0.4137,
    "rmse": 1.4675,
    "sd": 1.4046,
    "spearman": 0.6306,
    "spectral_loss": 0.0
}
                              
Test Results: {
    "ci": 0.7057,
    "classification_loss": 0.0,
    "cluster_loss": 0.0,
    "mae": 1.2486,
    "mse": 2.492,
    "multiclassification_loss": 0.0,
    "ortho_loss": 0.0,
    "pearson": 0.5865,
    "regression_loss": 2.4913,
    "rm2": 0.3354,
    "rmse": 1.5786,
    "sd": 1.515,
    "spearman": 0.5771,
    "spectral_loss": 0.0
}
                              
                              
----------------------------------------
Epoch 012 with LR 0.000100: Model Results
----------------------------------------
Train MSE Loss: 1.1960, Train CLS Loss: 0.0000, Train MCLS Loss: 0.0000
Protein Cluster Region Loss - Ortho Loss: 0.0000, Cluster Loss: 0.0000
                              
Validation Results: {
    "ci": 0.7174,
    "classification_loss": 0.0,
    "cluster_loss": 0.0,
    "mae": 1.1816,
    "mse": 2.2303,
    "multiclassification_loss": 0.0,
    "ortho_loss": 0.0,
    "pearson": 0.6451,
    "regression_loss": 2.2458,
    "rm2": 0.3861,
    "rmse": 1.4934,
    "sd": 1.4303,
    "spearman": 0.604,
    "spectral_loss": 0.0
}
                              
Test Results: {
    "ci": 0.7057,
    "classification_loss": 0.0,
    "cluster_loss": 0.0,
    "mae": 1.2486,
    "mse": 2.492,
    "multiclassification_loss": 0.0,
    "ortho_loss": 0.0,
    "pearson": 0.5865,
    "regression_loss": 2.4913,
    "rm2": 0.3354,
    "rmse": 1.5786,
    "sd": 1.515,
    "spearman": 0.5771,
    "spectral_loss": 0.0
}
                              
                              
----------------------------------------
Epoch 013 with LR 0.000100: Model Results
----------------------------------------
Train MSE Loss: 1.1393, Train CLS Loss: 0.0000, Train MCLS Loss: 0.0000
Protein Cluster Region Loss - Ortho Loss: 0.0000, Cluster Loss: 0.0000
                              
Validation Results: {
    "ci": 0.7207,
    "classification_loss": 0.0,
    "cluster_loss": 0.0,
    "mae": 1.1544,
    "mse": 2.1056,
    "multiclassification_loss": 0.0,
    "ortho_loss": 0.0,
    "pearson": 0.6527,
    "regression_loss": 2.1172,
    "rm2": 0.3956,
    "rmse": 1.4511,
    "sd": 1.4181,
    "spearman": 0.6131,
    "spectral_loss": 0.0
}
                              
Test Results: {
    "ci": 0.6986,
    "classification_loss": 0.0,
    "cluster_loss": 0.0,
    "mae": 1.2432,
    "mse": 2.5217,
    "multiclassification_loss": 0.0,
    "ortho_loss": 0.0,
    "pearson": 0.5684,
    "regression_loss": 2.5212,
    "rm2": 0.2929,
    "rmse": 1.588,
    "sd": 1.5389,
    "spearman": 0.5597,
    "spectral_loss": 0.0
}
                              
                              
----------------------------------------
Epoch 014 with LR 0.000100: Model Results
----------------------------------------
Train MSE Loss: 1.0710, Train CLS Loss: 0.0000, Train MCLS Loss: 0.0000
Protein Cluster Region Loss - Ortho Loss: 0.0000, Cluster Loss: 0.0000
                              
Validation Results: {
    "ci": 0.7118,
    "classification_loss": 0.0,
    "cluster_loss": 0.0,
    "mae": 1.2141,
    "mse": 2.462,
    "multiclassification_loss": 0.0,
    "ortho_loss": 0.0,
    "pearson": 0.6218,
    "regression_loss": 2.4779,
    "rm2": 0.33,
    "rmse": 1.5691,
    "sd": 1.466,
    "spearman": 0.5886,
    "spectral_loss": 0.0
}
                              
Test Results: {
    "ci": 0.6986,
    "classification_loss": 0.0,
    "cluster_loss": 0.0,
    "mae": 1.2432,
    "mse": 2.5217,
    "multiclassification_loss": 0.0,
    "ortho_loss": 0.0,
    "pearson": 0.5684,
    "regression_loss": 2.5212,
    "rm2": 0.2929,
    "rmse": 1.588,
    "sd": 1.5389,
    "spearman": 0.5597,
    "spectral_loss": 0.0
}
                              
                              
----------------------------------------
Epoch 015 with LR 0.000100: Model Results
----------------------------------------
Train MSE Loss: 1.0214, Train CLS Loss: 0.0000, Train MCLS Loss: 0.0000
Protein Cluster Region Loss - Ortho Loss: 0.0000, Cluster Loss: 0.0000
                              
Validation Results: {
    "ci": 0.7121,
    "classification_loss": 0.0,
    "cluster_loss": 0.0,
    "mae": 1.2248,
    "mse": 2.4608,
    "multiclassification_loss": 0.0,
    "ortho_loss": 0.0,
    "pearson": 0.6271,
    "regression_loss": 2.4731,
    "rm2": 0.339,
    "rmse": 1.5687,
    "sd": 1.4581,
    "spearman": 0.592,
    "spectral_loss": 0.0
}
                              
Test Results: {
    "ci": 0.6986,
    "classification_loss": 0.0,
    "cluster_loss": 0.0,
    "mae": 1.2432,
    "mse": 2.5217,
    "multiclassification_loss": 0.0,
    "ortho_loss": 0.0,
    "pearson": 0.5684,
    "regression_loss": 2.5212,
    "rm2": 0.2929,
    "rmse": 1.588,
    "sd": 1.5389,
    "spearman": 0.5597,
    "spectral_loss": 0.0
}
                              
                              
----------------------------------------
Epoch 016 with LR 0.000100: Model Results
----------------------------------------
Train MSE Loss: 0.9905, Train CLS Loss: 0.0000, Train MCLS Loss: 0.0000
Protein Cluster Region Loss - Ortho Loss: 0.0000, Cluster Loss: 0.0000
                              
Validation Results: {
    "ci": 0.7122,
    "classification_loss": 0.0,
    "cluster_loss": 0.0,
    "mae": 1.2269,
    "mse": 2.5599,
    "multiclassification_loss": 0.0,
    "ortho_loss": 0.0,
    "pearson": 0.6266,
    "regression_loss": 2.5779,
    "rm2": 0.321,
    "rmse": 1.6,
    "sd": 1.4589,
    "spearman": 0.5866,
    "spectral_loss": 0.0
}
                              
Test Results: {
    "ci": 0.6986,
    "classification_loss": 0.0,
    "cluster_loss": 0.0,
    "mae": 1.2432,
    "mse": 2.5217,
    "multiclassification_loss": 0.0,
    "ortho_loss": 0.0,
    "pearson": 0.5684,
    "regression_loss": 2.5212,
    "rm2": 0.2929,
    "rmse": 1.588,
    "sd": 1.5389,
    "spearman": 0.5597,
    "spectral_loss": 0.0
}
                              
                              
----------------------------------------
Epoch 017 with LR 0.000100: Model Results
----------------------------------------
Train MSE Loss: 0.9503, Train CLS Loss: 0.0000, Train MCLS Loss: 0.0000
Protein Cluster Region Loss - Ortho Loss: 0.0000, Cluster Loss: 0.0000
                              
Validation Results: {
    "ci": 0.7154,
    "classification_loss": 0.0,
    "cluster_loss": 0.0,
    "mae": 1.1797,
    "mse": 2.2926,
    "multiclassification_loss": 0.0,
    "ortho_loss": 0.0,
    "pearson": 0.6337,
    "regression_loss": 2.306,
    "rm2": 0.3394,
    "rmse": 1.5141,
    "sd": 1.448,
    "spearman": 0.5995,
    "spectral_loss": 0.0
}
                              
Test Results: {
    "ci": 0.6986,
    "classification_loss": 0.0,
    "cluster_loss": 0.0,
    "mae": 1.2432,
    "mse": 2.5217,
    "multiclassification_loss": 0.0,
    "ortho_loss": 0.0,
    "pearson": 0.5684,
    "regression_loss": 2.5212,
    "rm2": 0.2929,
    "rmse": 1.588,
    "sd": 1.5389,
    "spearman": 0.5597,
    "spectral_loss": 0.0
}
                              
                              
----------------------------------------
Epoch 018 with LR 0.000100: Model Results
----------------------------------------
Train MSE Loss: 0.8819, Train CLS Loss: 0.0000, Train MCLS Loss: 0.0000
Protein Cluster Region Loss - Ortho Loss: 0.0000, Cluster Loss: 0.0000
                              
Validation Results: {
    "ci": 0.7118,
    "classification_loss": 0.0,
    "cluster_loss": 0.0,
    "mae": 1.1829,
    "mse": 2.3528,
    "multiclassification_loss": 0.0,
    "ortho_loss": 0.0,
    "pearson": 0.6238,
    "regression_loss": 2.3666,
    "rm2": 0.3441,
    "rmse": 1.5339,
    "sd": 1.4631,
    "spearman": 0.5871,
    "spectral_loss": 0.0
}
                              
Test Results: {
    "ci": 0.6986,
    "classification_loss": 0.0,
    "cluster_loss": 0.0,
    "mae": 1.2432,
    "mse": 2.5217,
    "multiclassification_loss": 0.0,
    "ortho_loss": 0.0,
    "pearson": 0.5684,
    "regression_loss": 2.5212,
    "rm2": 0.2929,
    "rmse": 1.588,
    "sd": 1.5389,
    "spearman": 0.5597,
    "spectral_loss": 0.0
}
                              
                              
----------------------------------------
Epoch 019 with LR 0.000100: Model Results
----------------------------------------
Train MSE Loss: 0.8403, Train CLS Loss: 0.0000, Train MCLS Loss: 0.0000
Protein Cluster Region Loss - Ortho Loss: 0.0000, Cluster Loss: 0.0000
                              
Validation Results: {
    "ci": 0.7197,
    "classification_loss": 0.0,
    "cluster_loss": 0.0,
    "mae": 1.1575,
    "mse": 2.2528,
    "multiclassification_loss": 0.0,
    "ortho_loss": 0.0,
    "pearson": 0.6365,
    "regression_loss": 2.2652,
    "rm2": 0.3357,
    "rmse": 1.5009,
    "sd": 1.4438,
    "spearman": 0.6098,
    "spectral_loss": 0.0
}
                              
Test Results: {
    "ci": 0.6986,
    "classification_loss": 0.0,
    "cluster_loss": 0.0,
    "mae": 1.2432,
    "mse": 2.5217,
    "multiclassification_loss": 0.0,
    "ortho_loss": 0.0,
    "pearson": 0.5684,
    "regression_loss": 2.5212,
    "rm2": 0.2929,
    "rmse": 1.588,
    "sd": 1.5389,
    "spearman": 0.5597,
    "spectral_loss": 0.0
}
                              
                              
----------------------------------------
Epoch 020 with LR 0.000100: Model Results
----------------------------------------
Train MSE Loss: 0.8254, Train CLS Loss: 0.0000, Train MCLS Loss: 0.0000
Protein Cluster Region Loss - Ortho Loss: 0.0000, Cluster Loss: 0.0000
                              
Validation Results: {
    "ci": 0.7161,
    "classification_loss": 0.0,
    "cluster_loss": 0.0,
    "mae": 1.1754,
    "mse": 2.2806,
    "multiclassification_loss": 0.0,
    "ortho_loss": 0.0,
    "pearson": 0.627,
    "regression_loss": 2.2895,
    "rm2": 0.3217,
    "rmse": 1.5102,
    "sd": 1.4583,
    "spearman": 0.6003,
    "spectral_loss": 0.0
}
                              
Test Results: {
    "ci": 0.6986,
    "classification_loss": 0.0,
    "cluster_loss": 0.0,
    "mae": 1.2432,
    "mse": 2.5217,
    "multiclassification_loss": 0.0,
    "ortho_loss": 0.0,
    "pearson": 0.5684,
    "regression_loss": 2.5212,
    "rm2": 0.2929,
    "rmse": 1.588,
    "sd": 1.5389,
    "spearman": 0.5597,
    "spectral_loss": 0.0
}
                              
                              
----------------------------------------
Epoch 021 with LR 0.000100: Model Results
----------------------------------------
Train MSE Loss: 0.7676, Train CLS Loss: 0.0000, Train MCLS Loss: 0.0000
Protein Cluster Region Loss - Ortho Loss: 0.0000, Cluster Loss: 0.0000
                              
Validation Results: {
    "ci": 0.7054,
    "classification_loss": 0.0,
    "cluster_loss": 0.0,
    "mae": 1.201,
    "mse": 2.4269,
    "multiclassification_loss": 0.0,
    "ortho_loss": 0.0,
    "pearson": 0.608,
    "regression_loss": 2.4411,
    "rm2": 0.2946,
    "rmse": 1.5578,
    "sd": 1.4861,
    "spearman": 0.5709,
    "spectral_loss": 0.0
}
                              
Test Results: {
    "ci": 0.6986,
    "classification_loss": 0.0,
    "cluster_loss": 0.0,
    "mae": 1.2432,
    "mse": 2.5217,
    "multiclassification_loss": 0.0,
    "ortho_loss": 0.0,
    "pearson": 0.5684,
    "regression_loss": 2.5212,
    "rm2": 0.2929,
    "rmse": 1.588,
    "sd": 1.5389,
    "spearman": 0.5597,
    "spectral_loss": 0.0
}
                              
                              
----------------------------------------
Epoch 022 with LR 0.000100: Model Results
----------------------------------------
Train MSE Loss: 0.7583, Train CLS Loss: 0.0000, Train MCLS Loss: 0.0000
Protein Cluster Region Loss - Ortho Loss: 0.0000, Cluster Loss: 0.0000
                              
Validation Results: {
    "ci": 0.7117,
    "classification_loss": 0.0,
    "cluster_loss": 0.0,
    "mae": 1.1615,
    "mse": 2.3073,
    "multiclassification_loss": 0.0,
    "ortho_loss": 0.0,
    "pearson": 0.6179,
    "regression_loss": 2.32,
    "rm2": 0.3181,
    "rmse": 1.519,
    "sd": 1.4718,
    "spearman": 0.5858,
    "spectral_loss": 0.0
}
                              
Test Results: {
    "ci": 0.6986,
    "classification_loss": 0.0,
    "cluster_loss": 0.0,
    "mae": 1.2432,
    "mse": 2.5217,
    "multiclassification_loss": 0.0,
    "ortho_loss": 0.0,
    "pearson": 0.5684,
    "regression_loss": 2.5212,
    "rm2": 0.2929,
    "rmse": 1.588,
    "sd": 1.5389,
    "spearman": 0.5597,
    "spectral_loss": 0.0
}
                              
                              
----------------------------------------
Epoch 023 with LR 0.000100: Model Results
----------------------------------------
Train MSE Loss: 0.7084, Train CLS Loss: 0.0000, Train MCLS Loss: 0.0000
Protein Cluster Region Loss - Ortho Loss: 0.0000, Cluster Loss: 0.0000
                              
Validation Results: {
    "ci": 0.704,
    "classification_loss": 0.0,
    "cluster_loss": 0.0,
    "mae": 1.2376,
    "mse": 2.6772,
    "multiclassification_loss": 0.0,
    "ortho_loss": 0.0,
    "pearson": 0.6009,
    "regression_loss": 2.6909,
    "rm2": 0.2636,
    "rmse": 1.6362,
    "sd": 1.4962,
    "spearman": 0.564,
    "spectral_loss": 0.0
}
                              
Test Results: {
    "ci": 0.6986,
    "classification_loss": 0.0,
    "cluster_loss": 0.0,
    "mae": 1.2432,
    "mse": 2.5217,
    "multiclassification_loss": 0.0,
    "ortho_loss": 0.0,
    "pearson": 0.5684,
    "regression_loss": 2.5212,
    "rm2": 0.2929,
    "rmse": 1.588,
    "sd": 1.5389,
    "spearman": 0.5597,
    "spectral_loss": 0.0
}
                              
                              
----------------------------------------
Epoch 024 with LR 0.000100: Model Results
----------------------------------------
Train MSE Loss: 0.7052, Train CLS Loss: 0.0000, Train MCLS Loss: 0.0000
Protein Cluster Region Loss - Ortho Loss: 0.0000, Cluster Loss: 0.0000
                              
Validation Results: {
    "ci": 0.713,
    "classification_loss": 0.0,
    "cluster_loss": 0.0,
    "mae": 1.2023,
    "mse": 2.4199,
    "multiclassification_loss": 0.0,
    "ortho_loss": 0.0,
    "pearson": 0.623,
    "regression_loss": 2.4373,
    "rm2": 0.3368,
    "rmse": 1.5556,
    "sd": 1.4642,
    "spearman": 0.5901,
    "spectral_loss": 0.0
}
                              
Test Results: {
    "ci": 0.6986,
    "classification_loss": 0.0,
    "cluster_loss": 0.0,
    "mae": 1.2432,
    "mse": 2.5217,
    "multiclassification_loss": 0.0,
    "ortho_loss": 0.0,
    "pearson": 0.5684,
    "regression_loss": 2.5212,
    "rm2": 0.2929,
    "rmse": 1.588,
    "sd": 1.5389,
    "spearman": 0.5597,
    "spectral_loss": 0.0
}
                              
                              
----------------------------------------
Epoch 025 with LR 0.000100: Model Results
----------------------------------------
Train MSE Loss: 0.6635, Train CLS Loss: 0.0000, Train MCLS Loss: 0.0000
Protein Cluster Region Loss - Ortho Loss: 0.0000, Cluster Loss: 0.0000
                              
Validation Results: {
    "ci": 0.7123,
    "classification_loss": 0.0,
    "cluster_loss": 0.0,
    "mae": 1.1773,
    "mse": 2.3885,
    "multiclassification_loss": 0.0,
    "ortho_loss": 0.0,
    "pearson": 0.624,
    "regression_loss": 2.4043,
    "rm2": 0.3179,
    "rmse": 1.5455,
    "sd": 1.4628,
    "spearman": 0.59,
    "spectral_loss": 0.0
}
                              
Test Results: {
    "ci": 0.6986,
    "classification_loss": 0.0,
    "cluster_loss": 0.0,
    "mae": 1.2432,
    "mse": 2.5217,
    "multiclassification_loss": 0.0,
    "ortho_loss": 0.0,
    "pearson": 0.5684,
    "regression_loss": 2.5212,
    "rm2": 0.2929,
    "rmse": 1.588,
    "sd": 1.5389,
    "spearman": 0.5597,
    "spectral_loss": 0.0
}
                              
                              
----------------------------------------
Epoch 026 with LR 0.000100: Model Results
----------------------------------------
Train MSE Loss: 0.5273, Train CLS Loss: 0.0000, Train MCLS Loss: 0.0000
Protein Cluster Region Loss - Ortho Loss: 0.0000, Cluster Loss: 0.0000
                              
Validation Results: {
    "ci": 0.7033,
    "classification_loss": 0.0,
    "cluster_loss": 0.0,
    "mae": 1.2121,
    "mse": 2.5346,
    "multiclassification_loss": 0.0,
    "ortho_loss": 0.0,
    "pearson": 0.6064,
    "regression_loss": 2.5547,
    "rm2": 0.2974,
    "rmse": 1.592,
    "sd": 1.4884,
    "spearman": 0.5645,
    "spectral_loss": 0.0
}
                              
Test Results: {
    "ci": 0.6986,
    "classification_loss": 0.0,
    "cluster_loss": 0.0,
    "mae": 1.2432,
    "mse": 2.5217,
    "multiclassification_loss": 0.0,
    "ortho_loss": 0.0,
    "pearson": 0.5684,
    "regression_loss": 2.5212,
    "rm2": 0.2929,
    "rmse": 1.588,
    "sd": 1.5389,
    "spearman": 0.5597,
    "spectral_loss": 0.0
}
                              
                              
----------------------------------------
Epoch 027 with LR 0.000100: Model Results
----------------------------------------
Train MSE Loss: 0.3930, Train CLS Loss: 0.0000, Train MCLS Loss: 0.0000
Protein Cluster Region Loss - Ortho Loss: 0.0000, Cluster Loss: 0.0000
                              
Validation Results: {
    "ci": 0.7089,
    "classification_loss": 0.0,
    "cluster_loss": 0.0,
    "mae": 1.1834,
    "mse": 2.451,
    "multiclassification_loss": 0.0,
    "ortho_loss": 0.0,
    "pearson": 0.614,
    "regression_loss": 2.4708,
    "rm2": 0.3048,
    "rmse": 1.5656,
    "sd": 1.4774,
    "spearman": 0.5776,
    "spectral_loss": 0.0
}
                              
Test Results: {
    "ci": 0.6986,
    "classification_loss": 0.0,
    "cluster_loss": 0.0,
    "mae": 1.2432,
    "mse": 2.5217,
    "multiclassification_loss": 0.0,
    "ortho_loss": 0.0,
    "pearson": 0.5684,
    "regression_loss": 2.5212,
    "rm2": 0.2929,
    "rmse": 1.588,
    "sd": 1.5389,
    "spearman": 0.5597,
    "spectral_loss": 0.0
}
                              
                              
----------------------------------------
Epoch 028 with LR 0.000100: Model Results
----------------------------------------
Train MSE Loss: 0.3619, Train CLS Loss: 0.0000, Train MCLS Loss: 0.0000
Protein Cluster Region Loss - Ortho Loss: 0.0000, Cluster Loss: 0.0000
                              
Validation Results: {
    "ci": 0.7085,
    "classification_loss": 0.0,
    "cluster_loss": 0.0,
    "mae": 1.1976,
    "mse": 2.5359,
    "multiclassification_loss": 0.0,
    "ortho_loss": 0.0,
    "pearson": 0.61,
    "regression_loss": 2.5564,
    "rm2": 0.2946,
    "rmse": 1.5925,
    "sd": 1.4833,
    "spearman": 0.5759,
    "spectral_loss": 0.0
}
                              
Test Results: {
    "ci": 0.6986,
    "classification_loss": 0.0,
    "cluster_loss": 0.0,
    "mae": 1.2432,
    "mse": 2.5217,
    "multiclassification_loss": 0.0,
    "ortho_loss": 0.0,
    "pearson": 0.5684,
    "regression_loss": 2.5212,
    "rm2": 0.2929,
    "rmse": 1.588,
    "sd": 1.5389,
    "spearman": 0.5597,
    "spectral_loss": 0.0
}
                              
                              
----------------------------------------
Epoch 029 with LR 0.000100: Model Results
----------------------------------------
Train MSE Loss: 0.3434, Train CLS Loss: 0.0000, Train MCLS Loss: 0.0000
Protein Cluster Region Loss - Ortho Loss: 0.0000, Cluster Loss: 0.0000
                              
Validation Results: {
    "ci": 0.7097,
    "classification_loss": 0.0,
    "cluster_loss": 0.0,
    "mae": 1.1939,
    "mse": 2.5135,
    "multiclassification_loss": 0.0,
    "ortho_loss": 0.0,
    "pearson": 0.613,
    "regression_loss": 2.534,
    "rm2": 0.2989,
    "rmse": 1.5854,
    "sd": 1.4789,
    "spearman": 0.5789,
    "spectral_loss": 0.0
}
                              
Test Results: {
    "ci": 0.6986,
    "classification_loss": 0.0,
    "cluster_loss": 0.0,
    "mae": 1.2432,
    "mse": 2.5217,
    "multiclassification_loss": 0.0,
    "ortho_loss": 0.0,
    "pearson": 0.5684,
    "regression_loss": 2.5212,
    "rm2": 0.2929,
    "rmse": 1.588,
    "sd": 1.5389,
    "spearman": 0.5597,
    "spectral_loss": 0.0
}
                              
                              
----------------------------------------
Epoch 030 with LR 0.000100: Model Results
----------------------------------------
Train MSE Loss: 0.3310, Train CLS Loss: 0.0000, Train MCLS Loss: 0.0000
Protein Cluster Region Loss - Ortho Loss: 0.0000, Cluster Loss: 0.0000
                              
Validation Results: {
    "ci": 0.7079,
    "classification_loss": 0.0,
    "cluster_loss": 0.0,
    "mae": 1.2014,
    "mse": 2.5351,
    "multiclassification_loss": 0.0,
    "ortho_loss": 0.0,
    "pearson": 0.6078,
    "regression_loss": 2.5557,
    "rm2": 0.2954,
    "rmse": 1.5922,
    "sd": 1.4864,
    "spearman": 0.5746,
    "spectral_loss": 0.0
}
                              
Test Results: {
    "ci": 0.6986,
    "classification_loss": 0.0,
    "cluster_loss": 0.0,
    "mae": 1.2432,
    "mse": 2.5217,
    "multiclassification_loss": 0.0,
    "ortho_loss": 0.0,
    "pearson": 0.5684,
    "regression_loss": 2.5212,
    "rm2": 0.2929,
    "rmse": 1.588,
    "sd": 1.5389,
    "spearman": 0.5597,
    "spectral_loss": 0.0
}
                              
                              
----------------------------------------
Epoch 031 with LR 0.000100: Model Results
----------------------------------------
Train MSE Loss: 0.3119, Train CLS Loss: 0.0000, Train MCLS Loss: 0.0000
Protein Cluster Region Loss - Ortho Loss: 0.0000, Cluster Loss: 0.0000
                              
Validation Results: {
    "ci": 0.7068,
    "classification_loss": 0.0,
    "cluster_loss": 0.0,
    "mae": 1.1992,
    "mse": 2.5334,
    "multiclassification_loss": 0.0,
    "ortho_loss": 0.0,
    "pearson": 0.6048,
    "regression_loss": 2.5531,
    "rm2": 0.2898,
    "rmse": 1.5917,
    "sd": 1.4908,
    "spearman": 0.5715,
    "spectral_loss": 0.0
}
                              
Test Results: {
    "ci": 0.6986,
    "classification_loss": 0.0,
    "cluster_loss": 0.0,
    "mae": 1.2432,
    "mse": 2.5217,
    "multiclassification_loss": 0.0,
    "ortho_loss": 0.0,
    "pearson": 0.5684,
    "regression_loss": 2.5212,
    "rm2": 0.2929,
    "rmse": 1.588,
    "sd": 1.5389,
    "spearman": 0.5597,
    "spectral_loss": 0.0
}
                              
                              
----------------------------------------
Epoch 032 with LR 0.000100: Model Results
----------------------------------------
Train MSE Loss: 0.3076, Train CLS Loss: 0.0000, Train MCLS Loss: 0.0000
Protein Cluster Region Loss - Ortho Loss: 0.0000, Cluster Loss: 0.0000
                              
Validation Results: {
    "ci": 0.7087,
    "classification_loss": 0.0,
    "cluster_loss": 0.0,
    "mae": 1.206,
    "mse": 2.5517,
    "multiclassification_loss": 0.0,
    "ortho_loss": 0.0,
    "pearson": 0.6099,
    "regression_loss": 2.573,
    "rm2": 0.2955,
    "rmse": 1.5974,
    "sd": 1.4834,
    "spearman": 0.5773,
    "spectral_loss": 0.0
}
                              
Test Results: {
    "ci": 0.6986,
    "classification_loss": 0.0,
    "cluster_loss": 0.0,
    "mae": 1.2432,
    "mse": 2.5217,
    "multiclassification_loss": 0.0,
    "ortho_loss": 0.0,
    "pearson": 0.5684,
    "regression_loss": 2.5212,
    "rm2": 0.2929,
    "rmse": 1.588,
    "sd": 1.5389,
    "spearman": 0.5597,
    "spectral_loss": 0.0
}
                              
                              
----------------------------------------
Epoch 033 with LR 0.000100: Model Results
----------------------------------------
Train MSE Loss: 0.2941, Train CLS Loss: 0.0000, Train MCLS Loss: 0.0000
Protein Cluster Region Loss - Ortho Loss: 0.0000, Cluster Loss: 0.0000
                              
Validation Results: {
    "ci": 0.7084,
    "classification_loss": 0.0,
    "cluster_loss": 0.0,
    "mae": 1.1944,
    "mse": 2.489,
    "multiclassification_loss": 0.0,
    "ortho_loss": 0.0,
    "pearson": 0.6103,
    "regression_loss": 2.5088,
    "rm2": 0.2999,
    "rmse": 1.5777,
    "sd": 1.4829,
    "spearman": 0.5767,
    "spectral_loss": 0.0
}
                              
Test Results: {
    "ci": 0.6986,
    "classification_loss": 0.0,
    "cluster_loss": 0.0,
    "mae": 1.2432,
    "mse": 2.5217,
    "multiclassification_loss": 0.0,
    "ortho_loss": 0.0,
    "pearson": 0.5684,
    "regression_loss": 2.5212,
    "rm2": 0.2929,
    "rmse": 1.588,
    "sd": 1.5389,
    "spearman": 0.5597,
    "spectral_loss": 0.0
}
                              
                              
----------------------------------------
Epoch 034 with LR 0.000100: Model Results
----------------------------------------
Train MSE Loss: 0.2850, Train CLS Loss: 0.0000, Train MCLS Loss: 0.0000
Protein Cluster Region Loss - Ortho Loss: 0.0000, Cluster Loss: 0.0000
                              
Validation Results: {
    "ci": 0.7095,
    "classification_loss": 0.0,
    "cluster_loss": 0.0,
    "mae": 1.209,
    "mse": 2.5707,
    "multiclassification_loss": 0.0,
    "ortho_loss": 0.0,
    "pearson": 0.6093,
    "regression_loss": 2.5923,
    "rm2": 0.2883,
    "rmse": 1.6033,
    "sd": 1.4843,
    "spearman": 0.579,
    "spectral_loss": 0.0
}
                              
Test Results: {
    "ci": 0.6986,
    "classification_loss": 0.0,
    "cluster_loss": 0.0,
    "mae": 1.2432,
    "mse": 2.5217,
    "multiclassification_loss": 0.0,
    "ortho_loss": 0.0,
    "pearson": 0.5684,
    "regression_loss": 2.5212,
    "rm2": 0.2929,
    "rmse": 1.588,
    "sd": 1.5389,
    "spearman": 0.5597,
    "spectral_loss": 0.0
}
                              
                              
----------------------------------------
Epoch 035 with LR 0.000100: Model Results
----------------------------------------
Train MSE Loss: 0.2739, Train CLS Loss: 0.0000, Train MCLS Loss: 0.0000
Protein Cluster Region Loss - Ortho Loss: 0.0000, Cluster Loss: 0.0000
                              
Validation Results: {
    "ci": 0.7074,
    "classification_loss": 0.0,
    "cluster_loss": 0.0,
    "mae": 1.209,
    "mse": 2.5743,
    "multiclassification_loss": 0.0,
    "ortho_loss": 0.0,
    "pearson": 0.603,
    "regression_loss": 2.5958,
    "rm2": 0.2889,
    "rmse": 1.6045,
    "sd": 1.4933,
    "spearman": 0.5734,
    "spectral_loss": 0.0
}
                              
Test Results: {
    "ci": 0.6986,
    "classification_loss": 0.0,
    "cluster_loss": 0.0,
    "mae": 1.2432,
    "mse": 2.5217,
    "multiclassification_loss": 0.0,
    "ortho_loss": 0.0,
    "pearson": 0.5684,
    "regression_loss": 2.5212,
    "rm2": 0.2929,
    "rmse": 1.588,
    "sd": 1.5389,
    "spearman": 0.5597,
    "spectral_loss": 0.0
}
                              
                              
----------------------------------------
Epoch 036 with LR 0.000100: Model Results
----------------------------------------
Train MSE Loss: 0.2675, Train CLS Loss: 0.0000, Train MCLS Loss: 0.0000
Protein Cluster Region Loss - Ortho Loss: 0.0000, Cluster Loss: 0.0000
                              
Validation Results: {
    "ci": 0.7082,
    "classification_loss": 0.0,
    "cluster_loss": 0.0,
    "mae": 1.2035,
    "mse": 2.5473,
    "multiclassification_loss": 0.0,
    "ortho_loss": 0.0,
    "pearson": 0.6055,
    "regression_loss": 2.5684,
    "rm2": 0.2929,
    "rmse": 1.596,
    "sd": 1.4898,
    "spearman": 0.5752,
    "spectral_loss": 0.0
}
                              
Test Results: {
    "ci": 0.6986,
    "classification_loss": 0.0,
    "cluster_loss": 0.0,
    "mae": 1.2432,
    "mse": 2.5217,
    "multiclassification_loss": 0.0,
    "ortho_loss": 0.0,
    "pearson": 0.5684,
    "regression_loss": 2.5212,
    "rm2": 0.2929,
    "rmse": 1.588,
    "sd": 1.5389,
    "spearman": 0.5597,
    "spectral_loss": 0.0
}
                              
                              
----------------------------------------
Epoch 037 with LR 0.000100: Model Results
----------------------------------------
Train MSE Loss: 0.2574, Train CLS Loss: 0.0000, Train MCLS Loss: 0.0000
Protein Cluster Region Loss - Ortho Loss: 0.0000, Cluster Loss: 0.0000
                              
Validation Results: {
    "ci": 0.7053,
    "classification_loss": 0.0,
    "cluster_loss": 0.0,
    "mae": 1.2133,
    "mse": 2.5945,
    "multiclassification_loss": 0.0,
    "ortho_loss": 0.0,
    "pearson": 0.6005,
    "regression_loss": 2.6148,
    "rm2": 0.2876,
    "rmse": 1.6107,
    "sd": 1.4968,
    "spearman": 0.5683,
    "spectral_loss": 0.0
}
                              
Test Results: {
    "ci": 0.6986,
    "classification_loss": 0.0,
    "cluster_loss": 0.0,
    "mae": 1.2432,
    "mse": 2.5217,
    "multiclassification_loss": 0.0,
    "ortho_loss": 0.0,
    "pearson": 0.5684,
    "regression_loss": 2.5212,
    "rm2": 0.2929,
    "rmse": 1.588,
    "sd": 1.5389,
    "spearman": 0.5597,
    "spectral_loss": 0.0
}
                              
                              
----------------------------------------
Epoch 038 with LR 0.000100: Model Results
----------------------------------------
Train MSE Loss: 0.2503, Train CLS Loss: 0.0000, Train MCLS Loss: 0.0000
Protein Cluster Region Loss - Ortho Loss: 0.0000, Cluster Loss: 0.0000
                              
Validation Results: {
    "ci": 0.7063,
    "classification_loss": 0.0,
    "cluster_loss": 0.0,
    "mae": 1.2126,
    "mse": 2.5912,
    "multiclassification_loss": 0.0,
    "ortho_loss": 0.0,
    "pearson": 0.5997,
    "regression_loss": 2.6125,
    "rm2": 0.2865,
    "rmse": 1.6097,
    "sd": 1.4979,
    "spearman": 0.5706,
    "spectral_loss": 0.0
}
                              
Test Results: {
    "ci": 0.6986,
    "classification_loss": 0.0,
    "cluster_loss": 0.0,
    "mae": 1.2432,
    "mse": 2.5217,
    "multiclassification_loss": 0.0,
    "ortho_loss": 0.0,
    "pearson": 0.5684,
    "regression_loss": 2.5212,
    "rm2": 0.2929,
    "rmse": 1.588,
    "sd": 1.5389,
    "spearman": 0.5597,
    "spectral_loss": 0.0
}
                              
                              
----------------------------------------
Epoch 039 with LR 0.000100: Model Results
----------------------------------------
Train MSE Loss: 0.2465, Train CLS Loss: 0.0000, Train MCLS Loss: 0.0000
Protein Cluster Region Loss - Ortho Loss: 0.0000, Cluster Loss: 0.0000
                              
Validation Results: {
    "ci": 0.7059,
    "classification_loss": 0.0,
    "cluster_loss": 0.0,
    "mae": 1.2262,
    "mse": 2.6435,
    "multiclassification_loss": 0.0,
    "ortho_loss": 0.0,
    "pearson": 0.6023,
    "regression_loss": 2.6651,
    "rm2": 0.281,
    "rmse": 1.6259,
    "sd": 1.4942,
    "spearman": 0.5698,
    "spectral_loss": 0.0
}
                              
Test Results: {
    "ci": 0.6986,
    "classification_loss": 0.0,
    "cluster_loss": 0.0,
    "mae": 1.2432,
    "mse": 2.5217,
    "multiclassification_loss": 0.0,
    "ortho_loss": 0.0,
    "pearson": 0.5684,
    "regression_loss": 2.5212,
    "rm2": 0.2929,
    "rmse": 1.588,
    "sd": 1.5389,
    "spearman": 0.5597,
    "spectral_loss": 0.0
}
                              
                              
----------------------------------------
Epoch 040 with LR 0.000100: Model Results
----------------------------------------
Train MSE Loss: 0.2335, Train CLS Loss: 0.0000, Train MCLS Loss: 0.0000
Protein Cluster Region Loss - Ortho Loss: 0.0000, Cluster Loss: 0.0000
                              
Validation Results: {
    "ci": 0.705,
    "classification_loss": 0.0,
    "cluster_loss": 0.0,
    "mae": 1.2215,
    "mse": 2.6136,
    "multiclassification_loss": 0.0,
    "ortho_loss": 0.0,
    "pearson": 0.5979,
    "regression_loss": 2.6346,
    "rm2": 0.2808,
    "rmse": 1.6167,
    "sd": 1.5005,
    "spearman": 0.5675,
    "spectral_loss": 0.0
}
                              
Test Results: {
    "ci": 0.6986,
    "classification_loss": 0.0,
    "cluster_loss": 0.0,
    "mae": 1.2432,
    "mse": 2.5217,
    "multiclassification_loss": 0.0,
    "ortho_loss": 0.0,
    "pearson": 0.5684,
    "regression_loss": 2.5212,
    "rm2": 0.2929,
    "rmse": 1.588,
    "sd": 1.5389,
    "spearman": 0.5597,
    "spectral_loss": 0.0
}
                              
                              
----------------------------------------
Epoch 041 with LR 0.000100: Model Results
----------------------------------------
Train MSE Loss: 0.2280, Train CLS Loss: 0.0000, Train MCLS Loss: 0.0000
Protein Cluster Region Loss - Ortho Loss: 0.0000, Cluster Loss: 0.0000
                              
Validation Results: {
    "ci": 0.7062,
    "classification_loss": 0.0,
    "cluster_loss": 0.0,
    "mae": 1.2254,
    "mse": 2.6479,
    "multiclassification_loss": 0.0,
    "ortho_loss": 0.0,
    "pearson": 0.5992,
    "regression_loss": 2.6693,
    "rm2": 0.2771,
    "rmse": 1.6272,
    "sd": 1.4986,
    "spearman": 0.5705,
    "spectral_loss": 0.0
}
                              
Test Results: {
    "ci": 0.6986,
    "classification_loss": 0.0,
    "cluster_loss": 0.0,
    "mae": 1.2432,
    "mse": 2.5217,
    "multiclassification_loss": 0.0,
    "ortho_loss": 0.0,
    "pearson": 0.5684,
    "regression_loss": 2.5212,
    "rm2": 0.2929,
    "rmse": 1.588,
    "sd": 1.5389,
    "spearman": 0.5597,
    "spectral_loss": 0.0
}
                              
                              
----------------------------------------
Epoch 042 with LR 0.000100: Model Results
----------------------------------------
Train MSE Loss: 0.2200, Train CLS Loss: 0.0000, Train MCLS Loss: 0.0000
Protein Cluster Region Loss - Ortho Loss: 0.0000, Cluster Loss: 0.0000
                              
Validation Results: {
    "ci": 0.7038,
    "classification_loss": 0.0,
    "cluster_loss": 0.0,
    "mae": 1.2234,
    "mse": 2.6158,
    "multiclassification_loss": 0.0,
    "ortho_loss": 0.0,
    "pearson": 0.596,
    "regression_loss": 2.6365,
    "rm2": 0.2815,
    "rmse": 1.6173,
    "sd": 1.503,
    "spearman": 0.5645,
    "spectral_loss": 0.0
}
                              
Test Results: {
    "ci": 0.6986,
    "classification_loss": 0.0,
    "cluster_loss": 0.0,
    "mae": 1.2432,
    "mse": 2.5217,
    "multiclassification_loss": 0.0,
    "ortho_loss": 0.0,
    "pearson": 0.5684,
    "regression_loss": 2.5212,
    "rm2": 0.2929,
    "rmse": 1.588,
    "sd": 1.5389,
    "spearman": 0.5597,
    "spectral_loss": 0.0
}
                              
                              
----------------------------------------
Epoch 043 with LR 0.000100: Model Results
----------------------------------------
Train MSE Loss: 0.2144, Train CLS Loss: 0.0000, Train MCLS Loss: 0.0000
Protein Cluster Region Loss - Ortho Loss: 0.0000, Cluster Loss: 0.0000
                              
Validation Results: {
    "ci": 0.7043,
    "classification_loss": 0.0,
    "cluster_loss": 0.0,
    "mae": 1.2241,
    "mse": 2.623,
    "multiclassification_loss": 0.0,
    "ortho_loss": 0.0,
    "pearson": 0.596,
    "regression_loss": 2.6443,
    "rm2": 0.2835,
    "rmse": 1.6196,
    "sd": 1.503,
    "spearman": 0.5663,
    "spectral_loss": 0.0
}
                              
Test Results: {
    "ci": 0.6986,
    "classification_loss": 0.0,
    "cluster_loss": 0.0,
    "mae": 1.2432,
    "mse": 2.5217,
    "multiclassification_loss": 0.0,
    "ortho_loss": 0.0,
    "pearson": 0.5684,
    "regression_loss": 2.5212,
    "rm2": 0.2929,
    "rmse": 1.588,
    "sd": 1.5389,
    "spearman": 0.5597,
    "spectral_loss": 0.0
}
                              
                              
----------------------------------------
Epoch 044 with LR 0.000100: Model Results
----------------------------------------
Train MSE Loss: 0.2126, Train CLS Loss: 0.0000, Train MCLS Loss: 0.0000
Protein Cluster Region Loss - Ortho Loss: 0.0000, Cluster Loss: 0.0000
                              
Validation Results: {
    "ci": 0.7053,
    "classification_loss": 0.0,
    "cluster_loss": 0.0,
    "mae": 1.2159,
    "mse": 2.5874,
    "multiclassification_loss": 0.0,
    "ortho_loss": 0.0,
    "pearson": 0.5969,
    "regression_loss": 2.6079,
    "rm2": 0.2823,
    "rmse": 1.6085,
    "sd": 1.5019,
    "spearman": 0.5687,
    "spectral_loss": 0.0
}
                              
Test Results: {
    "ci": 0.6986,
    "classification_loss": 0.0,
    "cluster_loss": 0.0,
    "mae": 1.2432,
    "mse": 2.5217,
    "multiclassification_loss": 0.0,
    "ortho_loss": 0.0,
    "pearson": 0.5684,
    "regression_loss": 2.5212,
    "rm2": 0.2929,
    "rmse": 1.588,
    "sd": 1.5389,
    "spearman": 0.5597,
    "spectral_loss": 0.0
}
                              
                              
----------------------------------------
Epoch 045 with LR 0.000100: Model Results
----------------------------------------
Train MSE Loss: 0.2100, Train CLS Loss: 0.0000, Train MCLS Loss: 0.0000
Protein Cluster Region Loss - Ortho Loss: 0.0000, Cluster Loss: 0.0000
                              
Validation Results: {
    "ci": 0.7055,
    "classification_loss": 0.0,
    "cluster_loss": 0.0,
    "mae": 1.2215,
    "mse": 2.6067,
    "multiclassification_loss": 0.0,
    "ortho_loss": 0.0,
    "pearson": 0.5973,
    "regression_loss": 2.6278,
    "rm2": 0.2867,
    "rmse": 1.6145,
    "sd": 1.5012,
    "spearman": 0.5692,
    "spectral_loss": 0.0
}
                              
Test Results: {
    "ci": 0.6986,
    "classification_loss": 0.0,
    "cluster_loss": 0.0,
    "mae": 1.2432,
    "mse": 2.5217,
    "multiclassification_loss": 0.0,
    "ortho_loss": 0.0,
    "pearson": 0.5684,
    "regression_loss": 2.5212,
    "rm2": 0.2929,
    "rmse": 1.588,
    "sd": 1.5389,
    "spearman": 0.5597,
    "spectral_loss": 0.0
}
                              
                              
----------------------------------------
Epoch 046 with LR 0.000100: Model Results
----------------------------------------
Train MSE Loss: 0.1984, Train CLS Loss: 0.0000, Train MCLS Loss: 0.0000
Protein Cluster Region Loss - Ortho Loss: 0.0000, Cluster Loss: 0.0000
                              
Validation Results: {
    "ci": 0.7027,
    "classification_loss": 0.0,
    "cluster_loss": 0.0,
    "mae": 1.2274,
    "mse": 2.62,
    "multiclassification_loss": 0.0,
    "ortho_loss": 0.0,
    "pearson": 0.5932,
    "regression_loss": 2.6407,
    "rm2": 0.2803,
    "rmse": 1.6186,
    "sd": 1.5069,
    "spearman": 0.5625,
    "spectral_loss": 0.0
}
                              
Test Results: {
    "ci": 0.6986,
    "classification_loss": 0.0,
    "cluster_loss": 0.0,
    "mae": 1.2432,
    "mse": 2.5217,
    "multiclassification_loss": 0.0,
    "ortho_loss": 0.0,
    "pearson": 0.5684,
    "regression_loss": 2.5212,
    "rm2": 0.2929,
    "rmse": 1.588,
    "sd": 1.5389,
    "spearman": 0.5597,
    "spectral_loss": 0.0
}
                              
                              
----------------------------------------
Epoch 047 with LR 0.000100: Model Results
----------------------------------------
Train MSE Loss: 0.1918, Train CLS Loss: 0.0000, Train MCLS Loss: 0.0000
Protein Cluster Region Loss - Ortho Loss: 0.0000, Cluster Loss: 0.0000
                              
Validation Results: {
    "ci": 0.7023,
    "classification_loss": 0.0,
    "cluster_loss": 0.0,
    "mae": 1.2327,
    "mse": 2.6495,
    "multiclassification_loss": 0.0,
    "ortho_loss": 0.0,
    "pearson": 0.5929,
    "regression_loss": 2.6697,
    "rm2": 0.2771,
    "rmse": 1.6277,
    "sd": 1.5073,
    "spearman": 0.5617,
    "spectral_loss": 0.0
}
                              
Test Results: {
    "ci": 0.6986,
    "classification_loss": 0.0,
    "cluster_loss": 0.0,
    "mae": 1.2432,
    "mse": 2.5217,
    "multiclassification_loss": 0.0,
    "ortho_loss": 0.0,
    "pearson": 0.5684,
    "regression_loss": 2.5212,
    "rm2": 0.2929,
    "rmse": 1.588,
    "sd": 1.5389,
    "spearman": 0.5597,
    "spectral_loss": 0.0
}
                              
                              
----------------------------------------
Epoch 048 with LR 0.000100: Model Results
----------------------------------------
Train MSE Loss: 0.1883, Train CLS Loss: 0.0000, Train MCLS Loss: 0.0000
Protein Cluster Region Loss - Ortho Loss: 0.0000, Cluster Loss: 0.0000
                              
Validation Results: {
    "ci": 0.7033,
    "classification_loss": 0.0,
    "cluster_loss": 0.0,
    "mae": 1.235,
    "mse": 2.6775,
    "multiclassification_loss": 0.0,
    "ortho_loss": 0.0,
    "pearson": 0.5933,
    "regression_loss": 2.6996,
    "rm2": 0.2778,
    "rmse": 1.6363,
    "sd": 1.5069,
    "spearman": 0.5634,
    "spectral_loss": 0.0
}
                              
Test Results: {
    "ci": 0.6986,
    "classification_loss": 0.0,
    "cluster_loss": 0.0,
    "mae": 1.2432,
    "mse": 2.5217,
    "multiclassification_loss": 0.0,
    "ortho_loss": 0.0,
    "pearson": 0.5684,
    "regression_loss": 2.5212,
    "rm2": 0.2929,
    "rmse": 1.588,
    "sd": 1.5389,
    "spearman": 0.5597,
    "spectral_loss": 0.0
}
                              
                              
----------------------------------------
Epoch 049 with LR 0.000100: Model Results
----------------------------------------
Train MSE Loss: 0.1837, Train CLS Loss: 0.0000, Train MCLS Loss: 0.0000
Protein Cluster Region Loss - Ortho Loss: 0.0000, Cluster Loss: 0.0000
                              
Validation Results: {
    "ci": 0.7037,
    "classification_loss": 0.0,
    "cluster_loss": 0.0,
    "mae": 1.2266,
    "mse": 2.6391,
    "multiclassification_loss": 0.0,
    "ortho_loss": 0.0,
    "pearson": 0.593,
    "regression_loss": 2.6601,
    "rm2": 0.2757,
    "rmse": 1.6245,
    "sd": 1.5072,
    "spearman": 0.5648,
    "spectral_loss": 0.0
}
                              
Test Results: {
    "ci": 0.6986,
    "classification_loss": 0.0,
    "cluster_loss": 0.0,
    "mae": 1.2432,
    "mse": 2.5217,
    "multiclassification_loss": 0.0,
    "ortho_loss": 0.0,
    "pearson": 0.5684,
    "regression_loss": 2.5212,
    "rm2": 0.2929,
    "rmse": 1.588,
    "sd": 1.5389,
    "spearman": 0.5597,
    "spectral_loss": 0.0
}
                              
                              
----------------------------------------
Epoch 050 with LR 0.000100: Model Results
----------------------------------------
Train MSE Loss: 0.1803, Train CLS Loss: 0.0000, Train MCLS Loss: 0.0000
Protein Cluster Region Loss - Ortho Loss: 0.0000, Cluster Loss: 0.0000
                              
Validation Results: {
    "ci": 0.6996,
    "classification_loss": 0.0,
    "cluster_loss": 0.0,
    "mae": 1.2491,
    "mse": 2.7211,
    "multiclassification_loss": 0.0,
    "ortho_loss": 0.0,
    "pearson": 0.5861,
    "regression_loss": 2.7427,
    "rm2": 0.2672,
    "rmse": 1.6496,
    "sd": 1.5166,
    "spearman": 0.5546,
    "spectral_loss": 0.0
}
                              
Test Results: {
    "ci": 0.6986,
    "classification_loss": 0.0,
    "cluster_loss": 0.0,
    "mae": 1.2432,
    "mse": 2.5217,
    "multiclassification_loss": 0.0,
    "ortho_loss": 0.0,
    "pearson": 0.5684,
    "regression_loss": 2.5212,
    "rm2": 0.2929,
    "rmse": 1.588,
    "sd": 1.5389,
    "spearman": 0.5597,
    "spectral_loss": 0.0
}
[SWA] discarding averaged weights: rmse=1.6060711178454685 vs best per-epoch 1.4511
[best epoch] epoch=13, best_rmse=1.4511, lr_at_best=1.000e-04
                              
                              
----------------------------------------
Epoch 050 with LR 0.000100: Model Results
----------------------------------------
Train MSE Loss: 0.1803, Train CLS Loss: 0.0000, Train MCLS Loss: 0.0000
Protein Cluster Region Loss - Ortho Loss: 0.0000, Cluster Loss: 0.0000
                              
Validation Results: {
    "ci": 0.6996,
    "classification_loss": 0.0,
    "cluster_loss": 0.0,
    "mae": 1.2491,
    "mse": 2.7211,
    "multiclassification_loss": 0.0,
    "ortho_loss": 0.0,
    "pearson": 0.5861,
    "regression_loss": 2.7427,
    "rm2": 0.2672,
    "rmse": 1.6496,
    "sd": 1.5166,
    "spearman": 0.5546,
    "spectral_loss": 0.0
}
                              
Test Results: {
    "ci": 0.6986,
    "classification_loss": 0.0,
    "cluster_loss": 0.0,
    "mae": 1.2432,
    "mse": 2.5217,
    "multiclassification_loss": 0.0,
    "ortho_loss": 0.0,
    "pearson": 0.5684,
    "regression_loss": 2.5212,
    "rm2": 0.2929,
    "rmse": 1.588,
    "sd": 1.5389,
    "spearman": 0.5597,
    "spectral_loss": 0.0
}
Final test metrics: rmse=1.5880, pearson=0.5684, r2_proxy(mse)=2.5217
Done. Predictions: /sc/arion/projects/DiseaseGeneCell/Huang_lab_project/wangcDrugRepoProject/TRACE_Kin_Results_v3_molformer_ctx/catpred_dataset/catpred_ki_ProteinCLIP_embedding_cold_protein/test_prediction_seed2.csv; checkpoint: /sc/arion/projects/DiseaseGeneCell/Huang_lab_project/wangcDrugRepoProject/TRACE_Kin_Results_v3_molformer_ctx/catpred_dataset/catpred_ki_ProteinCLIP_embedding_cold_protein/save_model_seed2/model.pt

==========================================
Array task 8/10: OK (catpred_ki_ProteinCLIP_embedding_cold_protein)
==========================================


PS:

Read file <242891576.8.stderr> for stderr output of this job.

