Sender: LSF System <lsfadmin@lg02e03>
Subject: Job 242891535: <trace_kin_v3_smoke> in cluster <chimera> Done

Job <trace_kin_v3_smoke> was submitted from host <li04e01> by user <wangc40> in cluster <chimera> at Sun May 10 18:51:34 2026
Job was executed on host(s) <8*lg02e03>, in queue <gpu>, as user <wangc40> in cluster <chimera> at Sun May 10 18:51:39 2026
</hpc/users/wangc40> was used as the home directory.
</sc/arion/projects/DiseaseGeneCell/Huang_lab_project/wangcDrugRepoProject/TRACE-Kin> was used as the working directory.
Started at Sun May 10 18:51:39 2026
Terminated at Sun May 10 18:54:25 2026
Results reported at Sun May 10 18:54:25 2026

Your job looked like:

------------------------------------------------------------
# LSBATCH: User input
#!/bin/bash
#BSUB -J trace_kin_v3_smoke
#BSUB -P acc_DiseaseGeneCell
#BSUB -q gpu
#BSUB -R h100nvl
#BSUB -gpu num=1
#BSUB -n 8
#BSUB -R "rusage[mem=8000]"
#BSUB -R "span[hosts=1]"
#BSUB -W 00:30
#BSUB -o %J.v3_smoke.stdout
#BSUB -eo %J.v3_smoke.stderr
#BSUB -L /bin/bash

# =============================================================================
# TRACE-Kin v3 + MoLFormer-XL context residual smoke test
# =============================================================================
# Submit with:
#     bsub < training/run_v3_smoke_test.lsf
#
# Purpose: validate the v3-with-MoLFormer-XL-context pipeline end-to-end
# on one cell before committing the 10-cell × 3-seed perfolder array.
# Catches:
#   - MoLFormer-XL HuggingFace load + tokenizer (transformers, trust_remote_code)
#   - compute_molformer_embeddings live inference + cache write
#   - chembert_fp shape (B, 768) flowing through MultiGraphData → trainer
#   - net_v3 chembert_proj (Linear 768 → 200) + reg_out fresh head
#   - zero-init chembert_proj means epoch 0 ≈ v1 baseline (sanity check)
#   - SWA enabled in config — confirm no crash even though smoke uses few epochs
#
# Runs train_trace_kin.py with a tiny sample (100 rows, 2 epochs) on one
# fixed dataset so it finishes in a few minutes. Walltime capped at 30 min.
#
# After this job finishes, chain the perfolder arrays to it:
#     bsub -w "done(<SMOKE_JOB_ID>)" < training/run_v3_perfolder_s1.lsf
#     bsub < training/run_v3_perfolder_s2.lsf
#     bsub < training/run_v3_perfolder_s3.lsf
# (s2 and s3 don't need the dependency: each cell rebuilds its own cache
# unconditionally, so all three seeds can run independently.)
# =============================================================================

# --- Environment -------------------------------------------------------------
# Match the prologue of the proven-working PSICHIC LSFs verbatim — no
# `set -euo pipefail`. Mount Sinai's /etc/profile.d scripts return non-zero
# in places that aren't real errors, and errexit aborts the job before
# module + conda activation can complete.
ml purge
source ~/.bashrc
module load anaconda3/2024.06
source activate test

(... more ...)
------------------------------------------------------------

Successfully completed.

Resource usage summary:

    CPU time :                                   101.00 sec.
    Max Memory :                                 6646 MB
    Average Memory :                             3802.99 MB
    Total Requested Memory :                     64000.00 MB
    Delta Memory :                               57354.00 MB
    Max Swap :                                   -
    Max Processes :                              4
    Max Threads :                                25
    Run time :                                   166 sec.
    Turnaround time :                            171 sec.

The output (if any) follows:

==========================================
TRACE-Kin v3 + MoLFormer-XL Context Residual Smoke Test
==========================================
Date:               Sun May 10 18:51:43 EDT 2026
Dataset:            /sc/arion/projects/DiseaseGeneCell/Huang_lab_project/drug_discovery/output/data/enzyme_embeddings_dataset/MPEK_dataset/MPEK_kcat_ESMv1_embedding_random
Result dir:         /sc/arion/projects/DiseaseGeneCell/Huang_lab_project/wangcDrugRepoProject/TRACE_Kin_Results_v3_molformer_ctx/_smoke
Config:             training/config_v3.json
MoLFormer:          /sc/arion/projects/DiseaseGeneCell/Huang_lab_project/wangcDrugRepoProject/transformersmodels/ibm/MoLFormer-XL-both-10pct
Sample size:        100 rows train / 50 test
Epochs:             2
Mol context:        Linear(768 -> 200) added as residual to mol_pool
==========================================
Python 3.12.2
Python: /sc/arion/work/wangc40/test-env/envs/test/bin/python
CUDA device: NVIDIA H100 80GB HBM3, sm_90
============================================================
TRACE-Kin training
============================================================
Datafolder:        /sc/arion/projects/DiseaseGeneCell/Huang_lab_project/drug_discovery/output/data/enzyme_embeddings_dataset/MPEK_dataset/MPEK_kcat_ESMv1_embedding_random
Result path:       /sc/arion/projects/DiseaseGeneCell/Huang_lab_project/wangcDrugRepoProject/TRACE_Kin_Results_v3_molformer_ctx/_smoke
Config:            training/config_v3.json
Pool train CSVs:   (none)
============================================================
Loading primary train: /sc/arion/projects/DiseaseGeneCell/Huang_lab_project/drug_discovery/output/data/enzyme_embeddings_dataset/MPEK_dataset/MPEK_kcat_ESMv1_embedding_random/train.parquet
Loading primary test: /sc/arion/projects/DiseaseGeneCell/Huang_lab_project/drug_discovery/output/data/enzyme_embeddings_dataset/MPEK_dataset/MPEK_kcat_ESMv1_embedding_random/test.parquet
Loading primary val: /sc/arion/projects/DiseaseGeneCell/Huang_lab_project/drug_discovery/output/data/enzyme_embeddings_dataset/MPEK_dataset/MPEK_kcat_ESMv1_embedding_random/val.parquet
Detected prot_evo_channels = 1280
seq2feat: 1518 unique sequences.
Loading MoLFormer-XL from /sc/arion/projects/DiseaseGeneCell/Huang_lab_project/wangcDrugRepoProject/transformersmodels/ibm/MoLFormer-XL-both-10pct
Computing MoLFormer embeddings for 857 unique SMILES (batch_size=64)
  embedded 64/857
Saved MoLFormer cache: /sc/arion/projects/DiseaseGeneCell/Huang_lab_project/drug_discovery/output/data/enzyme_embeddings_dataset/MPEK_dataset/MPEK_kcat_ESMv1_embedding_random/molformer_emb.pt (857 SMILES)
MoLFormer embeddings: 857 unique SMILES, dim=768
model_version: v3, use_swa: True
Building protein graphs from scratch (this can be slow)...
Building ligand graphs from scratch...
loaders ready: train=7 test=4 val=112
Computing PNA degrees from training data...
Built TraceKinV3 with 6,105,522 parameters
[SWA] enabled: start_epoch=1, swa_lr=1.000e-05
[LR schedule] schedule_lr=False, lrate=0.0001, min_lrate=0, warmup_iters=0, lr_decay_iters=14, total_iters=14
Not in terminal, reprint now using normal build-in print function.
                              
                              
----------------------------------------
Epoch 001 with LR 0.000100: Model Results
----------------------------------------
Train MSE Loss: 2.5256, Train CLS Loss: 0.0000, Train MCLS Loss: 0.0000
Protein Cluster Region Loss - Ortho Loss: 0.0000, Cluster Loss: 0.0000
                              
Validation Results: {
    "ci": 0.5469,
    "classification_loss": 0.0,
    "cluster_loss": 0.0,
    "mae": 1.2073,
    "mse": 2.3386,
    "multiclassification_loss": 0.0,
    "ortho_loss": 0.0,
    "pearson": 0.136,
    "regression_loss": 2.3378,
    "rm2": 0.0183,
    "rmse": 1.5293,
    "sd": 1.522,
    "spearman": 0.1402,
    "spectral_loss": 0.0
}
                              
Test Results: {
    "ci": 0.5859,
    "classification_loss": 0.0,
    "cluster_loss": 0.0,
    "mae": 1.0936,
    "mse": 1.8598,
    "multiclassification_loss": 0.0,
    "ortho_loss": 0.0,
    "pearson": 0.1938,
    "regression_loss": 2.1334,
    "rm2": 0.0368,
    "rmse": 1.3637,
    "sd": 1.3645,
    "spearman": 0.2564,
    "spectral_loss": 0.0
}
                              
                              
----------------------------------------
Epoch 002 with LR 0.000100: Model Results
----------------------------------------
Train MSE Loss: 2.2262, Train CLS Loss: 0.0000, Train MCLS Loss: 0.0000
Protein Cluster Region Loss - Ortho Loss: 0.0000, Cluster Loss: 0.0000
                              
Validation Results: {
    "ci": 0.5472,
    "classification_loss": 0.0,
    "cluster_loss": 0.0,
    "mae": 1.2038,
    "mse": 2.3336,
    "multiclassification_loss": 0.0,
    "ortho_loss": 0.0,
    "pearson": 0.142,
    "regression_loss": 2.3327,
    "rm2": 0.0199,
    "rmse": 1.5276,
    "sd": 1.5207,
    "spearman": 0.1406,
    "spectral_loss": 0.0
}
                              
Test Results: {
    "ci": 0.5777,
    "classification_loss": 0.0,
    "cluster_loss": 0.0,
    "mae": 1.0917,
    "mse": 1.8583,
    "multiclassification_loss": 0.0,
    "ortho_loss": 0.0,
    "pearson": 0.1893,
    "regression_loss": 2.1293,
    "rm2": 0.0351,
    "rmse": 1.3632,
    "sd": 1.3657,
    "spearman": 0.2447,
    "spectral_loss": 0.0
}
[SWA] discarding averaged weights: rmse=1.528381853418513 vs best per-epoch 1.5276
[best epoch] epoch=2, best_rmse=1.5276, lr_at_best=1.000e-04
                              
                              
----------------------------------------
Epoch 002 with LR 0.000100: Model Results
----------------------------------------
Train MSE Loss: 2.2262, Train CLS Loss: 0.0000, Train MCLS Loss: 0.0000
Protein Cluster Region Loss - Ortho Loss: 0.0000, Cluster Loss: 0.0000
                              
Validation Results: {
    "ci": 0.5472,
    "classification_loss": 0.0,
    "cluster_loss": 0.0,
    "mae": 1.2038,
    "mse": 2.3336,
    "multiclassification_loss": 0.0,
    "ortho_loss": 0.0,
    "pearson": 0.142,
    "regression_loss": 2.3327,
    "rm2": 0.0199,
    "rmse": 1.5276,
    "sd": 1.5207,
    "spearman": 0.1406,
    "spectral_loss": 0.0
}
                              
Test Results: {
    "ci": 0.5777,
    "classification_loss": 0.0,
    "cluster_loss": 0.0,
    "mae": 1.0917,
    "mse": 1.8583,
    "multiclassification_loss": 0.0,
    "ortho_loss": 0.0,
    "pearson": 0.1893,
    "regression_loss": 2.1293,
    "rm2": 0.0351,
    "rmse": 1.3632,
    "sd": 1.3657,
    "spearman": 0.2447,
    "spectral_loss": 0.0
}
Final test metrics: rmse=1.3632, pearson=0.1893, r2_proxy(mse)=1.8583
Done. Predictions: /sc/arion/projects/DiseaseGeneCell/Huang_lab_project/wangcDrugRepoProject/TRACE_Kin_Results_v3_molformer_ctx/_smoke/test_prediction_seed1.csv; checkpoint: /sc/arion/projects/DiseaseGeneCell/Huang_lab_project/wangcDrugRepoProject/TRACE_Kin_Results_v3_molformer_ctx/_smoke/save_model_seed1/model.pt

==========================================
SMOKE TEST: PASS
Result file: /sc/arion/projects/DiseaseGeneCell/Huang_lab_project/wangcDrugRepoProject/TRACE_Kin_Results_v3_molformer_ctx/_smoke/test_prediction_seed1.csv
Next: bsub -w "done(242891535)" < training/run_v3_perfolder_s1.lsf
      bsub < training/run_v3_perfolder_s2.lsf
      bsub < training/run_v3_perfolder_s3.lsf
==========================================


PS:

Read file <242891535.v3_smoke.stderr> for stderr output of this job.

