Sender: LSF System <lsfadmin@lg03e06>
Subject: Job 242889491[8]: <trace_kin_v3_perfolder_s3[1-10]> in cluster <chimera> Done

Job <trace_kin_v3_perfolder_s3[1-10]> was submitted from host <li04e01> by user <wangc40> in cluster <chimera> at Sun May 10 16:55:27 2026
Job was executed on host(s) <16*lg03e06>, in queue <gpu>, as user <wangc40> in cluster <chimera> at Sun May 10 16:55:29 2026
</hpc/users/wangc40> was used as the home directory.
</sc/arion/projects/DiseaseGeneCell/Huang_lab_project/wangcDrugRepoProject/TRACE-Kin> was used as the working directory.
Started at Sun May 10 16:55:29 2026
Terminated at Sun May 10 17:16:43 2026
Results reported at Sun May 10 17:16:43 2026

Your job looked like:

------------------------------------------------------------
# LSBATCH: User input
#!/bin/bash
#BSUB -J trace_kin_v3_perfolder_s3[1-10]
#BSUB -P acc_DiseaseGeneCell
#BSUB -q gpu
#BSUB -R h100nvl
#BSUB -gpu num=1
#BSUB -n 16
#BSUB -R "rusage[mem=8000]"
#BSUB -R "span[hosts=1]"
#BSUB -W 48:00
#BSUB -o %J.%I.stdout
#BSUB -eo %J.%I.stderr
#BSUB -L /bin/bash

# =============================================================================
# TRACE-Kin v3 PER-FOLDER + ChemBERT — top-10 RF-gap cells
# =============================================================================
# Submit with:
#     bsub < training/run_v3_perfolder_s1.lsf
#
# Per-folder evaluation: each (dataset × kinetic × split) cell gets its own
# v3 model trained ONLY on that folder's train.parquet, tested on that
# folder's test.parquet. NO cross-dataset pooling — avoids the leakage
# concern that pool-train rows could contaminate primary-test keys.
#
# v3 FP-MLP head input is mean-ESM (1280) ⊕ ChemBERT (768), loaded from
# the per-row `metabolite_features` column of train/val/test.parquet —
# apples-to-apples vs the historical ChemBERT-fed RF baseline.
#
# Cells: the 10 (out of 27) where the historical PSICHIC-vs-RF gap is
# largest, derived from data/benchmark/kinetic_regress_benchmark_clean.csv.
# These are the cells the ChemBERT cutover is most likely to move. The
# embedding per cell is the one with the LOWEST RF baseline RMSE in the
# benchmark (= the hardest fair test for v3). All 5 kinetics, all 3 splits,
# and all 4 source datasets are represented.
#
# Ordered by descending RF-gap (PSICHIC RMSE − RF RMSE):
#   1. EITLEM   kcat_km cold_drug    ESMv1       gap +0.135
#   2. catpred  kcat    random       ESMv1       gap +0.130
#   3. inhouse  Kd      random       ESMv1       gap +0.115
#   4. EITLEM   kcat_km random       ESM2        gap +0.098
#   5. EITLEM   kcat    cold_drug    ESM2        gap +0.093
#   6. MPEK     kcat    cold_protein ProteinCLIP gap +0.092
#   7. EITLEM   km      cold_protein ProteinCLIP gap +0.090
#   8. catpred  ki      cold_protein ProteinCLIP gap +0.085
#   9. EITLEM   kcat_km cold_protein ProteinCLIP gap +0.080
#  10. EITLEM   kcat    cold_protein ProteinCLIP gap +0.073
#
# Outputs land under TRACE_Kin_Results_v3_chembert/<dataset>/<task_name>/
# so they don't collide with the existing TRACE_Kin_Results_v3*/ trees.

(... more ...)
------------------------------------------------------------

Successfully completed.

Resource usage summary:

    CPU time :                                   1059.00 sec.
    Max Memory :                                 6083 MB
    Average Memory :                             5792.12 MB
    Total Requested Memory :                     128000.00 MB
    Delta Memory :                               121917.00 MB
    Max Swap :                                   -
    Max Processes :                              4
    Max Threads :                                18
    Run time :                                   1106 sec.
    Turnaround time :                            1276 sec.

The output (if any) follows:

==========================================
TRACE-Kin v3 PER-FOLDER task 8/10
==========================================
Date:        Sun May 10 16:55:32 EDT 2026
Dataset:     /sc/arion/projects/DiseaseGeneCell/Huang_lab_project/drug_discovery/output/data/enzyme_embeddings_dataset/catpred_dataset/catpred_ki_ProteinCLIP_embedding_cold_protein
Result:      /sc/arion/projects/DiseaseGeneCell/Huang_lab_project/wangcDrugRepoProject/TRACE_Kin_Results_v3_chembert/catpred_dataset/catpred_ki_ProteinCLIP_embedding_cold_protein
Config:      training/config_v3.json
Pool CSVs:   (none — per-folder)
Model:       v3 (per-folder, no pool, ChemBERT FP-MLP, best embedding by RF baseline)
Epochs:      30, batch=16, seed=3, lr=1e-4
==========================================
Python 3.12.2
Python: /sc/arion/work/wangc40/test-env/envs/test/bin/python
CUDA device: NVIDIA H100 80GB HBM3, sm_90
============================================================
TRACE-Kin training
============================================================
Datafolder:        /sc/arion/projects/DiseaseGeneCell/Huang_lab_project/drug_discovery/output/data/enzyme_embeddings_dataset/catpred_dataset/catpred_ki_ProteinCLIP_embedding_cold_protein
Result path:       /sc/arion/projects/DiseaseGeneCell/Huang_lab_project/wangcDrugRepoProject/TRACE_Kin_Results_v3_chembert/catpred_dataset/catpred_ki_ProteinCLIP_embedding_cold_protein
Config:            training/config_v3.json
Pool train CSVs:   (none)
============================================================
Loading primary train: /sc/arion/projects/DiseaseGeneCell/Huang_lab_project/drug_discovery/output/data/enzyme_embeddings_dataset/catpred_dataset/catpred_ki_ProteinCLIP_embedding_cold_protein/train.parquet
Loading primary test: /sc/arion/projects/DiseaseGeneCell/Huang_lab_project/drug_discovery/output/data/enzyme_embeddings_dataset/catpred_dataset/catpred_ki_ProteinCLIP_embedding_cold_protein/test.parquet
Loading primary val: /sc/arion/projects/DiseaseGeneCell/Huang_lab_project/drug_discovery/output/data/enzyme_embeddings_dataset/catpred_dataset/catpred_ki_ProteinCLIP_embedding_cold_protein/val.parquet
Detected prot_evo_channels = 128
seq2feat: 2829 unique sequences.
Detected chembert_dim = 768
smi2chembert: 7146 unique SMILES.
model_version: v3, use_swa: False
Building protein graphs from scratch (this can be slow)...
Building ligand graphs from scratch...
⚠️  Warning: Failed to parse SMILES: *C(=O)OCC(O)CO[PH](=O)(=O)OCC(O)COC(*)=O
   Skipping this molecule and returning None
⚠️  Skipped invalid SMILES: *C(=O)OCC(O)CO[PH](=O)(=O)OCC(O)COC(*)=O
⚠️  Warning: Skipped 1 invalid SMILES strings
WARN: dropping 1 train rows with missing protein/ligand graphs.
loaders ready: train=518 test=147 val=82
Computing PNA degrees from training data...
Built TraceKinV3 with 6,018,651 parameters
[LR schedule] schedule_lr=False, lrate=0.0001, min_lrate=0, warmup_iters=0, lr_decay_iters=15540, total_iters=15540
Not in terminal, reprint now using normal build-in print function.
                              
                              
----------------------------------------
Epoch 001 with LR 0.000100: Model Results
----------------------------------------
Train MSE Loss: 2.7782, Train CLS Loss: 0.0000, Train MCLS Loss: 0.0000
Protein Cluster Region Loss - Ortho Loss: 0.0000, Cluster Loss: 0.0000
                              
Validation Results: {
    "ci": 0.7074,
    "classification_loss": 0.0,
    "cluster_loss": 0.0,
    "mae": 1.2263,
    "mse": 2.4682,
    "multiclassification_loss": 0.0,
    "ortho_loss": 0.0,
    "pearson": 0.5966,
    "regression_loss": 2.4659,
    "rm2": 0.3286,
    "rmse": 1.571,
    "sd": 1.5023,
    "spearman": 0.587,
    "spectral_loss": 0.0
}
                              
Test Results: {
    "ci": 0.6942,
    "classification_loss": 0.0,
    "cluster_loss": 0.0,
    "mae": 1.2311,
    "mse": 2.5375,
    "multiclassification_loss": 0.0,
    "ortho_loss": 0.0,
    "pearson": 0.5523,
    "regression_loss": 2.5371,
    "rm2": 0.2886,
    "rmse": 1.593,
    "sd": 1.5593,
    "spearman": 0.5526,
    "spectral_loss": 0.0
}
                              
                              
----------------------------------------
Epoch 002 with LR 0.000100: Model Results
----------------------------------------
Train MSE Loss: 2.3545, Train CLS Loss: 0.0000, Train MCLS Loss: 0.0000
Protein Cluster Region Loss - Ortho Loss: 0.0000, Cluster Loss: 0.0000
                              
Validation Results: {
    "ci": 0.713,
    "classification_loss": 0.0,
    "cluster_loss": 0.0,
    "mae": 1.2022,
    "mse": 2.2066,
    "multiclassification_loss": 0.0,
    "ortho_loss": 0.0,
    "pearson": 0.6137,
    "regression_loss": 2.2073,
    "rm2": 0.3593,
    "rmse": 1.4855,
    "sd": 1.4779,
    "spearman": 0.5998,
    "spectral_loss": 0.0
}
                              
Test Results: {
    "ci": 0.6821,
    "classification_loss": 0.0,
    "cluster_loss": 0.0,
    "mae": 1.309,
    "mse": 2.747,
    "multiclassification_loss": 0.0,
    "ortho_loss": 0.0,
    "pearson": 0.5261,
    "regression_loss": 2.7473,
    "rm2": 0.262,
    "rmse": 1.6574,
    "sd": 1.5907,
    "spearman": 0.5173,
    "spectral_loss": 0.0
}
                              
                              
----------------------------------------
Epoch 003 with LR 0.000100: Model Results
----------------------------------------
Train MSE Loss: 2.0595, Train CLS Loss: 0.0000, Train MCLS Loss: 0.0000
Protein Cluster Region Loss - Ortho Loss: 0.0000, Cluster Loss: 0.0000
                              
Validation Results: {
    "ci": 0.7221,
    "classification_loss": 0.0,
    "cluster_loss": 0.0,
    "mae": 1.2592,
    "mse": 2.399,
    "multiclassification_loss": 0.0,
    "ortho_loss": 0.0,
    "pearson": 0.6361,
    "regression_loss": 2.4029,
    "rm2": 0.399,
    "rmse": 1.5489,
    "sd": 1.4444,
    "spearman": 0.6211,
    "spectral_loss": 0.0
}
                              
Test Results: {
    "ci": 0.6821,
    "classification_loss": 0.0,
    "cluster_loss": 0.0,
    "mae": 1.309,
    "mse": 2.747,
    "multiclassification_loss": 0.0,
    "ortho_loss": 0.0,
    "pearson": 0.5261,
    "regression_loss": 2.7473,
    "rm2": 0.262,
    "rmse": 1.6574,
    "sd": 1.5907,
    "spearman": 0.5173,
    "spectral_loss": 0.0
}
                              
                              
----------------------------------------
Epoch 004 with LR 0.000100: Model Results
----------------------------------------
Train MSE Loss: 1.8837, Train CLS Loss: 0.0000, Train MCLS Loss: 0.0000
Protein Cluster Region Loss - Ortho Loss: 0.0000, Cluster Loss: 0.0000
                              
Validation Results: {
    "ci": 0.7233,
    "classification_loss": 0.0,
    "cluster_loss": 0.0,
    "mae": 1.1758,
    "mse": 2.1493,
    "multiclassification_loss": 0.0,
    "ortho_loss": 0.0,
    "pearson": 0.6364,
    "regression_loss": 2.1571,
    "rm2": 0.363,
    "rmse": 1.466,
    "sd": 1.4439,
    "spearman": 0.6198,
    "spectral_loss": 0.0
}
                              
Test Results: {
    "ci": 0.7043,
    "classification_loss": 0.0,
    "cluster_loss": 0.0,
    "mae": 1.2365,
    "mse": 2.4854,
    "multiclassification_loss": 0.0,
    "ortho_loss": 0.0,
    "pearson": 0.5808,
    "regression_loss": 2.4844,
    "rm2": 0.3024,
    "rmse": 1.5765,
    "sd": 1.5227,
    "spearman": 0.5731,
    "spectral_loss": 0.0
}
                              
                              
----------------------------------------
Epoch 005 with LR 0.000100: Model Results
----------------------------------------
Train MSE Loss: 1.7255, Train CLS Loss: 0.0000, Train MCLS Loss: 0.0000
Protein Cluster Region Loss - Ortho Loss: 0.0000, Cluster Loss: 0.0000
                              
Validation Results: {
    "ci": 0.7226,
    "classification_loss": 0.0,
    "cluster_loss": 0.0,
    "mae": 1.1312,
    "mse": 2.087,
    "multiclassification_loss": 0.0,
    "ortho_loss": 0.0,
    "pearson": 0.6478,
    "regression_loss": 2.0895,
    "rm2": 0.3742,
    "rmse": 1.4447,
    "sd": 1.426,
    "spearman": 0.6161,
    "spectral_loss": 0.0
}
                              
Test Results: {
    "ci": 0.689,
    "classification_loss": 0.0,
    "cluster_loss": 0.0,
    "mae": 1.2838,
    "mse": 2.6594,
    "multiclassification_loss": 0.0,
    "ortho_loss": 0.0,
    "pearson": 0.543,
    "regression_loss": 2.6582,
    "rm2": 0.2611,
    "rmse": 1.6308,
    "sd": 1.5707,
    "spearman": 0.5375,
    "spectral_loss": 0.0
}
                              
                              
----------------------------------------
Epoch 006 with LR 0.000100: Model Results
----------------------------------------
Train MSE Loss: 1.6034, Train CLS Loss: 0.0000, Train MCLS Loss: 0.0000
Protein Cluster Region Loss - Ortho Loss: 0.0000, Cluster Loss: 0.0000
                              
Validation Results: {
    "ci": 0.7145,
    "classification_loss": 0.0,
    "cluster_loss": 0.0,
    "mae": 1.2048,
    "mse": 2.277,
    "multiclassification_loss": 0.0,
    "ortho_loss": 0.0,
    "pearson": 0.6239,
    "regression_loss": 2.2833,
    "rm2": 0.382,
    "rmse": 1.509,
    "sd": 1.4629,
    "spearman": 0.5993,
    "spectral_loss": 0.0
}
                              
Test Results: {
    "ci": 0.689,
    "classification_loss": 0.0,
    "cluster_loss": 0.0,
    "mae": 1.2838,
    "mse": 2.6594,
    "multiclassification_loss": 0.0,
    "ortho_loss": 0.0,
    "pearson": 0.543,
    "regression_loss": 2.6582,
    "rm2": 0.2611,
    "rmse": 1.6308,
    "sd": 1.5707,
    "spearman": 0.5375,
    "spectral_loss": 0.0
}
                              
                              
----------------------------------------
Epoch 007 with LR 0.000100: Model Results
----------------------------------------
Train MSE Loss: 1.5231, Train CLS Loss: 0.0000, Train MCLS Loss: 0.0000
Protein Cluster Region Loss - Ortho Loss: 0.0000, Cluster Loss: 0.0000
                              
Validation Results: {
    "ci": 0.7248,
    "classification_loss": 0.0,
    "cluster_loss": 0.0,
    "mae": 1.1583,
    "mse": 2.1103,
    "multiclassification_loss": 0.0,
    "ortho_loss": 0.0,
    "pearson": 0.6565,
    "regression_loss": 2.1165,
    "rm2": 0.3946,
    "rmse": 1.4527,
    "sd": 1.412,
    "spearman": 0.6243,
    "spectral_loss": 0.0
}
                              
Test Results: {
    "ci": 0.689,
    "classification_loss": 0.0,
    "cluster_loss": 0.0,
    "mae": 1.2838,
    "mse": 2.6594,
    "multiclassification_loss": 0.0,
    "ortho_loss": 0.0,
    "pearson": 0.543,
    "regression_loss": 2.6582,
    "rm2": 0.2611,
    "rmse": 1.6308,
    "sd": 1.5707,
    "spearman": 0.5375,
    "spectral_loss": 0.0
}
                              
                              
----------------------------------------
Epoch 008 with LR 0.000100: Model Results
----------------------------------------
Train MSE Loss: 1.4373, Train CLS Loss: 0.0000, Train MCLS Loss: 0.0000
Protein Cluster Region Loss - Ortho Loss: 0.0000, Cluster Loss: 0.0000
                              
Validation Results: {
    "ci": 0.7207,
    "classification_loss": 0.0,
    "cluster_loss": 0.0,
    "mae": 1.1574,
    "mse": 2.2386,
    "multiclassification_loss": 0.0,
    "ortho_loss": 0.0,
    "pearson": 0.6419,
    "regression_loss": 2.2461,
    "rm2": 0.3311,
    "rmse": 1.4962,
    "sd": 1.4353,
    "spearman": 0.6114,
    "spectral_loss": 0.0
}
                              
Test Results: {
    "ci": 0.689,
    "classification_loss": 0.0,
    "cluster_loss": 0.0,
    "mae": 1.2838,
    "mse": 2.6594,
    "multiclassification_loss": 0.0,
    "ortho_loss": 0.0,
    "pearson": 0.543,
    "regression_loss": 2.6582,
    "rm2": 0.2611,
    "rmse": 1.6308,
    "sd": 1.5707,
    "spearman": 0.5375,
    "spectral_loss": 0.0
}
                              
                              
----------------------------------------
Epoch 009 with LR 0.000100: Model Results
----------------------------------------
Train MSE Loss: 1.3396, Train CLS Loss: 0.0000, Train MCLS Loss: 0.0000
Protein Cluster Region Loss - Ortho Loss: 0.0000, Cluster Loss: 0.0000
                              
Validation Results: {
    "ci": 0.7097,
    "classification_loss": 0.0,
    "cluster_loss": 0.0,
    "mae": 1.221,
    "mse": 2.3795,
    "multiclassification_loss": 0.0,
    "ortho_loss": 0.0,
    "pearson": 0.6176,
    "regression_loss": 2.3925,
    "rm2": 0.367,
    "rmse": 1.5426,
    "sd": 1.4723,
    "spearman": 0.5837,
    "spectral_loss": 0.0
}
                              
Test Results: {
    "ci": 0.689,
    "classification_loss": 0.0,
    "cluster_loss": 0.0,
    "mae": 1.2838,
    "mse": 2.6594,
    "multiclassification_loss": 0.0,
    "ortho_loss": 0.0,
    "pearson": 0.543,
    "regression_loss": 2.6582,
    "rm2": 0.2611,
    "rmse": 1.6308,
    "sd": 1.5707,
    "spearman": 0.5375,
    "spectral_loss": 0.0
}
                              
                              
----------------------------------------
Epoch 010 with LR 0.000100: Model Results
----------------------------------------
Train MSE Loss: 1.2848, Train CLS Loss: 0.0000, Train MCLS Loss: 0.0000
Protein Cluster Region Loss - Ortho Loss: 0.0000, Cluster Loss: 0.0000
                              
Validation Results: {
    "ci": 0.7006,
    "classification_loss": 0.0,
    "cluster_loss": 0.0,
    "mae": 1.1997,
    "mse": 2.2873,
    "multiclassification_loss": 0.0,
    "ortho_loss": 0.0,
    "pearson": 0.6032,
    "regression_loss": 2.2923,
    "rm2": 0.3239,
    "rmse": 1.5124,
    "sd": 1.4929,
    "spearman": 0.5633,
    "spectral_loss": 0.0
}
                              
Test Results: {
    "ci": 0.689,
    "classification_loss": 0.0,
    "cluster_loss": 0.0,
    "mae": 1.2838,
    "mse": 2.6594,
    "multiclassification_loss": 0.0,
    "ortho_loss": 0.0,
    "pearson": 0.543,
    "regression_loss": 2.6582,
    "rm2": 0.2611,
    "rmse": 1.6308,
    "sd": 1.5707,
    "spearman": 0.5375,
    "spectral_loss": 0.0
}
                              
                              
----------------------------------------
Epoch 011 with LR 0.000100: Model Results
----------------------------------------
Train MSE Loss: 1.1876, Train CLS Loss: 0.0000, Train MCLS Loss: 0.0000
Protein Cluster Region Loss - Ortho Loss: 0.0000, Cluster Loss: 0.0000
                              
Validation Results: {
    "ci": 0.7022,
    "classification_loss": 0.0,
    "cluster_loss": 0.0,
    "mae": 1.2168,
    "mse": 2.3636,
    "multiclassification_loss": 0.0,
    "ortho_loss": 0.0,
    "pearson": 0.6023,
    "regression_loss": 2.3736,
    "rm2": 0.3264,
    "rmse": 1.5374,
    "sd": 1.4943,
    "spearman": 0.5666,
    "spectral_loss": 0.0
}
                              
Test Results: {
    "ci": 0.689,
    "classification_loss": 0.0,
    "cluster_loss": 0.0,
    "mae": 1.2838,
    "mse": 2.6594,
    "multiclassification_loss": 0.0,
    "ortho_loss": 0.0,
    "pearson": 0.543,
    "regression_loss": 2.6582,
    "rm2": 0.2611,
    "rmse": 1.6308,
    "sd": 1.5707,
    "spearman": 0.5375,
    "spectral_loss": 0.0
}
                              
                              
----------------------------------------
Epoch 012 with LR 0.000100: Model Results
----------------------------------------
Train MSE Loss: 1.1516, Train CLS Loss: 0.0000, Train MCLS Loss: 0.0000
Protein Cluster Region Loss - Ortho Loss: 0.0000, Cluster Loss: 0.0000
                              
Validation Results: {
    "ci": 0.7162,
    "classification_loss": 0.0,
    "cluster_loss": 0.0,
    "mae": 1.1962,
    "mse": 2.3136,
    "multiclassification_loss": 0.0,
    "ortho_loss": 0.0,
    "pearson": 0.6324,
    "regression_loss": 2.3196,
    "rm2": 0.3621,
    "rmse": 1.521,
    "sd": 1.45,
    "spearman": 0.6035,
    "spectral_loss": 0.0
}
                              
Test Results: {
    "ci": 0.689,
    "classification_loss": 0.0,
    "cluster_loss": 0.0,
    "mae": 1.2838,
    "mse": 2.6594,
    "multiclassification_loss": 0.0,
    "ortho_loss": 0.0,
    "pearson": 0.543,
    "regression_loss": 2.6582,
    "rm2": 0.2611,
    "rmse": 1.6308,
    "sd": 1.5707,
    "spearman": 0.5375,
    "spectral_loss": 0.0
}
                              
                              
----------------------------------------
Epoch 013 with LR 0.000100: Model Results
----------------------------------------
Train MSE Loss: 1.0875, Train CLS Loss: 0.0000, Train MCLS Loss: 0.0000
Protein Cluster Region Loss - Ortho Loss: 0.0000, Cluster Loss: 0.0000
                              
Validation Results: {
    "ci": 0.7101,
    "classification_loss": 0.0,
    "cluster_loss": 0.0,
    "mae": 1.2343,
    "mse": 2.4195,
    "multiclassification_loss": 0.0,
    "ortho_loss": 0.0,
    "pearson": 0.6171,
    "regression_loss": 2.4301,
    "rm2": 0.3367,
    "rmse": 1.5555,
    "sd": 1.473,
    "spearman": 0.5873,
    "spectral_loss": 0.0
}
                              
Test Results: {
    "ci": 0.689,
    "classification_loss": 0.0,
    "cluster_loss": 0.0,
    "mae": 1.2838,
    "mse": 2.6594,
    "multiclassification_loss": 0.0,
    "ortho_loss": 0.0,
    "pearson": 0.543,
    "regression_loss": 2.6582,
    "rm2": 0.2611,
    "rmse": 1.6308,
    "sd": 1.5707,
    "spearman": 0.5375,
    "spectral_loss": 0.0
}
                              
                              
----------------------------------------
Epoch 014 with LR 0.000100: Model Results
----------------------------------------
Train MSE Loss: 1.0213, Train CLS Loss: 0.0000, Train MCLS Loss: 0.0000
Protein Cluster Region Loss - Ortho Loss: 0.0000, Cluster Loss: 0.0000
                              
Validation Results: {
    "ci": 0.7101,
    "classification_loss": 0.0,
    "cluster_loss": 0.0,
    "mae": 1.1986,
    "mse": 2.3446,
    "multiclassification_loss": 0.0,
    "ortho_loss": 0.0,
    "pearson": 0.6181,
    "regression_loss": 2.3531,
    "rm2": 0.3434,
    "rmse": 1.5312,
    "sd": 1.4714,
    "spearman": 0.5864,
    "spectral_loss": 0.0
}
                              
Test Results: {
    "ci": 0.689,
    "classification_loss": 0.0,
    "cluster_loss": 0.0,
    "mae": 1.2838,
    "mse": 2.6594,
    "multiclassification_loss": 0.0,
    "ortho_loss": 0.0,
    "pearson": 0.543,
    "regression_loss": 2.6582,
    "rm2": 0.2611,
    "rmse": 1.6308,
    "sd": 1.5707,
    "spearman": 0.5375,
    "spectral_loss": 0.0
}
                              
                              
----------------------------------------
Epoch 015 with LR 0.000100: Model Results
----------------------------------------
Train MSE Loss: 0.9782, Train CLS Loss: 0.0000, Train MCLS Loss: 0.0000
Protein Cluster Region Loss - Ortho Loss: 0.0000, Cluster Loss: 0.0000
                              
Validation Results: {
    "ci": 0.7031,
    "classification_loss": 0.0,
    "cluster_loss": 0.0,
    "mae": 1.2429,
    "mse": 2.5525,
    "multiclassification_loss": 0.0,
    "ortho_loss": 0.0,
    "pearson": 0.5904,
    "regression_loss": 2.5675,
    "rm2": 0.2919,
    "rmse": 1.5977,
    "sd": 1.5108,
    "spearman": 0.5682,
    "spectral_loss": 0.0
}
                              
Test Results: {
    "ci": 0.689,
    "classification_loss": 0.0,
    "cluster_loss": 0.0,
    "mae": 1.2838,
    "mse": 2.6594,
    "multiclassification_loss": 0.0,
    "ortho_loss": 0.0,
    "pearson": 0.543,
    "regression_loss": 2.6582,
    "rm2": 0.2611,
    "rmse": 1.6308,
    "sd": 1.5707,
    "spearman": 0.5375,
    "spectral_loss": 0.0
}

Early stopping at epoch 15 (no improvement for 10 epochs)
[best epoch] epoch=5, best_rmse=1.4447, lr_at_best=1.000e-04
                              
                              
----------------------------------------
Epoch 015 with LR 0.000100: Model Results
----------------------------------------
Train MSE Loss: 0.9782, Train CLS Loss: 0.0000, Train MCLS Loss: 0.0000
Protein Cluster Region Loss - Ortho Loss: 0.0000, Cluster Loss: 0.0000
                              
Validation Results: {
    "ci": 0.7031,
    "classification_loss": 0.0,
    "cluster_loss": 0.0,
    "mae": 1.2429,
    "mse": 2.5525,
    "multiclassification_loss": 0.0,
    "ortho_loss": 0.0,
    "pearson": 0.5904,
    "regression_loss": 2.5675,
    "rm2": 0.2919,
    "rmse": 1.5977,
    "sd": 1.5108,
    "spearman": 0.5682,
    "spectral_loss": 0.0
}
                              
Test Results: {
    "ci": 0.689,
    "classification_loss": 0.0,
    "cluster_loss": 0.0,
    "mae": 1.2838,
    "mse": 2.6594,
    "multiclassification_loss": 0.0,
    "ortho_loss": 0.0,
    "pearson": 0.543,
    "regression_loss": 2.6582,
    "rm2": 0.2611,
    "rmse": 1.6308,
    "sd": 1.5707,
    "spearman": 0.5375,
    "spectral_loss": 0.0
}
Final test metrics: rmse=1.6308, pearson=0.5430, r2_proxy(mse)=2.6594
Done. Predictions: /sc/arion/projects/DiseaseGeneCell/Huang_lab_project/wangcDrugRepoProject/TRACE_Kin_Results_v3_chembert/catpred_dataset/catpred_ki_ProteinCLIP_embedding_cold_protein/test_prediction_seed3.csv; checkpoint: /sc/arion/projects/DiseaseGeneCell/Huang_lab_project/wangcDrugRepoProject/TRACE_Kin_Results_v3_chembert/catpred_dataset/catpred_ki_ProteinCLIP_embedding_cold_protein/save_model_seed3/model.pt

==========================================
Array task 8/10: OK (catpred_ki_ProteinCLIP_embedding_cold_protein)
==========================================


PS:

Read file <242889491.8.stderr> for stderr output of this job.

