Sender: LSF System <lsfadmin@lg02e09>
Subject: Job 242891576[1]: <trace_kin_v3_perfolder_s2[1-10]> in cluster <chimera> Done

Job <trace_kin_v3_perfolder_s2[1-10]> was submitted from host <li04e01> by user <wangc40> in cluster <chimera> at Sun May 10 18:57:43 2026
Job was executed on host(s) <16*lg02e09>, in queue <gpu>, as user <wangc40> in cluster <chimera> at Sun May 10 18:57:45 2026
</hpc/users/wangc40> was used as the home directory.
</sc/arion/projects/DiseaseGeneCell/Huang_lab_project/wangcDrugRepoProject/TRACE-Kin> was used as the working directory.
Started at Sun May 10 18:57:45 2026
Terminated at Sun May 10 20:21:04 2026
Results reported at Sun May 10 20:21:04 2026

Your job looked like:

------------------------------------------------------------
# LSBATCH: User input
#!/bin/bash
#BSUB -J trace_kin_v3_perfolder_s2[1-10]
#BSUB -P acc_DiseaseGeneCell
#BSUB -q gpu
#BSUB -R h100nvl
#BSUB -gpu num=1
#BSUB -n 16
#BSUB -R "rusage[mem=8000]"
#BSUB -R "span[hosts=1]"
#BSUB -W 48:00
#BSUB -o %J.%I.stdout
#BSUB -eo %J.%I.stderr
#BSUB -L /bin/bash

# =============================================================================
# TRACE-Kin v3 PER-FOLDER + MoLFormer-XL context — top-10 RF-gap cells
# =============================================================================
# Submit with:
#     bsub < training/run_v3_perfolder_s1.lsf
#
# Per-folder evaluation: each (dataset × kinetic × split) cell gets its own
# v3 model trained ONLY on that folder's train.parquet, tested on that
# folder's test.parquet. NO cross-dataset pooling — avoids the leakage
# concern that pool-train rows could contaminate primary-test keys.
#
# v3 = v1 GNN backbone + MoLFormer-XL (768) projected to hidden_channels
# and added as a global-graph-context residual to mol_pool, before a
# fresh regression head. Molecular embeddings are computed live by
# MoLFormer-XL (not read from a pre-computed parquet column) and cached
# at <datafolder>/molformer_emb.pt so all 3 seeds share the compute.
#
# SWA is enabled (start at 50% of training, swa_lr=10x lower) to average
# weights over the noisy val plateau. Single-best-epoch checkpoint
# selection was picking lucky early dips driven by small-val-set noise.
# Patience disabled so SWA's averaging window has room to build.
#
# Cells: the 10 (out of 27) where the historical PSICHIC-vs-RF gap is
# largest, derived from data/benchmark/kinetic_regress_benchmark_clean.csv.
# These are the cells the ChemBERT cutover is most likely to move. The
# embedding per cell is the one with the LOWEST RF baseline RMSE in the
# benchmark (= the hardest fair test for v3). All 5 kinetics, all 3 splits,
# and all 4 source datasets are represented.
#
# Ordered by descending RF-gap (PSICHIC RMSE − RF RMSE):
#   1. EITLEM   kcat_km cold_drug    ESMv1       gap +0.135
#   2. catpred  kcat    random       ESMv1       gap +0.130
#   3. inhouse  Kd      random       ESMv1       gap +0.115
#   4. EITLEM   kcat_km random       ESM2        gap +0.098
#   5. EITLEM   kcat    cold_drug    ESM2        gap +0.093
#   6. MPEK     kcat    cold_protein ProteinCLIP gap +0.092

(... more ...)
------------------------------------------------------------

Successfully completed.

Resource usage summary:

    CPU time :                                   4738.00 sec.
    Max Memory :                                 18162 MB
    Average Memory :                             17120.89 MB
    Total Requested Memory :                     128000.00 MB
    Delta Memory :                               109838.00 MB
    Max Swap :                                   -
    Max Processes :                              6
    Max Threads :                                24
    Run time :                                   4999 sec.
    Turnaround time :                            5001 sec.

The output (if any) follows:

==========================================
TRACE-Kin v3 PER-FOLDER task 1/10
==========================================
Date:        Sun May 10 18:57:49 EDT 2026
Dataset:     /sc/arion/projects/DiseaseGeneCell/Huang_lab_project/drug_discovery/output/data/enzyme_embeddings_dataset/EITLEM_dataset/EITLEM_kkm_ESMv1_embedding_cold_drug
Result:      /sc/arion/projects/DiseaseGeneCell/Huang_lab_project/wangcDrugRepoProject/TRACE_Kin_Results_v3_molformer_ctx/EITLEM_dataset/EITLEM_kkm_ESMv1_embedding_cold_drug
Config:      training/config_v3.json
Pool CSVs:   (none — per-folder)
Model:       v3 (per-folder, no pool, MoLFormer-XL context residual, SWA, best embedding by RF baseline)
MoLFormer:   /sc/arion/projects/DiseaseGeneCell/Huang_lab_project/wangcDrugRepoProject/transformersmodels/ibm/MoLFormer-XL-both-10pct
Epochs:      50, batch=16, seed=2, lr=1e-4
==========================================
Python 3.12.2
Python: /sc/arion/work/wangc40/test-env/envs/test/bin/python
CUDA device: NVIDIA H100 80GB HBM3, sm_90
============================================================
TRACE-Kin training
============================================================
Datafolder:        /sc/arion/projects/DiseaseGeneCell/Huang_lab_project/drug_discovery/output/data/enzyme_embeddings_dataset/EITLEM_dataset/EITLEM_kkm_ESMv1_embedding_cold_drug
Result path:       /sc/arion/projects/DiseaseGeneCell/Huang_lab_project/wangcDrugRepoProject/TRACE_Kin_Results_v3_molformer_ctx/EITLEM_dataset/EITLEM_kkm_ESMv1_embedding_cold_drug
Config:            training/config_v3.json
Pool train CSVs:   (none)
============================================================
Loading primary train: /sc/arion/projects/DiseaseGeneCell/Huang_lab_project/drug_discovery/output/data/enzyme_embeddings_dataset/EITLEM_dataset/EITLEM_kkm_ESMv1_embedding_cold_drug/train.parquet
Loading primary test: /sc/arion/projects/DiseaseGeneCell/Huang_lab_project/drug_discovery/output/data/enzyme_embeddings_dataset/EITLEM_dataset/EITLEM_kkm_ESMv1_embedding_cold_drug/test.parquet
Loading primary val: /sc/arion/projects/DiseaseGeneCell/Huang_lab_project/drug_discovery/output/data/enzyme_embeddings_dataset/EITLEM_dataset/EITLEM_kkm_ESMv1_embedding_cold_drug/val.parquet
Detected prot_evo_channels = 1280
seq2feat: 6607 unique sequences.
Loading MoLFormer-XL from /sc/arion/projects/DiseaseGeneCell/Huang_lab_project/wangcDrugRepoProject/transformersmodels/ibm/MoLFormer-XL-both-10pct
Computing MoLFormer embeddings for 2924 unique SMILES (batch_size=64)
  embedded 64/2924
  embedded 1344/2924
  embedded 2624/2924
Saved MoLFormer cache: /sc/arion/projects/DiseaseGeneCell/Huang_lab_project/drug_discovery/output/data/enzyme_embeddings_dataset/EITLEM_dataset/EITLEM_kkm_ESMv1_embedding_cold_drug/molformer_emb.pt (2924 SMILES)
MoLFormer embeddings: 2924 unique SMILES, dim=768
model_version: v3, use_swa: True
Building protein graphs from scratch (this can be slow)...
U, B, O, or 0 in Sequence
U, B, O, or 0 in Sequence
U, B, O, or 0 in Sequence
U, B, O, or 0 in Sequence
U, B, O, or 0 in Sequence
U, B, O, or 0 in Sequence
Building ligand graphs from scratch...
loaders ready: train=610 test=156 val=93
Computing PNA degrees from training data...
Built TraceKinV3 with 6,105,522 parameters
[SWA] enabled: start_epoch=25, swa_lr=1.000e-05
[LR schedule] schedule_lr=False, lrate=0.0001, min_lrate=0, warmup_iters=0, lr_decay_iters=30500, total_iters=30500
Not in terminal, reprint now using normal build-in print function.
                              
                              
----------------------------------------
Epoch 001 with LR 0.000100: Model Results
----------------------------------------
Train MSE Loss: 3.0791, Train CLS Loss: 0.0000, Train MCLS Loss: 0.0000
Protein Cluster Region Loss - Ortho Loss: 0.0000, Cluster Loss: 0.0000
                              
Validation Results: {
    "ci": 0.5733,
    "classification_loss": 0.0,
    "cluster_loss": 0.0,
    "mae": 1.4051,
    "mse": 3.1472,
    "multiclassification_loss": 0.0,
    "ortho_loss": 0.0,
    "pearson": 0.2182,
    "regression_loss": 3.1526,
    "rm2": 0.0469,
    "rmse": 1.774,
    "sd": 1.7723,
    "spearman": 0.2189,
    "spectral_loss": 0.0
}
                              
Test Results: {
    "ci": 0.5747,
    "classification_loss": 0.0,
    "cluster_loss": 0.0,
    "mae": 1.2959,
    "mse": 2.7373,
    "multiclassification_loss": 0.0,
    "ortho_loss": 0.0,
    "pearson": 0.2153,
    "regression_loss": 2.7301,
    "rm2": 0.0452,
    "rmse": 1.6545,
    "sd": 1.6474,
    "spearman": 0.2188,
    "spectral_loss": 0.0
}
                              
                              
----------------------------------------
Epoch 002 with LR 0.000100: Model Results
----------------------------------------
Train MSE Loss: 2.9547, Train CLS Loss: 0.0000, Train MCLS Loss: 0.0000
Protein Cluster Region Loss - Ortho Loss: 0.0000, Cluster Loss: 0.0000
                              
Validation Results: {
    "ci": 0.5828,
    "classification_loss": 0.0,
    "cluster_loss": 0.0,
    "mae": 1.4035,
    "mse": 3.1316,
    "multiclassification_loss": 0.0,
    "ortho_loss": 0.0,
    "pearson": 0.2373,
    "regression_loss": 3.1434,
    "rm2": 0.0562,
    "rmse": 1.7696,
    "sd": 1.7642,
    "spearman": 0.2449,
    "spectral_loss": 0.0
}
                              
Test Results: {
    "ci": 0.5652,
    "classification_loss": 0.0,
    "cluster_loss": 0.0,
    "mae": 1.3047,
    "mse": 2.7492,
    "multiclassification_loss": 0.0,
    "ortho_loss": 0.0,
    "pearson": 0.1927,
    "regression_loss": 2.7418,
    "rm2": 0.0366,
    "rmse": 1.6581,
    "sd": 1.6554,
    "spearman": 0.1915,
    "spectral_loss": 0.0
}
                              
                              
----------------------------------------
Epoch 003 with LR 0.000100: Model Results
----------------------------------------
Train MSE Loss: 2.7338, Train CLS Loss: 0.0000, Train MCLS Loss: 0.0000
Protein Cluster Region Loss - Ortho Loss: 0.0000, Cluster Loss: 0.0000
                              
Validation Results: {
    "ci": 0.6353,
    "classification_loss": 0.0,
    "cluster_loss": 0.0,
    "mae": 1.3136,
    "mse": 2.85,
    "multiclassification_loss": 0.0,
    "ortho_loss": 0.0,
    "pearson": 0.3695,
    "regression_loss": 2.8556,
    "rm2": 0.134,
    "rmse": 1.6882,
    "sd": 1.6876,
    "spearman": 0.3923,
    "spectral_loss": 0.0
}
                              
Test Results: {
    "ci": 0.5816,
    "classification_loss": 0.0,
    "cluster_loss": 0.0,
    "mae": 1.3178,
    "mse": 2.7889,
    "multiclassification_loss": 0.0,
    "ortho_loss": 0.0,
    "pearson": 0.2439,
    "regression_loss": 2.782,
    "rm2": 0.0567,
    "rmse": 1.67,
    "sd": 1.636,
    "spearman": 0.2395,
    "spectral_loss": 0.0
}
                              
                              
----------------------------------------
Epoch 004 with LR 0.000100: Model Results
----------------------------------------
Train MSE Loss: 2.5285, Train CLS Loss: 0.0000, Train MCLS Loss: 0.0000
Protein Cluster Region Loss - Ortho Loss: 0.0000, Cluster Loss: 0.0000
                              
Validation Results: {
    "ci": 0.6452,
    "classification_loss": 0.0,
    "cluster_loss": 0.0,
    "mae": 1.3146,
    "mse": 2.8451,
    "multiclassification_loss": 0.0,
    "ortho_loss": 0.0,
    "pearson": 0.3982,
    "regression_loss": 2.8519,
    "rm2": 0.1471,
    "rmse": 1.6867,
    "sd": 1.6659,
    "spearman": 0.4243,
    "spectral_loss": 0.0
}
                              
Test Results: {
    "ci": 0.5989,
    "classification_loss": 0.0,
    "cluster_loss": 0.0,
    "mae": 1.3051,
    "mse": 2.7426,
    "multiclassification_loss": 0.0,
    "ortho_loss": 0.0,
    "pearson": 0.2936,
    "regression_loss": 2.7364,
    "rm2": 0.0797,
    "rmse": 1.6561,
    "sd": 1.6127,
    "spearman": 0.291,
    "spectral_loss": 0.0
}
                              
                              
----------------------------------------
Epoch 005 with LR 0.000100: Model Results
----------------------------------------
Train MSE Loss: 2.3247, Train CLS Loss: 0.0000, Train MCLS Loss: 0.0000
Protein Cluster Region Loss - Ortho Loss: 0.0000, Cluster Loss: 0.0000
                              
Validation Results: {
    "ci": 0.6543,
    "classification_loss": 0.0,
    "cluster_loss": 0.0,
    "mae": 1.2653,
    "mse": 2.686,
    "multiclassification_loss": 0.0,
    "ortho_loss": 0.0,
    "pearson": 0.4334,
    "regression_loss": 2.6906,
    "rm2": 0.1861,
    "rmse": 1.6389,
    "sd": 1.6366,
    "spearman": 0.4489,
    "spectral_loss": 0.0
}
                              
Test Results: {
    "ci": 0.6018,
    "classification_loss": 0.0,
    "cluster_loss": 0.0,
    "mae": 1.2987,
    "mse": 2.7259,
    "multiclassification_loss": 0.0,
    "ortho_loss": 0.0,
    "pearson": 0.3105,
    "regression_loss": 2.7198,
    "rm2": 0.0929,
    "rmse": 1.651,
    "sd": 1.6036,
    "spearman": 0.2983,
    "spectral_loss": 0.0
}
                              
                              
----------------------------------------
Epoch 006 with LR 0.000100: Model Results
----------------------------------------
Train MSE Loss: 2.1427, Train CLS Loss: 0.0000, Train MCLS Loss: 0.0000
Protein Cluster Region Loss - Ortho Loss: 0.0000, Cluster Loss: 0.0000
                              
Validation Results: {
    "ci": 0.6603,
    "classification_loss": 0.0,
    "cluster_loss": 0.0,
    "mae": 1.2715,
    "mse": 2.7335,
    "multiclassification_loss": 0.0,
    "ortho_loss": 0.0,
    "pearson": 0.4558,
    "regression_loss": 2.7246,
    "rm2": 0.2055,
    "rmse": 1.6533,
    "sd": 1.6164,
    "spearman": 0.4653,
    "spectral_loss": 0.0
}
                              
Test Results: {
    "ci": 0.6018,
    "classification_loss": 0.0,
    "cluster_loss": 0.0,
    "mae": 1.2987,
    "mse": 2.7259,
    "multiclassification_loss": 0.0,
    "ortho_loss": 0.0,
    "pearson": 0.3105,
    "regression_loss": 2.7198,
    "rm2": 0.0929,
    "rmse": 1.651,
    "sd": 1.6036,
    "spearman": 0.2983,
    "spectral_loss": 0.0
}
                              
                              
----------------------------------------
Epoch 007 with LR 0.000100: Model Results
----------------------------------------
Train MSE Loss: 1.9525, Train CLS Loss: 0.0000, Train MCLS Loss: 0.0000
Protein Cluster Region Loss - Ortho Loss: 0.0000, Cluster Loss: 0.0000
                              
Validation Results: {
    "ci": 0.6461,
    "classification_loss": 0.0,
    "cluster_loss": 0.0,
    "mae": 1.3645,
    "mse": 3.0063,
    "multiclassification_loss": 0.0,
    "ortho_loss": 0.0,
    "pearson": 0.4281,
    "regression_loss": 3.0461,
    "rm2": 0.1545,
    "rmse": 1.7339,
    "sd": 1.6413,
    "spearman": 0.4275,
    "spectral_loss": 0.0
}
                              
Test Results: {
    "ci": 0.6018,
    "classification_loss": 0.0,
    "cluster_loss": 0.0,
    "mae": 1.2987,
    "mse": 2.7259,
    "multiclassification_loss": 0.0,
    "ortho_loss": 0.0,
    "pearson": 0.3105,
    "regression_loss": 2.7198,
    "rm2": 0.0929,
    "rmse": 1.651,
    "sd": 1.6036,
    "spearman": 0.2983,
    "spectral_loss": 0.0
}
                              
                              
----------------------------------------
Epoch 008 with LR 0.000100: Model Results
----------------------------------------
Train MSE Loss: 1.8295, Train CLS Loss: 0.0000, Train MCLS Loss: 0.0000
Protein Cluster Region Loss - Ortho Loss: 0.0000, Cluster Loss: 0.0000
                              
Validation Results: {
    "ci": 0.6657,
    "classification_loss": 0.0,
    "cluster_loss": 0.0,
    "mae": 1.2884,
    "mse": 2.7902,
    "multiclassification_loss": 0.0,
    "ortho_loss": 0.0,
    "pearson": 0.4729,
    "regression_loss": 2.789,
    "rm2": 0.1883,
    "rmse": 1.6704,
    "sd": 1.6002,
    "spearman": 0.4793,
    "spectral_loss": 0.0
}
                              
Test Results: {
    "ci": 0.6018,
    "classification_loss": 0.0,
    "cluster_loss": 0.0,
    "mae": 1.2987,
    "mse": 2.7259,
    "multiclassification_loss": 0.0,
    "ortho_loss": 0.0,
    "pearson": 0.3105,
    "regression_loss": 2.7198,
    "rm2": 0.0929,
    "rmse": 1.651,
    "sd": 1.6036,
    "spearman": 0.2983,
    "spectral_loss": 0.0
}
                              
                              
----------------------------------------
Epoch 009 with LR 0.000100: Model Results
----------------------------------------
Train MSE Loss: 1.6992, Train CLS Loss: 0.0000, Train MCLS Loss: 0.0000
Protein Cluster Region Loss - Ortho Loss: 0.0000, Cluster Loss: 0.0000
                              
Validation Results: {
    "ci": 0.664,
    "classification_loss": 0.0,
    "cluster_loss": 0.0,
    "mae": 1.2472,
    "mse": 2.6261,
    "multiclassification_loss": 0.0,
    "ortho_loss": 0.0,
    "pearson": 0.4791,
    "regression_loss": 2.6209,
    "rm2": 0.213,
    "rmse": 1.6205,
    "sd": 1.594,
    "spearman": 0.4758,
    "spectral_loss": 0.0
}
                              
Test Results: {
    "ci": 0.6319,
    "classification_loss": 0.0,
    "cluster_loss": 0.0,
    "mae": 1.2446,
    "mse": 2.6065,
    "multiclassification_loss": 0.0,
    "ortho_loss": 0.0,
    "pearson": 0.3993,
    "regression_loss": 2.6062,
    "rm2": 0.1487,
    "rmse": 1.6145,
    "sd": 1.5467,
    "spearman": 0.379,
    "spectral_loss": 0.0
}
                              
                              
----------------------------------------
Epoch 010 with LR 0.000100: Model Results
----------------------------------------
Train MSE Loss: 1.6111, Train CLS Loss: 0.0000, Train MCLS Loss: 0.0000
Protein Cluster Region Loss - Ortho Loss: 0.0000, Cluster Loss: 0.0000
                              
Validation Results: {
    "ci": 0.6675,
    "classification_loss": 0.0,
    "cluster_loss": 0.0,
    "mae": 1.2773,
    "mse": 2.7783,
    "multiclassification_loss": 0.0,
    "ortho_loss": 0.0,
    "pearson": 0.4896,
    "regression_loss": 2.7575,
    "rm2": 0.2367,
    "rmse": 1.6668,
    "sd": 1.5835,
    "spearman": 0.4844,
    "spectral_loss": 0.0
}
                              
Test Results: {
    "ci": 0.6319,
    "classification_loss": 0.0,
    "cluster_loss": 0.0,
    "mae": 1.2446,
    "mse": 2.6065,
    "multiclassification_loss": 0.0,
    "ortho_loss": 0.0,
    "pearson": 0.3993,
    "regression_loss": 2.6062,
    "rm2": 0.1487,
    "rmse": 1.6145,
    "sd": 1.5467,
    "spearman": 0.379,
    "spectral_loss": 0.0
}
                              
                              
----------------------------------------
Epoch 011 with LR 0.000100: Model Results
----------------------------------------
Train MSE Loss: 1.5487, Train CLS Loss: 0.0000, Train MCLS Loss: 0.0000
Protein Cluster Region Loss - Ortho Loss: 0.0000, Cluster Loss: 0.0000
                              
Validation Results: {
    "ci": 0.6591,
    "classification_loss": 0.0,
    "cluster_loss": 0.0,
    "mae": 1.2644,
    "mse": 2.6699,
    "multiclassification_loss": 0.0,
    "ortho_loss": 0.0,
    "pearson": 0.4646,
    "regression_loss": 2.6614,
    "rm2": 0.1952,
    "rmse": 1.634,
    "sd": 1.6082,
    "spearman": 0.4573,
    "spectral_loss": 0.0
}
                              
Test Results: {
    "ci": 0.6319,
    "classification_loss": 0.0,
    "cluster_loss": 0.0,
    "mae": 1.2446,
    "mse": 2.6065,
    "multiclassification_loss": 0.0,
    "ortho_loss": 0.0,
    "pearson": 0.3993,
    "regression_loss": 2.6062,
    "rm2": 0.1487,
    "rmse": 1.6145,
    "sd": 1.5467,
    "spearman": 0.379,
    "spectral_loss": 0.0
}
                              
                              
----------------------------------------
Epoch 012 with LR 0.000100: Model Results
----------------------------------------
Train MSE Loss: 1.4668, Train CLS Loss: 0.0000, Train MCLS Loss: 0.0000
Protein Cluster Region Loss - Ortho Loss: 0.0000, Cluster Loss: 0.0000
                              
Validation Results: {
    "ci": 0.6639,
    "classification_loss": 0.0,
    "cluster_loss": 0.0,
    "mae": 1.2309,
    "mse": 2.5496,
    "multiclassification_loss": 0.0,
    "ortho_loss": 0.0,
    "pearson": 0.4908,
    "regression_loss": 2.5314,
    "rm2": 0.2234,
    "rmse": 1.5968,
    "sd": 1.5823,
    "spearman": 0.4728,
    "spectral_loss": 0.0
}
                              
Test Results: {
    "ci": 0.6337,
    "classification_loss": 0.0,
    "cluster_loss": 0.0,
    "mae": 1.2132,
    "mse": 2.4744,
    "multiclassification_loss": 0.0,
    "ortho_loss": 0.0,
    "pearson": 0.4121,
    "regression_loss": 2.4741,
    "rm2": 0.1591,
    "rmse": 1.573,
    "sd": 1.5371,
    "spearman": 0.3833,
    "spectral_loss": 0.0
}
                              
                              
----------------------------------------
Epoch 013 with LR 0.000100: Model Results
----------------------------------------
Train MSE Loss: 1.4051, Train CLS Loss: 0.0000, Train MCLS Loss: 0.0000
Protein Cluster Region Loss - Ortho Loss: 0.0000, Cluster Loss: 0.0000
                              
Validation Results: {
    "ci": 0.6544,
    "classification_loss": 0.0,
    "cluster_loss": 0.0,
    "mae": 1.2977,
    "mse": 2.7818,
    "multiclassification_loss": 0.0,
    "ortho_loss": 0.0,
    "pearson": 0.4707,
    "regression_loss": 2.7759,
    "rm2": 0.1877,
    "rmse": 1.6679,
    "sd": 1.6023,
    "spearman": 0.4454,
    "spectral_loss": 0.0
}
                              
Test Results: {
    "ci": 0.6337,
    "classification_loss": 0.0,
    "cluster_loss": 0.0,
    "mae": 1.2132,
    "mse": 2.4744,
    "multiclassification_loss": 0.0,
    "ortho_loss": 0.0,
    "pearson": 0.4121,
    "regression_loss": 2.4741,
    "rm2": 0.1591,
    "rmse": 1.573,
    "sd": 1.5371,
    "spearman": 0.3833,
    "spectral_loss": 0.0
}
                              
                              
----------------------------------------
Epoch 014 with LR 0.000100: Model Results
----------------------------------------
Train MSE Loss: 1.3764, Train CLS Loss: 0.0000, Train MCLS Loss: 0.0000
Protein Cluster Region Loss - Ortho Loss: 0.0000, Cluster Loss: 0.0000
                              
Validation Results: {
    "ci": 0.6622,
    "classification_loss": 0.0,
    "cluster_loss": 0.0,
    "mae": 1.2418,
    "mse": 2.6739,
    "multiclassification_loss": 0.0,
    "ortho_loss": 0.0,
    "pearson": 0.4879,
    "regression_loss": 2.6514,
    "rm2": 0.2194,
    "rmse": 1.6352,
    "sd": 1.5852,
    "spearman": 0.4658,
    "spectral_loss": 0.0
}
                              
Test Results: {
    "ci": 0.6337,
    "classification_loss": 0.0,
    "cluster_loss": 0.0,
    "mae": 1.2132,
    "mse": 2.4744,
    "multiclassification_loss": 0.0,
    "ortho_loss": 0.0,
    "pearson": 0.4121,
    "regression_loss": 2.4741,
    "rm2": 0.1591,
    "rmse": 1.573,
    "sd": 1.5371,
    "spearman": 0.3833,
    "spectral_loss": 0.0
}
                              
                              
----------------------------------------
Epoch 015 with LR 0.000100: Model Results
----------------------------------------
Train MSE Loss: 1.3314, Train CLS Loss: 0.0000, Train MCLS Loss: 0.0000
Protein Cluster Region Loss - Ortho Loss: 0.0000, Cluster Loss: 0.0000
                              
Validation Results: {
    "ci": 0.6517,
    "classification_loss": 0.0,
    "cluster_loss": 0.0,
    "mae": 1.3249,
    "mse": 3.0193,
    "multiclassification_loss": 0.0,
    "ortho_loss": 0.0,
    "pearson": 0.4416,
    "regression_loss": 2.989,
    "rm2": 0.1711,
    "rmse": 1.7376,
    "sd": 1.6294,
    "spearman": 0.4339,
    "spectral_loss": 0.0
}
                              
Test Results: {
    "ci": 0.6337,
    "classification_loss": 0.0,
    "cluster_loss": 0.0,
    "mae": 1.2132,
    "mse": 2.4744,
    "multiclassification_loss": 0.0,
    "ortho_loss": 0.0,
    "pearson": 0.4121,
    "regression_loss": 2.4741,
    "rm2": 0.1591,
    "rmse": 1.573,
    "sd": 1.5371,
    "spearman": 0.3833,
    "spectral_loss": 0.0
}
                              
                              
----------------------------------------
Epoch 016 with LR 0.000100: Model Results
----------------------------------------
Train MSE Loss: 1.2977, Train CLS Loss: 0.0000, Train MCLS Loss: 0.0000
Protein Cluster Region Loss - Ortho Loss: 0.0000, Cluster Loss: 0.0000
                              
Validation Results: {
    "ci": 0.6606,
    "classification_loss": 0.0,
    "cluster_loss": 0.0,
    "mae": 1.3253,
    "mse": 3.0878,
    "multiclassification_loss": 0.0,
    "ortho_loss": 0.0,
    "pearson": 0.4659,
    "regression_loss": 3.057,
    "rm2": 0.1797,
    "rmse": 1.7572,
    "sd": 1.607,
    "spearman": 0.4559,
    "spectral_loss": 0.0
}
                              
Test Results: {
    "ci": 0.6337,
    "classification_loss": 0.0,
    "cluster_loss": 0.0,
    "mae": 1.2132,
    "mse": 2.4744,
    "multiclassification_loss": 0.0,
    "ortho_loss": 0.0,
    "pearson": 0.4121,
    "regression_loss": 2.4741,
    "rm2": 0.1591,
    "rmse": 1.573,
    "sd": 1.5371,
    "spearman": 0.3833,
    "spectral_loss": 0.0
}
                              
                              
----------------------------------------
Epoch 017 with LR 0.000100: Model Results
----------------------------------------
Train MSE Loss: 1.2583, Train CLS Loss: 0.0000, Train MCLS Loss: 0.0000
Protein Cluster Region Loss - Ortho Loss: 0.0000, Cluster Loss: 0.0000
                              
Validation Results: {
    "ci": 0.6695,
    "classification_loss": 0.0,
    "cluster_loss": 0.0,
    "mae": 1.2183,
    "mse": 2.6308,
    "multiclassification_loss": 0.0,
    "ortho_loss": 0.0,
    "pearson": 0.4914,
    "regression_loss": 2.6054,
    "rm2": 0.2188,
    "rmse": 1.622,
    "sd": 1.5817,
    "spearman": 0.4826,
    "spectral_loss": 0.0
}
                              
Test Results: {
    "ci": 0.6337,
    "classification_loss": 0.0,
    "cluster_loss": 0.0,
    "mae": 1.2132,
    "mse": 2.4744,
    "multiclassification_loss": 0.0,
    "ortho_loss": 0.0,
    "pearson": 0.4121,
    "regression_loss": 2.4741,
    "rm2": 0.1591,
    "rmse": 1.573,
    "sd": 1.5371,
    "spearman": 0.3833,
    "spectral_loss": 0.0
}
                              
                              
----------------------------------------
Epoch 018 with LR 0.000100: Model Results
----------------------------------------
Train MSE Loss: 1.2285, Train CLS Loss: 0.0000, Train MCLS Loss: 0.0000
Protein Cluster Region Loss - Ortho Loss: 0.0000, Cluster Loss: 0.0000
                              
Validation Results: {
    "ci": 0.6573,
    "classification_loss": 0.0,
    "cluster_loss": 0.0,
    "mae": 1.2495,
    "mse": 2.671,
    "multiclassification_loss": 0.0,
    "ortho_loss": 0.0,
    "pearson": 0.4993,
    "regression_loss": 2.6491,
    "rm2": 0.2167,
    "rmse": 1.6343,
    "sd": 1.5735,
    "spearman": 0.4495,
    "spectral_loss": 0.0
}
                              
Test Results: {
    "ci": 0.6337,
    "classification_loss": 0.0,
    "cluster_loss": 0.0,
    "mae": 1.2132,
    "mse": 2.4744,
    "multiclassification_loss": 0.0,
    "ortho_loss": 0.0,
    "pearson": 0.4121,
    "regression_loss": 2.4741,
    "rm2": 0.1591,
    "rmse": 1.573,
    "sd": 1.5371,
    "spearman": 0.3833,
    "spectral_loss": 0.0
}
                              
                              
----------------------------------------
Epoch 019 with LR 0.000100: Model Results
----------------------------------------
Train MSE Loss: 1.2108, Train CLS Loss: 0.0000, Train MCLS Loss: 0.0000
Protein Cluster Region Loss - Ortho Loss: 0.0000, Cluster Loss: 0.0000
                              
Validation Results: {
    "ci": 0.6634,
    "classification_loss": 0.0,
    "cluster_loss": 0.0,
    "mae": 1.3017,
    "mse": 2.9414,
    "multiclassification_loss": 0.0,
    "ortho_loss": 0.0,
    "pearson": 0.4848,
    "regression_loss": 2.9166,
    "rm2": 0.1988,
    "rmse": 1.715,
    "sd": 1.5884,
    "spearman": 0.4672,
    "spectral_loss": 0.0
}
                              
Test Results: {
    "ci": 0.6337,
    "classification_loss": 0.0,
    "cluster_loss": 0.0,
    "mae": 1.2132,
    "mse": 2.4744,
    "multiclassification_loss": 0.0,
    "ortho_loss": 0.0,
    "pearson": 0.4121,
    "regression_loss": 2.4741,
    "rm2": 0.1591,
    "rmse": 1.573,
    "sd": 1.5371,
    "spearman": 0.3833,
    "spectral_loss": 0.0
}
                              
                              
----------------------------------------
Epoch 020 with LR 0.000100: Model Results
----------------------------------------
Train MSE Loss: 1.1753, Train CLS Loss: 0.0000, Train MCLS Loss: 0.0000
Protein Cluster Region Loss - Ortho Loss: 0.0000, Cluster Loss: 0.0000
                              
Validation Results: {
    "ci": 0.6523,
    "classification_loss": 0.0,
    "cluster_loss": 0.0,
    "mae": 1.3647,
    "mse": 3.2194,
    "multiclassification_loss": 0.0,
    "ortho_loss": 0.0,
    "pearson": 0.4663,
    "regression_loss": 3.219,
    "rm2": 0.1729,
    "rmse": 1.7943,
    "sd": 1.6065,
    "spearman": 0.4324,
    "spectral_loss": 0.0
}
                              
Test Results: {
    "ci": 0.6337,
    "classification_loss": 0.0,
    "cluster_loss": 0.0,
    "mae": 1.2132,
    "mse": 2.4744,
    "multiclassification_loss": 0.0,
    "ortho_loss": 0.0,
    "pearson": 0.4121,
    "regression_loss": 2.4741,
    "rm2": 0.1591,
    "rmse": 1.573,
    "sd": 1.5371,
    "spearman": 0.3833,
    "spectral_loss": 0.0
}
                              
                              
----------------------------------------
Epoch 021 with LR 0.000100: Model Results
----------------------------------------
Train MSE Loss: 1.1704, Train CLS Loss: 0.0000, Train MCLS Loss: 0.0000
Protein Cluster Region Loss - Ortho Loss: 0.0000, Cluster Loss: 0.0000
                              
Validation Results: {
    "ci": 0.6706,
    "classification_loss": 0.0,
    "cluster_loss": 0.0,
    "mae": 1.2494,
    "mse": 2.7514,
    "multiclassification_loss": 0.0,
    "ortho_loss": 0.0,
    "pearson": 0.4808,
    "regression_loss": 2.735,
    "rm2": 0.2013,
    "rmse": 1.6587,
    "sd": 1.5924,
    "spearman": 0.4815,
    "spectral_loss": 0.0
}
                              
Test Results: {
    "ci": 0.6337,
    "classification_loss": 0.0,
    "cluster_loss": 0.0,
    "mae": 1.2132,
    "mse": 2.4744,
    "multiclassification_loss": 0.0,
    "ortho_loss": 0.0,
    "pearson": 0.4121,
    "regression_loss": 2.4741,
    "rm2": 0.1591,
    "rmse": 1.573,
    "sd": 1.5371,
    "spearman": 0.3833,
    "spectral_loss": 0.0
}
                              
                              
----------------------------------------
Epoch 022 with LR 0.000100: Model Results
----------------------------------------
Train MSE Loss: 1.1580, Train CLS Loss: 0.0000, Train MCLS Loss: 0.0000
Protein Cluster Region Loss - Ortho Loss: 0.0000, Cluster Loss: 0.0000
                              
Validation Results: {
    "ci": 0.6606,
    "classification_loss": 0.0,
    "cluster_loss": 0.0,
    "mae": 1.2753,
    "mse": 2.8508,
    "multiclassification_loss": 0.0,
    "ortho_loss": 0.0,
    "pearson": 0.484,
    "regression_loss": 2.826,
    "rm2": 0.2077,
    "rmse": 1.6884,
    "sd": 1.5891,
    "spearman": 0.4611,
    "spectral_loss": 0.0
}
                              
Test Results: {
    "ci": 0.6337,
    "classification_loss": 0.0,
    "cluster_loss": 0.0,
    "mae": 1.2132,
    "mse": 2.4744,
    "multiclassification_loss": 0.0,
    "ortho_loss": 0.0,
    "pearson": 0.4121,
    "regression_loss": 2.4741,
    "rm2": 0.1591,
    "rmse": 1.573,
    "sd": 1.5371,
    "spearman": 0.3833,
    "spectral_loss": 0.0
}
                              
                              
----------------------------------------
Epoch 023 with LR 0.000100: Model Results
----------------------------------------
Train MSE Loss: 1.1188, Train CLS Loss: 0.0000, Train MCLS Loss: 0.0000
Protein Cluster Region Loss - Ortho Loss: 0.0000, Cluster Loss: 0.0000
                              
Validation Results: {
    "ci": 0.6664,
    "classification_loss": 0.0,
    "cluster_loss": 0.0,
    "mae": 1.2713,
    "mse": 2.7982,
    "multiclassification_loss": 0.0,
    "ortho_loss": 0.0,
    "pearson": 0.4903,
    "regression_loss": 2.7742,
    "rm2": 0.2116,
    "rmse": 1.6728,
    "sd": 1.5828,
    "spearman": 0.4738,
    "spectral_loss": 0.0
}
                              
Test Results: {
    "ci": 0.6337,
    "classification_loss": 0.0,
    "cluster_loss": 0.0,
    "mae": 1.2132,
    "mse": 2.4744,
    "multiclassification_loss": 0.0,
    "ortho_loss": 0.0,
    "pearson": 0.4121,
    "regression_loss": 2.4741,
    "rm2": 0.1591,
    "rmse": 1.573,
    "sd": 1.5371,
    "spearman": 0.3833,
    "spectral_loss": 0.0
}
                              
                              
----------------------------------------
Epoch 024 with LR 0.000100: Model Results
----------------------------------------
Train MSE Loss: 1.1013, Train CLS Loss: 0.0000, Train MCLS Loss: 0.0000
Protein Cluster Region Loss - Ortho Loss: 0.0000, Cluster Loss: 0.0000
                              
Validation Results: {
    "ci": 0.6725,
    "classification_loss": 0.0,
    "cluster_loss": 0.0,
    "mae": 1.2715,
    "mse": 2.8834,
    "multiclassification_loss": 0.0,
    "ortho_loss": 0.0,
    "pearson": 0.5029,
    "regression_loss": 2.8547,
    "rm2": 0.2195,
    "rmse": 1.6981,
    "sd": 1.5697,
    "spearman": 0.488,
    "spectral_loss": 0.0
}
                              
Test Results: {
    "ci": 0.6337,
    "classification_loss": 0.0,
    "cluster_loss": 0.0,
    "mae": 1.2132,
    "mse": 2.4744,
    "multiclassification_loss": 0.0,
    "ortho_loss": 0.0,
    "pearson": 0.4121,
    "regression_loss": 2.4741,
    "rm2": 0.1591,
    "rmse": 1.573,
    "sd": 1.5371,
    "spearman": 0.3833,
    "spectral_loss": 0.0
}
                              
                              
----------------------------------------
Epoch 025 with LR 0.000100: Model Results
----------------------------------------
Train MSE Loss: 1.0860, Train CLS Loss: 0.0000, Train MCLS Loss: 0.0000
Protein Cluster Region Loss - Ortho Loss: 0.0000, Cluster Loss: 0.0000
                              
Validation Results: {
    "ci": 0.6655,
    "classification_loss": 0.0,
    "cluster_loss": 0.0,
    "mae": 1.2471,
    "mse": 2.7979,
    "multiclassification_loss": 0.0,
    "ortho_loss": 0.0,
    "pearson": 0.485,
    "regression_loss": 2.771,
    "rm2": 0.2128,
    "rmse": 1.6727,
    "sd": 1.5882,
    "spearman": 0.4681,
    "spectral_loss": 0.0
}
                              
Test Results: {
    "ci": 0.6337,
    "classification_loss": 0.0,
    "cluster_loss": 0.0,
    "mae": 1.2132,
    "mse": 2.4744,
    "multiclassification_loss": 0.0,
    "ortho_loss": 0.0,
    "pearson": 0.4121,
    "regression_loss": 2.4741,
    "rm2": 0.1591,
    "rmse": 1.573,
    "sd": 1.5371,
    "spearman": 0.3833,
    "spectral_loss": 0.0
}
                              
                              
----------------------------------------
Epoch 026 with LR 0.000100: Model Results
----------------------------------------
Train MSE Loss: 0.9836, Train CLS Loss: 0.0000, Train MCLS Loss: 0.0000
Protein Cluster Region Loss - Ortho Loss: 0.0000, Cluster Loss: 0.0000
                              
Validation Results: {
    "ci": 0.6602,
    "classification_loss": 0.0,
    "cluster_loss": 0.0,
    "mae": 1.2684,
    "mse": 2.8434,
    "multiclassification_loss": 0.0,
    "ortho_loss": 0.0,
    "pearson": 0.4748,
    "regression_loss": 2.8179,
    "rm2": 0.1972,
    "rmse": 1.6862,
    "sd": 1.5983,
    "spearman": 0.4549,
    "spectral_loss": 0.0
}
                              
Test Results: {
    "ci": 0.6337,
    "classification_loss": 0.0,
    "cluster_loss": 0.0,
    "mae": 1.2132,
    "mse": 2.4744,
    "multiclassification_loss": 0.0,
    "ortho_loss": 0.0,
    "pearson": 0.4121,
    "regression_loss": 2.4741,
    "rm2": 0.1591,
    "rmse": 1.573,
    "sd": 1.5371,
    "spearman": 0.3833,
    "spectral_loss": 0.0
}
                              
                              
----------------------------------------
Epoch 027 with LR 0.000100: Model Results
----------------------------------------
Train MSE Loss: 0.8725, Train CLS Loss: 0.0000, Train MCLS Loss: 0.0000
Protein Cluster Region Loss - Ortho Loss: 0.0000, Cluster Loss: 0.0000
                              
Validation Results: {
    "ci": 0.6647,
    "classification_loss": 0.0,
    "cluster_loss": 0.0,
    "mae": 1.2675,
    "mse": 2.8141,
    "multiclassification_loss": 0.0,
    "ortho_loss": 0.0,
    "pearson": 0.4966,
    "regression_loss": 2.7906,
    "rm2": 0.213,
    "rmse": 1.6775,
    "sd": 1.5763,
    "spearman": 0.4685,
    "spectral_loss": 0.0
}
                              
Test Results: {
    "ci": 0.6337,
    "classification_loss": 0.0,
    "cluster_loss": 0.0,
    "mae": 1.2132,
    "mse": 2.4744,
    "multiclassification_loss": 0.0,
    "ortho_loss": 0.0,
    "pearson": 0.4121,
    "regression_loss": 2.4741,
    "rm2": 0.1591,
    "rmse": 1.573,
    "sd": 1.5371,
    "spearman": 0.3833,
    "spectral_loss": 0.0
}
                              
                              
----------------------------------------
Epoch 028 with LR 0.000100: Model Results
----------------------------------------
Train MSE Loss: 0.8464, Train CLS Loss: 0.0000, Train MCLS Loss: 0.0000
Protein Cluster Region Loss - Ortho Loss: 0.0000, Cluster Loss: 0.0000
                              
Validation Results: {
    "ci": 0.6651,
    "classification_loss": 0.0,
    "cluster_loss": 0.0,
    "mae": 1.2746,
    "mse": 2.8514,
    "multiclassification_loss": 0.0,
    "ortho_loss": 0.0,
    "pearson": 0.4954,
    "regression_loss": 2.8272,
    "rm2": 0.2096,
    "rmse": 1.6886,
    "sd": 1.5776,
    "spearman": 0.4695,
    "spectral_loss": 0.0
}
                              
Test Results: {
    "ci": 0.6337,
    "classification_loss": 0.0,
    "cluster_loss": 0.0,
    "mae": 1.2132,
    "mse": 2.4744,
    "multiclassification_loss": 0.0,
    "ortho_loss": 0.0,
    "pearson": 0.4121,
    "regression_loss": 2.4741,
    "rm2": 0.1591,
    "rmse": 1.573,
    "sd": 1.5371,
    "spearman": 0.3833,
    "spectral_loss": 0.0
}
                              
                              
----------------------------------------
Epoch 029 with LR 0.000100: Model Results
----------------------------------------
Train MSE Loss: 0.8301, Train CLS Loss: 0.0000, Train MCLS Loss: 0.0000
Protein Cluster Region Loss - Ortho Loss: 0.0000, Cluster Loss: 0.0000
                              
Validation Results: {
    "ci": 0.6652,
    "classification_loss": 0.0,
    "cluster_loss": 0.0,
    "mae": 1.2729,
    "mse": 2.8453,
    "multiclassification_loss": 0.0,
    "ortho_loss": 0.0,
    "pearson": 0.4951,
    "regression_loss": 2.8207,
    "rm2": 0.21,
    "rmse": 1.6868,
    "sd": 1.5779,
    "spearman": 0.47,
    "spectral_loss": 0.0
}
                              
Test Results: {
    "ci": 0.6337,
    "classification_loss": 0.0,
    "cluster_loss": 0.0,
    "mae": 1.2132,
    "mse": 2.4744,
    "multiclassification_loss": 0.0,
    "ortho_loss": 0.0,
    "pearson": 0.4121,
    "regression_loss": 2.4741,
    "rm2": 0.1591,
    "rmse": 1.573,
    "sd": 1.5371,
    "spearman": 0.3833,
    "spectral_loss": 0.0
}
                              
                              
----------------------------------------
Epoch 030 with LR 0.000100: Model Results
----------------------------------------
Train MSE Loss: 0.8225, Train CLS Loss: 0.0000, Train MCLS Loss: 0.0000
Protein Cluster Region Loss - Ortho Loss: 0.0000, Cluster Loss: 0.0000
                              
Validation Results: {
    "ci": 0.6658,
    "classification_loss": 0.0,
    "cluster_loss": 0.0,
    "mae": 1.2848,
    "mse": 2.9194,
    "multiclassification_loss": 0.0,
    "ortho_loss": 0.0,
    "pearson": 0.4941,
    "regression_loss": 2.8941,
    "rm2": 0.2063,
    "rmse": 1.7086,
    "sd": 1.5789,
    "spearman": 0.4702,
    "spectral_loss": 0.0
}
                              
Test Results: {
    "ci": 0.6337,
    "classification_loss": 0.0,
    "cluster_loss": 0.0,
    "mae": 1.2132,
    "mse": 2.4744,
    "multiclassification_loss": 0.0,
    "ortho_loss": 0.0,
    "pearson": 0.4121,
    "regression_loss": 2.4741,
    "rm2": 0.1591,
    "rmse": 1.573,
    "sd": 1.5371,
    "spearman": 0.3833,
    "spectral_loss": 0.0
}
                              
                              
----------------------------------------
Epoch 031 with LR 0.000100: Model Results
----------------------------------------
Train MSE Loss: 0.8147, Train CLS Loss: 0.0000, Train MCLS Loss: 0.0000
Protein Cluster Region Loss - Ortho Loss: 0.0000, Cluster Loss: 0.0000
                              
Validation Results: {
    "ci": 0.6671,
    "classification_loss": 0.0,
    "cluster_loss": 0.0,
    "mae": 1.2859,
    "mse": 2.9222,
    "multiclassification_loss": 0.0,
    "ortho_loss": 0.0,
    "pearson": 0.4954,
    "regression_loss": 2.8969,
    "rm2": 0.2054,
    "rmse": 1.7094,
    "sd": 1.5775,
    "spearman": 0.4735,
    "spectral_loss": 0.0
}
                              
Test Results: {
    "ci": 0.6337,
    "classification_loss": 0.0,
    "cluster_loss": 0.0,
    "mae": 1.2132,
    "mse": 2.4744,
    "multiclassification_loss": 0.0,
    "ortho_loss": 0.0,
    "pearson": 0.4121,
    "regression_loss": 2.4741,
    "rm2": 0.1591,
    "rmse": 1.573,
    "sd": 1.5371,
    "spearman": 0.3833,
    "spectral_loss": 0.0
}
                              
                              
----------------------------------------
Epoch 032 with LR 0.000100: Model Results
----------------------------------------
Train MSE Loss: 0.8067, Train CLS Loss: 0.0000, Train MCLS Loss: 0.0000
Protein Cluster Region Loss - Ortho Loss: 0.0000, Cluster Loss: 0.0000
                              
Validation Results: {
    "ci": 0.6677,
    "classification_loss": 0.0,
    "cluster_loss": 0.0,
    "mae": 1.2861,
    "mse": 2.9473,
    "multiclassification_loss": 0.0,
    "ortho_loss": 0.0,
    "pearson": 0.4943,
    "regression_loss": 2.9208,
    "rm2": 0.2055,
    "rmse": 1.7168,
    "sd": 1.5787,
    "spearman": 0.4747,
    "spectral_loss": 0.0
}
                              
Test Results: {
    "ci": 0.6337,
    "classification_loss": 0.0,
    "cluster_loss": 0.0,
    "mae": 1.2132,
    "mse": 2.4744,
    "multiclassification_loss": 0.0,
    "ortho_loss": 0.0,
    "pearson": 0.4121,
    "regression_loss": 2.4741,
    "rm2": 0.1591,
    "rmse": 1.573,
    "sd": 1.5371,
    "spearman": 0.3833,
    "spectral_loss": 0.0
}
                              
                              
----------------------------------------
Epoch 033 with LR 0.000100: Model Results
----------------------------------------
Train MSE Loss: 0.7980, Train CLS Loss: 0.0000, Train MCLS Loss: 0.0000
Protein Cluster Region Loss - Ortho Loss: 0.0000, Cluster Loss: 0.0000
                              
Validation Results: {
    "ci": 0.6657,
    "classification_loss": 0.0,
    "cluster_loss": 0.0,
    "mae": 1.2967,
    "mse": 2.9918,
    "multiclassification_loss": 0.0,
    "ortho_loss": 0.0,
    "pearson": 0.4881,
    "regression_loss": 2.9647,
    "rm2": 0.1985,
    "rmse": 1.7297,
    "sd": 1.585,
    "spearman": 0.4693,
    "spectral_loss": 0.0
}
                              
Test Results: {
    "ci": 0.6337,
    "classification_loss": 0.0,
    "cluster_loss": 0.0,
    "mae": 1.2132,
    "mse": 2.4744,
    "multiclassification_loss": 0.0,
    "ortho_loss": 0.0,
    "pearson": 0.4121,
    "regression_loss": 2.4741,
    "rm2": 0.1591,
    "rmse": 1.573,
    "sd": 1.5371,
    "spearman": 0.3833,
    "spectral_loss": 0.0
}
                              
                              
----------------------------------------
Epoch 034 with LR 0.000100: Model Results
----------------------------------------
Train MSE Loss: 0.7942, Train CLS Loss: 0.0000, Train MCLS Loss: 0.0000
Protein Cluster Region Loss - Ortho Loss: 0.0000, Cluster Loss: 0.0000
                              
Validation Results: {
    "ci": 0.6664,
    "classification_loss": 0.0,
    "cluster_loss": 0.0,
    "mae": 1.3001,
    "mse": 2.9704,
    "multiclassification_loss": 0.0,
    "ortho_loss": 0.0,
    "pearson": 0.4934,
    "regression_loss": 2.9436,
    "rm2": 0.2022,
    "rmse": 1.7235,
    "sd": 1.5797,
    "spearman": 0.4725,
    "spectral_loss": 0.0
}
                              
Test Results: {
    "ci": 0.6337,
    "classification_loss": 0.0,
    "cluster_loss": 0.0,
    "mae": 1.2132,
    "mse": 2.4744,
    "multiclassification_loss": 0.0,
    "ortho_loss": 0.0,
    "pearson": 0.4121,
    "regression_loss": 2.4741,
    "rm2": 0.1591,
    "rmse": 1.573,
    "sd": 1.5371,
    "spearman": 0.3833,
    "spectral_loss": 0.0
}
                              
                              
----------------------------------------
Epoch 035 with LR 0.000100: Model Results
----------------------------------------
Train MSE Loss: 0.7922, Train CLS Loss: 0.0000, Train MCLS Loss: 0.0000
Protein Cluster Region Loss - Ortho Loss: 0.0000, Cluster Loss: 0.0000
                              
Validation Results: {
    "ci": 0.667,
    "classification_loss": 0.0,
    "cluster_loss": 0.0,
    "mae": 1.2921,
    "mse": 2.9542,
    "multiclassification_loss": 0.0,
    "ortho_loss": 0.0,
    "pearson": 0.4917,
    "regression_loss": 2.9294,
    "rm2": 0.2001,
    "rmse": 1.7188,
    "sd": 1.5814,
    "spearman": 0.4724,
    "spectral_loss": 0.0
}
                              
Test Results: {
    "ci": 0.6337,
    "classification_loss": 0.0,
    "cluster_loss": 0.0,
    "mae": 1.2132,
    "mse": 2.4744,
    "multiclassification_loss": 0.0,
    "ortho_loss": 0.0,
    "pearson": 0.4121,
    "regression_loss": 2.4741,
    "rm2": 0.1591,
    "rmse": 1.573,
    "sd": 1.5371,
    "spearman": 0.3833,
    "spectral_loss": 0.0
}
                              
                              
----------------------------------------
Epoch 036 with LR 0.000100: Model Results
----------------------------------------
Train MSE Loss: 0.7804, Train CLS Loss: 0.0000, Train MCLS Loss: 0.0000
Protein Cluster Region Loss - Ortho Loss: 0.0000, Cluster Loss: 0.0000
                              
Validation Results: {
    "ci": 0.6664,
    "classification_loss": 0.0,
    "cluster_loss": 0.0,
    "mae": 1.3165,
    "mse": 3.0922,
    "multiclassification_loss": 0.0,
    "ortho_loss": 0.0,
    "pearson": 0.4826,
    "regression_loss": 3.0643,
    "rm2": 0.1919,
    "rmse": 1.7585,
    "sd": 1.5905,
    "spearman": 0.4705,
    "spectral_loss": 0.0
}
                              
Test Results: {
    "ci": 0.6337,
    "classification_loss": 0.0,
    "cluster_loss": 0.0,
    "mae": 1.2132,
    "mse": 2.4744,
    "multiclassification_loss": 0.0,
    "ortho_loss": 0.0,
    "pearson": 0.4121,
    "regression_loss": 2.4741,
    "rm2": 0.1591,
    "rmse": 1.573,
    "sd": 1.5371,
    "spearman": 0.3833,
    "spectral_loss": 0.0
}
                              
                              
----------------------------------------
Epoch 037 with LR 0.000100: Model Results
----------------------------------------
Train MSE Loss: 0.7776, Train CLS Loss: 0.0000, Train MCLS Loss: 0.0000
Protein Cluster Region Loss - Ortho Loss: 0.0000, Cluster Loss: 0.0000
                              
Validation Results: {
    "ci": 0.6679,
    "classification_loss": 0.0,
    "cluster_loss": 0.0,
    "mae": 1.2938,
    "mse": 2.9581,
    "multiclassification_loss": 0.0,
    "ortho_loss": 0.0,
    "pearson": 0.4938,
    "regression_loss": 2.9331,
    "rm2": 0.2013,
    "rmse": 1.7199,
    "sd": 1.5792,
    "spearman": 0.4746,
    "spectral_loss": 0.0
}
                              
Test Results: {
    "ci": 0.6337,
    "classification_loss": 0.0,
    "cluster_loss": 0.0,
    "mae": 1.2132,
    "mse": 2.4744,
    "multiclassification_loss": 0.0,
    "ortho_loss": 0.0,
    "pearson": 0.4121,
    "regression_loss": 2.4741,
    "rm2": 0.1591,
    "rmse": 1.573,
    "sd": 1.5371,
    "spearman": 0.3833,
    "spectral_loss": 0.0
}
                              
                              
----------------------------------------
Epoch 038 with LR 0.000100: Model Results
----------------------------------------
Train MSE Loss: 0.7736, Train CLS Loss: 0.0000, Train MCLS Loss: 0.0000
Protein Cluster Region Loss - Ortho Loss: 0.0000, Cluster Loss: 0.0000
                              
Validation Results: {
    "ci": 0.6658,
    "classification_loss": 0.0,
    "cluster_loss": 0.0,
    "mae": 1.313,
    "mse": 3.0537,
    "multiclassification_loss": 0.0,
    "ortho_loss": 0.0,
    "pearson": 0.4878,
    "regression_loss": 3.0256,
    "rm2": 0.1969,
    "rmse": 1.7475,
    "sd": 1.5854,
    "spearman": 0.4695,
    "spectral_loss": 0.0
}
                              
Test Results: {
    "ci": 0.6337,
    "classification_loss": 0.0,
    "cluster_loss": 0.0,
    "mae": 1.2132,
    "mse": 2.4744,
    "multiclassification_loss": 0.0,
    "ortho_loss": 0.0,
    "pearson": 0.4121,
    "regression_loss": 2.4741,
    "rm2": 0.1591,
    "rmse": 1.573,
    "sd": 1.5371,
    "spearman": 0.3833,
    "spectral_loss": 0.0
}
                              
                              
----------------------------------------
Epoch 039 with LR 0.000100: Model Results
----------------------------------------
Train MSE Loss: 0.7653, Train CLS Loss: 0.0000, Train MCLS Loss: 0.0000
Protein Cluster Region Loss - Ortho Loss: 0.0000, Cluster Loss: 0.0000
                              
Validation Results: {
    "ci": 0.6677,
    "classification_loss": 0.0,
    "cluster_loss": 0.0,
    "mae": 1.2866,
    "mse": 2.929,
    "multiclassification_loss": 0.0,
    "ortho_loss": 0.0,
    "pearson": 0.4945,
    "regression_loss": 2.9024,
    "rm2": 0.2076,
    "rmse": 1.7114,
    "sd": 1.5785,
    "spearman": 0.4753,
    "spectral_loss": 0.0
}
                              
Test Results: {
    "ci": 0.6337,
    "classification_loss": 0.0,
    "cluster_loss": 0.0,
    "mae": 1.2132,
    "mse": 2.4744,
    "multiclassification_loss": 0.0,
    "ortho_loss": 0.0,
    "pearson": 0.4121,
    "regression_loss": 2.4741,
    "rm2": 0.1591,
    "rmse": 1.573,
    "sd": 1.5371,
    "spearman": 0.3833,
    "spectral_loss": 0.0
}
                              
                              
----------------------------------------
Epoch 040 with LR 0.000100: Model Results
----------------------------------------
Train MSE Loss: 0.7597, Train CLS Loss: 0.0000, Train MCLS Loss: 0.0000
Protein Cluster Region Loss - Ortho Loss: 0.0000, Cluster Loss: 0.0000
                              
Validation Results: {
    "ci": 0.6692,
    "classification_loss": 0.0,
    "cluster_loss": 0.0,
    "mae": 1.289,
    "mse": 2.9584,
    "multiclassification_loss": 0.0,
    "ortho_loss": 0.0,
    "pearson": 0.4915,
    "regression_loss": 2.9314,
    "rm2": 0.2044,
    "rmse": 1.72,
    "sd": 1.5816,
    "spearman": 0.4783,
    "spectral_loss": 0.0
}
                              
Test Results: {
    "ci": 0.6337,
    "classification_loss": 0.0,
    "cluster_loss": 0.0,
    "mae": 1.2132,
    "mse": 2.4744,
    "multiclassification_loss": 0.0,
    "ortho_loss": 0.0,
    "pearson": 0.4121,
    "regression_loss": 2.4741,
    "rm2": 0.1591,
    "rmse": 1.573,
    "sd": 1.5371,
    "spearman": 0.3833,
    "spectral_loss": 0.0
}
                              
                              
----------------------------------------
Epoch 041 with LR 0.000100: Model Results
----------------------------------------
Train MSE Loss: 0.7590, Train CLS Loss: 0.0000, Train MCLS Loss: 0.0000
Protein Cluster Region Loss - Ortho Loss: 0.0000, Cluster Loss: 0.0000
                              
Validation Results: {
    "ci": 0.6677,
    "classification_loss": 0.0,
    "cluster_loss": 0.0,
    "mae": 1.2959,
    "mse": 3.0021,
    "multiclassification_loss": 0.0,
    "ortho_loss": 0.0,
    "pearson": 0.4922,
    "regression_loss": 2.973,
    "rm2": 0.2045,
    "rmse": 1.7327,
    "sd": 1.5809,
    "spearman": 0.4741,
    "spectral_loss": 0.0
}
                              
Test Results: {
    "ci": 0.6337,
    "classification_loss": 0.0,
    "cluster_loss": 0.0,
    "mae": 1.2132,
    "mse": 2.4744,
    "multiclassification_loss": 0.0,
    "ortho_loss": 0.0,
    "pearson": 0.4121,
    "regression_loss": 2.4741,
    "rm2": 0.1591,
    "rmse": 1.573,
    "sd": 1.5371,
    "spearman": 0.3833,
    "spectral_loss": 0.0
}
                              
                              
----------------------------------------
Epoch 042 with LR 0.000100: Model Results
----------------------------------------
Train MSE Loss: 0.7500, Train CLS Loss: 0.0000, Train MCLS Loss: 0.0000
Protein Cluster Region Loss - Ortho Loss: 0.0000, Cluster Loss: 0.0000
                              
Validation Results: {
    "ci": 0.6657,
    "classification_loss": 0.0,
    "cluster_loss": 0.0,
    "mae": 1.3,
    "mse": 2.9884,
    "multiclassification_loss": 0.0,
    "ortho_loss": 0.0,
    "pearson": 0.487,
    "regression_loss": 2.9599,
    "rm2": 0.2006,
    "rmse": 1.7287,
    "sd": 1.5862,
    "spearman": 0.4702,
    "spectral_loss": 0.0
}
                              
Test Results: {
    "ci": 0.6337,
    "classification_loss": 0.0,
    "cluster_loss": 0.0,
    "mae": 1.2132,
    "mse": 2.4744,
    "multiclassification_loss": 0.0,
    "ortho_loss": 0.0,
    "pearson": 0.4121,
    "regression_loss": 2.4741,
    "rm2": 0.1591,
    "rmse": 1.573,
    "sd": 1.5371,
    "spearman": 0.3833,
    "spectral_loss": 0.0
}
                              
                              
----------------------------------------
Epoch 043 with LR 0.000100: Model Results
----------------------------------------
Train MSE Loss: 0.7478, Train CLS Loss: 0.0000, Train MCLS Loss: 0.0000
Protein Cluster Region Loss - Ortho Loss: 0.0000, Cluster Loss: 0.0000
                              
Validation Results: {
    "ci": 0.6677,
    "classification_loss": 0.0,
    "cluster_loss": 0.0,
    "mae": 1.312,
    "mse": 3.07,
    "multiclassification_loss": 0.0,
    "ortho_loss": 0.0,
    "pearson": 0.4882,
    "regression_loss": 3.0403,
    "rm2": 0.1976,
    "rmse": 1.7521,
    "sd": 1.5849,
    "spearman": 0.4735,
    "spectral_loss": 0.0
}
                              
Test Results: {
    "ci": 0.6337,
    "classification_loss": 0.0,
    "cluster_loss": 0.0,
    "mae": 1.2132,
    "mse": 2.4744,
    "multiclassification_loss": 0.0,
    "ortho_loss": 0.0,
    "pearson": 0.4121,
    "regression_loss": 2.4741,
    "rm2": 0.1591,
    "rmse": 1.573,
    "sd": 1.5371,
    "spearman": 0.3833,
    "spectral_loss": 0.0
}
                              
                              
----------------------------------------
Epoch 044 with LR 0.000100: Model Results
----------------------------------------
Train MSE Loss: 0.7411, Train CLS Loss: 0.0000, Train MCLS Loss: 0.0000
Protein Cluster Region Loss - Ortho Loss: 0.0000, Cluster Loss: 0.0000
                              
Validation Results: {
    "ci": 0.6655,
    "classification_loss": 0.0,
    "cluster_loss": 0.0,
    "mae": 1.2953,
    "mse": 2.9516,
    "multiclassification_loss": 0.0,
    "ortho_loss": 0.0,
    "pearson": 0.4892,
    "regression_loss": 2.9232,
    "rm2": 0.2039,
    "rmse": 1.718,
    "sd": 1.5839,
    "spearman": 0.4701,
    "spectral_loss": 0.0
}
                              
Test Results: {
    "ci": 0.6337,
    "classification_loss": 0.0,
    "cluster_loss": 0.0,
    "mae": 1.2132,
    "mse": 2.4744,
    "multiclassification_loss": 0.0,
    "ortho_loss": 0.0,
    "pearson": 0.4121,
    "regression_loss": 2.4741,
    "rm2": 0.1591,
    "rmse": 1.573,
    "sd": 1.5371,
    "spearman": 0.3833,
    "spectral_loss": 0.0
}
                              
                              
----------------------------------------
Epoch 045 with LR 0.000100: Model Results
----------------------------------------
Train MSE Loss: 0.7386, Train CLS Loss: 0.0000, Train MCLS Loss: 0.0000
Protein Cluster Region Loss - Ortho Loss: 0.0000, Cluster Loss: 0.0000
                              
Validation Results: {
    "ci": 0.6659,
    "classification_loss": 0.0,
    "cluster_loss": 0.0,
    "mae": 1.3037,
    "mse": 3.0056,
    "multiclassification_loss": 0.0,
    "ortho_loss": 0.0,
    "pearson": 0.49,
    "regression_loss": 2.9766,
    "rm2": 0.2025,
    "rmse": 1.7337,
    "sd": 1.5831,
    "spearman": 0.4702,
    "spectral_loss": 0.0
}
                              
Test Results: {
    "ci": 0.6337,
    "classification_loss": 0.0,
    "cluster_loss": 0.0,
    "mae": 1.2132,
    "mse": 2.4744,
    "multiclassification_loss": 0.0,
    "ortho_loss": 0.0,
    "pearson": 0.4121,
    "regression_loss": 2.4741,
    "rm2": 0.1591,
    "rmse": 1.573,
    "sd": 1.5371,
    "spearman": 0.3833,
    "spectral_loss": 0.0
}
                              
                              
----------------------------------------
Epoch 046 with LR 0.000100: Model Results
----------------------------------------
Train MSE Loss: 0.7338, Train CLS Loss: 0.0000, Train MCLS Loss: 0.0000
Protein Cluster Region Loss - Ortho Loss: 0.0000, Cluster Loss: 0.0000
                              
Validation Results: {
    "ci": 0.6671,
    "classification_loss": 0.0,
    "cluster_loss": 0.0,
    "mae": 1.3085,
    "mse": 3.0241,
    "multiclassification_loss": 0.0,
    "ortho_loss": 0.0,
    "pearson": 0.4954,
    "regression_loss": 2.9952,
    "rm2": 0.2057,
    "rmse": 1.739,
    "sd": 1.5776,
    "spearman": 0.4738,
    "spectral_loss": 0.0
}
                              
Test Results: {
    "ci": 0.6337,
    "classification_loss": 0.0,
    "cluster_loss": 0.0,
    "mae": 1.2132,
    "mse": 2.4744,
    "multiclassification_loss": 0.0,
    "ortho_loss": 0.0,
    "pearson": 0.4121,
    "regression_loss": 2.4741,
    "rm2": 0.1591,
    "rmse": 1.573,
    "sd": 1.5371,
    "spearman": 0.3833,
    "spectral_loss": 0.0
}
                              
                              
----------------------------------------
Epoch 047 with LR 0.000100: Model Results
----------------------------------------
Train MSE Loss: 0.7336, Train CLS Loss: 0.0000, Train MCLS Loss: 0.0000
Protein Cluster Region Loss - Ortho Loss: 0.0000, Cluster Loss: 0.0000
                              
Validation Results: {
    "ci": 0.668,
    "classification_loss": 0.0,
    "cluster_loss": 0.0,
    "mae": 1.3136,
    "mse": 3.0572,
    "multiclassification_loss": 0.0,
    "ortho_loss": 0.0,
    "pearson": 0.4983,
    "regression_loss": 3.0276,
    "rm2": 0.2054,
    "rmse": 1.7485,
    "sd": 1.5745,
    "spearman": 0.4765,
    "spectral_loss": 0.0
}
                              
Test Results: {
    "ci": 0.6337,
    "classification_loss": 0.0,
    "cluster_loss": 0.0,
    "mae": 1.2132,
    "mse": 2.4744,
    "multiclassification_loss": 0.0,
    "ortho_loss": 0.0,
    "pearson": 0.4121,
    "regression_loss": 2.4741,
    "rm2": 0.1591,
    "rmse": 1.573,
    "sd": 1.5371,
    "spearman": 0.3833,
    "spectral_loss": 0.0
}
                              
                              
----------------------------------------
Epoch 048 with LR 0.000100: Model Results
----------------------------------------
Train MSE Loss: 0.7268, Train CLS Loss: 0.0000, Train MCLS Loss: 0.0000
Protein Cluster Region Loss - Ortho Loss: 0.0000, Cluster Loss: 0.0000
                              
Validation Results: {
    "ci": 0.6657,
    "classification_loss": 0.0,
    "cluster_loss": 0.0,
    "mae": 1.305,
    "mse": 3.0228,
    "multiclassification_loss": 0.0,
    "ortho_loss": 0.0,
    "pearson": 0.4879,
    "regression_loss": 2.9943,
    "rm2": 0.1979,
    "rmse": 1.7386,
    "sd": 1.5853,
    "spearman": 0.47,
    "spectral_loss": 0.0
}
                              
Test Results: {
    "ci": 0.6337,
    "classification_loss": 0.0,
    "cluster_loss": 0.0,
    "mae": 1.2132,
    "mse": 2.4744,
    "multiclassification_loss": 0.0,
    "ortho_loss": 0.0,
    "pearson": 0.4121,
    "regression_loss": 2.4741,
    "rm2": 0.1591,
    "rmse": 1.573,
    "sd": 1.5371,
    "spearman": 0.3833,
    "spectral_loss": 0.0
}
                              
                              
----------------------------------------
Epoch 049 with LR 0.000100: Model Results
----------------------------------------
Train MSE Loss: 0.7233, Train CLS Loss: 0.0000, Train MCLS Loss: 0.0000
Protein Cluster Region Loss - Ortho Loss: 0.0000, Cluster Loss: 0.0000
                              
Validation Results: {
    "ci": 0.6675,
    "classification_loss": 0.0,
    "cluster_loss": 0.0,
    "mae": 1.33,
    "mse": 3.1218,
    "multiclassification_loss": 0.0,
    "ortho_loss": 0.0,
    "pearson": 0.494,
    "regression_loss": 3.092,
    "rm2": 0.1977,
    "rmse": 1.7669,
    "sd": 1.579,
    "spearman": 0.475,
    "spectral_loss": 0.0
}
                              
Test Results: {
    "ci": 0.6337,
    "classification_loss": 0.0,
    "cluster_loss": 0.0,
    "mae": 1.2132,
    "mse": 2.4744,
    "multiclassification_loss": 0.0,
    "ortho_loss": 0.0,
    "pearson": 0.4121,
    "regression_loss": 2.4741,
    "rm2": 0.1591,
    "rmse": 1.573,
    "sd": 1.5371,
    "spearman": 0.3833,
    "spectral_loss": 0.0
}
                              
                              
----------------------------------------
Epoch 050 with LR 0.000100: Model Results
----------------------------------------
Train MSE Loss: 0.7156, Train CLS Loss: 0.0000, Train MCLS Loss: 0.0000
Protein Cluster Region Loss - Ortho Loss: 0.0000, Cluster Loss: 0.0000
                              
Validation Results: {
    "ci": 0.6671,
    "classification_loss": 0.0,
    "cluster_loss": 0.0,
    "mae": 1.3096,
    "mse": 3.0418,
    "multiclassification_loss": 0.0,
    "ortho_loss": 0.0,
    "pearson": 0.4887,
    "regression_loss": 3.0125,
    "rm2": 0.1976,
    "rmse": 1.7441,
    "sd": 1.5844,
    "spearman": 0.4726,
    "spectral_loss": 0.0
}
                              
Test Results: {
    "ci": 0.6337,
    "classification_loss": 0.0,
    "cluster_loss": 0.0,
    "mae": 1.2132,
    "mse": 2.4744,
    "multiclassification_loss": 0.0,
    "ortho_loss": 0.0,
    "pearson": 0.4121,
    "regression_loss": 2.4741,
    "rm2": 0.1591,
    "rmse": 1.573,
    "sd": 1.5371,
    "spearman": 0.3833,
    "spectral_loss": 0.0
}
[SWA] discarding averaged weights: rmse=1.7196600845372634 vs best per-epoch 1.5968
[best epoch] epoch=12, best_rmse=1.5968, lr_at_best=1.000e-04
                              
                              
----------------------------------------
Epoch 050 with LR 0.000100: Model Results
----------------------------------------
Train MSE Loss: 0.7156, Train CLS Loss: 0.0000, Train MCLS Loss: 0.0000
Protein Cluster Region Loss - Ortho Loss: 0.0000, Cluster Loss: 0.0000
                              
Validation Results: {
    "ci": 0.6671,
    "classification_loss": 0.0,
    "cluster_loss": 0.0,
    "mae": 1.3096,
    "mse": 3.0418,
    "multiclassification_loss": 0.0,
    "ortho_loss": 0.0,
    "pearson": 0.4887,
    "regression_loss": 3.0125,
    "rm2": 0.1976,
    "rmse": 1.7441,
    "sd": 1.5844,
    "spearman": 0.4726,
    "spectral_loss": 0.0
}
                              
Test Results: {
    "ci": 0.6337,
    "classification_loss": 0.0,
    "cluster_loss": 0.0,
    "mae": 1.2132,
    "mse": 2.4744,
    "multiclassification_loss": 0.0,
    "ortho_loss": 0.0,
    "pearson": 0.4121,
    "regression_loss": 2.4741,
    "rm2": 0.1591,
    "rmse": 1.573,
    "sd": 1.5371,
    "spearman": 0.3833,
    "spectral_loss": 0.0
}
Final test metrics: rmse=1.5730, pearson=0.4121, r2_proxy(mse)=2.4744
Done. Predictions: /sc/arion/projects/DiseaseGeneCell/Huang_lab_project/wangcDrugRepoProject/TRACE_Kin_Results_v3_molformer_ctx/EITLEM_dataset/EITLEM_kkm_ESMv1_embedding_cold_drug/test_prediction_seed2.csv; checkpoint: /sc/arion/projects/DiseaseGeneCell/Huang_lab_project/wangcDrugRepoProject/TRACE_Kin_Results_v3_molformer_ctx/EITLEM_dataset/EITLEM_kkm_ESMv1_embedding_cold_drug/save_model_seed2/model.pt

==========================================
Array task 1/10: OK (EITLEM_kkm_ESMv1_embedding_cold_drug)
==========================================


PS:

Read file <242891576.1.stderr> for stderr output of this job.

