Sender: LSF System <lsfadmin@lg03e11>
Subject: Job 242890762[6]: <trace_kin_v3_perfolder_s3[1-10]> in cluster <chimera> Done

Job <trace_kin_v3_perfolder_s3[1-10]> was submitted from host <li04e01> by user <wangc40> in cluster <chimera> at Sun May 10 17:47:12 2026
Job was executed on host(s) <16*lg03e11>, in queue <gpu>, as user <wangc40> in cluster <chimera> at Sun May 10 17:47:14 2026
</hpc/users/wangc40> was used as the home directory.
</sc/arion/projects/DiseaseGeneCell/Huang_lab_project/wangcDrugRepoProject/TRACE-Kin> was used as the working directory.
Started at Sun May 10 17:47:14 2026
Terminated at Sun May 10 18:17:06 2026
Results reported at Sun May 10 18:17:06 2026

Your job looked like:

------------------------------------------------------------
# LSBATCH: User input
#!/bin/bash
#BSUB -J trace_kin_v3_perfolder_s3[1-10]
#BSUB -P acc_DiseaseGeneCell
#BSUB -q gpu
#BSUB -R h100nvl
#BSUB -gpu num=1
#BSUB -n 16
#BSUB -R "rusage[mem=8000]"
#BSUB -R "span[hosts=1]"
#BSUB -W 48:00
#BSUB -o %J.%I.stdout
#BSUB -eo %J.%I.stderr
#BSUB -L /bin/bash

# =============================================================================
# TRACE-Kin v3 PER-FOLDER + ChemBERT context — top-10 RF-gap cells
# =============================================================================
# Submit with:
#     bsub < training/run_v3_perfolder_s1.lsf
#
# Per-folder evaluation: each (dataset × kinetic × split) cell gets its own
# v3 model trained ONLY on that folder's train.parquet, tested on that
# folder's test.parquet. NO cross-dataset pooling — avoids the leakage
# concern that pool-train rows could contaminate primary-test keys.
#
# v3 = v1 GNN backbone + ChemBERT (768) projected to hidden_channels and
# added as a global-graph-context residual to mol_pool, before a fresh
# regression head. The previous FP-MLP/gate variant regressed (single MLP
# can't decompose 768-d ChemBERT on small per-folder train sets); this
# variant injects the ChemBERT signal via the GNN's pooled representation
# instead. ChemBERT comes from per-row `metabolite_features` in parquet.
#
# Cells: the 10 (out of 27) where the historical PSICHIC-vs-RF gap is
# largest, derived from data/benchmark/kinetic_regress_benchmark_clean.csv.
# These are the cells the ChemBERT cutover is most likely to move. The
# embedding per cell is the one with the LOWEST RF baseline RMSE in the
# benchmark (= the hardest fair test for v3). All 5 kinetics, all 3 splits,
# and all 4 source datasets are represented.
#
# Ordered by descending RF-gap (PSICHIC RMSE − RF RMSE):
#   1. EITLEM   kcat_km cold_drug    ESMv1       gap +0.135
#   2. catpred  kcat    random       ESMv1       gap +0.130
#   3. inhouse  Kd      random       ESMv1       gap +0.115
#   4. EITLEM   kcat_km random       ESM2        gap +0.098
#   5. EITLEM   kcat    cold_drug    ESM2        gap +0.093
#   6. MPEK     kcat    cold_protein ProteinCLIP gap +0.092
#   7. EITLEM   km      cold_protein ProteinCLIP gap +0.090
#   8. catpred  ki      cold_protein ProteinCLIP gap +0.085
#   9. EITLEM   kcat_km cold_protein ProteinCLIP gap +0.080
#  10. EITLEM   kcat    cold_protein ProteinCLIP gap +0.073

(... more ...)
------------------------------------------------------------

Successfully completed.

Resource usage summary:

    CPU time :                                   1773.00 sec.
    Max Memory :                                 6308 MB
    Average Memory :                             6197.17 MB
    Total Requested Memory :                     128000.00 MB
    Delta Memory :                               121692.00 MB
    Max Swap :                                   -
    Max Processes :                              4
    Max Threads :                                19
    Run time :                                   1792 sec.
    Turnaround time :                            1794 sec.

The output (if any) follows:

==========================================
TRACE-Kin v3 PER-FOLDER task 6/10
==========================================
Date:        Sun May 10 17:47:18 EDT 2026
Dataset:     /sc/arion/projects/DiseaseGeneCell/Huang_lab_project/drug_discovery/output/data/enzyme_embeddings_dataset/MPEK_dataset/MPEK_kcat_ProteinCLIP_embedding_cold_protein
Result:      /sc/arion/projects/DiseaseGeneCell/Huang_lab_project/wangcDrugRepoProject/TRACE_Kin_Results_v3_chembert_ctx/MPEK_dataset/MPEK_kcat_ProteinCLIP_embedding_cold_protein
Config:      training/config_v3.json
Pool CSVs:   (none — per-folder)
Model:       v3 (per-folder, no pool, ChemBERT context residual, best embedding by RF baseline)
Epochs:      30, batch=16, seed=3, lr=1e-4
==========================================
Python 3.12.2
Python: /sc/arion/work/wangc40/test-env/envs/test/bin/python
CUDA device: NVIDIA H100 80GB HBM3, sm_90
============================================================
TRACE-Kin training
============================================================
Datafolder:        /sc/arion/projects/DiseaseGeneCell/Huang_lab_project/drug_discovery/output/data/enzyme_embeddings_dataset/MPEK_dataset/MPEK_kcat_ProteinCLIP_embedding_cold_protein
Result path:       /sc/arion/projects/DiseaseGeneCell/Huang_lab_project/wangcDrugRepoProject/TRACE_Kin_Results_v3_chembert_ctx/MPEK_dataset/MPEK_kcat_ProteinCLIP_embedding_cold_protein
Config:            training/config_v3.json
Pool train CSVs:   (none)
============================================================
Loading primary train: /sc/arion/projects/DiseaseGeneCell/Huang_lab_project/drug_discovery/output/data/enzyme_embeddings_dataset/MPEK_dataset/MPEK_kcat_ProteinCLIP_embedding_cold_protein/train.parquet
Loading primary test: /sc/arion/projects/DiseaseGeneCell/Huang_lab_project/drug_discovery/output/data/enzyme_embeddings_dataset/MPEK_dataset/MPEK_kcat_ProteinCLIP_embedding_cold_protein/test.parquet
Loading primary val: /sc/arion/projects/DiseaseGeneCell/Huang_lab_project/drug_discovery/output/data/enzyme_embeddings_dataset/MPEK_dataset/MPEK_kcat_ProteinCLIP_embedding_cold_protein/val.parquet
Detected prot_evo_channels = 128
seq2feat: 6594 unique sequences.
Detected chembert_dim = 768
smi2chembert: 2788 unique SMILES.
model_version: v3, use_swa: False
Building protein graphs from scratch (this can be slow)...
Building ligand graphs from scratch...
loaders ready: train=788 test=227 val=105
Computing PNA degrees from training data...
Built TraceKinV3 with 5,644,722 parameters
[LR schedule] schedule_lr=False, lrate=0.0001, min_lrate=0, warmup_iters=0, lr_decay_iters=23640, total_iters=23640
Not in terminal, reprint now using normal build-in print function.
                              
                              
----------------------------------------
Epoch 001 with LR 0.000100: Model Results
----------------------------------------
Train MSE Loss: 1.8855, Train CLS Loss: 0.0000, Train MCLS Loss: 0.0000
Protein Cluster Region Loss - Ortho Loss: 0.0000, Cluster Loss: 0.0000
                              
Validation Results: {
    "ci": 0.6653,
    "classification_loss": 0.0,
    "cluster_loss": 0.0,
    "mae": 1.0563,
    "mse": 1.9284,
    "multiclassification_loss": 0.0,
    "ortho_loss": 0.0,
    "pearson": 0.445,
    "regression_loss": 1.928,
    "rm2": 0.1848,
    "rmse": 1.3887,
    "sd": 1.3478,
    "spearman": 0.4705,
    "spectral_loss": 0.0
}
                              
Test Results: {
    "ci": 0.6729,
    "classification_loss": 0.0,
    "cluster_loss": 0.0,
    "mae": 1.0347,
    "mse": 1.7904,
    "multiclassification_loss": 0.0,
    "ortho_loss": 0.0,
    "pearson": 0.4903,
    "regression_loss": 1.7965,
    "rm2": 0.2244,
    "rmse": 1.338,
    "sd": 1.3119,
    "spearman": 0.4904,
    "spectral_loss": 0.0
}
                              
                              
----------------------------------------
Epoch 002 with LR 0.000100: Model Results
----------------------------------------
Train MSE Loss: 1.5335, Train CLS Loss: 0.0000, Train MCLS Loss: 0.0000
Protein Cluster Region Loss - Ortho Loss: 0.0000, Cluster Loss: 0.0000
                              
Validation Results: {
    "ci": 0.6796,
    "classification_loss": 0.0,
    "cluster_loss": 0.0,
    "mae": 1.0187,
    "mse": 1.7444,
    "multiclassification_loss": 0.0,
    "ortho_loss": 0.0,
    "pearson": 0.5024,
    "regression_loss": 1.7473,
    "rm2": 0.2259,
    "rmse": 1.3208,
    "sd": 1.3013,
    "spearman": 0.506,
    "spectral_loss": 0.0
}
                              
Test Results: {
    "ci": 0.6865,
    "classification_loss": 0.0,
    "cluster_loss": 0.0,
    "mae": 1.0303,
    "mse": 1.7004,
    "multiclassification_loss": 0.0,
    "ortho_loss": 0.0,
    "pearson": 0.5304,
    "regression_loss": 1.7005,
    "rm2": 0.2457,
    "rmse": 1.304,
    "sd": 1.276,
    "spearman": 0.524,
    "spectral_loss": 0.0
}
                              
                              
----------------------------------------
Epoch 003 with LR 0.000100: Model Results
----------------------------------------
Train MSE Loss: 1.3504, Train CLS Loss: 0.0000, Train MCLS Loss: 0.0000
Protein Cluster Region Loss - Ortho Loss: 0.0000, Cluster Loss: 0.0000
                              
Validation Results: {
    "ci": 0.69,
    "classification_loss": 0.0,
    "cluster_loss": 0.0,
    "mae": 0.9503,
    "mse": 1.6829,
    "multiclassification_loss": 0.0,
    "ortho_loss": 0.0,
    "pearson": 0.5279,
    "regression_loss": 1.6835,
    "rm2": 0.2635,
    "rmse": 1.2973,
    "sd": 1.2782,
    "spearman": 0.536,
    "spectral_loss": 0.0
}
                              
Test Results: {
    "ci": 0.698,
    "classification_loss": 0.0,
    "cluster_loss": 0.0,
    "mae": 0.9479,
    "mse": 1.5717,
    "multiclassification_loss": 0.0,
    "ortho_loss": 0.0,
    "pearson": 0.5666,
    "regression_loss": 1.5764,
    "rm2": 0.3003,
    "rmse": 1.2537,
    "sd": 1.2403,
    "spearman": 0.5542,
    "spectral_loss": 0.0
}
                              
                              
----------------------------------------
Epoch 004 with LR 0.000100: Model Results
----------------------------------------
Train MSE Loss: 1.2271, Train CLS Loss: 0.0000, Train MCLS Loss: 0.0000
Protein Cluster Region Loss - Ortho Loss: 0.0000, Cluster Loss: 0.0000
                              
Validation Results: {
    "ci": 0.6948,
    "classification_loss": 0.0,
    "cluster_loss": 0.0,
    "mae": 0.9613,
    "mse": 1.7189,
    "multiclassification_loss": 0.0,
    "ortho_loss": 0.0,
    "pearson": 0.5295,
    "regression_loss": 1.7188,
    "rm2": 0.2716,
    "rmse": 1.3111,
    "sd": 1.2767,
    "spearman": 0.5446,
    "spectral_loss": 0.0
}
                              
Test Results: {
    "ci": 0.698,
    "classification_loss": 0.0,
    "cluster_loss": 0.0,
    "mae": 0.9479,
    "mse": 1.5717,
    "multiclassification_loss": 0.0,
    "ortho_loss": 0.0,
    "pearson": 0.5666,
    "regression_loss": 1.5764,
    "rm2": 0.3003,
    "rmse": 1.2537,
    "sd": 1.2403,
    "spearman": 0.5542,
    "spectral_loss": 0.0
}
                              
                              
----------------------------------------
Epoch 005 with LR 0.000100: Model Results
----------------------------------------
Train MSE Loss: 1.1256, Train CLS Loss: 0.0000, Train MCLS Loss: 0.0000
Protein Cluster Region Loss - Ortho Loss: 0.0000, Cluster Loss: 0.0000
                              
Validation Results: {
    "ci": 0.6951,
    "classification_loss": 0.0,
    "cluster_loss": 0.0,
    "mae": 0.9893,
    "mse": 1.7707,
    "multiclassification_loss": 0.0,
    "ortho_loss": 0.0,
    "pearson": 0.5242,
    "regression_loss": 1.7753,
    "rm2": 0.2383,
    "rmse": 1.3307,
    "sd": 1.2817,
    "spearman": 0.5465,
    "spectral_loss": 0.0
}
                              
Test Results: {
    "ci": 0.698,
    "classification_loss": 0.0,
    "cluster_loss": 0.0,
    "mae": 0.9479,
    "mse": 1.5717,
    "multiclassification_loss": 0.0,
    "ortho_loss": 0.0,
    "pearson": 0.5666,
    "regression_loss": 1.5764,
    "rm2": 0.3003,
    "rmse": 1.2537,
    "sd": 1.2403,
    "spearman": 0.5542,
    "spectral_loss": 0.0
}
                              
                              
----------------------------------------
Epoch 006 with LR 0.000100: Model Results
----------------------------------------
Train MSE Loss: 1.0518, Train CLS Loss: 0.0000, Train MCLS Loss: 0.0000
Protein Cluster Region Loss - Ortho Loss: 0.0000, Cluster Loss: 0.0000
                              
Validation Results: {
    "ci": 0.7028,
    "classification_loss": 0.0,
    "cluster_loss": 0.0,
    "mae": 0.9488,
    "mse": 1.6336,
    "multiclassification_loss": 0.0,
    "ortho_loss": 0.0,
    "pearson": 0.556,
    "regression_loss": 1.638,
    "rm2": 0.2777,
    "rmse": 1.2781,
    "sd": 1.251,
    "spearman": 0.5634,
    "spectral_loss": 0.0
}
                              
Test Results: {
    "ci": 0.7151,
    "classification_loss": 0.0,
    "cluster_loss": 0.0,
    "mae": 0.9212,
    "mse": 1.4778,
    "multiclassification_loss": 0.0,
    "ortho_loss": 0.0,
    "pearson": 0.6048,
    "regression_loss": 1.4778,
    "rm2": 0.3303,
    "rmse": 1.2157,
    "sd": 1.1988,
    "spearman": 0.5933,
    "spectral_loss": 0.0
}
                              
                              
----------------------------------------
Epoch 007 with LR 0.000100: Model Results
----------------------------------------
Train MSE Loss: 1.0087, Train CLS Loss: 0.0000, Train MCLS Loss: 0.0000
Protein Cluster Region Loss - Ortho Loss: 0.0000, Cluster Loss: 0.0000
                              
Validation Results: {
    "ci": 0.7012,
    "classification_loss": 0.0,
    "cluster_loss": 0.0,
    "mae": 0.9452,
    "mse": 1.6343,
    "multiclassification_loss": 0.0,
    "ortho_loss": 0.0,
    "pearson": 0.551,
    "regression_loss": 1.6369,
    "rm2": 0.2758,
    "rmse": 1.2784,
    "sd": 1.256,
    "spearman": 0.5582,
    "spectral_loss": 0.0
}
                              
Test Results: {
    "ci": 0.7151,
    "classification_loss": 0.0,
    "cluster_loss": 0.0,
    "mae": 0.9212,
    "mse": 1.4778,
    "multiclassification_loss": 0.0,
    "ortho_loss": 0.0,
    "pearson": 0.6048,
    "regression_loss": 1.4778,
    "rm2": 0.3303,
    "rmse": 1.2157,
    "sd": 1.1988,
    "spearman": 0.5933,
    "spectral_loss": 0.0
}
                              
                              
----------------------------------------
Epoch 008 with LR 0.000100: Model Results
----------------------------------------
Train MSE Loss: 0.9540, Train CLS Loss: 0.0000, Train MCLS Loss: 0.0000
Protein Cluster Region Loss - Ortho Loss: 0.0000, Cluster Loss: 0.0000
                              
Validation Results: {
    "ci": 0.7146,
    "classification_loss": 0.0,
    "cluster_loss": 0.0,
    "mae": 0.9044,
    "mse": 1.5396,
    "multiclassification_loss": 0.0,
    "ortho_loss": 0.0,
    "pearson": 0.5865,
    "regression_loss": 1.5412,
    "rm2": 0.3095,
    "rmse": 1.2408,
    "sd": 1.2189,
    "spearman": 0.5861,
    "spectral_loss": 0.0
}
                              
Test Results: {
    "ci": 0.7177,
    "classification_loss": 0.0,
    "cluster_loss": 0.0,
    "mae": 0.9185,
    "mse": 1.4543,
    "multiclassification_loss": 0.0,
    "ortho_loss": 0.0,
    "pearson": 0.6147,
    "regression_loss": 1.454,
    "rm2": 0.3391,
    "rmse": 1.2059,
    "sd": 1.1873,
    "spearman": 0.6012,
    "spectral_loss": 0.0
}
                              
                              
----------------------------------------
Epoch 009 with LR 0.000100: Model Results
----------------------------------------
Train MSE Loss: 0.9283, Train CLS Loss: 0.0000, Train MCLS Loss: 0.0000
Protein Cluster Region Loss - Ortho Loss: 0.0000, Cluster Loss: 0.0000
                              
Validation Results: {
    "ci": 0.7077,
    "classification_loss": 0.0,
    "cluster_loss": 0.0,
    "mae": 0.9196,
    "mse": 1.5296,
    "multiclassification_loss": 0.0,
    "ortho_loss": 0.0,
    "pearson": 0.5742,
    "regression_loss": 1.53,
    "rm2": 0.3111,
    "rmse": 1.2368,
    "sd": 1.2322,
    "spearman": 0.5705,
    "spectral_loss": 0.0
}
                              
Test Results: {
    "ci": 0.7139,
    "classification_loss": 0.0,
    "cluster_loss": 0.0,
    "mae": 0.9185,
    "mse": 1.4587,
    "multiclassification_loss": 0.0,
    "ortho_loss": 0.0,
    "pearson": 0.5998,
    "regression_loss": 1.4601,
    "rm2": 0.3502,
    "rmse": 1.2078,
    "sd": 1.2044,
    "spearman": 0.5905,
    "spectral_loss": 0.0
}
                              
                              
----------------------------------------
Epoch 010 with LR 0.000100: Model Results
----------------------------------------
Train MSE Loss: 0.8757, Train CLS Loss: 0.0000, Train MCLS Loss: 0.0000
Protein Cluster Region Loss - Ortho Loss: 0.0000, Cluster Loss: 0.0000
                              
Validation Results: {
    "ci": 0.7084,
    "classification_loss": 0.0,
    "cluster_loss": 0.0,
    "mae": 0.8979,
    "mse": 1.5349,
    "multiclassification_loss": 0.0,
    "ortho_loss": 0.0,
    "pearson": 0.5825,
    "regression_loss": 1.5374,
    "rm2": 0.3215,
    "rmse": 1.2389,
    "sd": 1.2233,
    "spearman": 0.5769,
    "spectral_loss": 0.0
}
                              
Test Results: {
    "ci": 0.7139,
    "classification_loss": 0.0,
    "cluster_loss": 0.0,
    "mae": 0.9185,
    "mse": 1.4587,
    "multiclassification_loss": 0.0,
    "ortho_loss": 0.0,
    "pearson": 0.5998,
    "regression_loss": 1.4601,
    "rm2": 0.3502,
    "rmse": 1.2078,
    "sd": 1.2044,
    "spearman": 0.5905,
    "spectral_loss": 0.0
}
                              
                              
----------------------------------------
Epoch 011 with LR 0.000100: Model Results
----------------------------------------
Train MSE Loss: 0.8537, Train CLS Loss: 0.0000, Train MCLS Loss: 0.0000
Protein Cluster Region Loss - Ortho Loss: 0.0000, Cluster Loss: 0.0000
                              
Validation Results: {
    "ci": 0.7028,
    "classification_loss": 0.0,
    "cluster_loss": 0.0,
    "mae": 0.9625,
    "mse": 1.6848,
    "multiclassification_loss": 0.0,
    "ortho_loss": 0.0,
    "pearson": 0.5509,
    "regression_loss": 1.6881,
    "rm2": 0.2674,
    "rmse": 1.298,
    "sd": 1.256,
    "spearman": 0.5626,
    "spectral_loss": 0.0
}
                              
Test Results: {
    "ci": 0.7139,
    "classification_loss": 0.0,
    "cluster_loss": 0.0,
    "mae": 0.9185,
    "mse": 1.4587,
    "multiclassification_loss": 0.0,
    "ortho_loss": 0.0,
    "pearson": 0.5998,
    "regression_loss": 1.4601,
    "rm2": 0.3502,
    "rmse": 1.2078,
    "sd": 1.2044,
    "spearman": 0.5905,
    "spectral_loss": 0.0
}
                              
                              
----------------------------------------
Epoch 012 with LR 0.000100: Model Results
----------------------------------------
Train MSE Loss: 0.8241, Train CLS Loss: 0.0000, Train MCLS Loss: 0.0000
Protein Cluster Region Loss - Ortho Loss: 0.0000, Cluster Loss: 0.0000
                              
Validation Results: {
    "ci": 0.7023,
    "classification_loss": 0.0,
    "cluster_loss": 0.0,
    "mae": 0.9501,
    "mse": 1.6782,
    "multiclassification_loss": 0.0,
    "ortho_loss": 0.0,
    "pearson": 0.5627,
    "regression_loss": 1.6795,
    "rm2": 0.2688,
    "rmse": 1.2955,
    "sd": 1.2441,
    "spearman": 0.5569,
    "spectral_loss": 0.0
}
                              
Test Results: {
    "ci": 0.7139,
    "classification_loss": 0.0,
    "cluster_loss": 0.0,
    "mae": 0.9185,
    "mse": 1.4587,
    "multiclassification_loss": 0.0,
    "ortho_loss": 0.0,
    "pearson": 0.5998,
    "regression_loss": 1.4601,
    "rm2": 0.3502,
    "rmse": 1.2078,
    "sd": 1.2044,
    "spearman": 0.5905,
    "spectral_loss": 0.0
}
                              
                              
----------------------------------------
Epoch 013 with LR 0.000100: Model Results
----------------------------------------
Train MSE Loss: 0.7991, Train CLS Loss: 0.0000, Train MCLS Loss: 0.0000
Protein Cluster Region Loss - Ortho Loss: 0.0000, Cluster Loss: 0.0000
                              
Validation Results: {
    "ci": 0.7048,
    "classification_loss": 0.0,
    "cluster_loss": 0.0,
    "mae": 0.9099,
    "mse": 1.5946,
    "multiclassification_loss": 0.0,
    "ortho_loss": 0.0,
    "pearson": 0.5699,
    "regression_loss": 1.5953,
    "rm2": 0.2926,
    "rmse": 1.2628,
    "sd": 1.2367,
    "spearman": 0.559,
    "spectral_loss": 0.0
}
                              
Test Results: {
    "ci": 0.7139,
    "classification_loss": 0.0,
    "cluster_loss": 0.0,
    "mae": 0.9185,
    "mse": 1.4587,
    "multiclassification_loss": 0.0,
    "ortho_loss": 0.0,
    "pearson": 0.5998,
    "regression_loss": 1.4601,
    "rm2": 0.3502,
    "rmse": 1.2078,
    "sd": 1.2044,
    "spearman": 0.5905,
    "spectral_loss": 0.0
}
                              
                              
----------------------------------------
Epoch 014 with LR 0.000100: Model Results
----------------------------------------
Train MSE Loss: 0.7857, Train CLS Loss: 0.0000, Train MCLS Loss: 0.0000
Protein Cluster Region Loss - Ortho Loss: 0.0000, Cluster Loss: 0.0000
                              
Validation Results: {
    "ci": 0.705,
    "classification_loss": 0.0,
    "cluster_loss": 0.0,
    "mae": 0.9337,
    "mse": 1.6337,
    "multiclassification_loss": 0.0,
    "ortho_loss": 0.0,
    "pearson": 0.5577,
    "regression_loss": 1.6355,
    "rm2": 0.273,
    "rmse": 1.2782,
    "sd": 1.2492,
    "spearman": 0.5605,
    "spectral_loss": 0.0
}
                              
Test Results: {
    "ci": 0.7139,
    "classification_loss": 0.0,
    "cluster_loss": 0.0,
    "mae": 0.9185,
    "mse": 1.4587,
    "multiclassification_loss": 0.0,
    "ortho_loss": 0.0,
    "pearson": 0.5998,
    "regression_loss": 1.4601,
    "rm2": 0.3502,
    "rmse": 1.2078,
    "sd": 1.2044,
    "spearman": 0.5905,
    "spectral_loss": 0.0
}
                              
                              
----------------------------------------
Epoch 015 with LR 0.000100: Model Results
----------------------------------------
Train MSE Loss: 0.7610, Train CLS Loss: 0.0000, Train MCLS Loss: 0.0000
Protein Cluster Region Loss - Ortho Loss: 0.0000, Cluster Loss: 0.0000
                              
Validation Results: {
    "ci": 0.7053,
    "classification_loss": 0.0,
    "cluster_loss": 0.0,
    "mae": 0.9534,
    "mse": 1.7186,
    "multiclassification_loss": 0.0,
    "ortho_loss": 0.0,
    "pearson": 0.562,
    "regression_loss": 1.7204,
    "rm2": 0.2829,
    "rmse": 1.311,
    "sd": 1.2449,
    "spearman": 0.5659,
    "spectral_loss": 0.0
}
                              
Test Results: {
    "ci": 0.7139,
    "classification_loss": 0.0,
    "cluster_loss": 0.0,
    "mae": 0.9185,
    "mse": 1.4587,
    "multiclassification_loss": 0.0,
    "ortho_loss": 0.0,
    "pearson": 0.5998,
    "regression_loss": 1.4601,
    "rm2": 0.3502,
    "rmse": 1.2078,
    "sd": 1.2044,
    "spearman": 0.5905,
    "spectral_loss": 0.0
}
                              
                              
----------------------------------------
Epoch 016 with LR 0.000100: Model Results
----------------------------------------
Train MSE Loss: 0.7416, Train CLS Loss: 0.0000, Train MCLS Loss: 0.0000
Protein Cluster Region Loss - Ortho Loss: 0.0000, Cluster Loss: 0.0000
                              
Validation Results: {
    "ci": 0.7061,
    "classification_loss": 0.0,
    "cluster_loss": 0.0,
    "mae": 0.9336,
    "mse": 1.643,
    "multiclassification_loss": 0.0,
    "ortho_loss": 0.0,
    "pearson": 0.5714,
    "regression_loss": 1.644,
    "rm2": 0.2865,
    "rmse": 1.2818,
    "sd": 1.2351,
    "spearman": 0.5667,
    "spectral_loss": 0.0
}
                              
Test Results: {
    "ci": 0.7139,
    "classification_loss": 0.0,
    "cluster_loss": 0.0,
    "mae": 0.9185,
    "mse": 1.4587,
    "multiclassification_loss": 0.0,
    "ortho_loss": 0.0,
    "pearson": 0.5998,
    "regression_loss": 1.4601,
    "rm2": 0.3502,
    "rmse": 1.2078,
    "sd": 1.2044,
    "spearman": 0.5905,
    "spectral_loss": 0.0
}
                              
                              
----------------------------------------
Epoch 017 with LR 0.000100: Model Results
----------------------------------------
Train MSE Loss: 0.7278, Train CLS Loss: 0.0000, Train MCLS Loss: 0.0000
Protein Cluster Region Loss - Ortho Loss: 0.0000, Cluster Loss: 0.0000
                              
Validation Results: {
    "ci": 0.7118,
    "classification_loss": 0.0,
    "cluster_loss": 0.0,
    "mae": 0.9164,
    "mse": 1.5979,
    "multiclassification_loss": 0.0,
    "ortho_loss": 0.0,
    "pearson": 0.5753,
    "regression_loss": 1.5998,
    "rm2": 0.2983,
    "rmse": 1.2641,
    "sd": 1.231,
    "spearman": 0.5803,
    "spectral_loss": 0.0
}
                              
Test Results: {
    "ci": 0.7139,
    "classification_loss": 0.0,
    "cluster_loss": 0.0,
    "mae": 0.9185,
    "mse": 1.4587,
    "multiclassification_loss": 0.0,
    "ortho_loss": 0.0,
    "pearson": 0.5998,
    "regression_loss": 1.4601,
    "rm2": 0.3502,
    "rmse": 1.2078,
    "sd": 1.2044,
    "spearman": 0.5905,
    "spectral_loss": 0.0
}
                              
                              
----------------------------------------
Epoch 018 with LR 0.000100: Model Results
----------------------------------------
Train MSE Loss: 0.7138, Train CLS Loss: 0.0000, Train MCLS Loss: 0.0000
Protein Cluster Region Loss - Ortho Loss: 0.0000, Cluster Loss: 0.0000
                              
Validation Results: {
    "ci": 0.7143,
    "classification_loss": 0.0,
    "cluster_loss": 0.0,
    "mae": 0.9346,
    "mse": 1.5971,
    "multiclassification_loss": 0.0,
    "ortho_loss": 0.0,
    "pearson": 0.5892,
    "regression_loss": 1.5985,
    "rm2": 0.2908,
    "rmse": 1.2638,
    "sd": 1.216,
    "spearman": 0.5887,
    "spectral_loss": 0.0
}
                              
Test Results: {
    "ci": 0.7139,
    "classification_loss": 0.0,
    "cluster_loss": 0.0,
    "mae": 0.9185,
    "mse": 1.4587,
    "multiclassification_loss": 0.0,
    "ortho_loss": 0.0,
    "pearson": 0.5998,
    "regression_loss": 1.4601,
    "rm2": 0.3502,
    "rmse": 1.2078,
    "sd": 1.2044,
    "spearman": 0.5905,
    "spectral_loss": 0.0
}
                              
                              
----------------------------------------
Epoch 019 with LR 0.000100: Model Results
----------------------------------------
Train MSE Loss: 0.6938, Train CLS Loss: 0.0000, Train MCLS Loss: 0.0000
Protein Cluster Region Loss - Ortho Loss: 0.0000, Cluster Loss: 0.0000
                              
Validation Results: {
    "ci": 0.7042,
    "classification_loss": 0.0,
    "cluster_loss": 0.0,
    "mae": 0.9731,
    "mse": 1.6534,
    "multiclassification_loss": 0.0,
    "ortho_loss": 0.0,
    "pearson": 0.5718,
    "regression_loss": 1.6571,
    "rm2": 0.2686,
    "rmse": 1.2858,
    "sd": 1.2347,
    "spearman": 0.5638,
    "spectral_loss": 0.0
}
                              
Test Results: {
    "ci": 0.7139,
    "classification_loss": 0.0,
    "cluster_loss": 0.0,
    "mae": 0.9185,
    "mse": 1.4587,
    "multiclassification_loss": 0.0,
    "ortho_loss": 0.0,
    "pearson": 0.5998,
    "regression_loss": 1.4601,
    "rm2": 0.3502,
    "rmse": 1.2078,
    "sd": 1.2044,
    "spearman": 0.5905,
    "spectral_loss": 0.0
}

Early stopping at epoch 19 (no improvement for 10 epochs)
[best epoch] epoch=9, best_rmse=1.2368, lr_at_best=1.000e-04
                              
                              
----------------------------------------
Epoch 019 with LR 0.000100: Model Results
----------------------------------------
Train MSE Loss: 0.6938, Train CLS Loss: 0.0000, Train MCLS Loss: 0.0000
Protein Cluster Region Loss - Ortho Loss: 0.0000, Cluster Loss: 0.0000
                              
Validation Results: {
    "ci": 0.7042,
    "classification_loss": 0.0,
    "cluster_loss": 0.0,
    "mae": 0.9731,
    "mse": 1.6534,
    "multiclassification_loss": 0.0,
    "ortho_loss": 0.0,
    "pearson": 0.5718,
    "regression_loss": 1.6571,
    "rm2": 0.2686,
    "rmse": 1.2858,
    "sd": 1.2347,
    "spearman": 0.5638,
    "spectral_loss": 0.0
}
                              
Test Results: {
    "ci": 0.7139,
    "classification_loss": 0.0,
    "cluster_loss": 0.0,
    "mae": 0.9185,
    "mse": 1.4587,
    "multiclassification_loss": 0.0,
    "ortho_loss": 0.0,
    "pearson": 0.5998,
    "regression_loss": 1.4601,
    "rm2": 0.3502,
    "rmse": 1.2078,
    "sd": 1.2044,
    "spearman": 0.5905,
    "spectral_loss": 0.0
}
Final test metrics: rmse=1.2078, pearson=0.5998, r2_proxy(mse)=1.4587
Done. Predictions: /sc/arion/projects/DiseaseGeneCell/Huang_lab_project/wangcDrugRepoProject/TRACE_Kin_Results_v3_chembert_ctx/MPEK_dataset/MPEK_kcat_ProteinCLIP_embedding_cold_protein/test_prediction_seed3.csv; checkpoint: /sc/arion/projects/DiseaseGeneCell/Huang_lab_project/wangcDrugRepoProject/TRACE_Kin_Results_v3_chembert_ctx/MPEK_dataset/MPEK_kcat_ProteinCLIP_embedding_cold_protein/save_model_seed3/model.pt

==========================================
Array task 6/10: OK (MPEK_kcat_ProteinCLIP_embedding_cold_protein)
==========================================


PS:

Read file <242890762.6.stderr> for stderr output of this job.

