Sender: LSF System <lsfadmin@lg02e06>
Subject: Job 242891575[2]: <trace_kin_v3_perfolder_s1[1-10]> in cluster <chimera> Done

Job <trace_kin_v3_perfolder_s1[1-10]> was submitted from host <li04e01> by user <wangc40> in cluster <chimera> at Sun May 10 18:57:40 2026
Job was executed on host(s) <16*lg02e06>, in queue <gpu>, as user <wangc40> in cluster <chimera> at Sun May 10 18:57:45 2026
</hpc/users/wangc40> was used as the home directory.
</sc/arion/projects/DiseaseGeneCell/Huang_lab_project/wangcDrugRepoProject/TRACE-Kin> was used as the working directory.
Started at Sun May 10 18:57:45 2026
Terminated at Sun May 10 21:18:11 2026
Results reported at Sun May 10 21:18:11 2026

Your job looked like:

------------------------------------------------------------
# LSBATCH: User input
#!/bin/bash
#BSUB -J trace_kin_v3_perfolder_s1[1-10]
#BSUB -P acc_DiseaseGeneCell
#BSUB -q gpu
#BSUB -R h100nvl
#BSUB -gpu num=1
#BSUB -n 16
#BSUB -R "rusage[mem=8000]"
#BSUB -R "span[hosts=1]"
#BSUB -W 48:00
#BSUB -o %J.%I.stdout
#BSUB -eo %J.%I.stderr
#BSUB -L /bin/bash

# =============================================================================
# TRACE-Kin v3 PER-FOLDER + MoLFormer-XL context — top-10 RF-gap cells
# =============================================================================
# Submit with:
#     bsub < training/run_v3_perfolder_s1.lsf
#
# Per-folder evaluation: each (dataset × kinetic × split) cell gets its own
# v3 model trained ONLY on that folder's train.parquet, tested on that
# folder's test.parquet. NO cross-dataset pooling — avoids the leakage
# concern that pool-train rows could contaminate primary-test keys.
#
# v3 = v1 GNN backbone + MoLFormer-XL (768) projected to hidden_channels
# and added as a global-graph-context residual to mol_pool, before a
# fresh regression head. Molecular embeddings are computed live by
# MoLFormer-XL (not read from a pre-computed parquet column) and cached
# at <datafolder>/molformer_emb.pt so all 3 seeds share the compute.
#
# SWA is enabled (start at 50% of training, swa_lr=10x lower) to average
# weights over the noisy val plateau. Single-best-epoch checkpoint
# selection was picking lucky early dips driven by small-val-set noise.
# Patience disabled so SWA's averaging window has room to build.
#
# Cells: the 10 (out of 27) where the historical PSICHIC-vs-RF gap is
# largest, derived from data/benchmark/kinetic_regress_benchmark_clean.csv.
# These are the cells the ChemBERT cutover is most likely to move. The
# embedding per cell is the one with the LOWEST RF baseline RMSE in the
# benchmark (= the hardest fair test for v3). All 5 kinetics, all 3 splits,
# and all 4 source datasets are represented.
#
# Ordered by descending RF-gap (PSICHIC RMSE − RF RMSE):
#   1. EITLEM   kcat_km cold_drug    ESMv1       gap +0.135
#   2. catpred  kcat    random       ESMv1       gap +0.130
#   3. inhouse  Kd      random       ESMv1       gap +0.115
#   4. EITLEM   kcat_km random       ESM2        gap +0.098
#   5. EITLEM   kcat    cold_drug    ESM2        gap +0.093
#   6. MPEK     kcat    cold_protein ProteinCLIP gap +0.092

(... more ...)
------------------------------------------------------------

Successfully completed.

Resource usage summary:

    CPU time :                                   8647.00 sec.
    Max Memory :                                 20682 MB
    Average Memory :                             19878.36 MB
    Total Requested Memory :                     128000.00 MB
    Delta Memory :                               107318.00 MB
    Max Swap :                                   -
    Max Processes :                              4
    Max Threads :                                25
    Run time :                                   8426 sec.
    Turnaround time :                            8431 sec.

The output (if any) follows:

==========================================
TRACE-Kin v3 PER-FOLDER task 2/10
==========================================
Date:        Sun May 10 18:57:49 EDT 2026
Dataset:     /sc/arion/projects/DiseaseGeneCell/Huang_lab_project/drug_discovery/output/data/enzyme_embeddings_dataset/catpred_dataset/catpred_kcat_ESMv1_embedding_random
Result:      /sc/arion/projects/DiseaseGeneCell/Huang_lab_project/wangcDrugRepoProject/TRACE_Kin_Results_v3_molformer_ctx/catpred_dataset/catpred_kcat_ESMv1_embedding_random
Config:      training/config_v3.json
Pool CSVs:   (none — per-folder)
Model:       v3 (per-folder, no pool, MoLFormer-XL context residual, SWA, best embedding by RF baseline)
MoLFormer:   /sc/arion/projects/DiseaseGeneCell/Huang_lab_project/wangcDrugRepoProject/transformersmodels/ibm/MoLFormer-XL-both-10pct
Epochs:      50, batch=16, seed=1, lr=1e-4
==========================================
Python 3.12.2
Python: /sc/arion/work/wangc40/test-env/envs/test/bin/python
CUDA device: NVIDIA H100 80GB HBM3, sm_90
============================================================
TRACE-Kin training
============================================================
Datafolder:        /sc/arion/projects/DiseaseGeneCell/Huang_lab_project/drug_discovery/output/data/enzyme_embeddings_dataset/catpred_dataset/catpred_kcat_ESMv1_embedding_random
Result path:       /sc/arion/projects/DiseaseGeneCell/Huang_lab_project/wangcDrugRepoProject/TRACE_Kin_Results_v3_molformer_ctx/catpred_dataset/catpred_kcat_ESMv1_embedding_random
Config:            training/config_v3.json
Pool train CSVs:   (none)
============================================================
Loading primary train: /sc/arion/projects/DiseaseGeneCell/Huang_lab_project/drug_discovery/output/data/enzyme_embeddings_dataset/catpred_dataset/catpred_kcat_ESMv1_embedding_random/train.parquet
Loading primary test: /sc/arion/projects/DiseaseGeneCell/Huang_lab_project/drug_discovery/output/data/enzyme_embeddings_dataset/catpred_dataset/catpred_kcat_ESMv1_embedding_random/test.parquet
Loading primary val: /sc/arion/projects/DiseaseGeneCell/Huang_lab_project/drug_discovery/output/data/enzyme_embeddings_dataset/catpred_dataset/catpred_kcat_ESMv1_embedding_random/val.parquet
Detected prot_evo_channels = 1280
seq2feat: 7177 unique sequences.
Loading MoLFormer-XL from /sc/arion/projects/DiseaseGeneCell/Huang_lab_project/wangcDrugRepoProject/transformersmodels/ibm/MoLFormer-XL-both-10pct
Computing MoLFormer embeddings for 10853 unique SMILES (batch_size=64)
  embedded 64/10853
  embedded 1344/10853
  embedded 2624/10853
  embedded 3904/10853
  embedded 5184/10853
  embedded 6464/10853
  embedded 7744/10853
  embedded 9024/10853
  embedded 10304/10853
Saved MoLFormer cache: /sc/arion/projects/DiseaseGeneCell/Huang_lab_project/drug_discovery/output/data/enzyme_embeddings_dataset/catpred_dataset/catpred_kcat_ESMv1_embedding_random/molformer_emb.pt (10853 SMILES)
MoLFormer embeddings: 10853 unique SMILES, dim=768
model_version: v3, use_swa: True
Building protein graphs from scratch (this can be slow)...
U, B, O, or 0 in Sequence
Building ligand graphs from scratch...
loaders ready: train=1158 test=145 val=145
Computing PNA degrees from training data...
Built TraceKinV3 with 6,105,522 parameters
[SWA] enabled: start_epoch=25, swa_lr=1.000e-05
[LR schedule] schedule_lr=False, lrate=0.0001, min_lrate=0, warmup_iters=0, lr_decay_iters=57900, total_iters=57900
Not in terminal, reprint now using normal build-in print function.
                              
                              
----------------------------------------
Epoch 001 with LR 0.000100: Model Results
----------------------------------------
Train MSE Loss: 2.5045, Train CLS Loss: 0.0000, Train MCLS Loss: 0.0000
Protein Cluster Region Loss - Ortho Loss: 0.0000, Cluster Loss: 0.0000
                              
Validation Results: {
    "ci": 0.651,
    "classification_loss": 0.0,
    "cluster_loss": 0.0,
    "mae": 1.1575,
    "mse": 2.2667,
    "multiclassification_loss": 0.0,
    "ortho_loss": 0.0,
    "pearson": 0.4569,
    "regression_loss": 2.2658,
    "rm2": 0.1861,
    "rmse": 1.5056,
    "sd": 1.4576,
    "spearman": 0.4366,
    "spectral_loss": 0.0
}
                              
Test Results: {
    "ci": 0.6483,
    "classification_loss": 0.0,
    "cluster_loss": 0.0,
    "mae": 1.1566,
    "mse": 2.2778,
    "multiclassification_loss": 0.0,
    "ortho_loss": 0.0,
    "pearson": 0.4361,
    "regression_loss": 2.2786,
    "rm2": 0.1748,
    "rmse": 1.5092,
    "sd": 1.4814,
    "spearman": 0.4272,
    "spectral_loss": 0.0
}
                              
                              
----------------------------------------
Epoch 002 with LR 0.000100: Model Results
----------------------------------------
Train MSE Loss: 2.1542, Train CLS Loss: 0.0000, Train MCLS Loss: 0.0000
Protein Cluster Region Loss - Ortho Loss: 0.0000, Cluster Loss: 0.0000
                              
Validation Results: {
    "ci": 0.675,
    "classification_loss": 0.0,
    "cluster_loss": 0.0,
    "mae": 1.0852,
    "mse": 2.0172,
    "multiclassification_loss": 0.0,
    "ortho_loss": 0.0,
    "pearson": 0.5166,
    "regression_loss": 2.0165,
    "rm2": 0.2465,
    "rmse": 1.4203,
    "sd": 1.4031,
    "spearman": 0.4981,
    "spectral_loss": 0.0
}
                              
Test Results: {
    "ci": 0.6724,
    "classification_loss": 0.0,
    "cluster_loss": 0.0,
    "mae": 1.0889,
    "mse": 2.0497,
    "multiclassification_loss": 0.0,
    "ortho_loss": 0.0,
    "pearson": 0.5008,
    "regression_loss": 2.0506,
    "rm2": 0.2386,
    "rmse": 1.4317,
    "sd": 1.4249,
    "spearman": 0.4892,
    "spectral_loss": 0.0
}
                              
                              
----------------------------------------
Epoch 003 with LR 0.000100: Model Results
----------------------------------------
Train MSE Loss: 1.9096, Train CLS Loss: 0.0000, Train MCLS Loss: 0.0000
Protein Cluster Region Loss - Ortho Loss: 0.0000, Cluster Loss: 0.0000
                              
Validation Results: {
    "ci": 0.6963,
    "classification_loss": 0.0,
    "cluster_loss": 0.0,
    "mae": 1.0332,
    "mse": 1.8394,
    "multiclassification_loss": 0.0,
    "ortho_loss": 0.0,
    "pearson": 0.5713,
    "regression_loss": 1.8392,
    "rm2": 0.3059,
    "rmse": 1.3563,
    "sd": 1.345,
    "spearman": 0.5502,
    "spectral_loss": 0.0
}
                              
Test Results: {
    "ci": 0.7009,
    "classification_loss": 0.0,
    "cluster_loss": 0.0,
    "mae": 1.038,
    "mse": 1.876,
    "multiclassification_loss": 0.0,
    "ortho_loss": 0.0,
    "pearson": 0.576,
    "regression_loss": 1.8791,
    "rm2": 0.3013,
    "rmse": 1.3697,
    "sd": 1.3457,
    "spearman": 0.5604,
    "spectral_loss": 0.0
}
                              
                              
----------------------------------------
Epoch 004 with LR 0.000100: Model Results
----------------------------------------
Train MSE Loss: 1.6887, Train CLS Loss: 0.0000, Train MCLS Loss: 0.0000
Protein Cluster Region Loss - Ortho Loss: 0.0000, Cluster Loss: 0.0000
                              
Validation Results: {
    "ci": 0.7057,
    "classification_loss": 0.0,
    "cluster_loss": 0.0,
    "mae": 0.9988,
    "mse": 1.7696,
    "multiclassification_loss": 0.0,
    "ortho_loss": 0.0,
    "pearson": 0.5927,
    "regression_loss": 1.7687,
    "rm2": 0.3217,
    "rmse": 1.3303,
    "sd": 1.3198,
    "spearman": 0.571,
    "spectral_loss": 0.0
}
                              
Test Results: {
    "ci": 0.7126,
    "classification_loss": 0.0,
    "cluster_loss": 0.0,
    "mae": 0.9973,
    "mse": 1.7737,
    "multiclassification_loss": 0.0,
    "ortho_loss": 0.0,
    "pearson": 0.6046,
    "regression_loss": 1.7755,
    "rm2": 0.3237,
    "rmse": 1.3318,
    "sd": 1.3113,
    "spearman": 0.5855,
    "spectral_loss": 0.0
}
                              
                              
----------------------------------------
Epoch 005 with LR 0.000100: Model Results
----------------------------------------
Train MSE Loss: 1.5360, Train CLS Loss: 0.0000, Train MCLS Loss: 0.0000
Protein Cluster Region Loss - Ortho Loss: 0.0000, Cluster Loss: 0.0000
                              
Validation Results: {
    "ci": 0.7197,
    "classification_loss": 0.0,
    "cluster_loss": 0.0,
    "mae": 0.9726,
    "mse": 1.7016,
    "multiclassification_loss": 0.0,
    "ortho_loss": 0.0,
    "pearson": 0.6212,
    "regression_loss": 1.7004,
    "rm2": 0.3459,
    "rmse": 1.3045,
    "sd": 1.2841,
    "spearman": 0.604,
    "spectral_loss": 0.0
}
                              
Test Results: {
    "ci": 0.732,
    "classification_loss": 0.0,
    "cluster_loss": 0.0,
    "mae": 0.9503,
    "mse": 1.6343,
    "multiclassification_loss": 0.0,
    "ortho_loss": 0.0,
    "pearson": 0.648,
    "regression_loss": 1.6363,
    "rm2": 0.3658,
    "rmse": 1.2784,
    "sd": 1.2538,
    "spearman": 0.6333,
    "spectral_loss": 0.0
}
                              
                              
----------------------------------------
Epoch 006 with LR 0.000100: Model Results
----------------------------------------
Train MSE Loss: 1.4336, Train CLS Loss: 0.0000, Train MCLS Loss: 0.0000
Protein Cluster Region Loss - Ortho Loss: 0.0000, Cluster Loss: 0.0000
                              
Validation Results: {
    "ci": 0.7242,
    "classification_loss": 0.0,
    "cluster_loss": 0.0,
    "mae": 0.935,
    "mse": 1.5884,
    "multiclassification_loss": 0.0,
    "ortho_loss": 0.0,
    "pearson": 0.6393,
    "regression_loss": 1.5865,
    "rm2": 0.4079,
    "rmse": 1.2603,
    "sd": 1.2601,
    "spearman": 0.6151,
    "spectral_loss": 0.0
}
                              
Test Results: {
    "ci": 0.7328,
    "classification_loss": 0.0,
    "cluster_loss": 0.0,
    "mae": 0.9239,
    "mse": 1.5437,
    "multiclassification_loss": 0.0,
    "ortho_loss": 0.0,
    "pearson": 0.6578,
    "regression_loss": 1.5459,
    "rm2": 0.423,
    "rmse": 1.2425,
    "sd": 1.2399,
    "spearman": 0.6355,
    "spectral_loss": 0.0
}
                              
                              
----------------------------------------
Epoch 007 with LR 0.000100: Model Results
----------------------------------------
Train MSE Loss: 1.3461, Train CLS Loss: 0.0000, Train MCLS Loss: 0.0000
Protein Cluster Region Loss - Ortho Loss: 0.0000, Cluster Loss: 0.0000
                              
Validation Results: {
    "ci": 0.7275,
    "classification_loss": 0.0,
    "cluster_loss": 0.0,
    "mae": 0.9362,
    "mse": 1.6065,
    "multiclassification_loss": 0.0,
    "ortho_loss": 0.0,
    "pearson": 0.6464,
    "regression_loss": 1.6048,
    "rm2": 0.3955,
    "rmse": 1.2675,
    "sd": 1.2502,
    "spearman": 0.6221,
    "spectral_loss": 0.0
}
                              
Test Results: {
    "ci": 0.7328,
    "classification_loss": 0.0,
    "cluster_loss": 0.0,
    "mae": 0.9239,
    "mse": 1.5437,
    "multiclassification_loss": 0.0,
    "ortho_loss": 0.0,
    "pearson": 0.6578,
    "regression_loss": 1.5459,
    "rm2": 0.423,
    "rmse": 1.2425,
    "sd": 1.2399,
    "spearman": 0.6355,
    "spectral_loss": 0.0
}
                              
                              
----------------------------------------
Epoch 008 with LR 0.000100: Model Results
----------------------------------------
Train MSE Loss: 1.2598, Train CLS Loss: 0.0000, Train MCLS Loss: 0.0000
Protein Cluster Region Loss - Ortho Loss: 0.0000, Cluster Loss: 0.0000
                              
Validation Results: {
    "ci": 0.7293,
    "classification_loss": 0.0,
    "cluster_loss": 0.0,
    "mae": 0.9332,
    "mse": 1.5964,
    "multiclassification_loss": 0.0,
    "ortho_loss": 0.0,
    "pearson": 0.6544,
    "regression_loss": 1.5942,
    "rm2": 0.3951,
    "rmse": 1.2635,
    "sd": 1.239,
    "spearman": 0.6267,
    "spectral_loss": 0.0
}
                              
Test Results: {
    "ci": 0.7328,
    "classification_loss": 0.0,
    "cluster_loss": 0.0,
    "mae": 0.9239,
    "mse": 1.5437,
    "multiclassification_loss": 0.0,
    "ortho_loss": 0.0,
    "pearson": 0.6578,
    "regression_loss": 1.5459,
    "rm2": 0.423,
    "rmse": 1.2425,
    "sd": 1.2399,
    "spearman": 0.6355,
    "spectral_loss": 0.0
}
                              
                              
----------------------------------------
Epoch 009 with LR 0.000100: Model Results
----------------------------------------
Train MSE Loss: 1.1972, Train CLS Loss: 0.0000, Train MCLS Loss: 0.0000
Protein Cluster Region Loss - Ortho Loss: 0.0000, Cluster Loss: 0.0000
                              
Validation Results: {
    "ci": 0.7366,
    "classification_loss": 0.0,
    "cluster_loss": 0.0,
    "mae": 0.9181,
    "mse": 1.5818,
    "multiclassification_loss": 0.0,
    "ortho_loss": 0.0,
    "pearson": 0.6592,
    "regression_loss": 1.5804,
    "rm2": 0.4259,
    "rmse": 1.2577,
    "sd": 1.2322,
    "spearman": 0.6416,
    "spectral_loss": 0.0
}
                              
Test Results: {
    "ci": 0.7469,
    "classification_loss": 0.0,
    "cluster_loss": 0.0,
    "mae": 0.8872,
    "mse": 1.4882,
    "multiclassification_loss": 0.0,
    "ortho_loss": 0.0,
    "pearson": 0.6824,
    "regression_loss": 1.4886,
    "rm2": 0.4653,
    "rmse": 1.2199,
    "sd": 1.2034,
    "spearman": 0.6633,
    "spectral_loss": 0.0
}
                              
                              
----------------------------------------
Epoch 010 with LR 0.000100: Model Results
----------------------------------------
Train MSE Loss: 1.1457, Train CLS Loss: 0.0000, Train MCLS Loss: 0.0000
Protein Cluster Region Loss - Ortho Loss: 0.0000, Cluster Loss: 0.0000
                              
Validation Results: {
    "ci": 0.7394,
    "classification_loss": 0.0,
    "cluster_loss": 0.0,
    "mae": 0.9066,
    "mse": 1.5107,
    "multiclassification_loss": 0.0,
    "ortho_loss": 0.0,
    "pearson": 0.6687,
    "regression_loss": 1.5089,
    "rm2": 0.4062,
    "rmse": 1.2291,
    "sd": 1.2183,
    "spearman": 0.6485,
    "spectral_loss": 0.0
}
                              
Test Results: {
    "ci": 0.7493,
    "classification_loss": 0.0,
    "cluster_loss": 0.0,
    "mae": 0.8792,
    "mse": 1.4404,
    "multiclassification_loss": 0.0,
    "ortho_loss": 0.0,
    "pearson": 0.6965,
    "regression_loss": 1.4418,
    "rm2": 0.4237,
    "rmse": 1.2002,
    "sd": 1.1812,
    "spearman": 0.6689,
    "spectral_loss": 0.0
}
                              
                              
----------------------------------------
Epoch 011 with LR 0.000100: Model Results
----------------------------------------
Train MSE Loss: 1.0968, Train CLS Loss: 0.0000, Train MCLS Loss: 0.0000
Protein Cluster Region Loss - Ortho Loss: 0.0000, Cluster Loss: 0.0000
                              
Validation Results: {
    "ci": 0.7441,
    "classification_loss": 0.0,
    "cluster_loss": 0.0,
    "mae": 0.8939,
    "mse": 1.4927,
    "multiclassification_loss": 0.0,
    "ortho_loss": 0.0,
    "pearson": 0.6838,
    "regression_loss": 1.4911,
    "rm2": 0.4319,
    "rmse": 1.2218,
    "sd": 1.1957,
    "spearman": 0.6598,
    "spectral_loss": 0.0
}
                              
Test Results: {
    "ci": 0.7553,
    "classification_loss": 0.0,
    "cluster_loss": 0.0,
    "mae": 0.8693,
    "mse": 1.4096,
    "multiclassification_loss": 0.0,
    "ortho_loss": 0.0,
    "pearson": 0.7069,
    "regression_loss": 1.4098,
    "rm2": 0.4541,
    "rmse": 1.1872,
    "sd": 1.1644,
    "spearman": 0.684,
    "spectral_loss": 0.0
}
                              
                              
----------------------------------------
Epoch 012 with LR 0.000100: Model Results
----------------------------------------
Train MSE Loss: 1.0596, Train CLS Loss: 0.0000, Train MCLS Loss: 0.0000
Protein Cluster Region Loss - Ortho Loss: 0.0000, Cluster Loss: 0.0000
                              
Validation Results: {
    "ci": 0.7453,
    "classification_loss": 0.0,
    "cluster_loss": 0.0,
    "mae": 0.8873,
    "mse": 1.4616,
    "multiclassification_loss": 0.0,
    "ortho_loss": 0.0,
    "pearson": 0.6874,
    "regression_loss": 1.46,
    "rm2": 0.4251,
    "rmse": 1.209,
    "sd": 1.1901,
    "spearman": 0.6604,
    "spectral_loss": 0.0
}
                              
Test Results: {
    "ci": 0.7543,
    "classification_loss": 0.0,
    "cluster_loss": 0.0,
    "mae": 0.8634,
    "mse": 1.4057,
    "multiclassification_loss": 0.0,
    "ortho_loss": 0.0,
    "pearson": 0.7086,
    "regression_loss": 1.4067,
    "rm2": 0.4394,
    "rmse": 1.1856,
    "sd": 1.1616,
    "spearman": 0.6784,
    "spectral_loss": 0.0
}
                              
                              
----------------------------------------
Epoch 013 with LR 0.000100: Model Results
----------------------------------------
Train MSE Loss: 1.0221, Train CLS Loss: 0.0000, Train MCLS Loss: 0.0000
Protein Cluster Region Loss - Ortho Loss: 0.0000, Cluster Loss: 0.0000
                              
Validation Results: {
    "ci": 0.746,
    "classification_loss": 0.0,
    "cluster_loss": 0.0,
    "mae": 0.8808,
    "mse": 1.4237,
    "multiclassification_loss": 0.0,
    "ortho_loss": 0.0,
    "pearson": 0.6957,
    "regression_loss": 1.4218,
    "rm2": 0.4289,
    "rmse": 1.1932,
    "sd": 1.1772,
    "spearman": 0.6619,
    "spectral_loss": 0.0
}
                              
Test Results: {
    "ci": 0.7546,
    "classification_loss": 0.0,
    "cluster_loss": 0.0,
    "mae": 0.8661,
    "mse": 1.3798,
    "multiclassification_loss": 0.0,
    "ortho_loss": 0.0,
    "pearson": 0.7148,
    "regression_loss": 1.3811,
    "rm2": 0.4381,
    "rmse": 1.1747,
    "sd": 1.1513,
    "spearman": 0.6797,
    "spectral_loss": 0.0
}
                              
                              
----------------------------------------
Epoch 014 with LR 0.000100: Model Results
----------------------------------------
Train MSE Loss: 0.9715, Train CLS Loss: 0.0000, Train MCLS Loss: 0.0000
Protein Cluster Region Loss - Ortho Loss: 0.0000, Cluster Loss: 0.0000
                              
Validation Results: {
    "ci": 0.7496,
    "classification_loss": 0.0,
    "cluster_loss": 0.0,
    "mae": 0.8772,
    "mse": 1.4452,
    "multiclassification_loss": 0.0,
    "ortho_loss": 0.0,
    "pearson": 0.6957,
    "regression_loss": 1.4433,
    "rm2": 0.4412,
    "rmse": 1.2022,
    "sd": 1.1771,
    "spearman": 0.6724,
    "spectral_loss": 0.0
}
                              
Test Results: {
    "ci": 0.7546,
    "classification_loss": 0.0,
    "cluster_loss": 0.0,
    "mae": 0.8661,
    "mse": 1.3798,
    "multiclassification_loss": 0.0,
    "ortho_loss": 0.0,
    "pearson": 0.7148,
    "regression_loss": 1.3811,
    "rm2": 0.4381,
    "rmse": 1.1747,
    "sd": 1.1513,
    "spearman": 0.6797,
    "spectral_loss": 0.0
}
                              
                              
----------------------------------------
Epoch 015 with LR 0.000100: Model Results
----------------------------------------
Train MSE Loss: 0.9402, Train CLS Loss: 0.0000, Train MCLS Loss: 0.0000
Protein Cluster Region Loss - Ortho Loss: 0.0000, Cluster Loss: 0.0000
                              
Validation Results: {
    "ci": 0.7507,
    "classification_loss": 0.0,
    "cluster_loss": 0.0,
    "mae": 0.8928,
    "mse": 1.52,
    "multiclassification_loss": 0.0,
    "ortho_loss": 0.0,
    "pearson": 0.7002,
    "regression_loss": 1.5179,
    "rm2": 0.449,
    "rmse": 1.2329,
    "sd": 1.17,
    "spearman": 0.672,
    "spectral_loss": 0.0
}
                              
Test Results: {
    "ci": 0.7546,
    "classification_loss": 0.0,
    "cluster_loss": 0.0,
    "mae": 0.8661,
    "mse": 1.3798,
    "multiclassification_loss": 0.0,
    "ortho_loss": 0.0,
    "pearson": 0.7148,
    "regression_loss": 1.3811,
    "rm2": 0.4381,
    "rmse": 1.1747,
    "sd": 1.1513,
    "spearman": 0.6797,
    "spectral_loss": 0.0
}
                              
                              
----------------------------------------
Epoch 016 with LR 0.000100: Model Results
----------------------------------------
Train MSE Loss: 0.9029, Train CLS Loss: 0.0000, Train MCLS Loss: 0.0000
Protein Cluster Region Loss - Ortho Loss: 0.0000, Cluster Loss: 0.0000
                              
Validation Results: {
    "ci": 0.7518,
    "classification_loss": 0.0,
    "cluster_loss": 0.0,
    "mae": 0.8878,
    "mse": 1.4657,
    "multiclassification_loss": 0.0,
    "ortho_loss": 0.0,
    "pearson": 0.6972,
    "regression_loss": 1.4642,
    "rm2": 0.4155,
    "rmse": 1.2107,
    "sd": 1.1747,
    "spearman": 0.6764,
    "spectral_loss": 0.0
}
                              
Test Results: {
    "ci": 0.7546,
    "classification_loss": 0.0,
    "cluster_loss": 0.0,
    "mae": 0.8661,
    "mse": 1.3798,
    "multiclassification_loss": 0.0,
    "ortho_loss": 0.0,
    "pearson": 0.7148,
    "regression_loss": 1.3811,
    "rm2": 0.4381,
    "rmse": 1.1747,
    "sd": 1.1513,
    "spearman": 0.6797,
    "spectral_loss": 0.0
}
                              
                              
----------------------------------------
Epoch 017 with LR 0.000100: Model Results
----------------------------------------
Train MSE Loss: 0.8737, Train CLS Loss: 0.0000, Train MCLS Loss: 0.0000
Protein Cluster Region Loss - Ortho Loss: 0.0000, Cluster Loss: 0.0000
                              
Validation Results: {
    "ci": 0.7518,
    "classification_loss": 0.0,
    "cluster_loss": 0.0,
    "mae": 0.8556,
    "mse": 1.4072,
    "multiclassification_loss": 0.0,
    "ortho_loss": 0.0,
    "pearson": 0.6985,
    "regression_loss": 1.4055,
    "rm2": 0.4688,
    "rmse": 1.1863,
    "sd": 1.1726,
    "spearman": 0.6741,
    "spectral_loss": 0.0
}
                              
Test Results: {
    "ci": 0.7596,
    "classification_loss": 0.0,
    "cluster_loss": 0.0,
    "mae": 0.8299,
    "mse": 1.3162,
    "multiclassification_loss": 0.0,
    "ortho_loss": 0.0,
    "pearson": 0.7255,
    "regression_loss": 1.3175,
    "rm2": 0.4893,
    "rmse": 1.1473,
    "sd": 1.133,
    "spearman": 0.6898,
    "spectral_loss": 0.0
}
                              
                              
----------------------------------------
Epoch 018 with LR 0.000100: Model Results
----------------------------------------
Train MSE Loss: 0.8398, Train CLS Loss: 0.0000, Train MCLS Loss: 0.0000
Protein Cluster Region Loss - Ortho Loss: 0.0000, Cluster Loss: 0.0000
                              
Validation Results: {
    "ci": 0.7546,
    "classification_loss": 0.0,
    "cluster_loss": 0.0,
    "mae": 0.8404,
    "mse": 1.36,
    "multiclassification_loss": 0.0,
    "ortho_loss": 0.0,
    "pearson": 0.7089,
    "regression_loss": 1.3587,
    "rm2": 0.4734,
    "rmse": 1.1662,
    "sd": 1.1557,
    "spearman": 0.6819,
    "spectral_loss": 0.0
}
                              
Test Results: {
    "ci": 0.7619,
    "classification_loss": 0.0,
    "cluster_loss": 0.0,
    "mae": 0.8236,
    "mse": 1.3026,
    "multiclassification_loss": 0.0,
    "ortho_loss": 0.0,
    "pearson": 0.7261,
    "regression_loss": 1.3034,
    "rm2": 0.4899,
    "rmse": 1.1413,
    "sd": 1.1319,
    "spearman": 0.6949,
    "spectral_loss": 0.0
}
                              
                              
----------------------------------------
Epoch 019 with LR 0.000100: Model Results
----------------------------------------
Train MSE Loss: 0.8205, Train CLS Loss: 0.0000, Train MCLS Loss: 0.0000
Protein Cluster Region Loss - Ortho Loss: 0.0000, Cluster Loss: 0.0000
                              
Validation Results: {
    "ci": 0.7578,
    "classification_loss": 0.0,
    "cluster_loss": 0.0,
    "mae": 0.8416,
    "mse": 1.3476,
    "multiclassification_loss": 0.0,
    "ortho_loss": 0.0,
    "pearson": 0.7206,
    "regression_loss": 1.3463,
    "rm2": 0.4507,
    "rmse": 1.1608,
    "sd": 1.1363,
    "spearman": 0.6872,
    "spectral_loss": 0.0
}
                              
Test Results: {
    "ci": 0.762,
    "classification_loss": 0.0,
    "cluster_loss": 0.0,
    "mae": 0.8421,
    "mse": 1.3343,
    "multiclassification_loss": 0.0,
    "ortho_loss": 0.0,
    "pearson": 0.7299,
    "regression_loss": 1.3358,
    "rm2": 0.4508,
    "rmse": 1.1551,
    "sd": 1.1252,
    "spearman": 0.6931,
    "spectral_loss": 0.0
}
                              
                              
----------------------------------------
Epoch 020 with LR 0.000100: Model Results
----------------------------------------
Train MSE Loss: 0.7901, Train CLS Loss: 0.0000, Train MCLS Loss: 0.0000
Protein Cluster Region Loss - Ortho Loss: 0.0000, Cluster Loss: 0.0000
                              
Validation Results: {
    "ci": 0.7542,
    "classification_loss": 0.0,
    "cluster_loss": 0.0,
    "mae": 0.8418,
    "mse": 1.3181,
    "multiclassification_loss": 0.0,
    "ortho_loss": 0.0,
    "pearson": 0.7158,
    "regression_loss": 1.3172,
    "rm2": 0.4822,
    "rmse": 1.1481,
    "sd": 1.1443,
    "spearman": 0.6813,
    "spectral_loss": 0.0
}
                              
Test Results: {
    "ci": 0.7657,
    "classification_loss": 0.0,
    "cluster_loss": 0.0,
    "mae": 0.8168,
    "mse": 1.2822,
    "multiclassification_loss": 0.0,
    "ortho_loss": 0.0,
    "pearson": 0.7303,
    "regression_loss": 1.2836,
    "rm2": 0.4883,
    "rmse": 1.1324,
    "sd": 1.1245,
    "spearman": 0.7006,
    "spectral_loss": 0.0
}
                              
                              
----------------------------------------
Epoch 021 with LR 0.000100: Model Results
----------------------------------------
Train MSE Loss: 0.7730, Train CLS Loss: 0.0000, Train MCLS Loss: 0.0000
Protein Cluster Region Loss - Ortho Loss: 0.0000, Cluster Loss: 0.0000
                              
Validation Results: {
    "ci": 0.7561,
    "classification_loss": 0.0,
    "cluster_loss": 0.0,
    "mae": 0.8441,
    "mse": 1.422,
    "multiclassification_loss": 0.0,
    "ortho_loss": 0.0,
    "pearson": 0.7071,
    "regression_loss": 1.4205,
    "rm2": 0.4954,
    "rmse": 1.1925,
    "sd": 1.1587,
    "spearman": 0.6809,
    "spectral_loss": 0.0
}
                              
Test Results: {
    "ci": 0.7657,
    "classification_loss": 0.0,
    "cluster_loss": 0.0,
    "mae": 0.8168,
    "mse": 1.2822,
    "multiclassification_loss": 0.0,
    "ortho_loss": 0.0,
    "pearson": 0.7303,
    "regression_loss": 1.2836,
    "rm2": 0.4883,
    "rmse": 1.1324,
    "sd": 1.1245,
    "spearman": 0.7006,
    "spectral_loss": 0.0
}
                              
                              
----------------------------------------
Epoch 022 with LR 0.000100: Model Results
----------------------------------------
Train MSE Loss: 0.7396, Train CLS Loss: 0.0000, Train MCLS Loss: 0.0000
Protein Cluster Region Loss - Ortho Loss: 0.0000, Cluster Loss: 0.0000
                              
Validation Results: {
    "ci": 0.7588,
    "classification_loss": 0.0,
    "cluster_loss": 0.0,
    "mae": 0.8327,
    "mse": 1.3618,
    "multiclassification_loss": 0.0,
    "ortho_loss": 0.0,
    "pearson": 0.7117,
    "regression_loss": 1.3609,
    "rm2": 0.4816,
    "rmse": 1.167,
    "sd": 1.1511,
    "spearman": 0.6884,
    "spectral_loss": 0.0
}
                              
Test Results: {
    "ci": 0.7657,
    "classification_loss": 0.0,
    "cluster_loss": 0.0,
    "mae": 0.8168,
    "mse": 1.2822,
    "multiclassification_loss": 0.0,
    "ortho_loss": 0.0,
    "pearson": 0.7303,
    "regression_loss": 1.2836,
    "rm2": 0.4883,
    "rmse": 1.1324,
    "sd": 1.1245,
    "spearman": 0.7006,
    "spectral_loss": 0.0
}
                              
                              
----------------------------------------
Epoch 023 with LR 0.000100: Model Results
----------------------------------------
Train MSE Loss: 0.7236, Train CLS Loss: 0.0000, Train MCLS Loss: 0.0000
Protein Cluster Region Loss - Ortho Loss: 0.0000, Cluster Loss: 0.0000
                              
Validation Results: {
    "ci": 0.754,
    "classification_loss": 0.0,
    "cluster_loss": 0.0,
    "mae": 0.845,
    "mse": 1.3963,
    "multiclassification_loss": 0.0,
    "ortho_loss": 0.0,
    "pearson": 0.7042,
    "regression_loss": 1.395,
    "rm2": 0.4419,
    "rmse": 1.1816,
    "sd": 1.1635,
    "spearman": 0.6779,
    "spectral_loss": 0.0
}
                              
Test Results: {
    "ci": 0.7657,
    "classification_loss": 0.0,
    "cluster_loss": 0.0,
    "mae": 0.8168,
    "mse": 1.2822,
    "multiclassification_loss": 0.0,
    "ortho_loss": 0.0,
    "pearson": 0.7303,
    "regression_loss": 1.2836,
    "rm2": 0.4883,
    "rmse": 1.1324,
    "sd": 1.1245,
    "spearman": 0.7006,
    "spectral_loss": 0.0
}
                              
                              
----------------------------------------
Epoch 024 with LR 0.000100: Model Results
----------------------------------------
Train MSE Loss: 0.7010, Train CLS Loss: 0.0000, Train MCLS Loss: 0.0000
Protein Cluster Region Loss - Ortho Loss: 0.0000, Cluster Loss: 0.0000
                              
Validation Results: {
    "ci": 0.7505,
    "classification_loss": 0.0,
    "cluster_loss": 0.0,
    "mae": 0.8497,
    "mse": 1.4195,
    "multiclassification_loss": 0.0,
    "ortho_loss": 0.0,
    "pearson": 0.6949,
    "regression_loss": 1.4176,
    "rm2": 0.4646,
    "rmse": 1.1914,
    "sd": 1.1784,
    "spearman": 0.6688,
    "spectral_loss": 0.0
}
                              
Test Results: {
    "ci": 0.7657,
    "classification_loss": 0.0,
    "cluster_loss": 0.0,
    "mae": 0.8168,
    "mse": 1.2822,
    "multiclassification_loss": 0.0,
    "ortho_loss": 0.0,
    "pearson": 0.7303,
    "regression_loss": 1.2836,
    "rm2": 0.4883,
    "rmse": 1.1324,
    "sd": 1.1245,
    "spearman": 0.7006,
    "spectral_loss": 0.0
}
                              
                              
----------------------------------------
Epoch 025 with LR 0.000100: Model Results
----------------------------------------
Train MSE Loss: 0.6862, Train CLS Loss: 0.0000, Train MCLS Loss: 0.0000
Protein Cluster Region Loss - Ortho Loss: 0.0000, Cluster Loss: 0.0000
                              
Validation Results: {
    "ci": 0.7556,
    "classification_loss": 0.0,
    "cluster_loss": 0.0,
    "mae": 0.8427,
    "mse": 1.4119,
    "multiclassification_loss": 0.0,
    "ortho_loss": 0.0,
    "pearson": 0.705,
    "regression_loss": 1.4103,
    "rm2": 0.4654,
    "rmse": 1.1882,
    "sd": 1.1622,
    "spearman": 0.68,
    "spectral_loss": 0.0
}
                              
Test Results: {
    "ci": 0.7657,
    "classification_loss": 0.0,
    "cluster_loss": 0.0,
    "mae": 0.8168,
    "mse": 1.2822,
    "multiclassification_loss": 0.0,
    "ortho_loss": 0.0,
    "pearson": 0.7303,
    "regression_loss": 1.2836,
    "rm2": 0.4883,
    "rmse": 1.1324,
    "sd": 1.1245,
    "spearman": 0.7006,
    "spectral_loss": 0.0
}
                              
                              
----------------------------------------
Epoch 026 with LR 0.000100: Model Results
----------------------------------------
Train MSE Loss: 0.5936, Train CLS Loss: 0.0000, Train MCLS Loss: 0.0000
Protein Cluster Region Loss - Ortho Loss: 0.0000, Cluster Loss: 0.0000
                              
Validation Results: {
    "ci": 0.7627,
    "classification_loss": 0.0,
    "cluster_loss": 0.0,
    "mae": 0.8239,
    "mse": 1.3498,
    "multiclassification_loss": 0.0,
    "ortho_loss": 0.0,
    "pearson": 0.7191,
    "regression_loss": 1.3485,
    "rm2": 0.4505,
    "rmse": 1.1618,
    "sd": 1.1388,
    "spearman": 0.6952,
    "spectral_loss": 0.0
}
                              
Test Results: {
    "ci": 0.7657,
    "classification_loss": 0.0,
    "cluster_loss": 0.0,
    "mae": 0.8168,
    "mse": 1.2822,
    "multiclassification_loss": 0.0,
    "ortho_loss": 0.0,
    "pearson": 0.7303,
    "regression_loss": 1.2836,
    "rm2": 0.4883,
    "rmse": 1.1324,
    "sd": 1.1245,
    "spearman": 0.7006,
    "spectral_loss": 0.0
}
                              
                              
----------------------------------------
Epoch 027 with LR 0.000100: Model Results
----------------------------------------
Train MSE Loss: 0.4976, Train CLS Loss: 0.0000, Train MCLS Loss: 0.0000
Protein Cluster Region Loss - Ortho Loss: 0.0000, Cluster Loss: 0.0000
                              
Validation Results: {
    "ci": 0.7647,
    "classification_loss": 0.0,
    "cluster_loss": 0.0,
    "mae": 0.8097,
    "mse": 1.3502,
    "multiclassification_loss": 0.0,
    "ortho_loss": 0.0,
    "pearson": 0.7248,
    "regression_loss": 1.3492,
    "rm2": 0.4889,
    "rmse": 1.162,
    "sd": 1.129,
    "spearman": 0.6989,
    "spectral_loss": 0.0
}
                              
Test Results: {
    "ci": 0.7657,
    "classification_loss": 0.0,
    "cluster_loss": 0.0,
    "mae": 0.8168,
    "mse": 1.2822,
    "multiclassification_loss": 0.0,
    "ortho_loss": 0.0,
    "pearson": 0.7303,
    "regression_loss": 1.2836,
    "rm2": 0.4883,
    "rmse": 1.1324,
    "sd": 1.1245,
    "spearman": 0.7006,
    "spectral_loss": 0.0
}
                              
                              
----------------------------------------
Epoch 028 with LR 0.000100: Model Results
----------------------------------------
Train MSE Loss: 0.4739, Train CLS Loss: 0.0000, Train MCLS Loss: 0.0000
Protein Cluster Region Loss - Ortho Loss: 0.0000, Cluster Loss: 0.0000
                              
Validation Results: {
    "ci": 0.7652,
    "classification_loss": 0.0,
    "cluster_loss": 0.0,
    "mae": 0.8014,
    "mse": 1.3288,
    "multiclassification_loss": 0.0,
    "ortho_loss": 0.0,
    "pearson": 0.725,
    "regression_loss": 1.3279,
    "rm2": 0.5,
    "rmse": 1.1528,
    "sd": 1.1286,
    "spearman": 0.699,
    "spectral_loss": 0.0
}
                              
Test Results: {
    "ci": 0.7657,
    "classification_loss": 0.0,
    "cluster_loss": 0.0,
    "mae": 0.8168,
    "mse": 1.2822,
    "multiclassification_loss": 0.0,
    "ortho_loss": 0.0,
    "pearson": 0.7303,
    "regression_loss": 1.2836,
    "rm2": 0.4883,
    "rmse": 1.1324,
    "sd": 1.1245,
    "spearman": 0.7006,
    "spectral_loss": 0.0
}
                              
                              
----------------------------------------
Epoch 029 with LR 0.000100: Model Results
----------------------------------------
Train MSE Loss: 0.4612, Train CLS Loss: 0.0000, Train MCLS Loss: 0.0000
Protein Cluster Region Loss - Ortho Loss: 0.0000, Cluster Loss: 0.0000
                              
Validation Results: {
    "ci": 0.7662,
    "classification_loss": 0.0,
    "cluster_loss": 0.0,
    "mae": 0.8022,
    "mse": 1.3359,
    "multiclassification_loss": 0.0,
    "ortho_loss": 0.0,
    "pearson": 0.7279,
    "regression_loss": 1.3352,
    "rm2": 0.4977,
    "rmse": 1.1558,
    "sd": 1.1235,
    "spearman": 0.7017,
    "spectral_loss": 0.0
}
                              
Test Results: {
    "ci": 0.7657,
    "classification_loss": 0.0,
    "cluster_loss": 0.0,
    "mae": 0.8168,
    "mse": 1.2822,
    "multiclassification_loss": 0.0,
    "ortho_loss": 0.0,
    "pearson": 0.7303,
    "regression_loss": 1.2836,
    "rm2": 0.4883,
    "rmse": 1.1324,
    "sd": 1.1245,
    "spearman": 0.7006,
    "spectral_loss": 0.0
}
                              
                              
----------------------------------------
Epoch 030 with LR 0.000100: Model Results
----------------------------------------
Train MSE Loss: 0.4525, Train CLS Loss: 0.0000, Train MCLS Loss: 0.0000
Protein Cluster Region Loss - Ortho Loss: 0.0000, Cluster Loss: 0.0000
                              
Validation Results: {
    "ci": 0.7652,
    "classification_loss": 0.0,
    "cluster_loss": 0.0,
    "mae": 0.8033,
    "mse": 1.3337,
    "multiclassification_loss": 0.0,
    "ortho_loss": 0.0,
    "pearson": 0.7242,
    "regression_loss": 1.333,
    "rm2": 0.4914,
    "rmse": 1.1549,
    "sd": 1.13,
    "spearman": 0.6995,
    "spectral_loss": 0.0
}
                              
Test Results: {
    "ci": 0.7657,
    "classification_loss": 0.0,
    "cluster_loss": 0.0,
    "mae": 0.8168,
    "mse": 1.2822,
    "multiclassification_loss": 0.0,
    "ortho_loss": 0.0,
    "pearson": 0.7303,
    "regression_loss": 1.2836,
    "rm2": 0.4883,
    "rmse": 1.1324,
    "sd": 1.1245,
    "spearman": 0.7006,
    "spectral_loss": 0.0
}
                              
                              
----------------------------------------
Epoch 031 with LR 0.000100: Model Results
----------------------------------------
Train MSE Loss: 0.4395, Train CLS Loss: 0.0000, Train MCLS Loss: 0.0000
Protein Cluster Region Loss - Ortho Loss: 0.0000, Cluster Loss: 0.0000
                              
Validation Results: {
    "ci": 0.7658,
    "classification_loss": 0.0,
    "cluster_loss": 0.0,
    "mae": 0.8017,
    "mse": 1.3341,
    "multiclassification_loss": 0.0,
    "ortho_loss": 0.0,
    "pearson": 0.7269,
    "regression_loss": 1.3332,
    "rm2": 0.4986,
    "rmse": 1.155,
    "sd": 1.1253,
    "spearman": 0.7003,
    "spectral_loss": 0.0
}
                              
Test Results: {
    "ci": 0.7657,
    "classification_loss": 0.0,
    "cluster_loss": 0.0,
    "mae": 0.8168,
    "mse": 1.2822,
    "multiclassification_loss": 0.0,
    "ortho_loss": 0.0,
    "pearson": 0.7303,
    "regression_loss": 1.2836,
    "rm2": 0.4883,
    "rmse": 1.1324,
    "sd": 1.1245,
    "spearman": 0.7006,
    "spectral_loss": 0.0
}
                              
                              
----------------------------------------
Epoch 032 with LR 0.000100: Model Results
----------------------------------------
Train MSE Loss: 0.4346, Train CLS Loss: 0.0000, Train MCLS Loss: 0.0000
Protein Cluster Region Loss - Ortho Loss: 0.0000, Cluster Loss: 0.0000
                              
Validation Results: {
    "ci": 0.766,
    "classification_loss": 0.0,
    "cluster_loss": 0.0,
    "mae": 0.8018,
    "mse": 1.3391,
    "multiclassification_loss": 0.0,
    "ortho_loss": 0.0,
    "pearson": 0.7262,
    "regression_loss": 1.3383,
    "rm2": 0.4964,
    "rmse": 1.1572,
    "sd": 1.1265,
    "spearman": 0.7004,
    "spectral_loss": 0.0
}
                              
Test Results: {
    "ci": 0.7657,
    "classification_loss": 0.0,
    "cluster_loss": 0.0,
    "mae": 0.8168,
    "mse": 1.2822,
    "multiclassification_loss": 0.0,
    "ortho_loss": 0.0,
    "pearson": 0.7303,
    "regression_loss": 1.2836,
    "rm2": 0.4883,
    "rmse": 1.1324,
    "sd": 1.1245,
    "spearman": 0.7006,
    "spectral_loss": 0.0
}
                              
                              
----------------------------------------
Epoch 033 with LR 0.000100: Model Results
----------------------------------------
Train MSE Loss: 0.4273, Train CLS Loss: 0.0000, Train MCLS Loss: 0.0000
Protein Cluster Region Loss - Ortho Loss: 0.0000, Cluster Loss: 0.0000
                              
Validation Results: {
    "ci": 0.7659,
    "classification_loss": 0.0,
    "cluster_loss": 0.0,
    "mae": 0.8064,
    "mse": 1.3541,
    "multiclassification_loss": 0.0,
    "ortho_loss": 0.0,
    "pearson": 0.7246,
    "regression_loss": 1.3534,
    "rm2": 0.4873,
    "rmse": 1.1636,
    "sd": 1.1293,
    "spearman": 0.7007,
    "spectral_loss": 0.0
}
                              
Test Results: {
    "ci": 0.7657,
    "classification_loss": 0.0,
    "cluster_loss": 0.0,
    "mae": 0.8168,
    "mse": 1.2822,
    "multiclassification_loss": 0.0,
    "ortho_loss": 0.0,
    "pearson": 0.7303,
    "regression_loss": 1.2836,
    "rm2": 0.4883,
    "rmse": 1.1324,
    "sd": 1.1245,
    "spearman": 0.7006,
    "spectral_loss": 0.0
}
                              
                              
----------------------------------------
Epoch 034 with LR 0.000100: Model Results
----------------------------------------
Train MSE Loss: 0.4201, Train CLS Loss: 0.0000, Train MCLS Loss: 0.0000
Protein Cluster Region Loss - Ortho Loss: 0.0000, Cluster Loss: 0.0000
                              
Validation Results: {
    "ci": 0.767,
    "classification_loss": 0.0,
    "cluster_loss": 0.0,
    "mae": 0.7998,
    "mse": 1.3304,
    "multiclassification_loss": 0.0,
    "ortho_loss": 0.0,
    "pearson": 0.7271,
    "regression_loss": 1.3297,
    "rm2": 0.4929,
    "rmse": 1.1534,
    "sd": 1.1251,
    "spearman": 0.7032,
    "spectral_loss": 0.0
}
                              
Test Results: {
    "ci": 0.7657,
    "classification_loss": 0.0,
    "cluster_loss": 0.0,
    "mae": 0.8168,
    "mse": 1.2822,
    "multiclassification_loss": 0.0,
    "ortho_loss": 0.0,
    "pearson": 0.7303,
    "regression_loss": 1.2836,
    "rm2": 0.4883,
    "rmse": 1.1324,
    "sd": 1.1245,
    "spearman": 0.7006,
    "spectral_loss": 0.0
}
                              
                              
----------------------------------------
Epoch 035 with LR 0.000100: Model Results
----------------------------------------
Train MSE Loss: 0.4108, Train CLS Loss: 0.0000, Train MCLS Loss: 0.0000
Protein Cluster Region Loss - Ortho Loss: 0.0000, Cluster Loss: 0.0000
                              
Validation Results: {
    "ci": 0.7671,
    "classification_loss": 0.0,
    "cluster_loss": 0.0,
    "mae": 0.8,
    "mse": 1.33,
    "multiclassification_loss": 0.0,
    "ortho_loss": 0.0,
    "pearson": 0.7273,
    "regression_loss": 1.3295,
    "rm2": 0.4804,
    "rmse": 1.1533,
    "sd": 1.1247,
    "spearman": 0.7028,
    "spectral_loss": 0.0
}
                              
Test Results: {
    "ci": 0.7657,
    "classification_loss": 0.0,
    "cluster_loss": 0.0,
    "mae": 0.8168,
    "mse": 1.2822,
    "multiclassification_loss": 0.0,
    "ortho_loss": 0.0,
    "pearson": 0.7303,
    "regression_loss": 1.2836,
    "rm2": 0.4883,
    "rmse": 1.1324,
    "sd": 1.1245,
    "spearman": 0.7006,
    "spectral_loss": 0.0
}
                              
                              
----------------------------------------
Epoch 036 with LR 0.000100: Model Results
----------------------------------------
Train MSE Loss: 0.4061, Train CLS Loss: 0.0000, Train MCLS Loss: 0.0000
Protein Cluster Region Loss - Ortho Loss: 0.0000, Cluster Loss: 0.0000
                              
Validation Results: {
    "ci": 0.7667,
    "classification_loss": 0.0,
    "cluster_loss": 0.0,
    "mae": 0.7994,
    "mse": 1.326,
    "multiclassification_loss": 0.0,
    "ortho_loss": 0.0,
    "pearson": 0.7273,
    "regression_loss": 1.3254,
    "rm2": 0.4906,
    "rmse": 1.1515,
    "sd": 1.1246,
    "spearman": 0.7018,
    "spectral_loss": 0.0
}
                              
Test Results: {
    "ci": 0.7657,
    "classification_loss": 0.0,
    "cluster_loss": 0.0,
    "mae": 0.8168,
    "mse": 1.2822,
    "multiclassification_loss": 0.0,
    "ortho_loss": 0.0,
    "pearson": 0.7303,
    "regression_loss": 1.2836,
    "rm2": 0.4883,
    "rmse": 1.1324,
    "sd": 1.1245,
    "spearman": 0.7006,
    "spectral_loss": 0.0
}
                              
                              
----------------------------------------
Epoch 037 with LR 0.000100: Model Results
----------------------------------------
Train MSE Loss: 0.4007, Train CLS Loss: 0.0000, Train MCLS Loss: 0.0000
Protein Cluster Region Loss - Ortho Loss: 0.0000, Cluster Loss: 0.0000
                              
Validation Results: {
    "ci": 0.7667,
    "classification_loss": 0.0,
    "cluster_loss": 0.0,
    "mae": 0.8027,
    "mse": 1.348,
    "multiclassification_loss": 0.0,
    "ortho_loss": 0.0,
    "pearson": 0.7263,
    "regression_loss": 1.3473,
    "rm2": 0.5018,
    "rmse": 1.161,
    "sd": 1.1263,
    "spearman": 0.7013,
    "spectral_loss": 0.0
}
                              
Test Results: {
    "ci": 0.7657,
    "classification_loss": 0.0,
    "cluster_loss": 0.0,
    "mae": 0.8168,
    "mse": 1.2822,
    "multiclassification_loss": 0.0,
    "ortho_loss": 0.0,
    "pearson": 0.7303,
    "regression_loss": 1.2836,
    "rm2": 0.4883,
    "rmse": 1.1324,
    "sd": 1.1245,
    "spearman": 0.7006,
    "spectral_loss": 0.0
}
                              
                              
----------------------------------------
Epoch 038 with LR 0.000100: Model Results
----------------------------------------
Train MSE Loss: 0.3945, Train CLS Loss: 0.0000, Train MCLS Loss: 0.0000
Protein Cluster Region Loss - Ortho Loss: 0.0000, Cluster Loss: 0.0000
                              
Validation Results: {
    "ci": 0.7672,
    "classification_loss": 0.0,
    "cluster_loss": 0.0,
    "mae": 0.8008,
    "mse": 1.336,
    "multiclassification_loss": 0.0,
    "ortho_loss": 0.0,
    "pearson": 0.7299,
    "regression_loss": 1.3355,
    "rm2": 0.4953,
    "rmse": 1.1558,
    "sd": 1.1202,
    "spearman": 0.7029,
    "spectral_loss": 0.0
}
                              
Test Results: {
    "ci": 0.7657,
    "classification_loss": 0.0,
    "cluster_loss": 0.0,
    "mae": 0.8168,
    "mse": 1.2822,
    "multiclassification_loss": 0.0,
    "ortho_loss": 0.0,
    "pearson": 0.7303,
    "regression_loss": 1.2836,
    "rm2": 0.4883,
    "rmse": 1.1324,
    "sd": 1.1245,
    "spearman": 0.7006,
    "spectral_loss": 0.0
}
                              
                              
----------------------------------------
Epoch 039 with LR 0.000100: Model Results
----------------------------------------
Train MSE Loss: 0.3866, Train CLS Loss: 0.0000, Train MCLS Loss: 0.0000
Protein Cluster Region Loss - Ortho Loss: 0.0000, Cluster Loss: 0.0000
                              
Validation Results: {
    "ci": 0.7671,
    "classification_loss": 0.0,
    "cluster_loss": 0.0,
    "mae": 0.8039,
    "mse": 1.3531,
    "multiclassification_loss": 0.0,
    "ortho_loss": 0.0,
    "pearson": 0.7274,
    "regression_loss": 1.3527,
    "rm2": 0.4851,
    "rmse": 1.1632,
    "sd": 1.1244,
    "spearman": 0.7021,
    "spectral_loss": 0.0
}
                              
Test Results: {
    "ci": 0.7657,
    "classification_loss": 0.0,
    "cluster_loss": 0.0,
    "mae": 0.8168,
    "mse": 1.2822,
    "multiclassification_loss": 0.0,
    "ortho_loss": 0.0,
    "pearson": 0.7303,
    "regression_loss": 1.2836,
    "rm2": 0.4883,
    "rmse": 1.1324,
    "sd": 1.1245,
    "spearman": 0.7006,
    "spectral_loss": 0.0
}
                              
                              
----------------------------------------
Epoch 040 with LR 0.000100: Model Results
----------------------------------------
Train MSE Loss: 0.3829, Train CLS Loss: 0.0000, Train MCLS Loss: 0.0000
Protein Cluster Region Loss - Ortho Loss: 0.0000, Cluster Loss: 0.0000
                              
Validation Results: {
    "ci": 0.7674,
    "classification_loss": 0.0,
    "cluster_loss": 0.0,
    "mae": 0.8056,
    "mse": 1.3529,
    "multiclassification_loss": 0.0,
    "ortho_loss": 0.0,
    "pearson": 0.7284,
    "regression_loss": 1.3524,
    "rm2": 0.4774,
    "rmse": 1.1631,
    "sd": 1.1227,
    "spearman": 0.7032,
    "spectral_loss": 0.0
}
                              
Test Results: {
    "ci": 0.7657,
    "classification_loss": 0.0,
    "cluster_loss": 0.0,
    "mae": 0.8168,
    "mse": 1.2822,
    "multiclassification_loss": 0.0,
    "ortho_loss": 0.0,
    "pearson": 0.7303,
    "regression_loss": 1.2836,
    "rm2": 0.4883,
    "rmse": 1.1324,
    "sd": 1.1245,
    "spearman": 0.7006,
    "spectral_loss": 0.0
}
                              
                              
----------------------------------------
Epoch 041 with LR 0.000100: Model Results
----------------------------------------
Train MSE Loss: 0.3776, Train CLS Loss: 0.0000, Train MCLS Loss: 0.0000
Protein Cluster Region Loss - Ortho Loss: 0.0000, Cluster Loss: 0.0000
                              
Validation Results: {
    "ci": 0.7657,
    "classification_loss": 0.0,
    "cluster_loss": 0.0,
    "mae": 0.8048,
    "mse": 1.3576,
    "multiclassification_loss": 0.0,
    "ortho_loss": 0.0,
    "pearson": 0.7254,
    "regression_loss": 1.3571,
    "rm2": 0.4777,
    "rmse": 1.1652,
    "sd": 1.1279,
    "spearman": 0.6988,
    "spectral_loss": 0.0
}
                              
Test Results: {
    "ci": 0.7657,
    "classification_loss": 0.0,
    "cluster_loss": 0.0,
    "mae": 0.8168,
    "mse": 1.2822,
    "multiclassification_loss": 0.0,
    "ortho_loss": 0.0,
    "pearson": 0.7303,
    "regression_loss": 1.2836,
    "rm2": 0.4883,
    "rmse": 1.1324,
    "sd": 1.1245,
    "spearman": 0.7006,
    "spectral_loss": 0.0
}
                              
                              
----------------------------------------
Epoch 042 with LR 0.000100: Model Results
----------------------------------------
Train MSE Loss: 0.3722, Train CLS Loss: 0.0000, Train MCLS Loss: 0.0000
Protein Cluster Region Loss - Ortho Loss: 0.0000, Cluster Loss: 0.0000
                              
Validation Results: {
    "ci": 0.7678,
    "classification_loss": 0.0,
    "cluster_loss": 0.0,
    "mae": 0.7978,
    "mse": 1.3323,
    "multiclassification_loss": 0.0,
    "ortho_loss": 0.0,
    "pearson": 0.729,
    "regression_loss": 1.3318,
    "rm2": 0.4929,
    "rmse": 1.1542,
    "sd": 1.1217,
    "spearman": 0.7041,
    "spectral_loss": 0.0
}
                              
Test Results: {
    "ci": 0.7657,
    "classification_loss": 0.0,
    "cluster_loss": 0.0,
    "mae": 0.8168,
    "mse": 1.2822,
    "multiclassification_loss": 0.0,
    "ortho_loss": 0.0,
    "pearson": 0.7303,
    "regression_loss": 1.2836,
    "rm2": 0.4883,
    "rmse": 1.1324,
    "sd": 1.1245,
    "spearman": 0.7006,
    "spectral_loss": 0.0
}
                              
                              
----------------------------------------
Epoch 043 with LR 0.000100: Model Results
----------------------------------------
Train MSE Loss: 0.3680, Train CLS Loss: 0.0000, Train MCLS Loss: 0.0000
Protein Cluster Region Loss - Ortho Loss: 0.0000, Cluster Loss: 0.0000
                              
Validation Results: {
    "ci": 0.7677,
    "classification_loss": 0.0,
    "cluster_loss": 0.0,
    "mae": 0.8027,
    "mse": 1.348,
    "multiclassification_loss": 0.0,
    "ortho_loss": 0.0,
    "pearson": 0.7278,
    "regression_loss": 1.3477,
    "rm2": 0.4911,
    "rmse": 1.161,
    "sd": 1.1238,
    "spearman": 0.7035,
    "spectral_loss": 0.0
}
                              
Test Results: {
    "ci": 0.7657,
    "classification_loss": 0.0,
    "cluster_loss": 0.0,
    "mae": 0.8168,
    "mse": 1.2822,
    "multiclassification_loss": 0.0,
    "ortho_loss": 0.0,
    "pearson": 0.7303,
    "regression_loss": 1.2836,
    "rm2": 0.4883,
    "rmse": 1.1324,
    "sd": 1.1245,
    "spearman": 0.7006,
    "spectral_loss": 0.0
}
                              
                              
----------------------------------------
Epoch 044 with LR 0.000100: Model Results
----------------------------------------
Train MSE Loss: 0.3625, Train CLS Loss: 0.0000, Train MCLS Loss: 0.0000
Protein Cluster Region Loss - Ortho Loss: 0.0000, Cluster Loss: 0.0000
                              
Validation Results: {
    "ci": 0.7672,
    "classification_loss": 0.0,
    "cluster_loss": 0.0,
    "mae": 0.7979,
    "mse": 1.3267,
    "multiclassification_loss": 0.0,
    "ortho_loss": 0.0,
    "pearson": 0.7287,
    "regression_loss": 1.3262,
    "rm2": 0.4941,
    "rmse": 1.1518,
    "sd": 1.1223,
    "spearman": 0.7031,
    "spectral_loss": 0.0
}
                              
Test Results: {
    "ci": 0.7657,
    "classification_loss": 0.0,
    "cluster_loss": 0.0,
    "mae": 0.8168,
    "mse": 1.2822,
    "multiclassification_loss": 0.0,
    "ortho_loss": 0.0,
    "pearson": 0.7303,
    "regression_loss": 1.2836,
    "rm2": 0.4883,
    "rmse": 1.1324,
    "sd": 1.1245,
    "spearman": 0.7006,
    "spectral_loss": 0.0
}
                              
                              
----------------------------------------
Epoch 045 with LR 0.000100: Model Results
----------------------------------------
Train MSE Loss: 0.3565, Train CLS Loss: 0.0000, Train MCLS Loss: 0.0000
Protein Cluster Region Loss - Ortho Loss: 0.0000, Cluster Loss: 0.0000
                              
Validation Results: {
    "ci": 0.7676,
    "classification_loss": 0.0,
    "cluster_loss": 0.0,
    "mae": 0.7971,
    "mse": 1.3253,
    "multiclassification_loss": 0.0,
    "ortho_loss": 0.0,
    "pearson": 0.7309,
    "regression_loss": 1.3245,
    "rm2": 0.5037,
    "rmse": 1.1512,
    "sd": 1.1183,
    "spearman": 0.7038,
    "spectral_loss": 0.0
}
                              
Test Results: {
    "ci": 0.7657,
    "classification_loss": 0.0,
    "cluster_loss": 0.0,
    "mae": 0.8168,
    "mse": 1.2822,
    "multiclassification_loss": 0.0,
    "ortho_loss": 0.0,
    "pearson": 0.7303,
    "regression_loss": 1.2836,
    "rm2": 0.4883,
    "rmse": 1.1324,
    "sd": 1.1245,
    "spearman": 0.7006,
    "spectral_loss": 0.0
}
                              
                              
----------------------------------------
Epoch 046 with LR 0.000100: Model Results
----------------------------------------
Train MSE Loss: 0.3514, Train CLS Loss: 0.0000, Train MCLS Loss: 0.0000
Protein Cluster Region Loss - Ortho Loss: 0.0000, Cluster Loss: 0.0000
                              
Validation Results: {
    "ci": 0.7672,
    "classification_loss": 0.0,
    "cluster_loss": 0.0,
    "mae": 0.8059,
    "mse": 1.3629,
    "multiclassification_loss": 0.0,
    "ortho_loss": 0.0,
    "pearson": 0.7278,
    "regression_loss": 1.3626,
    "rm2": 0.4856,
    "rmse": 1.1674,
    "sd": 1.1237,
    "spearman": 0.7024,
    "spectral_loss": 0.0
}
                              
Test Results: {
    "ci": 0.7657,
    "classification_loss": 0.0,
    "cluster_loss": 0.0,
    "mae": 0.8168,
    "mse": 1.2822,
    "multiclassification_loss": 0.0,
    "ortho_loss": 0.0,
    "pearson": 0.7303,
    "regression_loss": 1.2836,
    "rm2": 0.4883,
    "rmse": 1.1324,
    "sd": 1.1245,
    "spearman": 0.7006,
    "spectral_loss": 0.0
}
                              
                              
----------------------------------------
Epoch 047 with LR 0.000100: Model Results
----------------------------------------
Train MSE Loss: 0.3463, Train CLS Loss: 0.0000, Train MCLS Loss: 0.0000
Protein Cluster Region Loss - Ortho Loss: 0.0000, Cluster Loss: 0.0000
                              
Validation Results: {
    "ci": 0.7682,
    "classification_loss": 0.0,
    "cluster_loss": 0.0,
    "mae": 0.7954,
    "mse": 1.3335,
    "multiclassification_loss": 0.0,
    "ortho_loss": 0.0,
    "pearson": 0.7288,
    "regression_loss": 1.333,
    "rm2": 0.4908,
    "rmse": 1.1548,
    "sd": 1.1221,
    "spearman": 0.7043,
    "spectral_loss": 0.0
}
                              
Test Results: {
    "ci": 0.7657,
    "classification_loss": 0.0,
    "cluster_loss": 0.0,
    "mae": 0.8168,
    "mse": 1.2822,
    "multiclassification_loss": 0.0,
    "ortho_loss": 0.0,
    "pearson": 0.7303,
    "regression_loss": 1.2836,
    "rm2": 0.4883,
    "rmse": 1.1324,
    "sd": 1.1245,
    "spearman": 0.7006,
    "spectral_loss": 0.0
}
                              
                              
----------------------------------------
Epoch 048 with LR 0.000100: Model Results
----------------------------------------
Train MSE Loss: 0.3437, Train CLS Loss: 0.0000, Train MCLS Loss: 0.0000
Protein Cluster Region Loss - Ortho Loss: 0.0000, Cluster Loss: 0.0000
                              
Validation Results: {
    "ci": 0.7678,
    "classification_loss": 0.0,
    "cluster_loss": 0.0,
    "mae": 0.7955,
    "mse": 1.3231,
    "multiclassification_loss": 0.0,
    "ortho_loss": 0.0,
    "pearson": 0.7303,
    "regression_loss": 1.3224,
    "rm2": 0.5037,
    "rmse": 1.1502,
    "sd": 1.1195,
    "spearman": 0.7039,
    "spectral_loss": 0.0
}
                              
Test Results: {
    "ci": 0.7657,
    "classification_loss": 0.0,
    "cluster_loss": 0.0,
    "mae": 0.8168,
    "mse": 1.2822,
    "multiclassification_loss": 0.0,
    "ortho_loss": 0.0,
    "pearson": 0.7303,
    "regression_loss": 1.2836,
    "rm2": 0.4883,
    "rmse": 1.1324,
    "sd": 1.1245,
    "spearman": 0.7006,
    "spectral_loss": 0.0
}
                              
                              
----------------------------------------
Epoch 049 with LR 0.000100: Model Results
----------------------------------------
Train MSE Loss: 0.3387, Train CLS Loss: 0.0000, Train MCLS Loss: 0.0000
Protein Cluster Region Loss - Ortho Loss: 0.0000, Cluster Loss: 0.0000
                              
Validation Results: {
    "ci": 0.7671,
    "classification_loss": 0.0,
    "cluster_loss": 0.0,
    "mae": 0.8056,
    "mse": 1.3557,
    "multiclassification_loss": 0.0,
    "ortho_loss": 0.0,
    "pearson": 0.729,
    "regression_loss": 1.3553,
    "rm2": 0.4806,
    "rmse": 1.1643,
    "sd": 1.1217,
    "spearman": 0.7023,
    "spectral_loss": 0.0
}
                              
Test Results: {
    "ci": 0.7657,
    "classification_loss": 0.0,
    "cluster_loss": 0.0,
    "mae": 0.8168,
    "mse": 1.2822,
    "multiclassification_loss": 0.0,
    "ortho_loss": 0.0,
    "pearson": 0.7303,
    "regression_loss": 1.2836,
    "rm2": 0.4883,
    "rmse": 1.1324,
    "sd": 1.1245,
    "spearman": 0.7006,
    "spectral_loss": 0.0
}
                              
                              
----------------------------------------
Epoch 050 with LR 0.000100: Model Results
----------------------------------------
Train MSE Loss: 0.3344, Train CLS Loss: 0.0000, Train MCLS Loss: 0.0000
Protein Cluster Region Loss - Ortho Loss: 0.0000, Cluster Loss: 0.0000
                              
Validation Results: {
    "ci": 0.7673,
    "classification_loss": 0.0,
    "cluster_loss": 0.0,
    "mae": 0.8015,
    "mse": 1.3533,
    "multiclassification_loss": 0.0,
    "ortho_loss": 0.0,
    "pearson": 0.7275,
    "regression_loss": 1.3529,
    "rm2": 0.4839,
    "rmse": 1.1633,
    "sd": 1.1244,
    "spearman": 0.7023,
    "spectral_loss": 0.0
}
                              
Test Results: {
    "ci": 0.7657,
    "classification_loss": 0.0,
    "cluster_loss": 0.0,
    "mae": 0.8168,
    "mse": 1.2822,
    "multiclassification_loss": 0.0,
    "ortho_loss": 0.0,
    "pearson": 0.7303,
    "regression_loss": 1.2836,
    "rm2": 0.4883,
    "rmse": 1.1324,
    "sd": 1.1245,
    "spearman": 0.7006,
    "spectral_loss": 0.0
}
[SWA] discarding averaged weights: rmse=1.1564435539109823 vs best per-epoch 1.1481
[best epoch] epoch=20, best_rmse=1.1481, lr_at_best=1.000e-04
                              
                              
----------------------------------------
Epoch 050 with LR 0.000100: Model Results
----------------------------------------
Train MSE Loss: 0.3344, Train CLS Loss: 0.0000, Train MCLS Loss: 0.0000
Protein Cluster Region Loss - Ortho Loss: 0.0000, Cluster Loss: 0.0000
                              
Validation Results: {
    "ci": 0.7673,
    "classification_loss": 0.0,
    "cluster_loss": 0.0,
    "mae": 0.8015,
    "mse": 1.3533,
    "multiclassification_loss": 0.0,
    "ortho_loss": 0.0,
    "pearson": 0.7275,
    "regression_loss": 1.3529,
    "rm2": 0.4839,
    "rmse": 1.1633,
    "sd": 1.1244,
    "spearman": 0.7023,
    "spectral_loss": 0.0
}
                              
Test Results: {
    "ci": 0.7657,
    "classification_loss": 0.0,
    "cluster_loss": 0.0,
    "mae": 0.8168,
    "mse": 1.2822,
    "multiclassification_loss": 0.0,
    "ortho_loss": 0.0,
    "pearson": 0.7303,
    "regression_loss": 1.2836,
    "rm2": 0.4883,
    "rmse": 1.1324,
    "sd": 1.1245,
    "spearman": 0.7006,
    "spectral_loss": 0.0
}
Final test metrics: rmse=1.1324, pearson=0.7303, r2_proxy(mse)=1.2822
Done. Predictions: /sc/arion/projects/DiseaseGeneCell/Huang_lab_project/wangcDrugRepoProject/TRACE_Kin_Results_v3_molformer_ctx/catpred_dataset/catpred_kcat_ESMv1_embedding_random/test_prediction_seed1.csv; checkpoint: /sc/arion/projects/DiseaseGeneCell/Huang_lab_project/wangcDrugRepoProject/TRACE_Kin_Results_v3_molformer_ctx/catpred_dataset/catpred_kcat_ESMv1_embedding_random/save_model_seed1/model.pt

==========================================
Array task 2/10: OK (catpred_kcat_ESMv1_embedding_random)
==========================================


PS:

Read file <242891575.2.stderr> for stderr output of this job.

