Sender: LSF System <lsfadmin@lg02e09>
Subject: Job 242891575[10]: <trace_kin_v3_perfolder_s1[1-10]> in cluster <chimera> Done

Job <trace_kin_v3_perfolder_s1[1-10]> was submitted from host <li04e01> by user <wangc40> in cluster <chimera> at Sun May 10 18:57:40 2026
Job was executed on host(s) <16*lg02e09>, in queue <gpu>, as user <wangc40> in cluster <chimera> at Sun May 10 18:57:45 2026
</hpc/users/wangc40> was used as the home directory.
</sc/arion/projects/DiseaseGeneCell/Huang_lab_project/wangcDrugRepoProject/TRACE-Kin> was used as the working directory.
Started at Sun May 10 18:57:45 2026
Terminated at Sun May 10 21:37:09 2026
Results reported at Sun May 10 21:37:09 2026

Your job looked like:

------------------------------------------------------------
# LSBATCH: User input
#!/bin/bash
#BSUB -J trace_kin_v3_perfolder_s1[1-10]
#BSUB -P acc_DiseaseGeneCell
#BSUB -q gpu
#BSUB -R h100nvl
#BSUB -gpu num=1
#BSUB -n 16
#BSUB -R "rusage[mem=8000]"
#BSUB -R "span[hosts=1]"
#BSUB -W 48:00
#BSUB -o %J.%I.stdout
#BSUB -eo %J.%I.stderr
#BSUB -L /bin/bash

# =============================================================================
# TRACE-Kin v3 PER-FOLDER + MoLFormer-XL context — top-10 RF-gap cells
# =============================================================================
# Submit with:
#     bsub < training/run_v3_perfolder_s1.lsf
#
# Per-folder evaluation: each (dataset × kinetic × split) cell gets its own
# v3 model trained ONLY on that folder's train.parquet, tested on that
# folder's test.parquet. NO cross-dataset pooling — avoids the leakage
# concern that pool-train rows could contaminate primary-test keys.
#
# v3 = v1 GNN backbone + MoLFormer-XL (768) projected to hidden_channels
# and added as a global-graph-context residual to mol_pool, before a
# fresh regression head. Molecular embeddings are computed live by
# MoLFormer-XL (not read from a pre-computed parquet column) and cached
# at <datafolder>/molformer_emb.pt so all 3 seeds share the compute.
#
# SWA is enabled (start at 50% of training, swa_lr=10x lower) to average
# weights over the noisy val plateau. Single-best-epoch checkpoint
# selection was picking lucky early dips driven by small-val-set noise.
# Patience disabled so SWA's averaging window has room to build.
#
# Cells: the 10 (out of 27) where the historical PSICHIC-vs-RF gap is
# largest, derived from data/benchmark/kinetic_regress_benchmark_clean.csv.
# These are the cells the ChemBERT cutover is most likely to move. The
# embedding per cell is the one with the LOWEST RF baseline RMSE in the
# benchmark (= the hardest fair test for v3). All 5 kinetics, all 3 splits,
# and all 4 source datasets are represented.
#
# Ordered by descending RF-gap (PSICHIC RMSE − RF RMSE):
#   1. EITLEM   kcat_km cold_drug    ESMv1       gap +0.135
#   2. catpred  kcat    random       ESMv1       gap +0.130
#   3. inhouse  Kd      random       ESMv1       gap +0.115
#   4. EITLEM   kcat_km random       ESM2        gap +0.098
#   5. EITLEM   kcat    cold_drug    ESM2        gap +0.093
#   6. MPEK     kcat    cold_protein ProteinCLIP gap +0.092

(... more ...)
------------------------------------------------------------

Successfully completed.

Resource usage summary:

    CPU time :                                   9602.00 sec.
    Max Memory :                                 8129 MB
    Average Memory :                             7683.72 MB
    Total Requested Memory :                     128000.00 MB
    Delta Memory :                               119871.00 MB
    Max Swap :                                   -
    Max Processes :                              6
    Max Threads :                                24
    Run time :                                   9564 sec.
    Turnaround time :                            9569 sec.

The output (if any) follows:

==========================================
TRACE-Kin v3 PER-FOLDER task 10/10
==========================================
Date:        Sun May 10 18:57:49 EDT 2026
Dataset:     /sc/arion/projects/DiseaseGeneCell/Huang_lab_project/drug_discovery/output/data/enzyme_embeddings_dataset/EITLEM_dataset/EITLEM_kcat_ProteinCLIP_embedding_cold_protein
Result:      /sc/arion/projects/DiseaseGeneCell/Huang_lab_project/wangcDrugRepoProject/TRACE_Kin_Results_v3_molformer_ctx/EITLEM_dataset/EITLEM_kcat_ProteinCLIP_embedding_cold_protein
Config:      training/config_v3.json
Pool CSVs:   (none — per-folder)
Model:       v3 (per-folder, no pool, MoLFormer-XL context residual, SWA, best embedding by RF baseline)
MoLFormer:   /sc/arion/projects/DiseaseGeneCell/Huang_lab_project/wangcDrugRepoProject/transformersmodels/ibm/MoLFormer-XL-both-10pct
Epochs:      50, batch=16, seed=1, lr=1e-4
==========================================
Python 3.12.2
Python: /sc/arion/work/wangc40/test-env/envs/test/bin/python
CUDA device: NVIDIA H100 80GB HBM3, sm_90
============================================================
TRACE-Kin training
============================================================
Datafolder:        /sc/arion/projects/DiseaseGeneCell/Huang_lab_project/drug_discovery/output/data/enzyme_embeddings_dataset/EITLEM_dataset/EITLEM_kcat_ProteinCLIP_embedding_cold_protein
Result path:       /sc/arion/projects/DiseaseGeneCell/Huang_lab_project/wangcDrugRepoProject/TRACE_Kin_Results_v3_molformer_ctx/EITLEM_dataset/EITLEM_kcat_ProteinCLIP_embedding_cold_protein
Config:            training/config_v3.json
Pool train CSVs:   (none)
============================================================
Loading primary train: /sc/arion/projects/DiseaseGeneCell/Huang_lab_project/drug_discovery/output/data/enzyme_embeddings_dataset/EITLEM_dataset/EITLEM_kcat_ProteinCLIP_embedding_cold_protein/train.parquet
Loading primary test: /sc/arion/projects/DiseaseGeneCell/Huang_lab_project/drug_discovery/output/data/enzyme_embeddings_dataset/EITLEM_dataset/EITLEM_kcat_ProteinCLIP_embedding_cold_protein/test.parquet
Loading primary val: /sc/arion/projects/DiseaseGeneCell/Huang_lab_project/drug_discovery/output/data/enzyme_embeddings_dataset/EITLEM_dataset/EITLEM_kcat_ProteinCLIP_embedding_cold_protein/val.parquet
Detected prot_evo_channels = 128
seq2feat: 15109 unique sequences.
Loading MoLFormer-XL from /sc/arion/projects/DiseaseGeneCell/Huang_lab_project/wangcDrugRepoProject/transformersmodels/ibm/MoLFormer-XL-both-10pct
Computing MoLFormer embeddings for 6170 unique SMILES (batch_size=64)
  embedded 64/6170
  embedded 1344/6170
  embedded 2624/6170
  embedded 3904/6170
  embedded 5184/6170
Saved MoLFormer cache: /sc/arion/projects/DiseaseGeneCell/Huang_lab_project/drug_discovery/output/data/enzyme_embeddings_dataset/EITLEM_dataset/EITLEM_kcat_ProteinCLIP_embedding_cold_protein/molformer_emb.pt (6170 SMILES)
MoLFormer embeddings: 6170 unique SMILES, dim=768
model_version: v3, use_swa: True
Building protein graphs from scratch (this can be slow)...
U, B, O, or 0 in Sequence
U, B, O, or 0 in Sequence
U, B, O, or 0 in Sequence
U, B, O, or 0 in Sequence
U, B, O, or 0 in Sequence
U, B, O, or 0 in Sequence
U, B, O, or 0 in Sequence
U, B, O, or 0 in Sequence
U, B, O, or 0 in Sequence
U, B, O, or 0 in Sequence
U, B, O, or 0 in Sequence
U, B, O, or 0 in Sequence
Building ligand graphs from scratch...
loaders ready: train=1539 test=446 val=213
Computing PNA degrees from training data...
Built TraceKinV3 with 5,644,722 parameters
[SWA] enabled: start_epoch=25, swa_lr=1.000e-05
[LR schedule] schedule_lr=False, lrate=0.0001, min_lrate=0, warmup_iters=0, lr_decay_iters=76950, total_iters=76950
Not in terminal, reprint now using normal build-in print function.
                              
                              
----------------------------------------
Epoch 001 with LR 0.000100: Model Results
----------------------------------------
Train MSE Loss: 1.9534, Train CLS Loss: 0.0000, Train MCLS Loss: 0.0000
Protein Cluster Region Loss - Ortho Loss: 0.0000, Cluster Loss: 0.0000
                              
Validation Results: {
    "ci": 0.6839,
    "classification_loss": 0.0,
    "cluster_loss": 0.0,
    "mae": 1.0052,
    "mse": 1.7375,
    "multiclassification_loss": 0.0,
    "ortho_loss": 0.0,
    "pearson": 0.5412,
    "regression_loss": 1.7387,
    "rm2": 0.2719,
    "rmse": 1.3182,
    "sd": 1.3093,
    "spearman": 0.5222,
    "spectral_loss": 0.0
}
                              
Test Results: {
    "ci": 0.6639,
    "classification_loss": 0.0,
    "cluster_loss": 0.0,
    "mae": 1.0114,
    "mse": 1.7747,
    "multiclassification_loss": 0.0,
    "ortho_loss": 0.0,
    "pearson": 0.4843,
    "regression_loss": 1.7737,
    "rm2": 0.2336,
    "rmse": 1.3322,
    "sd": 1.3304,
    "spearman": 0.4701,
    "spectral_loss": 0.0
}
                              
                              
----------------------------------------
Epoch 002 with LR 0.000100: Model Results
----------------------------------------
Train MSE Loss: 1.5687, Train CLS Loss: 0.0000, Train MCLS Loss: 0.0000
Protein Cluster Region Loss - Ortho Loss: 0.0000, Cluster Loss: 0.0000
                              
Validation Results: {
    "ci": 0.6996,
    "classification_loss": 0.0,
    "cluster_loss": 0.0,
    "mae": 0.9892,
    "mse": 1.6616,
    "multiclassification_loss": 0.0,
    "ortho_loss": 0.0,
    "pearson": 0.5706,
    "regression_loss": 1.6628,
    "rm2": 0.3031,
    "rmse": 1.289,
    "sd": 1.2787,
    "spearman": 0.5615,
    "spectral_loss": 0.0
}
                              
Test Results: {
    "ci": 0.6909,
    "classification_loss": 0.0,
    "cluster_loss": 0.0,
    "mae": 0.9981,
    "mse": 1.6997,
    "multiclassification_loss": 0.0,
    "ortho_loss": 0.0,
    "pearson": 0.544,
    "regression_loss": 1.6988,
    "rm2": 0.2623,
    "rmse": 1.3037,
    "sd": 1.2759,
    "spearman": 0.5401,
    "spectral_loss": 0.0
}
                              
                              
----------------------------------------
Epoch 003 with LR 0.000100: Model Results
----------------------------------------
Train MSE Loss: 1.3915, Train CLS Loss: 0.0000, Train MCLS Loss: 0.0000
Protein Cluster Region Loss - Ortho Loss: 0.0000, Cluster Loss: 0.0000
                              
Validation Results: {
    "ci": 0.709,
    "classification_loss": 0.0,
    "cluster_loss": 0.0,
    "mae": 0.9552,
    "mse": 1.5838,
    "multiclassification_loss": 0.0,
    "ortho_loss": 0.0,
    "pearson": 0.5907,
    "regression_loss": 1.5851,
    "rm2": 0.3359,
    "rmse": 1.2585,
    "sd": 1.2563,
    "spearman": 0.5849,
    "spectral_loss": 0.0
}
                              
Test Results: {
    "ci": 0.7013,
    "classification_loss": 0.0,
    "cluster_loss": 0.0,
    "mae": 0.9655,
    "mse": 1.5888,
    "multiclassification_loss": 0.0,
    "ortho_loss": 0.0,
    "pearson": 0.573,
    "regression_loss": 1.588,
    "rm2": 0.2979,
    "rmse": 1.2605,
    "sd": 1.2462,
    "spearman": 0.5677,
    "spectral_loss": 0.0
}
                              
                              
----------------------------------------
Epoch 004 with LR 0.000100: Model Results
----------------------------------------
Train MSE Loss: 1.2884, Train CLS Loss: 0.0000, Train MCLS Loss: 0.0000
Protein Cluster Region Loss - Ortho Loss: 0.0000, Cluster Loss: 0.0000
                              
Validation Results: {
    "ci": 0.7117,
    "classification_loss": 0.0,
    "cluster_loss": 0.0,
    "mae": 0.9391,
    "mse": 1.5461,
    "multiclassification_loss": 0.0,
    "ortho_loss": 0.0,
    "pearson": 0.6047,
    "regression_loss": 1.5476,
    "rm2": 0.347,
    "rmse": 1.2434,
    "sd": 1.2401,
    "spearman": 0.5914,
    "spectral_loss": 0.0
}
                              
Test Results: {
    "ci": 0.7035,
    "classification_loss": 0.0,
    "cluster_loss": 0.0,
    "mae": 0.9366,
    "mse": 1.5433,
    "multiclassification_loss": 0.0,
    "ortho_loss": 0.0,
    "pearson": 0.5774,
    "regression_loss": 1.5426,
    "rm2": 0.3259,
    "rmse": 1.2423,
    "sd": 1.2416,
    "spearman": 0.5713,
    "spectral_loss": 0.0
}
                              
                              
----------------------------------------
Epoch 005 with LR 0.000100: Model Results
----------------------------------------
Train MSE Loss: 1.1916, Train CLS Loss: 0.0000, Train MCLS Loss: 0.0000
Protein Cluster Region Loss - Ortho Loss: 0.0000, Cluster Loss: 0.0000
                              
Validation Results: {
    "ci": 0.7117,
    "classification_loss": 0.0,
    "cluster_loss": 0.0,
    "mae": 0.9836,
    "mse": 1.6607,
    "multiclassification_loss": 0.0,
    "ortho_loss": 0.0,
    "pearson": 0.5878,
    "regression_loss": 1.6619,
    "rm2": 0.299,
    "rmse": 1.2887,
    "sd": 1.2597,
    "spearman": 0.587,
    "spectral_loss": 0.0
}
                              
Test Results: {
    "ci": 0.7035,
    "classification_loss": 0.0,
    "cluster_loss": 0.0,
    "mae": 0.9366,
    "mse": 1.5433,
    "multiclassification_loss": 0.0,
    "ortho_loss": 0.0,
    "pearson": 0.5774,
    "regression_loss": 1.5426,
    "rm2": 0.3259,
    "rmse": 1.2423,
    "sd": 1.2416,
    "spearman": 0.5713,
    "spectral_loss": 0.0
}
                              
                              
----------------------------------------
Epoch 006 with LR 0.000100: Model Results
----------------------------------------
Train MSE Loss: 1.1331, Train CLS Loss: 0.0000, Train MCLS Loss: 0.0000
Protein Cluster Region Loss - Ortho Loss: 0.0000, Cluster Loss: 0.0000
                              
Validation Results: {
    "ci": 0.7196,
    "classification_loss": 0.0,
    "cluster_loss": 0.0,
    "mae": 0.9149,
    "mse": 1.5532,
    "multiclassification_loss": 0.0,
    "ortho_loss": 0.0,
    "pearson": 0.6159,
    "regression_loss": 1.5543,
    "rm2": 0.3624,
    "rmse": 1.2463,
    "sd": 1.2266,
    "spearman": 0.6045,
    "spectral_loss": 0.0
}
                              
Test Results: {
    "ci": 0.7035,
    "classification_loss": 0.0,
    "cluster_loss": 0.0,
    "mae": 0.9366,
    "mse": 1.5433,
    "multiclassification_loss": 0.0,
    "ortho_loss": 0.0,
    "pearson": 0.5774,
    "regression_loss": 1.5426,
    "rm2": 0.3259,
    "rmse": 1.2423,
    "sd": 1.2416,
    "spearman": 0.5713,
    "spectral_loss": 0.0
}
                              
                              
----------------------------------------
Epoch 007 with LR 0.000100: Model Results
----------------------------------------
Train MSE Loss: 1.0773, Train CLS Loss: 0.0000, Train MCLS Loss: 0.0000
Protein Cluster Region Loss - Ortho Loss: 0.0000, Cluster Loss: 0.0000
                              
Validation Results: {
    "ci": 0.7246,
    "classification_loss": 0.0,
    "cluster_loss": 0.0,
    "mae": 0.9005,
    "mse": 1.4498,
    "multiclassification_loss": 0.0,
    "ortho_loss": 0.0,
    "pearson": 0.634,
    "regression_loss": 1.4514,
    "rm2": 0.3974,
    "rmse": 1.2041,
    "sd": 1.2041,
    "spearman": 0.6188,
    "spectral_loss": 0.0
}
                              
Test Results: {
    "ci": 0.7128,
    "classification_loss": 0.0,
    "cluster_loss": 0.0,
    "mae": 0.9204,
    "mse": 1.4907,
    "multiclassification_loss": 0.0,
    "ortho_loss": 0.0,
    "pearson": 0.6013,
    "regression_loss": 1.4901,
    "rm2": 0.3406,
    "rmse": 1.221,
    "sd": 1.2151,
    "spearman": 0.594,
    "spectral_loss": 0.0
}
                              
                              
----------------------------------------
Epoch 008 with LR 0.000100: Model Results
----------------------------------------
Train MSE Loss: 1.0274, Train CLS Loss: 0.0000, Train MCLS Loss: 0.0000
Protein Cluster Region Loss - Ortho Loss: 0.0000, Cluster Loss: 0.0000
                              
Validation Results: {
    "ci": 0.7232,
    "classification_loss": 0.0,
    "cluster_loss": 0.0,
    "mae": 0.8994,
    "mse": 1.4636,
    "multiclassification_loss": 0.0,
    "ortho_loss": 0.0,
    "pearson": 0.64,
    "regression_loss": 1.4656,
    "rm2": 0.3701,
    "rmse": 1.2098,
    "sd": 1.1964,
    "spearman": 0.6163,
    "spectral_loss": 0.0
}
                              
Test Results: {
    "ci": 0.7128,
    "classification_loss": 0.0,
    "cluster_loss": 0.0,
    "mae": 0.9204,
    "mse": 1.4907,
    "multiclassification_loss": 0.0,
    "ortho_loss": 0.0,
    "pearson": 0.6013,
    "regression_loss": 1.4901,
    "rm2": 0.3406,
    "rmse": 1.221,
    "sd": 1.2151,
    "spearman": 0.594,
    "spectral_loss": 0.0
}
                              
                              
----------------------------------------
Epoch 009 with LR 0.000100: Model Results
----------------------------------------
Train MSE Loss: 1.0010, Train CLS Loss: 0.0000, Train MCLS Loss: 0.0000
Protein Cluster Region Loss - Ortho Loss: 0.0000, Cluster Loss: 0.0000
                              
Validation Results: {
    "ci": 0.7209,
    "classification_loss": 0.0,
    "cluster_loss": 0.0,
    "mae": 0.9165,
    "mse": 1.4894,
    "multiclassification_loss": 0.0,
    "ortho_loss": 0.0,
    "pearson": 0.6244,
    "regression_loss": 1.4909,
    "rm2": 0.3674,
    "rmse": 1.2204,
    "sd": 1.2162,
    "spearman": 0.6102,
    "spectral_loss": 0.0
}
                              
Test Results: {
    "ci": 0.7128,
    "classification_loss": 0.0,
    "cluster_loss": 0.0,
    "mae": 0.9204,
    "mse": 1.4907,
    "multiclassification_loss": 0.0,
    "ortho_loss": 0.0,
    "pearson": 0.6013,
    "regression_loss": 1.4901,
    "rm2": 0.3406,
    "rmse": 1.221,
    "sd": 1.2151,
    "spearman": 0.594,
    "spectral_loss": 0.0
}
                              
                              
----------------------------------------
Epoch 010 with LR 0.000100: Model Results
----------------------------------------
Train MSE Loss: 0.9578, Train CLS Loss: 0.0000, Train MCLS Loss: 0.0000
Protein Cluster Region Loss - Ortho Loss: 0.0000, Cluster Loss: 0.0000
                              
Validation Results: {
    "ci": 0.7225,
    "classification_loss": 0.0,
    "cluster_loss": 0.0,
    "mae": 0.9083,
    "mse": 1.4731,
    "multiclassification_loss": 0.0,
    "ortho_loss": 0.0,
    "pearson": 0.636,
    "regression_loss": 1.4757,
    "rm2": 0.39,
    "rmse": 1.2137,
    "sd": 1.2016,
    "spearman": 0.6132,
    "spectral_loss": 0.0
}
                              
Test Results: {
    "ci": 0.7128,
    "classification_loss": 0.0,
    "cluster_loss": 0.0,
    "mae": 0.9204,
    "mse": 1.4907,
    "multiclassification_loss": 0.0,
    "ortho_loss": 0.0,
    "pearson": 0.6013,
    "regression_loss": 1.4901,
    "rm2": 0.3406,
    "rmse": 1.221,
    "sd": 1.2151,
    "spearman": 0.594,
    "spectral_loss": 0.0
}
                              
                              
----------------------------------------
Epoch 011 with LR 0.000100: Model Results
----------------------------------------
Train MSE Loss: 0.9352, Train CLS Loss: 0.0000, Train MCLS Loss: 0.0000
Protein Cluster Region Loss - Ortho Loss: 0.0000, Cluster Loss: 0.0000
                              
Validation Results: {
    "ci": 0.7154,
    "classification_loss": 0.0,
    "cluster_loss": 0.0,
    "mae": 0.9237,
    "mse": 1.5694,
    "multiclassification_loss": 0.0,
    "ortho_loss": 0.0,
    "pearson": 0.6112,
    "regression_loss": 1.5709,
    "rm2": 0.37,
    "rmse": 1.2528,
    "sd": 1.2323,
    "spearman": 0.5957,
    "spectral_loss": 0.0
}
                              
Test Results: {
    "ci": 0.7128,
    "classification_loss": 0.0,
    "cluster_loss": 0.0,
    "mae": 0.9204,
    "mse": 1.4907,
    "multiclassification_loss": 0.0,
    "ortho_loss": 0.0,
    "pearson": 0.6013,
    "regression_loss": 1.4901,
    "rm2": 0.3406,
    "rmse": 1.221,
    "sd": 1.2151,
    "spearman": 0.594,
    "spectral_loss": 0.0
}
                              
                              
----------------------------------------
Epoch 012 with LR 0.000100: Model Results
----------------------------------------
Train MSE Loss: 0.9059, Train CLS Loss: 0.0000, Train MCLS Loss: 0.0000
Protein Cluster Region Loss - Ortho Loss: 0.0000, Cluster Loss: 0.0000
                              
Validation Results: {
    "ci": 0.7237,
    "classification_loss": 0.0,
    "cluster_loss": 0.0,
    "mae": 0.9456,
    "mse": 1.6498,
    "multiclassification_loss": 0.0,
    "ortho_loss": 0.0,
    "pearson": 0.6295,
    "regression_loss": 1.652,
    "rm2": 0.3649,
    "rmse": 1.2845,
    "sd": 1.2097,
    "spearman": 0.6159,
    "spectral_loss": 0.0
}
                              
Test Results: {
    "ci": 0.7128,
    "classification_loss": 0.0,
    "cluster_loss": 0.0,
    "mae": 0.9204,
    "mse": 1.4907,
    "multiclassification_loss": 0.0,
    "ortho_loss": 0.0,
    "pearson": 0.6013,
    "regression_loss": 1.4901,
    "rm2": 0.3406,
    "rmse": 1.221,
    "sd": 1.2151,
    "spearman": 0.594,
    "spectral_loss": 0.0
}
                              
                              
----------------------------------------
Epoch 013 with LR 0.000100: Model Results
----------------------------------------
Train MSE Loss: 0.8798, Train CLS Loss: 0.0000, Train MCLS Loss: 0.0000
Protein Cluster Region Loss - Ortho Loss: 0.0000, Cluster Loss: 0.0000
                              
Validation Results: {
    "ci": 0.7265,
    "classification_loss": 0.0,
    "cluster_loss": 0.0,
    "mae": 0.8975,
    "mse": 1.4651,
    "multiclassification_loss": 0.0,
    "ortho_loss": 0.0,
    "pearson": 0.6371,
    "regression_loss": 1.4667,
    "rm2": 0.4023,
    "rmse": 1.2104,
    "sd": 1.2001,
    "spearman": 0.6214,
    "spectral_loss": 0.0
}
                              
Test Results: {
    "ci": 0.7128,
    "classification_loss": 0.0,
    "cluster_loss": 0.0,
    "mae": 0.9204,
    "mse": 1.4907,
    "multiclassification_loss": 0.0,
    "ortho_loss": 0.0,
    "pearson": 0.6013,
    "regression_loss": 1.4901,
    "rm2": 0.3406,
    "rmse": 1.221,
    "sd": 1.2151,
    "spearman": 0.594,
    "spectral_loss": 0.0
}
                              
                              
----------------------------------------
Epoch 014 with LR 0.000100: Model Results
----------------------------------------
Train MSE Loss: 0.8580, Train CLS Loss: 0.0000, Train MCLS Loss: 0.0000
Protein Cluster Region Loss - Ortho Loss: 0.0000, Cluster Loss: 0.0000
                              
Validation Results: {
    "ci": 0.7289,
    "classification_loss": 0.0,
    "cluster_loss": 0.0,
    "mae": 0.8872,
    "mse": 1.4635,
    "multiclassification_loss": 0.0,
    "ortho_loss": 0.0,
    "pearson": 0.6433,
    "regression_loss": 1.4656,
    "rm2": 0.3929,
    "rmse": 1.2098,
    "sd": 1.1921,
    "spearman": 0.6276,
    "spectral_loss": 0.0
}
                              
Test Results: {
    "ci": 0.7128,
    "classification_loss": 0.0,
    "cluster_loss": 0.0,
    "mae": 0.9204,
    "mse": 1.4907,
    "multiclassification_loss": 0.0,
    "ortho_loss": 0.0,
    "pearson": 0.6013,
    "regression_loss": 1.4901,
    "rm2": 0.3406,
    "rmse": 1.221,
    "sd": 1.2151,
    "spearman": 0.594,
    "spectral_loss": 0.0
}
                              
                              
----------------------------------------
Epoch 015 with LR 0.000100: Model Results
----------------------------------------
Train MSE Loss: 0.8285, Train CLS Loss: 0.0000, Train MCLS Loss: 0.0000
Protein Cluster Region Loss - Ortho Loss: 0.0000, Cluster Loss: 0.0000
                              
Validation Results: {
    "ci": 0.723,
    "classification_loss": 0.0,
    "cluster_loss": 0.0,
    "mae": 0.9308,
    "mse": 1.5358,
    "multiclassification_loss": 0.0,
    "ortho_loss": 0.0,
    "pearson": 0.6249,
    "regression_loss": 1.5381,
    "rm2": 0.3411,
    "rmse": 1.2393,
    "sd": 1.2155,
    "spearman": 0.6136,
    "spectral_loss": 0.0
}
                              
Test Results: {
    "ci": 0.7128,
    "classification_loss": 0.0,
    "cluster_loss": 0.0,
    "mae": 0.9204,
    "mse": 1.4907,
    "multiclassification_loss": 0.0,
    "ortho_loss": 0.0,
    "pearson": 0.6013,
    "regression_loss": 1.4901,
    "rm2": 0.3406,
    "rmse": 1.221,
    "sd": 1.2151,
    "spearman": 0.594,
    "spectral_loss": 0.0
}
                              
                              
----------------------------------------
Epoch 016 with LR 0.000100: Model Results
----------------------------------------
Train MSE Loss: 0.8118, Train CLS Loss: 0.0000, Train MCLS Loss: 0.0000
Protein Cluster Region Loss - Ortho Loss: 0.0000, Cluster Loss: 0.0000
                              
Validation Results: {
    "ci": 0.7293,
    "classification_loss": 0.0,
    "cluster_loss": 0.0,
    "mae": 0.8852,
    "mse": 1.4165,
    "multiclassification_loss": 0.0,
    "ortho_loss": 0.0,
    "pearson": 0.6516,
    "regression_loss": 1.4181,
    "rm2": 0.407,
    "rmse": 1.1902,
    "sd": 1.181,
    "spearman": 0.6288,
    "spectral_loss": 0.0
}
                              
Test Results: {
    "ci": 0.7145,
    "classification_loss": 0.0,
    "cluster_loss": 0.0,
    "mae": 0.9259,
    "mse": 1.5198,
    "multiclassification_loss": 0.0,
    "ortho_loss": 0.0,
    "pearson": 0.612,
    "regression_loss": 1.519,
    "rm2": 0.3349,
    "rmse": 1.2328,
    "sd": 1.2027,
    "spearman": 0.5967,
    "spectral_loss": 0.0
}
                              
                              
----------------------------------------
Epoch 017 with LR 0.000100: Model Results
----------------------------------------
Train MSE Loss: 0.7913, Train CLS Loss: 0.0000, Train MCLS Loss: 0.0000
Protein Cluster Region Loss - Ortho Loss: 0.0000, Cluster Loss: 0.0000
                              
Validation Results: {
    "ci": 0.7237,
    "classification_loss": 0.0,
    "cluster_loss": 0.0,
    "mae": 0.9208,
    "mse": 1.5131,
    "multiclassification_loss": 0.0,
    "ortho_loss": 0.0,
    "pearson": 0.638,
    "regression_loss": 1.5138,
    "rm2": 0.3501,
    "rmse": 1.2301,
    "sd": 1.1989,
    "spearman": 0.6152,
    "spectral_loss": 0.0
}
                              
Test Results: {
    "ci": 0.7145,
    "classification_loss": 0.0,
    "cluster_loss": 0.0,
    "mae": 0.9259,
    "mse": 1.5198,
    "multiclassification_loss": 0.0,
    "ortho_loss": 0.0,
    "pearson": 0.612,
    "regression_loss": 1.519,
    "rm2": 0.3349,
    "rmse": 1.2328,
    "sd": 1.2027,
    "spearman": 0.5967,
    "spectral_loss": 0.0
}
                              
                              
----------------------------------------
Epoch 018 with LR 0.000100: Model Results
----------------------------------------
Train MSE Loss: 0.7723, Train CLS Loss: 0.0000, Train MCLS Loss: 0.0000
Protein Cluster Region Loss - Ortho Loss: 0.0000, Cluster Loss: 0.0000
                              
Validation Results: {
    "ci": 0.7199,
    "classification_loss": 0.0,
    "cluster_loss": 0.0,
    "mae": 0.9554,
    "mse": 1.7033,
    "multiclassification_loss": 0.0,
    "ortho_loss": 0.0,
    "pearson": 0.6114,
    "regression_loss": 1.7039,
    "rm2": 0.3315,
    "rmse": 1.3051,
    "sd": 1.2321,
    "spearman": 0.6015,
    "spectral_loss": 0.0
}
                              
Test Results: {
    "ci": 0.7145,
    "classification_loss": 0.0,
    "cluster_loss": 0.0,
    "mae": 0.9259,
    "mse": 1.5198,
    "multiclassification_loss": 0.0,
    "ortho_loss": 0.0,
    "pearson": 0.612,
    "regression_loss": 1.519,
    "rm2": 0.3349,
    "rmse": 1.2328,
    "sd": 1.2027,
    "spearman": 0.5967,
    "spectral_loss": 0.0
}
                              
                              
----------------------------------------
Epoch 019 with LR 0.000100: Model Results
----------------------------------------
Train MSE Loss: 0.7560, Train CLS Loss: 0.0000, Train MCLS Loss: 0.0000
Protein Cluster Region Loss - Ortho Loss: 0.0000, Cluster Loss: 0.0000
                              
Validation Results: {
    "ci": 0.7286,
    "classification_loss": 0.0,
    "cluster_loss": 0.0,
    "mae": 0.8806,
    "mse": 1.4443,
    "multiclassification_loss": 0.0,
    "ortho_loss": 0.0,
    "pearson": 0.6391,
    "regression_loss": 1.4451,
    "rm2": 0.4,
    "rmse": 1.2018,
    "sd": 1.1975,
    "spearman": 0.6243,
    "spectral_loss": 0.0
}
                              
Test Results: {
    "ci": 0.7145,
    "classification_loss": 0.0,
    "cluster_loss": 0.0,
    "mae": 0.9259,
    "mse": 1.5198,
    "multiclassification_loss": 0.0,
    "ortho_loss": 0.0,
    "pearson": 0.612,
    "regression_loss": 1.519,
    "rm2": 0.3349,
    "rmse": 1.2328,
    "sd": 1.2027,
    "spearman": 0.5967,
    "spectral_loss": 0.0
}
                              
                              
----------------------------------------
Epoch 020 with LR 0.000100: Model Results
----------------------------------------
Train MSE Loss: 0.7417, Train CLS Loss: 0.0000, Train MCLS Loss: 0.0000
Protein Cluster Region Loss - Ortho Loss: 0.0000, Cluster Loss: 0.0000
                              
Validation Results: {
    "ci": 0.7304,
    "classification_loss": 0.0,
    "cluster_loss": 0.0,
    "mae": 0.8801,
    "mse": 1.4563,
    "multiclassification_loss": 0.0,
    "ortho_loss": 0.0,
    "pearson": 0.6441,
    "regression_loss": 1.4584,
    "rm2": 0.4047,
    "rmse": 1.2068,
    "sd": 1.1911,
    "spearman": 0.6296,
    "spectral_loss": 0.0
}
                              
Test Results: {
    "ci": 0.7145,
    "classification_loss": 0.0,
    "cluster_loss": 0.0,
    "mae": 0.9259,
    "mse": 1.5198,
    "multiclassification_loss": 0.0,
    "ortho_loss": 0.0,
    "pearson": 0.612,
    "regression_loss": 1.519,
    "rm2": 0.3349,
    "rmse": 1.2328,
    "sd": 1.2027,
    "spearman": 0.5967,
    "spectral_loss": 0.0
}
                              
                              
----------------------------------------
Epoch 021 with LR 0.000100: Model Results
----------------------------------------
Train MSE Loss: 0.7268, Train CLS Loss: 0.0000, Train MCLS Loss: 0.0000
Protein Cluster Region Loss - Ortho Loss: 0.0000, Cluster Loss: 0.0000
                              
Validation Results: {
    "ci": 0.7326,
    "classification_loss": 0.0,
    "cluster_loss": 0.0,
    "mae": 0.9098,
    "mse": 1.4928,
    "multiclassification_loss": 0.0,
    "ortho_loss": 0.0,
    "pearson": 0.6429,
    "regression_loss": 1.4946,
    "rm2": 0.3579,
    "rmse": 1.2218,
    "sd": 1.1926,
    "spearman": 0.6346,
    "spectral_loss": 0.0
}
                              
Test Results: {
    "ci": 0.7145,
    "classification_loss": 0.0,
    "cluster_loss": 0.0,
    "mae": 0.9259,
    "mse": 1.5198,
    "multiclassification_loss": 0.0,
    "ortho_loss": 0.0,
    "pearson": 0.612,
    "regression_loss": 1.519,
    "rm2": 0.3349,
    "rmse": 1.2328,
    "sd": 1.2027,
    "spearman": 0.5967,
    "spectral_loss": 0.0
}
                              
                              
----------------------------------------
Epoch 022 with LR 0.000100: Model Results
----------------------------------------
Train MSE Loss: 0.7078, Train CLS Loss: 0.0000, Train MCLS Loss: 0.0000
Protein Cluster Region Loss - Ortho Loss: 0.0000, Cluster Loss: 0.0000
                              
Validation Results: {
    "ci": 0.7311,
    "classification_loss": 0.0,
    "cluster_loss": 0.0,
    "mae": 0.8769,
    "mse": 1.4637,
    "multiclassification_loss": 0.0,
    "ortho_loss": 0.0,
    "pearson": 0.6473,
    "regression_loss": 1.4658,
    "rm2": 0.3978,
    "rmse": 1.2098,
    "sd": 1.1867,
    "spearman": 0.6304,
    "spectral_loss": 0.0
}
                              
Test Results: {
    "ci": 0.7145,
    "classification_loss": 0.0,
    "cluster_loss": 0.0,
    "mae": 0.9259,
    "mse": 1.5198,
    "multiclassification_loss": 0.0,
    "ortho_loss": 0.0,
    "pearson": 0.612,
    "regression_loss": 1.519,
    "rm2": 0.3349,
    "rmse": 1.2328,
    "sd": 1.2027,
    "spearman": 0.5967,
    "spectral_loss": 0.0
}
                              
                              
----------------------------------------
Epoch 023 with LR 0.000100: Model Results
----------------------------------------
Train MSE Loss: 0.6886, Train CLS Loss: 0.0000, Train MCLS Loss: 0.0000
Protein Cluster Region Loss - Ortho Loss: 0.0000, Cluster Loss: 0.0000
                              
Validation Results: {
    "ci": 0.727,
    "classification_loss": 0.0,
    "cluster_loss": 0.0,
    "mae": 0.8845,
    "mse": 1.4753,
    "multiclassification_loss": 0.0,
    "ortho_loss": 0.0,
    "pearson": 0.6387,
    "regression_loss": 1.4773,
    "rm2": 0.4078,
    "rmse": 1.2146,
    "sd": 1.198,
    "spearman": 0.6215,
    "spectral_loss": 0.0
}
                              
Test Results: {
    "ci": 0.7145,
    "classification_loss": 0.0,
    "cluster_loss": 0.0,
    "mae": 0.9259,
    "mse": 1.5198,
    "multiclassification_loss": 0.0,
    "ortho_loss": 0.0,
    "pearson": 0.612,
    "regression_loss": 1.519,
    "rm2": 0.3349,
    "rmse": 1.2328,
    "sd": 1.2027,
    "spearman": 0.5967,
    "spectral_loss": 0.0
}
                              
                              
----------------------------------------
Epoch 024 with LR 0.000100: Model Results
----------------------------------------
Train MSE Loss: 0.6740, Train CLS Loss: 0.0000, Train MCLS Loss: 0.0000
Protein Cluster Region Loss - Ortho Loss: 0.0000, Cluster Loss: 0.0000
                              
Validation Results: {
    "ci": 0.7299,
    "classification_loss": 0.0,
    "cluster_loss": 0.0,
    "mae": 0.8859,
    "mse": 1.4524,
    "multiclassification_loss": 0.0,
    "ortho_loss": 0.0,
    "pearson": 0.6426,
    "regression_loss": 1.4534,
    "rm2": 0.3929,
    "rmse": 1.2052,
    "sd": 1.193,
    "spearman": 0.6289,
    "spectral_loss": 0.0
}
                              
Test Results: {
    "ci": 0.7145,
    "classification_loss": 0.0,
    "cluster_loss": 0.0,
    "mae": 0.9259,
    "mse": 1.5198,
    "multiclassification_loss": 0.0,
    "ortho_loss": 0.0,
    "pearson": 0.612,
    "regression_loss": 1.519,
    "rm2": 0.3349,
    "rmse": 1.2328,
    "sd": 1.2027,
    "spearman": 0.5967,
    "spectral_loss": 0.0
}
                              
                              
----------------------------------------
Epoch 025 with LR 0.000100: Model Results
----------------------------------------
Train MSE Loss: 0.6649, Train CLS Loss: 0.0000, Train MCLS Loss: 0.0000
Protein Cluster Region Loss - Ortho Loss: 0.0000, Cluster Loss: 0.0000
                              
Validation Results: {
    "ci": 0.724,
    "classification_loss": 0.0,
    "cluster_loss": 0.0,
    "mae": 0.8987,
    "mse": 1.5156,
    "multiclassification_loss": 0.0,
    "ortho_loss": 0.0,
    "pearson": 0.6303,
    "regression_loss": 1.5174,
    "rm2": 0.3712,
    "rmse": 1.2311,
    "sd": 1.2087,
    "spearman": 0.6139,
    "spectral_loss": 0.0
}
                              
Test Results: {
    "ci": 0.7145,
    "classification_loss": 0.0,
    "cluster_loss": 0.0,
    "mae": 0.9259,
    "mse": 1.5198,
    "multiclassification_loss": 0.0,
    "ortho_loss": 0.0,
    "pearson": 0.612,
    "regression_loss": 1.519,
    "rm2": 0.3349,
    "rmse": 1.2328,
    "sd": 1.2027,
    "spearman": 0.5967,
    "spectral_loss": 0.0
}
                              
                              
----------------------------------------
Epoch 026 with LR 0.000100: Model Results
----------------------------------------
Train MSE Loss: 0.5795, Train CLS Loss: 0.0000, Train MCLS Loss: 0.0000
Protein Cluster Region Loss - Ortho Loss: 0.0000, Cluster Loss: 0.0000
                              
Validation Results: {
    "ci": 0.726,
    "classification_loss": 0.0,
    "cluster_loss": 0.0,
    "mae": 0.9042,
    "mse": 1.5432,
    "multiclassification_loss": 0.0,
    "ortho_loss": 0.0,
    "pearson": 0.6307,
    "regression_loss": 1.5451,
    "rm2": 0.3599,
    "rmse": 1.2422,
    "sd": 1.2083,
    "spearman": 0.6164,
    "spectral_loss": 0.0
}
                              
Test Results: {
    "ci": 0.7145,
    "classification_loss": 0.0,
    "cluster_loss": 0.0,
    "mae": 0.9259,
    "mse": 1.5198,
    "multiclassification_loss": 0.0,
    "ortho_loss": 0.0,
    "pearson": 0.612,
    "regression_loss": 1.519,
    "rm2": 0.3349,
    "rmse": 1.2328,
    "sd": 1.2027,
    "spearman": 0.5967,
    "spectral_loss": 0.0
}
                              
                              
----------------------------------------
Epoch 027 with LR 0.000100: Model Results
----------------------------------------
Train MSE Loss: 0.4929, Train CLS Loss: 0.0000, Train MCLS Loss: 0.0000
Protein Cluster Region Loss - Ortho Loss: 0.0000, Cluster Loss: 0.0000
                              
Validation Results: {
    "ci": 0.7262,
    "classification_loss": 0.0,
    "cluster_loss": 0.0,
    "mae": 0.8927,
    "mse": 1.5392,
    "multiclassification_loss": 0.0,
    "ortho_loss": 0.0,
    "pearson": 0.6335,
    "regression_loss": 1.5407,
    "rm2": 0.3729,
    "rmse": 1.2406,
    "sd": 1.2047,
    "spearman": 0.6159,
    "spectral_loss": 0.0
}
                              
Test Results: {
    "ci": 0.7145,
    "classification_loss": 0.0,
    "cluster_loss": 0.0,
    "mae": 0.9259,
    "mse": 1.5198,
    "multiclassification_loss": 0.0,
    "ortho_loss": 0.0,
    "pearson": 0.612,
    "regression_loss": 1.519,
    "rm2": 0.3349,
    "rmse": 1.2328,
    "sd": 1.2027,
    "spearman": 0.5967,
    "spectral_loss": 0.0
}
                              
                              
----------------------------------------
Epoch 028 with LR 0.000100: Model Results
----------------------------------------
Train MSE Loss: 0.4671, Train CLS Loss: 0.0000, Train MCLS Loss: 0.0000
Protein Cluster Region Loss - Ortho Loss: 0.0000, Cluster Loss: 0.0000
                              
Validation Results: {
    "ci": 0.7258,
    "classification_loss": 0.0,
    "cluster_loss": 0.0,
    "mae": 0.8919,
    "mse": 1.5493,
    "multiclassification_loss": 0.0,
    "ortho_loss": 0.0,
    "pearson": 0.6308,
    "regression_loss": 1.5507,
    "rm2": 0.3692,
    "rmse": 1.2447,
    "sd": 1.2081,
    "spearman": 0.6139,
    "spectral_loss": 0.0
}
                              
Test Results: {
    "ci": 0.7145,
    "classification_loss": 0.0,
    "cluster_loss": 0.0,
    "mae": 0.9259,
    "mse": 1.5198,
    "multiclassification_loss": 0.0,
    "ortho_loss": 0.0,
    "pearson": 0.612,
    "regression_loss": 1.519,
    "rm2": 0.3349,
    "rmse": 1.2328,
    "sd": 1.2027,
    "spearman": 0.5967,
    "spectral_loss": 0.0
}
                              
                              
----------------------------------------
Epoch 029 with LR 0.000100: Model Results
----------------------------------------
Train MSE Loss: 0.4547, Train CLS Loss: 0.0000, Train MCLS Loss: 0.0000
Protein Cluster Region Loss - Ortho Loss: 0.0000, Cluster Loss: 0.0000
                              
Validation Results: {
    "ci": 0.7271,
    "classification_loss": 0.0,
    "cluster_loss": 0.0,
    "mae": 0.882,
    "mse": 1.5149,
    "multiclassification_loss": 0.0,
    "ortho_loss": 0.0,
    "pearson": 0.6357,
    "regression_loss": 1.5164,
    "rm2": 0.3828,
    "rmse": 1.2308,
    "sd": 1.2019,
    "spearman": 0.6177,
    "spectral_loss": 0.0
}
                              
Test Results: {
    "ci": 0.7145,
    "classification_loss": 0.0,
    "cluster_loss": 0.0,
    "mae": 0.9259,
    "mse": 1.5198,
    "multiclassification_loss": 0.0,
    "ortho_loss": 0.0,
    "pearson": 0.612,
    "regression_loss": 1.519,
    "rm2": 0.3349,
    "rmse": 1.2328,
    "sd": 1.2027,
    "spearman": 0.5967,
    "spectral_loss": 0.0
}
                              
                              
----------------------------------------
Epoch 030 with LR 0.000100: Model Results
----------------------------------------
Train MSE Loss: 0.4423, Train CLS Loss: 0.0000, Train MCLS Loss: 0.0000
Protein Cluster Region Loss - Ortho Loss: 0.0000, Cluster Loss: 0.0000
                              
Validation Results: {
    "ci": 0.7275,
    "classification_loss": 0.0,
    "cluster_loss": 0.0,
    "mae": 0.8789,
    "mse": 1.5084,
    "multiclassification_loss": 0.0,
    "ortho_loss": 0.0,
    "pearson": 0.6356,
    "regression_loss": 1.5098,
    "rm2": 0.388,
    "rmse": 1.2282,
    "sd": 1.202,
    "spearman": 0.6186,
    "spectral_loss": 0.0
}
                              
Test Results: {
    "ci": 0.7145,
    "classification_loss": 0.0,
    "cluster_loss": 0.0,
    "mae": 0.9259,
    "mse": 1.5198,
    "multiclassification_loss": 0.0,
    "ortho_loss": 0.0,
    "pearson": 0.612,
    "regression_loss": 1.519,
    "rm2": 0.3349,
    "rmse": 1.2328,
    "sd": 1.2027,
    "spearman": 0.5967,
    "spectral_loss": 0.0
}
                              
                              
----------------------------------------
Epoch 031 with LR 0.000100: Model Results
----------------------------------------
Train MSE Loss: 0.4328, Train CLS Loss: 0.0000, Train MCLS Loss: 0.0000
Protein Cluster Region Loss - Ortho Loss: 0.0000, Cluster Loss: 0.0000
                              
Validation Results: {
    "ci": 0.7253,
    "classification_loss": 0.0,
    "cluster_loss": 0.0,
    "mae": 0.8933,
    "mse": 1.5577,
    "multiclassification_loss": 0.0,
    "ortho_loss": 0.0,
    "pearson": 0.6282,
    "regression_loss": 1.5591,
    "rm2": 0.3701,
    "rmse": 1.2481,
    "sd": 1.2114,
    "spearman": 0.6128,
    "spectral_loss": 0.0
}
                              
Test Results: {
    "ci": 0.7145,
    "classification_loss": 0.0,
    "cluster_loss": 0.0,
    "mae": 0.9259,
    "mse": 1.5198,
    "multiclassification_loss": 0.0,
    "ortho_loss": 0.0,
    "pearson": 0.612,
    "regression_loss": 1.519,
    "rm2": 0.3349,
    "rmse": 1.2328,
    "sd": 1.2027,
    "spearman": 0.5967,
    "spectral_loss": 0.0
}
                              
                              
----------------------------------------
Epoch 032 with LR 0.000100: Model Results
----------------------------------------
Train MSE Loss: 0.4238, Train CLS Loss: 0.0000, Train MCLS Loss: 0.0000
Protein Cluster Region Loss - Ortho Loss: 0.0000, Cluster Loss: 0.0000
                              
Validation Results: {
    "ci": 0.7261,
    "classification_loss": 0.0,
    "cluster_loss": 0.0,
    "mae": 0.8881,
    "mse": 1.5397,
    "multiclassification_loss": 0.0,
    "ortho_loss": 0.0,
    "pearson": 0.6313,
    "regression_loss": 1.5412,
    "rm2": 0.3813,
    "rmse": 1.2408,
    "sd": 1.2074,
    "spearman": 0.6146,
    "spectral_loss": 0.0
}
                              
Test Results: {
    "ci": 0.7145,
    "classification_loss": 0.0,
    "cluster_loss": 0.0,
    "mae": 0.9259,
    "mse": 1.5198,
    "multiclassification_loss": 0.0,
    "ortho_loss": 0.0,
    "pearson": 0.612,
    "regression_loss": 1.519,
    "rm2": 0.3349,
    "rmse": 1.2328,
    "sd": 1.2027,
    "spearman": 0.5967,
    "spectral_loss": 0.0
}
                              
                              
----------------------------------------
Epoch 033 with LR 0.000100: Model Results
----------------------------------------
Train MSE Loss: 0.4158, Train CLS Loss: 0.0000, Train MCLS Loss: 0.0000
Protein Cluster Region Loss - Ortho Loss: 0.0000, Cluster Loss: 0.0000
                              
Validation Results: {
    "ci": 0.7255,
    "classification_loss": 0.0,
    "cluster_loss": 0.0,
    "mae": 0.8937,
    "mse": 1.5573,
    "multiclassification_loss": 0.0,
    "ortho_loss": 0.0,
    "pearson": 0.6285,
    "regression_loss": 1.5588,
    "rm2": 0.373,
    "rmse": 1.2479,
    "sd": 1.211,
    "spearman": 0.6133,
    "spectral_loss": 0.0
}
                              
Test Results: {
    "ci": 0.7145,
    "classification_loss": 0.0,
    "cluster_loss": 0.0,
    "mae": 0.9259,
    "mse": 1.5198,
    "multiclassification_loss": 0.0,
    "ortho_loss": 0.0,
    "pearson": 0.612,
    "regression_loss": 1.519,
    "rm2": 0.3349,
    "rmse": 1.2328,
    "sd": 1.2027,
    "spearman": 0.5967,
    "spectral_loss": 0.0
}
                              
                              
----------------------------------------
Epoch 034 with LR 0.000100: Model Results
----------------------------------------
Train MSE Loss: 0.4077, Train CLS Loss: 0.0000, Train MCLS Loss: 0.0000
Protein Cluster Region Loss - Ortho Loss: 0.0000, Cluster Loss: 0.0000
                              
Validation Results: {
    "ci": 0.7247,
    "classification_loss": 0.0,
    "cluster_loss": 0.0,
    "mae": 0.8912,
    "mse": 1.5484,
    "multiclassification_loss": 0.0,
    "ortho_loss": 0.0,
    "pearson": 0.6298,
    "regression_loss": 1.5497,
    "rm2": 0.3725,
    "rmse": 1.2443,
    "sd": 1.2095,
    "spearman": 0.6114,
    "spectral_loss": 0.0
}
                              
Test Results: {
    "ci": 0.7145,
    "classification_loss": 0.0,
    "cluster_loss": 0.0,
    "mae": 0.9259,
    "mse": 1.5198,
    "multiclassification_loss": 0.0,
    "ortho_loss": 0.0,
    "pearson": 0.612,
    "regression_loss": 1.519,
    "rm2": 0.3349,
    "rmse": 1.2328,
    "sd": 1.2027,
    "spearman": 0.5967,
    "spectral_loss": 0.0
}
                              
                              
----------------------------------------
Epoch 035 with LR 0.000100: Model Results
----------------------------------------
Train MSE Loss: 0.3989, Train CLS Loss: 0.0000, Train MCLS Loss: 0.0000
Protein Cluster Region Loss - Ortho Loss: 0.0000, Cluster Loss: 0.0000
                              
Validation Results: {
    "ci": 0.7243,
    "classification_loss": 0.0,
    "cluster_loss": 0.0,
    "mae": 0.896,
    "mse": 1.5652,
    "multiclassification_loss": 0.0,
    "ortho_loss": 0.0,
    "pearson": 0.6275,
    "regression_loss": 1.5666,
    "rm2": 0.3729,
    "rmse": 1.2511,
    "sd": 1.2123,
    "spearman": 0.61,
    "spectral_loss": 0.0
}
                              
Test Results: {
    "ci": 0.7145,
    "classification_loss": 0.0,
    "cluster_loss": 0.0,
    "mae": 0.9259,
    "mse": 1.5198,
    "multiclassification_loss": 0.0,
    "ortho_loss": 0.0,
    "pearson": 0.612,
    "regression_loss": 1.519,
    "rm2": 0.3349,
    "rmse": 1.2328,
    "sd": 1.2027,
    "spearman": 0.5967,
    "spectral_loss": 0.0
}
                              
                              
----------------------------------------
Epoch 036 with LR 0.000100: Model Results
----------------------------------------
Train MSE Loss: 0.3910, Train CLS Loss: 0.0000, Train MCLS Loss: 0.0000
Protein Cluster Region Loss - Ortho Loss: 0.0000, Cluster Loss: 0.0000
                              
Validation Results: {
    "ci": 0.7237,
    "classification_loss": 0.0,
    "cluster_loss": 0.0,
    "mae": 0.8946,
    "mse": 1.5624,
    "multiclassification_loss": 0.0,
    "ortho_loss": 0.0,
    "pearson": 0.6245,
    "regression_loss": 1.5637,
    "rm2": 0.3718,
    "rmse": 1.25,
    "sd": 1.2161,
    "spearman": 0.6087,
    "spectral_loss": 0.0
}
                              
Test Results: {
    "ci": 0.7145,
    "classification_loss": 0.0,
    "cluster_loss": 0.0,
    "mae": 0.9259,
    "mse": 1.5198,
    "multiclassification_loss": 0.0,
    "ortho_loss": 0.0,
    "pearson": 0.612,
    "regression_loss": 1.519,
    "rm2": 0.3349,
    "rmse": 1.2328,
    "sd": 1.2027,
    "spearman": 0.5967,
    "spectral_loss": 0.0
}
                              
                              
----------------------------------------
Epoch 037 with LR 0.000100: Model Results
----------------------------------------
Train MSE Loss: 0.3866, Train CLS Loss: 0.0000, Train MCLS Loss: 0.0000
Protein Cluster Region Loss - Ortho Loss: 0.0000, Cluster Loss: 0.0000
                              
Validation Results: {
    "ci": 0.7207,
    "classification_loss": 0.0,
    "cluster_loss": 0.0,
    "mae": 0.9069,
    "mse": 1.6144,
    "multiclassification_loss": 0.0,
    "ortho_loss": 0.0,
    "pearson": 0.6161,
    "regression_loss": 1.6158,
    "rm2": 0.3538,
    "rmse": 1.2706,
    "sd": 1.2264,
    "spearman": 0.5995,
    "spectral_loss": 0.0
}
                              
Test Results: {
    "ci": 0.7145,
    "classification_loss": 0.0,
    "cluster_loss": 0.0,
    "mae": 0.9259,
    "mse": 1.5198,
    "multiclassification_loss": 0.0,
    "ortho_loss": 0.0,
    "pearson": 0.612,
    "regression_loss": 1.519,
    "rm2": 0.3349,
    "rmse": 1.2328,
    "sd": 1.2027,
    "spearman": 0.5967,
    "spectral_loss": 0.0
}
                              
                              
----------------------------------------
Epoch 038 with LR 0.000100: Model Results
----------------------------------------
Train MSE Loss: 0.3789, Train CLS Loss: 0.0000, Train MCLS Loss: 0.0000
Protein Cluster Region Loss - Ortho Loss: 0.0000, Cluster Loss: 0.0000
                              
Validation Results: {
    "ci": 0.7227,
    "classification_loss": 0.0,
    "cluster_loss": 0.0,
    "mae": 0.8991,
    "mse": 1.5813,
    "multiclassification_loss": 0.0,
    "ortho_loss": 0.0,
    "pearson": 0.6234,
    "regression_loss": 1.5827,
    "rm2": 0.3674,
    "rmse": 1.2575,
    "sd": 1.2174,
    "spearman": 0.6055,
    "spectral_loss": 0.0
}
                              
Test Results: {
    "ci": 0.7145,
    "classification_loss": 0.0,
    "cluster_loss": 0.0,
    "mae": 0.9259,
    "mse": 1.5198,
    "multiclassification_loss": 0.0,
    "ortho_loss": 0.0,
    "pearson": 0.612,
    "regression_loss": 1.519,
    "rm2": 0.3349,
    "rmse": 1.2328,
    "sd": 1.2027,
    "spearman": 0.5967,
    "spectral_loss": 0.0
}
                              
                              
----------------------------------------
Epoch 039 with LR 0.000100: Model Results
----------------------------------------
Train MSE Loss: 0.3707, Train CLS Loss: 0.0000, Train MCLS Loss: 0.0000
Protein Cluster Region Loss - Ortho Loss: 0.0000, Cluster Loss: 0.0000
                              
Validation Results: {
    "ci": 0.7206,
    "classification_loss": 0.0,
    "cluster_loss": 0.0,
    "mae": 0.9192,
    "mse": 1.6459,
    "multiclassification_loss": 0.0,
    "ortho_loss": 0.0,
    "pearson": 0.6148,
    "regression_loss": 1.6473,
    "rm2": 0.3482,
    "rmse": 1.2829,
    "sd": 1.2279,
    "spearman": 0.6002,
    "spectral_loss": 0.0
}
                              
Test Results: {
    "ci": 0.7145,
    "classification_loss": 0.0,
    "cluster_loss": 0.0,
    "mae": 0.9259,
    "mse": 1.5198,
    "multiclassification_loss": 0.0,
    "ortho_loss": 0.0,
    "pearson": 0.612,
    "regression_loss": 1.519,
    "rm2": 0.3349,
    "rmse": 1.2328,
    "sd": 1.2027,
    "spearman": 0.5967,
    "spectral_loss": 0.0
}
                              
                              
----------------------------------------
Epoch 040 with LR 0.000100: Model Results
----------------------------------------
Train MSE Loss: 0.3645, Train CLS Loss: 0.0000, Train MCLS Loss: 0.0000
Protein Cluster Region Loss - Ortho Loss: 0.0000, Cluster Loss: 0.0000
                              
Validation Results: {
    "ci": 0.7213,
    "classification_loss": 0.0,
    "cluster_loss": 0.0,
    "mae": 0.9123,
    "mse": 1.6104,
    "multiclassification_loss": 0.0,
    "ortho_loss": 0.0,
    "pearson": 0.6193,
    "regression_loss": 1.6116,
    "rm2": 0.3556,
    "rmse": 1.269,
    "sd": 1.2225,
    "spearman": 0.6032,
    "spectral_loss": 0.0
}
                              
Test Results: {
    "ci": 0.7145,
    "classification_loss": 0.0,
    "cluster_loss": 0.0,
    "mae": 0.9259,
    "mse": 1.5198,
    "multiclassification_loss": 0.0,
    "ortho_loss": 0.0,
    "pearson": 0.612,
    "regression_loss": 1.519,
    "rm2": 0.3349,
    "rmse": 1.2328,
    "sd": 1.2027,
    "spearman": 0.5967,
    "spectral_loss": 0.0
}
                              
                              
----------------------------------------
Epoch 041 with LR 0.000100: Model Results
----------------------------------------
Train MSE Loss: 0.3584, Train CLS Loss: 0.0000, Train MCLS Loss: 0.0000
Protein Cluster Region Loss - Ortho Loss: 0.0000, Cluster Loss: 0.0000
                              
Validation Results: {
    "ci": 0.7209,
    "classification_loss": 0.0,
    "cluster_loss": 0.0,
    "mae": 0.915,
    "mse": 1.6407,
    "multiclassification_loss": 0.0,
    "ortho_loss": 0.0,
    "pearson": 0.6138,
    "regression_loss": 1.642,
    "rm2": 0.3486,
    "rmse": 1.2809,
    "sd": 1.2292,
    "spearman": 0.6006,
    "spectral_loss": 0.0
}
                              
Test Results: {
    "ci": 0.7145,
    "classification_loss": 0.0,
    "cluster_loss": 0.0,
    "mae": 0.9259,
    "mse": 1.5198,
    "multiclassification_loss": 0.0,
    "ortho_loss": 0.0,
    "pearson": 0.612,
    "regression_loss": 1.519,
    "rm2": 0.3349,
    "rmse": 1.2328,
    "sd": 1.2027,
    "spearman": 0.5967,
    "spectral_loss": 0.0
}
                              
                              
----------------------------------------
Epoch 042 with LR 0.000100: Model Results
----------------------------------------
Train MSE Loss: 0.3518, Train CLS Loss: 0.0000, Train MCLS Loss: 0.0000
Protein Cluster Region Loss - Ortho Loss: 0.0000, Cluster Loss: 0.0000
                              
Validation Results: {
    "ci": 0.7203,
    "classification_loss": 0.0,
    "cluster_loss": 0.0,
    "mae": 0.9109,
    "mse": 1.6341,
    "multiclassification_loss": 0.0,
    "ortho_loss": 0.0,
    "pearson": 0.611,
    "regression_loss": 1.6353,
    "rm2": 0.3545,
    "rmse": 1.2783,
    "sd": 1.2326,
    "spearman": 0.5989,
    "spectral_loss": 0.0
}
                              
Test Results: {
    "ci": 0.7145,
    "classification_loss": 0.0,
    "cluster_loss": 0.0,
    "mae": 0.9259,
    "mse": 1.5198,
    "multiclassification_loss": 0.0,
    "ortho_loss": 0.0,
    "pearson": 0.612,
    "regression_loss": 1.519,
    "rm2": 0.3349,
    "rmse": 1.2328,
    "sd": 1.2027,
    "spearman": 0.5967,
    "spectral_loss": 0.0
}
                              
                              
----------------------------------------
Epoch 043 with LR 0.000100: Model Results
----------------------------------------
Train MSE Loss: 0.3463, Train CLS Loss: 0.0000, Train MCLS Loss: 0.0000
Protein Cluster Region Loss - Ortho Loss: 0.0000, Cluster Loss: 0.0000
                              
Validation Results: {
    "ci": 0.7208,
    "classification_loss": 0.0,
    "cluster_loss": 0.0,
    "mae": 0.9157,
    "mse": 1.6312,
    "multiclassification_loss": 0.0,
    "ortho_loss": 0.0,
    "pearson": 0.6153,
    "regression_loss": 1.6327,
    "rm2": 0.3485,
    "rmse": 1.2772,
    "sd": 1.2274,
    "spearman": 0.601,
    "spectral_loss": 0.0
}
                              
Test Results: {
    "ci": 0.7145,
    "classification_loss": 0.0,
    "cluster_loss": 0.0,
    "mae": 0.9259,
    "mse": 1.5198,
    "multiclassification_loss": 0.0,
    "ortho_loss": 0.0,
    "pearson": 0.612,
    "regression_loss": 1.519,
    "rm2": 0.3349,
    "rmse": 1.2328,
    "sd": 1.2027,
    "spearman": 0.5967,
    "spectral_loss": 0.0
}
                              
                              
----------------------------------------
Epoch 044 with LR 0.000100: Model Results
----------------------------------------
Train MSE Loss: 0.3408, Train CLS Loss: 0.0000, Train MCLS Loss: 0.0000
Protein Cluster Region Loss - Ortho Loss: 0.0000, Cluster Loss: 0.0000
                              
Validation Results: {
    "ci": 0.7175,
    "classification_loss": 0.0,
    "cluster_loss": 0.0,
    "mae": 0.9268,
    "mse": 1.6844,
    "multiclassification_loss": 0.0,
    "ortho_loss": 0.0,
    "pearson": 0.6076,
    "regression_loss": 1.6858,
    "rm2": 0.3395,
    "rmse": 1.2978,
    "sd": 1.2366,
    "spearman": 0.5919,
    "spectral_loss": 0.0
}
                              
Test Results: {
    "ci": 0.7145,
    "classification_loss": 0.0,
    "cluster_loss": 0.0,
    "mae": 0.9259,
    "mse": 1.5198,
    "multiclassification_loss": 0.0,
    "ortho_loss": 0.0,
    "pearson": 0.612,
    "regression_loss": 1.519,
    "rm2": 0.3349,
    "rmse": 1.2328,
    "sd": 1.2027,
    "spearman": 0.5967,
    "spectral_loss": 0.0
}
                              
                              
----------------------------------------
Epoch 045 with LR 0.000100: Model Results
----------------------------------------
Train MSE Loss: 0.3330, Train CLS Loss: 0.0000, Train MCLS Loss: 0.0000
Protein Cluster Region Loss - Ortho Loss: 0.0000, Cluster Loss: 0.0000
                              
Validation Results: {
    "ci": 0.7171,
    "classification_loss": 0.0,
    "cluster_loss": 0.0,
    "mae": 0.9314,
    "mse": 1.7034,
    "multiclassification_loss": 0.0,
    "ortho_loss": 0.0,
    "pearson": 0.6032,
    "regression_loss": 1.7048,
    "rm2": 0.3382,
    "rmse": 1.3052,
    "sd": 1.2418,
    "spearman": 0.5916,
    "spectral_loss": 0.0
}
                              
Test Results: {
    "ci": 0.7145,
    "classification_loss": 0.0,
    "cluster_loss": 0.0,
    "mae": 0.9259,
    "mse": 1.5198,
    "multiclassification_loss": 0.0,
    "ortho_loss": 0.0,
    "pearson": 0.612,
    "regression_loss": 1.519,
    "rm2": 0.3349,
    "rmse": 1.2328,
    "sd": 1.2027,
    "spearman": 0.5967,
    "spectral_loss": 0.0
}
                              
                              
----------------------------------------
Epoch 046 with LR 0.000100: Model Results
----------------------------------------
Train MSE Loss: 0.3279, Train CLS Loss: 0.0000, Train MCLS Loss: 0.0000
Protein Cluster Region Loss - Ortho Loss: 0.0000, Cluster Loss: 0.0000
                              
Validation Results: {
    "ci": 0.7155,
    "classification_loss": 0.0,
    "cluster_loss": 0.0,
    "mae": 0.9334,
    "mse": 1.7155,
    "multiclassification_loss": 0.0,
    "ortho_loss": 0.0,
    "pearson": 0.6011,
    "regression_loss": 1.7169,
    "rm2": 0.3343,
    "rmse": 1.3098,
    "sd": 1.2443,
    "spearman": 0.587,
    "spectral_loss": 0.0
}
                              
Test Results: {
    "ci": 0.7145,
    "classification_loss": 0.0,
    "cluster_loss": 0.0,
    "mae": 0.9259,
    "mse": 1.5198,
    "multiclassification_loss": 0.0,
    "ortho_loss": 0.0,
    "pearson": 0.612,
    "regression_loss": 1.519,
    "rm2": 0.3349,
    "rmse": 1.2328,
    "sd": 1.2027,
    "spearman": 0.5967,
    "spectral_loss": 0.0
}
                              
                              
----------------------------------------
Epoch 047 with LR 0.000100: Model Results
----------------------------------------
Train MSE Loss: 0.3223, Train CLS Loss: 0.0000, Train MCLS Loss: 0.0000
Protein Cluster Region Loss - Ortho Loss: 0.0000, Cluster Loss: 0.0000
                              
Validation Results: {
    "ci": 0.7176,
    "classification_loss": 0.0,
    "cluster_loss": 0.0,
    "mae": 0.9286,
    "mse": 1.6977,
    "multiclassification_loss": 0.0,
    "ortho_loss": 0.0,
    "pearson": 0.6044,
    "regression_loss": 1.6992,
    "rm2": 0.3398,
    "rmse": 1.303,
    "sd": 1.2405,
    "spearman": 0.5923,
    "spectral_loss": 0.0
}
                              
Test Results: {
    "ci": 0.7145,
    "classification_loss": 0.0,
    "cluster_loss": 0.0,
    "mae": 0.9259,
    "mse": 1.5198,
    "multiclassification_loss": 0.0,
    "ortho_loss": 0.0,
    "pearson": 0.612,
    "regression_loss": 1.519,
    "rm2": 0.3349,
    "rmse": 1.2328,
    "sd": 1.2027,
    "spearman": 0.5967,
    "spectral_loss": 0.0
}
                              
                              
----------------------------------------
Epoch 048 with LR 0.000100: Model Results
----------------------------------------
Train MSE Loss: 0.3177, Train CLS Loss: 0.0000, Train MCLS Loss: 0.0000
Protein Cluster Region Loss - Ortho Loss: 0.0000, Cluster Loss: 0.0000
                              
Validation Results: {
    "ci": 0.7162,
    "classification_loss": 0.0,
    "cluster_loss": 0.0,
    "mae": 0.9406,
    "mse": 1.7303,
    "multiclassification_loss": 0.0,
    "ortho_loss": 0.0,
    "pearson": 0.5998,
    "regression_loss": 1.7318,
    "rm2": 0.3268,
    "rmse": 1.3154,
    "sd": 1.2458,
    "spearman": 0.5893,
    "spectral_loss": 0.0
}
                              
Test Results: {
    "ci": 0.7145,
    "classification_loss": 0.0,
    "cluster_loss": 0.0,
    "mae": 0.9259,
    "mse": 1.5198,
    "multiclassification_loss": 0.0,
    "ortho_loss": 0.0,
    "pearson": 0.612,
    "regression_loss": 1.519,
    "rm2": 0.3349,
    "rmse": 1.2328,
    "sd": 1.2027,
    "spearman": 0.5967,
    "spectral_loss": 0.0
}
                              
                              
----------------------------------------
Epoch 049 with LR 0.000100: Model Results
----------------------------------------
Train MSE Loss: 0.3119, Train CLS Loss: 0.0000, Train MCLS Loss: 0.0000
Protein Cluster Region Loss - Ortho Loss: 0.0000, Cluster Loss: 0.0000
                              
Validation Results: {
    "ci": 0.7142,
    "classification_loss": 0.0,
    "cluster_loss": 0.0,
    "mae": 0.9451,
    "mse": 1.7562,
    "multiclassification_loss": 0.0,
    "ortho_loss": 0.0,
    "pearson": 0.5937,
    "regression_loss": 1.7577,
    "rm2": 0.3217,
    "rmse": 1.3252,
    "sd": 1.2529,
    "spearman": 0.5839,
    "spectral_loss": 0.0
}
                              
Test Results: {
    "ci": 0.7145,
    "classification_loss": 0.0,
    "cluster_loss": 0.0,
    "mae": 0.9259,
    "mse": 1.5198,
    "multiclassification_loss": 0.0,
    "ortho_loss": 0.0,
    "pearson": 0.612,
    "regression_loss": 1.519,
    "rm2": 0.3349,
    "rmse": 1.2328,
    "sd": 1.2027,
    "spearman": 0.5967,
    "spectral_loss": 0.0
}
                              
                              
----------------------------------------
Epoch 050 with LR 0.000100: Model Results
----------------------------------------
Train MSE Loss: 0.3052, Train CLS Loss: 0.0000, Train MCLS Loss: 0.0000
Protein Cluster Region Loss - Ortho Loss: 0.0000, Cluster Loss: 0.0000
                              
Validation Results: {
    "ci": 0.7147,
    "classification_loss": 0.0,
    "cluster_loss": 0.0,
    "mae": 0.9375,
    "mse": 1.726,
    "multiclassification_loss": 0.0,
    "ortho_loss": 0.0,
    "pearson": 0.5963,
    "regression_loss": 1.7277,
    "rm2": 0.3236,
    "rmse": 1.3138,
    "sd": 1.2498,
    "spearman": 0.5852,
    "spectral_loss": 0.0
}
                              
Test Results: {
    "ci": 0.7145,
    "classification_loss": 0.0,
    "cluster_loss": 0.0,
    "mae": 0.9259,
    "mse": 1.5198,
    "multiclassification_loss": 0.0,
    "ortho_loss": 0.0,
    "pearson": 0.612,
    "regression_loss": 1.519,
    "rm2": 0.3349,
    "rmse": 1.2328,
    "sd": 1.2027,
    "spearman": 0.5967,
    "spectral_loss": 0.0
}
[SWA] discarding averaged weights: rmse=1.262000179496305 vs best per-epoch 1.1902
[best epoch] epoch=16, best_rmse=1.1902, lr_at_best=1.000e-04
                              
                              
----------------------------------------
Epoch 050 with LR 0.000100: Model Results
----------------------------------------
Train MSE Loss: 0.3052, Train CLS Loss: 0.0000, Train MCLS Loss: 0.0000
Protein Cluster Region Loss - Ortho Loss: 0.0000, Cluster Loss: 0.0000
                              
Validation Results: {
    "ci": 0.7147,
    "classification_loss": 0.0,
    "cluster_loss": 0.0,
    "mae": 0.9375,
    "mse": 1.726,
    "multiclassification_loss": 0.0,
    "ortho_loss": 0.0,
    "pearson": 0.5963,
    "regression_loss": 1.7277,
    "rm2": 0.3236,
    "rmse": 1.3138,
    "sd": 1.2498,
    "spearman": 0.5852,
    "spectral_loss": 0.0
}
                              
Test Results: {
    "ci": 0.7145,
    "classification_loss": 0.0,
    "cluster_loss": 0.0,
    "mae": 0.9259,
    "mse": 1.5198,
    "multiclassification_loss": 0.0,
    "ortho_loss": 0.0,
    "pearson": 0.612,
    "regression_loss": 1.519,
    "rm2": 0.3349,
    "rmse": 1.2328,
    "sd": 1.2027,
    "spearman": 0.5967,
    "spectral_loss": 0.0
}
Final test metrics: rmse=1.2328, pearson=0.6120, r2_proxy(mse)=1.5198
Done. Predictions: /sc/arion/projects/DiseaseGeneCell/Huang_lab_project/wangcDrugRepoProject/TRACE_Kin_Results_v3_molformer_ctx/EITLEM_dataset/EITLEM_kcat_ProteinCLIP_embedding_cold_protein/test_prediction_seed1.csv; checkpoint: /sc/arion/projects/DiseaseGeneCell/Huang_lab_project/wangcDrugRepoProject/TRACE_Kin_Results_v3_molformer_ctx/EITLEM_dataset/EITLEM_kcat_ProteinCLIP_embedding_cold_protein/save_model_seed1/model.pt

==========================================
Array task 10/10: OK (EITLEM_kcat_ProteinCLIP_embedding_cold_protein)
==========================================


PS:

Read file <242891575.10.stderr> for stderr output of this job.

