Sender: LSF System <lsfadmin@lg03e13>
Subject: Job 242891575[6]: <trace_kin_v3_perfolder_s1[1-10]> in cluster <chimera> Done

Job <trace_kin_v3_perfolder_s1[1-10]> was submitted from host <li04e01> by user <wangc40> in cluster <chimera> at Sun May 10 18:57:40 2026
Job was executed on host(s) <16*lg03e13>, in queue <gpu>, as user <wangc40> in cluster <chimera> at Sun May 10 18:57:45 2026
</hpc/users/wangc40> was used as the home directory.
</sc/arion/projects/DiseaseGeneCell/Huang_lab_project/wangcDrugRepoProject/TRACE-Kin> was used as the working directory.
Started at Sun May 10 18:57:45 2026
Terminated at Sun May 10 20:04:56 2026
Results reported at Sun May 10 20:04:56 2026

Your job looked like:

------------------------------------------------------------
# LSBATCH: User input
#!/bin/bash
#BSUB -J trace_kin_v3_perfolder_s1[1-10]
#BSUB -P acc_DiseaseGeneCell
#BSUB -q gpu
#BSUB -R h100nvl
#BSUB -gpu num=1
#BSUB -n 16
#BSUB -R "rusage[mem=8000]"
#BSUB -R "span[hosts=1]"
#BSUB -W 48:00
#BSUB -o %J.%I.stdout
#BSUB -eo %J.%I.stderr
#BSUB -L /bin/bash

# =============================================================================
# TRACE-Kin v3 PER-FOLDER + MoLFormer-XL context — top-10 RF-gap cells
# =============================================================================
# Submit with:
#     bsub < training/run_v3_perfolder_s1.lsf
#
# Per-folder evaluation: each (dataset × kinetic × split) cell gets its own
# v3 model trained ONLY on that folder's train.parquet, tested on that
# folder's test.parquet. NO cross-dataset pooling — avoids the leakage
# concern that pool-train rows could contaminate primary-test keys.
#
# v3 = v1 GNN backbone + MoLFormer-XL (768) projected to hidden_channels
# and added as a global-graph-context residual to mol_pool, before a
# fresh regression head. Molecular embeddings are computed live by
# MoLFormer-XL (not read from a pre-computed parquet column) and cached
# at <datafolder>/molformer_emb.pt so all 3 seeds share the compute.
#
# SWA is enabled (start at 50% of training, swa_lr=10x lower) to average
# weights over the noisy val plateau. Single-best-epoch checkpoint
# selection was picking lucky early dips driven by small-val-set noise.
# Patience disabled so SWA's averaging window has room to build.
#
# Cells: the 10 (out of 27) where the historical PSICHIC-vs-RF gap is
# largest, derived from data/benchmark/kinetic_regress_benchmark_clean.csv.
# These are the cells the ChemBERT cutover is most likely to move. The
# embedding per cell is the one with the LOWEST RF baseline RMSE in the
# benchmark (= the hardest fair test for v3). All 5 kinetics, all 3 splits,
# and all 4 source datasets are represented.
#
# Ordered by descending RF-gap (PSICHIC RMSE − RF RMSE):
#   1. EITLEM   kcat_km cold_drug    ESMv1       gap +0.135
#   2. catpred  kcat    random       ESMv1       gap +0.130
#   3. inhouse  Kd      random       ESMv1       gap +0.115
#   4. EITLEM   kcat_km random       ESM2        gap +0.098
#   5. EITLEM   kcat    cold_drug    ESM2        gap +0.093
#   6. MPEK     kcat    cold_protein ProteinCLIP gap +0.092

(... more ...)
------------------------------------------------------------

Successfully completed.

Resource usage summary:

    CPU time :                                   3994.00 sec.
    Max Memory :                                 6649 MB
    Average Memory :                             6580.19 MB
    Total Requested Memory :                     128000.00 MB
    Delta Memory :                               121351.00 MB
    Max Swap :                                   -
    Max Processes :                              6
    Max Threads :                                23
    Run time :                                   4031 sec.
    Turnaround time :                            4036 sec.

The output (if any) follows:

==========================================
TRACE-Kin v3 PER-FOLDER task 6/10
==========================================
Date:        Sun May 10 18:57:49 EDT 2026
Dataset:     /sc/arion/projects/DiseaseGeneCell/Huang_lab_project/drug_discovery/output/data/enzyme_embeddings_dataset/MPEK_dataset/MPEK_kcat_ProteinCLIP_embedding_cold_protein
Result:      /sc/arion/projects/DiseaseGeneCell/Huang_lab_project/wangcDrugRepoProject/TRACE_Kin_Results_v3_molformer_ctx/MPEK_dataset/MPEK_kcat_ProteinCLIP_embedding_cold_protein
Config:      training/config_v3.json
Pool CSVs:   (none — per-folder)
Model:       v3 (per-folder, no pool, MoLFormer-XL context residual, SWA, best embedding by RF baseline)
MoLFormer:   /sc/arion/projects/DiseaseGeneCell/Huang_lab_project/wangcDrugRepoProject/transformersmodels/ibm/MoLFormer-XL-both-10pct
Epochs:      50, batch=16, seed=1, lr=1e-4
==========================================
Python 3.12.2
Python: /sc/arion/work/wangc40/test-env/envs/test/bin/python
CUDA device: NVIDIA H100 80GB HBM3, sm_90
============================================================
TRACE-Kin training
============================================================
Datafolder:        /sc/arion/projects/DiseaseGeneCell/Huang_lab_project/drug_discovery/output/data/enzyme_embeddings_dataset/MPEK_dataset/MPEK_kcat_ProteinCLIP_embedding_cold_protein
Result path:       /sc/arion/projects/DiseaseGeneCell/Huang_lab_project/wangcDrugRepoProject/TRACE_Kin_Results_v3_molformer_ctx/MPEK_dataset/MPEK_kcat_ProteinCLIP_embedding_cold_protein
Config:            training/config_v3.json
Pool train CSVs:   (none)
============================================================
Loading primary train: /sc/arion/projects/DiseaseGeneCell/Huang_lab_project/drug_discovery/output/data/enzyme_embeddings_dataset/MPEK_dataset/MPEK_kcat_ProteinCLIP_embedding_cold_protein/train.parquet
Loading primary test: /sc/arion/projects/DiseaseGeneCell/Huang_lab_project/drug_discovery/output/data/enzyme_embeddings_dataset/MPEK_dataset/MPEK_kcat_ProteinCLIP_embedding_cold_protein/test.parquet
Loading primary val: /sc/arion/projects/DiseaseGeneCell/Huang_lab_project/drug_discovery/output/data/enzyme_embeddings_dataset/MPEK_dataset/MPEK_kcat_ProteinCLIP_embedding_cold_protein/val.parquet
Detected prot_evo_channels = 128
seq2feat: 6594 unique sequences.
Loading MoLFormer-XL from /sc/arion/projects/DiseaseGeneCell/Huang_lab_project/wangcDrugRepoProject/transformersmodels/ibm/MoLFormer-XL-both-10pct
Computing MoLFormer embeddings for 2788 unique SMILES (batch_size=64)
  embedded 64/2788
  embedded 1344/2788
  embedded 2624/2788
Saved MoLFormer cache: /sc/arion/projects/DiseaseGeneCell/Huang_lab_project/drug_discovery/output/data/enzyme_embeddings_dataset/MPEK_dataset/MPEK_kcat_ProteinCLIP_embedding_cold_protein/molformer_emb.pt (2788 SMILES)
MoLFormer embeddings: 2788 unique SMILES, dim=768
model_version: v3, use_swa: True
Building protein graphs from scratch (this can be slow)...
Building ligand graphs from scratch...
loaders ready: train=788 test=227 val=105
Computing PNA degrees from training data...
Built TraceKinV3 with 5,644,722 parameters
[SWA] enabled: start_epoch=25, swa_lr=1.000e-05
[LR schedule] schedule_lr=False, lrate=0.0001, min_lrate=0, warmup_iters=0, lr_decay_iters=39400, total_iters=39400
Not in terminal, reprint now using normal build-in print function.
                              
                              
----------------------------------------
Epoch 001 with LR 0.000100: Model Results
----------------------------------------
Train MSE Loss: 1.9190, Train CLS Loss: 0.0000, Train MCLS Loss: 0.0000
Protein Cluster Region Loss - Ortho Loss: 0.0000, Cluster Loss: 0.0000
                              
Validation Results: {
    "ci": 0.6621,
    "classification_loss": 0.0,
    "cluster_loss": 0.0,
    "mae": 1.0435,
    "mse": 1.8337,
    "multiclassification_loss": 0.0,
    "ortho_loss": 0.0,
    "pearson": 0.4443,
    "regression_loss": 1.8365,
    "rm2": 0.1872,
    "rmse": 1.3541,
    "sd": 1.3483,
    "spearman": 0.4627,
    "spectral_loss": 0.0
}
                              
Test Results: {
    "ci": 0.6577,
    "classification_loss": 0.0,
    "cluster_loss": 0.0,
    "mae": 1.0424,
    "mse": 1.8126,
    "multiclassification_loss": 0.0,
    "ortho_loss": 0.0,
    "pearson": 0.4652,
    "regression_loss": 1.8142,
    "rm2": 0.1989,
    "rmse": 1.3463,
    "sd": 1.3324,
    "spearman": 0.4481,
    "spectral_loss": 0.0
}
                              
                              
----------------------------------------
Epoch 002 with LR 0.000100: Model Results
----------------------------------------
Train MSE Loss: 1.5546, Train CLS Loss: 0.0000, Train MCLS Loss: 0.0000
Protein Cluster Region Loss - Ortho Loss: 0.0000, Cluster Loss: 0.0000
                              
Validation Results: {
    "ci": 0.6751,
    "classification_loss": 0.0,
    "cluster_loss": 0.0,
    "mae": 1.017,
    "mse": 1.7635,
    "multiclassification_loss": 0.0,
    "ortho_loss": 0.0,
    "pearson": 0.4811,
    "regression_loss": 1.7677,
    "rm2": 0.2155,
    "rmse": 1.328,
    "sd": 1.3194,
    "spearman": 0.4952,
    "spectral_loss": 0.0
}
                              
Test Results: {
    "ci": 0.6826,
    "classification_loss": 0.0,
    "cluster_loss": 0.0,
    "mae": 0.9952,
    "mse": 1.6685,
    "multiclassification_loss": 0.0,
    "ortho_loss": 0.0,
    "pearson": 0.524,
    "regression_loss": 1.6687,
    "rm2": 0.2539,
    "rmse": 1.2917,
    "sd": 1.282,
    "spearman": 0.5144,
    "spectral_loss": 0.0
}
                              
                              
----------------------------------------
Epoch 003 with LR 0.000100: Model Results
----------------------------------------
Train MSE Loss: 1.3333, Train CLS Loss: 0.0000, Train MCLS Loss: 0.0000
Protein Cluster Region Loss - Ortho Loss: 0.0000, Cluster Loss: 0.0000
                              
Validation Results: {
    "ci": 0.6949,
    "classification_loss": 0.0,
    "cluster_loss": 0.0,
    "mae": 0.9569,
    "mse": 1.6345,
    "multiclassification_loss": 0.0,
    "ortho_loss": 0.0,
    "pearson": 0.5331,
    "regression_loss": 1.6374,
    "rm2": 0.2692,
    "rmse": 1.2785,
    "sd": 1.2733,
    "spearman": 0.5424,
    "spectral_loss": 0.0
}
                              
Test Results: {
    "ci": 0.7,
    "classification_loss": 0.0,
    "cluster_loss": 0.0,
    "mae": 0.9517,
    "mse": 1.5435,
    "multiclassification_loss": 0.0,
    "ortho_loss": 0.0,
    "pearson": 0.5703,
    "regression_loss": 1.5459,
    "rm2": 0.3082,
    "rmse": 1.2424,
    "sd": 1.2365,
    "spearman": 0.5539,
    "spectral_loss": 0.0
}
                              
                              
----------------------------------------
Epoch 004 with LR 0.000100: Model Results
----------------------------------------
Train MSE Loss: 1.1894, Train CLS Loss: 0.0000, Train MCLS Loss: 0.0000
Protein Cluster Region Loss - Ortho Loss: 0.0000, Cluster Loss: 0.0000
                              
Validation Results: {
    "ci": 0.7024,
    "classification_loss": 0.0,
    "cluster_loss": 0.0,
    "mae": 0.9777,
    "mse": 1.7139,
    "multiclassification_loss": 0.0,
    "ortho_loss": 0.0,
    "pearson": 0.5371,
    "regression_loss": 1.7194,
    "rm2": 0.2518,
    "rmse": 1.3091,
    "sd": 1.2695,
    "spearman": 0.5633,
    "spectral_loss": 0.0
}
                              
Test Results: {
    "ci": 0.7,
    "classification_loss": 0.0,
    "cluster_loss": 0.0,
    "mae": 0.9517,
    "mse": 1.5435,
    "multiclassification_loss": 0.0,
    "ortho_loss": 0.0,
    "pearson": 0.5703,
    "regression_loss": 1.5459,
    "rm2": 0.3082,
    "rmse": 1.2424,
    "sd": 1.2365,
    "spearman": 0.5539,
    "spectral_loss": 0.0
}
                              
                              
----------------------------------------
Epoch 005 with LR 0.000100: Model Results
----------------------------------------
Train MSE Loss: 1.0924, Train CLS Loss: 0.0000, Train MCLS Loss: 0.0000
Protein Cluster Region Loss - Ortho Loss: 0.0000, Cluster Loss: 0.0000
                              
Validation Results: {
    "ci": 0.6971,
    "classification_loss": 0.0,
    "cluster_loss": 0.0,
    "mae": 0.9562,
    "mse": 1.6037,
    "multiclassification_loss": 0.0,
    "ortho_loss": 0.0,
    "pearson": 0.5479,
    "regression_loss": 1.6075,
    "rm2": 0.2807,
    "rmse": 1.2664,
    "sd": 1.259,
    "spearman": 0.5506,
    "spectral_loss": 0.0
}
                              
Test Results: {
    "ci": 0.7006,
    "classification_loss": 0.0,
    "cluster_loss": 0.0,
    "mae": 0.956,
    "mse": 1.5386,
    "multiclassification_loss": 0.0,
    "ortho_loss": 0.0,
    "pearson": 0.5757,
    "regression_loss": 1.5411,
    "rm2": 0.306,
    "rmse": 1.2404,
    "sd": 1.2308,
    "spearman": 0.5593,
    "spectral_loss": 0.0
}
                              
                              
----------------------------------------
Epoch 006 with LR 0.000100: Model Results
----------------------------------------
Train MSE Loss: 1.0229, Train CLS Loss: 0.0000, Train MCLS Loss: 0.0000
Protein Cluster Region Loss - Ortho Loss: 0.0000, Cluster Loss: 0.0000
                              
Validation Results: {
    "ci": 0.7001,
    "classification_loss": 0.0,
    "cluster_loss": 0.0,
    "mae": 0.94,
    "mse": 1.7344,
    "multiclassification_loss": 0.0,
    "ortho_loss": 0.0,
    "pearson": 0.5483,
    "regression_loss": 1.7348,
    "rm2": 0.29,
    "rmse": 1.317,
    "sd": 1.2586,
    "spearman": 0.5534,
    "spectral_loss": 0.0
}
                              
Test Results: {
    "ci": 0.7006,
    "classification_loss": 0.0,
    "cluster_loss": 0.0,
    "mae": 0.956,
    "mse": 1.5386,
    "multiclassification_loss": 0.0,
    "ortho_loss": 0.0,
    "pearson": 0.5757,
    "regression_loss": 1.5411,
    "rm2": 0.306,
    "rmse": 1.2404,
    "sd": 1.2308,
    "spearman": 0.5593,
    "spectral_loss": 0.0
}
                              
                              
----------------------------------------
Epoch 007 with LR 0.000100: Model Results
----------------------------------------
Train MSE Loss: 0.9521, Train CLS Loss: 0.0000, Train MCLS Loss: 0.0000
Protein Cluster Region Loss - Ortho Loss: 0.0000, Cluster Loss: 0.0000
                              
Validation Results: {
    "ci": 0.6978,
    "classification_loss": 0.0,
    "cluster_loss": 0.0,
    "mae": 0.9421,
    "mse": 1.64,
    "multiclassification_loss": 0.0,
    "ortho_loss": 0.0,
    "pearson": 0.5478,
    "regression_loss": 1.6444,
    "rm2": 0.2766,
    "rmse": 1.2806,
    "sd": 1.2591,
    "spearman": 0.5496,
    "spectral_loss": 0.0
}
                              
Test Results: {
    "ci": 0.7006,
    "classification_loss": 0.0,
    "cluster_loss": 0.0,
    "mae": 0.956,
    "mse": 1.5386,
    "multiclassification_loss": 0.0,
    "ortho_loss": 0.0,
    "pearson": 0.5757,
    "regression_loss": 1.5411,
    "rm2": 0.306,
    "rmse": 1.2404,
    "sd": 1.2308,
    "spearman": 0.5593,
    "spectral_loss": 0.0
}
                              
                              
----------------------------------------
Epoch 008 with LR 0.000100: Model Results
----------------------------------------
Train MSE Loss: 0.9146, Train CLS Loss: 0.0000, Train MCLS Loss: 0.0000
Protein Cluster Region Loss - Ortho Loss: 0.0000, Cluster Loss: 0.0000
                              
Validation Results: {
    "ci": 0.6963,
    "classification_loss": 0.0,
    "cluster_loss": 0.0,
    "mae": 0.9281,
    "mse": 1.6762,
    "multiclassification_loss": 0.0,
    "ortho_loss": 0.0,
    "pearson": 0.537,
    "regression_loss": 1.6782,
    "rm2": 0.2788,
    "rmse": 1.2947,
    "sd": 1.2696,
    "spearman": 0.5439,
    "spectral_loss": 0.0
}
                              
Test Results: {
    "ci": 0.7006,
    "classification_loss": 0.0,
    "cluster_loss": 0.0,
    "mae": 0.956,
    "mse": 1.5386,
    "multiclassification_loss": 0.0,
    "ortho_loss": 0.0,
    "pearson": 0.5757,
    "regression_loss": 1.5411,
    "rm2": 0.306,
    "rmse": 1.2404,
    "sd": 1.2308,
    "spearman": 0.5593,
    "spectral_loss": 0.0
}
                              
                              
----------------------------------------
Epoch 009 with LR 0.000100: Model Results
----------------------------------------
Train MSE Loss: 0.8818, Train CLS Loss: 0.0000, Train MCLS Loss: 0.0000
Protein Cluster Region Loss - Ortho Loss: 0.0000, Cluster Loss: 0.0000
                              
Validation Results: {
    "ci": 0.6986,
    "classification_loss": 0.0,
    "cluster_loss": 0.0,
    "mae": 0.9624,
    "mse": 1.6392,
    "multiclassification_loss": 0.0,
    "ortho_loss": 0.0,
    "pearson": 0.5646,
    "regression_loss": 1.6455,
    "rm2": 0.2713,
    "rmse": 1.2803,
    "sd": 1.2422,
    "spearman": 0.5535,
    "spectral_loss": 0.0
}
                              
Test Results: {
    "ci": 0.7006,
    "classification_loss": 0.0,
    "cluster_loss": 0.0,
    "mae": 0.956,
    "mse": 1.5386,
    "multiclassification_loss": 0.0,
    "ortho_loss": 0.0,
    "pearson": 0.5757,
    "regression_loss": 1.5411,
    "rm2": 0.306,
    "rmse": 1.2404,
    "sd": 1.2308,
    "spearman": 0.5593,
    "spectral_loss": 0.0
}
                              
                              
----------------------------------------
Epoch 010 with LR 0.000100: Model Results
----------------------------------------
Train MSE Loss: 0.8524, Train CLS Loss: 0.0000, Train MCLS Loss: 0.0000
Protein Cluster Region Loss - Ortho Loss: 0.0000, Cluster Loss: 0.0000
                              
Validation Results: {
    "ci": 0.6942,
    "classification_loss": 0.0,
    "cluster_loss": 0.0,
    "mae": 0.9753,
    "mse": 1.6799,
    "multiclassification_loss": 0.0,
    "ortho_loss": 0.0,
    "pearson": 0.5507,
    "regression_loss": 1.6858,
    "rm2": 0.257,
    "rmse": 1.2961,
    "sd": 1.2562,
    "spearman": 0.539,
    "spectral_loss": 0.0
}
                              
Test Results: {
    "ci": 0.7006,
    "classification_loss": 0.0,
    "cluster_loss": 0.0,
    "mae": 0.956,
    "mse": 1.5386,
    "multiclassification_loss": 0.0,
    "ortho_loss": 0.0,
    "pearson": 0.5757,
    "regression_loss": 1.5411,
    "rm2": 0.306,
    "rmse": 1.2404,
    "sd": 1.2308,
    "spearman": 0.5593,
    "spectral_loss": 0.0
}
                              
                              
----------------------------------------
Epoch 011 with LR 0.000100: Model Results
----------------------------------------
Train MSE Loss: 0.8285, Train CLS Loss: 0.0000, Train MCLS Loss: 0.0000
Protein Cluster Region Loss - Ortho Loss: 0.0000, Cluster Loss: 0.0000
                              
Validation Results: {
    "ci": 0.6954,
    "classification_loss": 0.0,
    "cluster_loss": 0.0,
    "mae": 0.9967,
    "mse": 1.7944,
    "multiclassification_loss": 0.0,
    "ortho_loss": 0.0,
    "pearson": 0.5424,
    "regression_loss": 1.801,
    "rm2": 0.2442,
    "rmse": 1.3395,
    "sd": 1.2644,
    "spearman": 0.5403,
    "spectral_loss": 0.0
}
                              
Test Results: {
    "ci": 0.7006,
    "classification_loss": 0.0,
    "cluster_loss": 0.0,
    "mae": 0.956,
    "mse": 1.5386,
    "multiclassification_loss": 0.0,
    "ortho_loss": 0.0,
    "pearson": 0.5757,
    "regression_loss": 1.5411,
    "rm2": 0.306,
    "rmse": 1.2404,
    "sd": 1.2308,
    "spearman": 0.5593,
    "spectral_loss": 0.0
}
                              
                              
----------------------------------------
Epoch 012 with LR 0.000100: Model Results
----------------------------------------
Train MSE Loss: 0.8003, Train CLS Loss: 0.0000, Train MCLS Loss: 0.0000
Protein Cluster Region Loss - Ortho Loss: 0.0000, Cluster Loss: 0.0000
                              
Validation Results: {
    "ci": 0.7057,
    "classification_loss": 0.0,
    "cluster_loss": 0.0,
    "mae": 0.9278,
    "mse": 1.6869,
    "multiclassification_loss": 0.0,
    "ortho_loss": 0.0,
    "pearson": 0.5565,
    "regression_loss": 1.6878,
    "rm2": 0.2834,
    "rmse": 1.2988,
    "sd": 1.2504,
    "spearman": 0.5664,
    "spectral_loss": 0.0
}
                              
Test Results: {
    "ci": 0.7006,
    "classification_loss": 0.0,
    "cluster_loss": 0.0,
    "mae": 0.956,
    "mse": 1.5386,
    "multiclassification_loss": 0.0,
    "ortho_loss": 0.0,
    "pearson": 0.5757,
    "regression_loss": 1.5411,
    "rm2": 0.306,
    "rmse": 1.2404,
    "sd": 1.2308,
    "spearman": 0.5593,
    "spectral_loss": 0.0
}
                              
                              
----------------------------------------
Epoch 013 with LR 0.000100: Model Results
----------------------------------------
Train MSE Loss: 0.7740, Train CLS Loss: 0.0000, Train MCLS Loss: 0.0000
Protein Cluster Region Loss - Ortho Loss: 0.0000, Cluster Loss: 0.0000
                              
Validation Results: {
    "ci": 0.7117,
    "classification_loss": 0.0,
    "cluster_loss": 0.0,
    "mae": 0.9146,
    "mse": 1.6126,
    "multiclassification_loss": 0.0,
    "ortho_loss": 0.0,
    "pearson": 0.587,
    "regression_loss": 1.6164,
    "rm2": 0.3137,
    "rmse": 1.2699,
    "sd": 1.2184,
    "spearman": 0.5791,
    "spectral_loss": 0.0
}
                              
Test Results: {
    "ci": 0.7006,
    "classification_loss": 0.0,
    "cluster_loss": 0.0,
    "mae": 0.956,
    "mse": 1.5386,
    "multiclassification_loss": 0.0,
    "ortho_loss": 0.0,
    "pearson": 0.5757,
    "regression_loss": 1.5411,
    "rm2": 0.306,
    "rmse": 1.2404,
    "sd": 1.2308,
    "spearman": 0.5593,
    "spectral_loss": 0.0
}
                              
                              
----------------------------------------
Epoch 014 with LR 0.000100: Model Results
----------------------------------------
Train MSE Loss: 0.7511, Train CLS Loss: 0.0000, Train MCLS Loss: 0.0000
Protein Cluster Region Loss - Ortho Loss: 0.0000, Cluster Loss: 0.0000
                              
Validation Results: {
    "ci": 0.6984,
    "classification_loss": 0.0,
    "cluster_loss": 0.0,
    "mae": 0.9317,
    "mse": 1.6188,
    "multiclassification_loss": 0.0,
    "ortho_loss": 0.0,
    "pearson": 0.558,
    "regression_loss": 1.6217,
    "rm2": 0.2837,
    "rmse": 1.2723,
    "sd": 1.2489,
    "spearman": 0.5487,
    "spectral_loss": 0.0
}
                              
Test Results: {
    "ci": 0.7006,
    "classification_loss": 0.0,
    "cluster_loss": 0.0,
    "mae": 0.956,
    "mse": 1.5386,
    "multiclassification_loss": 0.0,
    "ortho_loss": 0.0,
    "pearson": 0.5757,
    "regression_loss": 1.5411,
    "rm2": 0.306,
    "rmse": 1.2404,
    "sd": 1.2308,
    "spearman": 0.5593,
    "spectral_loss": 0.0
}
                              
                              
----------------------------------------
Epoch 015 with LR 0.000100: Model Results
----------------------------------------
Train MSE Loss: 0.7293, Train CLS Loss: 0.0000, Train MCLS Loss: 0.0000
Protein Cluster Region Loss - Ortho Loss: 0.0000, Cluster Loss: 0.0000
                              
Validation Results: {
    "ci": 0.6955,
    "classification_loss": 0.0,
    "cluster_loss": 0.0,
    "mae": 0.9275,
    "mse": 1.6188,
    "multiclassification_loss": 0.0,
    "ortho_loss": 0.0,
    "pearson": 0.5573,
    "regression_loss": 1.6242,
    "rm2": 0.2844,
    "rmse": 1.2723,
    "sd": 1.2496,
    "spearman": 0.5398,
    "spectral_loss": 0.0
}
                              
Test Results: {
    "ci": 0.7006,
    "classification_loss": 0.0,
    "cluster_loss": 0.0,
    "mae": 0.956,
    "mse": 1.5386,
    "multiclassification_loss": 0.0,
    "ortho_loss": 0.0,
    "pearson": 0.5757,
    "regression_loss": 1.5411,
    "rm2": 0.306,
    "rmse": 1.2404,
    "sd": 1.2308,
    "spearman": 0.5593,
    "spectral_loss": 0.0
}
                              
                              
----------------------------------------
Epoch 016 with LR 0.000100: Model Results
----------------------------------------
Train MSE Loss: 0.7278, Train CLS Loss: 0.0000, Train MCLS Loss: 0.0000
Protein Cluster Region Loss - Ortho Loss: 0.0000, Cluster Loss: 0.0000
                              
Validation Results: {
    "ci": 0.6988,
    "classification_loss": 0.0,
    "cluster_loss": 0.0,
    "mae": 0.926,
    "mse": 1.6407,
    "multiclassification_loss": 0.0,
    "ortho_loss": 0.0,
    "pearson": 0.5561,
    "regression_loss": 1.6407,
    "rm2": 0.2949,
    "rmse": 1.2809,
    "sd": 1.2508,
    "spearman": 0.5516,
    "spectral_loss": 0.0
}
                              
Test Results: {
    "ci": 0.7006,
    "classification_loss": 0.0,
    "cluster_loss": 0.0,
    "mae": 0.956,
    "mse": 1.5386,
    "multiclassification_loss": 0.0,
    "ortho_loss": 0.0,
    "pearson": 0.5757,
    "regression_loss": 1.5411,
    "rm2": 0.306,
    "rmse": 1.2404,
    "sd": 1.2308,
    "spearman": 0.5593,
    "spectral_loss": 0.0
}
                              
                              
----------------------------------------
Epoch 017 with LR 0.000100: Model Results
----------------------------------------
Train MSE Loss: 0.7037, Train CLS Loss: 0.0000, Train MCLS Loss: 0.0000
Protein Cluster Region Loss - Ortho Loss: 0.0000, Cluster Loss: 0.0000
                              
Validation Results: {
    "ci": 0.6911,
    "classification_loss": 0.0,
    "cluster_loss": 0.0,
    "mae": 0.9843,
    "mse": 1.7751,
    "multiclassification_loss": 0.0,
    "ortho_loss": 0.0,
    "pearson": 0.5425,
    "regression_loss": 1.7762,
    "rm2": 0.246,
    "rmse": 1.3323,
    "sd": 1.2643,
    "spearman": 0.5278,
    "spectral_loss": 0.0
}
                              
Test Results: {
    "ci": 0.7006,
    "classification_loss": 0.0,
    "cluster_loss": 0.0,
    "mae": 0.956,
    "mse": 1.5386,
    "multiclassification_loss": 0.0,
    "ortho_loss": 0.0,
    "pearson": 0.5757,
    "regression_loss": 1.5411,
    "rm2": 0.306,
    "rmse": 1.2404,
    "sd": 1.2308,
    "spearman": 0.5593,
    "spectral_loss": 0.0
}
                              
                              
----------------------------------------
Epoch 018 with LR 0.000100: Model Results
----------------------------------------
Train MSE Loss: 0.6953, Train CLS Loss: 0.0000, Train MCLS Loss: 0.0000
Protein Cluster Region Loss - Ortho Loss: 0.0000, Cluster Loss: 0.0000
                              
Validation Results: {
    "ci": 0.7071,
    "classification_loss": 0.0,
    "cluster_loss": 0.0,
    "mae": 0.9098,
    "mse": 1.5721,
    "multiclassification_loss": 0.0,
    "ortho_loss": 0.0,
    "pearson": 0.5805,
    "regression_loss": 1.5734,
    "rm2": 0.3361,
    "rmse": 1.2538,
    "sd": 1.2255,
    "spearman": 0.5696,
    "spectral_loss": 0.0
}
                              
Test Results: {
    "ci": 0.7135,
    "classification_loss": 0.0,
    "cluster_loss": 0.0,
    "mae": 0.9102,
    "mse": 1.5072,
    "multiclassification_loss": 0.0,
    "ortho_loss": 0.0,
    "pearson": 0.6043,
    "regression_loss": 1.5101,
    "rm2": 0.3597,
    "rmse": 1.2277,
    "sd": 1.1993,
    "spearman": 0.5917,
    "spectral_loss": 0.0
}
                              
                              
----------------------------------------
Epoch 019 with LR 0.000100: Model Results
----------------------------------------
Train MSE Loss: 0.6764, Train CLS Loss: 0.0000, Train MCLS Loss: 0.0000
Protein Cluster Region Loss - Ortho Loss: 0.0000, Cluster Loss: 0.0000
                              
Validation Results: {
    "ci": 0.7049,
    "classification_loss": 0.0,
    "cluster_loss": 0.0,
    "mae": 0.919,
    "mse": 1.6204,
    "multiclassification_loss": 0.0,
    "ortho_loss": 0.0,
    "pearson": 0.5721,
    "regression_loss": 1.6241,
    "rm2": 0.2854,
    "rmse": 1.273,
    "sd": 1.2344,
    "spearman": 0.5615,
    "spectral_loss": 0.0
}
                              
Test Results: {
    "ci": 0.7135,
    "classification_loss": 0.0,
    "cluster_loss": 0.0,
    "mae": 0.9102,
    "mse": 1.5072,
    "multiclassification_loss": 0.0,
    "ortho_loss": 0.0,
    "pearson": 0.6043,
    "regression_loss": 1.5101,
    "rm2": 0.3597,
    "rmse": 1.2277,
    "sd": 1.1993,
    "spearman": 0.5917,
    "spectral_loss": 0.0
}
                              
                              
----------------------------------------
Epoch 020 with LR 0.000100: Model Results
----------------------------------------
Train MSE Loss: 0.6586, Train CLS Loss: 0.0000, Train MCLS Loss: 0.0000
Protein Cluster Region Loss - Ortho Loss: 0.0000, Cluster Loss: 0.0000
                              
Validation Results: {
    "ci": 0.7009,
    "classification_loss": 0.0,
    "cluster_loss": 0.0,
    "mae": 0.9036,
    "mse": 1.5536,
    "multiclassification_loss": 0.0,
    "ortho_loss": 0.0,
    "pearson": 0.5685,
    "regression_loss": 1.5557,
    "rm2": 0.317,
    "rmse": 1.2465,
    "sd": 1.2381,
    "spearman": 0.5535,
    "spectral_loss": 0.0
}
                              
Test Results: {
    "ci": 0.7169,
    "classification_loss": 0.0,
    "cluster_loss": 0.0,
    "mae": 0.9003,
    "mse": 1.4503,
    "multiclassification_loss": 0.0,
    "ortho_loss": 0.0,
    "pearson": 0.608,
    "regression_loss": 1.4533,
    "rm2": 0.3672,
    "rmse": 1.2043,
    "sd": 1.1951,
    "spearman": 0.6011,
    "spectral_loss": 0.0
}
                              
                              
----------------------------------------
Epoch 021 with LR 0.000100: Model Results
----------------------------------------
Train MSE Loss: 0.6503, Train CLS Loss: 0.0000, Train MCLS Loss: 0.0000
Protein Cluster Region Loss - Ortho Loss: 0.0000, Cluster Loss: 0.0000
                              
Validation Results: {
    "ci": 0.7038,
    "classification_loss": 0.0,
    "cluster_loss": 0.0,
    "mae": 0.9478,
    "mse": 1.6955,
    "multiclassification_loss": 0.0,
    "ortho_loss": 0.0,
    "pearson": 0.5699,
    "regression_loss": 1.702,
    "rm2": 0.2767,
    "rmse": 1.3021,
    "sd": 1.2367,
    "spearman": 0.5594,
    "spectral_loss": 0.0
}
                              
Test Results: {
    "ci": 0.7169,
    "classification_loss": 0.0,
    "cluster_loss": 0.0,
    "mae": 0.9003,
    "mse": 1.4503,
    "multiclassification_loss": 0.0,
    "ortho_loss": 0.0,
    "pearson": 0.608,
    "regression_loss": 1.4533,
    "rm2": 0.3672,
    "rmse": 1.2043,
    "sd": 1.1951,
    "spearman": 0.6011,
    "spectral_loss": 0.0
}
                              
                              
----------------------------------------
Epoch 022 with LR 0.000100: Model Results
----------------------------------------
Train MSE Loss: 0.6313, Train CLS Loss: 0.0000, Train MCLS Loss: 0.0000
Protein Cluster Region Loss - Ortho Loss: 0.0000, Cluster Loss: 0.0000
                              
Validation Results: {
    "ci": 0.7093,
    "classification_loss": 0.0,
    "cluster_loss": 0.0,
    "mae": 0.8949,
    "mse": 1.5792,
    "multiclassification_loss": 0.0,
    "ortho_loss": 0.0,
    "pearson": 0.5852,
    "regression_loss": 1.5801,
    "rm2": 0.34,
    "rmse": 1.2566,
    "sd": 1.2204,
    "spearman": 0.5728,
    "spectral_loss": 0.0
}
                              
Test Results: {
    "ci": 0.7169,
    "classification_loss": 0.0,
    "cluster_loss": 0.0,
    "mae": 0.9003,
    "mse": 1.4503,
    "multiclassification_loss": 0.0,
    "ortho_loss": 0.0,
    "pearson": 0.608,
    "regression_loss": 1.4533,
    "rm2": 0.3672,
    "rmse": 1.2043,
    "sd": 1.1951,
    "spearman": 0.6011,
    "spectral_loss": 0.0
}
                              
                              
----------------------------------------
Epoch 023 with LR 0.000100: Model Results
----------------------------------------
Train MSE Loss: 0.6265, Train CLS Loss: 0.0000, Train MCLS Loss: 0.0000
Protein Cluster Region Loss - Ortho Loss: 0.0000, Cluster Loss: 0.0000
                              
Validation Results: {
    "ci": 0.7055,
    "classification_loss": 0.0,
    "cluster_loss": 0.0,
    "mae": 0.9167,
    "mse": 1.6274,
    "multiclassification_loss": 0.0,
    "ortho_loss": 0.0,
    "pearson": 0.569,
    "regression_loss": 1.6315,
    "rm2": 0.2853,
    "rmse": 1.2757,
    "sd": 1.2376,
    "spearman": 0.5614,
    "spectral_loss": 0.0
}
                              
Test Results: {
    "ci": 0.7169,
    "classification_loss": 0.0,
    "cluster_loss": 0.0,
    "mae": 0.9003,
    "mse": 1.4503,
    "multiclassification_loss": 0.0,
    "ortho_loss": 0.0,
    "pearson": 0.608,
    "regression_loss": 1.4533,
    "rm2": 0.3672,
    "rmse": 1.2043,
    "sd": 1.1951,
    "spearman": 0.6011,
    "spectral_loss": 0.0
}
                              
                              
----------------------------------------
Epoch 024 with LR 0.000100: Model Results
----------------------------------------
Train MSE Loss: 0.6184, Train CLS Loss: 0.0000, Train MCLS Loss: 0.0000
Protein Cluster Region Loss - Ortho Loss: 0.0000, Cluster Loss: 0.0000
                              
Validation Results: {
    "ci": 0.7017,
    "classification_loss": 0.0,
    "cluster_loss": 0.0,
    "mae": 0.9376,
    "mse": 1.6683,
    "multiclassification_loss": 0.0,
    "ortho_loss": 0.0,
    "pearson": 0.5661,
    "regression_loss": 1.6734,
    "rm2": 0.2824,
    "rmse": 1.2916,
    "sd": 1.2407,
    "spearman": 0.5546,
    "spectral_loss": 0.0
}
                              
Test Results: {
    "ci": 0.7169,
    "classification_loss": 0.0,
    "cluster_loss": 0.0,
    "mae": 0.9003,
    "mse": 1.4503,
    "multiclassification_loss": 0.0,
    "ortho_loss": 0.0,
    "pearson": 0.608,
    "regression_loss": 1.4533,
    "rm2": 0.3672,
    "rmse": 1.2043,
    "sd": 1.1951,
    "spearman": 0.6011,
    "spectral_loss": 0.0
}
                              
                              
----------------------------------------
Epoch 025 with LR 0.000100: Model Results
----------------------------------------
Train MSE Loss: 0.5985, Train CLS Loss: 0.0000, Train MCLS Loss: 0.0000
Protein Cluster Region Loss - Ortho Loss: 0.0000, Cluster Loss: 0.0000
                              
Validation Results: {
    "ci": 0.701,
    "classification_loss": 0.0,
    "cluster_loss": 0.0,
    "mae": 0.9436,
    "mse": 1.6659,
    "multiclassification_loss": 0.0,
    "ortho_loss": 0.0,
    "pearson": 0.5722,
    "regression_loss": 1.6691,
    "rm2": 0.2902,
    "rmse": 1.2907,
    "sd": 1.2343,
    "spearman": 0.5564,
    "spectral_loss": 0.0
}
                              
Test Results: {
    "ci": 0.7169,
    "classification_loss": 0.0,
    "cluster_loss": 0.0,
    "mae": 0.9003,
    "mse": 1.4503,
    "multiclassification_loss": 0.0,
    "ortho_loss": 0.0,
    "pearson": 0.608,
    "regression_loss": 1.4533,
    "rm2": 0.3672,
    "rmse": 1.2043,
    "sd": 1.1951,
    "spearman": 0.6011,
    "spectral_loss": 0.0
}
                              
                              
----------------------------------------
Epoch 026 with LR 0.000100: Model Results
----------------------------------------
Train MSE Loss: 0.5465, Train CLS Loss: 0.0000, Train MCLS Loss: 0.0000
Protein Cluster Region Loss - Ortho Loss: 0.0000, Cluster Loss: 0.0000
                              
Validation Results: {
    "ci": 0.7071,
    "classification_loss": 0.0,
    "cluster_loss": 0.0,
    "mae": 0.9138,
    "mse": 1.564,
    "multiclassification_loss": 0.0,
    "ortho_loss": 0.0,
    "pearson": 0.5864,
    "regression_loss": 1.5687,
    "rm2": 0.305,
    "rmse": 1.2506,
    "sd": 1.2191,
    "spearman": 0.5674,
    "spectral_loss": 0.0
}
                              
Test Results: {
    "ci": 0.7169,
    "classification_loss": 0.0,
    "cluster_loss": 0.0,
    "mae": 0.9003,
    "mse": 1.4503,
    "multiclassification_loss": 0.0,
    "ortho_loss": 0.0,
    "pearson": 0.608,
    "regression_loss": 1.4533,
    "rm2": 0.3672,
    "rmse": 1.2043,
    "sd": 1.1951,
    "spearman": 0.6011,
    "spectral_loss": 0.0
}
                              
                              
----------------------------------------
Epoch 027 with LR 0.000100: Model Results
----------------------------------------
Train MSE Loss: 0.4761, Train CLS Loss: 0.0000, Train MCLS Loss: 0.0000
Protein Cluster Region Loss - Ortho Loss: 0.0000, Cluster Loss: 0.0000
                              
Validation Results: {
    "ci": 0.705,
    "classification_loss": 0.0,
    "cluster_loss": 0.0,
    "mae": 0.9231,
    "mse": 1.6217,
    "multiclassification_loss": 0.0,
    "ortho_loss": 0.0,
    "pearson": 0.5776,
    "regression_loss": 1.6257,
    "rm2": 0.2943,
    "rmse": 1.2735,
    "sd": 1.2285,
    "spearman": 0.5631,
    "spectral_loss": 0.0
}
                              
Test Results: {
    "ci": 0.7169,
    "classification_loss": 0.0,
    "cluster_loss": 0.0,
    "mae": 0.9003,
    "mse": 1.4503,
    "multiclassification_loss": 0.0,
    "ortho_loss": 0.0,
    "pearson": 0.608,
    "regression_loss": 1.4533,
    "rm2": 0.3672,
    "rmse": 1.2043,
    "sd": 1.1951,
    "spearman": 0.6011,
    "spectral_loss": 0.0
}
                              
                              
----------------------------------------
Epoch 028 with LR 0.000100: Model Results
----------------------------------------
Train MSE Loss: 0.4595, Train CLS Loss: 0.0000, Train MCLS Loss: 0.0000
Protein Cluster Region Loss - Ortho Loss: 0.0000, Cluster Loss: 0.0000
                              
Validation Results: {
    "ci": 0.706,
    "classification_loss": 0.0,
    "cluster_loss": 0.0,
    "mae": 0.9226,
    "mse": 1.6378,
    "multiclassification_loss": 0.0,
    "ortho_loss": 0.0,
    "pearson": 0.5796,
    "regression_loss": 1.6418,
    "rm2": 0.2951,
    "rmse": 1.2798,
    "sd": 1.2265,
    "spearman": 0.5647,
    "spectral_loss": 0.0
}
                              
Test Results: {
    "ci": 0.7169,
    "classification_loss": 0.0,
    "cluster_loss": 0.0,
    "mae": 0.9003,
    "mse": 1.4503,
    "multiclassification_loss": 0.0,
    "ortho_loss": 0.0,
    "pearson": 0.608,
    "regression_loss": 1.4533,
    "rm2": 0.3672,
    "rmse": 1.2043,
    "sd": 1.1951,
    "spearman": 0.6011,
    "spectral_loss": 0.0
}
                              
                              
----------------------------------------
Epoch 029 with LR 0.000100: Model Results
----------------------------------------
Train MSE Loss: 0.4503, Train CLS Loss: 0.0000, Train MCLS Loss: 0.0000
Protein Cluster Region Loss - Ortho Loss: 0.0000, Cluster Loss: 0.0000
                              
Validation Results: {
    "ci": 0.7056,
    "classification_loss": 0.0,
    "cluster_loss": 0.0,
    "mae": 0.9235,
    "mse": 1.6305,
    "multiclassification_loss": 0.0,
    "ortho_loss": 0.0,
    "pearson": 0.5786,
    "regression_loss": 1.6347,
    "rm2": 0.2945,
    "rmse": 1.2769,
    "sd": 1.2275,
    "spearman": 0.5632,
    "spectral_loss": 0.0
}
                              
Test Results: {
    "ci": 0.7169,
    "classification_loss": 0.0,
    "cluster_loss": 0.0,
    "mae": 0.9003,
    "mse": 1.4503,
    "multiclassification_loss": 0.0,
    "ortho_loss": 0.0,
    "pearson": 0.608,
    "regression_loss": 1.4533,
    "rm2": 0.3672,
    "rmse": 1.2043,
    "sd": 1.1951,
    "spearman": 0.6011,
    "spectral_loss": 0.0
}
                              
                              
----------------------------------------
Epoch 030 with LR 0.000100: Model Results
----------------------------------------
Train MSE Loss: 0.4415, Train CLS Loss: 0.0000, Train MCLS Loss: 0.0000
Protein Cluster Region Loss - Ortho Loss: 0.0000, Cluster Loss: 0.0000
                              
Validation Results: {
    "ci": 0.7061,
    "classification_loss": 0.0,
    "cluster_loss": 0.0,
    "mae": 0.9265,
    "mse": 1.648,
    "multiclassification_loss": 0.0,
    "ortho_loss": 0.0,
    "pearson": 0.5792,
    "regression_loss": 1.6521,
    "rm2": 0.2935,
    "rmse": 1.2837,
    "sd": 1.2269,
    "spearman": 0.5645,
    "spectral_loss": 0.0
}
                              
Test Results: {
    "ci": 0.7169,
    "classification_loss": 0.0,
    "cluster_loss": 0.0,
    "mae": 0.9003,
    "mse": 1.4503,
    "multiclassification_loss": 0.0,
    "ortho_loss": 0.0,
    "pearson": 0.608,
    "regression_loss": 1.4533,
    "rm2": 0.3672,
    "rmse": 1.2043,
    "sd": 1.1951,
    "spearman": 0.6011,
    "spectral_loss": 0.0
}
                              
                              
----------------------------------------
Epoch 031 with LR 0.000100: Model Results
----------------------------------------
Train MSE Loss: 0.4338, Train CLS Loss: 0.0000, Train MCLS Loss: 0.0000
Protein Cluster Region Loss - Ortho Loss: 0.0000, Cluster Loss: 0.0000
                              
Validation Results: {
    "ci": 0.7056,
    "classification_loss": 0.0,
    "cluster_loss": 0.0,
    "mae": 0.9101,
    "mse": 1.6114,
    "multiclassification_loss": 0.0,
    "ortho_loss": 0.0,
    "pearson": 0.5784,
    "regression_loss": 1.6149,
    "rm2": 0.3065,
    "rmse": 1.2694,
    "sd": 1.2277,
    "spearman": 0.5628,
    "spectral_loss": 0.0
}
                              
Test Results: {
    "ci": 0.7169,
    "classification_loss": 0.0,
    "cluster_loss": 0.0,
    "mae": 0.9003,
    "mse": 1.4503,
    "multiclassification_loss": 0.0,
    "ortho_loss": 0.0,
    "pearson": 0.608,
    "regression_loss": 1.4533,
    "rm2": 0.3672,
    "rmse": 1.2043,
    "sd": 1.1951,
    "spearman": 0.6011,
    "spectral_loss": 0.0
}
                              
                              
----------------------------------------
Epoch 032 with LR 0.000100: Model Results
----------------------------------------
Train MSE Loss: 0.4274, Train CLS Loss: 0.0000, Train MCLS Loss: 0.0000
Protein Cluster Region Loss - Ortho Loss: 0.0000, Cluster Loss: 0.0000
                              
Validation Results: {
    "ci": 0.7042,
    "classification_loss": 0.0,
    "cluster_loss": 0.0,
    "mae": 0.9219,
    "mse": 1.6305,
    "multiclassification_loss": 0.0,
    "ortho_loss": 0.0,
    "pearson": 0.5776,
    "regression_loss": 1.6343,
    "rm2": 0.297,
    "rmse": 1.2769,
    "sd": 1.2286,
    "spearman": 0.5597,
    "spectral_loss": 0.0
}
                              
Test Results: {
    "ci": 0.7169,
    "classification_loss": 0.0,
    "cluster_loss": 0.0,
    "mae": 0.9003,
    "mse": 1.4503,
    "multiclassification_loss": 0.0,
    "ortho_loss": 0.0,
    "pearson": 0.608,
    "regression_loss": 1.4533,
    "rm2": 0.3672,
    "rmse": 1.2043,
    "sd": 1.1951,
    "spearman": 0.6011,
    "spectral_loss": 0.0
}
                              
                              
----------------------------------------
Epoch 033 with LR 0.000100: Model Results
----------------------------------------
Train MSE Loss: 0.4234, Train CLS Loss: 0.0000, Train MCLS Loss: 0.0000
Protein Cluster Region Loss - Ortho Loss: 0.0000, Cluster Loss: 0.0000
                              
Validation Results: {
    "ci": 0.7042,
    "classification_loss": 0.0,
    "cluster_loss": 0.0,
    "mae": 0.9146,
    "mse": 1.6257,
    "multiclassification_loss": 0.0,
    "ortho_loss": 0.0,
    "pearson": 0.5767,
    "regression_loss": 1.6287,
    "rm2": 0.3067,
    "rmse": 1.275,
    "sd": 1.2296,
    "spearman": 0.5595,
    "spectral_loss": 0.0
}
                              
Test Results: {
    "ci": 0.7169,
    "classification_loss": 0.0,
    "cluster_loss": 0.0,
    "mae": 0.9003,
    "mse": 1.4503,
    "multiclassification_loss": 0.0,
    "ortho_loss": 0.0,
    "pearson": 0.608,
    "regression_loss": 1.4533,
    "rm2": 0.3672,
    "rmse": 1.2043,
    "sd": 1.1951,
    "spearman": 0.6011,
    "spectral_loss": 0.0
}
                              
                              
----------------------------------------
Epoch 034 with LR 0.000100: Model Results
----------------------------------------
Train MSE Loss: 0.4172, Train CLS Loss: 0.0000, Train MCLS Loss: 0.0000
Protein Cluster Region Loss - Ortho Loss: 0.0000, Cluster Loss: 0.0000
                              
Validation Results: {
    "ci": 0.7048,
    "classification_loss": 0.0,
    "cluster_loss": 0.0,
    "mae": 0.9294,
    "mse": 1.6695,
    "multiclassification_loss": 0.0,
    "ortho_loss": 0.0,
    "pearson": 0.5759,
    "regression_loss": 1.6734,
    "rm2": 0.2949,
    "rmse": 1.2921,
    "sd": 1.2304,
    "spearman": 0.5613,
    "spectral_loss": 0.0
}
                              
Test Results: {
    "ci": 0.7169,
    "classification_loss": 0.0,
    "cluster_loss": 0.0,
    "mae": 0.9003,
    "mse": 1.4503,
    "multiclassification_loss": 0.0,
    "ortho_loss": 0.0,
    "pearson": 0.608,
    "regression_loss": 1.4533,
    "rm2": 0.3672,
    "rmse": 1.2043,
    "sd": 1.1951,
    "spearman": 0.6011,
    "spectral_loss": 0.0
}
                              
                              
----------------------------------------
Epoch 035 with LR 0.000100: Model Results
----------------------------------------
Train MSE Loss: 0.4102, Train CLS Loss: 0.0000, Train MCLS Loss: 0.0000
Protein Cluster Region Loss - Ortho Loss: 0.0000, Cluster Loss: 0.0000
                              
Validation Results: {
    "ci": 0.704,
    "classification_loss": 0.0,
    "cluster_loss": 0.0,
    "mae": 0.9328,
    "mse": 1.6594,
    "multiclassification_loss": 0.0,
    "ortho_loss": 0.0,
    "pearson": 0.5727,
    "regression_loss": 1.6639,
    "rm2": 0.289,
    "rmse": 1.2882,
    "sd": 1.2338,
    "spearman": 0.5601,
    "spectral_loss": 0.0
}
                              
Test Results: {
    "ci": 0.7169,
    "classification_loss": 0.0,
    "cluster_loss": 0.0,
    "mae": 0.9003,
    "mse": 1.4503,
    "multiclassification_loss": 0.0,
    "ortho_loss": 0.0,
    "pearson": 0.608,
    "regression_loss": 1.4533,
    "rm2": 0.3672,
    "rmse": 1.2043,
    "sd": 1.1951,
    "spearman": 0.6011,
    "spectral_loss": 0.0
}
                              
                              
----------------------------------------
Epoch 036 with LR 0.000100: Model Results
----------------------------------------
Train MSE Loss: 0.4053, Train CLS Loss: 0.0000, Train MCLS Loss: 0.0000
Protein Cluster Region Loss - Ortho Loss: 0.0000, Cluster Loss: 0.0000
                              
Validation Results: {
    "ci": 0.7035,
    "classification_loss": 0.0,
    "cluster_loss": 0.0,
    "mae": 0.9389,
    "mse": 1.6913,
    "multiclassification_loss": 0.0,
    "ortho_loss": 0.0,
    "pearson": 0.5717,
    "regression_loss": 1.695,
    "rm2": 0.2918,
    "rmse": 1.3005,
    "sd": 1.2348,
    "spearman": 0.5586,
    "spectral_loss": 0.0
}
                              
Test Results: {
    "ci": 0.7169,
    "classification_loss": 0.0,
    "cluster_loss": 0.0,
    "mae": 0.9003,
    "mse": 1.4503,
    "multiclassification_loss": 0.0,
    "ortho_loss": 0.0,
    "pearson": 0.608,
    "regression_loss": 1.4533,
    "rm2": 0.3672,
    "rmse": 1.2043,
    "sd": 1.1951,
    "spearman": 0.6011,
    "spectral_loss": 0.0
}
                              
                              
----------------------------------------
Epoch 037 with LR 0.000100: Model Results
----------------------------------------
Train MSE Loss: 0.3994, Train CLS Loss: 0.0000, Train MCLS Loss: 0.0000
Protein Cluster Region Loss - Ortho Loss: 0.0000, Cluster Loss: 0.0000
                              
Validation Results: {
    "ci": 0.7017,
    "classification_loss": 0.0,
    "cluster_loss": 0.0,
    "mae": 0.9381,
    "mse": 1.6686,
    "multiclassification_loss": 0.0,
    "ortho_loss": 0.0,
    "pearson": 0.57,
    "regression_loss": 1.6729,
    "rm2": 0.2852,
    "rmse": 1.2917,
    "sd": 1.2366,
    "spearman": 0.5545,
    "spectral_loss": 0.0
}
                              
Test Results: {
    "ci": 0.7169,
    "classification_loss": 0.0,
    "cluster_loss": 0.0,
    "mae": 0.9003,
    "mse": 1.4503,
    "multiclassification_loss": 0.0,
    "ortho_loss": 0.0,
    "pearson": 0.608,
    "regression_loss": 1.4533,
    "rm2": 0.3672,
    "rmse": 1.2043,
    "sd": 1.1951,
    "spearman": 0.6011,
    "spectral_loss": 0.0
}
                              
                              
----------------------------------------
Epoch 038 with LR 0.000100: Model Results
----------------------------------------
Train MSE Loss: 0.3960, Train CLS Loss: 0.0000, Train MCLS Loss: 0.0000
Protein Cluster Region Loss - Ortho Loss: 0.0000, Cluster Loss: 0.0000
                              
Validation Results: {
    "ci": 0.7023,
    "classification_loss": 0.0,
    "cluster_loss": 0.0,
    "mae": 0.9294,
    "mse": 1.6426,
    "multiclassification_loss": 0.0,
    "ortho_loss": 0.0,
    "pearson": 0.5719,
    "regression_loss": 1.6464,
    "rm2": 0.291,
    "rmse": 1.2817,
    "sd": 1.2346,
    "spearman": 0.5559,
    "spectral_loss": 0.0
}
                              
Test Results: {
    "ci": 0.7169,
    "classification_loss": 0.0,
    "cluster_loss": 0.0,
    "mae": 0.9003,
    "mse": 1.4503,
    "multiclassification_loss": 0.0,
    "ortho_loss": 0.0,
    "pearson": 0.608,
    "regression_loss": 1.4533,
    "rm2": 0.3672,
    "rmse": 1.2043,
    "sd": 1.1951,
    "spearman": 0.6011,
    "spectral_loss": 0.0
}
                              
                              
----------------------------------------
Epoch 039 with LR 0.000100: Model Results
----------------------------------------
Train MSE Loss: 0.3928, Train CLS Loss: 0.0000, Train MCLS Loss: 0.0000
Protein Cluster Region Loss - Ortho Loss: 0.0000, Cluster Loss: 0.0000
                              
Validation Results: {
    "ci": 0.7028,
    "classification_loss": 0.0,
    "cluster_loss": 0.0,
    "mae": 0.9334,
    "mse": 1.6812,
    "multiclassification_loss": 0.0,
    "ortho_loss": 0.0,
    "pearson": 0.5708,
    "regression_loss": 1.6852,
    "rm2": 0.2948,
    "rmse": 1.2966,
    "sd": 1.2357,
    "spearman": 0.557,
    "spectral_loss": 0.0
}
                              
Test Results: {
    "ci": 0.7169,
    "classification_loss": 0.0,
    "cluster_loss": 0.0,
    "mae": 0.9003,
    "mse": 1.4503,
    "multiclassification_loss": 0.0,
    "ortho_loss": 0.0,
    "pearson": 0.608,
    "regression_loss": 1.4533,
    "rm2": 0.3672,
    "rmse": 1.2043,
    "sd": 1.1951,
    "spearman": 0.6011,
    "spectral_loss": 0.0
}
                              
                              
----------------------------------------
Epoch 040 with LR 0.000100: Model Results
----------------------------------------
Train MSE Loss: 0.3837, Train CLS Loss: 0.0000, Train MCLS Loss: 0.0000
Protein Cluster Region Loss - Ortho Loss: 0.0000, Cluster Loss: 0.0000
                              
Validation Results: {
    "ci": 0.702,
    "classification_loss": 0.0,
    "cluster_loss": 0.0,
    "mae": 0.935,
    "mse": 1.6668,
    "multiclassification_loss": 0.0,
    "ortho_loss": 0.0,
    "pearson": 0.5691,
    "regression_loss": 1.6715,
    "rm2": 0.2865,
    "rmse": 1.291,
    "sd": 1.2375,
    "spearman": 0.5544,
    "spectral_loss": 0.0
}
                              
Test Results: {
    "ci": 0.7169,
    "classification_loss": 0.0,
    "cluster_loss": 0.0,
    "mae": 0.9003,
    "mse": 1.4503,
    "multiclassification_loss": 0.0,
    "ortho_loss": 0.0,
    "pearson": 0.608,
    "regression_loss": 1.4533,
    "rm2": 0.3672,
    "rmse": 1.2043,
    "sd": 1.1951,
    "spearman": 0.6011,
    "spectral_loss": 0.0
}
                              
                              
----------------------------------------
Epoch 041 with LR 0.000100: Model Results
----------------------------------------
Train MSE Loss: 0.3813, Train CLS Loss: 0.0000, Train MCLS Loss: 0.0000
Protein Cluster Region Loss - Ortho Loss: 0.0000, Cluster Loss: 0.0000
                              
Validation Results: {
    "ci": 0.7012,
    "classification_loss": 0.0,
    "cluster_loss": 0.0,
    "mae": 0.93,
    "mse": 1.6486,
    "multiclassification_loss": 0.0,
    "ortho_loss": 0.0,
    "pearson": 0.5691,
    "regression_loss": 1.6526,
    "rm2": 0.2929,
    "rmse": 1.284,
    "sd": 1.2375,
    "spearman": 0.5532,
    "spectral_loss": 0.0
}
                              
Test Results: {
    "ci": 0.7169,
    "classification_loss": 0.0,
    "cluster_loss": 0.0,
    "mae": 0.9003,
    "mse": 1.4503,
    "multiclassification_loss": 0.0,
    "ortho_loss": 0.0,
    "pearson": 0.608,
    "regression_loss": 1.4533,
    "rm2": 0.3672,
    "rmse": 1.2043,
    "sd": 1.1951,
    "spearman": 0.6011,
    "spectral_loss": 0.0
}
                              
                              
----------------------------------------
Epoch 042 with LR 0.000100: Model Results
----------------------------------------
Train MSE Loss: 0.3768, Train CLS Loss: 0.0000, Train MCLS Loss: 0.0000
Protein Cluster Region Loss - Ortho Loss: 0.0000, Cluster Loss: 0.0000
                              
Validation Results: {
    "ci": 0.701,
    "classification_loss": 0.0,
    "cluster_loss": 0.0,
    "mae": 0.9471,
    "mse": 1.6992,
    "multiclassification_loss": 0.0,
    "ortho_loss": 0.0,
    "pearson": 0.5655,
    "regression_loss": 1.7036,
    "rm2": 0.2827,
    "rmse": 1.3035,
    "sd": 1.2412,
    "spearman": 0.5527,
    "spectral_loss": 0.0
}
                              
Test Results: {
    "ci": 0.7169,
    "classification_loss": 0.0,
    "cluster_loss": 0.0,
    "mae": 0.9003,
    "mse": 1.4503,
    "multiclassification_loss": 0.0,
    "ortho_loss": 0.0,
    "pearson": 0.608,
    "regression_loss": 1.4533,
    "rm2": 0.3672,
    "rmse": 1.2043,
    "sd": 1.1951,
    "spearman": 0.6011,
    "spectral_loss": 0.0
}
                              
                              
----------------------------------------
Epoch 043 with LR 0.000100: Model Results
----------------------------------------
Train MSE Loss: 0.3704, Train CLS Loss: 0.0000, Train MCLS Loss: 0.0000
Protein Cluster Region Loss - Ortho Loss: 0.0000, Cluster Loss: 0.0000
                              
Validation Results: {
    "ci": 0.7005,
    "classification_loss": 0.0,
    "cluster_loss": 0.0,
    "mae": 0.9543,
    "mse": 1.7313,
    "multiclassification_loss": 0.0,
    "ortho_loss": 0.0,
    "pearson": 0.5644,
    "regression_loss": 1.7364,
    "rm2": 0.2771,
    "rmse": 1.3158,
    "sd": 1.2424,
    "spearman": 0.5508,
    "spectral_loss": 0.0
}
                              
Test Results: {
    "ci": 0.7169,
    "classification_loss": 0.0,
    "cluster_loss": 0.0,
    "mae": 0.9003,
    "mse": 1.4503,
    "multiclassification_loss": 0.0,
    "ortho_loss": 0.0,
    "pearson": 0.608,
    "regression_loss": 1.4533,
    "rm2": 0.3672,
    "rmse": 1.2043,
    "sd": 1.1951,
    "spearman": 0.6011,
    "spectral_loss": 0.0
}
                              
                              
----------------------------------------
Epoch 044 with LR 0.000100: Model Results
----------------------------------------
Train MSE Loss: 0.3678, Train CLS Loss: 0.0000, Train MCLS Loss: 0.0000
Protein Cluster Region Loss - Ortho Loss: 0.0000, Cluster Loss: 0.0000
                              
Validation Results: {
    "ci": 0.7014,
    "classification_loss": 0.0,
    "cluster_loss": 0.0,
    "mae": 0.9555,
    "mse": 1.729,
    "multiclassification_loss": 0.0,
    "ortho_loss": 0.0,
    "pearson": 0.5667,
    "regression_loss": 1.7343,
    "rm2": 0.2776,
    "rmse": 1.3149,
    "sd": 1.24,
    "spearman": 0.553,
    "spectral_loss": 0.0
}
                              
Test Results: {
    "ci": 0.7169,
    "classification_loss": 0.0,
    "cluster_loss": 0.0,
    "mae": 0.9003,
    "mse": 1.4503,
    "multiclassification_loss": 0.0,
    "ortho_loss": 0.0,
    "pearson": 0.608,
    "regression_loss": 1.4533,
    "rm2": 0.3672,
    "rmse": 1.2043,
    "sd": 1.1951,
    "spearman": 0.6011,
    "spectral_loss": 0.0
}
                              
                              
----------------------------------------
Epoch 045 with LR 0.000100: Model Results
----------------------------------------
Train MSE Loss: 0.3637, Train CLS Loss: 0.0000, Train MCLS Loss: 0.0000
Protein Cluster Region Loss - Ortho Loss: 0.0000, Cluster Loss: 0.0000
                              
Validation Results: {
    "ci": 0.7014,
    "classification_loss": 0.0,
    "cluster_loss": 0.0,
    "mae": 0.9417,
    "mse": 1.6938,
    "multiclassification_loss": 0.0,
    "ortho_loss": 0.0,
    "pearson": 0.5687,
    "regression_loss": 1.6978,
    "rm2": 0.2921,
    "rmse": 1.3014,
    "sd": 1.2379,
    "spearman": 0.5536,
    "spectral_loss": 0.0
}
                              
Test Results: {
    "ci": 0.7169,
    "classification_loss": 0.0,
    "cluster_loss": 0.0,
    "mae": 0.9003,
    "mse": 1.4503,
    "multiclassification_loss": 0.0,
    "ortho_loss": 0.0,
    "pearson": 0.608,
    "regression_loss": 1.4533,
    "rm2": 0.3672,
    "rmse": 1.2043,
    "sd": 1.1951,
    "spearman": 0.6011,
    "spectral_loss": 0.0
}
                              
                              
----------------------------------------
Epoch 046 with LR 0.000100: Model Results
----------------------------------------
Train MSE Loss: 0.3618, Train CLS Loss: 0.0000, Train MCLS Loss: 0.0000
Protein Cluster Region Loss - Ortho Loss: 0.0000, Cluster Loss: 0.0000
                              
Validation Results: {
    "ci": 0.7016,
    "classification_loss": 0.0,
    "cluster_loss": 0.0,
    "mae": 0.9435,
    "mse": 1.685,
    "multiclassification_loss": 0.0,
    "ortho_loss": 0.0,
    "pearson": 0.5685,
    "regression_loss": 1.6892,
    "rm2": 0.287,
    "rmse": 1.2981,
    "sd": 1.2381,
    "spearman": 0.5545,
    "spectral_loss": 0.0
}
                              
Test Results: {
    "ci": 0.7169,
    "classification_loss": 0.0,
    "cluster_loss": 0.0,
    "mae": 0.9003,
    "mse": 1.4503,
    "multiclassification_loss": 0.0,
    "ortho_loss": 0.0,
    "pearson": 0.608,
    "regression_loss": 1.4533,
    "rm2": 0.3672,
    "rmse": 1.2043,
    "sd": 1.1951,
    "spearman": 0.6011,
    "spectral_loss": 0.0
}
                              
                              
----------------------------------------
Epoch 047 with LR 0.000100: Model Results
----------------------------------------
Train MSE Loss: 0.3552, Train CLS Loss: 0.0000, Train MCLS Loss: 0.0000
Protein Cluster Region Loss - Ortho Loss: 0.0000, Cluster Loss: 0.0000
                              
Validation Results: {
    "ci": 0.7018,
    "classification_loss": 0.0,
    "cluster_loss": 0.0,
    "mae": 0.9412,
    "mse": 1.6904,
    "multiclassification_loss": 0.0,
    "ortho_loss": 0.0,
    "pearson": 0.5678,
    "regression_loss": 1.6948,
    "rm2": 0.2858,
    "rmse": 1.3002,
    "sd": 1.2389,
    "spearman": 0.554,
    "spectral_loss": 0.0
}
                              
Test Results: {
    "ci": 0.7169,
    "classification_loss": 0.0,
    "cluster_loss": 0.0,
    "mae": 0.9003,
    "mse": 1.4503,
    "multiclassification_loss": 0.0,
    "ortho_loss": 0.0,
    "pearson": 0.608,
    "regression_loss": 1.4533,
    "rm2": 0.3672,
    "rmse": 1.2043,
    "sd": 1.1951,
    "spearman": 0.6011,
    "spectral_loss": 0.0
}
                              
                              
----------------------------------------
Epoch 048 with LR 0.000100: Model Results
----------------------------------------
Train MSE Loss: 0.3508, Train CLS Loss: 0.0000, Train MCLS Loss: 0.0000
Protein Cluster Region Loss - Ortho Loss: 0.0000, Cluster Loss: 0.0000
                              
Validation Results: {
    "ci": 0.6997,
    "classification_loss": 0.0,
    "cluster_loss": 0.0,
    "mae": 0.9434,
    "mse": 1.6969,
    "multiclassification_loss": 0.0,
    "ortho_loss": 0.0,
    "pearson": 0.5634,
    "regression_loss": 1.7012,
    "rm2": 0.2817,
    "rmse": 1.3027,
    "sd": 1.2434,
    "spearman": 0.5488,
    "spectral_loss": 0.0
}
                              
Test Results: {
    "ci": 0.7169,
    "classification_loss": 0.0,
    "cluster_loss": 0.0,
    "mae": 0.9003,
    "mse": 1.4503,
    "multiclassification_loss": 0.0,
    "ortho_loss": 0.0,
    "pearson": 0.608,
    "regression_loss": 1.4533,
    "rm2": 0.3672,
    "rmse": 1.2043,
    "sd": 1.1951,
    "spearman": 0.6011,
    "spectral_loss": 0.0
}
                              
                              
----------------------------------------
Epoch 049 with LR 0.000100: Model Results
----------------------------------------
Train MSE Loss: 0.3445, Train CLS Loss: 0.0000, Train MCLS Loss: 0.0000
Protein Cluster Region Loss - Ortho Loss: 0.0000, Cluster Loss: 0.0000
                              
Validation Results: {
    "ci": 0.6995,
    "classification_loss": 0.0,
    "cluster_loss": 0.0,
    "mae": 0.934,
    "mse": 1.6698,
    "multiclassification_loss": 0.0,
    "ortho_loss": 0.0,
    "pearson": 0.5648,
    "regression_loss": 1.6739,
    "rm2": 0.288,
    "rmse": 1.2922,
    "sd": 1.242,
    "spearman": 0.5482,
    "spectral_loss": 0.0
}
                              
Test Results: {
    "ci": 0.7169,
    "classification_loss": 0.0,
    "cluster_loss": 0.0,
    "mae": 0.9003,
    "mse": 1.4503,
    "multiclassification_loss": 0.0,
    "ortho_loss": 0.0,
    "pearson": 0.608,
    "regression_loss": 1.4533,
    "rm2": 0.3672,
    "rmse": 1.2043,
    "sd": 1.1951,
    "spearman": 0.6011,
    "spectral_loss": 0.0
}
                              
                              
----------------------------------------
Epoch 050 with LR 0.000100: Model Results
----------------------------------------
Train MSE Loss: 0.3432, Train CLS Loss: 0.0000, Train MCLS Loss: 0.0000
Protein Cluster Region Loss - Ortho Loss: 0.0000, Cluster Loss: 0.0000
                              
Validation Results: {
    "ci": 0.6981,
    "classification_loss": 0.0,
    "cluster_loss": 0.0,
    "mae": 0.9494,
    "mse": 1.7126,
    "multiclassification_loss": 0.0,
    "ortho_loss": 0.0,
    "pearson": 0.5618,
    "regression_loss": 1.7166,
    "rm2": 0.2851,
    "rmse": 1.3087,
    "sd": 1.245,
    "spearman": 0.5452,
    "spectral_loss": 0.0
}
                              
Test Results: {
    "ci": 0.7169,
    "classification_loss": 0.0,
    "cluster_loss": 0.0,
    "mae": 0.9003,
    "mse": 1.4503,
    "multiclassification_loss": 0.0,
    "ortho_loss": 0.0,
    "pearson": 0.608,
    "regression_loss": 1.4533,
    "rm2": 0.3672,
    "rmse": 1.2043,
    "sd": 1.1951,
    "spearman": 0.6011,
    "spectral_loss": 0.0
}
[SWA] discarding averaged weights: rmse=1.2879848715326105 vs best per-epoch 1.2465
[best epoch] epoch=20, best_rmse=1.2465, lr_at_best=1.000e-04
                              
                              
----------------------------------------
Epoch 050 with LR 0.000100: Model Results
----------------------------------------
Train MSE Loss: 0.3432, Train CLS Loss: 0.0000, Train MCLS Loss: 0.0000
Protein Cluster Region Loss - Ortho Loss: 0.0000, Cluster Loss: 0.0000
                              
Validation Results: {
    "ci": 0.6981,
    "classification_loss": 0.0,
    "cluster_loss": 0.0,
    "mae": 0.9494,
    "mse": 1.7126,
    "multiclassification_loss": 0.0,
    "ortho_loss": 0.0,
    "pearson": 0.5618,
    "regression_loss": 1.7166,
    "rm2": 0.2851,
    "rmse": 1.3087,
    "sd": 1.245,
    "spearman": 0.5452,
    "spectral_loss": 0.0
}
                              
Test Results: {
    "ci": 0.7169,
    "classification_loss": 0.0,
    "cluster_loss": 0.0,
    "mae": 0.9003,
    "mse": 1.4503,
    "multiclassification_loss": 0.0,
    "ortho_loss": 0.0,
    "pearson": 0.608,
    "regression_loss": 1.4533,
    "rm2": 0.3672,
    "rmse": 1.2043,
    "sd": 1.1951,
    "spearman": 0.6011,
    "spectral_loss": 0.0
}
Final test metrics: rmse=1.2043, pearson=0.6080, r2_proxy(mse)=1.4503
Done. Predictions: /sc/arion/projects/DiseaseGeneCell/Huang_lab_project/wangcDrugRepoProject/TRACE_Kin_Results_v3_molformer_ctx/MPEK_dataset/MPEK_kcat_ProteinCLIP_embedding_cold_protein/test_prediction_seed1.csv; checkpoint: /sc/arion/projects/DiseaseGeneCell/Huang_lab_project/wangcDrugRepoProject/TRACE_Kin_Results_v3_molformer_ctx/MPEK_dataset/MPEK_kcat_ProteinCLIP_embedding_cold_protein/save_model_seed1/model.pt

==========================================
Array task 6/10: OK (MPEK_kcat_ProteinCLIP_embedding_cold_protein)
==========================================


PS:

Read file <242891575.6.stderr> for stderr output of this job.

