Sender: LSF System <lsfadmin@lg02e05>
Subject: Job 242891578[10]: <trace_kin_v3_perfolder_s3[1-10]> in cluster <chimera> Done

Job <trace_kin_v3_perfolder_s3[1-10]> was submitted from host <li04e01> by user <wangc40> in cluster <chimera> at Sun May 10 18:57:46 2026
Job was executed on host(s) <16*lg02e05>, in queue <gpu>, as user <wangc40> in cluster <chimera> at Sun May 10 18:57:49 2026
</hpc/users/wangc40> was used as the home directory.
</sc/arion/projects/DiseaseGeneCell/Huang_lab_project/wangcDrugRepoProject/TRACE-Kin> was used as the working directory.
Started at Sun May 10 18:57:49 2026
Terminated at Sun May 10 21:27:59 2026
Results reported at Sun May 10 21:27:59 2026

Your job looked like:

------------------------------------------------------------
# LSBATCH: User input
#!/bin/bash
#BSUB -J trace_kin_v3_perfolder_s3[1-10]
#BSUB -P acc_DiseaseGeneCell
#BSUB -q gpu
#BSUB -R h100nvl
#BSUB -gpu num=1
#BSUB -n 16
#BSUB -R "rusage[mem=8000]"
#BSUB -R "span[hosts=1]"
#BSUB -W 48:00
#BSUB -o %J.%I.stdout
#BSUB -eo %J.%I.stderr
#BSUB -L /bin/bash

# =============================================================================
# TRACE-Kin v3 PER-FOLDER + MoLFormer-XL context — top-10 RF-gap cells
# =============================================================================
# Submit with:
#     bsub < training/run_v3_perfolder_s1.lsf
#
# Per-folder evaluation: each (dataset × kinetic × split) cell gets its own
# v3 model trained ONLY on that folder's train.parquet, tested on that
# folder's test.parquet. NO cross-dataset pooling — avoids the leakage
# concern that pool-train rows could contaminate primary-test keys.
#
# v3 = v1 GNN backbone + MoLFormer-XL (768) projected to hidden_channels
# and added as a global-graph-context residual to mol_pool, before a
# fresh regression head. Molecular embeddings are computed live by
# MoLFormer-XL (not read from a pre-computed parquet column) and cached
# at <datafolder>/molformer_emb.pt so all 3 seeds share the compute.
#
# SWA is enabled (start at 50% of training, swa_lr=10x lower) to average
# weights over the noisy val plateau. Single-best-epoch checkpoint
# selection was picking lucky early dips driven by small-val-set noise.
# Patience disabled so SWA's averaging window has room to build.
#
# Cells: the 10 (out of 27) where the historical PSICHIC-vs-RF gap is
# largest, derived from data/benchmark/kinetic_regress_benchmark_clean.csv.
# These are the cells the ChemBERT cutover is most likely to move. The
# embedding per cell is the one with the LOWEST RF baseline RMSE in the
# benchmark (= the hardest fair test for v3). All 5 kinetics, all 3 splits,
# and all 4 source datasets are represented.
#
# Ordered by descending RF-gap (PSICHIC RMSE − RF RMSE):
#   1. EITLEM   kcat_km cold_drug    ESMv1       gap +0.135
#   2. catpred  kcat    random       ESMv1       gap +0.130
#   3. inhouse  Kd      random       ESMv1       gap +0.115
#   4. EITLEM   kcat_km random       ESM2        gap +0.098
#   5. EITLEM   kcat    cold_drug    ESM2        gap +0.093
#   6. MPEK     kcat    cold_protein ProteinCLIP gap +0.092

(... more ...)
------------------------------------------------------------

Successfully completed.

Resource usage summary:

    CPU time :                                   9056.00 sec.
    Max Memory :                                 8191 MB
    Average Memory :                             7685.78 MB
    Total Requested Memory :                     128000.00 MB
    Delta Memory :                               119809.00 MB
    Max Swap :                                   -
    Max Processes :                              4
    Max Threads :                                24
    Run time :                                   9010 sec.
    Turnaround time :                            9013 sec.

The output (if any) follows:

==========================================
TRACE-Kin v3 PER-FOLDER task 10/10
==========================================
Date:        Sun May 10 18:57:53 EDT 2026
Dataset:     /sc/arion/projects/DiseaseGeneCell/Huang_lab_project/drug_discovery/output/data/enzyme_embeddings_dataset/EITLEM_dataset/EITLEM_kcat_ProteinCLIP_embedding_cold_protein
Result:      /sc/arion/projects/DiseaseGeneCell/Huang_lab_project/wangcDrugRepoProject/TRACE_Kin_Results_v3_molformer_ctx/EITLEM_dataset/EITLEM_kcat_ProteinCLIP_embedding_cold_protein
Config:      training/config_v3.json
Pool CSVs:   (none — per-folder)
Model:       v3 (per-folder, no pool, MoLFormer-XL context residual, SWA, best embedding by RF baseline)
MoLFormer:   /sc/arion/projects/DiseaseGeneCell/Huang_lab_project/wangcDrugRepoProject/transformersmodels/ibm/MoLFormer-XL-both-10pct
Epochs:      50, batch=16, seed=3, lr=1e-4
==========================================
Python 3.12.2
Python: /sc/arion/work/wangc40/test-env/envs/test/bin/python
CUDA device: NVIDIA H100 80GB HBM3, sm_90
============================================================
TRACE-Kin training
============================================================
Datafolder:        /sc/arion/projects/DiseaseGeneCell/Huang_lab_project/drug_discovery/output/data/enzyme_embeddings_dataset/EITLEM_dataset/EITLEM_kcat_ProteinCLIP_embedding_cold_protein
Result path:       /sc/arion/projects/DiseaseGeneCell/Huang_lab_project/wangcDrugRepoProject/TRACE_Kin_Results_v3_molformer_ctx/EITLEM_dataset/EITLEM_kcat_ProteinCLIP_embedding_cold_protein
Config:            training/config_v3.json
Pool train CSVs:   (none)
============================================================
Loading primary train: /sc/arion/projects/DiseaseGeneCell/Huang_lab_project/drug_discovery/output/data/enzyme_embeddings_dataset/EITLEM_dataset/EITLEM_kcat_ProteinCLIP_embedding_cold_protein/train.parquet
Loading primary test: /sc/arion/projects/DiseaseGeneCell/Huang_lab_project/drug_discovery/output/data/enzyme_embeddings_dataset/EITLEM_dataset/EITLEM_kcat_ProteinCLIP_embedding_cold_protein/test.parquet
Loading primary val: /sc/arion/projects/DiseaseGeneCell/Huang_lab_project/drug_discovery/output/data/enzyme_embeddings_dataset/EITLEM_dataset/EITLEM_kcat_ProteinCLIP_embedding_cold_protein/val.parquet
Detected prot_evo_channels = 128
seq2feat: 15109 unique sequences.
Loading MoLFormer-XL from /sc/arion/projects/DiseaseGeneCell/Huang_lab_project/wangcDrugRepoProject/transformersmodels/ibm/MoLFormer-XL-both-10pct
Computing MoLFormer embeddings for 6170 unique SMILES (batch_size=64)
  embedded 64/6170
  embedded 1344/6170
  embedded 2624/6170
  embedded 3904/6170
  embedded 5184/6170
Saved MoLFormer cache: /sc/arion/projects/DiseaseGeneCell/Huang_lab_project/drug_discovery/output/data/enzyme_embeddings_dataset/EITLEM_dataset/EITLEM_kcat_ProteinCLIP_embedding_cold_protein/molformer_emb.pt (6170 SMILES)
MoLFormer embeddings: 6170 unique SMILES, dim=768
model_version: v3, use_swa: True
Building protein graphs from scratch (this can be slow)...
U, B, O, or 0 in Sequence
U, B, O, or 0 in Sequence
U, B, O, or 0 in Sequence
U, B, O, or 0 in Sequence
U, B, O, or 0 in Sequence
U, B, O, or 0 in Sequence
U, B, O, or 0 in Sequence
U, B, O, or 0 in Sequence
U, B, O, or 0 in Sequence
U, B, O, or 0 in Sequence
U, B, O, or 0 in Sequence
U, B, O, or 0 in Sequence
Building ligand graphs from scratch...
loaders ready: train=1539 test=446 val=213
Computing PNA degrees from training data...
Built TraceKinV3 with 5,644,722 parameters
[SWA] enabled: start_epoch=25, swa_lr=1.000e-05
[LR schedule] schedule_lr=False, lrate=0.0001, min_lrate=0, warmup_iters=0, lr_decay_iters=76950, total_iters=76950
Not in terminal, reprint now using normal build-in print function.
                              
                              
----------------------------------------
Epoch 001 with LR 0.000100: Model Results
----------------------------------------
Train MSE Loss: 1.9267, Train CLS Loss: 0.0000, Train MCLS Loss: 0.0000
Protein Cluster Region Loss - Ortho Loss: 0.0000, Cluster Loss: 0.0000
                              
Validation Results: {
    "ci": 0.6842,
    "classification_loss": 0.0,
    "cluster_loss": 0.0,
    "mae": 1.0093,
    "mse": 1.7584,
    "multiclassification_loss": 0.0,
    "ortho_loss": 0.0,
    "pearson": 0.5283,
    "regression_loss": 1.7589,
    "rm2": 0.278,
    "rmse": 1.3261,
    "sd": 1.322,
    "spearman": 0.5238,
    "spectral_loss": 0.0
}
                              
Test Results: {
    "ci": 0.6675,
    "classification_loss": 0.0,
    "cluster_loss": 0.0,
    "mae": 1.0232,
    "mse": 1.8016,
    "multiclassification_loss": 0.0,
    "ortho_loss": 0.0,
    "pearson": 0.4874,
    "regression_loss": 1.8006,
    "rm2": 0.2236,
    "rmse": 1.3423,
    "sd": 1.3279,
    "spearman": 0.4788,
    "spectral_loss": 0.0
}
                              
                              
----------------------------------------
Epoch 002 with LR 0.000100: Model Results
----------------------------------------
Train MSE Loss: 1.5575, Train CLS Loss: 0.0000, Train MCLS Loss: 0.0000
Protein Cluster Region Loss - Ortho Loss: 0.0000, Cluster Loss: 0.0000
                              
Validation Results: {
    "ci": 0.7001,
    "classification_loss": 0.0,
    "cluster_loss": 0.0,
    "mae": 1.0171,
    "mse": 1.7141,
    "multiclassification_loss": 0.0,
    "ortho_loss": 0.0,
    "pearson": 0.5669,
    "regression_loss": 1.714,
    "rm2": 0.2787,
    "rmse": 1.3092,
    "sd": 1.2826,
    "spearman": 0.5634,
    "spectral_loss": 0.0
}
                              
Test Results: {
    "ci": 0.6864,
    "classification_loss": 0.0,
    "cluster_loss": 0.0,
    "mae": 1.0367,
    "mse": 1.7691,
    "multiclassification_loss": 0.0,
    "ortho_loss": 0.0,
    "pearson": 0.5374,
    "regression_loss": 1.768,
    "rm2": 0.2406,
    "rmse": 1.3301,
    "sd": 1.2825,
    "spearman": 0.5281,
    "spectral_loss": 0.0
}
                              
                              
----------------------------------------
Epoch 003 with LR 0.000100: Model Results
----------------------------------------
Train MSE Loss: 1.3852, Train CLS Loss: 0.0000, Train MCLS Loss: 0.0000
Protein Cluster Region Loss - Ortho Loss: 0.0000, Cluster Loss: 0.0000
                              
Validation Results: {
    "ci": 0.7014,
    "classification_loss": 0.0,
    "cluster_loss": 0.0,
    "mae": 0.9617,
    "mse": 1.623,
    "multiclassification_loss": 0.0,
    "ortho_loss": 0.0,
    "pearson": 0.58,
    "regression_loss": 1.6242,
    "rm2": 0.3268,
    "rmse": 1.274,
    "sd": 1.2684,
    "spearman": 0.5646,
    "spectral_loss": 0.0
}
                              
Test Results: {
    "ci": 0.6941,
    "classification_loss": 0.0,
    "cluster_loss": 0.0,
    "mae": 0.9558,
    "mse": 1.586,
    "multiclassification_loss": 0.0,
    "ortho_loss": 0.0,
    "pearson": 0.5653,
    "regression_loss": 1.5851,
    "rm2": 0.3128,
    "rmse": 1.2594,
    "sd": 1.2544,
    "spearman": 0.5485,
    "spectral_loss": 0.0
}
                              
                              
----------------------------------------
Epoch 004 with LR 0.000100: Model Results
----------------------------------------
Train MSE Loss: 1.2800, Train CLS Loss: 0.0000, Train MCLS Loss: 0.0000
Protein Cluster Region Loss - Ortho Loss: 0.0000, Cluster Loss: 0.0000
                              
Validation Results: {
    "ci": 0.7091,
    "classification_loss": 0.0,
    "cluster_loss": 0.0,
    "mae": 0.9505,
    "mse": 1.5693,
    "multiclassification_loss": 0.0,
    "ortho_loss": 0.0,
    "pearson": 0.5968,
    "regression_loss": 1.5701,
    "rm2": 0.3429,
    "rmse": 1.2527,
    "sd": 1.2493,
    "spearman": 0.5837,
    "spectral_loss": 0.0
}
                              
Test Results: {
    "ci": 0.7016,
    "classification_loss": 0.0,
    "cluster_loss": 0.0,
    "mae": 0.9628,
    "mse": 1.5892,
    "multiclassification_loss": 0.0,
    "ortho_loss": 0.0,
    "pearson": 0.5753,
    "regression_loss": 1.5883,
    "rm2": 0.2988,
    "rmse": 1.2606,
    "sd": 1.2438,
    "spearman": 0.5652,
    "spectral_loss": 0.0
}
                              
                              
----------------------------------------
Epoch 005 with LR 0.000100: Model Results
----------------------------------------
Train MSE Loss: 1.1981, Train CLS Loss: 0.0000, Train MCLS Loss: 0.0000
Protein Cluster Region Loss - Ortho Loss: 0.0000, Cluster Loss: 0.0000
                              
Validation Results: {
    "ci": 0.7133,
    "classification_loss": 0.0,
    "cluster_loss": 0.0,
    "mae": 0.9277,
    "mse": 1.5134,
    "multiclassification_loss": 0.0,
    "ortho_loss": 0.0,
    "pearson": 0.6141,
    "regression_loss": 1.5142,
    "rm2": 0.3722,
    "rmse": 1.2302,
    "sd": 1.2289,
    "spearman": 0.5949,
    "spectral_loss": 0.0
}
                              
Test Results: {
    "ci": 0.6992,
    "classification_loss": 0.0,
    "cluster_loss": 0.0,
    "mae": 0.958,
    "mse": 1.5755,
    "multiclassification_loss": 0.0,
    "ortho_loss": 0.0,
    "pearson": 0.5772,
    "regression_loss": 1.5746,
    "rm2": 0.3061,
    "rmse": 1.2552,
    "sd": 1.2418,
    "spearman": 0.5613,
    "spectral_loss": 0.0
}
                              
                              
----------------------------------------
Epoch 006 with LR 0.000100: Model Results
----------------------------------------
Train MSE Loss: 1.1455, Train CLS Loss: 0.0000, Train MCLS Loss: 0.0000
Protein Cluster Region Loss - Ortho Loss: 0.0000, Cluster Loss: 0.0000
                              
Validation Results: {
    "ci": 0.7146,
    "classification_loss": 0.0,
    "cluster_loss": 0.0,
    "mae": 0.9345,
    "mse": 1.5645,
    "multiclassification_loss": 0.0,
    "ortho_loss": 0.0,
    "pearson": 0.6015,
    "regression_loss": 1.5656,
    "rm2": 0.3419,
    "rmse": 1.2508,
    "sd": 1.2438,
    "spearman": 0.5968,
    "spectral_loss": 0.0
}
                              
Test Results: {
    "ci": 0.6992,
    "classification_loss": 0.0,
    "cluster_loss": 0.0,
    "mae": 0.958,
    "mse": 1.5755,
    "multiclassification_loss": 0.0,
    "ortho_loss": 0.0,
    "pearson": 0.5772,
    "regression_loss": 1.5746,
    "rm2": 0.3061,
    "rmse": 1.2552,
    "sd": 1.2418,
    "spearman": 0.5613,
    "spectral_loss": 0.0
}
                              
                              
----------------------------------------
Epoch 007 with LR 0.000100: Model Results
----------------------------------------
Train MSE Loss: 1.0831, Train CLS Loss: 0.0000, Train MCLS Loss: 0.0000
Protein Cluster Region Loss - Ortho Loss: 0.0000, Cluster Loss: 0.0000
                              
Validation Results: {
    "ci": 0.7157,
    "classification_loss": 0.0,
    "cluster_loss": 0.0,
    "mae": 0.9291,
    "mse": 1.5373,
    "multiclassification_loss": 0.0,
    "ortho_loss": 0.0,
    "pearson": 0.6087,
    "regression_loss": 1.5389,
    "rm2": 0.3686,
    "rmse": 1.2399,
    "sd": 1.2353,
    "spearman": 0.6,
    "spectral_loss": 0.0
}
                              
Test Results: {
    "ci": 0.6992,
    "classification_loss": 0.0,
    "cluster_loss": 0.0,
    "mae": 0.958,
    "mse": 1.5755,
    "multiclassification_loss": 0.0,
    "ortho_loss": 0.0,
    "pearson": 0.5772,
    "regression_loss": 1.5746,
    "rm2": 0.3061,
    "rmse": 1.2552,
    "sd": 1.2418,
    "spearman": 0.5613,
    "spectral_loss": 0.0
}
                              
                              
----------------------------------------
Epoch 008 with LR 0.000100: Model Results
----------------------------------------
Train MSE Loss: 1.0499, Train CLS Loss: 0.0000, Train MCLS Loss: 0.0000
Protein Cluster Region Loss - Ortho Loss: 0.0000, Cluster Loss: 0.0000
                              
Validation Results: {
    "ci": 0.7194,
    "classification_loss": 0.0,
    "cluster_loss": 0.0,
    "mae": 0.9161,
    "mse": 1.5111,
    "multiclassification_loss": 0.0,
    "ortho_loss": 0.0,
    "pearson": 0.6265,
    "regression_loss": 1.5118,
    "rm2": 0.3701,
    "rmse": 1.2293,
    "sd": 1.2136,
    "spearman": 0.6096,
    "spectral_loss": 0.0
}
                              
Test Results: {
    "ci": 0.7098,
    "classification_loss": 0.0,
    "cluster_loss": 0.0,
    "mae": 0.9239,
    "mse": 1.523,
    "multiclassification_loss": 0.0,
    "ortho_loss": 0.0,
    "pearson": 0.5968,
    "regression_loss": 1.5221,
    "rm2": 0.3536,
    "rmse": 1.2341,
    "sd": 1.2202,
    "spearman": 0.5869,
    "spectral_loss": 0.0
}
                              
                              
----------------------------------------
Epoch 009 with LR 0.000100: Model Results
----------------------------------------
Train MSE Loss: 1.0047, Train CLS Loss: 0.0000, Train MCLS Loss: 0.0000
Protein Cluster Region Loss - Ortho Loss: 0.0000, Cluster Loss: 0.0000
                              
Validation Results: {
    "ci": 0.719,
    "classification_loss": 0.0,
    "cluster_loss": 0.0,
    "mae": 0.9256,
    "mse": 1.5735,
    "multiclassification_loss": 0.0,
    "ortho_loss": 0.0,
    "pearson": 0.6185,
    "regression_loss": 1.5748,
    "rm2": 0.3557,
    "rmse": 1.2544,
    "sd": 1.2234,
    "spearman": 0.6064,
    "spectral_loss": 0.0
}
                              
Test Results: {
    "ci": 0.7098,
    "classification_loss": 0.0,
    "cluster_loss": 0.0,
    "mae": 0.9239,
    "mse": 1.523,
    "multiclassification_loss": 0.0,
    "ortho_loss": 0.0,
    "pearson": 0.5968,
    "regression_loss": 1.5221,
    "rm2": 0.3536,
    "rmse": 1.2341,
    "sd": 1.2202,
    "spearman": 0.5869,
    "spectral_loss": 0.0
}
                              
                              
----------------------------------------
Epoch 010 with LR 0.000100: Model Results
----------------------------------------
Train MSE Loss: 0.9712, Train CLS Loss: 0.0000, Train MCLS Loss: 0.0000
Protein Cluster Region Loss - Ortho Loss: 0.0000, Cluster Loss: 0.0000
                              
Validation Results: {
    "ci": 0.7167,
    "classification_loss": 0.0,
    "cluster_loss": 0.0,
    "mae": 0.9322,
    "mse": 1.6003,
    "multiclassification_loss": 0.0,
    "ortho_loss": 0.0,
    "pearson": 0.6151,
    "regression_loss": 1.6011,
    "rm2": 0.3738,
    "rmse": 1.265,
    "sd": 1.2276,
    "spearman": 0.5982,
    "spectral_loss": 0.0
}
                              
Test Results: {
    "ci": 0.7098,
    "classification_loss": 0.0,
    "cluster_loss": 0.0,
    "mae": 0.9239,
    "mse": 1.523,
    "multiclassification_loss": 0.0,
    "ortho_loss": 0.0,
    "pearson": 0.5968,
    "regression_loss": 1.5221,
    "rm2": 0.3536,
    "rmse": 1.2341,
    "sd": 1.2202,
    "spearman": 0.5869,
    "spectral_loss": 0.0
}
                              
                              
----------------------------------------
Epoch 011 with LR 0.000100: Model Results
----------------------------------------
Train MSE Loss: 0.9447, Train CLS Loss: 0.0000, Train MCLS Loss: 0.0000
Protein Cluster Region Loss - Ortho Loss: 0.0000, Cluster Loss: 0.0000
                              
Validation Results: {
    "ci": 0.7213,
    "classification_loss": 0.0,
    "cluster_loss": 0.0,
    "mae": 0.9331,
    "mse": 1.5411,
    "multiclassification_loss": 0.0,
    "ortho_loss": 0.0,
    "pearson": 0.6216,
    "regression_loss": 1.5424,
    "rm2": 0.3538,
    "rmse": 1.2414,
    "sd": 1.2196,
    "spearman": 0.6119,
    "spectral_loss": 0.0
}
                              
Test Results: {
    "ci": 0.7098,
    "classification_loss": 0.0,
    "cluster_loss": 0.0,
    "mae": 0.9239,
    "mse": 1.523,
    "multiclassification_loss": 0.0,
    "ortho_loss": 0.0,
    "pearson": 0.5968,
    "regression_loss": 1.5221,
    "rm2": 0.3536,
    "rmse": 1.2341,
    "sd": 1.2202,
    "spearman": 0.5869,
    "spectral_loss": 0.0
}
                              
                              
----------------------------------------
Epoch 012 with LR 0.000100: Model Results
----------------------------------------
Train MSE Loss: 0.9224, Train CLS Loss: 0.0000, Train MCLS Loss: 0.0000
Protein Cluster Region Loss - Ortho Loss: 0.0000, Cluster Loss: 0.0000
                              
Validation Results: {
    "ci": 0.7226,
    "classification_loss": 0.0,
    "cluster_loss": 0.0,
    "mae": 0.9094,
    "mse": 1.4581,
    "multiclassification_loss": 0.0,
    "ortho_loss": 0.0,
    "pearson": 0.6312,
    "regression_loss": 1.4596,
    "rm2": 0.3974,
    "rmse": 1.2075,
    "sd": 1.2077,
    "spearman": 0.6171,
    "spectral_loss": 0.0
}
                              
Test Results: {
    "ci": 0.7093,
    "classification_loss": 0.0,
    "cluster_loss": 0.0,
    "mae": 0.9221,
    "mse": 1.486,
    "multiclassification_loss": 0.0,
    "ortho_loss": 0.0,
    "pearson": 0.6021,
    "regression_loss": 1.4852,
    "rm2": 0.3423,
    "rmse": 1.219,
    "sd": 1.2142,
    "spearman": 0.5847,
    "spectral_loss": 0.0
}
                              
                              
----------------------------------------
Epoch 013 with LR 0.000100: Model Results
----------------------------------------
Train MSE Loss: 0.8989, Train CLS Loss: 0.0000, Train MCLS Loss: 0.0000
Protein Cluster Region Loss - Ortho Loss: 0.0000, Cluster Loss: 0.0000
                              
Validation Results: {
    "ci": 0.7286,
    "classification_loss": 0.0,
    "cluster_loss": 0.0,
    "mae": 0.8871,
    "mse": 1.4195,
    "multiclassification_loss": 0.0,
    "ortho_loss": 0.0,
    "pearson": 0.6441,
    "regression_loss": 1.421,
    "rm2": 0.414,
    "rmse": 1.1914,
    "sd": 1.191,
    "spearman": 0.6277,
    "spectral_loss": 0.0
}
                              
Test Results: {
    "ci": 0.7119,
    "classification_loss": 0.0,
    "cluster_loss": 0.0,
    "mae": 0.9146,
    "mse": 1.4807,
    "multiclassification_loss": 0.0,
    "ortho_loss": 0.0,
    "pearson": 0.6065,
    "regression_loss": 1.4811,
    "rm2": 0.3467,
    "rmse": 1.2169,
    "sd": 1.2091,
    "spearman": 0.5909,
    "spectral_loss": 0.0
}
                              
                              
----------------------------------------
Epoch 014 with LR 0.000100: Model Results
----------------------------------------
Train MSE Loss: 0.8752, Train CLS Loss: 0.0000, Train MCLS Loss: 0.0000
Protein Cluster Region Loss - Ortho Loss: 0.0000, Cluster Loss: 0.0000
                              
Validation Results: {
    "ci": 0.7225,
    "classification_loss": 0.0,
    "cluster_loss": 0.0,
    "mae": 0.9088,
    "mse": 1.4966,
    "multiclassification_loss": 0.0,
    "ortho_loss": 0.0,
    "pearson": 0.6324,
    "regression_loss": 1.4982,
    "rm2": 0.3967,
    "rmse": 1.2233,
    "sd": 1.2061,
    "spearman": 0.6151,
    "spectral_loss": 0.0
}
                              
Test Results: {
    "ci": 0.7119,
    "classification_loss": 0.0,
    "cluster_loss": 0.0,
    "mae": 0.9146,
    "mse": 1.4807,
    "multiclassification_loss": 0.0,
    "ortho_loss": 0.0,
    "pearson": 0.6065,
    "regression_loss": 1.4811,
    "rm2": 0.3467,
    "rmse": 1.2169,
    "sd": 1.2091,
    "spearman": 0.5909,
    "spectral_loss": 0.0
}
                              
                              
----------------------------------------
Epoch 015 with LR 0.000100: Model Results
----------------------------------------
Train MSE Loss: 0.8511, Train CLS Loss: 0.0000, Train MCLS Loss: 0.0000
Protein Cluster Region Loss - Ortho Loss: 0.0000, Cluster Loss: 0.0000
                              
Validation Results: {
    "ci": 0.7232,
    "classification_loss": 0.0,
    "cluster_loss": 0.0,
    "mae": 0.9496,
    "mse": 1.5444,
    "multiclassification_loss": 0.0,
    "ortho_loss": 0.0,
    "pearson": 0.6304,
    "regression_loss": 1.5453,
    "rm2": 0.3332,
    "rmse": 1.2427,
    "sd": 1.2087,
    "spearman": 0.6153,
    "spectral_loss": 0.0
}
                              
Test Results: {
    "ci": 0.7119,
    "classification_loss": 0.0,
    "cluster_loss": 0.0,
    "mae": 0.9146,
    "mse": 1.4807,
    "multiclassification_loss": 0.0,
    "ortho_loss": 0.0,
    "pearson": 0.6065,
    "regression_loss": 1.4811,
    "rm2": 0.3467,
    "rmse": 1.2169,
    "sd": 1.2091,
    "spearman": 0.5909,
    "spectral_loss": 0.0
}
                              
                              
----------------------------------------
Epoch 016 with LR 0.000100: Model Results
----------------------------------------
Train MSE Loss: 0.8363, Train CLS Loss: 0.0000, Train MCLS Loss: 0.0000
Protein Cluster Region Loss - Ortho Loss: 0.0000, Cluster Loss: 0.0000
                              
Validation Results: {
    "ci": 0.7313,
    "classification_loss": 0.0,
    "cluster_loss": 0.0,
    "mae": 0.8941,
    "mse": 1.4598,
    "multiclassification_loss": 0.0,
    "ortho_loss": 0.0,
    "pearson": 0.6487,
    "regression_loss": 1.461,
    "rm2": 0.4164,
    "rmse": 1.2082,
    "sd": 1.1849,
    "spearman": 0.635,
    "spectral_loss": 0.0
}
                              
Test Results: {
    "ci": 0.7119,
    "classification_loss": 0.0,
    "cluster_loss": 0.0,
    "mae": 0.9146,
    "mse": 1.4807,
    "multiclassification_loss": 0.0,
    "ortho_loss": 0.0,
    "pearson": 0.6065,
    "regression_loss": 1.4811,
    "rm2": 0.3467,
    "rmse": 1.2169,
    "sd": 1.2091,
    "spearman": 0.5909,
    "spectral_loss": 0.0
}
                              
                              
----------------------------------------
Epoch 017 with LR 0.000100: Model Results
----------------------------------------
Train MSE Loss: 0.8107, Train CLS Loss: 0.0000, Train MCLS Loss: 0.0000
Protein Cluster Region Loss - Ortho Loss: 0.0000, Cluster Loss: 0.0000
                              
Validation Results: {
    "ci": 0.7234,
    "classification_loss": 0.0,
    "cluster_loss": 0.0,
    "mae": 0.9077,
    "mse": 1.5121,
    "multiclassification_loss": 0.0,
    "ortho_loss": 0.0,
    "pearson": 0.6228,
    "regression_loss": 1.5131,
    "rm2": 0.3728,
    "rmse": 1.2297,
    "sd": 1.2181,
    "spearman": 0.6149,
    "spectral_loss": 0.0
}
                              
Test Results: {
    "ci": 0.7119,
    "classification_loss": 0.0,
    "cluster_loss": 0.0,
    "mae": 0.9146,
    "mse": 1.4807,
    "multiclassification_loss": 0.0,
    "ortho_loss": 0.0,
    "pearson": 0.6065,
    "regression_loss": 1.4811,
    "rm2": 0.3467,
    "rmse": 1.2169,
    "sd": 1.2091,
    "spearman": 0.5909,
    "spectral_loss": 0.0
}
                              
                              
----------------------------------------
Epoch 018 with LR 0.000100: Model Results
----------------------------------------
Train MSE Loss: 0.8026, Train CLS Loss: 0.0000, Train MCLS Loss: 0.0000
Protein Cluster Region Loss - Ortho Loss: 0.0000, Cluster Loss: 0.0000
                              
Validation Results: {
    "ci": 0.718,
    "classification_loss": 0.0,
    "cluster_loss": 0.0,
    "mae": 0.9284,
    "mse": 1.5372,
    "multiclassification_loss": 0.0,
    "ortho_loss": 0.0,
    "pearson": 0.6297,
    "regression_loss": 1.5385,
    "rm2": 0.3498,
    "rmse": 1.2398,
    "sd": 1.2095,
    "spearman": 0.6017,
    "spectral_loss": 0.0
}
                              
Test Results: {
    "ci": 0.7119,
    "classification_loss": 0.0,
    "cluster_loss": 0.0,
    "mae": 0.9146,
    "mse": 1.4807,
    "multiclassification_loss": 0.0,
    "ortho_loss": 0.0,
    "pearson": 0.6065,
    "regression_loss": 1.4811,
    "rm2": 0.3467,
    "rmse": 1.2169,
    "sd": 1.2091,
    "spearman": 0.5909,
    "spectral_loss": 0.0
}
                              
                              
----------------------------------------
Epoch 019 with LR 0.000100: Model Results
----------------------------------------
Train MSE Loss: 0.7778, Train CLS Loss: 0.0000, Train MCLS Loss: 0.0000
Protein Cluster Region Loss - Ortho Loss: 0.0000, Cluster Loss: 0.0000
                              
Validation Results: {
    "ci": 0.7205,
    "classification_loss": 0.0,
    "cluster_loss": 0.0,
    "mae": 0.9086,
    "mse": 1.4882,
    "multiclassification_loss": 0.0,
    "ortho_loss": 0.0,
    "pearson": 0.633,
    "regression_loss": 1.4899,
    "rm2": 0.3712,
    "rmse": 1.2199,
    "sd": 1.2053,
    "spearman": 0.6066,
    "spectral_loss": 0.0
}
                              
Test Results: {
    "ci": 0.7119,
    "classification_loss": 0.0,
    "cluster_loss": 0.0,
    "mae": 0.9146,
    "mse": 1.4807,
    "multiclassification_loss": 0.0,
    "ortho_loss": 0.0,
    "pearson": 0.6065,
    "regression_loss": 1.4811,
    "rm2": 0.3467,
    "rmse": 1.2169,
    "sd": 1.2091,
    "spearman": 0.5909,
    "spectral_loss": 0.0
}
                              
                              
----------------------------------------
Epoch 020 with LR 0.000100: Model Results
----------------------------------------
Train MSE Loss: 0.7612, Train CLS Loss: 0.0000, Train MCLS Loss: 0.0000
Protein Cluster Region Loss - Ortho Loss: 0.0000, Cluster Loss: 0.0000
                              
Validation Results: {
    "ci": 0.7259,
    "classification_loss": 0.0,
    "cluster_loss": 0.0,
    "mae": 0.9059,
    "mse": 1.5048,
    "multiclassification_loss": 0.0,
    "ortho_loss": 0.0,
    "pearson": 0.6486,
    "regression_loss": 1.5063,
    "rm2": 0.4076,
    "rmse": 1.2267,
    "sd": 1.1851,
    "spearman": 0.6209,
    "spectral_loss": 0.0
}
                              
Test Results: {
    "ci": 0.7119,
    "classification_loss": 0.0,
    "cluster_loss": 0.0,
    "mae": 0.9146,
    "mse": 1.4807,
    "multiclassification_loss": 0.0,
    "ortho_loss": 0.0,
    "pearson": 0.6065,
    "regression_loss": 1.4811,
    "rm2": 0.3467,
    "rmse": 1.2169,
    "sd": 1.2091,
    "spearman": 0.5909,
    "spectral_loss": 0.0
}
                              
                              
----------------------------------------
Epoch 021 with LR 0.000100: Model Results
----------------------------------------
Train MSE Loss: 0.7483, Train CLS Loss: 0.0000, Train MCLS Loss: 0.0000
Protein Cluster Region Loss - Ortho Loss: 0.0000, Cluster Loss: 0.0000
                              
Validation Results: {
    "ci": 0.729,
    "classification_loss": 0.0,
    "cluster_loss": 0.0,
    "mae": 0.8911,
    "mse": 1.4724,
    "multiclassification_loss": 0.0,
    "ortho_loss": 0.0,
    "pearson": 0.6437,
    "regression_loss": 1.4742,
    "rm2": 0.3886,
    "rmse": 1.2134,
    "sd": 1.1915,
    "spearman": 0.6291,
    "spectral_loss": 0.0
}
                              
Test Results: {
    "ci": 0.7119,
    "classification_loss": 0.0,
    "cluster_loss": 0.0,
    "mae": 0.9146,
    "mse": 1.4807,
    "multiclassification_loss": 0.0,
    "ortho_loss": 0.0,
    "pearson": 0.6065,
    "regression_loss": 1.4811,
    "rm2": 0.3467,
    "rmse": 1.2169,
    "sd": 1.2091,
    "spearman": 0.5909,
    "spectral_loss": 0.0
}
                              
                              
----------------------------------------
Epoch 022 with LR 0.000100: Model Results
----------------------------------------
Train MSE Loss: 0.7304, Train CLS Loss: 0.0000, Train MCLS Loss: 0.0000
Protein Cluster Region Loss - Ortho Loss: 0.0000, Cluster Loss: 0.0000
                              
Validation Results: {
    "ci": 0.7268,
    "classification_loss": 0.0,
    "cluster_loss": 0.0,
    "mae": 0.9041,
    "mse": 1.4921,
    "multiclassification_loss": 0.0,
    "ortho_loss": 0.0,
    "pearson": 0.6431,
    "regression_loss": 1.4929,
    "rm2": 0.404,
    "rmse": 1.2215,
    "sd": 1.1923,
    "spearman": 0.6238,
    "spectral_loss": 0.0
}
                              
Test Results: {
    "ci": 0.7119,
    "classification_loss": 0.0,
    "cluster_loss": 0.0,
    "mae": 0.9146,
    "mse": 1.4807,
    "multiclassification_loss": 0.0,
    "ortho_loss": 0.0,
    "pearson": 0.6065,
    "regression_loss": 1.4811,
    "rm2": 0.3467,
    "rmse": 1.2169,
    "sd": 1.2091,
    "spearman": 0.5909,
    "spectral_loss": 0.0
}
                              
                              
----------------------------------------
Epoch 023 with LR 0.000100: Model Results
----------------------------------------
Train MSE Loss: 0.7127, Train CLS Loss: 0.0000, Train MCLS Loss: 0.0000
Protein Cluster Region Loss - Ortho Loss: 0.0000, Cluster Loss: 0.0000
                              
Validation Results: {
    "ci": 0.7279,
    "classification_loss": 0.0,
    "cluster_loss": 0.0,
    "mae": 0.8996,
    "mse": 1.4756,
    "multiclassification_loss": 0.0,
    "ortho_loss": 0.0,
    "pearson": 0.6473,
    "regression_loss": 1.4774,
    "rm2": 0.4147,
    "rmse": 1.2147,
    "sd": 1.1867,
    "spearman": 0.6285,
    "spectral_loss": 0.0
}
                              
Test Results: {
    "ci": 0.7119,
    "classification_loss": 0.0,
    "cluster_loss": 0.0,
    "mae": 0.9146,
    "mse": 1.4807,
    "multiclassification_loss": 0.0,
    "ortho_loss": 0.0,
    "pearson": 0.6065,
    "regression_loss": 1.4811,
    "rm2": 0.3467,
    "rmse": 1.2169,
    "sd": 1.2091,
    "spearman": 0.5909,
    "spectral_loss": 0.0
}
                              
                              
----------------------------------------
Epoch 024 with LR 0.000100: Model Results
----------------------------------------
Train MSE Loss: 0.7045, Train CLS Loss: 0.0000, Train MCLS Loss: 0.0000
Protein Cluster Region Loss - Ortho Loss: 0.0000, Cluster Loss: 0.0000
                              
Validation Results: {
    "ci": 0.7295,
    "classification_loss": 0.0,
    "cluster_loss": 0.0,
    "mae": 0.892,
    "mse": 1.4784,
    "multiclassification_loss": 0.0,
    "ortho_loss": 0.0,
    "pearson": 0.6508,
    "regression_loss": 1.4799,
    "rm2": 0.4121,
    "rmse": 1.2159,
    "sd": 1.1821,
    "spearman": 0.6285,
    "spectral_loss": 0.0
}
                              
Test Results: {
    "ci": 0.7119,
    "classification_loss": 0.0,
    "cluster_loss": 0.0,
    "mae": 0.9146,
    "mse": 1.4807,
    "multiclassification_loss": 0.0,
    "ortho_loss": 0.0,
    "pearson": 0.6065,
    "regression_loss": 1.4811,
    "rm2": 0.3467,
    "rmse": 1.2169,
    "sd": 1.2091,
    "spearman": 0.5909,
    "spectral_loss": 0.0
}
                              
                              
----------------------------------------
Epoch 025 with LR 0.000100: Model Results
----------------------------------------
Train MSE Loss: 0.6811, Train CLS Loss: 0.0000, Train MCLS Loss: 0.0000
Protein Cluster Region Loss - Ortho Loss: 0.0000, Cluster Loss: 0.0000
                              
Validation Results: {
    "ci": 0.7315,
    "classification_loss": 0.0,
    "cluster_loss": 0.0,
    "mae": 0.8783,
    "mse": 1.4248,
    "multiclassification_loss": 0.0,
    "ortho_loss": 0.0,
    "pearson": 0.6556,
    "regression_loss": 1.4268,
    "rm2": 0.4154,
    "rmse": 1.1936,
    "sd": 1.1757,
    "spearman": 0.6334,
    "spectral_loss": 0.0
}
                              
Test Results: {
    "ci": 0.7119,
    "classification_loss": 0.0,
    "cluster_loss": 0.0,
    "mae": 0.9146,
    "mse": 1.4807,
    "multiclassification_loss": 0.0,
    "ortho_loss": 0.0,
    "pearson": 0.6065,
    "regression_loss": 1.4811,
    "rm2": 0.3467,
    "rmse": 1.2169,
    "sd": 1.2091,
    "spearman": 0.5909,
    "spectral_loss": 0.0
}
                              
                              
----------------------------------------
Epoch 026 with LR 0.000100: Model Results
----------------------------------------
Train MSE Loss: 0.6019, Train CLS Loss: 0.0000, Train MCLS Loss: 0.0000
Protein Cluster Region Loss - Ortho Loss: 0.0000, Cluster Loss: 0.0000
                              
Validation Results: {
    "ci": 0.7292,
    "classification_loss": 0.0,
    "cluster_loss": 0.0,
    "mae": 0.8836,
    "mse": 1.4713,
    "multiclassification_loss": 0.0,
    "ortho_loss": 0.0,
    "pearson": 0.6488,
    "regression_loss": 1.4728,
    "rm2": 0.4,
    "rmse": 1.213,
    "sd": 1.1848,
    "spearman": 0.6259,
    "spectral_loss": 0.0
}
                              
Test Results: {
    "ci": 0.7119,
    "classification_loss": 0.0,
    "cluster_loss": 0.0,
    "mae": 0.9146,
    "mse": 1.4807,
    "multiclassification_loss": 0.0,
    "ortho_loss": 0.0,
    "pearson": 0.6065,
    "regression_loss": 1.4811,
    "rm2": 0.3467,
    "rmse": 1.2169,
    "sd": 1.2091,
    "spearman": 0.5909,
    "spectral_loss": 0.0
}
                              
                              
----------------------------------------
Epoch 027 with LR 0.000100: Model Results
----------------------------------------
Train MSE Loss: 0.5100, Train CLS Loss: 0.0000, Train MCLS Loss: 0.0000
Protein Cluster Region Loss - Ortho Loss: 0.0000, Cluster Loss: 0.0000
                              
Validation Results: {
    "ci": 0.7301,
    "classification_loss": 0.0,
    "cluster_loss": 0.0,
    "mae": 0.8845,
    "mse": 1.48,
    "multiclassification_loss": 0.0,
    "ortho_loss": 0.0,
    "pearson": 0.6474,
    "regression_loss": 1.4813,
    "rm2": 0.3841,
    "rmse": 1.2166,
    "sd": 1.1867,
    "spearman": 0.6276,
    "spectral_loss": 0.0
}
                              
Test Results: {
    "ci": 0.7119,
    "classification_loss": 0.0,
    "cluster_loss": 0.0,
    "mae": 0.9146,
    "mse": 1.4807,
    "multiclassification_loss": 0.0,
    "ortho_loss": 0.0,
    "pearson": 0.6065,
    "regression_loss": 1.4811,
    "rm2": 0.3467,
    "rmse": 1.2169,
    "sd": 1.2091,
    "spearman": 0.5909,
    "spectral_loss": 0.0
}
                              
                              
----------------------------------------
Epoch 028 with LR 0.000100: Model Results
----------------------------------------
Train MSE Loss: 0.4836, Train CLS Loss: 0.0000, Train MCLS Loss: 0.0000
Protein Cluster Region Loss - Ortho Loss: 0.0000, Cluster Loss: 0.0000
                              
Validation Results: {
    "ci": 0.7308,
    "classification_loss": 0.0,
    "cluster_loss": 0.0,
    "mae": 0.8792,
    "mse": 1.4707,
    "multiclassification_loss": 0.0,
    "ortho_loss": 0.0,
    "pearson": 0.6511,
    "regression_loss": 1.4721,
    "rm2": 0.4053,
    "rmse": 1.2127,
    "sd": 1.1818,
    "spearman": 0.6292,
    "spectral_loss": 0.0
}
                              
Test Results: {
    "ci": 0.7119,
    "classification_loss": 0.0,
    "cluster_loss": 0.0,
    "mae": 0.9146,
    "mse": 1.4807,
    "multiclassification_loss": 0.0,
    "ortho_loss": 0.0,
    "pearson": 0.6065,
    "regression_loss": 1.4811,
    "rm2": 0.3467,
    "rmse": 1.2169,
    "sd": 1.2091,
    "spearman": 0.5909,
    "spectral_loss": 0.0
}
                              
                              
----------------------------------------
Epoch 029 with LR 0.000100: Model Results
----------------------------------------
Train MSE Loss: 0.4681, Train CLS Loss: 0.0000, Train MCLS Loss: 0.0000
Protein Cluster Region Loss - Ortho Loss: 0.0000, Cluster Loss: 0.0000
                              
Validation Results: {
    "ci": 0.7296,
    "classification_loss": 0.0,
    "cluster_loss": 0.0,
    "mae": 0.8814,
    "mse": 1.4753,
    "multiclassification_loss": 0.0,
    "ortho_loss": 0.0,
    "pearson": 0.6485,
    "regression_loss": 1.4767,
    "rm2": 0.3945,
    "rmse": 1.2146,
    "sd": 1.1851,
    "spearman": 0.6269,
    "spectral_loss": 0.0
}
                              
Test Results: {
    "ci": 0.7119,
    "classification_loss": 0.0,
    "cluster_loss": 0.0,
    "mae": 0.9146,
    "mse": 1.4807,
    "multiclassification_loss": 0.0,
    "ortho_loss": 0.0,
    "pearson": 0.6065,
    "regression_loss": 1.4811,
    "rm2": 0.3467,
    "rmse": 1.2169,
    "sd": 1.2091,
    "spearman": 0.5909,
    "spectral_loss": 0.0
}
                              
                              
----------------------------------------
Epoch 030 with LR 0.000100: Model Results
----------------------------------------
Train MSE Loss: 0.4559, Train CLS Loss: 0.0000, Train MCLS Loss: 0.0000
Protein Cluster Region Loss - Ortho Loss: 0.0000, Cluster Loss: 0.0000
                              
Validation Results: {
    "ci": 0.7297,
    "classification_loss": 0.0,
    "cluster_loss": 0.0,
    "mae": 0.8804,
    "mse": 1.4737,
    "multiclassification_loss": 0.0,
    "ortho_loss": 0.0,
    "pearson": 0.6484,
    "regression_loss": 1.4751,
    "rm2": 0.394,
    "rmse": 1.214,
    "sd": 1.1853,
    "spearman": 0.6264,
    "spectral_loss": 0.0
}
                              
Test Results: {
    "ci": 0.7119,
    "classification_loss": 0.0,
    "cluster_loss": 0.0,
    "mae": 0.9146,
    "mse": 1.4807,
    "multiclassification_loss": 0.0,
    "ortho_loss": 0.0,
    "pearson": 0.6065,
    "regression_loss": 1.4811,
    "rm2": 0.3467,
    "rmse": 1.2169,
    "sd": 1.2091,
    "spearman": 0.5909,
    "spectral_loss": 0.0
}
                              
                              
----------------------------------------
Epoch 031 with LR 0.000100: Model Results
----------------------------------------
Train MSE Loss: 0.4399, Train CLS Loss: 0.0000, Train MCLS Loss: 0.0000
Protein Cluster Region Loss - Ortho Loss: 0.0000, Cluster Loss: 0.0000
                              
Validation Results: {
    "ci": 0.7292,
    "classification_loss": 0.0,
    "cluster_loss": 0.0,
    "mae": 0.8758,
    "mse": 1.4611,
    "multiclassification_loss": 0.0,
    "ortho_loss": 0.0,
    "pearson": 0.6485,
    "regression_loss": 1.4625,
    "rm2": 0.4036,
    "rmse": 1.2088,
    "sd": 1.1851,
    "spearman": 0.6252,
    "spectral_loss": 0.0
}
                              
Test Results: {
    "ci": 0.7119,
    "classification_loss": 0.0,
    "cluster_loss": 0.0,
    "mae": 0.9146,
    "mse": 1.4807,
    "multiclassification_loss": 0.0,
    "ortho_loss": 0.0,
    "pearson": 0.6065,
    "regression_loss": 1.4811,
    "rm2": 0.3467,
    "rmse": 1.2169,
    "sd": 1.2091,
    "spearman": 0.5909,
    "spectral_loss": 0.0
}
                              
                              
----------------------------------------
Epoch 032 with LR 0.000100: Model Results
----------------------------------------
Train MSE Loss: 0.4296, Train CLS Loss: 0.0000, Train MCLS Loss: 0.0000
Protein Cluster Region Loss - Ortho Loss: 0.0000, Cluster Loss: 0.0000
                              
Validation Results: {
    "ci": 0.7283,
    "classification_loss": 0.0,
    "cluster_loss": 0.0,
    "mae": 0.8846,
    "mse": 1.489,
    "multiclassification_loss": 0.0,
    "ortho_loss": 0.0,
    "pearson": 0.6447,
    "regression_loss": 1.4903,
    "rm2": 0.3877,
    "rmse": 1.2202,
    "sd": 1.1902,
    "spearman": 0.623,
    "spectral_loss": 0.0
}
                              
Test Results: {
    "ci": 0.7119,
    "classification_loss": 0.0,
    "cluster_loss": 0.0,
    "mae": 0.9146,
    "mse": 1.4807,
    "multiclassification_loss": 0.0,
    "ortho_loss": 0.0,
    "pearson": 0.6065,
    "regression_loss": 1.4811,
    "rm2": 0.3467,
    "rmse": 1.2169,
    "sd": 1.2091,
    "spearman": 0.5909,
    "spectral_loss": 0.0
}
                              
                              
----------------------------------------
Epoch 033 with LR 0.000100: Model Results
----------------------------------------
Train MSE Loss: 0.4177, Train CLS Loss: 0.0000, Train MCLS Loss: 0.0000
Protein Cluster Region Loss - Ortho Loss: 0.0000, Cluster Loss: 0.0000
                              
Validation Results: {
    "ci": 0.7289,
    "classification_loss": 0.0,
    "cluster_loss": 0.0,
    "mae": 0.8903,
    "mse": 1.5129,
    "multiclassification_loss": 0.0,
    "ortho_loss": 0.0,
    "pearson": 0.6445,
    "regression_loss": 1.5142,
    "rm2": 0.3841,
    "rmse": 1.23,
    "sd": 1.1905,
    "spearman": 0.6235,
    "spectral_loss": 0.0
}
                              
Test Results: {
    "ci": 0.7119,
    "classification_loss": 0.0,
    "cluster_loss": 0.0,
    "mae": 0.9146,
    "mse": 1.4807,
    "multiclassification_loss": 0.0,
    "ortho_loss": 0.0,
    "pearson": 0.6065,
    "regression_loss": 1.4811,
    "rm2": 0.3467,
    "rmse": 1.2169,
    "sd": 1.2091,
    "spearman": 0.5909,
    "spectral_loss": 0.0
}
                              
                              
----------------------------------------
Epoch 034 with LR 0.000100: Model Results
----------------------------------------
Train MSE Loss: 0.4070, Train CLS Loss: 0.0000, Train MCLS Loss: 0.0000
Protein Cluster Region Loss - Ortho Loss: 0.0000, Cluster Loss: 0.0000
                              
Validation Results: {
    "ci": 0.7276,
    "classification_loss": 0.0,
    "cluster_loss": 0.0,
    "mae": 0.8933,
    "mse": 1.5156,
    "multiclassification_loss": 0.0,
    "ortho_loss": 0.0,
    "pearson": 0.6431,
    "regression_loss": 1.5169,
    "rm2": 0.3977,
    "rmse": 1.2311,
    "sd": 1.1923,
    "spearman": 0.621,
    "spectral_loss": 0.0
}
                              
Test Results: {
    "ci": 0.7119,
    "classification_loss": 0.0,
    "cluster_loss": 0.0,
    "mae": 0.9146,
    "mse": 1.4807,
    "multiclassification_loss": 0.0,
    "ortho_loss": 0.0,
    "pearson": 0.6065,
    "regression_loss": 1.4811,
    "rm2": 0.3467,
    "rmse": 1.2169,
    "sd": 1.2091,
    "spearman": 0.5909,
    "spectral_loss": 0.0
}
                              
                              
----------------------------------------
Epoch 035 with LR 0.000100: Model Results
----------------------------------------
Train MSE Loss: 0.3973, Train CLS Loss: 0.0000, Train MCLS Loss: 0.0000
Protein Cluster Region Loss - Ortho Loss: 0.0000, Cluster Loss: 0.0000
                              
Validation Results: {
    "ci": 0.7268,
    "classification_loss": 0.0,
    "cluster_loss": 0.0,
    "mae": 0.8947,
    "mse": 1.5359,
    "multiclassification_loss": 0.0,
    "ortho_loss": 0.0,
    "pearson": 0.6386,
    "regression_loss": 1.5371,
    "rm2": 0.3732,
    "rmse": 1.2393,
    "sd": 1.1981,
    "spearman": 0.6174,
    "spectral_loss": 0.0
}
                              
Test Results: {
    "ci": 0.7119,
    "classification_loss": 0.0,
    "cluster_loss": 0.0,
    "mae": 0.9146,
    "mse": 1.4807,
    "multiclassification_loss": 0.0,
    "ortho_loss": 0.0,
    "pearson": 0.6065,
    "regression_loss": 1.4811,
    "rm2": 0.3467,
    "rmse": 1.2169,
    "sd": 1.2091,
    "spearman": 0.5909,
    "spectral_loss": 0.0
}
                              
                              
----------------------------------------
Epoch 036 with LR 0.000100: Model Results
----------------------------------------
Train MSE Loss: 0.3869, Train CLS Loss: 0.0000, Train MCLS Loss: 0.0000
Protein Cluster Region Loss - Ortho Loss: 0.0000, Cluster Loss: 0.0000
                              
Validation Results: {
    "ci": 0.7269,
    "classification_loss": 0.0,
    "cluster_loss": 0.0,
    "mae": 0.8906,
    "mse": 1.5177,
    "multiclassification_loss": 0.0,
    "ortho_loss": 0.0,
    "pearson": 0.641,
    "regression_loss": 1.519,
    "rm2": 0.3907,
    "rmse": 1.232,
    "sd": 1.1951,
    "spearman": 0.6186,
    "spectral_loss": 0.0
}
                              
Test Results: {
    "ci": 0.7119,
    "classification_loss": 0.0,
    "cluster_loss": 0.0,
    "mae": 0.9146,
    "mse": 1.4807,
    "multiclassification_loss": 0.0,
    "ortho_loss": 0.0,
    "pearson": 0.6065,
    "regression_loss": 1.4811,
    "rm2": 0.3467,
    "rmse": 1.2169,
    "sd": 1.2091,
    "spearman": 0.5909,
    "spectral_loss": 0.0
}
                              
                              
----------------------------------------
Epoch 037 with LR 0.000100: Model Results
----------------------------------------
Train MSE Loss: 0.3771, Train CLS Loss: 0.0000, Train MCLS Loss: 0.0000
Protein Cluster Region Loss - Ortho Loss: 0.0000, Cluster Loss: 0.0000
                              
Validation Results: {
    "ci": 0.727,
    "classification_loss": 0.0,
    "cluster_loss": 0.0,
    "mae": 0.8939,
    "mse": 1.5308,
    "multiclassification_loss": 0.0,
    "ortho_loss": 0.0,
    "pearson": 0.6395,
    "regression_loss": 1.5321,
    "rm2": 0.3849,
    "rmse": 1.2373,
    "sd": 1.197,
    "spearman": 0.6186,
    "spectral_loss": 0.0
}
                              
Test Results: {
    "ci": 0.7119,
    "classification_loss": 0.0,
    "cluster_loss": 0.0,
    "mae": 0.9146,
    "mse": 1.4807,
    "multiclassification_loss": 0.0,
    "ortho_loss": 0.0,
    "pearson": 0.6065,
    "regression_loss": 1.4811,
    "rm2": 0.3467,
    "rmse": 1.2169,
    "sd": 1.2091,
    "spearman": 0.5909,
    "spectral_loss": 0.0
}
                              
                              
----------------------------------------
Epoch 038 with LR 0.000100: Model Results
----------------------------------------
Train MSE Loss: 0.3680, Train CLS Loss: 0.0000, Train MCLS Loss: 0.0000
Protein Cluster Region Loss - Ortho Loss: 0.0000, Cluster Loss: 0.0000
                              
Validation Results: {
    "ci": 0.7274,
    "classification_loss": 0.0,
    "cluster_loss": 0.0,
    "mae": 0.8956,
    "mse": 1.5348,
    "multiclassification_loss": 0.0,
    "ortho_loss": 0.0,
    "pearson": 0.6413,
    "regression_loss": 1.536,
    "rm2": 0.3846,
    "rmse": 1.2389,
    "sd": 1.1946,
    "spearman": 0.6193,
    "spectral_loss": 0.0
}
                              
Test Results: {
    "ci": 0.7119,
    "classification_loss": 0.0,
    "cluster_loss": 0.0,
    "mae": 0.9146,
    "mse": 1.4807,
    "multiclassification_loss": 0.0,
    "ortho_loss": 0.0,
    "pearson": 0.6065,
    "regression_loss": 1.4811,
    "rm2": 0.3467,
    "rmse": 1.2169,
    "sd": 1.2091,
    "spearman": 0.5909,
    "spectral_loss": 0.0
}
                              
                              
----------------------------------------
Epoch 039 with LR 0.000100: Model Results
----------------------------------------
Train MSE Loss: 0.3601, Train CLS Loss: 0.0000, Train MCLS Loss: 0.0000
Protein Cluster Region Loss - Ortho Loss: 0.0000, Cluster Loss: 0.0000
                              
Validation Results: {
    "ci": 0.7255,
    "classification_loss": 0.0,
    "cluster_loss": 0.0,
    "mae": 0.9046,
    "mse": 1.5626,
    "multiclassification_loss": 0.0,
    "ortho_loss": 0.0,
    "pearson": 0.6355,
    "regression_loss": 1.5637,
    "rm2": 0.3682,
    "rmse": 1.25,
    "sd": 1.2021,
    "spearman": 0.6145,
    "spectral_loss": 0.0
}
                              
Test Results: {
    "ci": 0.7119,
    "classification_loss": 0.0,
    "cluster_loss": 0.0,
    "mae": 0.9146,
    "mse": 1.4807,
    "multiclassification_loss": 0.0,
    "ortho_loss": 0.0,
    "pearson": 0.6065,
    "regression_loss": 1.4811,
    "rm2": 0.3467,
    "rmse": 1.2169,
    "sd": 1.2091,
    "spearman": 0.5909,
    "spectral_loss": 0.0
}
                              
                              
----------------------------------------
Epoch 040 with LR 0.000100: Model Results
----------------------------------------
Train MSE Loss: 0.3487, Train CLS Loss: 0.0000, Train MCLS Loss: 0.0000
Protein Cluster Region Loss - Ortho Loss: 0.0000, Cluster Loss: 0.0000
                              
Validation Results: {
    "ci": 0.726,
    "classification_loss": 0.0,
    "cluster_loss": 0.0,
    "mae": 0.9057,
    "mse": 1.5761,
    "multiclassification_loss": 0.0,
    "ortho_loss": 0.0,
    "pearson": 0.636,
    "regression_loss": 1.5772,
    "rm2": 0.3789,
    "rmse": 1.2554,
    "sd": 1.2014,
    "spearman": 0.6151,
    "spectral_loss": 0.0
}
                              
Test Results: {
    "ci": 0.7119,
    "classification_loss": 0.0,
    "cluster_loss": 0.0,
    "mae": 0.9146,
    "mse": 1.4807,
    "multiclassification_loss": 0.0,
    "ortho_loss": 0.0,
    "pearson": 0.6065,
    "regression_loss": 1.4811,
    "rm2": 0.3467,
    "rmse": 1.2169,
    "sd": 1.2091,
    "spearman": 0.5909,
    "spectral_loss": 0.0
}
                              
                              
----------------------------------------
Epoch 041 with LR 0.000100: Model Results
----------------------------------------
Train MSE Loss: 0.3431, Train CLS Loss: 0.0000, Train MCLS Loss: 0.0000
Protein Cluster Region Loss - Ortho Loss: 0.0000, Cluster Loss: 0.0000
                              
Validation Results: {
    "ci": 0.726,
    "classification_loss": 0.0,
    "cluster_loss": 0.0,
    "mae": 0.9075,
    "mse": 1.5723,
    "multiclassification_loss": 0.0,
    "ortho_loss": 0.0,
    "pearson": 0.6355,
    "regression_loss": 1.5735,
    "rm2": 0.3639,
    "rmse": 1.2539,
    "sd": 1.2022,
    "spearman": 0.6157,
    "spectral_loss": 0.0
}
                              
Test Results: {
    "ci": 0.7119,
    "classification_loss": 0.0,
    "cluster_loss": 0.0,
    "mae": 0.9146,
    "mse": 1.4807,
    "multiclassification_loss": 0.0,
    "ortho_loss": 0.0,
    "pearson": 0.6065,
    "regression_loss": 1.4811,
    "rm2": 0.3467,
    "rmse": 1.2169,
    "sd": 1.2091,
    "spearman": 0.5909,
    "spectral_loss": 0.0
}
                              
                              
----------------------------------------
Epoch 042 with LR 0.000100: Model Results
----------------------------------------
Train MSE Loss: 0.3345, Train CLS Loss: 0.0000, Train MCLS Loss: 0.0000
Protein Cluster Region Loss - Ortho Loss: 0.0000, Cluster Loss: 0.0000
                              
Validation Results: {
    "ci": 0.7254,
    "classification_loss": 0.0,
    "cluster_loss": 0.0,
    "mae": 0.9088,
    "mse": 1.5878,
    "multiclassification_loss": 0.0,
    "ortho_loss": 0.0,
    "pearson": 0.632,
    "regression_loss": 1.5889,
    "rm2": 0.3667,
    "rmse": 1.2601,
    "sd": 1.2066,
    "spearman": 0.6136,
    "spectral_loss": 0.0
}
                              
Test Results: {
    "ci": 0.7119,
    "classification_loss": 0.0,
    "cluster_loss": 0.0,
    "mae": 0.9146,
    "mse": 1.4807,
    "multiclassification_loss": 0.0,
    "ortho_loss": 0.0,
    "pearson": 0.6065,
    "regression_loss": 1.4811,
    "rm2": 0.3467,
    "rmse": 1.2169,
    "sd": 1.2091,
    "spearman": 0.5909,
    "spectral_loss": 0.0
}
                              
                              
----------------------------------------
Epoch 043 with LR 0.000100: Model Results
----------------------------------------
Train MSE Loss: 0.3263, Train CLS Loss: 0.0000, Train MCLS Loss: 0.0000
Protein Cluster Region Loss - Ortho Loss: 0.0000, Cluster Loss: 0.0000
                              
Validation Results: {
    "ci": 0.725,
    "classification_loss": 0.0,
    "cluster_loss": 0.0,
    "mae": 0.9079,
    "mse": 1.5801,
    "multiclassification_loss": 0.0,
    "ortho_loss": 0.0,
    "pearson": 0.6328,
    "regression_loss": 1.5811,
    "rm2": 0.3747,
    "rmse": 1.257,
    "sd": 1.2055,
    "spearman": 0.6124,
    "spectral_loss": 0.0
}
                              
Test Results: {
    "ci": 0.7119,
    "classification_loss": 0.0,
    "cluster_loss": 0.0,
    "mae": 0.9146,
    "mse": 1.4807,
    "multiclassification_loss": 0.0,
    "ortho_loss": 0.0,
    "pearson": 0.6065,
    "regression_loss": 1.4811,
    "rm2": 0.3467,
    "rmse": 1.2169,
    "sd": 1.2091,
    "spearman": 0.5909,
    "spectral_loss": 0.0
}
                              
                              
----------------------------------------
Epoch 044 with LR 0.000100: Model Results
----------------------------------------
Train MSE Loss: 0.3188, Train CLS Loss: 0.0000, Train MCLS Loss: 0.0000
Protein Cluster Region Loss - Ortho Loss: 0.0000, Cluster Loss: 0.0000
                              
Validation Results: {
    "ci": 0.7222,
    "classification_loss": 0.0,
    "cluster_loss": 0.0,
    "mae": 0.9184,
    "mse": 1.6113,
    "multiclassification_loss": 0.0,
    "ortho_loss": 0.0,
    "pearson": 0.6253,
    "regression_loss": 1.6124,
    "rm2": 0.3588,
    "rmse": 1.2694,
    "sd": 1.215,
    "spearman": 0.6058,
    "spectral_loss": 0.0
}
                              
Test Results: {
    "ci": 0.7119,
    "classification_loss": 0.0,
    "cluster_loss": 0.0,
    "mae": 0.9146,
    "mse": 1.4807,
    "multiclassification_loss": 0.0,
    "ortho_loss": 0.0,
    "pearson": 0.6065,
    "regression_loss": 1.4811,
    "rm2": 0.3467,
    "rmse": 1.2169,
    "sd": 1.2091,
    "spearman": 0.5909,
    "spectral_loss": 0.0
}
                              
                              
----------------------------------------
Epoch 045 with LR 0.000100: Model Results
----------------------------------------
Train MSE Loss: 0.3106, Train CLS Loss: 0.0000, Train MCLS Loss: 0.0000
Protein Cluster Region Loss - Ortho Loss: 0.0000, Cluster Loss: 0.0000
                              
Validation Results: {
    "ci": 0.7233,
    "classification_loss": 0.0,
    "cluster_loss": 0.0,
    "mae": 0.924,
    "mse": 1.6388,
    "multiclassification_loss": 0.0,
    "ortho_loss": 0.0,
    "pearson": 0.6253,
    "regression_loss": 1.6398,
    "rm2": 0.3548,
    "rmse": 1.2801,
    "sd": 1.215,
    "spearman": 0.6081,
    "spectral_loss": 0.0
}
                              
Test Results: {
    "ci": 0.7119,
    "classification_loss": 0.0,
    "cluster_loss": 0.0,
    "mae": 0.9146,
    "mse": 1.4807,
    "multiclassification_loss": 0.0,
    "ortho_loss": 0.0,
    "pearson": 0.6065,
    "regression_loss": 1.4811,
    "rm2": 0.3467,
    "rmse": 1.2169,
    "sd": 1.2091,
    "spearman": 0.5909,
    "spectral_loss": 0.0
}
                              
                              
----------------------------------------
Epoch 046 with LR 0.000100: Model Results
----------------------------------------
Train MSE Loss: 0.3049, Train CLS Loss: 0.0000, Train MCLS Loss: 0.0000
Protein Cluster Region Loss - Ortho Loss: 0.0000, Cluster Loss: 0.0000
                              
Validation Results: {
    "ci": 0.7257,
    "classification_loss": 0.0,
    "cluster_loss": 0.0,
    "mae": 0.9189,
    "mse": 1.6075,
    "multiclassification_loss": 0.0,
    "ortho_loss": 0.0,
    "pearson": 0.6343,
    "regression_loss": 1.6084,
    "rm2": 0.3661,
    "rmse": 1.2679,
    "sd": 1.2036,
    "spearman": 0.6148,
    "spectral_loss": 0.0
}
                              
Test Results: {
    "ci": 0.7119,
    "classification_loss": 0.0,
    "cluster_loss": 0.0,
    "mae": 0.9146,
    "mse": 1.4807,
    "multiclassification_loss": 0.0,
    "ortho_loss": 0.0,
    "pearson": 0.6065,
    "regression_loss": 1.4811,
    "rm2": 0.3467,
    "rmse": 1.2169,
    "sd": 1.2091,
    "spearman": 0.5909,
    "spectral_loss": 0.0
}
                              
                              
----------------------------------------
Epoch 047 with LR 0.000100: Model Results
----------------------------------------
Train MSE Loss: 0.2971, Train CLS Loss: 0.0000, Train MCLS Loss: 0.0000
Protein Cluster Region Loss - Ortho Loss: 0.0000, Cluster Loss: 0.0000
                              
Validation Results: {
    "ci": 0.7223,
    "classification_loss": 0.0,
    "cluster_loss": 0.0,
    "mae": 0.9275,
    "mse": 1.6411,
    "multiclassification_loss": 0.0,
    "ortho_loss": 0.0,
    "pearson": 0.6213,
    "regression_loss": 1.6419,
    "rm2": 0.342,
    "rmse": 1.281,
    "sd": 1.2201,
    "spearman": 0.6065,
    "spectral_loss": 0.0
}
                              
Test Results: {
    "ci": 0.7119,
    "classification_loss": 0.0,
    "cluster_loss": 0.0,
    "mae": 0.9146,
    "mse": 1.4807,
    "multiclassification_loss": 0.0,
    "ortho_loss": 0.0,
    "pearson": 0.6065,
    "regression_loss": 1.4811,
    "rm2": 0.3467,
    "rmse": 1.2169,
    "sd": 1.2091,
    "spearman": 0.5909,
    "spectral_loss": 0.0
}
                              
                              
----------------------------------------
Epoch 048 with LR 0.000100: Model Results
----------------------------------------
Train MSE Loss: 0.2918, Train CLS Loss: 0.0000, Train MCLS Loss: 0.0000
Protein Cluster Region Loss - Ortho Loss: 0.0000, Cluster Loss: 0.0000
                              
Validation Results: {
    "ci": 0.7237,
    "classification_loss": 0.0,
    "cluster_loss": 0.0,
    "mae": 0.9262,
    "mse": 1.6501,
    "multiclassification_loss": 0.0,
    "ortho_loss": 0.0,
    "pearson": 0.6239,
    "regression_loss": 1.6509,
    "rm2": 0.3543,
    "rmse": 1.2846,
    "sd": 1.2168,
    "spearman": 0.6091,
    "spectral_loss": 0.0
}
                              
Test Results: {
    "ci": 0.7119,
    "classification_loss": 0.0,
    "cluster_loss": 0.0,
    "mae": 0.9146,
    "mse": 1.4807,
    "multiclassification_loss": 0.0,
    "ortho_loss": 0.0,
    "pearson": 0.6065,
    "regression_loss": 1.4811,
    "rm2": 0.3467,
    "rmse": 1.2169,
    "sd": 1.2091,
    "spearman": 0.5909,
    "spectral_loss": 0.0
}
                              
                              
----------------------------------------
Epoch 049 with LR 0.000100: Model Results
----------------------------------------
Train MSE Loss: 0.2847, Train CLS Loss: 0.0000, Train MCLS Loss: 0.0000
Protein Cluster Region Loss - Ortho Loss: 0.0000, Cluster Loss: 0.0000
                              
Validation Results: {
    "ci": 0.7237,
    "classification_loss": 0.0,
    "cluster_loss": 0.0,
    "mae": 0.9309,
    "mse": 1.6586,
    "multiclassification_loss": 0.0,
    "ortho_loss": 0.0,
    "pearson": 0.6241,
    "regression_loss": 1.6596,
    "rm2": 0.3549,
    "rmse": 1.2879,
    "sd": 1.2165,
    "spearman": 0.6101,
    "spectral_loss": 0.0
}
                              
Test Results: {
    "ci": 0.7119,
    "classification_loss": 0.0,
    "cluster_loss": 0.0,
    "mae": 0.9146,
    "mse": 1.4807,
    "multiclassification_loss": 0.0,
    "ortho_loss": 0.0,
    "pearson": 0.6065,
    "regression_loss": 1.4811,
    "rm2": 0.3467,
    "rmse": 1.2169,
    "sd": 1.2091,
    "spearman": 0.5909,
    "spectral_loss": 0.0
}
                              
                              
----------------------------------------
Epoch 050 with LR 0.000100: Model Results
----------------------------------------
Train MSE Loss: 0.2800, Train CLS Loss: 0.0000, Train MCLS Loss: 0.0000
Protein Cluster Region Loss - Ortho Loss: 0.0000, Cluster Loss: 0.0000
                              
Validation Results: {
    "ci": 0.723,
    "classification_loss": 0.0,
    "cluster_loss": 0.0,
    "mae": 0.9235,
    "mse": 1.6396,
    "multiclassification_loss": 0.0,
    "ortho_loss": 0.0,
    "pearson": 0.6229,
    "regression_loss": 1.6404,
    "rm2": 0.3602,
    "rmse": 1.2805,
    "sd": 1.218,
    "spearman": 0.6078,
    "spectral_loss": 0.0
}
                              
Test Results: {
    "ci": 0.7119,
    "classification_loss": 0.0,
    "cluster_loss": 0.0,
    "mae": 0.9146,
    "mse": 1.4807,
    "multiclassification_loss": 0.0,
    "ortho_loss": 0.0,
    "pearson": 0.6065,
    "regression_loss": 1.4811,
    "rm2": 0.3467,
    "rmse": 1.2169,
    "sd": 1.2091,
    "spearman": 0.5909,
    "spectral_loss": 0.0
}
[SWA] discarding averaged weights: rmse=1.2320566255790022 vs best per-epoch 1.1914
[best epoch] epoch=13, best_rmse=1.1914, lr_at_best=1.000e-04
                              
                              
----------------------------------------
Epoch 050 with LR 0.000100: Model Results
----------------------------------------
Train MSE Loss: 0.2800, Train CLS Loss: 0.0000, Train MCLS Loss: 0.0000
Protein Cluster Region Loss - Ortho Loss: 0.0000, Cluster Loss: 0.0000
                              
Validation Results: {
    "ci": 0.723,
    "classification_loss": 0.0,
    "cluster_loss": 0.0,
    "mae": 0.9235,
    "mse": 1.6396,
    "multiclassification_loss": 0.0,
    "ortho_loss": 0.0,
    "pearson": 0.6229,
    "regression_loss": 1.6404,
    "rm2": 0.3602,
    "rmse": 1.2805,
    "sd": 1.218,
    "spearman": 0.6078,
    "spectral_loss": 0.0
}
                              
Test Results: {
    "ci": 0.7119,
    "classification_loss": 0.0,
    "cluster_loss": 0.0,
    "mae": 0.9146,
    "mse": 1.4807,
    "multiclassification_loss": 0.0,
    "ortho_loss": 0.0,
    "pearson": 0.6065,
    "regression_loss": 1.4811,
    "rm2": 0.3467,
    "rmse": 1.2169,
    "sd": 1.2091,
    "spearman": 0.5909,
    "spectral_loss": 0.0
}
Final test metrics: rmse=1.2169, pearson=0.6065, r2_proxy(mse)=1.4807
Done. Predictions: /sc/arion/projects/DiseaseGeneCell/Huang_lab_project/wangcDrugRepoProject/TRACE_Kin_Results_v3_molformer_ctx/EITLEM_dataset/EITLEM_kcat_ProteinCLIP_embedding_cold_protein/test_prediction_seed3.csv; checkpoint: /sc/arion/projects/DiseaseGeneCell/Huang_lab_project/wangcDrugRepoProject/TRACE_Kin_Results_v3_molformer_ctx/EITLEM_dataset/EITLEM_kcat_ProteinCLIP_embedding_cold_protein/save_model_seed3/model.pt

==========================================
Array task 10/10: OK (EITLEM_kcat_ProteinCLIP_embedding_cold_protein)
==========================================


PS:

Read file <242891578.10.stderr> for stderr output of this job.

