Sender: LSF System <lsfadmin@lg02e08>
Subject: Job 242993252[8]: <trace_kin_v5t_perfolder_s1[1-10]> in cluster <chimera> Done

Job <trace_kin_v5t_perfolder_s1[1-10]> was submitted from host <li04e04> by user <wangc40> in cluster <chimera> at Mon May 11 17:12:43 2026
Job was executed on host(s) <16*lg02e08>, in queue <gpu>, as user <wangc40> in cluster <chimera> at Mon May 11 17:12:47 2026
</hpc/users/wangc40> was used as the home directory.
</sc/arion/projects/DiseaseGeneCell/Huang_lab_project/wangcDrugRepoProject/TRACE-Kin> was used as the working directory.
Started at Mon May 11 17:12:47 2026
Terminated at Mon May 11 17:28:25 2026
Results reported at Mon May 11 17:28:25 2026

Your job looked like:

------------------------------------------------------------
# LSBATCH: User input
#!/bin/bash
#BSUB -J trace_kin_v5t_perfolder_s1[1-10]
#BSUB -P acc_DiseaseGeneCell
#BSUB -q gpu
#BSUB -R h100nvl
#BSUB -gpu num=1
#BSUB -n 16
#BSUB -R "rusage[mem=15000]"
#BSUB -R "span[hosts=1]"
#BSUB -W 48:00
#BSUB -o %J.%I.stdout
#BSUB -eo %J.%I.stderr
#BSUB -L /bin/bash

# =============================================================================
# TRACE-Kin v5t (Vanilla Transformer + Cross-Attention) PER-FOLDER — top-10 cells
# =============================================================================
# Submit with:
#     bsub < training/run_v5t_perfolder_s1.lsf
#
# v5t = Transformer: MutaPLM per-residue (4096) -> Linear(512) -> Transformer
# self-attention x4 with Rotary PE -> cross-attention with ligand atoms
# (PNA + MoLFormer) -> substrate-conditioned pooling -> regression head.
#
# All cells use MUTAPLM embedding.
#
# For seeds 2 and 3, submit:
#     bsub < training/run_v5t_perfolder_s2.lsf
#     bsub < training/run_v5t_perfolder_s3.lsf
# =============================================================================

# --- Environment -------------------------------------------------------------
ml purge
source ~/.bashrc
module load anaconda3/2024.06
source activate test
module load cuda/12.4.0
export RAYON_NUM_THREADS=4
export PYTORCH_CUDA_ALLOC_CONF=expandable_segments:True
export PYTHONPATH="$PWD${PYTHONPATH:+:$PYTHONPATH}"

# --- Knobs (env overrides) ---------------------------------------------------
ENZYME_BASE="${ENZYME_BASE:-/sc/arion/projects/DiseaseGeneCell/Huang_lab_project/drug_discovery/output/data/enzyme_embeddings_dataset}"
RESULT_BASE="${RESULT_BASE:-/sc/arion/projects/DiseaseGeneCell/Huang_lab_project/wangcDrugRepoProject/TRACE_Kin_Results_v5t_transformer}"
MOLFORMER_PATH="${MOLFORMER_PATH:-/sc/arion/projects/DiseaseGeneCell/Huang_lab_project/wangcDrugRepoProject/transformersmodels/ibm/MoLFormer-XL-both-10pct}"
CONFIG_PATH="${CONFIG_PATH:-training/config_v5t.json}"
EPOCHS="${EPOCHS:-100}"
BATCH_SIZE="${BATCH_SIZE:-32}"
SEED=1
LRATE="${LRATE:-3e-4}"

(... more ...)
------------------------------------------------------------

Successfully completed.

Resource usage summary:

    CPU time :                                   1047.00 sec.
    Max Memory :                                 12940 MB
    Average Memory :                             12254.25 MB
    Total Requested Memory :                     240000.00 MB
    Delta Memory :                               227060.00 MB
    Max Swap :                                   -
    Max Processes :                              21
    Max Threads :                                54
    Run time :                                   938 sec.
    Turnaround time :                            942 sec.

The output (if any) follows:

==========================================
TRACE-Kin v5t (Transformer) PER-FOLDER task 8/10
==========================================
Date:        Mon May 11 17:12:50 EDT 2026
Dataset:     /sc/arion/projects/DiseaseGeneCell/Huang_lab_project/drug_discovery/output/data/enzyme_embeddings_dataset/catpred_dataset/catpred_ki_MUTAPLM_embedding_cold_protein
Result:      /sc/arion/projects/DiseaseGeneCell/Huang_lab_project/wangcDrugRepoProject/TRACE_Kin_Results_v5t_transformer/catpred_dataset/catpred_ki_MUTAPLM_embedding_cold_protein
Config:      training/config_v5t.json
MoLFormer:   /sc/arion/projects/DiseaseGeneCell/Huang_lab_project/wangcDrugRepoProject/transformersmodels/ibm/MoLFormer-XL-both-10pct
Pool CSVs:   (none — per-folder)
Model:       v5t Transformer (Self-Attn x4 with RoPE + cross-attn + MoLFormer ctx)
Epochs:      100, batch=32, seed=1, lr=3e-4
==========================================
Python 3.12.2
Python: /sc/arion/work/wangc40/test-env/envs/test/bin/python
CUDA device: NVIDIA H100 80GB HBM3, sm_90
============================================================
TRACE-Kin training
============================================================
Datafolder:        /sc/arion/projects/DiseaseGeneCell/Huang_lab_project/drug_discovery/output/data/enzyme_embeddings_dataset/catpred_dataset/catpred_ki_MUTAPLM_embedding_cold_protein
Result path:       /sc/arion/projects/DiseaseGeneCell/Huang_lab_project/wangcDrugRepoProject/TRACE_Kin_Results_v5t_transformer/catpred_dataset/catpred_ki_MUTAPLM_embedding_cold_protein
Config:            training/config_v5t.json
Pool train CSVs:   (none)
============================================================
[mem] before load_split_dataframes             max RSS = 0.62 GB
Loading primary train (essential cols): /sc/arion/projects/DiseaseGeneCell/Huang_lab_project/drug_discovery/output/data/enzyme_embeddings_dataset/catpred_dataset/catpred_ki_MUTAPLM_embedding_cold_protein/train.parquet
Loading primary test (essential cols): /sc/arion/projects/DiseaseGeneCell/Huang_lab_project/drug_discovery/output/data/enzyme_embeddings_dataset/catpred_dataset/catpred_ki_MUTAPLM_embedding_cold_protein/test.parquet
Loading primary val (essential cols): /sc/arion/projects/DiseaseGeneCell/Huang_lab_project/drug_discovery/output/data/enzyme_embeddings_dataset/catpred_dataset/catpred_ki_MUTAPLM_embedding_cold_protein/val.parquet
Detected prot_evo_channels = 4096 (1-row sample)
[mem] after load_split_dataframes (lite — feature cols not loaded) max RSS = 0.78 GB
model_version: v5t, use_swa: False
Reusing protein cache: /sc/arion/projects/DiseaseGeneCell/Huang_lab_project/drug_discovery/output/data/enzyme_embeddings_dataset/catpred_dataset/catpred_ki_MUTAPLM_embedding_cold_protein/protein.pt
Reusing ligand cache: /sc/arion/projects/DiseaseGeneCell/Huang_lab_project/drug_discovery/output/data/enzyme_embeddings_dataset/catpred_dataset/catpred_ki_MUTAPLM_embedding_cold_protein/ligand.pt
[mem] after preprocess                         max RSS = 11.10 GB
WARN: dropping 1 train rows with missing protein/ligand graphs.
loaders ready: train=259 test=74 val=41
[mem] after make_loaders                       max RSS = 11.10 GB
Built TraceKinV5T with 55,451,140 parameters
[AMP] enabled: dtype=torch.bfloat16
[LR schedule] schedule_lr=True, lrate=0.0003, min_lrate=1e-06, warmup_iters=0, lr_decay_iters=25900, total_iters=25900
Not in terminal, reprint now using normal build-in print function.
                              
                              
----------------------------------------
Epoch 001 with LR 0.000300: Model Results
----------------------------------------
Train MSE Loss: 3.9601, Train CLS Loss: 0.0000, Train MCLS Loss: 0.0000
Protein Cluster Region Loss - Ortho Loss: 0.0000, Cluster Loss: 0.0000
                              
Validation Results: {
    "ci": 0.7063,
    "classification_loss": 0.0,
    "cluster_loss": 0.0,
    "mae": 1.2389,
    "mse": 2.3328,
    "multiclassification_loss": 0.0,
    "ortho_loss": 0.0,
    "pearson": 0.5898,
    "regression_loss": 2.3362,
    "rm2": 0.3379,
    "rmse": 1.5273,
    "sd": 1.5116,
    "spearman": 0.5874,
    "spectral_loss": 0.0
}
                              
Test Results: {
    "ci": 0.686,
    "classification_loss": 0.0,
    "cluster_loss": 0.0,
    "mae": 1.284,
    "mse": 2.629,
    "multiclassification_loss": 0.0,
    "ortho_loss": 0.0,
    "pearson": 0.5262,
    "regression_loss": 2.6274,
    "rm2": 0.2695,
    "rmse": 1.6214,
    "sd": 1.5905,
    "spearman": 0.5322,
    "spectral_loss": 0.0
}
                              
                              
----------------------------------------
Epoch 002 with LR 0.000300: Model Results
----------------------------------------
Train MSE Loss: 2.4805, Train CLS Loss: 0.0000, Train MCLS Loss: 0.0000
Protein Cluster Region Loss - Ortho Loss: 0.0000, Cluster Loss: 0.0000
                              
Validation Results: {
    "ci": 0.7168,
    "classification_loss": 0.0,
    "cluster_loss": 0.0,
    "mae": 1.4909,
    "mse": 3.6412,
    "multiclassification_loss": 0.0,
    "ortho_loss": 0.0,
    "pearson": 0.6117,
    "regression_loss": 3.6509,
    "rm2": 0.2346,
    "rmse": 1.9082,
    "sd": 1.4808,
    "spearman": 0.6107,
    "spectral_loss": 0.0
}
                              
Test Results: {
    "ci": 0.686,
    "classification_loss": 0.0,
    "cluster_loss": 0.0,
    "mae": 1.284,
    "mse": 2.629,
    "multiclassification_loss": 0.0,
    "ortho_loss": 0.0,
    "pearson": 0.5262,
    "regression_loss": 2.6274,
    "rm2": 0.2695,
    "rmse": 1.6214,
    "sd": 1.5905,
    "spearman": 0.5322,
    "spectral_loss": 0.0
}
                              
                              
----------------------------------------
Epoch 003 with LR 0.000299: Model Results
----------------------------------------
Train MSE Loss: 2.1911, Train CLS Loss: 0.0000, Train MCLS Loss: 0.0000
Protein Cluster Region Loss - Ortho Loss: 0.0000, Cluster Loss: 0.0000
                              
Validation Results: {
    "ci": 0.7119,
    "classification_loss": 0.0,
    "cluster_loss": 0.0,
    "mae": 1.2032,
    "mse": 2.2714,
    "multiclassification_loss": 0.0,
    "ortho_loss": 0.0,
    "pearson": 0.6084,
    "regression_loss": 2.2748,
    "rm2": 0.348,
    "rmse": 1.5071,
    "sd": 1.4855,
    "spearman": 0.5982,
    "spectral_loss": 0.0
}
                              
Test Results: {
    "ci": 0.6753,
    "classification_loss": 0.0,
    "cluster_loss": 0.0,
    "mae": 1.3323,
    "mse": 2.9149,
    "multiclassification_loss": 0.0,
    "ortho_loss": 0.0,
    "pearson": 0.4857,
    "regression_loss": 2.9098,
    "rm2": 0.2161,
    "rmse": 1.7073,
    "sd": 1.6351,
    "spearman": 0.5015,
    "spectral_loss": 0.0
}
                              
                              
----------------------------------------
Epoch 004 with LR 0.000299: Model Results
----------------------------------------
Train MSE Loss: 2.0925, Train CLS Loss: 0.0000, Train MCLS Loss: 0.0000
Protein Cluster Region Loss - Ortho Loss: 0.0000, Cluster Loss: 0.0000
                              
Validation Results: {
    "ci": 0.7237,
    "classification_loss": 0.0,
    "cluster_loss": 0.0,
    "mae": 1.1552,
    "mse": 2.1407,
    "multiclassification_loss": 0.0,
    "ortho_loss": 0.0,
    "pearson": 0.6324,
    "regression_loss": 2.1466,
    "rm2": 0.3694,
    "rmse": 1.4631,
    "sd": 1.4501,
    "spearman": 0.6263,
    "spectral_loss": 0.0
}
                              
Test Results: {
    "ci": 0.6775,
    "classification_loss": 0.0,
    "cluster_loss": 0.0,
    "mae": 1.3012,
    "mse": 2.7969,
    "multiclassification_loss": 0.0,
    "ortho_loss": 0.0,
    "pearson": 0.4783,
    "regression_loss": 2.7918,
    "rm2": 0.2041,
    "rmse": 1.6724,
    "sd": 1.6427,
    "spearman": 0.5084,
    "spectral_loss": 0.0
}
                              
                              
----------------------------------------
Epoch 005 with LR 0.000298: Model Results
----------------------------------------
Train MSE Loss: 1.9216, Train CLS Loss: 0.0000, Train MCLS Loss: 0.0000
Protein Cluster Region Loss - Ortho Loss: 0.0000, Cluster Loss: 0.0000
                              
Validation Results: {
    "ci": 0.7019,
    "classification_loss": 0.0,
    "cluster_loss": 0.0,
    "mae": 1.2691,
    "mse": 2.6377,
    "multiclassification_loss": 0.0,
    "ortho_loss": 0.0,
    "pearson": 0.591,
    "regression_loss": 2.6443,
    "rm2": 0.2635,
    "rmse": 1.6241,
    "sd": 1.51,
    "spearman": 0.5732,
    "spectral_loss": 0.0
}
                              
Test Results: {
    "ci": 0.6775,
    "classification_loss": 0.0,
    "cluster_loss": 0.0,
    "mae": 1.3012,
    "mse": 2.7969,
    "multiclassification_loss": 0.0,
    "ortho_loss": 0.0,
    "pearson": 0.4783,
    "regression_loss": 2.7918,
    "rm2": 0.2041,
    "rmse": 1.6724,
    "sd": 1.6427,
    "spearman": 0.5084,
    "spectral_loss": 0.0
}
                              
                              
----------------------------------------
Epoch 006 with LR 0.000297: Model Results
----------------------------------------
Train MSE Loss: 2.2082, Train CLS Loss: 0.0000, Train MCLS Loss: 0.0000
Protein Cluster Region Loss - Ortho Loss: 0.0000, Cluster Loss: 0.0000
                              
Validation Results: {
    "ci": 0.7026,
    "classification_loss": 0.0,
    "cluster_loss": 0.0,
    "mae": 1.2789,
    "mse": 2.6238,
    "multiclassification_loss": 0.0,
    "ortho_loss": 0.0,
    "pearson": 0.5638,
    "regression_loss": 2.6269,
    "rm2": 0.2995,
    "rmse": 1.6198,
    "sd": 1.546,
    "spearman": 0.5702,
    "spectral_loss": 0.0
}
                              
Test Results: {
    "ci": 0.6775,
    "classification_loss": 0.0,
    "cluster_loss": 0.0,
    "mae": 1.3012,
    "mse": 2.7969,
    "multiclassification_loss": 0.0,
    "ortho_loss": 0.0,
    "pearson": 0.4783,
    "regression_loss": 2.7918,
    "rm2": 0.2041,
    "rmse": 1.6724,
    "sd": 1.6427,
    "spearman": 0.5084,
    "spectral_loss": 0.0
}
                              
                              
----------------------------------------
Epoch 007 with LR 0.000296: Model Results
----------------------------------------
Train MSE Loss: 2.0664, Train CLS Loss: 0.0000, Train MCLS Loss: 0.0000
Protein Cluster Region Loss - Ortho Loss: 0.0000, Cluster Loss: 0.0000
                              
Validation Results: {
    "ci": 0.7153,
    "classification_loss": 0.0,
    "cluster_loss": 0.0,
    "mae": 1.5818,
    "mse": 3.5999,
    "multiclassification_loss": 0.0,
    "ortho_loss": 0.0,
    "pearson": 0.6205,
    "regression_loss": 3.6003,
    "rm2": 0.3241,
    "rmse": 1.8973,
    "sd": 1.468,
    "spearman": 0.606,
    "spectral_loss": 0.0
}
                              
Test Results: {
    "ci": 0.6775,
    "classification_loss": 0.0,
    "cluster_loss": 0.0,
    "mae": 1.3012,
    "mse": 2.7969,
    "multiclassification_loss": 0.0,
    "ortho_loss": 0.0,
    "pearson": 0.4783,
    "regression_loss": 2.7918,
    "rm2": 0.2041,
    "rmse": 1.6724,
    "sd": 1.6427,
    "spearman": 0.5084,
    "spectral_loss": 0.0
}
                              
                              
----------------------------------------
Epoch 008 with LR 0.000295: Model Results
----------------------------------------
Train MSE Loss: 1.8281, Train CLS Loss: 0.0000, Train MCLS Loss: 0.0000
Protein Cluster Region Loss - Ortho Loss: 0.0000, Cluster Loss: 0.0000
                              
Validation Results: {
    "ci": 0.7094,
    "classification_loss": 0.0,
    "cluster_loss": 0.0,
    "mae": 1.2882,
    "mse": 2.4793,
    "multiclassification_loss": 0.0,
    "ortho_loss": 0.0,
    "pearson": 0.6106,
    "regression_loss": 2.4814,
    "rm2": 0.344,
    "rmse": 1.5746,
    "sd": 1.4825,
    "spearman": 0.5972,
    "spectral_loss": 0.0
}
                              
Test Results: {
    "ci": 0.6775,
    "classification_loss": 0.0,
    "cluster_loss": 0.0,
    "mae": 1.3012,
    "mse": 2.7969,
    "multiclassification_loss": 0.0,
    "ortho_loss": 0.0,
    "pearson": 0.4783,
    "regression_loss": 2.7918,
    "rm2": 0.2041,
    "rmse": 1.6724,
    "sd": 1.6427,
    "spearman": 0.5084,
    "spectral_loss": 0.0
}
                              
                              
----------------------------------------
Epoch 009 with LR 0.000294: Model Results
----------------------------------------
Train MSE Loss: 1.7166, Train CLS Loss: 0.0000, Train MCLS Loss: 0.0000
Protein Cluster Region Loss - Ortho Loss: 0.0000, Cluster Loss: 0.0000
                              
Validation Results: {
    "ci": 0.7099,
    "classification_loss": 0.0,
    "cluster_loss": 0.0,
    "mae": 1.3114,
    "mse": 2.6387,
    "multiclassification_loss": 0.0,
    "ortho_loss": 0.0,
    "pearson": 0.6083,
    "regression_loss": 2.6438,
    "rm2": 0.3694,
    "rmse": 1.6244,
    "sd": 1.4857,
    "spearman": 0.5944,
    "spectral_loss": 0.0
}
                              
Test Results: {
    "ci": 0.6775,
    "classification_loss": 0.0,
    "cluster_loss": 0.0,
    "mae": 1.3012,
    "mse": 2.7969,
    "multiclassification_loss": 0.0,
    "ortho_loss": 0.0,
    "pearson": 0.4783,
    "regression_loss": 2.7918,
    "rm2": 0.2041,
    "rmse": 1.6724,
    "sd": 1.6427,
    "spearman": 0.5084,
    "spectral_loss": 0.0
}
                              
                              
----------------------------------------
Epoch 010 with LR 0.000293: Model Results
----------------------------------------
Train MSE Loss: 1.6922, Train CLS Loss: 0.0000, Train MCLS Loss: 0.0000
Protein Cluster Region Loss - Ortho Loss: 0.0000, Cluster Loss: 0.0000
                              
Validation Results: {
    "ci": 0.6996,
    "classification_loss": 0.0,
    "cluster_loss": 0.0,
    "mae": 1.266,
    "mse": 2.478,
    "multiclassification_loss": 0.0,
    "ortho_loss": 0.0,
    "pearson": 0.5864,
    "regression_loss": 2.4841,
    "rm2": 0.3186,
    "rmse": 1.5742,
    "sd": 1.5163,
    "spearman": 0.5689,
    "spectral_loss": 0.0
}
                              
Test Results: {
    "ci": 0.6775,
    "classification_loss": 0.0,
    "cluster_loss": 0.0,
    "mae": 1.3012,
    "mse": 2.7969,
    "multiclassification_loss": 0.0,
    "ortho_loss": 0.0,
    "pearson": 0.4783,
    "regression_loss": 2.7918,
    "rm2": 0.2041,
    "rmse": 1.6724,
    "sd": 1.6427,
    "spearman": 0.5084,
    "spectral_loss": 0.0
}
                              
                              
----------------------------------------
Epoch 011 with LR 0.000291: Model Results
----------------------------------------
Train MSE Loss: 1.5767, Train CLS Loss: 0.0000, Train MCLS Loss: 0.0000
Protein Cluster Region Loss - Ortho Loss: 0.0000, Cluster Loss: 0.0000
                              
Validation Results: {
    "ci": 0.6957,
    "classification_loss": 0.0,
    "cluster_loss": 0.0,
    "mae": 1.2511,
    "mse": 2.4147,
    "multiclassification_loss": 0.0,
    "ortho_loss": 0.0,
    "pearson": 0.5766,
    "regression_loss": 2.4197,
    "rm2": 0.3247,
    "rmse": 1.5539,
    "sd": 1.5294,
    "spearman": 0.5588,
    "spectral_loss": 0.0
}
                              
Test Results: {
    "ci": 0.6775,
    "classification_loss": 0.0,
    "cluster_loss": 0.0,
    "mae": 1.3012,
    "mse": 2.7969,
    "multiclassification_loss": 0.0,
    "ortho_loss": 0.0,
    "pearson": 0.4783,
    "regression_loss": 2.7918,
    "rm2": 0.2041,
    "rmse": 1.6724,
    "sd": 1.6427,
    "spearman": 0.5084,
    "spectral_loss": 0.0
}
                              
                              
----------------------------------------
Epoch 012 with LR 0.000290: Model Results
----------------------------------------
Train MSE Loss: 1.5483, Train CLS Loss: 0.0000, Train MCLS Loss: 0.0000
Protein Cluster Region Loss - Ortho Loss: 0.0000, Cluster Loss: 0.0000
                              
Validation Results: {
    "ci": 0.694,
    "classification_loss": 0.0,
    "cluster_loss": 0.0,
    "mae": 1.2623,
    "mse": 2.6644,
    "multiclassification_loss": 0.0,
    "ortho_loss": 0.0,
    "pearson": 0.5718,
    "regression_loss": 2.6747,
    "rm2": 0.2601,
    "rmse": 1.6323,
    "sd": 1.5357,
    "spearman": 0.5555,
    "spectral_loss": 0.0
}
                              
Test Results: {
    "ci": 0.6775,
    "classification_loss": 0.0,
    "cluster_loss": 0.0,
    "mae": 1.3012,
    "mse": 2.7969,
    "multiclassification_loss": 0.0,
    "ortho_loss": 0.0,
    "pearson": 0.4783,
    "regression_loss": 2.7918,
    "rm2": 0.2041,
    "rmse": 1.6724,
    "sd": 1.6427,
    "spearman": 0.5084,
    "spectral_loss": 0.0
}
                              
                              
----------------------------------------
Epoch 013 with LR 0.000288: Model Results
----------------------------------------
Train MSE Loss: 1.5105, Train CLS Loss: 0.0000, Train MCLS Loss: 0.0000
Protein Cluster Region Loss - Ortho Loss: 0.0000, Cluster Loss: 0.0000
                              
Validation Results: {
    "ci": 0.7047,
    "classification_loss": 0.0,
    "cluster_loss": 0.0,
    "mae": 1.3567,
    "mse": 2.9708,
    "multiclassification_loss": 0.0,
    "ortho_loss": 0.0,
    "pearson": 0.5809,
    "regression_loss": 2.9818,
    "rm2": 0.239,
    "rmse": 1.7236,
    "sd": 1.5236,
    "spearman": 0.5828,
    "spectral_loss": 0.0
}
                              
Test Results: {
    "ci": 0.6775,
    "classification_loss": 0.0,
    "cluster_loss": 0.0,
    "mae": 1.3012,
    "mse": 2.7969,
    "multiclassification_loss": 0.0,
    "ortho_loss": 0.0,
    "pearson": 0.4783,
    "regression_loss": 2.7918,
    "rm2": 0.2041,
    "rmse": 1.6724,
    "sd": 1.6427,
    "spearman": 0.5084,
    "spectral_loss": 0.0
}
                              
                              
----------------------------------------
Epoch 014 with LR 0.000286: Model Results
----------------------------------------
Train MSE Loss: 1.5047, Train CLS Loss: 0.0000, Train MCLS Loss: 0.0000
Protein Cluster Region Loss - Ortho Loss: 0.0000, Cluster Loss: 0.0000
                              
Validation Results: {
    "ci": 0.7072,
    "classification_loss": 0.0,
    "cluster_loss": 0.0,
    "mae": 1.3079,
    "mse": 2.7443,
    "multiclassification_loss": 0.0,
    "ortho_loss": 0.0,
    "pearson": 0.5977,
    "regression_loss": 2.7546,
    "rm2": 0.2804,
    "rmse": 1.6566,
    "sd": 1.5008,
    "spearman": 0.5866,
    "spectral_loss": 0.0
}
                              
Test Results: {
    "ci": 0.6775,
    "classification_loss": 0.0,
    "cluster_loss": 0.0,
    "mae": 1.3012,
    "mse": 2.7969,
    "multiclassification_loss": 0.0,
    "ortho_loss": 0.0,
    "pearson": 0.4783,
    "regression_loss": 2.7918,
    "rm2": 0.2041,
    "rmse": 1.6724,
    "sd": 1.6427,
    "spearman": 0.5084,
    "spectral_loss": 0.0
}
                              
                              
----------------------------------------
Epoch 015 with LR 0.000284: Model Results
----------------------------------------
Train MSE Loss: 1.4047, Train CLS Loss: 0.0000, Train MCLS Loss: 0.0000
Protein Cluster Region Loss - Ortho Loss: 0.0000, Cluster Loss: 0.0000
                              
Validation Results: {
    "ci": 0.6963,
    "classification_loss": 0.0,
    "cluster_loss": 0.0,
    "mae": 1.2631,
    "mse": 2.5129,
    "multiclassification_loss": 0.0,
    "ortho_loss": 0.0,
    "pearson": 0.5805,
    "regression_loss": 2.5212,
    "rm2": 0.2842,
    "rmse": 1.5852,
    "sd": 1.5241,
    "spearman": 0.5632,
    "spectral_loss": 0.0
}
                              
Test Results: {
    "ci": 0.6775,
    "classification_loss": 0.0,
    "cluster_loss": 0.0,
    "mae": 1.3012,
    "mse": 2.7969,
    "multiclassification_loss": 0.0,
    "ortho_loss": 0.0,
    "pearson": 0.4783,
    "regression_loss": 2.7918,
    "rm2": 0.2041,
    "rmse": 1.6724,
    "sd": 1.6427,
    "spearman": 0.5084,
    "spectral_loss": 0.0
}
                              
                              
----------------------------------------
Epoch 016 with LR 0.000282: Model Results
----------------------------------------
Train MSE Loss: 1.4129, Train CLS Loss: 0.0000, Train MCLS Loss: 0.0000
Protein Cluster Region Loss - Ortho Loss: 0.0000, Cluster Loss: 0.0000
                              
Validation Results: {
    "ci": 0.694,
    "classification_loss": 0.0,
    "cluster_loss": 0.0,
    "mae": 1.2507,
    "mse": 2.4891,
    "multiclassification_loss": 0.0,
    "ortho_loss": 0.0,
    "pearson": 0.5726,
    "regression_loss": 2.4962,
    "rm2": 0.2797,
    "rmse": 1.5777,
    "sd": 1.5346,
    "spearman": 0.5567,
    "spectral_loss": 0.0
}
                              
Test Results: {
    "ci": 0.6775,
    "classification_loss": 0.0,
    "cluster_loss": 0.0,
    "mae": 1.3012,
    "mse": 2.7969,
    "multiclassification_loss": 0.0,
    "ortho_loss": 0.0,
    "pearson": 0.4783,
    "regression_loss": 2.7918,
    "rm2": 0.2041,
    "rmse": 1.6724,
    "sd": 1.6427,
    "spearman": 0.5084,
    "spectral_loss": 0.0
}
                              
                              
----------------------------------------
Epoch 017 with LR 0.000279: Model Results
----------------------------------------
Train MSE Loss: 1.3912, Train CLS Loss: 0.0000, Train MCLS Loss: 0.0000
Protein Cluster Region Loss - Ortho Loss: 0.0000, Cluster Loss: 0.0000
                              
Validation Results: {
    "ci": 0.6851,
    "classification_loss": 0.0,
    "cluster_loss": 0.0,
    "mae": 1.304,
    "mse": 2.7809,
    "multiclassification_loss": 0.0,
    "ortho_loss": 0.0,
    "pearson": 0.5509,
    "regression_loss": 2.7856,
    "rm2": 0.2359,
    "rmse": 1.6676,
    "sd": 1.5623,
    "spearman": 0.5305,
    "spectral_loss": 0.0
}
                              
Test Results: {
    "ci": 0.6775,
    "classification_loss": 0.0,
    "cluster_loss": 0.0,
    "mae": 1.3012,
    "mse": 2.7969,
    "multiclassification_loss": 0.0,
    "ortho_loss": 0.0,
    "pearson": 0.4783,
    "regression_loss": 2.7918,
    "rm2": 0.2041,
    "rmse": 1.6724,
    "sd": 1.6427,
    "spearman": 0.5084,
    "spectral_loss": 0.0
}
                              
                              
----------------------------------------
Epoch 018 with LR 0.000277: Model Results
----------------------------------------
Train MSE Loss: 1.3434, Train CLS Loss: 0.0000, Train MCLS Loss: 0.0000
Protein Cluster Region Loss - Ortho Loss: 0.0000, Cluster Loss: 0.0000
                              
Validation Results: {
    "ci": 0.702,
    "classification_loss": 0.0,
    "cluster_loss": 0.0,
    "mae": 1.2715,
    "mse": 2.543,
    "multiclassification_loss": 0.0,
    "ortho_loss": 0.0,
    "pearson": 0.5848,
    "regression_loss": 2.5506,
    "rm2": 0.2831,
    "rmse": 1.5947,
    "sd": 1.5184,
    "spearman": 0.5774,
    "spectral_loss": 0.0
}
                              
Test Results: {
    "ci": 0.6775,
    "classification_loss": 0.0,
    "cluster_loss": 0.0,
    "mae": 1.3012,
    "mse": 2.7969,
    "multiclassification_loss": 0.0,
    "ortho_loss": 0.0,
    "pearson": 0.4783,
    "regression_loss": 2.7918,
    "rm2": 0.2041,
    "rmse": 1.6724,
    "sd": 1.6427,
    "spearman": 0.5084,
    "spectral_loss": 0.0
}
                              
                              
----------------------------------------
Epoch 019 with LR 0.000274: Model Results
----------------------------------------
Train MSE Loss: 1.2940, Train CLS Loss: 0.0000, Train MCLS Loss: 0.0000
Protein Cluster Region Loss - Ortho Loss: 0.0000, Cluster Loss: 0.0000
                              
Validation Results: {
    "ci": 0.695,
    "classification_loss": 0.0,
    "cluster_loss": 0.0,
    "mae": 1.3267,
    "mse": 2.7681,
    "multiclassification_loss": 0.0,
    "ortho_loss": 0.0,
    "pearson": 0.5672,
    "regression_loss": 2.7755,
    "rm2": 0.263,
    "rmse": 1.6638,
    "sd": 1.5416,
    "spearman": 0.5609,
    "spectral_loss": 0.0
}
                              
Test Results: {
    "ci": 0.6775,
    "classification_loss": 0.0,
    "cluster_loss": 0.0,
    "mae": 1.3012,
    "mse": 2.7969,
    "multiclassification_loss": 0.0,
    "ortho_loss": 0.0,
    "pearson": 0.4783,
    "regression_loss": 2.7918,
    "rm2": 0.2041,
    "rmse": 1.6724,
    "sd": 1.6427,
    "spearman": 0.5084,
    "spectral_loss": 0.0
}

Early stopping at epoch 19 (no improvement for 15 epochs)
[best epoch] epoch=4, best_rmse=1.4631, lr_at_best=2.988e-04
                              
                              
----------------------------------------
Epoch 019 with LR 0.000274: Model Results
----------------------------------------
Train MSE Loss: 1.2940, Train CLS Loss: 0.0000, Train MCLS Loss: 0.0000
Protein Cluster Region Loss - Ortho Loss: 0.0000, Cluster Loss: 0.0000
                              
Validation Results: {
    "ci": 0.695,
    "classification_loss": 0.0,
    "cluster_loss": 0.0,
    "mae": 1.3267,
    "mse": 2.7681,
    "multiclassification_loss": 0.0,
    "ortho_loss": 0.0,
    "pearson": 0.5672,
    "regression_loss": 2.7755,
    "rm2": 0.263,
    "rmse": 1.6638,
    "sd": 1.5416,
    "spearman": 0.5609,
    "spectral_loss": 0.0
}
                              
Test Results: {
    "ci": 0.6775,
    "classification_loss": 0.0,
    "cluster_loss": 0.0,
    "mae": 1.3012,
    "mse": 2.7969,
    "multiclassification_loss": 0.0,
    "ortho_loss": 0.0,
    "pearson": 0.4783,
    "regression_loss": 2.7918,
    "rm2": 0.2041,
    "rmse": 1.6724,
    "sd": 1.6427,
    "spearman": 0.5084,
    "spectral_loss": 0.0
}
Final test metrics: rmse=1.6722, pearson=0.4782, r2_proxy(mse)=2.7964
Done. Predictions: /sc/arion/projects/DiseaseGeneCell/Huang_lab_project/wangcDrugRepoProject/TRACE_Kin_Results_v5t_transformer/catpred_dataset/catpred_ki_MUTAPLM_embedding_cold_protein/test_prediction_seed1.csv; checkpoint: /sc/arion/projects/DiseaseGeneCell/Huang_lab_project/wangcDrugRepoProject/TRACE_Kin_Results_v5t_transformer/catpred_dataset/catpred_ki_MUTAPLM_embedding_cold_protein/save_model_seed1/model.pt

==========================================
Array task 8/10: OK (catpred_ki_MUTAPLM_embedding_cold_protein)
==========================================


PS:

Read file <242993252.8.stderr> for stderr output of this job.

