Sender: LSF System <lsfadmin@lg02e09>
Subject: Job 242993252[10]: <trace_kin_v5t_perfolder_s1[1-10]> in cluster <chimera> Exited

Job <trace_kin_v5t_perfolder_s1[1-10]> was submitted from host <li04e04> by user <wangc40> in cluster <chimera> at Mon May 11 17:12:43 2026
Job was executed on host(s) <16*lg02e09>, in queue <gpu>, as user <wangc40> in cluster <chimera> at Mon May 11 17:12:43 2026
</hpc/users/wangc40> was used as the home directory.
</sc/arion/projects/DiseaseGeneCell/Huang_lab_project/wangcDrugRepoProject/TRACE-Kin> was used as the working directory.
Started at Mon May 11 17:12:43 2026
Terminated at Mon May 11 18:26:21 2026
Results reported at Mon May 11 18:26:21 2026

Your job looked like:

------------------------------------------------------------
# LSBATCH: User input
#!/bin/bash
#BSUB -J trace_kin_v5t_perfolder_s1[1-10]
#BSUB -P acc_DiseaseGeneCell
#BSUB -q gpu
#BSUB -R h100nvl
#BSUB -gpu num=1
#BSUB -n 16
#BSUB -R "rusage[mem=15000]"
#BSUB -R "span[hosts=1]"
#BSUB -W 48:00
#BSUB -o %J.%I.stdout
#BSUB -eo %J.%I.stderr
#BSUB -L /bin/bash

# =============================================================================
# TRACE-Kin v5t (Vanilla Transformer + Cross-Attention) PER-FOLDER — top-10 cells
# =============================================================================
# Submit with:
#     bsub < training/run_v5t_perfolder_s1.lsf
#
# v5t = Transformer: MutaPLM per-residue (4096) -> Linear(512) -> Transformer
# self-attention x4 with Rotary PE -> cross-attention with ligand atoms
# (PNA + MoLFormer) -> substrate-conditioned pooling -> regression head.
#
# All cells use MUTAPLM embedding.
#
# For seeds 2 and 3, submit:
#     bsub < training/run_v5t_perfolder_s2.lsf
#     bsub < training/run_v5t_perfolder_s3.lsf
# =============================================================================

# --- Environment -------------------------------------------------------------
ml purge
source ~/.bashrc
module load anaconda3/2024.06
source activate test
module load cuda/12.4.0
export RAYON_NUM_THREADS=4
export PYTORCH_CUDA_ALLOC_CONF=expandable_segments:True
export PYTHONPATH="$PWD${PYTHONPATH:+:$PYTHONPATH}"

# --- Knobs (env overrides) ---------------------------------------------------
ENZYME_BASE="${ENZYME_BASE:-/sc/arion/projects/DiseaseGeneCell/Huang_lab_project/drug_discovery/output/data/enzyme_embeddings_dataset}"
RESULT_BASE="${RESULT_BASE:-/sc/arion/projects/DiseaseGeneCell/Huang_lab_project/wangcDrugRepoProject/TRACE_Kin_Results_v5t_transformer}"
MOLFORMER_PATH="${MOLFORMER_PATH:-/sc/arion/projects/DiseaseGeneCell/Huang_lab_project/wangcDrugRepoProject/transformersmodels/ibm/MoLFormer-XL-both-10pct}"
CONFIG_PATH="${CONFIG_PATH:-training/config_v5t.json}"
EPOCHS="${EPOCHS:-100}"
BATCH_SIZE="${BATCH_SIZE:-32}"
SEED=1
LRATE="${LRATE:-3e-4}"

(... more ...)
------------------------------------------------------------

TERM_OWNER: job killed by owner.
Exited with exit code 130.

Resource usage summary:

    CPU time :                                   5442.00 sec.
    Max Memory :                                 55366 MB
    Average Memory :                             53986.14 MB
    Total Requested Memory :                     240000.00 MB
    Delta Memory :                               184634.00 MB
    Max Swap :                                   -
    Max Processes :                              21
    Max Threads :                                53
    Run time :                                   4418 sec.
    Turnaround time :                            4418 sec.

The output (if any) follows:

==========================================
TRACE-Kin v5t (Transformer) PER-FOLDER task 10/10
==========================================
Date:        Mon May 11 17:12:46 EDT 2026
Dataset:     /sc/arion/projects/DiseaseGeneCell/Huang_lab_project/drug_discovery/output/data/enzyme_embeddings_dataset/EITLEM_dataset/EITLEM_kcat_MUTAPLM_embedding_cold_protein
Result:      /sc/arion/projects/DiseaseGeneCell/Huang_lab_project/wangcDrugRepoProject/TRACE_Kin_Results_v5t_transformer/EITLEM_dataset/EITLEM_kcat_MUTAPLM_embedding_cold_protein
Config:      training/config_v5t.json
MoLFormer:   /sc/arion/projects/DiseaseGeneCell/Huang_lab_project/wangcDrugRepoProject/transformersmodels/ibm/MoLFormer-XL-both-10pct
Pool CSVs:   (none — per-folder)
Model:       v5t Transformer (Self-Attn x4 with RoPE + cross-attn + MoLFormer ctx)
Epochs:      100, batch=32, seed=1, lr=3e-4
==========================================
Python 3.12.2
Python: /sc/arion/work/wangc40/test-env/envs/test/bin/python
CUDA device: NVIDIA H100 80GB HBM3, sm_90
============================================================
TRACE-Kin training
============================================================
Datafolder:        /sc/arion/projects/DiseaseGeneCell/Huang_lab_project/drug_discovery/output/data/enzyme_embeddings_dataset/EITLEM_dataset/EITLEM_kcat_MUTAPLM_embedding_cold_protein
Result path:       /sc/arion/projects/DiseaseGeneCell/Huang_lab_project/wangcDrugRepoProject/TRACE_Kin_Results_v5t_transformer/EITLEM_dataset/EITLEM_kcat_MUTAPLM_embedding_cold_protein
Config:            training/config_v5t.json
Pool train CSVs:   (none)
============================================================
[mem] before load_split_dataframes             max RSS = 0.62 GB
Loading primary train (essential cols): /sc/arion/projects/DiseaseGeneCell/Huang_lab_project/drug_discovery/output/data/enzyme_embeddings_dataset/EITLEM_dataset/EITLEM_kcat_MUTAPLM_embedding_cold_protein/train.parquet
Loading primary test (essential cols): /sc/arion/projects/DiseaseGeneCell/Huang_lab_project/drug_discovery/output/data/enzyme_embeddings_dataset/EITLEM_dataset/EITLEM_kcat_MUTAPLM_embedding_cold_protein/test.parquet
Loading primary val (essential cols): /sc/arion/projects/DiseaseGeneCell/Huang_lab_project/drug_discovery/output/data/enzyme_embeddings_dataset/EITLEM_dataset/EITLEM_kcat_MUTAPLM_embedding_cold_protein/val.parquet
Detected prot_evo_channels = 4096 (1-row sample)
[mem] after load_split_dataframes (lite — feature cols not loaded) max RSS = 1.05 GB
model_version: v5t, use_swa: False
Reusing protein cache: /sc/arion/projects/DiseaseGeneCell/Huang_lab_project/drug_discovery/output/data/enzyme_embeddings_dataset/EITLEM_dataset/EITLEM_kcat_MUTAPLM_embedding_cold_protein/protein.pt
Reusing ligand cache: /sc/arion/projects/DiseaseGeneCell/Huang_lab_project/drug_discovery/output/data/enzyme_embeddings_dataset/EITLEM_dataset/EITLEM_kcat_MUTAPLM_embedding_cold_protein/ligand.pt
[mem] after preprocess                         max RSS = 52.51 GB
loaders ready: train=770 test=223 val=107
[mem] after make_loaders                       max RSS = 52.51 GB
Built TraceKinV5T with 55,451,140 parameters
[AMP] enabled: dtype=torch.bfloat16
[LR schedule] schedule_lr=True, lrate=0.0003, min_lrate=1e-06, warmup_iters=0, lr_decay_iters=77000, total_iters=77000
Not in terminal, reprint now using normal build-in print function.
                              
                              
----------------------------------------
Epoch 001 with LR 0.000300: Model Results
----------------------------------------
Train MSE Loss: 2.4607, Train CLS Loss: 0.0000, Train MCLS Loss: 0.0000
Protein Cluster Region Loss - Ortho Loss: 0.0000, Cluster Loss: 0.0000
                              
Validation Results: {
    "ci": 0.658,
    "classification_loss": 0.0,
    "cluster_loss": 0.0,
    "mae": 1.1908,
    "mse": 2.4231,
    "multiclassification_loss": 0.0,
    "ortho_loss": 0.0,
    "pearson": 0.4696,
    "regression_loss": 2.4267,
    "rm2": 0.1808,
    "rmse": 1.5566,
    "sd": 1.3746,
    "spearman": 0.4541,
    "spectral_loss": 0.0
}
                              
Test Results: {
    "ci": 0.6475,
    "classification_loss": 0.0,
    "cluster_loss": 0.0,
    "mae": 1.1354,
    "mse": 2.2133,
    "multiclassification_loss": 0.0,
    "ortho_loss": 0.0,
    "pearson": 0.4474,
    "regression_loss": 2.2135,
    "rm2": 0.1707,
    "rmse": 1.4877,
    "sd": 1.36,
    "spearman": 0.4278,
    "spectral_loss": 0.0
}
                              
                              
----------------------------------------
Epoch 002 with LR 0.000300: Model Results
----------------------------------------
Train MSE Loss: 1.7983, Train CLS Loss: 0.0000, Train MCLS Loss: 0.0000
Protein Cluster Region Loss - Ortho Loss: 0.0000, Cluster Loss: 0.0000
                              
Validation Results: {
    "ci": 0.6775,
    "classification_loss": 0.0,
    "cluster_loss": 0.0,
    "mae": 1.0233,
    "mse": 1.8071,
    "multiclassification_loss": 0.0,
    "ortho_loss": 0.0,
    "pearson": 0.5085,
    "regression_loss": 1.811,
    "rm2": 0.2475,
    "rmse": 1.3443,
    "sd": 1.3406,
    "spearman": 0.5067,
    "spectral_loss": 0.0
}
                              
Test Results: {
    "ci": 0.6613,
    "classification_loss": 0.0,
    "cluster_loss": 0.0,
    "mae": 1.0362,
    "mse": 1.7785,
    "multiclassification_loss": 0.0,
    "ortho_loss": 0.0,
    "pearson": 0.482,
    "regression_loss": 1.7791,
    "rm2": 0.23,
    "rmse": 1.3336,
    "sd": 1.3324,
    "spearman": 0.4626,
    "spectral_loss": 0.0
}
                              
                              
----------------------------------------
Epoch 003 with LR 0.000299: Model Results
----------------------------------------
Train MSE Loss: 1.6571, Train CLS Loss: 0.0000, Train MCLS Loss: 0.0000
Protein Cluster Region Loss - Ortho Loss: 0.0000, Cluster Loss: 0.0000
                              
Validation Results: {
    "ci": 0.674,
    "classification_loss": 0.0,
    "cluster_loss": 0.0,
    "mae": 1.0811,
    "mse": 1.9642,
    "multiclassification_loss": 0.0,
    "ortho_loss": 0.0,
    "pearson": 0.5002,
    "regression_loss": 1.9661,
    "rm2": 0.2119,
    "rmse": 1.4015,
    "sd": 1.3482,
    "spearman": 0.4943,
    "spectral_loss": 0.0
}
                              
Test Results: {
    "ci": 0.6613,
    "classification_loss": 0.0,
    "cluster_loss": 0.0,
    "mae": 1.0362,
    "mse": 1.7785,
    "multiclassification_loss": 0.0,
    "ortho_loss": 0.0,
    "pearson": 0.482,
    "regression_loss": 1.7791,
    "rm2": 0.23,
    "rmse": 1.3336,
    "sd": 1.3324,
    "spearman": 0.4626,
    "spectral_loss": 0.0
}
                              
                              
----------------------------------------
Epoch 004 with LR 0.000299: Model Results
----------------------------------------
Train MSE Loss: 1.5535, Train CLS Loss: 0.0000, Train MCLS Loss: 0.0000
Protein Cluster Region Loss - Ortho Loss: 0.0000, Cluster Loss: 0.0000
                              
Validation Results: {
    "ci": 0.6803,
    "classification_loss": 0.0,
    "cluster_loss": 0.0,
    "mae": 1.0431,
    "mse": 1.8204,
    "multiclassification_loss": 0.0,
    "ortho_loss": 0.0,
    "pearson": 0.5228,
    "regression_loss": 1.8236,
    "rm2": 0.2522,
    "rmse": 1.3492,
    "sd": 1.3273,
    "spearman": 0.5118,
    "spectral_loss": 0.0
}
                              
Test Results: {
    "ci": 0.6613,
    "classification_loss": 0.0,
    "cluster_loss": 0.0,
    "mae": 1.0362,
    "mse": 1.7785,
    "multiclassification_loss": 0.0,
    "ortho_loss": 0.0,
    "pearson": 0.482,
    "regression_loss": 1.7791,
    "rm2": 0.23,
    "rmse": 1.3336,
    "sd": 1.3324,
    "spearman": 0.4626,
    "spectral_loss": 0.0
}
                              
                              
----------------------------------------
Epoch 005 with LR 0.000298: Model Results
----------------------------------------
Train MSE Loss: 1.4556, Train CLS Loss: 0.0000, Train MCLS Loss: 0.0000
Protein Cluster Region Loss - Ortho Loss: 0.0000, Cluster Loss: 0.0000
                              
Validation Results: {
    "ci": 0.68,
    "classification_loss": 0.0,
    "cluster_loss": 0.0,
    "mae": 1.1391,
    "mse": 2.2417,
    "multiclassification_loss": 0.0,
    "ortho_loss": 0.0,
    "pearson": 0.5139,
    "regression_loss": 2.2415,
    "rm2": 0.2146,
    "rmse": 1.4972,
    "sd": 1.3356,
    "spearman": 0.5079,
    "spectral_loss": 0.0
}
                              
Test Results: {
    "ci": 0.6613,
    "classification_loss": 0.0,
    "cluster_loss": 0.0,
    "mae": 1.0362,
    "mse": 1.7785,
    "multiclassification_loss": 0.0,
    "ortho_loss": 0.0,
    "pearson": 0.482,
    "regression_loss": 1.7791,
    "rm2": 0.23,
    "rmse": 1.3336,
    "sd": 1.3324,
    "spearman": 0.4626,
    "spectral_loss": 0.0
}
                              
                              
----------------------------------------
Epoch 006 with LR 0.000297: Model Results
----------------------------------------
Train MSE Loss: 1.3724, Train CLS Loss: 0.0000, Train MCLS Loss: 0.0000
Protein Cluster Region Loss - Ortho Loss: 0.0000, Cluster Loss: 0.0000
                              
Validation Results: {
    "ci": 0.686,
    "classification_loss": 0.0,
    "cluster_loss": 0.0,
    "mae": 0.9916,
    "mse": 1.773,
    "multiclassification_loss": 0.0,
    "ortho_loss": 0.0,
    "pearson": 0.5304,
    "regression_loss": 1.777,
    "rm2": 0.2728,
    "rmse": 1.3315,
    "sd": 1.32,
    "spearman": 0.5223,
    "spectral_loss": 0.0
}
                              
Test Results: {
    "ci": 0.6714,
    "classification_loss": 0.0,
    "cluster_loss": 0.0,
    "mae": 1.0244,
    "mse": 1.7883,
    "multiclassification_loss": 0.0,
    "ortho_loss": 0.0,
    "pearson": 0.5056,
    "regression_loss": 1.788,
    "rm2": 0.235,
    "rmse": 1.3373,
    "sd": 1.312,
    "spearman": 0.4897,
    "spectral_loss": 0.0
}
                              
                              
----------------------------------------
Epoch 007 with LR 0.000296: Model Results
----------------------------------------
Train MSE Loss: 1.2953, Train CLS Loss: 0.0000, Train MCLS Loss: 0.0000
Protein Cluster Region Loss - Ortho Loss: 0.0000, Cluster Loss: 0.0000
                              
Validation Results: {
    "ci": 0.6869,
    "classification_loss": 0.0,
    "cluster_loss": 0.0,
    "mae": 1.0174,
    "mse": 1.8181,
    "multiclassification_loss": 0.0,
    "ortho_loss": 0.0,
    "pearson": 0.5297,
    "regression_loss": 1.8206,
    "rm2": 0.2465,
    "rmse": 1.3484,
    "sd": 1.3206,
    "spearman": 0.5241,
    "spectral_loss": 0.0
}
                              
Test Results: {
    "ci": 0.6714,
    "classification_loss": 0.0,
    "cluster_loss": 0.0,
    "mae": 1.0244,
    "mse": 1.7883,
    "multiclassification_loss": 0.0,
    "ortho_loss": 0.0,
    "pearson": 0.5056,
    "regression_loss": 1.788,
    "rm2": 0.235,
    "rmse": 1.3373,
    "sd": 1.312,
    "spearman": 0.4897,
    "spectral_loss": 0.0
}
                              
                              
----------------------------------------
Epoch 008 with LR 0.000295: Model Results
----------------------------------------
Train MSE Loss: 1.2620, Train CLS Loss: 0.0000, Train MCLS Loss: 0.0000
Protein Cluster Region Loss - Ortho Loss: 0.0000, Cluster Loss: 0.0000
                              
Validation Results: {
    "ci": 0.6922,
    "classification_loss": 0.0,
    "cluster_loss": 0.0,
    "mae": 0.989,
    "mse": 1.7796,
    "multiclassification_loss": 0.0,
    "ortho_loss": 0.0,
    "pearson": 0.5444,
    "regression_loss": 1.7852,
    "rm2": 0.2845,
    "rmse": 1.334,
    "sd": 1.306,
    "spearman": 0.5375,
    "spectral_loss": 0.0
}
                              
Test Results: {
    "ci": 0.6714,
    "classification_loss": 0.0,
    "cluster_loss": 0.0,
    "mae": 1.0244,
    "mse": 1.7883,
    "multiclassification_loss": 0.0,
    "ortho_loss": 0.0,
    "pearson": 0.5056,
    "regression_loss": 1.788,
    "rm2": 0.235,
    "rmse": 1.3373,
    "sd": 1.312,
    "spearman": 0.4897,
    "spectral_loss": 0.0
}
                              
                              
----------------------------------------
Epoch 009 with LR 0.000294: Model Results
----------------------------------------
Train MSE Loss: 1.1929, Train CLS Loss: 0.0000, Train MCLS Loss: 0.0000
Protein Cluster Region Loss - Ortho Loss: 0.0000, Cluster Loss: 0.0000
                              
Validation Results: {
    "ci": 0.6874,
    "classification_loss": 0.0,
    "cluster_loss": 0.0,
    "mae": 1.1039,
    "mse": 2.0969,
    "multiclassification_loss": 0.0,
    "ortho_loss": 0.0,
    "pearson": 0.5347,
    "regression_loss": 2.1029,
    "rm2": 0.2287,
    "rmse": 1.4481,
    "sd": 1.3157,
    "spearman": 0.5257,
    "spectral_loss": 0.0
}
                              
Test Results: {
    "ci": 0.6714,
    "classification_loss": 0.0,
    "cluster_loss": 0.0,
    "mae": 1.0244,
    "mse": 1.7883,
    "multiclassification_loss": 0.0,
    "ortho_loss": 0.0,
    "pearson": 0.5056,
    "regression_loss": 1.788,
    "rm2": 0.235,
    "rmse": 1.3373,
    "sd": 1.312,
    "spearman": 0.4897,
    "spectral_loss": 0.0
}
                              
                              
----------------------------------------
Epoch 010 with LR 0.000293: Model Results
----------------------------------------
Train MSE Loss: 1.1906, Train CLS Loss: 0.0000, Train MCLS Loss: 0.0000
Protein Cluster Region Loss - Ortho Loss: 0.0000, Cluster Loss: 0.0000
                              
Validation Results: {
    "ci": 0.6941,
    "classification_loss": 0.0,
    "cluster_loss": 0.0,
    "mae": 1.0025,
    "mse": 1.7689,
    "multiclassification_loss": 0.0,
    "ortho_loss": 0.0,
    "pearson": 0.5492,
    "regression_loss": 1.7747,
    "rm2": 0.2642,
    "rmse": 1.33,
    "sd": 1.3011,
    "spearman": 0.5429,
    "spectral_loss": 0.0
}
                              
Test Results: {
    "ci": 0.6773,
    "classification_loss": 0.0,
    "cluster_loss": 0.0,
    "mae": 1.0501,
    "mse": 1.8507,
    "multiclassification_loss": 0.0,
    "ortho_loss": 0.0,
    "pearson": 0.5159,
    "regression_loss": 1.8507,
    "rm2": 0.2221,
    "rmse": 1.3604,
    "sd": 1.3027,
    "spearman": 0.4999,
    "spectral_loss": 0.0
}
                              
                              
----------------------------------------
Epoch 011 with LR 0.000291: Model Results
----------------------------------------
Train MSE Loss: 1.1295, Train CLS Loss: 0.0000, Train MCLS Loss: 0.0000
Protein Cluster Region Loss - Ortho Loss: 0.0000, Cluster Loss: 0.0000
                              
Validation Results: {
    "ci": 0.6908,
    "classification_loss": 0.0,
    "cluster_loss": 0.0,
    "mae": 1.0213,
    "mse": 1.8945,
    "multiclassification_loss": 0.0,
    "ortho_loss": 0.0,
    "pearson": 0.5406,
    "regression_loss": 1.8959,
    "rm2": 0.2836,
    "rmse": 1.3764,
    "sd": 1.3099,
    "spearman": 0.533,
    "spectral_loss": 0.0
}
                              
Test Results: {
    "ci": 0.6773,
    "classification_loss": 0.0,
    "cluster_loss": 0.0,
    "mae": 1.0501,
    "mse": 1.8507,
    "multiclassification_loss": 0.0,
    "ortho_loss": 0.0,
    "pearson": 0.5159,
    "regression_loss": 1.8507,
    "rm2": 0.2221,
    "rmse": 1.3604,
    "sd": 1.3027,
    "spearman": 0.4999,
    "spectral_loss": 0.0
}
                              
                              
----------------------------------------
Epoch 012 with LR 0.000290: Model Results
----------------------------------------
Train MSE Loss: 1.1045, Train CLS Loss: 0.0000, Train MCLS Loss: 0.0000
Protein Cluster Region Loss - Ortho Loss: 0.0000, Cluster Loss: 0.0000
                              
Validation Results: {
    "ci": 0.6901,
    "classification_loss": 0.0,
    "cluster_loss": 0.0,
    "mae": 0.9853,
    "mse": 1.7718,
    "multiclassification_loss": 0.0,
    "ortho_loss": 0.0,
    "pearson": 0.5385,
    "regression_loss": 1.7741,
    "rm2": 0.2869,
    "rmse": 1.3311,
    "sd": 1.3119,
    "spearman": 0.5299,
    "spectral_loss": 0.0
}
                              
Test Results: {
    "ci": 0.6773,
    "classification_loss": 0.0,
    "cluster_loss": 0.0,
    "mae": 1.0501,
    "mse": 1.8507,
    "multiclassification_loss": 0.0,
    "ortho_loss": 0.0,
    "pearson": 0.5159,
    "regression_loss": 1.8507,
    "rm2": 0.2221,
    "rmse": 1.3604,
    "sd": 1.3027,
    "spearman": 0.4999,
    "spectral_loss": 0.0
}
                              
                              
----------------------------------------
Epoch 013 with LR 0.000288: Model Results
----------------------------------------
Train MSE Loss: 1.0843, Train CLS Loss: 0.0000, Train MCLS Loss: 0.0000
Protein Cluster Region Loss - Ortho Loss: 0.0000, Cluster Loss: 0.0000
                              
Validation Results: {
    "ci": 0.6832,
    "classification_loss": 0.0,
    "cluster_loss": 0.0,
    "mae": 0.9988,
    "mse": 1.772,
    "multiclassification_loss": 0.0,
    "ortho_loss": 0.0,
    "pearson": 0.5246,
    "regression_loss": 1.7735,
    "rm2": 0.2632,
    "rmse": 1.3312,
    "sd": 1.3255,
    "spearman": 0.5138,
    "spectral_loss": 0.0
}
                              
Test Results: {
    "ci": 0.6773,
    "classification_loss": 0.0,
    "cluster_loss": 0.0,
    "mae": 1.0501,
    "mse": 1.8507,
    "multiclassification_loss": 0.0,
    "ortho_loss": 0.0,
    "pearson": 0.5159,
    "regression_loss": 1.8507,
    "rm2": 0.2221,
    "rmse": 1.3604,
    "sd": 1.3027,
    "spearman": 0.4999,
    "spectral_loss": 0.0
}
                              
                              
----------------------------------------
Epoch 014 with LR 0.000286: Model Results
----------------------------------------
Train MSE Loss: 1.0697, Train CLS Loss: 0.0000, Train MCLS Loss: 0.0000
Protein Cluster Region Loss - Ortho Loss: 0.0000, Cluster Loss: 0.0000
                              
Validation Results: {
    "ci": 0.6918,
    "classification_loss": 0.0,
    "cluster_loss": 0.0,
    "mae": 1.0205,
    "mse": 1.9028,
    "multiclassification_loss": 0.0,
    "ortho_loss": 0.0,
    "pearson": 0.5413,
    "regression_loss": 1.9055,
    "rm2": 0.2837,
    "rmse": 1.3794,
    "sd": 1.3091,
    "spearman": 0.5353,
    "spectral_loss": 0.0
}
                              
Test Results: {
    "ci": 0.6773,
    "classification_loss": 0.0,
    "cluster_loss": 0.0,
    "mae": 1.0501,
    "mse": 1.8507,
    "multiclassification_loss": 0.0,
    "ortho_loss": 0.0,
    "pearson": 0.5159,
    "regression_loss": 1.8507,
    "rm2": 0.2221,
    "rmse": 1.3604,
    "sd": 1.3027,
    "spearman": 0.4999,
    "spectral_loss": 0.0
}
                              
                              
----------------------------------------
Epoch 015 with LR 0.000284: Model Results
----------------------------------------
Train MSE Loss: 1.0576, Train CLS Loss: 0.0000, Train MCLS Loss: 0.0000
Protein Cluster Region Loss - Ortho Loss: 0.0000, Cluster Loss: 0.0000
                              
Validation Results: {
    "ci": 0.6941,
    "classification_loss": 0.0,
    "cluster_loss": 0.0,
    "mae": 0.9935,
    "mse": 1.7919,
    "multiclassification_loss": 0.0,
    "ortho_loss": 0.0,
    "pearson": 0.5476,
    "regression_loss": 1.7977,
    "rm2": 0.2674,
    "rmse": 1.3386,
    "sd": 1.3028,
    "spearman": 0.539,
    "spectral_loss": 0.0
}
                              
Test Results: {
    "ci": 0.6773,
    "classification_loss": 0.0,
    "cluster_loss": 0.0,
    "mae": 1.0501,
    "mse": 1.8507,
    "multiclassification_loss": 0.0,
    "ortho_loss": 0.0,
    "pearson": 0.5159,
    "regression_loss": 1.8507,
    "rm2": 0.2221,
    "rmse": 1.3604,
    "sd": 1.3027,
    "spearman": 0.4999,
    "spectral_loss": 0.0
}
                              
                              
----------------------------------------
Epoch 016 with LR 0.000282: Model Results
----------------------------------------
Train MSE Loss: 1.0160, Train CLS Loss: 0.0000, Train MCLS Loss: 0.0000
Protein Cluster Region Loss - Ortho Loss: 0.0000, Cluster Loss: 0.0000
                              
Validation Results: {
    "ci": 0.6944,
    "classification_loss": 0.0,
    "cluster_loss": 0.0,
    "mae": 0.9984,
    "mse": 1.8461,
    "multiclassification_loss": 0.0,
    "ortho_loss": 0.0,
    "pearson": 0.5467,
    "regression_loss": 1.8485,
    "rm2": 0.2891,
    "rmse": 1.3587,
    "sd": 1.3037,
    "spearman": 0.5399,
    "spectral_loss": 0.0
}
                              
Test Results: {
    "ci": 0.6773,
    "classification_loss": 0.0,
    "cluster_loss": 0.0,
    "mae": 1.0501,
    "mse": 1.8507,
    "multiclassification_loss": 0.0,
    "ortho_loss": 0.0,
    "pearson": 0.5159,
    "regression_loss": 1.8507,
    "rm2": 0.2221,
    "rmse": 1.3604,
    "sd": 1.3027,
    "spearman": 0.4999,
    "spectral_loss": 0.0
}
                              
                              
----------------------------------------
Epoch 017 with LR 0.000279: Model Results
----------------------------------------
Train MSE Loss: 0.9996, Train CLS Loss: 0.0000, Train MCLS Loss: 0.0000
Protein Cluster Region Loss - Ortho Loss: 0.0000, Cluster Loss: 0.0000
                              
Validation Results: {
    "ci": 0.6934,
    "classification_loss": 0.0,
    "cluster_loss": 0.0,
    "mae": 0.989,
    "mse": 1.8099,
    "multiclassification_loss": 0.0,
    "ortho_loss": 0.0,
    "pearson": 0.5473,
    "regression_loss": 1.8136,
    "rm2": 0.2941,
    "rmse": 1.3453,
    "sd": 1.3031,
    "spearman": 0.5388,
    "spectral_loss": 0.0
}
                              
Test Results: {
    "ci": 0.6773,
    "classification_loss": 0.0,
    "cluster_loss": 0.0,
    "mae": 1.0501,
    "mse": 1.8507,
    "multiclassification_loss": 0.0,
    "ortho_loss": 0.0,
    "pearson": 0.5159,
    "regression_loss": 1.8507,
    "rm2": 0.2221,
    "rmse": 1.3604,
    "sd": 1.3027,
    "spearman": 0.4999,
    "spectral_loss": 0.0
}
                              
                              
----------------------------------------
Epoch 018 with LR 0.000277: Model Results
----------------------------------------
Train MSE Loss: 0.9802, Train CLS Loss: 0.0000, Train MCLS Loss: 0.0000
Protein Cluster Region Loss - Ortho Loss: 0.0000, Cluster Loss: 0.0000
                              
Validation Results: {
    "ci": 0.6954,
    "classification_loss": 0.0,
    "cluster_loss": 0.0,
    "mae": 1.0184,
    "mse": 1.8987,
    "multiclassification_loss": 0.0,
    "ortho_loss": 0.0,
    "pearson": 0.5507,
    "regression_loss": 1.9016,
    "rm2": 0.2684,
    "rmse": 1.3779,
    "sd": 1.2996,
    "spearman": 0.5434,
    "spectral_loss": 0.0
}
                              
Test Results: {
    "ci": 0.6773,
    "classification_loss": 0.0,
    "cluster_loss": 0.0,
    "mae": 1.0501,
    "mse": 1.8507,
    "multiclassification_loss": 0.0,
    "ortho_loss": 0.0,
    "pearson": 0.5159,
    "regression_loss": 1.8507,
    "rm2": 0.2221,
    "rmse": 1.3604,
    "sd": 1.3027,
    "spearman": 0.4999,
    "spectral_loss": 0.0
}
                              
                              
----------------------------------------
Epoch 019 with LR 0.000274: Model Results
----------------------------------------
Train MSE Loss: 0.9797, Train CLS Loss: 0.0000, Train MCLS Loss: 0.0000
Protein Cluster Region Loss - Ortho Loss: 0.0000, Cluster Loss: 0.0000
                              
Validation Results: {
    "ci": 0.694,
    "classification_loss": 0.0,
    "cluster_loss": 0.0,
    "mae": 0.9914,
    "mse": 1.8244,
    "multiclassification_loss": 0.0,
    "ortho_loss": 0.0,
    "pearson": 0.5453,
    "regression_loss": 1.8258,
    "rm2": 0.2964,
    "rmse": 1.3507,
    "sd": 1.3051,
    "spearman": 0.5385,
    "spectral_loss": 0.0
}
                              
Test Results: {
    "ci": 0.6773,
    "classification_loss": 0.0,
    "cluster_loss": 0.0,
    "mae": 1.0501,
    "mse": 1.8507,
    "multiclassification_loss": 0.0,
    "ortho_loss": 0.0,
    "pearson": 0.5159,
    "regression_loss": 1.8507,
    "rm2": 0.2221,
    "rmse": 1.3604,
    "sd": 1.3027,
    "spearman": 0.4999,
    "spectral_loss": 0.0
}
                              
                              
----------------------------------------
Epoch 020 with LR 0.000271: Model Results
----------------------------------------
Train MSE Loss: 0.9778, Train CLS Loss: 0.0000, Train MCLS Loss: 0.0000
Protein Cluster Region Loss - Ortho Loss: 0.0000, Cluster Loss: 0.0000
                              
Validation Results: {
    "ci": 0.6932,
    "classification_loss": 0.0,
    "cluster_loss": 0.0,
    "mae": 0.9907,
    "mse": 1.8045,
    "multiclassification_loss": 0.0,
    "ortho_loss": 0.0,
    "pearson": 0.5469,
    "regression_loss": 1.8073,
    "rm2": 0.2678,
    "rmse": 1.3433,
    "sd": 1.3035,
    "spearman": 0.5354,
    "spectral_loss": 0.0
}
                              
Test Results: {
    "ci": 0.6773,
    "classification_loss": 0.0,
    "cluster_loss": 0.0,
    "mae": 1.0501,
    "mse": 1.8507,
    "multiclassification_loss": 0.0,
    "ortho_loss": 0.0,
    "pearson": 0.5159,
    "regression_loss": 1.8507,
    "rm2": 0.2221,
    "rmse": 1.3604,
    "sd": 1.3027,
    "spearman": 0.4999,
    "spectral_loss": 0.0
}
                              
                              
----------------------------------------
Epoch 021 with LR 0.000269: Model Results
----------------------------------------
Train MSE Loss: 0.9617, Train CLS Loss: 0.0000, Train MCLS Loss: 0.0000
Protein Cluster Region Loss - Ortho Loss: 0.0000, Cluster Loss: 0.0000
                              
Validation Results: {
    "ci": 0.6924,
    "classification_loss": 0.0,
    "cluster_loss": 0.0,
    "mae": 0.9745,
    "mse": 1.7444,
    "multiclassification_loss": 0.0,
    "ortho_loss": 0.0,
    "pearson": 0.5378,
    "regression_loss": 1.7473,
    "rm2": 0.281,
    "rmse": 1.3208,
    "sd": 1.3126,
    "spearman": 0.5333,
    "spectral_loss": 0.0
}
                              
Test Results: {
    "ci": 0.6844,
    "classification_loss": 0.0,
    "cluster_loss": 0.0,
    "mae": 0.9974,
    "mse": 1.7318,
    "multiclassification_loss": 0.0,
    "ortho_loss": 0.0,
    "pearson": 0.5216,
    "regression_loss": 1.7313,
    "rm2": 0.2515,
    "rmse": 1.316,
    "sd": 1.2975,
    "spearman": 0.5198,
    "spectral_loss": 0.0
}
                              
                              
----------------------------------------
Epoch 022 with LR 0.000266: Model Results
----------------------------------------
Train MSE Loss: 0.9566, Train CLS Loss: 0.0000, Train MCLS Loss: 0.0000
Protein Cluster Region Loss - Ortho Loss: 0.0000, Cluster Loss: 0.0000
                              
Validation Results: {
    "ci": 0.696,
    "classification_loss": 0.0,
    "cluster_loss": 0.0,
    "mae": 0.9619,
    "mse": 1.7237,
    "multiclassification_loss": 0.0,
    "ortho_loss": 0.0,
    "pearson": 0.5509,
    "regression_loss": 1.7265,
    "rm2": 0.3015,
    "rmse": 1.3129,
    "sd": 1.2994,
    "spearman": 0.543,
    "spectral_loss": 0.0
}
                              
Test Results: {
    "ci": 0.6818,
    "classification_loss": 0.0,
    "cluster_loss": 0.0,
    "mae": 0.9954,
    "mse": 1.753,
    "multiclassification_loss": 0.0,
    "ortho_loss": 0.0,
    "pearson": 0.5168,
    "regression_loss": 1.7526,
    "rm2": 0.2512,
    "rmse": 1.324,
    "sd": 1.3018,
    "spearman": 0.5133,
    "spectral_loss": 0.0
}
                              
                              
----------------------------------------
Epoch 023 with LR 0.000263: Model Results
----------------------------------------
Train MSE Loss: 0.9441, Train CLS Loss: 0.0000, Train MCLS Loss: 0.0000
Protein Cluster Region Loss - Ortho Loss: 0.0000, Cluster Loss: 0.0000
                              
Validation Results: {
    "ci": 0.6892,
    "classification_loss": 0.0,
    "cluster_loss": 0.0,
    "mae": 0.9961,
    "mse": 1.8554,
    "multiclassification_loss": 0.0,
    "ortho_loss": 0.0,
    "pearson": 0.5308,
    "regression_loss": 1.8584,
    "rm2": 0.2682,
    "rmse": 1.3621,
    "sd": 1.3195,
    "spearman": 0.5242,
    "spectral_loss": 0.0
}
                              
Test Results: {
    "ci": 0.6818,
    "classification_loss": 0.0,
    "cluster_loss": 0.0,
    "mae": 0.9954,
    "mse": 1.753,
    "multiclassification_loss": 0.0,
    "ortho_loss": 0.0,
    "pearson": 0.5168,
    "regression_loss": 1.7526,
    "rm2": 0.2512,
    "rmse": 1.324,
    "sd": 1.3018,
    "spearman": 0.5133,
    "spectral_loss": 0.0
}
                              
                              
----------------------------------------
Epoch 024 with LR 0.000259: Model Results
----------------------------------------
Train MSE Loss: 0.9568, Train CLS Loss: 0.0000, Train MCLS Loss: 0.0000
Protein Cluster Region Loss - Ortho Loss: 0.0000, Cluster Loss: 0.0000
                              
Validation Results: {
    "ci": 0.6932,
    "classification_loss": 0.0,
    "cluster_loss": 0.0,
    "mae": 0.9968,
    "mse": 1.8465,
    "multiclassification_loss": 0.0,
    "ortho_loss": 0.0,
    "pearson": 0.5406,
    "regression_loss": 1.8477,
    "rm2": 0.2832,
    "rmse": 1.3589,
    "sd": 1.3099,
    "spearman": 0.5367,
    "spectral_loss": 0.0
}
                              
Test Results: {
    "ci": 0.6818,
    "classification_loss": 0.0,
    "cluster_loss": 0.0,
    "mae": 0.9954,
    "mse": 1.753,
    "multiclassification_loss": 0.0,
    "ortho_loss": 0.0,
    "pearson": 0.5168,
    "regression_loss": 1.7526,
    "rm2": 0.2512,
    "rmse": 1.324,
    "sd": 1.3018,
    "spearman": 0.5133,
    "spectral_loss": 0.0
}
                              
                              
----------------------------------------
Epoch 024 with LR 0.000259: Model Results
----------------------------------------
Train MSE Loss: 0.9568, Train CLS Loss: 0.0000, Train MCLS Loss: 0.0000
Protein Cluster Region Loss - Ortho Loss: 0.0000, Cluster Loss: 0.0000
                              
Validation Results: {
    "ci": 0.6932,
    "classification_loss": 0.0,
    "cluster_loss": 0.0,
    "mae": 0.9968,
    "mse": 1.8465,
    "multiclassification_loss": 0.0,
    "ortho_loss": 0.0,
    "pearson": 0.5406,
    "regression_loss": 1.8477,
    "rm2": 0.2832,
    "rmse": 1.3589,
    "sd": 1.3099,
    "spearman": 0.5367,
    "spectral_loss": 0.0
}
                              
Test Results: {
    "ci": 0.6818,
    "classification_loss": 0.0,
    "cluster_loss": 0.0,
    "mae": 0.9954,
    "mse": 1.753,
    "multiclassification_loss": 0.0,
    "ortho_loss": 0.0,
    "pearson": 0.5168,
    "regression_loss": 1.7526,
    "rm2": 0.2512,
    "rmse": 1.324,
    "sd": 1.3018,
    "spearman": 0.5133,
    "spectral_loss": 0.0
}


PS:

Read file <242993252.10.stderr> for stderr output of this job.

