Sender: LSF System <lsfadmin@lg02e03>
Subject: Job 242993252[2]: <trace_kin_v5t_perfolder_s1[1-10]> in cluster <chimera> Done

Job <trace_kin_v5t_perfolder_s1[1-10]> was submitted from host <li04e04> by user <wangc40> in cluster <chimera> at Mon May 11 17:12:43 2026
Job was executed on host(s) <16*lg02e03>, in queue <gpu>, as user <wangc40> in cluster <chimera> at Mon May 11 17:12:47 2026
</hpc/users/wangc40> was used as the home directory.
</sc/arion/projects/DiseaseGeneCell/Huang_lab_project/wangcDrugRepoProject/TRACE-Kin> was used as the working directory.
Started at Mon May 11 17:12:47 2026
Terminated at Mon May 11 18:24:43 2026
Results reported at Mon May 11 18:24:43 2026

Your job looked like:

------------------------------------------------------------
# LSBATCH: User input
#!/bin/bash
#BSUB -J trace_kin_v5t_perfolder_s1[1-10]
#BSUB -P acc_DiseaseGeneCell
#BSUB -q gpu
#BSUB -R h100nvl
#BSUB -gpu num=1
#BSUB -n 16
#BSUB -R "rusage[mem=15000]"
#BSUB -R "span[hosts=1]"
#BSUB -W 48:00
#BSUB -o %J.%I.stdout
#BSUB -eo %J.%I.stderr
#BSUB -L /bin/bash

# =============================================================================
# TRACE-Kin v5t (Vanilla Transformer + Cross-Attention) PER-FOLDER — top-10 cells
# =============================================================================
# Submit with:
#     bsub < training/run_v5t_perfolder_s1.lsf
#
# v5t = Transformer: MutaPLM per-residue (4096) -> Linear(512) -> Transformer
# self-attention x4 with Rotary PE -> cross-attention with ligand atoms
# (PNA + MoLFormer) -> substrate-conditioned pooling -> regression head.
#
# All cells use MUTAPLM embedding.
#
# For seeds 2 and 3, submit:
#     bsub < training/run_v5t_perfolder_s2.lsf
#     bsub < training/run_v5t_perfolder_s3.lsf
# =============================================================================

# --- Environment -------------------------------------------------------------
ml purge
source ~/.bashrc
module load anaconda3/2024.06
source activate test
module load cuda/12.4.0
export RAYON_NUM_THREADS=4
export PYTORCH_CUDA_ALLOC_CONF=expandable_segments:True
export PYTHONPATH="$PWD${PYTHONPATH:+:$PYTHONPATH}"

# --- Knobs (env overrides) ---------------------------------------------------
ENZYME_BASE="${ENZYME_BASE:-/sc/arion/projects/DiseaseGeneCell/Huang_lab_project/drug_discovery/output/data/enzyme_embeddings_dataset}"
RESULT_BASE="${RESULT_BASE:-/sc/arion/projects/DiseaseGeneCell/Huang_lab_project/wangcDrugRepoProject/TRACE_Kin_Results_v5t_transformer}"
MOLFORMER_PATH="${MOLFORMER_PATH:-/sc/arion/projects/DiseaseGeneCell/Huang_lab_project/wangcDrugRepoProject/transformersmodels/ibm/MoLFormer-XL-both-10pct}"
CONFIG_PATH="${CONFIG_PATH:-training/config_v5t.json}"
EPOCHS="${EPOCHS:-100}"
BATCH_SIZE="${BATCH_SIZE:-32}"
SEED=1
LRATE="${LRATE:-3e-4}"

(... more ...)
------------------------------------------------------------

Successfully completed.

Resource usage summary:

    CPU time :                                   4959.00 sec.
    Max Memory :                                 27732 MB
    Average Memory :                             27174.22 MB
    Total Requested Memory :                     240000.00 MB
    Delta Memory :                               212268.00 MB
    Max Swap :                                   -
    Max Processes :                              21
    Max Threads :                                54
    Run time :                                   4315 sec.
    Turnaround time :                            4320 sec.

The output (if any) follows:

==========================================
TRACE-Kin v5t (Transformer) PER-FOLDER task 2/10
==========================================
Date:        Mon May 11 17:12:50 EDT 2026
Dataset:     /sc/arion/projects/DiseaseGeneCell/Huang_lab_project/drug_discovery/output/data/enzyme_embeddings_dataset/catpred_dataset/catpred_kcat_MUTAPLM_embedding_random
Result:      /sc/arion/projects/DiseaseGeneCell/Huang_lab_project/wangcDrugRepoProject/TRACE_Kin_Results_v5t_transformer/catpred_dataset/catpred_kcat_MUTAPLM_embedding_random
Config:      training/config_v5t.json
MoLFormer:   /sc/arion/projects/DiseaseGeneCell/Huang_lab_project/wangcDrugRepoProject/transformersmodels/ibm/MoLFormer-XL-both-10pct
Pool CSVs:   (none — per-folder)
Model:       v5t Transformer (Self-Attn x4 with RoPE + cross-attn + MoLFormer ctx)
Epochs:      100, batch=32, seed=1, lr=3e-4
==========================================
Python 3.12.2
Python: /sc/arion/work/wangc40/test-env/envs/test/bin/python
CUDA device: NVIDIA H100 80GB HBM3, sm_90
============================================================
TRACE-Kin training
============================================================
Datafolder:        /sc/arion/projects/DiseaseGeneCell/Huang_lab_project/drug_discovery/output/data/enzyme_embeddings_dataset/catpred_dataset/catpred_kcat_MUTAPLM_embedding_random
Result path:       /sc/arion/projects/DiseaseGeneCell/Huang_lab_project/wangcDrugRepoProject/TRACE_Kin_Results_v5t_transformer/catpred_dataset/catpred_kcat_MUTAPLM_embedding_random
Config:            training/config_v5t.json
Pool train CSVs:   (none)
============================================================
[mem] before load_split_dataframes             max RSS = 0.61 GB
Loading primary train (essential cols): /sc/arion/projects/DiseaseGeneCell/Huang_lab_project/drug_discovery/output/data/enzyme_embeddings_dataset/catpred_dataset/catpred_kcat_MUTAPLM_embedding_random/train.parquet
Loading primary test (essential cols): /sc/arion/projects/DiseaseGeneCell/Huang_lab_project/drug_discovery/output/data/enzyme_embeddings_dataset/catpred_dataset/catpred_kcat_MUTAPLM_embedding_random/test.parquet
Loading primary val (essential cols): /sc/arion/projects/DiseaseGeneCell/Huang_lab_project/drug_discovery/output/data/enzyme_embeddings_dataset/catpred_dataset/catpred_kcat_MUTAPLM_embedding_random/val.parquet
Detected prot_evo_channels = 4096 (1-row sample)
[mem] after load_split_dataframes (lite — feature cols not loaded) max RSS = 0.96 GB
model_version: v5t, use_swa: False
Reusing protein cache: /sc/arion/projects/DiseaseGeneCell/Huang_lab_project/drug_discovery/output/data/enzyme_embeddings_dataset/catpred_dataset/catpred_kcat_MUTAPLM_embedding_random/protein.pt
Reusing ligand cache: /sc/arion/projects/DiseaseGeneCell/Huang_lab_project/drug_discovery/output/data/enzyme_embeddings_dataset/catpred_dataset/catpred_kcat_MUTAPLM_embedding_random/ligand.pt
[mem] after preprocess                         max RSS = 25.72 GB
loaders ready: train=579 test=73 val=73
[mem] after make_loaders                       max RSS = 25.72 GB
Built TraceKinV5T with 55,451,140 parameters
[AMP] enabled: dtype=torch.bfloat16
[LR schedule] schedule_lr=True, lrate=0.0003, min_lrate=1e-06, warmup_iters=0, lr_decay_iters=57900, total_iters=57900
Not in terminal, reprint now using normal build-in print function.
                              
                              
----------------------------------------
Epoch 001 with LR 0.000300: Model Results
----------------------------------------
Train MSE Loss: 3.2136, Train CLS Loss: 0.0000, Train MCLS Loss: 0.0000
Protein Cluster Region Loss - Ortho Loss: 0.0000, Cluster Loss: 0.0000
                              
Validation Results: {
    "ci": 0.6462,
    "classification_loss": 0.0,
    "cluster_loss": 0.0,
    "mae": 1.388,
    "mse": 3.0186,
    "multiclassification_loss": 0.0,
    "ortho_loss": 0.0,
    "pearson": 0.4423,
    "regression_loss": 3.0324,
    "rm2": 0.1613,
    "rmse": 1.7374,
    "sd": 1.4697,
    "spearman": 0.4237,
    "spectral_loss": 0.0
}
                              
Test Results: {
    "ci": 0.6458,
    "classification_loss": 0.0,
    "cluster_loss": 0.0,
    "mae": 1.4202,
    "mse": 3.1942,
    "multiclassification_loss": 0.0,
    "ortho_loss": 0.0,
    "pearson": 0.4316,
    "regression_loss": 3.2221,
    "rm2": 0.1636,
    "rmse": 1.7872,
    "sd": 1.485,
    "spearman": 0.4215,
    "spectral_loss": 0.0
}
                              
                              
----------------------------------------
Epoch 002 with LR 0.000300: Model Results
----------------------------------------
Train MSE Loss: 2.4116, Train CLS Loss: 0.0000, Train MCLS Loss: 0.0000
Protein Cluster Region Loss - Ortho Loss: 0.0000, Cluster Loss: 0.0000
                              
Validation Results: {
    "ci": 0.6606,
    "classification_loss": 0.0,
    "cluster_loss": 0.0,
    "mae": 1.1375,
    "mse": 2.1913,
    "multiclassification_loss": 0.0,
    "ortho_loss": 0.0,
    "pearson": 0.4925,
    "regression_loss": 2.1899,
    "rm2": 0.2162,
    "rmse": 1.4803,
    "sd": 1.4262,
    "spearman": 0.4591,
    "spectral_loss": 0.0
}
                              
Test Results: {
    "ci": 0.6651,
    "classification_loss": 0.0,
    "cluster_loss": 0.0,
    "mae": 1.1217,
    "mse": 2.1594,
    "multiclassification_loss": 0.0,
    "ortho_loss": 0.0,
    "pearson": 0.4932,
    "regression_loss": 2.1617,
    "rm2": 0.2203,
    "rmse": 1.4695,
    "sd": 1.4321,
    "spearman": 0.4719,
    "spectral_loss": 0.0
}
                              
                              
----------------------------------------
Epoch 003 with LR 0.000299: Model Results
----------------------------------------
Train MSE Loss: 2.1262, Train CLS Loss: 0.0000, Train MCLS Loss: 0.0000
Protein Cluster Region Loss - Ortho Loss: 0.0000, Cluster Loss: 0.0000
                              
Validation Results: {
    "ci": 0.6705,
    "classification_loss": 0.0,
    "cluster_loss": 0.0,
    "mae": 1.0596,
    "mse": 1.9387,
    "multiclassification_loss": 0.0,
    "ortho_loss": 0.0,
    "pearson": 0.528,
    "regression_loss": 1.9421,
    "rm2": 0.2722,
    "rmse": 1.3924,
    "sd": 1.3916,
    "spearman": 0.4836,
    "spectral_loss": 0.0
}
                              
Test Results: {
    "ci": 0.6811,
    "classification_loss": 0.0,
    "cluster_loss": 0.0,
    "mae": 1.0507,
    "mse": 1.9348,
    "multiclassification_loss": 0.0,
    "ortho_loss": 0.0,
    "pearson": 0.5391,
    "regression_loss": 1.9475,
    "rm2": 0.2786,
    "rmse": 1.391,
    "sd": 1.3865,
    "spearman": 0.5123,
    "spectral_loss": 0.0
}
                              
                              
----------------------------------------
Epoch 004 with LR 0.000299: Model Results
----------------------------------------
Train MSE Loss: 1.9663, Train CLS Loss: 0.0000, Train MCLS Loss: 0.0000
Protein Cluster Region Loss - Ortho Loss: 0.0000, Cluster Loss: 0.0000
                              
Validation Results: {
    "ci": 0.6757,
    "classification_loss": 0.0,
    "cluster_loss": 0.0,
    "mae": 1.0488,
    "mse": 1.914,
    "multiclassification_loss": 0.0,
    "ortho_loss": 0.0,
    "pearson": 0.5435,
    "regression_loss": 1.9119,
    "rm2": 0.295,
    "rmse": 1.3835,
    "sd": 1.3755,
    "spearman": 0.4957,
    "spectral_loss": 0.0
}
                              
Test Results: {
    "ci": 0.6937,
    "classification_loss": 0.0,
    "cluster_loss": 0.0,
    "mae": 1.0136,
    "mse": 1.8332,
    "multiclassification_loss": 0.0,
    "ortho_loss": 0.0,
    "pearson": 0.5718,
    "regression_loss": 1.8429,
    "rm2": 0.3246,
    "rmse": 1.354,
    "sd": 1.3506,
    "spearman": 0.5431,
    "spectral_loss": 0.0
}
                              
                              
----------------------------------------
Epoch 005 with LR 0.000298: Model Results
----------------------------------------
Train MSE Loss: 1.8672, Train CLS Loss: 0.0000, Train MCLS Loss: 0.0000
Protein Cluster Region Loss - Ortho Loss: 0.0000, Cluster Loss: 0.0000
                              
Validation Results: {
    "ci": 0.6823,
    "classification_loss": 0.0,
    "cluster_loss": 0.0,
    "mae": 1.096,
    "mse": 2.0479,
    "multiclassification_loss": 0.0,
    "ortho_loss": 0.0,
    "pearson": 0.5639,
    "regression_loss": 2.0438,
    "rm2": 0.2843,
    "rmse": 1.431,
    "sd": 1.3533,
    "spearman": 0.5136,
    "spectral_loss": 0.0
}
                              
Test Results: {
    "ci": 0.6937,
    "classification_loss": 0.0,
    "cluster_loss": 0.0,
    "mae": 1.0136,
    "mse": 1.8332,
    "multiclassification_loss": 0.0,
    "ortho_loss": 0.0,
    "pearson": 0.5718,
    "regression_loss": 1.8429,
    "rm2": 0.3246,
    "rmse": 1.354,
    "sd": 1.3506,
    "spearman": 0.5431,
    "spectral_loss": 0.0
}
                              
                              
----------------------------------------
Epoch 006 with LR 0.000297: Model Results
----------------------------------------
Train MSE Loss: 1.7612, Train CLS Loss: 0.0000, Train MCLS Loss: 0.0000
Protein Cluster Region Loss - Ortho Loss: 0.0000, Cluster Loss: 0.0000
                              
Validation Results: {
    "ci": 0.6894,
    "classification_loss": 0.0,
    "cluster_loss": 0.0,
    "mae": 1.0401,
    "mse": 1.8514,
    "multiclassification_loss": 0.0,
    "ortho_loss": 0.0,
    "pearson": 0.5813,
    "regression_loss": 1.8533,
    "rm2": 0.2949,
    "rmse": 1.3606,
    "sd": 1.3334,
    "spearman": 0.5309,
    "spectral_loss": 0.0
}
                              
Test Results: {
    "ci": 0.6987,
    "classification_loss": 0.0,
    "cluster_loss": 0.0,
    "mae": 1.0384,
    "mse": 1.858,
    "multiclassification_loss": 0.0,
    "ortho_loss": 0.0,
    "pearson": 0.5939,
    "regression_loss": 1.8695,
    "rm2": 0.2995,
    "rmse": 1.3631,
    "sd": 1.3244,
    "spearman": 0.5551,
    "spectral_loss": 0.0
}
                              
                              
----------------------------------------
Epoch 007 with LR 0.000296: Model Results
----------------------------------------
Train MSE Loss: 1.6997, Train CLS Loss: 0.0000, Train MCLS Loss: 0.0000
Protein Cluster Region Loss - Ortho Loss: 0.0000, Cluster Loss: 0.0000
                              
Validation Results: {
    "ci": 0.691,
    "classification_loss": 0.0,
    "cluster_loss": 0.0,
    "mae": 1.0277,
    "mse": 1.8273,
    "multiclassification_loss": 0.0,
    "ortho_loss": 0.0,
    "pearson": 0.5794,
    "regression_loss": 1.8286,
    "rm2": 0.3082,
    "rmse": 1.3518,
    "sd": 1.3356,
    "spearman": 0.5357,
    "spectral_loss": 0.0
}
                              
Test Results: {
    "ci": 0.7011,
    "classification_loss": 0.0,
    "cluster_loss": 0.0,
    "mae": 1.0119,
    "mse": 1.793,
    "multiclassification_loss": 0.0,
    "ortho_loss": 0.0,
    "pearson": 0.5963,
    "regression_loss": 1.8041,
    "rm2": 0.3199,
    "rmse": 1.339,
    "sd": 1.3215,
    "spearman": 0.5603,
    "spectral_loss": 0.0
}
                              
                              
----------------------------------------
Epoch 008 with LR 0.000295: Model Results
----------------------------------------
Train MSE Loss: 1.6247, Train CLS Loss: 0.0000, Train MCLS Loss: 0.0000
Protein Cluster Region Loss - Ortho Loss: 0.0000, Cluster Loss: 0.0000
                              
Validation Results: {
    "ci": 0.6927,
    "classification_loss": 0.0,
    "cluster_loss": 0.0,
    "mae": 1.0344,
    "mse": 1.8217,
    "multiclassification_loss": 0.0,
    "ortho_loss": 0.0,
    "pearson": 0.5859,
    "regression_loss": 1.8228,
    "rm2": 0.3422,
    "rmse": 1.3497,
    "sd": 1.328,
    "spearman": 0.5378,
    "spectral_loss": 0.0
}
                              
Test Results: {
    "ci": 0.7055,
    "classification_loss": 0.0,
    "cluster_loss": 0.0,
    "mae": 1.0197,
    "mse": 1.8073,
    "multiclassification_loss": 0.0,
    "ortho_loss": 0.0,
    "pearson": 0.6025,
    "regression_loss": 1.8187,
    "rm2": 0.3595,
    "rmse": 1.3444,
    "sd": 1.3139,
    "spearman": 0.5696,
    "spectral_loss": 0.0
}
                              
                              
----------------------------------------
Epoch 009 with LR 0.000294: Model Results
----------------------------------------
Train MSE Loss: 1.5522, Train CLS Loss: 0.0000, Train MCLS Loss: 0.0000
Protein Cluster Region Loss - Ortho Loss: 0.0000, Cluster Loss: 0.0000
                              
Validation Results: {
    "ci": 0.6923,
    "classification_loss": 0.0,
    "cluster_loss": 0.0,
    "mae": 1.0366,
    "mse": 1.87,
    "multiclassification_loss": 0.0,
    "ortho_loss": 0.0,
    "pearson": 0.593,
    "regression_loss": 1.8653,
    "rm2": 0.3229,
    "rmse": 1.3675,
    "sd": 1.3195,
    "spearman": 0.5372,
    "spectral_loss": 0.0
}
                              
Test Results: {
    "ci": 0.7055,
    "classification_loss": 0.0,
    "cluster_loss": 0.0,
    "mae": 1.0197,
    "mse": 1.8073,
    "multiclassification_loss": 0.0,
    "ortho_loss": 0.0,
    "pearson": 0.6025,
    "regression_loss": 1.8187,
    "rm2": 0.3595,
    "rmse": 1.3444,
    "sd": 1.3139,
    "spearman": 0.5696,
    "spectral_loss": 0.0
}
                              
                              
----------------------------------------
Epoch 010 with LR 0.000293: Model Results
----------------------------------------
Train MSE Loss: 1.5056, Train CLS Loss: 0.0000, Train MCLS Loss: 0.0000
Protein Cluster Region Loss - Ortho Loss: 0.0000, Cluster Loss: 0.0000
                              
Validation Results: {
    "ci": 0.6978,
    "classification_loss": 0.0,
    "cluster_loss": 0.0,
    "mae": 1.0045,
    "mse": 1.7645,
    "multiclassification_loss": 0.0,
    "ortho_loss": 0.0,
    "pearson": 0.5936,
    "regression_loss": 1.7626,
    "rm2": 0.3248,
    "rmse": 1.3283,
    "sd": 1.3187,
    "spearman": 0.5522,
    "spectral_loss": 0.0
}
                              
Test Results: {
    "ci": 0.7114,
    "classification_loss": 0.0,
    "cluster_loss": 0.0,
    "mae": 0.9749,
    "mse": 1.6918,
    "multiclassification_loss": 0.0,
    "ortho_loss": 0.0,
    "pearson": 0.6174,
    "regression_loss": 1.6957,
    "rm2": 0.3562,
    "rmse": 1.3007,
    "sd": 1.295,
    "spearman": 0.5852,
    "spectral_loss": 0.0
}
                              
                              
----------------------------------------
Epoch 011 with LR 0.000291: Model Results
----------------------------------------
Train MSE Loss: 1.4417, Train CLS Loss: 0.0000, Train MCLS Loss: 0.0000
Protein Cluster Region Loss - Ortho Loss: 0.0000, Cluster Loss: 0.0000
                              
Validation Results: {
    "ci": 0.6934,
    "classification_loss": 0.0,
    "cluster_loss": 0.0,
    "mae": 1.1009,
    "mse": 2.101,
    "multiclassification_loss": 0.0,
    "ortho_loss": 0.0,
    "pearson": 0.5903,
    "regression_loss": 2.0967,
    "rm2": 0.3127,
    "rmse": 1.4495,
    "sd": 1.3227,
    "spearman": 0.5388,
    "spectral_loss": 0.0
}
                              
Test Results: {
    "ci": 0.7114,
    "classification_loss": 0.0,
    "cluster_loss": 0.0,
    "mae": 0.9749,
    "mse": 1.6918,
    "multiclassification_loss": 0.0,
    "ortho_loss": 0.0,
    "pearson": 0.6174,
    "regression_loss": 1.6957,
    "rm2": 0.3562,
    "rmse": 1.3007,
    "sd": 1.295,
    "spearman": 0.5852,
    "spectral_loss": 0.0
}
                              
                              
----------------------------------------
Epoch 012 with LR 0.000290: Model Results
----------------------------------------
Train MSE Loss: 1.4248, Train CLS Loss: 0.0000, Train MCLS Loss: 0.0000
Protein Cluster Region Loss - Ortho Loss: 0.0000, Cluster Loss: 0.0000
                              
Validation Results: {
    "ci": 0.697,
    "classification_loss": 0.0,
    "cluster_loss": 0.0,
    "mae": 1.0131,
    "mse": 1.8191,
    "multiclassification_loss": 0.0,
    "ortho_loss": 0.0,
    "pearson": 0.5947,
    "regression_loss": 1.8172,
    "rm2": 0.3491,
    "rmse": 1.3488,
    "sd": 1.3174,
    "spearman": 0.5469,
    "spectral_loss": 0.0
}
                              
Test Results: {
    "ci": 0.7114,
    "classification_loss": 0.0,
    "cluster_loss": 0.0,
    "mae": 0.9749,
    "mse": 1.6918,
    "multiclassification_loss": 0.0,
    "ortho_loss": 0.0,
    "pearson": 0.6174,
    "regression_loss": 1.6957,
    "rm2": 0.3562,
    "rmse": 1.3007,
    "sd": 1.295,
    "spearman": 0.5852,
    "spectral_loss": 0.0
}
                              
                              
----------------------------------------
Epoch 013 with LR 0.000288: Model Results
----------------------------------------
Train MSE Loss: 1.3824, Train CLS Loss: 0.0000, Train MCLS Loss: 0.0000
Protein Cluster Region Loss - Ortho Loss: 0.0000, Cluster Loss: 0.0000
                              
Validation Results: {
    "ci": 0.7012,
    "classification_loss": 0.0,
    "cluster_loss": 0.0,
    "mae": 1.0057,
    "mse": 1.8171,
    "multiclassification_loss": 0.0,
    "ortho_loss": 0.0,
    "pearson": 0.6002,
    "regression_loss": 1.8174,
    "rm2": 0.3316,
    "rmse": 1.348,
    "sd": 1.3108,
    "spearman": 0.5577,
    "spectral_loss": 0.0
}
                              
Test Results: {
    "ci": 0.7114,
    "classification_loss": 0.0,
    "cluster_loss": 0.0,
    "mae": 0.9749,
    "mse": 1.6918,
    "multiclassification_loss": 0.0,
    "ortho_loss": 0.0,
    "pearson": 0.6174,
    "regression_loss": 1.6957,
    "rm2": 0.3562,
    "rmse": 1.3007,
    "sd": 1.295,
    "spearman": 0.5852,
    "spectral_loss": 0.0
}
                              
                              
----------------------------------------
Epoch 014 with LR 0.000286: Model Results
----------------------------------------
Train MSE Loss: 1.3275, Train CLS Loss: 0.0000, Train MCLS Loss: 0.0000
Protein Cluster Region Loss - Ortho Loss: 0.0000, Cluster Loss: 0.0000
                              
Validation Results: {
    "ci": 0.7068,
    "classification_loss": 0.0,
    "cluster_loss": 0.0,
    "mae": 0.9823,
    "mse": 1.7261,
    "multiclassification_loss": 0.0,
    "ortho_loss": 0.0,
    "pearson": 0.6169,
    "regression_loss": 1.7265,
    "rm2": 0.3721,
    "rmse": 1.3138,
    "sd": 1.2897,
    "spearman": 0.5722,
    "spectral_loss": 0.0
}
                              
Test Results: {
    "ci": 0.7227,
    "classification_loss": 0.0,
    "cluster_loss": 0.0,
    "mae": 0.9366,
    "mse": 1.5996,
    "multiclassification_loss": 0.0,
    "ortho_loss": 0.0,
    "pearson": 0.6507,
    "regression_loss": 1.6144,
    "rm2": 0.4114,
    "rmse": 1.2648,
    "sd": 1.2501,
    "spearman": 0.6099,
    "spectral_loss": 0.0
}
                              
                              
----------------------------------------
Epoch 015 with LR 0.000284: Model Results
----------------------------------------
Train MSE Loss: 1.2646, Train CLS Loss: 0.0000, Train MCLS Loss: 0.0000
Protein Cluster Region Loss - Ortho Loss: 0.0000, Cluster Loss: 0.0000
                              
Validation Results: {
    "ci": 0.7099,
    "classification_loss": 0.0,
    "cluster_loss": 0.0,
    "mae": 0.963,
    "mse": 1.6484,
    "multiclassification_loss": 0.0,
    "ortho_loss": 0.0,
    "pearson": 0.6249,
    "regression_loss": 1.6474,
    "rm2": 0.3851,
    "rmse": 1.2839,
    "sd": 1.2793,
    "spearman": 0.5798,
    "spectral_loss": 0.0
}
                              
Test Results: {
    "ci": 0.7226,
    "classification_loss": 0.0,
    "cluster_loss": 0.0,
    "mae": 0.931,
    "mse": 1.5503,
    "multiclassification_loss": 0.0,
    "ortho_loss": 0.0,
    "pearson": 0.6551,
    "regression_loss": 1.5575,
    "rm2": 0.419,
    "rmse": 1.2451,
    "sd": 1.2438,
    "spearman": 0.6086,
    "spectral_loss": 0.0
}
                              
                              
----------------------------------------
Epoch 016 with LR 0.000282: Model Results
----------------------------------------
Train MSE Loss: 1.2318, Train CLS Loss: 0.0000, Train MCLS Loss: 0.0000
Protein Cluster Region Loss - Ortho Loss: 0.0000, Cluster Loss: 0.0000
                              
Validation Results: {
    "ci": 0.7082,
    "classification_loss": 0.0,
    "cluster_loss": 0.0,
    "mae": 1.004,
    "mse": 1.8195,
    "multiclassification_loss": 0.0,
    "ortho_loss": 0.0,
    "pearson": 0.6216,
    "regression_loss": 1.8143,
    "rm2": 0.3677,
    "rmse": 1.3489,
    "sd": 1.2836,
    "spearman": 0.5741,
    "spectral_loss": 0.0
}
                              
Test Results: {
    "ci": 0.7226,
    "classification_loss": 0.0,
    "cluster_loss": 0.0,
    "mae": 0.931,
    "mse": 1.5503,
    "multiclassification_loss": 0.0,
    "ortho_loss": 0.0,
    "pearson": 0.6551,
    "regression_loss": 1.5575,
    "rm2": 0.419,
    "rmse": 1.2451,
    "sd": 1.2438,
    "spearman": 0.6086,
    "spectral_loss": 0.0
}
                              
                              
----------------------------------------
Epoch 017 with LR 0.000279: Model Results
----------------------------------------
Train MSE Loss: 1.1792, Train CLS Loss: 0.0000, Train MCLS Loss: 0.0000
Protein Cluster Region Loss - Ortho Loss: 0.0000, Cluster Loss: 0.0000
                              
Validation Results: {
    "ci": 0.7166,
    "classification_loss": 0.0,
    "cluster_loss": 0.0,
    "mae": 1.0245,
    "mse": 1.8833,
    "multiclassification_loss": 0.0,
    "ortho_loss": 0.0,
    "pearson": 0.6332,
    "regression_loss": 1.8772,
    "rm2": 0.3555,
    "rmse": 1.3723,
    "sd": 1.2683,
    "spearman": 0.5945,
    "spectral_loss": 0.0
}
                              
Test Results: {
    "ci": 0.7226,
    "classification_loss": 0.0,
    "cluster_loss": 0.0,
    "mae": 0.931,
    "mse": 1.5503,
    "multiclassification_loss": 0.0,
    "ortho_loss": 0.0,
    "pearson": 0.6551,
    "regression_loss": 1.5575,
    "rm2": 0.419,
    "rmse": 1.2451,
    "sd": 1.2438,
    "spearman": 0.6086,
    "spectral_loss": 0.0
}
                              
                              
----------------------------------------
Epoch 018 with LR 0.000277: Model Results
----------------------------------------
Train MSE Loss: 1.1737, Train CLS Loss: 0.0000, Train MCLS Loss: 0.0000
Protein Cluster Region Loss - Ortho Loss: 0.0000, Cluster Loss: 0.0000
                              
Validation Results: {
    "ci": 0.7165,
    "classification_loss": 0.0,
    "cluster_loss": 0.0,
    "mae": 0.9845,
    "mse": 1.7676,
    "multiclassification_loss": 0.0,
    "ortho_loss": 0.0,
    "pearson": 0.627,
    "regression_loss": 1.7652,
    "rm2": 0.3322,
    "rmse": 1.3295,
    "sd": 1.2765,
    "spearman": 0.5931,
    "spectral_loss": 0.0
}
                              
Test Results: {
    "ci": 0.7226,
    "classification_loss": 0.0,
    "cluster_loss": 0.0,
    "mae": 0.931,
    "mse": 1.5503,
    "multiclassification_loss": 0.0,
    "ortho_loss": 0.0,
    "pearson": 0.6551,
    "regression_loss": 1.5575,
    "rm2": 0.419,
    "rmse": 1.2451,
    "sd": 1.2438,
    "spearman": 0.6086,
    "spectral_loss": 0.0
}
                              
                              
----------------------------------------
Epoch 019 with LR 0.000274: Model Results
----------------------------------------
Train MSE Loss: 1.1408, Train CLS Loss: 0.0000, Train MCLS Loss: 0.0000
Protein Cluster Region Loss - Ortho Loss: 0.0000, Cluster Loss: 0.0000
                              
Validation Results: {
    "ci": 0.7149,
    "classification_loss": 0.0,
    "cluster_loss": 0.0,
    "mae": 0.978,
    "mse": 1.7343,
    "multiclassification_loss": 0.0,
    "ortho_loss": 0.0,
    "pearson": 0.6272,
    "regression_loss": 1.7306,
    "rm2": 0.3427,
    "rmse": 1.3169,
    "sd": 1.2763,
    "spearman": 0.5903,
    "spectral_loss": 0.0
}
                              
Test Results: {
    "ci": 0.7226,
    "classification_loss": 0.0,
    "cluster_loss": 0.0,
    "mae": 0.931,
    "mse": 1.5503,
    "multiclassification_loss": 0.0,
    "ortho_loss": 0.0,
    "pearson": 0.6551,
    "regression_loss": 1.5575,
    "rm2": 0.419,
    "rmse": 1.2451,
    "sd": 1.2438,
    "spearman": 0.6086,
    "spectral_loss": 0.0
}
                              
                              
----------------------------------------
Epoch 020 with LR 0.000271: Model Results
----------------------------------------
Train MSE Loss: 1.0814, Train CLS Loss: 0.0000, Train MCLS Loss: 0.0000
Protein Cluster Region Loss - Ortho Loss: 0.0000, Cluster Loss: 0.0000
                              
Validation Results: {
    "ci": 0.7189,
    "classification_loss": 0.0,
    "cluster_loss": 0.0,
    "mae": 0.9606,
    "mse": 1.7151,
    "multiclassification_loss": 0.0,
    "ortho_loss": 0.0,
    "pearson": 0.6363,
    "regression_loss": 1.712,
    "rm2": 0.3944,
    "rmse": 1.3096,
    "sd": 1.2642,
    "spearman": 0.5984,
    "spectral_loss": 0.0
}
                              
Test Results: {
    "ci": 0.7226,
    "classification_loss": 0.0,
    "cluster_loss": 0.0,
    "mae": 0.931,
    "mse": 1.5503,
    "multiclassification_loss": 0.0,
    "ortho_loss": 0.0,
    "pearson": 0.6551,
    "regression_loss": 1.5575,
    "rm2": 0.419,
    "rmse": 1.2451,
    "sd": 1.2438,
    "spearman": 0.6086,
    "spectral_loss": 0.0
}
                              
                              
----------------------------------------
Epoch 021 with LR 0.000269: Model Results
----------------------------------------
Train MSE Loss: 1.0372, Train CLS Loss: 0.0000, Train MCLS Loss: 0.0000
Protein Cluster Region Loss - Ortho Loss: 0.0000, Cluster Loss: 0.0000
                              
Validation Results: {
    "ci": 0.7242,
    "classification_loss": 0.0,
    "cluster_loss": 0.0,
    "mae": 0.9634,
    "mse": 1.7493,
    "multiclassification_loss": 0.0,
    "ortho_loss": 0.0,
    "pearson": 0.64,
    "regression_loss": 1.7442,
    "rm2": 0.4059,
    "rmse": 1.3226,
    "sd": 1.2592,
    "spearman": 0.6107,
    "spectral_loss": 0.0
}
                              
Test Results: {
    "ci": 0.7226,
    "classification_loss": 0.0,
    "cluster_loss": 0.0,
    "mae": 0.931,
    "mse": 1.5503,
    "multiclassification_loss": 0.0,
    "ortho_loss": 0.0,
    "pearson": 0.6551,
    "regression_loss": 1.5575,
    "rm2": 0.419,
    "rmse": 1.2451,
    "sd": 1.2438,
    "spearman": 0.6086,
    "spectral_loss": 0.0
}
                              
                              
----------------------------------------
Epoch 022 with LR 0.000266: Model Results
----------------------------------------
Train MSE Loss: 0.9777, Train CLS Loss: 0.0000, Train MCLS Loss: 0.0000
Protein Cluster Region Loss - Ortho Loss: 0.0000, Cluster Loss: 0.0000
                              
Validation Results: {
    "ci": 0.7217,
    "classification_loss": 0.0,
    "cluster_loss": 0.0,
    "mae": 0.9431,
    "mse": 1.623,
    "multiclassification_loss": 0.0,
    "ortho_loss": 0.0,
    "pearson": 0.6462,
    "regression_loss": 1.6173,
    "rm2": 0.3914,
    "rmse": 1.274,
    "sd": 1.2505,
    "spearman": 0.6055,
    "spectral_loss": 0.0
}
                              
Test Results: {
    "ci": 0.7359,
    "classification_loss": 0.0,
    "cluster_loss": 0.0,
    "mae": 0.9079,
    "mse": 1.5094,
    "multiclassification_loss": 0.0,
    "ortho_loss": 0.0,
    "pearson": 0.6743,
    "regression_loss": 1.5166,
    "rm2": 0.4343,
    "rmse": 1.2286,
    "sd": 1.2156,
    "spearman": 0.6397,
    "spectral_loss": 0.0
}
                              
                              
----------------------------------------
Epoch 023 with LR 0.000263: Model Results
----------------------------------------
Train MSE Loss: 0.9860, Train CLS Loss: 0.0000, Train MCLS Loss: 0.0000
Protein Cluster Region Loss - Ortho Loss: 0.0000, Cluster Loss: 0.0000
                              
Validation Results: {
    "ci": 0.7281,
    "classification_loss": 0.0,
    "cluster_loss": 0.0,
    "mae": 0.9326,
    "mse": 1.6395,
    "multiclassification_loss": 0.0,
    "ortho_loss": 0.0,
    "pearson": 0.6492,
    "regression_loss": 1.6353,
    "rm2": 0.4175,
    "rmse": 1.2804,
    "sd": 1.2464,
    "spearman": 0.6199,
    "spectral_loss": 0.0
}
                              
Test Results: {
    "ci": 0.7359,
    "classification_loss": 0.0,
    "cluster_loss": 0.0,
    "mae": 0.9079,
    "mse": 1.5094,
    "multiclassification_loss": 0.0,
    "ortho_loss": 0.0,
    "pearson": 0.6743,
    "regression_loss": 1.5166,
    "rm2": 0.4343,
    "rmse": 1.2286,
    "sd": 1.2156,
    "spearman": 0.6397,
    "spectral_loss": 0.0
}
                              
                              
----------------------------------------
Epoch 024 with LR 0.000259: Model Results
----------------------------------------
Train MSE Loss: 0.9407, Train CLS Loss: 0.0000, Train MCLS Loss: 0.0000
Protein Cluster Region Loss - Ortho Loss: 0.0000, Cluster Loss: 0.0000
                              
Validation Results: {
    "ci": 0.7216,
    "classification_loss": 0.0,
    "cluster_loss": 0.0,
    "mae": 1.0075,
    "mse": 1.8567,
    "multiclassification_loss": 0.0,
    "ortho_loss": 0.0,
    "pearson": 0.6437,
    "regression_loss": 1.8479,
    "rm2": 0.3754,
    "rmse": 1.3626,
    "sd": 1.254,
    "spearman": 0.6046,
    "spectral_loss": 0.0
}
                              
Test Results: {
    "ci": 0.7359,
    "classification_loss": 0.0,
    "cluster_loss": 0.0,
    "mae": 0.9079,
    "mse": 1.5094,
    "multiclassification_loss": 0.0,
    "ortho_loss": 0.0,
    "pearson": 0.6743,
    "regression_loss": 1.5166,
    "rm2": 0.4343,
    "rmse": 1.2286,
    "sd": 1.2156,
    "spearman": 0.6397,
    "spectral_loss": 0.0
}
                              
                              
----------------------------------------
Epoch 025 with LR 0.000256: Model Results
----------------------------------------
Train MSE Loss: 0.9414, Train CLS Loss: 0.0000, Train MCLS Loss: 0.0000
Protein Cluster Region Loss - Ortho Loss: 0.0000, Cluster Loss: 0.0000
                              
Validation Results: {
    "ci": 0.7323,
    "classification_loss": 0.0,
    "cluster_loss": 0.0,
    "mae": 0.9114,
    "mse": 1.5682,
    "multiclassification_loss": 0.0,
    "ortho_loss": 0.0,
    "pearson": 0.6556,
    "regression_loss": 1.5642,
    "rm2": 0.4051,
    "rmse": 1.2523,
    "sd": 1.2374,
    "spearman": 0.6292,
    "spectral_loss": 0.0
}
                              
Test Results: {
    "ci": 0.7466,
    "classification_loss": 0.0,
    "cluster_loss": 0.0,
    "mae": 0.8817,
    "mse": 1.4688,
    "multiclassification_loss": 0.0,
    "ortho_loss": 0.0,
    "pearson": 0.6858,
    "regression_loss": 1.4729,
    "rm2": 0.4326,
    "rmse": 1.212,
    "sd": 1.198,
    "spearman": 0.6605,
    "spectral_loss": 0.0
}
                              
                              
----------------------------------------
Epoch 026 with LR 0.000253: Model Results
----------------------------------------
Train MSE Loss: 0.8979, Train CLS Loss: 0.0000, Train MCLS Loss: 0.0000
Protein Cluster Region Loss - Ortho Loss: 0.0000, Cluster Loss: 0.0000
                              
Validation Results: {
    "ci": 0.7285,
    "classification_loss": 0.0,
    "cluster_loss": 0.0,
    "mae": 0.971,
    "mse": 1.7588,
    "multiclassification_loss": 0.0,
    "ortho_loss": 0.0,
    "pearson": 0.6523,
    "regression_loss": 1.7523,
    "rm2": 0.4052,
    "rmse": 1.3262,
    "sd": 1.242,
    "spearman": 0.6211,
    "spectral_loss": 0.0
}
                              
Test Results: {
    "ci": 0.7466,
    "classification_loss": 0.0,
    "cluster_loss": 0.0,
    "mae": 0.8817,
    "mse": 1.4688,
    "multiclassification_loss": 0.0,
    "ortho_loss": 0.0,
    "pearson": 0.6858,
    "regression_loss": 1.4729,
    "rm2": 0.4326,
    "rmse": 1.212,
    "sd": 1.198,
    "spearman": 0.6605,
    "spectral_loss": 0.0
}
                              
                              
----------------------------------------
Epoch 027 with LR 0.000249: Model Results
----------------------------------------
Train MSE Loss: 0.8875, Train CLS Loss: 0.0000, Train MCLS Loss: 0.0000
Protein Cluster Region Loss - Ortho Loss: 0.0000, Cluster Loss: 0.0000
                              
Validation Results: {
    "ci": 0.7301,
    "classification_loss": 0.0,
    "cluster_loss": 0.0,
    "mae": 0.9133,
    "mse": 1.5875,
    "multiclassification_loss": 0.0,
    "ortho_loss": 0.0,
    "pearson": 0.6574,
    "regression_loss": 1.5812,
    "rm2": 0.42,
    "rmse": 1.26,
    "sd": 1.2348,
    "spearman": 0.6224,
    "spectral_loss": 0.0
}
                              
Test Results: {
    "ci": 0.7466,
    "classification_loss": 0.0,
    "cluster_loss": 0.0,
    "mae": 0.8817,
    "mse": 1.4688,
    "multiclassification_loss": 0.0,
    "ortho_loss": 0.0,
    "pearson": 0.6858,
    "regression_loss": 1.4729,
    "rm2": 0.4326,
    "rmse": 1.212,
    "sd": 1.198,
    "spearman": 0.6605,
    "spectral_loss": 0.0
}
                              
                              
----------------------------------------
Epoch 028 with LR 0.000246: Model Results
----------------------------------------
Train MSE Loss: 0.8882, Train CLS Loss: 0.0000, Train MCLS Loss: 0.0000
Protein Cluster Region Loss - Ortho Loss: 0.0000, Cluster Loss: 0.0000
                              
Validation Results: {
    "ci": 0.7297,
    "classification_loss": 0.0,
    "cluster_loss": 0.0,
    "mae": 0.9405,
    "mse": 1.6805,
    "multiclassification_loss": 0.0,
    "ortho_loss": 0.0,
    "pearson": 0.6539,
    "regression_loss": 1.6769,
    "rm2": 0.3896,
    "rmse": 1.2963,
    "sd": 1.2398,
    "spearman": 0.6212,
    "spectral_loss": 0.0
}
                              
Test Results: {
    "ci": 0.7466,
    "classification_loss": 0.0,
    "cluster_loss": 0.0,
    "mae": 0.8817,
    "mse": 1.4688,
    "multiclassification_loss": 0.0,
    "ortho_loss": 0.0,
    "pearson": 0.6858,
    "regression_loss": 1.4729,
    "rm2": 0.4326,
    "rmse": 1.212,
    "sd": 1.198,
    "spearman": 0.6605,
    "spectral_loss": 0.0
}
                              
                              
----------------------------------------
Epoch 029 with LR 0.000242: Model Results
----------------------------------------
Train MSE Loss: 0.8624, Train CLS Loss: 0.0000, Train MCLS Loss: 0.0000
Protein Cluster Region Loss - Ortho Loss: 0.0000, Cluster Loss: 0.0000
                              
Validation Results: {
    "ci": 0.727,
    "classification_loss": 0.0,
    "cluster_loss": 0.0,
    "mae": 0.9274,
    "mse": 1.6069,
    "multiclassification_loss": 0.0,
    "ortho_loss": 0.0,
    "pearson": 0.6456,
    "regression_loss": 1.6015,
    "rm2": 0.4091,
    "rmse": 1.2676,
    "sd": 1.2514,
    "spearman": 0.6162,
    "spectral_loss": 0.0
}
                              
Test Results: {
    "ci": 0.7466,
    "classification_loss": 0.0,
    "cluster_loss": 0.0,
    "mae": 0.8817,
    "mse": 1.4688,
    "multiclassification_loss": 0.0,
    "ortho_loss": 0.0,
    "pearson": 0.6858,
    "regression_loss": 1.4729,
    "rm2": 0.4326,
    "rmse": 1.212,
    "sd": 1.198,
    "spearman": 0.6605,
    "spectral_loss": 0.0
}
                              
                              
----------------------------------------
Epoch 030 with LR 0.000238: Model Results
----------------------------------------
Train MSE Loss: 0.8598, Train CLS Loss: 0.0000, Train MCLS Loss: 0.0000
Protein Cluster Region Loss - Ortho Loss: 0.0000, Cluster Loss: 0.0000
                              
Validation Results: {
    "ci": 0.7281,
    "classification_loss": 0.0,
    "cluster_loss": 0.0,
    "mae": 0.9418,
    "mse": 1.6843,
    "multiclassification_loss": 0.0,
    "ortho_loss": 0.0,
    "pearson": 0.6532,
    "regression_loss": 1.6807,
    "rm2": 0.4193,
    "rmse": 1.2978,
    "sd": 1.2408,
    "spearman": 0.6186,
    "spectral_loss": 0.0
}
                              
Test Results: {
    "ci": 0.7466,
    "classification_loss": 0.0,
    "cluster_loss": 0.0,
    "mae": 0.8817,
    "mse": 1.4688,
    "multiclassification_loss": 0.0,
    "ortho_loss": 0.0,
    "pearson": 0.6858,
    "regression_loss": 1.4729,
    "rm2": 0.4326,
    "rmse": 1.212,
    "sd": 1.198,
    "spearman": 0.6605,
    "spectral_loss": 0.0
}
                              
                              
----------------------------------------
Epoch 031 with LR 0.000235: Model Results
----------------------------------------
Train MSE Loss: 0.8574, Train CLS Loss: 0.0000, Train MCLS Loss: 0.0000
Protein Cluster Region Loss - Ortho Loss: 0.0000, Cluster Loss: 0.0000
                              
Validation Results: {
    "ci": 0.7275,
    "classification_loss": 0.0,
    "cluster_loss": 0.0,
    "mae": 0.9439,
    "mse": 1.7055,
    "multiclassification_loss": 0.0,
    "ortho_loss": 0.0,
    "pearson": 0.6478,
    "regression_loss": 1.6994,
    "rm2": 0.4084,
    "rmse": 1.306,
    "sd": 1.2483,
    "spearman": 0.616,
    "spectral_loss": 0.0
}
                              
Test Results: {
    "ci": 0.7466,
    "classification_loss": 0.0,
    "cluster_loss": 0.0,
    "mae": 0.8817,
    "mse": 1.4688,
    "multiclassification_loss": 0.0,
    "ortho_loss": 0.0,
    "pearson": 0.6858,
    "regression_loss": 1.4729,
    "rm2": 0.4326,
    "rmse": 1.212,
    "sd": 1.198,
    "spearman": 0.6605,
    "spectral_loss": 0.0
}
                              
                              
----------------------------------------
Epoch 032 with LR 0.000231: Model Results
----------------------------------------
Train MSE Loss: 0.8364, Train CLS Loss: 0.0000, Train MCLS Loss: 0.0000
Protein Cluster Region Loss - Ortho Loss: 0.0000, Cluster Loss: 0.0000
                              
Validation Results: {
    "ci": 0.7335,
    "classification_loss": 0.0,
    "cluster_loss": 0.0,
    "mae": 0.9333,
    "mse": 1.6723,
    "multiclassification_loss": 0.0,
    "ortho_loss": 0.0,
    "pearson": 0.6649,
    "regression_loss": 1.6649,
    "rm2": 0.424,
    "rmse": 1.2932,
    "sd": 1.2239,
    "spearman": 0.6291,
    "spectral_loss": 0.0
}
                              
Test Results: {
    "ci": 0.7466,
    "classification_loss": 0.0,
    "cluster_loss": 0.0,
    "mae": 0.8817,
    "mse": 1.4688,
    "multiclassification_loss": 0.0,
    "ortho_loss": 0.0,
    "pearson": 0.6858,
    "regression_loss": 1.4729,
    "rm2": 0.4326,
    "rmse": 1.212,
    "sd": 1.198,
    "spearman": 0.6605,
    "spectral_loss": 0.0
}
                              
                              
----------------------------------------
Epoch 033 with LR 0.000227: Model Results
----------------------------------------
Train MSE Loss: 0.8463, Train CLS Loss: 0.0000, Train MCLS Loss: 0.0000
Protein Cluster Region Loss - Ortho Loss: 0.0000, Cluster Loss: 0.0000
                              
Validation Results: {
    "ci": 0.7352,
    "classification_loss": 0.0,
    "cluster_loss": 0.0,
    "mae": 0.9304,
    "mse": 1.6473,
    "multiclassification_loss": 0.0,
    "ortho_loss": 0.0,
    "pearson": 0.663,
    "regression_loss": 1.6408,
    "rm2": 0.4077,
    "rmse": 1.2835,
    "sd": 1.2268,
    "spearman": 0.6338,
    "spectral_loss": 0.0
}
                              
Test Results: {
    "ci": 0.7466,
    "classification_loss": 0.0,
    "cluster_loss": 0.0,
    "mae": 0.8817,
    "mse": 1.4688,
    "multiclassification_loss": 0.0,
    "ortho_loss": 0.0,
    "pearson": 0.6858,
    "regression_loss": 1.4729,
    "rm2": 0.4326,
    "rmse": 1.212,
    "sd": 1.198,
    "spearman": 0.6605,
    "spectral_loss": 0.0
}
                              
                              
----------------------------------------
Epoch 034 with LR 0.000223: Model Results
----------------------------------------
Train MSE Loss: 0.8271, Train CLS Loss: 0.0000, Train MCLS Loss: 0.0000
Protein Cluster Region Loss - Ortho Loss: 0.0000, Cluster Loss: 0.0000
                              
Validation Results: {
    "ci": 0.7332,
    "classification_loss": 0.0,
    "cluster_loss": 0.0,
    "mae": 0.9409,
    "mse": 1.6756,
    "multiclassification_loss": 0.0,
    "ortho_loss": 0.0,
    "pearson": 0.6616,
    "regression_loss": 1.6694,
    "rm2": 0.432,
    "rmse": 1.2944,
    "sd": 1.2288,
    "spearman": 0.6288,
    "spectral_loss": 0.0
}
                              
Test Results: {
    "ci": 0.7466,
    "classification_loss": 0.0,
    "cluster_loss": 0.0,
    "mae": 0.8817,
    "mse": 1.4688,
    "multiclassification_loss": 0.0,
    "ortho_loss": 0.0,
    "pearson": 0.6858,
    "regression_loss": 1.4729,
    "rm2": 0.4326,
    "rmse": 1.212,
    "sd": 1.198,
    "spearman": 0.6605,
    "spectral_loss": 0.0
}
                              
                              
----------------------------------------
Epoch 035 with LR 0.000218: Model Results
----------------------------------------
Train MSE Loss: 0.8167, Train CLS Loss: 0.0000, Train MCLS Loss: 0.0000
Protein Cluster Region Loss - Ortho Loss: 0.0000, Cluster Loss: 0.0000
                              
Validation Results: {
    "ci": 0.7353,
    "classification_loss": 0.0,
    "cluster_loss": 0.0,
    "mae": 0.9329,
    "mse": 1.6853,
    "multiclassification_loss": 0.0,
    "ortho_loss": 0.0,
    "pearson": 0.6604,
    "regression_loss": 1.6788,
    "rm2": 0.4286,
    "rmse": 1.2982,
    "sd": 1.2305,
    "spearman": 0.6336,
    "spectral_loss": 0.0
}
                              
Test Results: {
    "ci": 0.7466,
    "classification_loss": 0.0,
    "cluster_loss": 0.0,
    "mae": 0.8817,
    "mse": 1.4688,
    "multiclassification_loss": 0.0,
    "ortho_loss": 0.0,
    "pearson": 0.6858,
    "regression_loss": 1.4729,
    "rm2": 0.4326,
    "rmse": 1.212,
    "sd": 1.198,
    "spearman": 0.6605,
    "spectral_loss": 0.0
}
                              
                              
----------------------------------------
Epoch 036 with LR 0.000214: Model Results
----------------------------------------
Train MSE Loss: 0.8318, Train CLS Loss: 0.0000, Train MCLS Loss: 0.0000
Protein Cluster Region Loss - Ortho Loss: 0.0000, Cluster Loss: 0.0000
                              
Validation Results: {
    "ci": 0.7344,
    "classification_loss": 0.0,
    "cluster_loss": 0.0,
    "mae": 0.9462,
    "mse": 1.7736,
    "multiclassification_loss": 0.0,
    "ortho_loss": 0.0,
    "pearson": 0.6536,
    "regression_loss": 1.7673,
    "rm2": 0.41,
    "rmse": 1.3318,
    "sd": 1.2402,
    "spearman": 0.629,
    "spectral_loss": 0.0
}
                              
Test Results: {
    "ci": 0.7466,
    "classification_loss": 0.0,
    "cluster_loss": 0.0,
    "mae": 0.8817,
    "mse": 1.4688,
    "multiclassification_loss": 0.0,
    "ortho_loss": 0.0,
    "pearson": 0.6858,
    "regression_loss": 1.4729,
    "rm2": 0.4326,
    "rmse": 1.212,
    "sd": 1.198,
    "spearman": 0.6605,
    "spectral_loss": 0.0
}
                              
                              
----------------------------------------
Epoch 037 with LR 0.000210: Model Results
----------------------------------------
Train MSE Loss: 0.8077, Train CLS Loss: 0.0000, Train MCLS Loss: 0.0000
Protein Cluster Region Loss - Ortho Loss: 0.0000, Cluster Loss: 0.0000
                              
Validation Results: {
    "ci": 0.7352,
    "classification_loss": 0.0,
    "cluster_loss": 0.0,
    "mae": 0.9046,
    "mse": 1.5893,
    "multiclassification_loss": 0.0,
    "ortho_loss": 0.0,
    "pearson": 0.6598,
    "regression_loss": 1.5835,
    "rm2": 0.417,
    "rmse": 1.2607,
    "sd": 1.2313,
    "spearman": 0.6333,
    "spectral_loss": 0.0
}
                              
Test Results: {
    "ci": 0.7466,
    "classification_loss": 0.0,
    "cluster_loss": 0.0,
    "mae": 0.8817,
    "mse": 1.4688,
    "multiclassification_loss": 0.0,
    "ortho_loss": 0.0,
    "pearson": 0.6858,
    "regression_loss": 1.4729,
    "rm2": 0.4326,
    "rmse": 1.212,
    "sd": 1.198,
    "spearman": 0.6605,
    "spectral_loss": 0.0
}
                              
                              
----------------------------------------
Epoch 038 with LR 0.000206: Model Results
----------------------------------------
Train MSE Loss: 0.7948, Train CLS Loss: 0.0000, Train MCLS Loss: 0.0000
Protein Cluster Region Loss - Ortho Loss: 0.0000, Cluster Loss: 0.0000
                              
Validation Results: {
    "ci": 0.7305,
    "classification_loss": 0.0,
    "cluster_loss": 0.0,
    "mae": 0.9726,
    "mse": 1.8785,
    "multiclassification_loss": 0.0,
    "ortho_loss": 0.0,
    "pearson": 0.649,
    "regression_loss": 1.872,
    "rm2": 0.4187,
    "rmse": 1.3706,
    "sd": 1.2467,
    "spearman": 0.6206,
    "spectral_loss": 0.0
}
                              
Test Results: {
    "ci": 0.7466,
    "classification_loss": 0.0,
    "cluster_loss": 0.0,
    "mae": 0.8817,
    "mse": 1.4688,
    "multiclassification_loss": 0.0,
    "ortho_loss": 0.0,
    "pearson": 0.6858,
    "regression_loss": 1.4729,
    "rm2": 0.4326,
    "rmse": 1.212,
    "sd": 1.198,
    "spearman": 0.6605,
    "spectral_loss": 0.0
}
                              
                              
----------------------------------------
Epoch 039 with LR 0.000201: Model Results
----------------------------------------
Train MSE Loss: 0.7739, Train CLS Loss: 0.0000, Train MCLS Loss: 0.0000
Protein Cluster Region Loss - Ortho Loss: 0.0000, Cluster Loss: 0.0000
                              
Validation Results: {
    "ci": 0.7347,
    "classification_loss": 0.0,
    "cluster_loss": 0.0,
    "mae": 0.9271,
    "mse": 1.7026,
    "multiclassification_loss": 0.0,
    "ortho_loss": 0.0,
    "pearson": 0.6587,
    "regression_loss": 1.6967,
    "rm2": 0.4227,
    "rmse": 1.3049,
    "sd": 1.2329,
    "spearman": 0.63,
    "spectral_loss": 0.0
}
                              
Test Results: {
    "ci": 0.7466,
    "classification_loss": 0.0,
    "cluster_loss": 0.0,
    "mae": 0.8817,
    "mse": 1.4688,
    "multiclassification_loss": 0.0,
    "ortho_loss": 0.0,
    "pearson": 0.6858,
    "regression_loss": 1.4729,
    "rm2": 0.4326,
    "rmse": 1.212,
    "sd": 1.198,
    "spearman": 0.6605,
    "spectral_loss": 0.0
}
                              
                              
----------------------------------------
Epoch 040 with LR 0.000197: Model Results
----------------------------------------
Train MSE Loss: 0.7650, Train CLS Loss: 0.0000, Train MCLS Loss: 0.0000
Protein Cluster Region Loss - Ortho Loss: 0.0000, Cluster Loss: 0.0000
                              
Validation Results: {
    "ci": 0.7373,
    "classification_loss": 0.0,
    "cluster_loss": 0.0,
    "mae": 0.898,
    "mse": 1.6002,
    "multiclassification_loss": 0.0,
    "ortho_loss": 0.0,
    "pearson": 0.6692,
    "regression_loss": 1.5927,
    "rm2": 0.426,
    "rmse": 1.265,
    "sd": 1.2177,
    "spearman": 0.636,
    "spectral_loss": 0.0
}
                              
Test Results: {
    "ci": 0.7466,
    "classification_loss": 0.0,
    "cluster_loss": 0.0,
    "mae": 0.8817,
    "mse": 1.4688,
    "multiclassification_loss": 0.0,
    "ortho_loss": 0.0,
    "pearson": 0.6858,
    "regression_loss": 1.4729,
    "rm2": 0.4326,
    "rmse": 1.212,
    "sd": 1.198,
    "spearman": 0.6605,
    "spectral_loss": 0.0
}

Early stopping at epoch 40 (no improvement for 15 epochs)
[best epoch] epoch=25, best_rmse=1.2523, lr_at_best=2.562e-04
                              
                              
----------------------------------------
Epoch 040 with LR 0.000197: Model Results
----------------------------------------
Train MSE Loss: 0.7650, Train CLS Loss: 0.0000, Train MCLS Loss: 0.0000
Protein Cluster Region Loss - Ortho Loss: 0.0000, Cluster Loss: 0.0000
                              
Validation Results: {
    "ci": 0.7373,
    "classification_loss": 0.0,
    "cluster_loss": 0.0,
    "mae": 0.898,
    "mse": 1.6002,
    "multiclassification_loss": 0.0,
    "ortho_loss": 0.0,
    "pearson": 0.6692,
    "regression_loss": 1.5927,
    "rm2": 0.426,
    "rmse": 1.265,
    "sd": 1.2177,
    "spearman": 0.636,
    "spectral_loss": 0.0
}
                              
Test Results: {
    "ci": 0.7466,
    "classification_loss": 0.0,
    "cluster_loss": 0.0,
    "mae": 0.8817,
    "mse": 1.4688,
    "multiclassification_loss": 0.0,
    "ortho_loss": 0.0,
    "pearson": 0.6858,
    "regression_loss": 1.4729,
    "rm2": 0.4326,
    "rmse": 1.212,
    "sd": 1.198,
    "spearman": 0.6605,
    "spectral_loss": 0.0
}
Final test metrics: rmse=1.2121, pearson=0.6859, r2_proxy(mse)=1.4692
Done. Predictions: /sc/arion/projects/DiseaseGeneCell/Huang_lab_project/wangcDrugRepoProject/TRACE_Kin_Results_v5t_transformer/catpred_dataset/catpred_kcat_MUTAPLM_embedding_random/test_prediction_seed1.csv; checkpoint: /sc/arion/projects/DiseaseGeneCell/Huang_lab_project/wangcDrugRepoProject/TRACE_Kin_Results_v5t_transformer/catpred_dataset/catpred_kcat_MUTAPLM_embedding_random/save_model_seed1/model.pt

==========================================
Array task 2/10: OK (catpred_kcat_MUTAPLM_embedding_random)
==========================================


PS:

Read file <242993252.2.stderr> for stderr output of this job.

