Sender: LSF System <lsfadmin@lg03e13>
Subject: Job 242906673[9]: <trace_kin_v4_perfolder_s1[1-10]> in cluster <chimera> Done

Job <trace_kin_v4_perfolder_s1[1-10]> was submitted from host <li04e01> by user <wangc40> in cluster <chimera> at Mon May 11 00:07:32 2026
Job was executed on host(s) <16*lg03e13>, in queue <gpu>, as user <wangc40> in cluster <chimera> at Mon May 11 02:05:45 2026
</hpc/users/wangc40> was used as the home directory.
</sc/arion/projects/DiseaseGeneCell/Huang_lab_project/wangcDrugRepoProject/TRACE-Kin> was used as the working directory.
Started at Mon May 11 02:05:45 2026
Terminated at Mon May 11 02:54:46 2026
Results reported at Mon May 11 02:54:46 2026

Your job looked like:

------------------------------------------------------------
# LSBATCH: User input
#!/bin/bash
#BSUB -J trace_kin_v4_perfolder_s1[1-10]
#BSUB -P acc_DiseaseGeneCell
#BSUB -q gpu
#BSUB -R h100nvl
#BSUB -gpu num=1
#BSUB -n 16
#BSUB -R "rusage[mem=15000]"
#BSUB -R "span[hosts=1]"
#BSUB -W 48:00
#BSUB -o %J.%I.stdout
#BSUB -eo %J.%I.stderr
#BSUB -L /bin/bash

# =============================================================================
# TRACE-Kin v4 (MAP-GNN) PER-FOLDER + MutaPLM — top-10 RF-gap cells
# =============================================================================
# Submit with:
#     bsub < training/run_v4_perfolder_s1.lsf
#
# v4 = MAP-GNN: v1 GNN backbone + per-residue novelty score + pocket
# attention pool + MoLFormer-XL molecular context residual (preserved
# from v3). Unlike earlier versions, every cell uses MutaPLM as the
# protein embedding (the entire mutation-aware story rests on
# MutaPLM's residue-level mutation sensitivity), instead of the
# per-cell best-RF-baseline embedding.
#
# Per-residue novelty:
#   novelty[r] = ||MutaPLM[r] - aa_typical_mean[aa[r]]|| / aa_typical_std[aa[r]]
# where aa_typical statistics are precomputed once over the training
# corpus and cached at <datafolder>/aa_typical.pt. Mutations stand
# out because their MutaPLM vector deviates from the typical
# embedding for the residue's amino acid type — no explicit (WT,
# mutant) labels needed.
#
# Pocket attention:
#   pocket_logit[r] = MLP([MutaPLM[r], novelty[r], degree(r)])
#   pocket_weight[r] = softmax(pocket_logit) over r in same protein
#   prot_pool = sum_r (pocket_weight[r] * residue_h[r])
#
# Cells: same 10 as v3 (largest historical PSICHIC-vs-RF gap).
# Embedding source forced to MUTAPLM regardless of the per-cell
# best-RF choice in the historical benchmark.
#
# Outputs land under TRACE_Kin_Results_v4_mapgnn/<dataset>/<task_name>/
# so they don't collide with prior v3 trees.
# =============================================================================

# --- Environment -------------------------------------------------------------
ml purge

(... more ...)
------------------------------------------------------------

Successfully completed.

Resource usage summary:

    CPU time :                                   3251.00 sec.
    Max Memory :                                 25237 MB
    Average Memory :                             23342.04 MB
    Total Requested Memory :                     240000.00 MB
    Delta Memory :                               214763.00 MB
    Max Swap :                                   -
    Max Processes :                              4
    Max Threads :                                24
    Run time :                                   2941 sec.
    Turnaround time :                            10034 sec.

The output (if any) follows:

==========================================
TRACE-Kin v4 (MAP-GNN) PER-FOLDER task 9/10
==========================================
Date:        Mon May 11 02:05:48 EDT 2026
Dataset:     /sc/arion/projects/DiseaseGeneCell/Huang_lab_project/drug_discovery/output/data/enzyme_embeddings_dataset/EITLEM_dataset/EITLEM_kkm_MUTAPLM_embedding_cold_protein
Result:      /sc/arion/projects/DiseaseGeneCell/Huang_lab_project/wangcDrugRepoProject/TRACE_Kin_Results_v4_mapgnn/EITLEM_dataset/EITLEM_kkm_MUTAPLM_embedding_cold_protein
Config:      training/config_v4.json
MoLFormer:   /sc/arion/projects/DiseaseGeneCell/Huang_lab_project/wangcDrugRepoProject/transformersmodels/ibm/MoLFormer-XL-both-10pct
Pool CSVs:   (none — per-folder)
Model:       v4 MAP-GNN (per-folder, no pool, MUTAPLM + novelty + pocket attn + MoLFormer ctx)
Epochs:      50, batch=16, seed=1, lr=1e-4
==========================================
Python 3.12.2
Python: /sc/arion/work/wangc40/test-env/envs/test/bin/python
CUDA device: NVIDIA H100 80GB HBM3, sm_90
============================================================
TRACE-Kin training
============================================================
Datafolder:        /sc/arion/projects/DiseaseGeneCell/Huang_lab_project/drug_discovery/output/data/enzyme_embeddings_dataset/EITLEM_dataset/EITLEM_kkm_MUTAPLM_embedding_cold_protein
Result path:       /sc/arion/projects/DiseaseGeneCell/Huang_lab_project/wangcDrugRepoProject/TRACE_Kin_Results_v4_mapgnn/EITLEM_dataset/EITLEM_kkm_MUTAPLM_embedding_cold_protein
Config:            training/config_v4.json
Pool train CSVs:   (none)
============================================================
[mem] before load_split_dataframes             max RSS = 0.59 GB
Loading primary train: /sc/arion/projects/DiseaseGeneCell/Huang_lab_project/drug_discovery/output/data/enzyme_embeddings_dataset/EITLEM_dataset/EITLEM_kkm_MUTAPLM_embedding_cold_protein/train.parquet
Loading primary test: /sc/arion/projects/DiseaseGeneCell/Huang_lab_project/drug_discovery/output/data/enzyme_embeddings_dataset/EITLEM_dataset/EITLEM_kkm_MUTAPLM_embedding_cold_protein/test.parquet
Loading primary val: /sc/arion/projects/DiseaseGeneCell/Huang_lab_project/drug_discovery/output/data/enzyme_embeddings_dataset/EITLEM_dataset/EITLEM_kkm_MUTAPLM_embedding_cold_protein/val.parquet
Detected prot_evo_channels = 4096
seq2feat: 6607 unique sequences.
Loading MoLFormer-XL from /sc/arion/projects/DiseaseGeneCell/Huang_lab_project/wangcDrugRepoProject/transformersmodels/ibm/MoLFormer-XL-both-10pct
Computing MoLFormer embeddings for 2924 unique SMILES (batch_size=64)
  embedded 64/2924
  embedded 1344/2924
  embedded 2624/2924
Saved MoLFormer cache: /sc/arion/projects/DiseaseGeneCell/Huang_lab_project/drug_discovery/output/data/enzyme_embeddings_dataset/EITLEM_dataset/EITLEM_kkm_MUTAPLM_embedding_cold_protein/molformer_emb.pt (2924 SMILES)
MoLFormer embeddings: 2924 unique SMILES, dim=768
[mem] after load_split_dataframes              max RSS = 1.90 GB
model_version: v4, use_swa: False
Building protein graphs from scratch (this can be slow)...
U, B, O, or 0 in Sequence
U, B, O, or 0 in Sequence
U, B, O, or 0 in Sequence
U, B, O, or 0 in Sequence
U, B, O, or 0 in Sequence
U, B, O, or 0 in Sequence
Computing aa_typical from 6607 proteins...
  22 amino acid types observed; saving cache to /sc/arion/projects/DiseaseGeneCell/Huang_lab_project/drug_discovery/output/data/enzyme_embeddings_dataset/EITLEM_dataset/EITLEM_kkm_MUTAPLM_embedding_cold_protein/aa_typical.pt
  aa_typical buffers: means/stds shape (23, 4096), 22 known + 1 unknown AA slot
Building ligand graphs from scratch...
[mem] after preprocess                         max RSS = 24.36 GB
[mem] after free seq2feat/smi2chembert         max RSS = 24.36 GB
loaders ready: train=599 test=171 val=88
[mem] after make_loaders                       max RSS = 24.36 GB
Computing PNA degrees from training data...
Built TraceKinV4 with 7,494,323 parameters
[LR schedule] schedule_lr=False, lrate=0.0001, min_lrate=0, warmup_iters=0, lr_decay_iters=29950, total_iters=29950
Not in terminal, reprint now using normal build-in print function.
                              
                              
----------------------------------------
Epoch 001 with LR 0.000100: Model Results
----------------------------------------
Train MSE Loss: 3.0541, Train CLS Loss: 0.0000, Train MCLS Loss: 0.0000
Protein Cluster Region Loss - Ortho Loss: 0.0000, Cluster Loss: 0.0000
                              
Validation Results: {
    "ci": 0.591,
    "classification_loss": 0.0,
    "cluster_loss": 0.0,
    "mae": 1.376,
    "mse": 2.9714,
    "multiclassification_loss": 0.0,
    "ortho_loss": 0.0,
    "pearson": 0.2578,
    "regression_loss": 2.9729,
    "rm2": 0.0625,
    "rmse": 1.7238,
    "sd": 1.6754,
    "spearman": 0.2691,
    "spectral_loss": 0.0
}
                              
Test Results: {
    "ci": 0.5747,
    "classification_loss": 0.0,
    "cluster_loss": 0.0,
    "mae": 1.3651,
    "mse": 2.9752,
    "multiclassification_loss": 0.0,
    "ortho_loss": 0.0,
    "pearson": 0.2193,
    "regression_loss": 2.9738,
    "rm2": 0.0459,
    "rmse": 1.7249,
    "sd": 1.6929,
    "spearman": 0.2205,
    "spectral_loss": 0.0
}
                              
                              
----------------------------------------
Epoch 002 with LR 0.000100: Model Results
----------------------------------------
Train MSE Loss: 2.7610, Train CLS Loss: 0.0000, Train MCLS Loss: 0.0000
Protein Cluster Region Loss - Ortho Loss: 0.0000, Cluster Loss: 0.0000
                              
Validation Results: {
    "ci": 0.6044,
    "classification_loss": 0.0,
    "cluster_loss": 0.0,
    "mae": 1.3444,
    "mse": 2.9332,
    "multiclassification_loss": 0.0,
    "ortho_loss": 0.0,
    "pearson": 0.2816,
    "regression_loss": 2.9354,
    "rm2": 0.0734,
    "rmse": 1.7127,
    "sd": 1.6638,
    "spearman": 0.3073,
    "spectral_loss": 0.0
}
                              
Test Results: {
    "ci": 0.6178,
    "classification_loss": 0.0,
    "cluster_loss": 0.0,
    "mae": 1.2934,
    "mse": 2.7185,
    "multiclassification_loss": 0.0,
    "ortho_loss": 0.0,
    "pearson": 0.3452,
    "regression_loss": 2.7161,
    "rm2": 0.1115,
    "rmse": 1.6488,
    "sd": 1.6284,
    "spearman": 0.3444,
    "spectral_loss": 0.0
}
                              
                              
----------------------------------------
Epoch 003 with LR 0.000100: Model Results
----------------------------------------
Train MSE Loss: 2.3056, Train CLS Loss: 0.0000, Train MCLS Loss: 0.0000
Protein Cluster Region Loss - Ortho Loss: 0.0000, Cluster Loss: 0.0000
                              
Validation Results: {
    "ci": 0.6263,
    "classification_loss": 0.0,
    "cluster_loss": 0.0,
    "mae": 1.3078,
    "mse": 2.7645,
    "multiclassification_loss": 0.0,
    "ortho_loss": 0.0,
    "pearson": 0.3621,
    "regression_loss": 2.7669,
    "rm2": 0.1256,
    "rmse": 1.6627,
    "sd": 1.6163,
    "spearman": 0.3702,
    "spectral_loss": 0.0
}
                              
Test Results: {
    "ci": 0.645,
    "classification_loss": 0.0,
    "cluster_loss": 0.0,
    "mae": 1.2412,
    "mse": 2.5965,
    "multiclassification_loss": 0.0,
    "ortho_loss": 0.0,
    "pearson": 0.4212,
    "regression_loss": 2.5938,
    "rm2": 0.1756,
    "rmse": 1.6114,
    "sd": 1.5736,
    "spearman": 0.4191,
    "spectral_loss": 0.0
}
                              
                              
----------------------------------------
Epoch 004 with LR 0.000100: Model Results
----------------------------------------
Train MSE Loss: 1.9763, Train CLS Loss: 0.0000, Train MCLS Loss: 0.0000
Protein Cluster Region Loss - Ortho Loss: 0.0000, Cluster Loss: 0.0000
                              
Validation Results: {
    "ci": 0.6436,
    "classification_loss": 0.0,
    "cluster_loss": 0.0,
    "mae": 1.2697,
    "mse": 2.6784,
    "multiclassification_loss": 0.0,
    "ortho_loss": 0.0,
    "pearson": 0.4015,
    "regression_loss": 2.6796,
    "rm2": 0.1434,
    "rmse": 1.6366,
    "sd": 1.588,
    "spearman": 0.4175,
    "spectral_loss": 0.0
}
                              
Test Results: {
    "ci": 0.6583,
    "classification_loss": 0.0,
    "cluster_loss": 0.0,
    "mae": 1.2223,
    "mse": 2.5228,
    "multiclassification_loss": 0.0,
    "ortho_loss": 0.0,
    "pearson": 0.4458,
    "regression_loss": 2.5209,
    "rm2": 0.1791,
    "rmse": 1.5883,
    "sd": 1.5531,
    "spearman": 0.4525,
    "spectral_loss": 0.0
}
                              
                              
----------------------------------------
Epoch 005 with LR 0.000100: Model Results
----------------------------------------
Train MSE Loss: 1.7168, Train CLS Loss: 0.0000, Train MCLS Loss: 0.0000
Protein Cluster Region Loss - Ortho Loss: 0.0000, Cluster Loss: 0.0000
                              
Validation Results: {
    "ci": 0.6558,
    "classification_loss": 0.0,
    "cluster_loss": 0.0,
    "mae": 1.2233,
    "mse": 2.529,
    "multiclassification_loss": 0.0,
    "ortho_loss": 0.0,
    "pearson": 0.4402,
    "regression_loss": 2.5324,
    "rm2": 0.1902,
    "rmse": 1.5903,
    "sd": 1.5569,
    "spearman": 0.4488,
    "spectral_loss": 0.0
}
                              
Test Results: {
    "ci": 0.6735,
    "classification_loss": 0.0,
    "cluster_loss": 0.0,
    "mae": 1.1618,
    "mse": 2.3748,
    "multiclassification_loss": 0.0,
    "ortho_loss": 0.0,
    "pearson": 0.5072,
    "regression_loss": 2.372,
    "rm2": 0.2501,
    "rmse": 1.541,
    "sd": 1.4953,
    "spearman": 0.4902,
    "spectral_loss": 0.0
}
                              
                              
----------------------------------------
Epoch 006 with LR 0.000100: Model Results
----------------------------------------
Train MSE Loss: 1.5558, Train CLS Loss: 0.0000, Train MCLS Loss: 0.0000
Protein Cluster Region Loss - Ortho Loss: 0.0000, Cluster Loss: 0.0000
                              
Validation Results: {
    "ci": 0.6571,
    "classification_loss": 0.0,
    "cluster_loss": 0.0,
    "mae": 1.2255,
    "mse": 2.5831,
    "multiclassification_loss": 0.0,
    "ortho_loss": 0.0,
    "pearson": 0.443,
    "regression_loss": 2.5851,
    "rm2": 0.1777,
    "rmse": 1.6072,
    "sd": 1.5546,
    "spearman": 0.4506,
    "spectral_loss": 0.0
}
                              
Test Results: {
    "ci": 0.6735,
    "classification_loss": 0.0,
    "cluster_loss": 0.0,
    "mae": 1.1618,
    "mse": 2.3748,
    "multiclassification_loss": 0.0,
    "ortho_loss": 0.0,
    "pearson": 0.5072,
    "regression_loss": 2.372,
    "rm2": 0.2501,
    "rmse": 1.541,
    "sd": 1.4953,
    "spearman": 0.4902,
    "spectral_loss": 0.0
}
                              
                              
----------------------------------------
Epoch 007 with LR 0.000100: Model Results
----------------------------------------
Train MSE Loss: 1.4279, Train CLS Loss: 0.0000, Train MCLS Loss: 0.0000
Protein Cluster Region Loss - Ortho Loss: 0.0000, Cluster Loss: 0.0000
                              
Validation Results: {
    "ci": 0.6617,
    "classification_loss": 0.0,
    "cluster_loss": 0.0,
    "mae": 1.214,
    "mse": 2.5272,
    "multiclassification_loss": 0.0,
    "ortho_loss": 0.0,
    "pearson": 0.4399,
    "regression_loss": 2.5289,
    "rm2": 0.1841,
    "rmse": 1.5897,
    "sd": 1.5572,
    "spearman": 0.4624,
    "spectral_loss": 0.0
}
                              
Test Results: {
    "ci": 0.6783,
    "classification_loss": 0.0,
    "cluster_loss": 0.0,
    "mae": 1.1278,
    "mse": 2.2092,
    "multiclassification_loss": 0.0,
    "ortho_loss": 0.0,
    "pearson": 0.5386,
    "regression_loss": 2.2077,
    "rm2": 0.2889,
    "rmse": 1.4863,
    "sd": 1.4619,
    "spearman": 0.502,
    "spectral_loss": 0.0
}
                              
                              
----------------------------------------
Epoch 008 with LR 0.000100: Model Results
----------------------------------------
Train MSE Loss: 1.3503, Train CLS Loss: 0.0000, Train MCLS Loss: 0.0000
Protein Cluster Region Loss - Ortho Loss: 0.0000, Cluster Loss: 0.0000
                              
Validation Results: {
    "ci": 0.6538,
    "classification_loss": 0.0,
    "cluster_loss": 0.0,
    "mae": 1.2406,
    "mse": 2.6283,
    "multiclassification_loss": 0.0,
    "ortho_loss": 0.0,
    "pearson": 0.4152,
    "regression_loss": 2.6294,
    "rm2": 0.1529,
    "rmse": 1.6212,
    "sd": 1.5775,
    "spearman": 0.4415,
    "spectral_loss": 0.0
}
                              
Test Results: {
    "ci": 0.6783,
    "classification_loss": 0.0,
    "cluster_loss": 0.0,
    "mae": 1.1278,
    "mse": 2.2092,
    "multiclassification_loss": 0.0,
    "ortho_loss": 0.0,
    "pearson": 0.5386,
    "regression_loss": 2.2077,
    "rm2": 0.2889,
    "rmse": 1.4863,
    "sd": 1.4619,
    "spearman": 0.502,
    "spectral_loss": 0.0
}
                              
                              
----------------------------------------
Epoch 009 with LR 0.000100: Model Results
----------------------------------------
Train MSE Loss: 1.2708, Train CLS Loss: 0.0000, Train MCLS Loss: 0.0000
Protein Cluster Region Loss - Ortho Loss: 0.0000, Cluster Loss: 0.0000
                              
Validation Results: {
    "ci": 0.6593,
    "classification_loss": 0.0,
    "cluster_loss": 0.0,
    "mae": 1.2814,
    "mse": 2.8141,
    "multiclassification_loss": 0.0,
    "ortho_loss": 0.0,
    "pearson": 0.4397,
    "regression_loss": 2.8148,
    "rm2": 0.1606,
    "rmse": 1.6775,
    "sd": 1.5574,
    "spearman": 0.455,
    "spectral_loss": 0.0
}
                              
Test Results: {
    "ci": 0.6783,
    "classification_loss": 0.0,
    "cluster_loss": 0.0,
    "mae": 1.1278,
    "mse": 2.2092,
    "multiclassification_loss": 0.0,
    "ortho_loss": 0.0,
    "pearson": 0.5386,
    "regression_loss": 2.2077,
    "rm2": 0.2889,
    "rmse": 1.4863,
    "sd": 1.4619,
    "spearman": 0.502,
    "spectral_loss": 0.0
}
                              
                              
----------------------------------------
Epoch 010 with LR 0.000100: Model Results
----------------------------------------
Train MSE Loss: 1.2216, Train CLS Loss: 0.0000, Train MCLS Loss: 0.0000
Protein Cluster Region Loss - Ortho Loss: 0.0000, Cluster Loss: 0.0000
                              
Validation Results: {
    "ci": 0.6635,
    "classification_loss": 0.0,
    "cluster_loss": 0.0,
    "mae": 1.3405,
    "mse": 3.0099,
    "multiclassification_loss": 0.0,
    "ortho_loss": 0.0,
    "pearson": 0.4588,
    "regression_loss": 3.0132,
    "rm2": 0.2048,
    "rmse": 1.7349,
    "sd": 1.5407,
    "spearman": 0.4688,
    "spectral_loss": 0.0
}
                              
Test Results: {
    "ci": 0.6783,
    "classification_loss": 0.0,
    "cluster_loss": 0.0,
    "mae": 1.1278,
    "mse": 2.2092,
    "multiclassification_loss": 0.0,
    "ortho_loss": 0.0,
    "pearson": 0.5386,
    "regression_loss": 2.2077,
    "rm2": 0.2889,
    "rmse": 1.4863,
    "sd": 1.4619,
    "spearman": 0.502,
    "spectral_loss": 0.0
}
                              
                              
----------------------------------------
Epoch 011 with LR 0.000100: Model Results
----------------------------------------
Train MSE Loss: 1.1887, Train CLS Loss: 0.0000, Train MCLS Loss: 0.0000
Protein Cluster Region Loss - Ortho Loss: 0.0000, Cluster Loss: 0.0000
                              
Validation Results: {
    "ci": 0.6509,
    "classification_loss": 0.0,
    "cluster_loss": 0.0,
    "mae": 1.2782,
    "mse": 2.8831,
    "multiclassification_loss": 0.0,
    "ortho_loss": 0.0,
    "pearson": 0.4208,
    "regression_loss": 2.8839,
    "rm2": 0.1525,
    "rmse": 1.698,
    "sd": 1.573,
    "spearman": 0.4303,
    "spectral_loss": 0.0
}
                              
Test Results: {
    "ci": 0.6783,
    "classification_loss": 0.0,
    "cluster_loss": 0.0,
    "mae": 1.1278,
    "mse": 2.2092,
    "multiclassification_loss": 0.0,
    "ortho_loss": 0.0,
    "pearson": 0.5386,
    "regression_loss": 2.2077,
    "rm2": 0.2889,
    "rmse": 1.4863,
    "sd": 1.4619,
    "spearman": 0.502,
    "spectral_loss": 0.0
}
                              
                              
----------------------------------------
Epoch 012 with LR 0.000100: Model Results
----------------------------------------
Train MSE Loss: 1.1357, Train CLS Loss: 0.0000, Train MCLS Loss: 0.0000
Protein Cluster Region Loss - Ortho Loss: 0.0000, Cluster Loss: 0.0000
                              
Validation Results: {
    "ci": 0.6661,
    "classification_loss": 0.0,
    "cluster_loss": 0.0,
    "mae": 1.2036,
    "mse": 2.5774,
    "multiclassification_loss": 0.0,
    "ortho_loss": 0.0,
    "pearson": 0.4452,
    "regression_loss": 2.5792,
    "rm2": 0.1836,
    "rmse": 1.6054,
    "sd": 1.5526,
    "spearman": 0.4704,
    "spectral_loss": 0.0
}
                              
Test Results: {
    "ci": 0.6783,
    "classification_loss": 0.0,
    "cluster_loss": 0.0,
    "mae": 1.1278,
    "mse": 2.2092,
    "multiclassification_loss": 0.0,
    "ortho_loss": 0.0,
    "pearson": 0.5386,
    "regression_loss": 2.2077,
    "rm2": 0.2889,
    "rmse": 1.4863,
    "sd": 1.4619,
    "spearman": 0.502,
    "spectral_loss": 0.0
}
                              
                              
----------------------------------------
Epoch 013 with LR 0.000100: Model Results
----------------------------------------
Train MSE Loss: 1.1056, Train CLS Loss: 0.0000, Train MCLS Loss: 0.0000
Protein Cluster Region Loss - Ortho Loss: 0.0000, Cluster Loss: 0.0000
                              
Validation Results: {
    "ci": 0.6649,
    "classification_loss": 0.0,
    "cluster_loss": 0.0,
    "mae": 1.2134,
    "mse": 2.569,
    "multiclassification_loss": 0.0,
    "ortho_loss": 0.0,
    "pearson": 0.4484,
    "regression_loss": 2.5703,
    "rm2": 0.1831,
    "rmse": 1.6028,
    "sd": 1.5499,
    "spearman": 0.4696,
    "spectral_loss": 0.0
}
                              
Test Results: {
    "ci": 0.6783,
    "classification_loss": 0.0,
    "cluster_loss": 0.0,
    "mae": 1.1278,
    "mse": 2.2092,
    "multiclassification_loss": 0.0,
    "ortho_loss": 0.0,
    "pearson": 0.5386,
    "regression_loss": 2.2077,
    "rm2": 0.2889,
    "rmse": 1.4863,
    "sd": 1.4619,
    "spearman": 0.502,
    "spectral_loss": 0.0
}
                              
                              
----------------------------------------
Epoch 014 with LR 0.000100: Model Results
----------------------------------------
Train MSE Loss: 1.0754, Train CLS Loss: 0.0000, Train MCLS Loss: 0.0000
Protein Cluster Region Loss - Ortho Loss: 0.0000, Cluster Loss: 0.0000
                              
Validation Results: {
    "ci": 0.6615,
    "classification_loss": 0.0,
    "cluster_loss": 0.0,
    "mae": 1.2455,
    "mse": 2.674,
    "multiclassification_loss": 0.0,
    "ortho_loss": 0.0,
    "pearson": 0.4472,
    "regression_loss": 2.6749,
    "rm2": 0.1684,
    "rmse": 1.6352,
    "sd": 1.5509,
    "spearman": 0.4589,
    "spectral_loss": 0.0
}
                              
Test Results: {
    "ci": 0.6783,
    "classification_loss": 0.0,
    "cluster_loss": 0.0,
    "mae": 1.1278,
    "mse": 2.2092,
    "multiclassification_loss": 0.0,
    "ortho_loss": 0.0,
    "pearson": 0.5386,
    "regression_loss": 2.2077,
    "rm2": 0.2889,
    "rmse": 1.4863,
    "sd": 1.4619,
    "spearman": 0.502,
    "spectral_loss": 0.0
}
                              
                              
----------------------------------------
Epoch 015 with LR 0.000100: Model Results
----------------------------------------
Train MSE Loss: 1.0527, Train CLS Loss: 0.0000, Train MCLS Loss: 0.0000
Protein Cluster Region Loss - Ortho Loss: 0.0000, Cluster Loss: 0.0000
                              
Validation Results: {
    "ci": 0.6618,
    "classification_loss": 0.0,
    "cluster_loss": 0.0,
    "mae": 1.2548,
    "mse": 2.8176,
    "multiclassification_loss": 0.0,
    "ortho_loss": 0.0,
    "pearson": 0.4371,
    "regression_loss": 2.8185,
    "rm2": 0.1675,
    "rmse": 1.6786,
    "sd": 1.5596,
    "spearman": 0.4573,
    "spectral_loss": 0.0
}
                              
Test Results: {
    "ci": 0.6783,
    "classification_loss": 0.0,
    "cluster_loss": 0.0,
    "mae": 1.1278,
    "mse": 2.2092,
    "multiclassification_loss": 0.0,
    "ortho_loss": 0.0,
    "pearson": 0.5386,
    "regression_loss": 2.2077,
    "rm2": 0.2889,
    "rmse": 1.4863,
    "sd": 1.4619,
    "spearman": 0.502,
    "spectral_loss": 0.0
}
                              
                              
----------------------------------------
Epoch 016 with LR 0.000100: Model Results
----------------------------------------
Train MSE Loss: 1.0362, Train CLS Loss: 0.0000, Train MCLS Loss: 0.0000
Protein Cluster Region Loss - Ortho Loss: 0.0000, Cluster Loss: 0.0000
                              
Validation Results: {
    "ci": 0.6542,
    "classification_loss": 0.0,
    "cluster_loss": 0.0,
    "mae": 1.2383,
    "mse": 2.6194,
    "multiclassification_loss": 0.0,
    "ortho_loss": 0.0,
    "pearson": 0.4279,
    "regression_loss": 2.62,
    "rm2": 0.1639,
    "rmse": 1.6185,
    "sd": 1.5672,
    "spearman": 0.4428,
    "spectral_loss": 0.0
}
                              
Test Results: {
    "ci": 0.6783,
    "classification_loss": 0.0,
    "cluster_loss": 0.0,
    "mae": 1.1278,
    "mse": 2.2092,
    "multiclassification_loss": 0.0,
    "ortho_loss": 0.0,
    "pearson": 0.5386,
    "regression_loss": 2.2077,
    "rm2": 0.2889,
    "rmse": 1.4863,
    "sd": 1.4619,
    "spearman": 0.502,
    "spectral_loss": 0.0
}
                              
                              
----------------------------------------
Epoch 017 with LR 0.000100: Model Results
----------------------------------------
Train MSE Loss: 1.0109, Train CLS Loss: 0.0000, Train MCLS Loss: 0.0000
Protein Cluster Region Loss - Ortho Loss: 0.0000, Cluster Loss: 0.0000
                              
Validation Results: {
    "ci": 0.6712,
    "classification_loss": 0.0,
    "cluster_loss": 0.0,
    "mae": 1.2291,
    "mse": 2.6913,
    "multiclassification_loss": 0.0,
    "ortho_loss": 0.0,
    "pearson": 0.4692,
    "regression_loss": 2.6921,
    "rm2": 0.1849,
    "rmse": 1.6405,
    "sd": 1.5312,
    "spearman": 0.4858,
    "spectral_loss": 0.0
}
                              
Test Results: {
    "ci": 0.6783,
    "classification_loss": 0.0,
    "cluster_loss": 0.0,
    "mae": 1.1278,
    "mse": 2.2092,
    "multiclassification_loss": 0.0,
    "ortho_loss": 0.0,
    "pearson": 0.5386,
    "regression_loss": 2.2077,
    "rm2": 0.2889,
    "rmse": 1.4863,
    "sd": 1.4619,
    "spearman": 0.502,
    "spectral_loss": 0.0
}

Early stopping at epoch 17 (no improvement for 10 epochs)
[best epoch] epoch=7, best_rmse=1.5897, lr_at_best=1.000e-04
                              
                              
----------------------------------------
Epoch 017 with LR 0.000100: Model Results
----------------------------------------
Train MSE Loss: 1.0109, Train CLS Loss: 0.0000, Train MCLS Loss: 0.0000
Protein Cluster Region Loss - Ortho Loss: 0.0000, Cluster Loss: 0.0000
                              
Validation Results: {
    "ci": 0.6712,
    "classification_loss": 0.0,
    "cluster_loss": 0.0,
    "mae": 1.2291,
    "mse": 2.6913,
    "multiclassification_loss": 0.0,
    "ortho_loss": 0.0,
    "pearson": 0.4692,
    "regression_loss": 2.6921,
    "rm2": 0.1849,
    "rmse": 1.6405,
    "sd": 1.5312,
    "spearman": 0.4858,
    "spectral_loss": 0.0
}
                              
Test Results: {
    "ci": 0.6783,
    "classification_loss": 0.0,
    "cluster_loss": 0.0,
    "mae": 1.1278,
    "mse": 2.2092,
    "multiclassification_loss": 0.0,
    "ortho_loss": 0.0,
    "pearson": 0.5386,
    "regression_loss": 2.2077,
    "rm2": 0.2889,
    "rmse": 1.4863,
    "sd": 1.4619,
    "spearman": 0.502,
    "spectral_loss": 0.0
}
Final test metrics: rmse=1.4863, pearson=0.5386, r2_proxy(mse)=2.2092
Done. Predictions: /sc/arion/projects/DiseaseGeneCell/Huang_lab_project/wangcDrugRepoProject/TRACE_Kin_Results_v4_mapgnn/EITLEM_dataset/EITLEM_kkm_MUTAPLM_embedding_cold_protein/test_prediction_seed1.csv; checkpoint: /sc/arion/projects/DiseaseGeneCell/Huang_lab_project/wangcDrugRepoProject/TRACE_Kin_Results_v4_mapgnn/EITLEM_dataset/EITLEM_kkm_MUTAPLM_embedding_cold_protein/save_model_seed1/model.pt

==========================================
Array task 9/10: OK (EITLEM_kkm_MUTAPLM_embedding_cold_protein)
==========================================


PS:

Read file <242906673.9.stderr> for stderr output of this job.

