Sender: LSF System <lsfadmin@lg02e06>
Subject: Job 242906676[3]: <trace_kin_v4_perfolder_s3[1-10]> in cluster <chimera> Done

Job <trace_kin_v4_perfolder_s3[1-10]> was submitted from host <li04e01> by user <wangc40> in cluster <chimera> at Mon May 11 00:07:38 2026
Job was executed on host(s) <16*lg02e06>, in queue <gpu>, as user <wangc40> in cluster <chimera> at Mon May 11 04:24:53 2026
</hpc/users/wangc40> was used as the home directory.
</sc/arion/projects/DiseaseGeneCell/Huang_lab_project/wangcDrugRepoProject/TRACE-Kin> was used as the working directory.
Started at Mon May 11 04:24:53 2026
Terminated at Mon May 11 07:10:51 2026
Results reported at Mon May 11 07:10:51 2026

Your job looked like:

------------------------------------------------------------
# LSBATCH: User input
#!/bin/bash
#BSUB -J trace_kin_v4_perfolder_s3[1-10]
#BSUB -P acc_DiseaseGeneCell
#BSUB -q gpu
#BSUB -R h100nvl
#BSUB -gpu num=1
#BSUB -n 16
#BSUB -R "rusage[mem=15000]"
#BSUB -R "span[hosts=1]"
#BSUB -W 48:00
#BSUB -o %J.%I.stdout
#BSUB -eo %J.%I.stderr
#BSUB -L /bin/bash

# =============================================================================
# TRACE-Kin v4 (MAP-GNN) PER-FOLDER + MutaPLM — top-10 RF-gap cells
# =============================================================================
# Submit with:
#     bsub < training/run_v4_perfolder_s1.lsf
#
# v4 = MAP-GNN: v1 GNN backbone + per-residue novelty score + pocket
# attention pool + MoLFormer-XL molecular context residual (preserved
# from v3). Unlike earlier versions, every cell uses MutaPLM as the
# protein embedding (the entire mutation-aware story rests on
# MutaPLM's residue-level mutation sensitivity), instead of the
# per-cell best-RF-baseline embedding.
#
# Per-residue novelty:
#   novelty[r] = ||MutaPLM[r] - aa_typical_mean[aa[r]]|| / aa_typical_std[aa[r]]
# where aa_typical statistics are precomputed once over the training
# corpus and cached at <datafolder>/aa_typical.pt. Mutations stand
# out because their MutaPLM vector deviates from the typical
# embedding for the residue's amino acid type — no explicit (WT,
# mutant) labels needed.
#
# Pocket attention:
#   pocket_logit[r] = MLP([MutaPLM[r], novelty[r], degree(r)])
#   pocket_weight[r] = softmax(pocket_logit) over r in same protein
#   prot_pool = sum_r (pocket_weight[r] * residue_h[r])
#
# Cells: same 10 as v3 (largest historical PSICHIC-vs-RF gap).
# Embedding source forced to MUTAPLM regardless of the per-cell
# best-RF choice in the historical benchmark.
#
# Outputs land under TRACE_Kin_Results_v4_mapgnn/<dataset>/<task_name>/
# so they don't collide with prior v3 trees.
# =============================================================================

# --- Environment -------------------------------------------------------------
ml purge

(... more ...)
------------------------------------------------------------

Successfully completed.

Resource usage summary:

    CPU time :                                   12052.00 sec.
    Max Memory :                                 29528 MB
    Average Memory :                             28564.34 MB
    Total Requested Memory :                     240000.00 MB
    Delta Memory :                               210472.00 MB
    Max Swap :                                   -
    Max Processes :                              4
    Max Threads :                                25
    Run time :                                   9958 sec.
    Turnaround time :                            25393 sec.

The output (if any) follows:

==========================================
TRACE-Kin v4 (MAP-GNN) PER-FOLDER task 3/10
==========================================
Date:        Mon May 11 04:24:56 EDT 2026
Dataset:     /sc/arion/projects/DiseaseGeneCell/Huang_lab_project/drug_discovery/output/data/enzyme_embeddings_dataset/inhouse_dataset/inhouse_Kd_MUTAPLM_embedding_random
Result:      /sc/arion/projects/DiseaseGeneCell/Huang_lab_project/wangcDrugRepoProject/TRACE_Kin_Results_v4_mapgnn/inhouse_dataset/inhouse_Kd_MUTAPLM_embedding_random
Config:      training/config_v4.json
MoLFormer:   /sc/arion/projects/DiseaseGeneCell/Huang_lab_project/wangcDrugRepoProject/transformersmodels/ibm/MoLFormer-XL-both-10pct
Pool CSVs:   (none — per-folder)
Model:       v4 MAP-GNN (per-folder, no pool, MUTAPLM + novelty + pocket attn + MoLFormer ctx)
Epochs:      50, batch=16, seed=3, lr=1e-4
==========================================
Python 3.12.2
Python: /sc/arion/work/wangc40/test-env/envs/test/bin/python
CUDA device: NVIDIA H100 80GB HBM3, sm_90
============================================================
TRACE-Kin training
============================================================
Datafolder:        /sc/arion/projects/DiseaseGeneCell/Huang_lab_project/drug_discovery/output/data/enzyme_embeddings_dataset/inhouse_dataset/inhouse_Kd_MUTAPLM_embedding_random
Result path:       /sc/arion/projects/DiseaseGeneCell/Huang_lab_project/wangcDrugRepoProject/TRACE_Kin_Results_v4_mapgnn/inhouse_dataset/inhouse_Kd_MUTAPLM_embedding_random
Config:            training/config_v4.json
Pool train CSVs:   (none)
============================================================
[mem] before load_split_dataframes             max RSS = 0.59 GB
Loading primary train: /sc/arion/projects/DiseaseGeneCell/Huang_lab_project/drug_discovery/output/data/enzyme_embeddings_dataset/inhouse_dataset/inhouse_Kd_MUTAPLM_embedding_random/train.parquet
Loading primary test: /sc/arion/projects/DiseaseGeneCell/Huang_lab_project/drug_discovery/output/data/enzyme_embeddings_dataset/inhouse_dataset/inhouse_Kd_MUTAPLM_embedding_random/test.parquet
Loading primary val: /sc/arion/projects/DiseaseGeneCell/Huang_lab_project/drug_discovery/output/data/enzyme_embeddings_dataset/inhouse_dataset/inhouse_Kd_MUTAPLM_embedding_random/val.parquet
Detected prot_evo_channels = 4096
seq2feat: 7857 unique sequences.
Loading MoLFormer-XL from /sc/arion/projects/DiseaseGeneCell/Huang_lab_project/wangcDrugRepoProject/transformersmodels/ibm/MoLFormer-XL-both-10pct
Computing MoLFormer embeddings for 2706 unique SMILES (batch_size=64)
  embedded 64/2706
  embedded 1344/2706
  embedded 2624/2706
Saved MoLFormer cache: /sc/arion/projects/DiseaseGeneCell/Huang_lab_project/drug_discovery/output/data/enzyme_embeddings_dataset/inhouse_dataset/inhouse_Kd_MUTAPLM_embedding_random/molformer_emb.pt (2706 SMILES)
MoLFormer embeddings: 2706 unique SMILES, dim=768
[mem] after load_split_dataframes              max RSS = 2.32 GB
model_version: v4, use_swa: False
Building protein graphs from scratch (this can be slow)...
U, B, O, or 0 in Sequence
U, B, O, or 0 in Sequence
U, B, O, or 0 in Sequence
U, B, O, or 0 in Sequence
U, B, O, or 0 in Sequence
Computing aa_typical from 7857 proteins...
  23 amino acid types observed; saving cache to /sc/arion/projects/DiseaseGeneCell/Huang_lab_project/drug_discovery/output/data/enzyme_embeddings_dataset/inhouse_dataset/inhouse_Kd_MUTAPLM_embedding_random/aa_typical.pt
  aa_typical buffers: means/stds shape (24, 4096), 23 known + 1 unknown AA slot
Building ligand graphs from scratch...
[mem] after preprocess                         max RSS = 28.48 GB
[mem] after free seq2feat/smi2chembert         max RSS = 28.48 GB
loaders ready: train=851 test=107 val=107
[mem] after make_loaders                       max RSS = 28.48 GB
Computing PNA degrees from training data...
Built TraceKinV4 with 7,494,323 parameters
[LR schedule] schedule_lr=False, lrate=0.0001, min_lrate=0, warmup_iters=0, lr_decay_iters=42550, total_iters=42550
Not in terminal, reprint now using normal build-in print function.
                              
                              
----------------------------------------
Epoch 001 with LR 0.000100: Model Results
----------------------------------------
Train MSE Loss: 1.9934, Train CLS Loss: 0.0000, Train MCLS Loss: 0.0000
Protein Cluster Region Loss - Ortho Loss: 0.0000, Cluster Loss: 0.0000
                              
Validation Results: {
    "ci": 0.6758,
    "classification_loss": 0.0,
    "cluster_loss": 0.0,
    "mae": 1.0067,
    "mse": 1.7863,
    "multiclassification_loss": 0.0,
    "ortho_loss": 0.0,
    "pearson": 0.4982,
    "regression_loss": 1.7977,
    "rm2": 0.2361,
    "rmse": 1.3365,
    "sd": 1.3309,
    "spearman": 0.5041,
    "spectral_loss": 0.0
}
                              
Test Results: {
    "ci": 0.6822,
    "classification_loss": 0.0,
    "cluster_loss": 0.0,
    "mae": 0.9774,
    "mse": 1.5857,
    "multiclassification_loss": 0.0,
    "ortho_loss": 0.0,
    "pearson": 0.5369,
    "regression_loss": 1.5799,
    "rm2": 0.2691,
    "rmse": 1.2592,
    "sd": 1.2523,
    "spearman": 0.5225,
    "spectral_loss": 0.0
}
                              
                              
----------------------------------------
Epoch 002 with LR 0.000100: Model Results
----------------------------------------
Train MSE Loss: 1.5722, Train CLS Loss: 0.0000, Train MCLS Loss: 0.0000
Protein Cluster Region Loss - Ortho Loss: 0.0000, Cluster Loss: 0.0000
                              
Validation Results: {
    "ci": 0.7202,
    "classification_loss": 0.0,
    "cluster_loss": 0.0,
    "mae": 0.9044,
    "mse": 1.5158,
    "multiclassification_loss": 0.0,
    "ortho_loss": 0.0,
    "pearson": 0.5984,
    "regression_loss": 1.5275,
    "rm2": 0.3453,
    "rmse": 1.2312,
    "sd": 1.2298,
    "spearman": 0.6117,
    "spectral_loss": 0.0
}
                              
Test Results: {
    "ci": 0.7271,
    "classification_loss": 0.0,
    "cluster_loss": 0.0,
    "mae": 0.877,
    "mse": 1.326,
    "multiclassification_loss": 0.0,
    "ortho_loss": 0.0,
    "pearson": 0.6328,
    "regression_loss": 1.3194,
    "rm2": 0.3834,
    "rmse": 1.1515,
    "sd": 1.1494,
    "spearman": 0.6316,
    "spectral_loss": 0.0
}
                              
                              
----------------------------------------
Epoch 003 with LR 0.000100: Model Results
----------------------------------------
Train MSE Loss: 1.3472, Train CLS Loss: 0.0000, Train MCLS Loss: 0.0000
Protein Cluster Region Loss - Ortho Loss: 0.0000, Cluster Loss: 0.0000
                              
Validation Results: {
    "ci": 0.7308,
    "classification_loss": 0.0,
    "cluster_loss": 0.0,
    "mae": 0.8797,
    "mse": 1.4197,
    "multiclassification_loss": 0.0,
    "ortho_loss": 0.0,
    "pearson": 0.6341,
    "regression_loss": 1.4288,
    "rm2": 0.3822,
    "rmse": 1.1915,
    "sd": 1.1869,
    "spearman": 0.6374,
    "spectral_loss": 0.0
}
                              
Test Results: {
    "ci": 0.7354,
    "classification_loss": 0.0,
    "cluster_loss": 0.0,
    "mae": 0.8645,
    "mse": 1.2849,
    "multiclassification_loss": 0.0,
    "ortho_loss": 0.0,
    "pearson": 0.6501,
    "regression_loss": 1.2797,
    "rm2": 0.4001,
    "rmse": 1.1335,
    "sd": 1.1279,
    "spearman": 0.6515,
    "spectral_loss": 0.0
}
                              
                              
----------------------------------------
Epoch 004 with LR 0.000100: Model Results
----------------------------------------
Train MSE Loss: 1.1906, Train CLS Loss: 0.0000, Train MCLS Loss: 0.0000
Protein Cluster Region Loss - Ortho Loss: 0.0000, Cluster Loss: 0.0000
                              
Validation Results: {
    "ci": 0.7462,
    "classification_loss": 0.0,
    "cluster_loss": 0.0,
    "mae": 0.8339,
    "mse": 1.3193,
    "multiclassification_loss": 0.0,
    "ortho_loss": 0.0,
    "pearson": 0.6632,
    "regression_loss": 1.322,
    "rm2": 0.4387,
    "rmse": 1.1486,
    "sd": 1.1488,
    "spearman": 0.6682,
    "spectral_loss": 0.0
}
                              
Test Results: {
    "ci": 0.7515,
    "classification_loss": 0.0,
    "cluster_loss": 0.0,
    "mae": 0.8126,
    "mse": 1.1849,
    "multiclassification_loss": 0.0,
    "ortho_loss": 0.0,
    "pearson": 0.6798,
    "regression_loss": 1.1794,
    "rm2": 0.4586,
    "rmse": 1.0885,
    "sd": 1.0887,
    "spearman": 0.6822,
    "spectral_loss": 0.0
}
                              
                              
----------------------------------------
Epoch 005 with LR 0.000100: Model Results
----------------------------------------
Train MSE Loss: 1.0922, Train CLS Loss: 0.0000, Train MCLS Loss: 0.0000
Protein Cluster Region Loss - Ortho Loss: 0.0000, Cluster Loss: 0.0000
                              
Validation Results: {
    "ci": 0.7507,
    "classification_loss": 0.0,
    "cluster_loss": 0.0,
    "mae": 0.8188,
    "mse": 1.2934,
    "multiclassification_loss": 0.0,
    "ortho_loss": 0.0,
    "pearson": 0.6716,
    "regression_loss": 1.3005,
    "rm2": 0.4448,
    "rmse": 1.1373,
    "sd": 1.1373,
    "spearman": 0.6784,
    "spectral_loss": 0.0
}
                              
Test Results: {
    "ci": 0.7545,
    "classification_loss": 0.0,
    "cluster_loss": 0.0,
    "mae": 0.8036,
    "mse": 1.1643,
    "multiclassification_loss": 0.0,
    "ortho_loss": 0.0,
    "pearson": 0.6867,
    "regression_loss": 1.16,
    "rm2": 0.471,
    "rmse": 1.079,
    "sd": 1.0792,
    "spearman": 0.6886,
    "spectral_loss": 0.0
}
                              
                              
----------------------------------------
Epoch 006 with LR 0.000100: Model Results
----------------------------------------
Train MSE Loss: 1.0227, Train CLS Loss: 0.0000, Train MCLS Loss: 0.0000
Protein Cluster Region Loss - Ortho Loss: 0.0000, Cluster Loss: 0.0000
                              
Validation Results: {
    "ci": 0.7518,
    "classification_loss": 0.0,
    "cluster_loss": 0.0,
    "mae": 0.8809,
    "mse": 1.3922,
    "multiclassification_loss": 0.0,
    "ortho_loss": 0.0,
    "pearson": 0.6649,
    "regression_loss": 1.4001,
    "rm2": 0.3952,
    "rmse": 1.1799,
    "sd": 1.1465,
    "spearman": 0.6815,
    "spectral_loss": 0.0
}
                              
Test Results: {
    "ci": 0.7545,
    "classification_loss": 0.0,
    "cluster_loss": 0.0,
    "mae": 0.8036,
    "mse": 1.1643,
    "multiclassification_loss": 0.0,
    "ortho_loss": 0.0,
    "pearson": 0.6867,
    "regression_loss": 1.16,
    "rm2": 0.471,
    "rmse": 1.079,
    "sd": 1.0792,
    "spearman": 0.6886,
    "spectral_loss": 0.0
}
                              
                              
----------------------------------------
Epoch 007 with LR 0.000100: Model Results
----------------------------------------
Train MSE Loss: 0.9767, Train CLS Loss: 0.0000, Train MCLS Loss: 0.0000
Protein Cluster Region Loss - Ortho Loss: 0.0000, Cluster Loss: 0.0000
                              
Validation Results: {
    "ci": 0.7583,
    "classification_loss": 0.0,
    "cluster_loss": 0.0,
    "mae": 0.8147,
    "mse": 1.287,
    "multiclassification_loss": 0.0,
    "ortho_loss": 0.0,
    "pearson": 0.6789,
    "regression_loss": 1.2945,
    "rm2": 0.4331,
    "rmse": 1.1345,
    "sd": 1.127,
    "spearman": 0.694,
    "spectral_loss": 0.0
}
                              
Test Results: {
    "ci": 0.7604,
    "classification_loss": 0.0,
    "cluster_loss": 0.0,
    "mae": 0.7941,
    "mse": 1.1687,
    "multiclassification_loss": 0.0,
    "ortho_loss": 0.0,
    "pearson": 0.6927,
    "regression_loss": 1.1637,
    "rm2": 0.4429,
    "rmse": 1.0811,
    "sd": 1.0707,
    "spearman": 0.6989,
    "spectral_loss": 0.0
}
                              
                              
----------------------------------------
Epoch 008 with LR 0.000100: Model Results
----------------------------------------
Train MSE Loss: 0.9344, Train CLS Loss: 0.0000, Train MCLS Loss: 0.0000
Protein Cluster Region Loss - Ortho Loss: 0.0000, Cluster Loss: 0.0000
                              
Validation Results: {
    "ci": 0.7589,
    "classification_loss": 0.0,
    "cluster_loss": 0.0,
    "mae": 0.795,
    "mse": 1.2457,
    "multiclassification_loss": 0.0,
    "ortho_loss": 0.0,
    "pearson": 0.6892,
    "regression_loss": 1.25,
    "rm2": 0.4672,
    "rmse": 1.1161,
    "sd": 1.1121,
    "spearman": 0.6947,
    "spectral_loss": 0.0
}
                              
Test Results: {
    "ci": 0.7607,
    "classification_loss": 0.0,
    "cluster_loss": 0.0,
    "mae": 0.7806,
    "mse": 1.1671,
    "multiclassification_loss": 0.0,
    "ortho_loss": 0.0,
    "pearson": 0.6907,
    "regression_loss": 1.1609,
    "rm2": 0.4738,
    "rmse": 1.0803,
    "sd": 1.0735,
    "spearman": 0.6984,
    "spectral_loss": 0.0
}
                              
                              
----------------------------------------
Epoch 009 with LR 0.000100: Model Results
----------------------------------------
Train MSE Loss: 0.9226, Train CLS Loss: 0.0000, Train MCLS Loss: 0.0000
Protein Cluster Region Loss - Ortho Loss: 0.0000, Cluster Loss: 0.0000
                              
Validation Results: {
    "ci": 0.756,
    "classification_loss": 0.0,
    "cluster_loss": 0.0,
    "mae": 0.8401,
    "mse": 1.3241,
    "multiclassification_loss": 0.0,
    "ortho_loss": 0.0,
    "pearson": 0.6861,
    "regression_loss": 1.3215,
    "rm2": 0.3922,
    "rmse": 1.1507,
    "sd": 1.1167,
    "spearman": 0.6887,
    "spectral_loss": 0.0
}
                              
Test Results: {
    "ci": 0.7607,
    "classification_loss": 0.0,
    "cluster_loss": 0.0,
    "mae": 0.7806,
    "mse": 1.1671,
    "multiclassification_loss": 0.0,
    "ortho_loss": 0.0,
    "pearson": 0.6907,
    "regression_loss": 1.1609,
    "rm2": 0.4738,
    "rmse": 1.0803,
    "sd": 1.0735,
    "spearman": 0.6984,
    "spectral_loss": 0.0
}
                              
                              
----------------------------------------
Epoch 010 with LR 0.000100: Model Results
----------------------------------------
Train MSE Loss: 0.8914, Train CLS Loss: 0.0000, Train MCLS Loss: 0.0000
Protein Cluster Region Loss - Ortho Loss: 0.0000, Cluster Loss: 0.0000
                              
Validation Results: {
    "ci": 0.7621,
    "classification_loss": 0.0,
    "cluster_loss": 0.0,
    "mae": 0.7851,
    "mse": 1.1979,
    "multiclassification_loss": 0.0,
    "ortho_loss": 0.0,
    "pearson": 0.7014,
    "regression_loss": 1.1966,
    "rm2": 0.4794,
    "rmse": 1.0945,
    "sd": 1.094,
    "spearman": 0.7021,
    "spectral_loss": 0.0
}
                              
Test Results: {
    "ci": 0.7683,
    "classification_loss": 0.0,
    "cluster_loss": 0.0,
    "mae": 0.7658,
    "mse": 1.0935,
    "multiclassification_loss": 0.0,
    "ortho_loss": 0.0,
    "pearson": 0.711,
    "regression_loss": 1.0892,
    "rm2": 0.4831,
    "rmse": 1.0457,
    "sd": 1.0439,
    "spearman": 0.7167,
    "spectral_loss": 0.0
}
                              
                              
----------------------------------------
Epoch 011 with LR 0.000100: Model Results
----------------------------------------
Train MSE Loss: 0.8673, Train CLS Loss: 0.0000, Train MCLS Loss: 0.0000
Protein Cluster Region Loss - Ortho Loss: 0.0000, Cluster Loss: 0.0000
                              
Validation Results: {
    "ci": 0.7636,
    "classification_loss": 0.0,
    "cluster_loss": 0.0,
    "mae": 0.7777,
    "mse": 1.1753,
    "multiclassification_loss": 0.0,
    "ortho_loss": 0.0,
    "pearson": 0.7085,
    "regression_loss": 1.1748,
    "rm2": 0.4996,
    "rmse": 1.0841,
    "sd": 1.0832,
    "spearman": 0.7065,
    "spectral_loss": 0.0
}
                              
Test Results: {
    "ci": 0.7664,
    "classification_loss": 0.0,
    "cluster_loss": 0.0,
    "mae": 0.7714,
    "mse": 1.1025,
    "multiclassification_loss": 0.0,
    "ortho_loss": 0.0,
    "pearson": 0.7094,
    "regression_loss": 1.0969,
    "rm2": 0.5021,
    "rmse": 1.05,
    "sd": 1.0463,
    "spearman": 0.7136,
    "spectral_loss": 0.0
}
                              
                              
----------------------------------------
Epoch 012 with LR 0.000100: Model Results
----------------------------------------
Train MSE Loss: 0.8537, Train CLS Loss: 0.0000, Train MCLS Loss: 0.0000
Protein Cluster Region Loss - Ortho Loss: 0.0000, Cluster Loss: 0.0000
                              
Validation Results: {
    "ci": 0.7618,
    "classification_loss": 0.0,
    "cluster_loss": 0.0,
    "mae": 0.7908,
    "mse": 1.2586,
    "multiclassification_loss": 0.0,
    "ortho_loss": 0.0,
    "pearson": 0.6949,
    "regression_loss": 1.2588,
    "rm2": 0.4527,
    "rmse": 1.1219,
    "sd": 1.1039,
    "spearman": 0.6981,
    "spectral_loss": 0.0
}
                              
Test Results: {
    "ci": 0.7664,
    "classification_loss": 0.0,
    "cluster_loss": 0.0,
    "mae": 0.7714,
    "mse": 1.1025,
    "multiclassification_loss": 0.0,
    "ortho_loss": 0.0,
    "pearson": 0.7094,
    "regression_loss": 1.0969,
    "rm2": 0.5021,
    "rmse": 1.05,
    "sd": 1.0463,
    "spearman": 0.7136,
    "spectral_loss": 0.0
}
                              
                              
----------------------------------------
Epoch 013 with LR 0.000100: Model Results
----------------------------------------
Train MSE Loss: 0.8398, Train CLS Loss: 0.0000, Train MCLS Loss: 0.0000
Protein Cluster Region Loss - Ortho Loss: 0.0000, Cluster Loss: 0.0000
                              
Validation Results: {
    "ci": 0.7662,
    "classification_loss": 0.0,
    "cluster_loss": 0.0,
    "mae": 0.789,
    "mse": 1.2569,
    "multiclassification_loss": 0.0,
    "ortho_loss": 0.0,
    "pearson": 0.6996,
    "regression_loss": 1.2587,
    "rm2": 0.465,
    "rmse": 1.1211,
    "sd": 1.0968,
    "spearman": 0.7079,
    "spectral_loss": 0.0
}
                              
Test Results: {
    "ci": 0.7664,
    "classification_loss": 0.0,
    "cluster_loss": 0.0,
    "mae": 0.7714,
    "mse": 1.1025,
    "multiclassification_loss": 0.0,
    "ortho_loss": 0.0,
    "pearson": 0.7094,
    "regression_loss": 1.0969,
    "rm2": 0.5021,
    "rmse": 1.05,
    "sd": 1.0463,
    "spearman": 0.7136,
    "spectral_loss": 0.0
}
                              
                              
----------------------------------------
Epoch 014 with LR 0.000100: Model Results
----------------------------------------
Train MSE Loss: 0.8235, Train CLS Loss: 0.0000, Train MCLS Loss: 0.0000
Protein Cluster Region Loss - Ortho Loss: 0.0000, Cluster Loss: 0.0000
                              
Validation Results: {
    "ci": 0.7648,
    "classification_loss": 0.0,
    "cluster_loss": 0.0,
    "mae": 0.7704,
    "mse": 1.1998,
    "multiclassification_loss": 0.0,
    "ortho_loss": 0.0,
    "pearson": 0.7065,
    "regression_loss": 1.2037,
    "rm2": 0.475,
    "rmse": 1.0954,
    "sd": 1.0863,
    "spearman": 0.7068,
    "spectral_loss": 0.0
}
                              
Test Results: {
    "ci": 0.7664,
    "classification_loss": 0.0,
    "cluster_loss": 0.0,
    "mae": 0.7714,
    "mse": 1.1025,
    "multiclassification_loss": 0.0,
    "ortho_loss": 0.0,
    "pearson": 0.7094,
    "regression_loss": 1.0969,
    "rm2": 0.5021,
    "rmse": 1.05,
    "sd": 1.0463,
    "spearman": 0.7136,
    "spectral_loss": 0.0
}
                              
                              
----------------------------------------
Epoch 015 with LR 0.000100: Model Results
----------------------------------------
Train MSE Loss: 0.8163, Train CLS Loss: 0.0000, Train MCLS Loss: 0.0000
Protein Cluster Region Loss - Ortho Loss: 0.0000, Cluster Loss: 0.0000
                              
Validation Results: {
    "ci": 0.76,
    "classification_loss": 0.0,
    "cluster_loss": 0.0,
    "mae": 0.793,
    "mse": 1.2564,
    "multiclassification_loss": 0.0,
    "ortho_loss": 0.0,
    "pearson": 0.6981,
    "regression_loss": 1.2526,
    "rm2": 0.4708,
    "rmse": 1.1209,
    "sd": 1.0991,
    "spearman": 0.6964,
    "spectral_loss": 0.0
}
                              
Test Results: {
    "ci": 0.7664,
    "classification_loss": 0.0,
    "cluster_loss": 0.0,
    "mae": 0.7714,
    "mse": 1.1025,
    "multiclassification_loss": 0.0,
    "ortho_loss": 0.0,
    "pearson": 0.7094,
    "regression_loss": 1.0969,
    "rm2": 0.5021,
    "rmse": 1.05,
    "sd": 1.0463,
    "spearman": 0.7136,
    "spectral_loss": 0.0
}
                              
                              
----------------------------------------
Epoch 016 with LR 0.000100: Model Results
----------------------------------------
Train MSE Loss: 0.7942, Train CLS Loss: 0.0000, Train MCLS Loss: 0.0000
Protein Cluster Region Loss - Ortho Loss: 0.0000, Cluster Loss: 0.0000
                              
Validation Results: {
    "ci": 0.7647,
    "classification_loss": 0.0,
    "cluster_loss": 0.0,
    "mae": 0.7786,
    "mse": 1.1934,
    "multiclassification_loss": 0.0,
    "ortho_loss": 0.0,
    "pearson": 0.7031,
    "regression_loss": 1.1926,
    "rm2": 0.4787,
    "rmse": 1.0924,
    "sd": 1.0915,
    "spearman": 0.7051,
    "spectral_loss": 0.0
}
                              
Test Results: {
    "ci": 0.7664,
    "classification_loss": 0.0,
    "cluster_loss": 0.0,
    "mae": 0.7714,
    "mse": 1.1025,
    "multiclassification_loss": 0.0,
    "ortho_loss": 0.0,
    "pearson": 0.7094,
    "regression_loss": 1.0969,
    "rm2": 0.5021,
    "rmse": 1.05,
    "sd": 1.0463,
    "spearman": 0.7136,
    "spectral_loss": 0.0
}
                              
                              
----------------------------------------
Epoch 017 with LR 0.000100: Model Results
----------------------------------------
Train MSE Loss: 0.7913, Train CLS Loss: 0.0000, Train MCLS Loss: 0.0000
Protein Cluster Region Loss - Ortho Loss: 0.0000, Cluster Loss: 0.0000
                              
Validation Results: {
    "ci": 0.7657,
    "classification_loss": 0.0,
    "cluster_loss": 0.0,
    "mae": 0.7788,
    "mse": 1.2023,
    "multiclassification_loss": 0.0,
    "ortho_loss": 0.0,
    "pearson": 0.7035,
    "regression_loss": 1.2017,
    "rm2": 0.4636,
    "rmse": 1.0965,
    "sd": 1.0908,
    "spearman": 0.7089,
    "spectral_loss": 0.0
}
                              
Test Results: {
    "ci": 0.7664,
    "classification_loss": 0.0,
    "cluster_loss": 0.0,
    "mae": 0.7714,
    "mse": 1.1025,
    "multiclassification_loss": 0.0,
    "ortho_loss": 0.0,
    "pearson": 0.7094,
    "regression_loss": 1.0969,
    "rm2": 0.5021,
    "rmse": 1.05,
    "sd": 1.0463,
    "spearman": 0.7136,
    "spectral_loss": 0.0
}
                              
                              
----------------------------------------
Epoch 018 with LR 0.000100: Model Results
----------------------------------------
Train MSE Loss: 0.7808, Train CLS Loss: 0.0000, Train MCLS Loss: 0.0000
Protein Cluster Region Loss - Ortho Loss: 0.0000, Cluster Loss: 0.0000
                              
Validation Results: {
    "ci": 0.7669,
    "classification_loss": 0.0,
    "cluster_loss": 0.0,
    "mae": 0.7772,
    "mse": 1.2183,
    "multiclassification_loss": 0.0,
    "ortho_loss": 0.0,
    "pearson": 0.7081,
    "regression_loss": 1.2157,
    "rm2": 0.4942,
    "rmse": 1.1038,
    "sd": 1.0839,
    "spearman": 0.7099,
    "spectral_loss": 0.0
}
                              
Test Results: {
    "ci": 0.7664,
    "classification_loss": 0.0,
    "cluster_loss": 0.0,
    "mae": 0.7714,
    "mse": 1.1025,
    "multiclassification_loss": 0.0,
    "ortho_loss": 0.0,
    "pearson": 0.7094,
    "regression_loss": 1.0969,
    "rm2": 0.5021,
    "rmse": 1.05,
    "sd": 1.0463,
    "spearman": 0.7136,
    "spectral_loss": 0.0
}
                              
                              
----------------------------------------
Epoch 019 with LR 0.000100: Model Results
----------------------------------------
Train MSE Loss: 0.7746, Train CLS Loss: 0.0000, Train MCLS Loss: 0.0000
Protein Cluster Region Loss - Ortho Loss: 0.0000, Cluster Loss: 0.0000
                              
Validation Results: {
    "ci": 0.7709,
    "classification_loss": 0.0,
    "cluster_loss": 0.0,
    "mae": 0.7556,
    "mse": 1.1501,
    "multiclassification_loss": 0.0,
    "ortho_loss": 0.0,
    "pearson": 0.7185,
    "regression_loss": 1.1486,
    "rm2": 0.5128,
    "rmse": 1.0724,
    "sd": 1.0676,
    "spearman": 0.7191,
    "spectral_loss": 0.0
}
                              
Test Results: {
    "ci": 0.7754,
    "classification_loss": 0.0,
    "cluster_loss": 0.0,
    "mae": 0.738,
    "mse": 1.0642,
    "multiclassification_loss": 0.0,
    "ortho_loss": 0.0,
    "pearson": 0.725,
    "regression_loss": 1.0593,
    "rm2": 0.5212,
    "rmse": 1.0316,
    "sd": 1.0224,
    "spearman": 0.7293,
    "spectral_loss": 0.0
}
                              
                              
----------------------------------------
Epoch 020 with LR 0.000100: Model Results
----------------------------------------
Train MSE Loss: 0.7651, Train CLS Loss: 0.0000, Train MCLS Loss: 0.0000
Protein Cluster Region Loss - Ortho Loss: 0.0000, Cluster Loss: 0.0000
                              
Validation Results: {
    "ci": 0.7697,
    "classification_loss": 0.0,
    "cluster_loss": 0.0,
    "mae": 0.7814,
    "mse": 1.2333,
    "multiclassification_loss": 0.0,
    "ortho_loss": 0.0,
    "pearson": 0.7138,
    "regression_loss": 1.2316,
    "rm2": 0.4767,
    "rmse": 1.1105,
    "sd": 1.0751,
    "spearman": 0.7181,
    "spectral_loss": 0.0
}
                              
Test Results: {
    "ci": 0.7754,
    "classification_loss": 0.0,
    "cluster_loss": 0.0,
    "mae": 0.738,
    "mse": 1.0642,
    "multiclassification_loss": 0.0,
    "ortho_loss": 0.0,
    "pearson": 0.725,
    "regression_loss": 1.0593,
    "rm2": 0.5212,
    "rmse": 1.0316,
    "sd": 1.0224,
    "spearman": 0.7293,
    "spectral_loss": 0.0
}
                              
                              
----------------------------------------
Epoch 021 with LR 0.000100: Model Results
----------------------------------------
Train MSE Loss: 0.7523, Train CLS Loss: 0.0000, Train MCLS Loss: 0.0000
Protein Cluster Region Loss - Ortho Loss: 0.0000, Cluster Loss: 0.0000
                              
Validation Results: {
    "ci": 0.7698,
    "classification_loss": 0.0,
    "cluster_loss": 0.0,
    "mae": 0.7646,
    "mse": 1.1725,
    "multiclassification_loss": 0.0,
    "ortho_loss": 0.0,
    "pearson": 0.7158,
    "regression_loss": 1.1732,
    "rm2": 0.487,
    "rmse": 1.0828,
    "sd": 1.0719,
    "spearman": 0.7169,
    "spectral_loss": 0.0
}
                              
Test Results: {
    "ci": 0.7754,
    "classification_loss": 0.0,
    "cluster_loss": 0.0,
    "mae": 0.738,
    "mse": 1.0642,
    "multiclassification_loss": 0.0,
    "ortho_loss": 0.0,
    "pearson": 0.725,
    "regression_loss": 1.0593,
    "rm2": 0.5212,
    "rmse": 1.0316,
    "sd": 1.0224,
    "spearman": 0.7293,
    "spectral_loss": 0.0
}
                              
                              
----------------------------------------
Epoch 022 with LR 0.000100: Model Results
----------------------------------------
Train MSE Loss: 0.7465, Train CLS Loss: 0.0000, Train MCLS Loss: 0.0000
Protein Cluster Region Loss - Ortho Loss: 0.0000, Cluster Loss: 0.0000
                              
Validation Results: {
    "ci": 0.768,
    "classification_loss": 0.0,
    "cluster_loss": 0.0,
    "mae": 0.7597,
    "mse": 1.1697,
    "multiclassification_loss": 0.0,
    "ortho_loss": 0.0,
    "pearson": 0.7109,
    "regression_loss": 1.1697,
    "rm2": 0.4924,
    "rmse": 1.0815,
    "sd": 1.0795,
    "spearman": 0.7128,
    "spectral_loss": 0.0
}
                              
Test Results: {
    "ci": 0.7754,
    "classification_loss": 0.0,
    "cluster_loss": 0.0,
    "mae": 0.738,
    "mse": 1.0642,
    "multiclassification_loss": 0.0,
    "ortho_loss": 0.0,
    "pearson": 0.725,
    "regression_loss": 1.0593,
    "rm2": 0.5212,
    "rmse": 1.0316,
    "sd": 1.0224,
    "spearman": 0.7293,
    "spectral_loss": 0.0
}
                              
                              
----------------------------------------
Epoch 023 with LR 0.000100: Model Results
----------------------------------------
Train MSE Loss: 0.7397, Train CLS Loss: 0.0000, Train MCLS Loss: 0.0000
Protein Cluster Region Loss - Ortho Loss: 0.0000, Cluster Loss: 0.0000
                              
Validation Results: {
    "ci": 0.7683,
    "classification_loss": 0.0,
    "cluster_loss": 0.0,
    "mae": 0.7718,
    "mse": 1.2064,
    "multiclassification_loss": 0.0,
    "ortho_loss": 0.0,
    "pearson": 0.7101,
    "regression_loss": 1.2055,
    "rm2": 0.4772,
    "rmse": 1.0983,
    "sd": 1.0807,
    "spearman": 0.7137,
    "spectral_loss": 0.0
}
                              
Test Results: {
    "ci": 0.7754,
    "classification_loss": 0.0,
    "cluster_loss": 0.0,
    "mae": 0.738,
    "mse": 1.0642,
    "multiclassification_loss": 0.0,
    "ortho_loss": 0.0,
    "pearson": 0.725,
    "regression_loss": 1.0593,
    "rm2": 0.5212,
    "rmse": 1.0316,
    "sd": 1.0224,
    "spearman": 0.7293,
    "spectral_loss": 0.0
}
                              
                              
----------------------------------------
Epoch 024 with LR 0.000100: Model Results
----------------------------------------
Train MSE Loss: 0.7303, Train CLS Loss: 0.0000, Train MCLS Loss: 0.0000
Protein Cluster Region Loss - Ortho Loss: 0.0000, Cluster Loss: 0.0000
                              
Validation Results: {
    "ci": 0.7641,
    "classification_loss": 0.0,
    "cluster_loss": 0.0,
    "mae": 0.7837,
    "mse": 1.2332,
    "multiclassification_loss": 0.0,
    "ortho_loss": 0.0,
    "pearson": 0.7034,
    "regression_loss": 1.2307,
    "rm2": 0.4703,
    "rmse": 1.1105,
    "sd": 1.091,
    "spearman": 0.7049,
    "spectral_loss": 0.0
}
                              
Test Results: {
    "ci": 0.7754,
    "classification_loss": 0.0,
    "cluster_loss": 0.0,
    "mae": 0.738,
    "mse": 1.0642,
    "multiclassification_loss": 0.0,
    "ortho_loss": 0.0,
    "pearson": 0.725,
    "regression_loss": 1.0593,
    "rm2": 0.5212,
    "rmse": 1.0316,
    "sd": 1.0224,
    "spearman": 0.7293,
    "spectral_loss": 0.0
}
                              
                              
----------------------------------------
Epoch 025 with LR 0.000100: Model Results
----------------------------------------
Train MSE Loss: 0.7184, Train CLS Loss: 0.0000, Train MCLS Loss: 0.0000
Protein Cluster Region Loss - Ortho Loss: 0.0000, Cluster Loss: 0.0000
                              
Validation Results: {
    "ci": 0.7681,
    "classification_loss": 0.0,
    "cluster_loss": 0.0,
    "mae": 0.7852,
    "mse": 1.259,
    "multiclassification_loss": 0.0,
    "ortho_loss": 0.0,
    "pearson": 0.7004,
    "regression_loss": 1.2558,
    "rm2": 0.4418,
    "rmse": 1.122,
    "sd": 1.0956,
    "spearman": 0.7118,
    "spectral_loss": 0.0
}
                              
Test Results: {
    "ci": 0.7754,
    "classification_loss": 0.0,
    "cluster_loss": 0.0,
    "mae": 0.738,
    "mse": 1.0642,
    "multiclassification_loss": 0.0,
    "ortho_loss": 0.0,
    "pearson": 0.725,
    "regression_loss": 1.0593,
    "rm2": 0.5212,
    "rmse": 1.0316,
    "sd": 1.0224,
    "spearman": 0.7293,
    "spectral_loss": 0.0
}
                              
                              
----------------------------------------
Epoch 026 with LR 0.000100: Model Results
----------------------------------------
Train MSE Loss: 0.7188, Train CLS Loss: 0.0000, Train MCLS Loss: 0.0000
Protein Cluster Region Loss - Ortho Loss: 0.0000, Cluster Loss: 0.0000
                              
Validation Results: {
    "ci": 0.7684,
    "classification_loss": 0.0,
    "cluster_loss": 0.0,
    "mae": 0.7757,
    "mse": 1.2333,
    "multiclassification_loss": 0.0,
    "ortho_loss": 0.0,
    "pearson": 0.7079,
    "regression_loss": 1.2331,
    "rm2": 0.4746,
    "rmse": 1.1105,
    "sd": 1.0841,
    "spearman": 0.713,
    "spectral_loss": 0.0
}
                              
Test Results: {
    "ci": 0.7754,
    "classification_loss": 0.0,
    "cluster_loss": 0.0,
    "mae": 0.738,
    "mse": 1.0642,
    "multiclassification_loss": 0.0,
    "ortho_loss": 0.0,
    "pearson": 0.725,
    "regression_loss": 1.0593,
    "rm2": 0.5212,
    "rmse": 1.0316,
    "sd": 1.0224,
    "spearman": 0.7293,
    "spectral_loss": 0.0
}
                              
                              
----------------------------------------
Epoch 027 with LR 0.000100: Model Results
----------------------------------------
Train MSE Loss: 0.7100, Train CLS Loss: 0.0000, Train MCLS Loss: 0.0000
Protein Cluster Region Loss - Ortho Loss: 0.0000, Cluster Loss: 0.0000
                              
Validation Results: {
    "ci": 0.7721,
    "classification_loss": 0.0,
    "cluster_loss": 0.0,
    "mae": 0.7562,
    "mse": 1.1478,
    "multiclassification_loss": 0.0,
    "ortho_loss": 0.0,
    "pearson": 0.7186,
    "regression_loss": 1.1472,
    "rm2": 0.5086,
    "rmse": 1.0714,
    "sd": 1.0675,
    "spearman": 0.7214,
    "spectral_loss": 0.0
}
                              
Test Results: {
    "ci": 0.7725,
    "classification_loss": 0.0,
    "cluster_loss": 0.0,
    "mae": 0.7438,
    "mse": 1.0883,
    "multiclassification_loss": 0.0,
    "ortho_loss": 0.0,
    "pearson": 0.7176,
    "regression_loss": 1.0835,
    "rm2": 0.5138,
    "rmse": 1.0432,
    "sd": 1.0338,
    "spearman": 0.723,
    "spectral_loss": 0.0
}
                              
                              
----------------------------------------
Epoch 028 with LR 0.000100: Model Results
----------------------------------------
Train MSE Loss: 0.7001, Train CLS Loss: 0.0000, Train MCLS Loss: 0.0000
Protein Cluster Region Loss - Ortho Loss: 0.0000, Cluster Loss: 0.0000
                              
Validation Results: {
    "ci": 0.7668,
    "classification_loss": 0.0,
    "cluster_loss": 0.0,
    "mae": 0.7704,
    "mse": 1.2033,
    "multiclassification_loss": 0.0,
    "ortho_loss": 0.0,
    "pearson": 0.7042,
    "regression_loss": 1.2028,
    "rm2": 0.4721,
    "rmse": 1.0969,
    "sd": 1.0898,
    "spearman": 0.7081,
    "spectral_loss": 0.0
}
                              
Test Results: {
    "ci": 0.7725,
    "classification_loss": 0.0,
    "cluster_loss": 0.0,
    "mae": 0.7438,
    "mse": 1.0883,
    "multiclassification_loss": 0.0,
    "ortho_loss": 0.0,
    "pearson": 0.7176,
    "regression_loss": 1.0835,
    "rm2": 0.5138,
    "rmse": 1.0432,
    "sd": 1.0338,
    "spearman": 0.723,
    "spectral_loss": 0.0
}
                              
                              
----------------------------------------
Epoch 029 with LR 0.000100: Model Results
----------------------------------------
Train MSE Loss: 0.6912, Train CLS Loss: 0.0000, Train MCLS Loss: 0.0000
Protein Cluster Region Loss - Ortho Loss: 0.0000, Cluster Loss: 0.0000
                              
Validation Results: {
    "ci": 0.7689,
    "classification_loss": 0.0,
    "cluster_loss": 0.0,
    "mae": 0.7588,
    "mse": 1.162,
    "multiclassification_loss": 0.0,
    "ortho_loss": 0.0,
    "pearson": 0.7123,
    "regression_loss": 1.1609,
    "rm2": 0.5054,
    "rmse": 1.0779,
    "sd": 1.0774,
    "spearman": 0.7143,
    "spectral_loss": 0.0
}
                              
Test Results: {
    "ci": 0.7725,
    "classification_loss": 0.0,
    "cluster_loss": 0.0,
    "mae": 0.7438,
    "mse": 1.0883,
    "multiclassification_loss": 0.0,
    "ortho_loss": 0.0,
    "pearson": 0.7176,
    "regression_loss": 1.0835,
    "rm2": 0.5138,
    "rmse": 1.0432,
    "sd": 1.0338,
    "spearman": 0.723,
    "spectral_loss": 0.0
}
                              
                              
----------------------------------------
Epoch 030 with LR 0.000100: Model Results
----------------------------------------
Train MSE Loss: 0.6827, Train CLS Loss: 0.0000, Train MCLS Loss: 0.0000
Protein Cluster Region Loss - Ortho Loss: 0.0000, Cluster Loss: 0.0000
                              
Validation Results: {
    "ci": 0.7719,
    "classification_loss": 0.0,
    "cluster_loss": 0.0,
    "mae": 0.7518,
    "mse": 1.1595,
    "multiclassification_loss": 0.0,
    "ortho_loss": 0.0,
    "pearson": 0.7134,
    "regression_loss": 1.1591,
    "rm2": 0.5078,
    "rmse": 1.0768,
    "sd": 1.0756,
    "spearman": 0.7188,
    "spectral_loss": 0.0
}
                              
Test Results: {
    "ci": 0.7725,
    "classification_loss": 0.0,
    "cluster_loss": 0.0,
    "mae": 0.7438,
    "mse": 1.0883,
    "multiclassification_loss": 0.0,
    "ortho_loss": 0.0,
    "pearson": 0.7176,
    "regression_loss": 1.0835,
    "rm2": 0.5138,
    "rmse": 1.0432,
    "sd": 1.0338,
    "spearman": 0.723,
    "spectral_loss": 0.0
}
                              
                              
----------------------------------------
Epoch 031 with LR 0.000100: Model Results
----------------------------------------
Train MSE Loss: 0.6775, Train CLS Loss: 0.0000, Train MCLS Loss: 0.0000
Protein Cluster Region Loss - Ortho Loss: 0.0000, Cluster Loss: 0.0000
                              
Validation Results: {
    "ci": 0.7672,
    "classification_loss": 0.0,
    "cluster_loss": 0.0,
    "mae": 0.7681,
    "mse": 1.1958,
    "multiclassification_loss": 0.0,
    "ortho_loss": 0.0,
    "pearson": 0.7089,
    "regression_loss": 1.2002,
    "rm2": 0.4816,
    "rmse": 1.0935,
    "sd": 1.0826,
    "spearman": 0.7119,
    "spectral_loss": 0.0
}
                              
Test Results: {
    "ci": 0.7725,
    "classification_loss": 0.0,
    "cluster_loss": 0.0,
    "mae": 0.7438,
    "mse": 1.0883,
    "multiclassification_loss": 0.0,
    "ortho_loss": 0.0,
    "pearson": 0.7176,
    "regression_loss": 1.0835,
    "rm2": 0.5138,
    "rmse": 1.0432,
    "sd": 1.0338,
    "spearman": 0.723,
    "spectral_loss": 0.0
}
                              
                              
----------------------------------------
Epoch 032 with LR 0.000100: Model Results
----------------------------------------
Train MSE Loss: 0.6792, Train CLS Loss: 0.0000, Train MCLS Loss: 0.0000
Protein Cluster Region Loss - Ortho Loss: 0.0000, Cluster Loss: 0.0000
                              
Validation Results: {
    "ci": 0.7696,
    "classification_loss": 0.0,
    "cluster_loss": 0.0,
    "mae": 0.7787,
    "mse": 1.2426,
    "multiclassification_loss": 0.0,
    "ortho_loss": 0.0,
    "pearson": 0.7055,
    "regression_loss": 1.2395,
    "rm2": 0.4447,
    "rmse": 1.1147,
    "sd": 1.0878,
    "spearman": 0.7135,
    "spectral_loss": 0.0
}
                              
Test Results: {
    "ci": 0.7725,
    "classification_loss": 0.0,
    "cluster_loss": 0.0,
    "mae": 0.7438,
    "mse": 1.0883,
    "multiclassification_loss": 0.0,
    "ortho_loss": 0.0,
    "pearson": 0.7176,
    "regression_loss": 1.0835,
    "rm2": 0.5138,
    "rmse": 1.0432,
    "sd": 1.0338,
    "spearman": 0.723,
    "spectral_loss": 0.0
}
                              
                              
----------------------------------------
Epoch 033 with LR 0.000100: Model Results
----------------------------------------
Train MSE Loss: 0.6739, Train CLS Loss: 0.0000, Train MCLS Loss: 0.0000
Protein Cluster Region Loss - Ortho Loss: 0.0000, Cluster Loss: 0.0000
                              
Validation Results: {
    "ci": 0.7704,
    "classification_loss": 0.0,
    "cluster_loss": 0.0,
    "mae": 0.7611,
    "mse": 1.1628,
    "multiclassification_loss": 0.0,
    "ortho_loss": 0.0,
    "pearson": 0.7121,
    "regression_loss": 1.1641,
    "rm2": 0.4917,
    "rmse": 1.0783,
    "sd": 1.0776,
    "spearman": 0.7163,
    "spectral_loss": 0.0
}
                              
Test Results: {
    "ci": 0.7725,
    "classification_loss": 0.0,
    "cluster_loss": 0.0,
    "mae": 0.7438,
    "mse": 1.0883,
    "multiclassification_loss": 0.0,
    "ortho_loss": 0.0,
    "pearson": 0.7176,
    "regression_loss": 1.0835,
    "rm2": 0.5138,
    "rmse": 1.0432,
    "sd": 1.0338,
    "spearman": 0.723,
    "spectral_loss": 0.0
}
                              
                              
----------------------------------------
Epoch 034 with LR 0.000100: Model Results
----------------------------------------
Train MSE Loss: 0.6608, Train CLS Loss: 0.0000, Train MCLS Loss: 0.0000
Protein Cluster Region Loss - Ortho Loss: 0.0000, Cluster Loss: 0.0000
                              
Validation Results: {
    "ci": 0.7692,
    "classification_loss": 0.0,
    "cluster_loss": 0.0,
    "mae": 0.7695,
    "mse": 1.1615,
    "multiclassification_loss": 0.0,
    "ortho_loss": 0.0,
    "pearson": 0.7124,
    "regression_loss": 1.1623,
    "rm2": 0.4936,
    "rmse": 1.0777,
    "sd": 1.0772,
    "spearman": 0.7161,
    "spectral_loss": 0.0
}
                              
Test Results: {
    "ci": 0.7725,
    "classification_loss": 0.0,
    "cluster_loss": 0.0,
    "mae": 0.7438,
    "mse": 1.0883,
    "multiclassification_loss": 0.0,
    "ortho_loss": 0.0,
    "pearson": 0.7176,
    "regression_loss": 1.0835,
    "rm2": 0.5138,
    "rmse": 1.0432,
    "sd": 1.0338,
    "spearman": 0.723,
    "spectral_loss": 0.0
}
                              
                              
----------------------------------------
Epoch 035 with LR 0.000100: Model Results
----------------------------------------
Train MSE Loss: 0.6505, Train CLS Loss: 0.0000, Train MCLS Loss: 0.0000
Protein Cluster Region Loss - Ortho Loss: 0.0000, Cluster Loss: 0.0000
                              
Validation Results: {
    "ci": 0.7726,
    "classification_loss": 0.0,
    "cluster_loss": 0.0,
    "mae": 0.7493,
    "mse": 1.1572,
    "multiclassification_loss": 0.0,
    "ortho_loss": 0.0,
    "pearson": 0.721,
    "regression_loss": 1.1562,
    "rm2": 0.5026,
    "rmse": 1.0757,
    "sd": 1.0636,
    "spearman": 0.7236,
    "spectral_loss": 0.0
}
                              
Test Results: {
    "ci": 0.7725,
    "classification_loss": 0.0,
    "cluster_loss": 0.0,
    "mae": 0.7438,
    "mse": 1.0883,
    "multiclassification_loss": 0.0,
    "ortho_loss": 0.0,
    "pearson": 0.7176,
    "regression_loss": 1.0835,
    "rm2": 0.5138,
    "rmse": 1.0432,
    "sd": 1.0338,
    "spearman": 0.723,
    "spectral_loss": 0.0
}
                              
                              
----------------------------------------
Epoch 036 with LR 0.000100: Model Results
----------------------------------------
Train MSE Loss: 0.6488, Train CLS Loss: 0.0000, Train MCLS Loss: 0.0000
Protein Cluster Region Loss - Ortho Loss: 0.0000, Cluster Loss: 0.0000
                              
Validation Results: {
    "ci": 0.7763,
    "classification_loss": 0.0,
    "cluster_loss": 0.0,
    "mae": 0.7445,
    "mse": 1.1131,
    "multiclassification_loss": 0.0,
    "ortho_loss": 0.0,
    "pearson": 0.7265,
    "regression_loss": 1.1124,
    "rm2": 0.517,
    "rmse": 1.055,
    "sd": 1.0547,
    "spearman": 0.73,
    "spectral_loss": 0.0
}
                              
Test Results: {
    "ci": 0.7764,
    "classification_loss": 0.0,
    "cluster_loss": 0.0,
    "mae": 0.7291,
    "mse": 1.0366,
    "multiclassification_loss": 0.0,
    "ortho_loss": 0.0,
    "pearson": 0.7277,
    "regression_loss": 1.0333,
    "rm2": 0.5243,
    "rmse": 1.0181,
    "sd": 1.0181,
    "spearman": 0.7285,
    "spectral_loss": 0.0
}
                              
                              
----------------------------------------
Epoch 037 with LR 0.000100: Model Results
----------------------------------------
Train MSE Loss: 0.6384, Train CLS Loss: 0.0000, Train MCLS Loss: 0.0000
Protein Cluster Region Loss - Ortho Loss: 0.0000, Cluster Loss: 0.0000
                              
Validation Results: {
    "ci": 0.7746,
    "classification_loss": 0.0,
    "cluster_loss": 0.0,
    "mae": 0.7473,
    "mse": 1.1399,
    "multiclassification_loss": 0.0,
    "ortho_loss": 0.0,
    "pearson": 0.7215,
    "regression_loss": 1.1424,
    "rm2": 0.4967,
    "rmse": 1.0677,
    "sd": 1.0629,
    "spearman": 0.7279,
    "spectral_loss": 0.0
}
                              
Test Results: {
    "ci": 0.7764,
    "classification_loss": 0.0,
    "cluster_loss": 0.0,
    "mae": 0.7291,
    "mse": 1.0366,
    "multiclassification_loss": 0.0,
    "ortho_loss": 0.0,
    "pearson": 0.7277,
    "regression_loss": 1.0333,
    "rm2": 0.5243,
    "rmse": 1.0181,
    "sd": 1.0181,
    "spearman": 0.7285,
    "spectral_loss": 0.0
}
                              
                              
----------------------------------------
Epoch 038 with LR 0.000100: Model Results
----------------------------------------
Train MSE Loss: 0.6352, Train CLS Loss: 0.0000, Train MCLS Loss: 0.0000
Protein Cluster Region Loss - Ortho Loss: 0.0000, Cluster Loss: 0.0000
                              
Validation Results: {
    "ci": 0.7749,
    "classification_loss": 0.0,
    "cluster_loss": 0.0,
    "mae": 0.7477,
    "mse": 1.1379,
    "multiclassification_loss": 0.0,
    "ortho_loss": 0.0,
    "pearson": 0.7237,
    "regression_loss": 1.1345,
    "rm2": 0.5175,
    "rmse": 1.0667,
    "sd": 1.0593,
    "spearman": 0.7284,
    "spectral_loss": 0.0
}
                              
Test Results: {
    "ci": 0.7764,
    "classification_loss": 0.0,
    "cluster_loss": 0.0,
    "mae": 0.7291,
    "mse": 1.0366,
    "multiclassification_loss": 0.0,
    "ortho_loss": 0.0,
    "pearson": 0.7277,
    "regression_loss": 1.0333,
    "rm2": 0.5243,
    "rmse": 1.0181,
    "sd": 1.0181,
    "spearman": 0.7285,
    "spectral_loss": 0.0
}
                              
                              
----------------------------------------
Epoch 039 with LR 0.000100: Model Results
----------------------------------------
Train MSE Loss: 0.6269, Train CLS Loss: 0.0000, Train MCLS Loss: 0.0000
Protein Cluster Region Loss - Ortho Loss: 0.0000, Cluster Loss: 0.0000
                              
Validation Results: {
    "ci": 0.7748,
    "classification_loss": 0.0,
    "cluster_loss": 0.0,
    "mae": 0.7485,
    "mse": 1.1478,
    "multiclassification_loss": 0.0,
    "ortho_loss": 0.0,
    "pearson": 0.7212,
    "regression_loss": 1.1454,
    "rm2": 0.4897,
    "rmse": 1.0714,
    "sd": 1.0634,
    "spearman": 0.7268,
    "spectral_loss": 0.0
}
                              
Test Results: {
    "ci": 0.7764,
    "classification_loss": 0.0,
    "cluster_loss": 0.0,
    "mae": 0.7291,
    "mse": 1.0366,
    "multiclassification_loss": 0.0,
    "ortho_loss": 0.0,
    "pearson": 0.7277,
    "regression_loss": 1.0333,
    "rm2": 0.5243,
    "rmse": 1.0181,
    "sd": 1.0181,
    "spearman": 0.7285,
    "spectral_loss": 0.0
}
                              
                              
----------------------------------------
Epoch 040 with LR 0.000100: Model Results
----------------------------------------
Train MSE Loss: 0.6212, Train CLS Loss: 0.0000, Train MCLS Loss: 0.0000
Protein Cluster Region Loss - Ortho Loss: 0.0000, Cluster Loss: 0.0000
                              
Validation Results: {
    "ci": 0.7732,
    "classification_loss": 0.0,
    "cluster_loss": 0.0,
    "mae": 0.7576,
    "mse": 1.1584,
    "multiclassification_loss": 0.0,
    "ortho_loss": 0.0,
    "pearson": 0.7175,
    "regression_loss": 1.1541,
    "rm2": 0.4968,
    "rmse": 1.0763,
    "sd": 1.0692,
    "spearman": 0.7248,
    "spectral_loss": 0.0
}
                              
Test Results: {
    "ci": 0.7764,
    "classification_loss": 0.0,
    "cluster_loss": 0.0,
    "mae": 0.7291,
    "mse": 1.0366,
    "multiclassification_loss": 0.0,
    "ortho_loss": 0.0,
    "pearson": 0.7277,
    "regression_loss": 1.0333,
    "rm2": 0.5243,
    "rmse": 1.0181,
    "sd": 1.0181,
    "spearman": 0.7285,
    "spectral_loss": 0.0
}
                              
                              
----------------------------------------
Epoch 041 with LR 0.000100: Model Results
----------------------------------------
Train MSE Loss: 0.6202, Train CLS Loss: 0.0000, Train MCLS Loss: 0.0000
Protein Cluster Region Loss - Ortho Loss: 0.0000, Cluster Loss: 0.0000
                              
Validation Results: {
    "ci": 0.7744,
    "classification_loss": 0.0,
    "cluster_loss": 0.0,
    "mae": 0.755,
    "mse": 1.1732,
    "multiclassification_loss": 0.0,
    "ortho_loss": 0.0,
    "pearson": 0.7187,
    "regression_loss": 1.1725,
    "rm2": 0.4981,
    "rmse": 1.0831,
    "sd": 1.0673,
    "spearman": 0.7275,
    "spectral_loss": 0.0
}
                              
Test Results: {
    "ci": 0.7764,
    "classification_loss": 0.0,
    "cluster_loss": 0.0,
    "mae": 0.7291,
    "mse": 1.0366,
    "multiclassification_loss": 0.0,
    "ortho_loss": 0.0,
    "pearson": 0.7277,
    "regression_loss": 1.0333,
    "rm2": 0.5243,
    "rmse": 1.0181,
    "sd": 1.0181,
    "spearman": 0.7285,
    "spectral_loss": 0.0
}
                              
                              
----------------------------------------
Epoch 042 with LR 0.000100: Model Results
----------------------------------------
Train MSE Loss: 0.6150, Train CLS Loss: 0.0000, Train MCLS Loss: 0.0000
Protein Cluster Region Loss - Ortho Loss: 0.0000, Cluster Loss: 0.0000
                              
Validation Results: {
    "ci": 0.7778,
    "classification_loss": 0.0,
    "cluster_loss": 0.0,
    "mae": 0.7313,
    "mse": 1.1067,
    "multiclassification_loss": 0.0,
    "ortho_loss": 0.0,
    "pearson": 0.7307,
    "regression_loss": 1.1043,
    "rm2": 0.5154,
    "rmse": 1.052,
    "sd": 1.0479,
    "spearman": 0.7339,
    "spectral_loss": 0.0
}
                              
Test Results: {
    "ci": 0.776,
    "classification_loss": 0.0,
    "cluster_loss": 0.0,
    "mae": 0.7227,
    "mse": 1.0614,
    "multiclassification_loss": 0.0,
    "ortho_loss": 0.0,
    "pearson": 0.7263,
    "regression_loss": 1.0581,
    "rm2": 0.5213,
    "rmse": 1.0302,
    "sd": 1.0204,
    "spearman": 0.7289,
    "spectral_loss": 0.0
}
                              
                              
----------------------------------------
Epoch 043 with LR 0.000100: Model Results
----------------------------------------
Train MSE Loss: 0.6063, Train CLS Loss: 0.0000, Train MCLS Loss: 0.0000
Protein Cluster Region Loss - Ortho Loss: 0.0000, Cluster Loss: 0.0000
                              
Validation Results: {
    "ci": 0.7717,
    "classification_loss": 0.0,
    "cluster_loss": 0.0,
    "mae": 0.7543,
    "mse": 1.1747,
    "multiclassification_loss": 0.0,
    "ortho_loss": 0.0,
    "pearson": 0.714,
    "regression_loss": 1.1724,
    "rm2": 0.4977,
    "rmse": 1.0838,
    "sd": 1.0748,
    "spearman": 0.7191,
    "spectral_loss": 0.0
}
                              
Test Results: {
    "ci": 0.776,
    "classification_loss": 0.0,
    "cluster_loss": 0.0,
    "mae": 0.7227,
    "mse": 1.0614,
    "multiclassification_loss": 0.0,
    "ortho_loss": 0.0,
    "pearson": 0.7263,
    "regression_loss": 1.0581,
    "rm2": 0.5213,
    "rmse": 1.0302,
    "sd": 1.0204,
    "spearman": 0.7289,
    "spectral_loss": 0.0
}
                              
                              
----------------------------------------
Epoch 044 with LR 0.000100: Model Results
----------------------------------------
Train MSE Loss: 0.6004, Train CLS Loss: 0.0000, Train MCLS Loss: 0.0000
Protein Cluster Region Loss - Ortho Loss: 0.0000, Cluster Loss: 0.0000
                              
Validation Results: {
    "ci": 0.7769,
    "classification_loss": 0.0,
    "cluster_loss": 0.0,
    "mae": 0.7403,
    "mse": 1.1508,
    "multiclassification_loss": 0.0,
    "ortho_loss": 0.0,
    "pearson": 0.7235,
    "regression_loss": 1.1501,
    "rm2": 0.504,
    "rmse": 1.0727,
    "sd": 1.0596,
    "spearman": 0.7302,
    "spectral_loss": 0.0
}
                              
Test Results: {
    "ci": 0.776,
    "classification_loss": 0.0,
    "cluster_loss": 0.0,
    "mae": 0.7227,
    "mse": 1.0614,
    "multiclassification_loss": 0.0,
    "ortho_loss": 0.0,
    "pearson": 0.7263,
    "regression_loss": 1.0581,
    "rm2": 0.5213,
    "rmse": 1.0302,
    "sd": 1.0204,
    "spearman": 0.7289,
    "spectral_loss": 0.0
}
                              
                              
----------------------------------------
Epoch 045 with LR 0.000100: Model Results
----------------------------------------
Train MSE Loss: 0.5974, Train CLS Loss: 0.0000, Train MCLS Loss: 0.0000
Protein Cluster Region Loss - Ortho Loss: 0.0000, Cluster Loss: 0.0000
                              
Validation Results: {
    "ci": 0.7744,
    "classification_loss": 0.0,
    "cluster_loss": 0.0,
    "mae": 0.7508,
    "mse": 1.1718,
    "multiclassification_loss": 0.0,
    "ortho_loss": 0.0,
    "pearson": 0.7191,
    "regression_loss": 1.1715,
    "rm2": 0.4808,
    "rmse": 1.0825,
    "sd": 1.0667,
    "spearman": 0.7232,
    "spectral_loss": 0.0
}
                              
Test Results: {
    "ci": 0.776,
    "classification_loss": 0.0,
    "cluster_loss": 0.0,
    "mae": 0.7227,
    "mse": 1.0614,
    "multiclassification_loss": 0.0,
    "ortho_loss": 0.0,
    "pearson": 0.7263,
    "regression_loss": 1.0581,
    "rm2": 0.5213,
    "rmse": 1.0302,
    "sd": 1.0204,
    "spearman": 0.7289,
    "spectral_loss": 0.0
}
                              
                              
----------------------------------------
Epoch 046 with LR 0.000100: Model Results
----------------------------------------
Train MSE Loss: 0.5899, Train CLS Loss: 0.0000, Train MCLS Loss: 0.0000
Protein Cluster Region Loss - Ortho Loss: 0.0000, Cluster Loss: 0.0000
                              
Validation Results: {
    "ci": 0.7761,
    "classification_loss": 0.0,
    "cluster_loss": 0.0,
    "mae": 0.7589,
    "mse": 1.201,
    "multiclassification_loss": 0.0,
    "ortho_loss": 0.0,
    "pearson": 0.7224,
    "regression_loss": 1.1978,
    "rm2": 0.5148,
    "rmse": 1.0959,
    "sd": 1.0615,
    "spearman": 0.7299,
    "spectral_loss": 0.0
}
                              
Test Results: {
    "ci": 0.776,
    "classification_loss": 0.0,
    "cluster_loss": 0.0,
    "mae": 0.7227,
    "mse": 1.0614,
    "multiclassification_loss": 0.0,
    "ortho_loss": 0.0,
    "pearson": 0.7263,
    "regression_loss": 1.0581,
    "rm2": 0.5213,
    "rmse": 1.0302,
    "sd": 1.0204,
    "spearman": 0.7289,
    "spectral_loss": 0.0
}
                              
                              
----------------------------------------
Epoch 047 with LR 0.000100: Model Results
----------------------------------------
Train MSE Loss: 0.5822, Train CLS Loss: 0.0000, Train MCLS Loss: 0.0000
Protein Cluster Region Loss - Ortho Loss: 0.0000, Cluster Loss: 0.0000
                              
Validation Results: {
    "ci": 0.7736,
    "classification_loss": 0.0,
    "cluster_loss": 0.0,
    "mae": 0.7817,
    "mse": 1.2329,
    "multiclassification_loss": 0.0,
    "ortho_loss": 0.0,
    "pearson": 0.7106,
    "regression_loss": 1.2293,
    "rm2": 0.4329,
    "rmse": 1.1103,
    "sd": 1.08,
    "spearman": 0.7219,
    "spectral_loss": 0.0
}
                              
Test Results: {
    "ci": 0.776,
    "classification_loss": 0.0,
    "cluster_loss": 0.0,
    "mae": 0.7227,
    "mse": 1.0614,
    "multiclassification_loss": 0.0,
    "ortho_loss": 0.0,
    "pearson": 0.7263,
    "regression_loss": 1.0581,
    "rm2": 0.5213,
    "rmse": 1.0302,
    "sd": 1.0204,
    "spearman": 0.7289,
    "spectral_loss": 0.0
}
                              
                              
----------------------------------------
Epoch 048 with LR 0.000100: Model Results
----------------------------------------
Train MSE Loss: 0.5819, Train CLS Loss: 0.0000, Train MCLS Loss: 0.0000
Protein Cluster Region Loss - Ortho Loss: 0.0000, Cluster Loss: 0.0000
                              
Validation Results: {
    "ci": 0.7751,
    "classification_loss": 0.0,
    "cluster_loss": 0.0,
    "mae": 0.7519,
    "mse": 1.1959,
    "multiclassification_loss": 0.0,
    "ortho_loss": 0.0,
    "pearson": 0.7174,
    "regression_loss": 1.1945,
    "rm2": 0.5022,
    "rmse": 1.0936,
    "sd": 1.0693,
    "spearman": 0.7249,
    "spectral_loss": 0.0
}
                              
Test Results: {
    "ci": 0.776,
    "classification_loss": 0.0,
    "cluster_loss": 0.0,
    "mae": 0.7227,
    "mse": 1.0614,
    "multiclassification_loss": 0.0,
    "ortho_loss": 0.0,
    "pearson": 0.7263,
    "regression_loss": 1.0581,
    "rm2": 0.5213,
    "rmse": 1.0302,
    "sd": 1.0204,
    "spearman": 0.7289,
    "spectral_loss": 0.0
}
                              
                              
----------------------------------------
Epoch 049 with LR 0.000100: Model Results
----------------------------------------
Train MSE Loss: 0.5765, Train CLS Loss: 0.0000, Train MCLS Loss: 0.0000
Protein Cluster Region Loss - Ortho Loss: 0.0000, Cluster Loss: 0.0000
                              
Validation Results: {
    "ci": 0.7739,
    "classification_loss": 0.0,
    "cluster_loss": 0.0,
    "mae": 0.748,
    "mse": 1.1695,
    "multiclassification_loss": 0.0,
    "ortho_loss": 0.0,
    "pearson": 0.7185,
    "regression_loss": 1.1684,
    "rm2": 0.5133,
    "rmse": 1.0814,
    "sd": 1.0676,
    "spearman": 0.7234,
    "spectral_loss": 0.0
}
                              
Test Results: {
    "ci": 0.776,
    "classification_loss": 0.0,
    "cluster_loss": 0.0,
    "mae": 0.7227,
    "mse": 1.0614,
    "multiclassification_loss": 0.0,
    "ortho_loss": 0.0,
    "pearson": 0.7263,
    "regression_loss": 1.0581,
    "rm2": 0.5213,
    "rmse": 1.0302,
    "sd": 1.0204,
    "spearman": 0.7289,
    "spectral_loss": 0.0
}
                              
                              
----------------------------------------
Epoch 050 with LR 0.000100: Model Results
----------------------------------------
Train MSE Loss: 0.5640, Train CLS Loss: 0.0000, Train MCLS Loss: 0.0000
Protein Cluster Region Loss - Ortho Loss: 0.0000, Cluster Loss: 0.0000
                              
Validation Results: {
    "ci": 0.7733,
    "classification_loss": 0.0,
    "cluster_loss": 0.0,
    "mae": 0.7509,
    "mse": 1.1982,
    "multiclassification_loss": 0.0,
    "ortho_loss": 0.0,
    "pearson": 0.7108,
    "regression_loss": 1.1969,
    "rm2": 0.4805,
    "rmse": 1.0946,
    "sd": 1.0797,
    "spearman": 0.7202,
    "spectral_loss": 0.0
}
                              
Test Results: {
    "ci": 0.776,
    "classification_loss": 0.0,
    "cluster_loss": 0.0,
    "mae": 0.7227,
    "mse": 1.0614,
    "multiclassification_loss": 0.0,
    "ortho_loss": 0.0,
    "pearson": 0.7263,
    "regression_loss": 1.0581,
    "rm2": 0.5213,
    "rmse": 1.0302,
    "sd": 1.0204,
    "spearman": 0.7289,
    "spectral_loss": 0.0
}
[best epoch] epoch=42, best_rmse=1.052, lr_at_best=1.000e-04
                              
                              
----------------------------------------
Epoch 050 with LR 0.000100: Model Results
----------------------------------------
Train MSE Loss: 0.5640, Train CLS Loss: 0.0000, Train MCLS Loss: 0.0000
Protein Cluster Region Loss - Ortho Loss: 0.0000, Cluster Loss: 0.0000
                              
Validation Results: {
    "ci": 0.7733,
    "classification_loss": 0.0,
    "cluster_loss": 0.0,
    "mae": 0.7509,
    "mse": 1.1982,
    "multiclassification_loss": 0.0,
    "ortho_loss": 0.0,
    "pearson": 0.7108,
    "regression_loss": 1.1969,
    "rm2": 0.4805,
    "rmse": 1.0946,
    "sd": 1.0797,
    "spearman": 0.7202,
    "spectral_loss": 0.0
}
                              
Test Results: {
    "ci": 0.776,
    "classification_loss": 0.0,
    "cluster_loss": 0.0,
    "mae": 0.7227,
    "mse": 1.0614,
    "multiclassification_loss": 0.0,
    "ortho_loss": 0.0,
    "pearson": 0.7263,
    "regression_loss": 1.0581,
    "rm2": 0.5213,
    "rmse": 1.0302,
    "sd": 1.0204,
    "spearman": 0.7289,
    "spectral_loss": 0.0
}
Final test metrics: rmse=1.0302, pearson=0.7263, r2_proxy(mse)=1.0614
Done. Predictions: /sc/arion/projects/DiseaseGeneCell/Huang_lab_project/wangcDrugRepoProject/TRACE_Kin_Results_v4_mapgnn/inhouse_dataset/inhouse_Kd_MUTAPLM_embedding_random/test_prediction_seed3.csv; checkpoint: /sc/arion/projects/DiseaseGeneCell/Huang_lab_project/wangcDrugRepoProject/TRACE_Kin_Results_v4_mapgnn/inhouse_dataset/inhouse_Kd_MUTAPLM_embedding_random/save_model_seed3/model.pt

==========================================
Array task 3/10: OK (inhouse_Kd_MUTAPLM_embedding_random)
==========================================


PS:

Read file <242906676.3.stderr> for stderr output of this job.

