Sender: LSF System <lsfadmin@lg05e15>
Subject: Job 242951723[6]: <trace_kin_v5_perfolder_s1[1-10]> in cluster <chimera> Exited

Job <trace_kin_v5_perfolder_s1[1-10]> was submitted from host <li04e04> by user <wangc40> in cluster <chimera> at Mon May 11 13:35:53 2026
Job was executed on host(s) <16*lg05e15>, in queue <gpu>, as user <wangc40> in cluster <chimera> at Mon May 11 13:35:58 2026
</hpc/users/wangc40> was used as the home directory.
</sc/arion/projects/DiseaseGeneCell/Huang_lab_project/wangcDrugRepoProject/TRACE-Kin> was used as the working directory.
Started at Mon May 11 13:35:58 2026
Terminated at Mon May 11 13:37:23 2026
Results reported at Mon May 11 13:37:23 2026

Your job looked like:

------------------------------------------------------------
# LSBATCH: User input
#!/bin/bash
#BSUB -J trace_kin_v5_perfolder_s1[1-10]
#BSUB -P acc_DiseaseGeneCell
#BSUB -q gpu
#BSUB -R h100nvl
#BSUB -gpu num=1
#BSUB -n 16
#BSUB -R "rusage[mem=15000]"
#BSUB -R "span[hosts=1]"
#BSUB -W 48:00
#BSUB -o %J.%I.stdout
#BSUB -eo %J.%I.stderr
#BSUB -L /bin/bash

# =============================================================================
# TRACE-Kin v5 (Graph-Mamba + Cross-Attention) PER-FOLDER — top-10 cells
# =============================================================================
# Submit with:
#     bsub < training/run_v5_perfolder_s1.lsf
#
# v5 = Bidirectional Graph-Mamba: MutaPLM per-residue (4096) -> Linear(512)
# -> BiMamba x4 with graph-gated aggregation from contact-map -> cross-
# attention with ligand atoms (PNA + MoLFormer) -> substrate-conditioned
# pooling -> regression head.
#
# All cells use MUTAPLM embedding (the mutation-aware story requires
# consistent per-residue mutation-sensitive embeddings throughout).
#
# For seeds 2 and 3, submit:
#     bsub < training/run_v5_perfolder_s2.lsf
#     bsub < training/run_v5_perfolder_s3.lsf
# =============================================================================

# --- Environment -------------------------------------------------------------
ml purge
source ~/.bashrc
module load anaconda3/2024.06
source activate test
module load cuda/12.4.0
export RAYON_NUM_THREADS=4
export PYTORCH_CUDA_ALLOC_CONF=expandable_segments:True
export PYTHONPATH="$PWD${PYTHONPATH:+:$PYTHONPATH}"

# --- Knobs (env overrides) ---------------------------------------------------
ENZYME_BASE="${ENZYME_BASE:-/sc/arion/projects/DiseaseGeneCell/Huang_lab_project/drug_discovery/output/data/enzyme_embeddings_dataset}"
RESULT_BASE="${RESULT_BASE:-/sc/arion/projects/DiseaseGeneCell/Huang_lab_project/wangcDrugRepoProject/TRACE_Kin_Results_v5_graphmamba}"
MOLFORMER_PATH="${MOLFORMER_PATH:-/sc/arion/projects/DiseaseGeneCell/Huang_lab_project/wangcDrugRepoProject/transformersmodels/ibm/MoLFormer-XL-both-10pct}"
CONFIG_PATH="${CONFIG_PATH:-training/config_v5.json}"
EPOCHS="${EPOCHS:-100}"
BATCH_SIZE="${BATCH_SIZE:-8}"

(... more ...)
------------------------------------------------------------

Exited with exit code 1.

Resource usage summary:

    CPU time :                                   42.00 sec.
    Max Memory :                                 23585 MB
    Average Memory :                             3435.73 MB
    Total Requested Memory :                     240000.00 MB
    Delta Memory :                               216415.00 MB
    Max Swap :                                   -
    Max Processes :                              4
    Max Threads :                                12
    Run time :                                   85 sec.
    Turnaround time :                            90 sec.

The output (if any) follows:

==========================================
TRACE-Kin v5 (Graph-Mamba) PER-FOLDER task 6/10
==========================================
Date:        Mon May 11 13:36:02 EDT 2026
Dataset:     /sc/arion/projects/DiseaseGeneCell/Huang_lab_project/drug_discovery/output/data/enzyme_embeddings_dataset/MPEK_dataset/MPEK_kcat_MUTAPLM_embedding_cold_protein
Result:      /sc/arion/projects/DiseaseGeneCell/Huang_lab_project/wangcDrugRepoProject/TRACE_Kin_Results_v5_graphmamba/MPEK_dataset/MPEK_kcat_MUTAPLM_embedding_cold_protein
Config:      training/config_v5.json
MoLFormer:   /sc/arion/projects/DiseaseGeneCell/Huang_lab_project/wangcDrugRepoProject/transformersmodels/ibm/MoLFormer-XL-both-10pct
Pool CSVs:   (none — per-folder)
Model:       v5 Graph-Mamba (BiMamba x4 + graph-gate + cross-attn + MoLFormer ctx)
Epochs:      100, batch=8, seed=1, lr=3e-4
==========================================
Python 3.12.2
Python: /sc/arion/work/wangc40/test-env/envs/test/bin/python
CUDA device: NVIDIA H100 80GB HBM3, sm_90
============================================================
TRACE-Kin training
============================================================
Datafolder:        /sc/arion/projects/DiseaseGeneCell/Huang_lab_project/drug_discovery/output/data/enzyme_embeddings_dataset/MPEK_dataset/MPEK_kcat_MUTAPLM_embedding_cold_protein
Result path:       /sc/arion/projects/DiseaseGeneCell/Huang_lab_project/wangcDrugRepoProject/TRACE_Kin_Results_v5_graphmamba/MPEK_dataset/MPEK_kcat_MUTAPLM_embedding_cold_protein
Config:            training/config_v5.json
Pool train CSVs:   (none)
============================================================
[mem] before load_split_dataframes             max RSS = 0.59 GB
Loading primary train (essential cols): /sc/arion/projects/DiseaseGeneCell/Huang_lab_project/drug_discovery/output/data/enzyme_embeddings_dataset/MPEK_dataset/MPEK_kcat_MUTAPLM_embedding_cold_protein/train.parquet
Loading primary test (essential cols): /sc/arion/projects/DiseaseGeneCell/Huang_lab_project/drug_discovery/output/data/enzyme_embeddings_dataset/MPEK_dataset/MPEK_kcat_MUTAPLM_embedding_cold_protein/test.parquet
Loading primary val (essential cols): /sc/arion/projects/DiseaseGeneCell/Huang_lab_project/drug_discovery/output/data/enzyme_embeddings_dataset/MPEK_dataset/MPEK_kcat_MUTAPLM_embedding_cold_protein/val.parquet
Detected prot_evo_channels = 4096 (1-row sample)
[mem] after load_split_dataframes (lite — feature cols not loaded) max RSS = 0.83 GB
model_version: v5, use_swa: False
Reusing protein cache: /sc/arion/projects/DiseaseGeneCell/Huang_lab_project/drug_discovery/output/data/enzyme_embeddings_dataset/MPEK_dataset/MPEK_kcat_MUTAPLM_embedding_cold_protein/protein.pt
Reusing ligand cache: /sc/arion/projects/DiseaseGeneCell/Huang_lab_project/drug_discovery/output/data/enzyme_embeddings_dataset/MPEK_dataset/MPEK_kcat_MUTAPLM_embedding_cold_protein/ligand.pt
[mem] after preprocess                         max RSS = 23.16 GB
loaders ready: train=1575 test=453 val=210
[mem] after make_loaders                       max RSS = 23.17 GB

==========================================
Array task 6/10: FAIL (MPEK_kcat_MUTAPLM_embedding_cold_protein)
No test_prediction CSV found. Check stderr.
==========================================


PS:

Read file <242951723.6.stderr> for stderr output of this job.

