Sender: LSF System <lsfadmin@lg03e06>
Subject: Job 242906675[7]: <trace_kin_v4_perfolder_s2[1-10]> in cluster <chimera> Done

Job <trace_kin_v4_perfolder_s2[1-10]> was submitted from host <li04e01> by user <wangc40> in cluster <chimera> at Mon May 11 00:07:35 2026
Job was executed on host(s) <16*lg03e06>, in queue <gpu>, as user <wangc40> in cluster <chimera> at Mon May 11 03:45:36 2026
</hpc/users/wangc40> was used as the home directory.
</sc/arion/projects/DiseaseGeneCell/Huang_lab_project/wangcDrugRepoProject/TRACE-Kin> was used as the working directory.
Started at Mon May 11 03:45:36 2026
Terminated at Mon May 11 05:44:16 2026
Results reported at Mon May 11 05:44:16 2026

Your job looked like:

------------------------------------------------------------
# LSBATCH: User input
#!/bin/bash
#BSUB -J trace_kin_v4_perfolder_s2[1-10]
#BSUB -P acc_DiseaseGeneCell
#BSUB -q gpu
#BSUB -R h100nvl
#BSUB -gpu num=1
#BSUB -n 16
#BSUB -R "rusage[mem=15000]"
#BSUB -R "span[hosts=1]"
#BSUB -W 48:00
#BSUB -o %J.%I.stdout
#BSUB -eo %J.%I.stderr
#BSUB -L /bin/bash

# =============================================================================
# TRACE-Kin v4 (MAP-GNN) PER-FOLDER + MutaPLM — top-10 RF-gap cells
# =============================================================================
# Submit with:
#     bsub < training/run_v4_perfolder_s1.lsf
#
# v4 = MAP-GNN: v1 GNN backbone + per-residue novelty score + pocket
# attention pool + MoLFormer-XL molecular context residual (preserved
# from v3). Unlike earlier versions, every cell uses MutaPLM as the
# protein embedding (the entire mutation-aware story rests on
# MutaPLM's residue-level mutation sensitivity), instead of the
# per-cell best-RF-baseline embedding.
#
# Per-residue novelty:
#   novelty[r] = ||MutaPLM[r] - aa_typical_mean[aa[r]]|| / aa_typical_std[aa[r]]
# where aa_typical statistics are precomputed once over the training
# corpus and cached at <datafolder>/aa_typical.pt. Mutations stand
# out because their MutaPLM vector deviates from the typical
# embedding for the residue's amino acid type — no explicit (WT,
# mutant) labels needed.
#
# Pocket attention:
#   pocket_logit[r] = MLP([MutaPLM[r], novelty[r], degree(r)])
#   pocket_weight[r] = softmax(pocket_logit) over r in same protein
#   prot_pool = sum_r (pocket_weight[r] * residue_h[r])
#
# Cells: same 10 as v3 (largest historical PSICHIC-vs-RF gap).
# Embedding source forced to MUTAPLM regardless of the per-cell
# best-RF choice in the historical benchmark.
#
# Outputs land under TRACE_Kin_Results_v4_mapgnn/<dataset>/<task_name>/
# so they don't collide with prior v3 trees.
# =============================================================================

# --- Environment -------------------------------------------------------------
ml purge

(... more ...)
------------------------------------------------------------

Successfully completed.

Resource usage summary:

    CPU time :                                   7868.00 sec.
    Max Memory :                                 53119 MB
    Average Memory :                             49578.64 MB
    Total Requested Memory :                     240000.00 MB
    Delta Memory :                               186881.00 MB
    Max Swap :                                   -
    Max Processes :                              4
    Max Threads :                                25
    Run time :                                   7120 sec.
    Turnaround time :                            20201 sec.

The output (if any) follows:

==========================================
TRACE-Kin v4 (MAP-GNN) PER-FOLDER task 7/10
==========================================
Date:        Mon May 11 03:45:40 EDT 2026
Dataset:     /sc/arion/projects/DiseaseGeneCell/Huang_lab_project/drug_discovery/output/data/enzyme_embeddings_dataset/EITLEM_dataset/EITLEM_km_MUTAPLM_embedding_cold_protein
Result:      /sc/arion/projects/DiseaseGeneCell/Huang_lab_project/wangcDrugRepoProject/TRACE_Kin_Results_v4_mapgnn/EITLEM_dataset/EITLEM_km_MUTAPLM_embedding_cold_protein
Config:      training/config_v4.json
MoLFormer:   /sc/arion/projects/DiseaseGeneCell/Huang_lab_project/wangcDrugRepoProject/transformersmodels/ibm/MoLFormer-XL-both-10pct
Pool CSVs:   (none — per-folder)
Model:       v4 MAP-GNN (per-folder, no pool, MUTAPLM + novelty + pocket attn + MoLFormer ctx)
Epochs:      50, batch=16, seed=2, lr=1e-4
==========================================
Python 3.12.2
Python: /sc/arion/work/wangc40/test-env/envs/test/bin/python
CUDA device: NVIDIA H100 80GB HBM3, sm_90
============================================================
TRACE-Kin training
============================================================
Datafolder:        /sc/arion/projects/DiseaseGeneCell/Huang_lab_project/drug_discovery/output/data/enzyme_embeddings_dataset/EITLEM_dataset/EITLEM_km_MUTAPLM_embedding_cold_protein
Result path:       /sc/arion/projects/DiseaseGeneCell/Huang_lab_project/wangcDrugRepoProject/TRACE_Kin_Results_v4_mapgnn/EITLEM_dataset/EITLEM_km_MUTAPLM_embedding_cold_protein
Config:            training/config_v4.json
Pool train CSVs:   (none)
============================================================
[mem] before load_split_dataframes             max RSS = 0.58 GB
Loading primary train: /sc/arion/projects/DiseaseGeneCell/Huang_lab_project/drug_discovery/output/data/enzyme_embeddings_dataset/EITLEM_dataset/EITLEM_km_MUTAPLM_embedding_cold_protein/train.parquet
Loading primary test: /sc/arion/projects/DiseaseGeneCell/Huang_lab_project/drug_discovery/output/data/enzyme_embeddings_dataset/EITLEM_dataset/EITLEM_km_MUTAPLM_embedding_cold_protein/test.parquet
Loading primary val: /sc/arion/projects/DiseaseGeneCell/Huang_lab_project/drug_discovery/output/data/enzyme_embeddings_dataset/EITLEM_dataset/EITLEM_km_MUTAPLM_embedding_cold_protein/val.parquet
Detected prot_evo_channels = 4096
seq2feat: 14058 unique sequences.
Loading MoLFormer-XL from /sc/arion/projects/DiseaseGeneCell/Huang_lab_project/wangcDrugRepoProject/transformersmodels/ibm/MoLFormer-XL-both-10pct
Computing MoLFormer embeddings for 5247 unique SMILES (batch_size=64)
  embedded 64/5247
  embedded 1344/5247
  embedded 2624/5247
  embedded 3904/5247
  embedded 5184/5247
Saved MoLFormer cache: /sc/arion/projects/DiseaseGeneCell/Huang_lab_project/drug_discovery/output/data/enzyme_embeddings_dataset/EITLEM_dataset/EITLEM_km_MUTAPLM_embedding_cold_protein/molformer_emb.pt (5247 SMILES)
MoLFormer embeddings: 5247 unique SMILES, dim=768
[mem] after load_split_dataframes              max RSS = 3.24 GB
model_version: v4, use_swa: False
Building protein graphs from scratch (this can be slow)...
U, B, O, or 0 in Sequence
U, B, O, or 0 in Sequence
U, B, O, or 0 in Sequence
U, B, O, or 0 in Sequence
U, B, O, or 0 in Sequence
U, B, O, or 0 in Sequence
U, B, O, or 0 in Sequence
U, B, O, or 0 in Sequence
U, B, O, or 0 in Sequence
U, B, O, or 0 in Sequence
U, B, O, or 0 in Sequence
U, B, O, or 0 in Sequence
U, B, O, or 0 in Sequence
U, B, O, or 0 in Sequence
U, B, O, or 0 in Sequence
U, B, O, or 0 in Sequence
U, B, O, or 0 in Sequence
U, B, O, or 0 in Sequence
Computing aa_typical from 14058 proteins...
  24 amino acid types observed; saving cache to /sc/arion/projects/DiseaseGeneCell/Huang_lab_project/drug_discovery/output/data/enzyme_embeddings_dataset/EITLEM_dataset/EITLEM_km_MUTAPLM_embedding_cold_protein/aa_typical.pt
  aa_typical buffers: means/stds shape (25, 4096), 24 known + 1 unknown AA slot
Building ligand graphs from scratch...
[mem] after preprocess                         max RSS = 51.11 GB
[mem] after free seq2feat/smi2chembert         max RSS = 51.11 GB
loaders ready: train=1283 test=367 val=184
[mem] after make_loaders                       max RSS = 51.11 GB
Computing PNA degrees from training data...
Built TraceKinV4 with 7,494,323 parameters
[LR schedule] schedule_lr=False, lrate=0.0001, min_lrate=0, warmup_iters=0, lr_decay_iters=64150, total_iters=64150
Not in terminal, reprint now using normal build-in print function.
                              
                              
----------------------------------------
Epoch 001 with LR 0.000100: Model Results
----------------------------------------
Train MSE Loss: 1.1706, Train CLS Loss: 0.0000, Train MCLS Loss: 0.0000
Protein Cluster Region Loss - Ortho Loss: 0.0000, Cluster Loss: 0.0000
                              
Validation Results: {
    "ci": 0.7171,
    "classification_loss": 0.0,
    "cluster_loss": 0.0,
    "mae": 0.8018,
    "mse": 1.1327,
    "multiclassification_loss": 0.0,
    "ortho_loss": 0.0,
    "pearson": 0.5904,
    "regression_loss": 1.1722,
    "rm2": 0.3445,
    "rmse": 1.0643,
    "sd": 1.0643,
    "spearman": 0.6078,
    "spectral_loss": 0.0
}
                              
Test Results: {
    "ci": 0.703,
    "classification_loss": 0.0,
    "cluster_loss": 0.0,
    "mae": 0.8161,
    "mse": 1.1544,
    "multiclassification_loss": 0.0,
    "ortho_loss": 0.0,
    "pearson": 0.562,
    "regression_loss": 1.1544,
    "rm2": 0.3059,
    "rmse": 1.0744,
    "sd": 1.0715,
    "spearman": 0.5693,
    "spectral_loss": 0.0
}
                              
                              
----------------------------------------
Epoch 002 with LR 0.000100: Model Results
----------------------------------------
Train MSE Loss: 0.9570, Train CLS Loss: 0.0000, Train MCLS Loss: 0.0000
Protein Cluster Region Loss - Ortho Loss: 0.0000, Cluster Loss: 0.0000
                              
Validation Results: {
    "ci": 0.7278,
    "classification_loss": 0.0,
    "cluster_loss": 0.0,
    "mae": 0.7919,
    "mse": 1.0908,
    "multiclassification_loss": 0.0,
    "ortho_loss": 0.0,
    "pearson": 0.6193,
    "regression_loss": 1.1271,
    "rm2": 0.3719,
    "rmse": 1.0444,
    "sd": 1.0354,
    "spearman": 0.6346,
    "spectral_loss": 0.0
}
                              
Test Results: {
    "ci": 0.7229,
    "classification_loss": 0.0,
    "cluster_loss": 0.0,
    "mae": 0.7914,
    "mse": 1.0588,
    "multiclassification_loss": 0.0,
    "ortho_loss": 0.0,
    "pearson": 0.622,
    "regression_loss": 1.0583,
    "rm2": 0.3764,
    "rmse": 1.029,
    "sd": 1.0144,
    "spearman": 0.6205,
    "spectral_loss": 0.0
}
                              
                              
----------------------------------------
Epoch 003 with LR 0.000100: Model Results
----------------------------------------
Train MSE Loss: 0.7851, Train CLS Loss: 0.0000, Train MCLS Loss: 0.0000
Protein Cluster Region Loss - Ortho Loss: 0.0000, Cluster Loss: 0.0000
                              
Validation Results: {
    "ci": 0.7432,
    "classification_loss": 0.0,
    "cluster_loss": 0.0,
    "mae": 0.7525,
    "mse": 1.011,
    "multiclassification_loss": 0.0,
    "ortho_loss": 0.0,
    "pearson": 0.6589,
    "regression_loss": 1.0445,
    "rm2": 0.3883,
    "rmse": 1.0055,
    "sd": 0.9919,
    "spearman": 0.6671,
    "spectral_loss": 0.0
}
                              
Test Results: {
    "ci": 0.7341,
    "classification_loss": 0.0,
    "cluster_loss": 0.0,
    "mae": 0.7569,
    "mse": 1.0018,
    "multiclassification_loss": 0.0,
    "ortho_loss": 0.0,
    "pearson": 0.6451,
    "regression_loss": 1.002,
    "rm2": 0.3745,
    "rmse": 1.0009,
    "sd": 0.9899,
    "spearman": 0.6432,
    "spectral_loss": 0.0
}
                              
                              
----------------------------------------
Epoch 004 with LR 0.000100: Model Results
----------------------------------------
Train MSE Loss: 0.6781, Train CLS Loss: 0.0000, Train MCLS Loss: 0.0000
Protein Cluster Region Loss - Ortho Loss: 0.0000, Cluster Loss: 0.0000
                              
Validation Results: {
    "ci": 0.7421,
    "classification_loss": 0.0,
    "cluster_loss": 0.0,
    "mae": 0.7479,
    "mse": 1.0002,
    "multiclassification_loss": 0.0,
    "ortho_loss": 0.0,
    "pearson": 0.6604,
    "regression_loss": 1.0306,
    "rm2": 0.394,
    "rmse": 1.0001,
    "sd": 0.9902,
    "spearman": 0.6647,
    "spectral_loss": 0.0
}
                              
Test Results: {
    "ci": 0.7343,
    "classification_loss": 0.0,
    "cluster_loss": 0.0,
    "mae": 0.754,
    "mse": 0.9822,
    "multiclassification_loss": 0.0,
    "ortho_loss": 0.0,
    "pearson": 0.6522,
    "regression_loss": 0.9823,
    "rm2": 0.3851,
    "rmse": 0.9911,
    "sd": 0.9821,
    "spearman": 0.6448,
    "spectral_loss": 0.0
}
                              
                              
----------------------------------------
Epoch 005 with LR 0.000100: Model Results
----------------------------------------
Train MSE Loss: 0.6150, Train CLS Loss: 0.0000, Train MCLS Loss: 0.0000
Protein Cluster Region Loss - Ortho Loss: 0.0000, Cluster Loss: 0.0000
                              
Validation Results: {
    "ci": 0.741,
    "classification_loss": 0.0,
    "cluster_loss": 0.0,
    "mae": 0.741,
    "mse": 0.9836,
    "multiclassification_loss": 0.0,
    "ortho_loss": 0.0,
    "pearson": 0.662,
    "regression_loss": 1.0184,
    "rm2": 0.4337,
    "rmse": 0.9918,
    "sd": 0.9884,
    "spearman": 0.6609,
    "spectral_loss": 0.0
}
                              
Test Results: {
    "ci": 0.7419,
    "classification_loss": 0.0,
    "cluster_loss": 0.0,
    "mae": 0.7316,
    "mse": 0.9341,
    "multiclassification_loss": 0.0,
    "ortho_loss": 0.0,
    "pearson": 0.6697,
    "regression_loss": 0.9344,
    "rm2": 0.4468,
    "rmse": 0.9665,
    "sd": 0.9621,
    "spearman": 0.6616,
    "spectral_loss": 0.0
}
                              
                              
----------------------------------------
Epoch 006 with LR 0.000100: Model Results
----------------------------------------
Train MSE Loss: 0.5692, Train CLS Loss: 0.0000, Train MCLS Loss: 0.0000
Protein Cluster Region Loss - Ortho Loss: 0.0000, Cluster Loss: 0.0000
                              
Validation Results: {
    "ci": 0.7482,
    "classification_loss": 0.0,
    "cluster_loss": 0.0,
    "mae": 0.7235,
    "mse": 0.9368,
    "multiclassification_loss": 0.0,
    "ortho_loss": 0.0,
    "pearson": 0.68,
    "regression_loss": 0.9699,
    "rm2": 0.4604,
    "rmse": 0.9679,
    "sd": 0.9669,
    "spearman": 0.6765,
    "spectral_loss": 0.0
}
                              
Test Results: {
    "ci": 0.7451,
    "classification_loss": 0.0,
    "cluster_loss": 0.0,
    "mae": 0.7184,
    "mse": 0.9179,
    "multiclassification_loss": 0.0,
    "ortho_loss": 0.0,
    "pearson": 0.6741,
    "regression_loss": 0.9181,
    "rm2": 0.4537,
    "rmse": 0.9581,
    "sd": 0.9569,
    "spearman": 0.6663,
    "spectral_loss": 0.0
}
                              
                              
----------------------------------------
Epoch 007 with LR 0.000100: Model Results
----------------------------------------
Train MSE Loss: 0.5392, Train CLS Loss: 0.0000, Train MCLS Loss: 0.0000
Protein Cluster Region Loss - Ortho Loss: 0.0000, Cluster Loss: 0.0000
                              
Validation Results: {
    "ci": 0.7428,
    "classification_loss": 0.0,
    "cluster_loss": 0.0,
    "mae": 0.738,
    "mse": 0.9786,
    "multiclassification_loss": 0.0,
    "ortho_loss": 0.0,
    "pearson": 0.6681,
    "regression_loss": 1.005,
    "rm2": 0.4106,
    "rmse": 0.9892,
    "sd": 0.9811,
    "spearman": 0.6639,
    "spectral_loss": 0.0
}
                              
Test Results: {
    "ci": 0.7451,
    "classification_loss": 0.0,
    "cluster_loss": 0.0,
    "mae": 0.7184,
    "mse": 0.9179,
    "multiclassification_loss": 0.0,
    "ortho_loss": 0.0,
    "pearson": 0.6741,
    "regression_loss": 0.9181,
    "rm2": 0.4537,
    "rmse": 0.9581,
    "sd": 0.9569,
    "spearman": 0.6663,
    "spectral_loss": 0.0
}
                              
                              
----------------------------------------
Epoch 008 with LR 0.000100: Model Results
----------------------------------------
Train MSE Loss: 0.5136, Train CLS Loss: 0.0000, Train MCLS Loss: 0.0000
Protein Cluster Region Loss - Ortho Loss: 0.0000, Cluster Loss: 0.0000
                              
Validation Results: {
    "ci": 0.7314,
    "classification_loss": 0.0,
    "cluster_loss": 0.0,
    "mae": 0.753,
    "mse": 1.0381,
    "multiclassification_loss": 0.0,
    "ortho_loss": 0.0,
    "pearson": 0.6416,
    "regression_loss": 1.0644,
    "rm2": 0.3856,
    "rmse": 1.0189,
    "sd": 1.0114,
    "spearman": 0.6339,
    "spectral_loss": 0.0
}
                              
Test Results: {
    "ci": 0.7451,
    "classification_loss": 0.0,
    "cluster_loss": 0.0,
    "mae": 0.7184,
    "mse": 0.9179,
    "multiclassification_loss": 0.0,
    "ortho_loss": 0.0,
    "pearson": 0.6741,
    "regression_loss": 0.9181,
    "rm2": 0.4537,
    "rmse": 0.9581,
    "sd": 0.9569,
    "spearman": 0.6663,
    "spectral_loss": 0.0
}
                              
                              
----------------------------------------
Epoch 009 with LR 0.000100: Model Results
----------------------------------------
Train MSE Loss: 0.4845, Train CLS Loss: 0.0000, Train MCLS Loss: 0.0000
Protein Cluster Region Loss - Ortho Loss: 0.0000, Cluster Loss: 0.0000
                              
Validation Results: {
    "ci": 0.7462,
    "classification_loss": 0.0,
    "cluster_loss": 0.0,
    "mae": 0.7461,
    "mse": 0.9773,
    "multiclassification_loss": 0.0,
    "ortho_loss": 0.0,
    "pearson": 0.6769,
    "regression_loss": 1.0022,
    "rm2": 0.4112,
    "rmse": 0.9886,
    "sd": 0.9706,
    "spearman": 0.6725,
    "spectral_loss": 0.0
}
                              
Test Results: {
    "ci": 0.7451,
    "classification_loss": 0.0,
    "cluster_loss": 0.0,
    "mae": 0.7184,
    "mse": 0.9179,
    "multiclassification_loss": 0.0,
    "ortho_loss": 0.0,
    "pearson": 0.6741,
    "regression_loss": 0.9181,
    "rm2": 0.4537,
    "rmse": 0.9581,
    "sd": 0.9569,
    "spearman": 0.6663,
    "spectral_loss": 0.0
}
                              
                              
----------------------------------------
Epoch 010 with LR 0.000100: Model Results
----------------------------------------
Train MSE Loss: 0.4679, Train CLS Loss: 0.0000, Train MCLS Loss: 0.0000
Protein Cluster Region Loss - Ortho Loss: 0.0000, Cluster Loss: 0.0000
                              
Validation Results: {
    "ci": 0.748,
    "classification_loss": 0.0,
    "cluster_loss": 0.0,
    "mae": 0.721,
    "mse": 0.9267,
    "multiclassification_loss": 0.0,
    "ortho_loss": 0.0,
    "pearson": 0.686,
    "regression_loss": 0.9599,
    "rm2": 0.4531,
    "rmse": 0.9626,
    "sd": 0.9595,
    "spearman": 0.6764,
    "spectral_loss": 0.0
}
                              
Test Results: {
    "ci": 0.7428,
    "classification_loss": 0.0,
    "cluster_loss": 0.0,
    "mae": 0.7244,
    "mse": 0.9355,
    "multiclassification_loss": 0.0,
    "ortho_loss": 0.0,
    "pearson": 0.6682,
    "regression_loss": 0.9358,
    "rm2": 0.4291,
    "rmse": 0.9672,
    "sd": 0.9638,
    "spearman": 0.6618,
    "spectral_loss": 0.0
}
                              
                              
----------------------------------------
Epoch 011 with LR 0.000100: Model Results
----------------------------------------
Train MSE Loss: 0.4557, Train CLS Loss: 0.0000, Train MCLS Loss: 0.0000
Protein Cluster Region Loss - Ortho Loss: 0.0000, Cluster Loss: 0.0000
                              
Validation Results: {
    "ci": 0.752,
    "classification_loss": 0.0,
    "cluster_loss": 0.0,
    "mae": 0.7158,
    "mse": 0.9298,
    "multiclassification_loss": 0.0,
    "ortho_loss": 0.0,
    "pearson": 0.6902,
    "regression_loss": 0.9484,
    "rm2": 0.4758,
    "rmse": 0.9642,
    "sd": 0.9542,
    "spearman": 0.6848,
    "spectral_loss": 0.0
}
                              
Test Results: {
    "ci": 0.7428,
    "classification_loss": 0.0,
    "cluster_loss": 0.0,
    "mae": 0.7244,
    "mse": 0.9355,
    "multiclassification_loss": 0.0,
    "ortho_loss": 0.0,
    "pearson": 0.6682,
    "regression_loss": 0.9358,
    "rm2": 0.4291,
    "rmse": 0.9672,
    "sd": 0.9638,
    "spearman": 0.6618,
    "spectral_loss": 0.0
}
                              
                              
----------------------------------------
Epoch 012 with LR 0.000100: Model Results
----------------------------------------
Train MSE Loss: 0.4344, Train CLS Loss: 0.0000, Train MCLS Loss: 0.0000
Protein Cluster Region Loss - Ortho Loss: 0.0000, Cluster Loss: 0.0000
                              
Validation Results: {
    "ci": 0.7401,
    "classification_loss": 0.0,
    "cluster_loss": 0.0,
    "mae": 0.741,
    "mse": 1.0106,
    "multiclassification_loss": 0.0,
    "ortho_loss": 0.0,
    "pearson": 0.6633,
    "regression_loss": 1.038,
    "rm2": 0.4151,
    "rmse": 1.0053,
    "sd": 0.9868,
    "spearman": 0.6545,
    "spectral_loss": 0.0
}
                              
Test Results: {
    "ci": 0.7428,
    "classification_loss": 0.0,
    "cluster_loss": 0.0,
    "mae": 0.7244,
    "mse": 0.9355,
    "multiclassification_loss": 0.0,
    "ortho_loss": 0.0,
    "pearson": 0.6682,
    "regression_loss": 0.9358,
    "rm2": 0.4291,
    "rmse": 0.9672,
    "sd": 0.9638,
    "spearman": 0.6618,
    "spectral_loss": 0.0
}
                              
                              
----------------------------------------
Epoch 013 with LR 0.000100: Model Results
----------------------------------------
Train MSE Loss: 0.4274, Train CLS Loss: 0.0000, Train MCLS Loss: 0.0000
Protein Cluster Region Loss - Ortho Loss: 0.0000, Cluster Loss: 0.0000
                              
Validation Results: {
    "ci": 0.7433,
    "classification_loss": 0.0,
    "cluster_loss": 0.0,
    "mae": 0.7398,
    "mse": 1.0159,
    "multiclassification_loss": 0.0,
    "ortho_loss": 0.0,
    "pearson": 0.6702,
    "regression_loss": 1.0379,
    "rm2": 0.4117,
    "rmse": 1.0079,
    "sd": 0.9786,
    "spearman": 0.6618,
    "spectral_loss": 0.0
}
                              
Test Results: {
    "ci": 0.7428,
    "classification_loss": 0.0,
    "cluster_loss": 0.0,
    "mae": 0.7244,
    "mse": 0.9355,
    "multiclassification_loss": 0.0,
    "ortho_loss": 0.0,
    "pearson": 0.6682,
    "regression_loss": 0.9358,
    "rm2": 0.4291,
    "rmse": 0.9672,
    "sd": 0.9638,
    "spearman": 0.6618,
    "spectral_loss": 0.0
}
                              
                              
----------------------------------------
Epoch 014 with LR 0.000100: Model Results
----------------------------------------
Train MSE Loss: 0.4108, Train CLS Loss: 0.0000, Train MCLS Loss: 0.0000
Protein Cluster Region Loss - Ortho Loss: 0.0000, Cluster Loss: 0.0000
                              
Validation Results: {
    "ci": 0.7446,
    "classification_loss": 0.0,
    "cluster_loss": 0.0,
    "mae": 0.7296,
    "mse": 0.9777,
    "multiclassification_loss": 0.0,
    "ortho_loss": 0.0,
    "pearson": 0.6752,
    "regression_loss": 0.9933,
    "rm2": 0.4066,
    "rmse": 0.9888,
    "sd": 0.9727,
    "spearman": 0.6679,
    "spectral_loss": 0.0
}
                              
Test Results: {
    "ci": 0.7428,
    "classification_loss": 0.0,
    "cluster_loss": 0.0,
    "mae": 0.7244,
    "mse": 0.9355,
    "multiclassification_loss": 0.0,
    "ortho_loss": 0.0,
    "pearson": 0.6682,
    "regression_loss": 0.9358,
    "rm2": 0.4291,
    "rmse": 0.9672,
    "sd": 0.9638,
    "spearman": 0.6618,
    "spectral_loss": 0.0
}
                              
                              
----------------------------------------
Epoch 015 with LR 0.000100: Model Results
----------------------------------------
Train MSE Loss: 0.4040, Train CLS Loss: 0.0000, Train MCLS Loss: 0.0000
Protein Cluster Region Loss - Ortho Loss: 0.0000, Cluster Loss: 0.0000
                              
Validation Results: {
    "ci": 0.7504,
    "classification_loss": 0.0,
    "cluster_loss": 0.0,
    "mae": 0.7128,
    "mse": 0.937,
    "multiclassification_loss": 0.0,
    "ortho_loss": 0.0,
    "pearson": 0.6845,
    "regression_loss": 0.9594,
    "rm2": 0.4523,
    "rmse": 0.968,
    "sd": 0.9613,
    "spearman": 0.6799,
    "spectral_loss": 0.0
}
                              
Test Results: {
    "ci": 0.7428,
    "classification_loss": 0.0,
    "cluster_loss": 0.0,
    "mae": 0.7244,
    "mse": 0.9355,
    "multiclassification_loss": 0.0,
    "ortho_loss": 0.0,
    "pearson": 0.6682,
    "regression_loss": 0.9358,
    "rm2": 0.4291,
    "rmse": 0.9672,
    "sd": 0.9638,
    "spearman": 0.6618,
    "spectral_loss": 0.0
}
                              
                              
----------------------------------------
Epoch 016 with LR 0.000100: Model Results
----------------------------------------
Train MSE Loss: 0.3885, Train CLS Loss: 0.0000, Train MCLS Loss: 0.0000
Protein Cluster Region Loss - Ortho Loss: 0.0000, Cluster Loss: 0.0000
                              
Validation Results: {
    "ci": 0.7504,
    "classification_loss": 0.0,
    "cluster_loss": 0.0,
    "mae": 0.7062,
    "mse": 0.9193,
    "multiclassification_loss": 0.0,
    "ortho_loss": 0.0,
    "pearson": 0.6909,
    "regression_loss": 0.939,
    "rm2": 0.4514,
    "rmse": 0.9588,
    "sd": 0.9533,
    "spearman": 0.6783,
    "spectral_loss": 0.0
}
                              
Test Results: {
    "ci": 0.7493,
    "classification_loss": 0.0,
    "cluster_loss": 0.0,
    "mae": 0.7082,
    "mse": 0.9155,
    "multiclassification_loss": 0.0,
    "ortho_loss": 0.0,
    "pearson": 0.6793,
    "regression_loss": 0.916,
    "rm2": 0.4361,
    "rmse": 0.9568,
    "sd": 0.9507,
    "spearman": 0.6746,
    "spectral_loss": 0.0
}
                              
                              
----------------------------------------
Epoch 017 with LR 0.000100: Model Results
----------------------------------------
Train MSE Loss: 0.3801, Train CLS Loss: 0.0000, Train MCLS Loss: 0.0000
Protein Cluster Region Loss - Ortho Loss: 0.0000, Cluster Loss: 0.0000
                              
Validation Results: {
    "ci": 0.7428,
    "classification_loss": 0.0,
    "cluster_loss": 0.0,
    "mae": 0.7408,
    "mse": 1.0154,
    "multiclassification_loss": 0.0,
    "ortho_loss": 0.0,
    "pearson": 0.6722,
    "regression_loss": 1.0417,
    "rm2": 0.4042,
    "rmse": 1.0077,
    "sd": 0.9763,
    "spearman": 0.6613,
    "spectral_loss": 0.0
}
                              
Test Results: {
    "ci": 0.7493,
    "classification_loss": 0.0,
    "cluster_loss": 0.0,
    "mae": 0.7082,
    "mse": 0.9155,
    "multiclassification_loss": 0.0,
    "ortho_loss": 0.0,
    "pearson": 0.6793,
    "regression_loss": 0.916,
    "rm2": 0.4361,
    "rmse": 0.9568,
    "sd": 0.9507,
    "spearman": 0.6746,
    "spectral_loss": 0.0
}
                              
                              
----------------------------------------
Epoch 018 with LR 0.000100: Model Results
----------------------------------------
Train MSE Loss: 0.3730, Train CLS Loss: 0.0000, Train MCLS Loss: 0.0000
Protein Cluster Region Loss - Ortho Loss: 0.0000, Cluster Loss: 0.0000
                              
Validation Results: {
    "ci": 0.7542,
    "classification_loss": 0.0,
    "cluster_loss": 0.0,
    "mae": 0.7033,
    "mse": 0.8973,
    "multiclassification_loss": 0.0,
    "ortho_loss": 0.0,
    "pearson": 0.7019,
    "regression_loss": 0.9128,
    "rm2": 0.4822,
    "rmse": 0.9472,
    "sd": 0.9393,
    "spearman": 0.6893,
    "spectral_loss": 0.0
}
                              
Test Results: {
    "ci": 0.75,
    "classification_loss": 0.0,
    "cluster_loss": 0.0,
    "mae": 0.7082,
    "mse": 0.9211,
    "multiclassification_loss": 0.0,
    "ortho_loss": 0.0,
    "pearson": 0.6793,
    "regression_loss": 0.9213,
    "rm2": 0.4531,
    "rmse": 0.9597,
    "sd": 0.9508,
    "spearman": 0.6749,
    "spectral_loss": 0.0
}
                              
                              
----------------------------------------
Epoch 019 with LR 0.000100: Model Results
----------------------------------------
Train MSE Loss: 0.3627, Train CLS Loss: 0.0000, Train MCLS Loss: 0.0000
Protein Cluster Region Loss - Ortho Loss: 0.0000, Cluster Loss: 0.0000
                              
Validation Results: {
    "ci": 0.7483,
    "classification_loss": 0.0,
    "cluster_loss": 0.0,
    "mae": 0.7214,
    "mse": 0.9505,
    "multiclassification_loss": 0.0,
    "ortho_loss": 0.0,
    "pearson": 0.6858,
    "regression_loss": 0.9737,
    "rm2": 0.4641,
    "rmse": 0.9749,
    "sd": 0.9597,
    "spearman": 0.6741,
    "spectral_loss": 0.0
}
                              
Test Results: {
    "ci": 0.75,
    "classification_loss": 0.0,
    "cluster_loss": 0.0,
    "mae": 0.7082,
    "mse": 0.9211,
    "multiclassification_loss": 0.0,
    "ortho_loss": 0.0,
    "pearson": 0.6793,
    "regression_loss": 0.9213,
    "rm2": 0.4531,
    "rmse": 0.9597,
    "sd": 0.9508,
    "spearman": 0.6749,
    "spectral_loss": 0.0
}
                              
                              
----------------------------------------
Epoch 020 with LR 0.000100: Model Results
----------------------------------------
Train MSE Loss: 0.3523, Train CLS Loss: 0.0000, Train MCLS Loss: 0.0000
Protein Cluster Region Loss - Ortho Loss: 0.0000, Cluster Loss: 0.0000
                              
Validation Results: {
    "ci": 0.763,
    "classification_loss": 0.0,
    "cluster_loss": 0.0,
    "mae": 0.6983,
    "mse": 0.9137,
    "multiclassification_loss": 0.0,
    "ortho_loss": 0.0,
    "pearson": 0.7094,
    "regression_loss": 0.9331,
    "rm2": 0.4293,
    "rmse": 0.9559,
    "sd": 0.9294,
    "spearman": 0.71,
    "spectral_loss": 0.0
}
                              
Test Results: {
    "ci": 0.75,
    "classification_loss": 0.0,
    "cluster_loss": 0.0,
    "mae": 0.7082,
    "mse": 0.9211,
    "multiclassification_loss": 0.0,
    "ortho_loss": 0.0,
    "pearson": 0.6793,
    "regression_loss": 0.9213,
    "rm2": 0.4531,
    "rmse": 0.9597,
    "sd": 0.9508,
    "spearman": 0.6749,
    "spectral_loss": 0.0
}
                              
                              
----------------------------------------
Epoch 021 with LR 0.000100: Model Results
----------------------------------------
Train MSE Loss: 0.3461, Train CLS Loss: 0.0000, Train MCLS Loss: 0.0000
Protein Cluster Region Loss - Ortho Loss: 0.0000, Cluster Loss: 0.0000
                              
Validation Results: {
    "ci": 0.7566,
    "classification_loss": 0.0,
    "cluster_loss": 0.0,
    "mae": 0.6969,
    "mse": 0.8921,
    "multiclassification_loss": 0.0,
    "ortho_loss": 0.0,
    "pearson": 0.7093,
    "regression_loss": 0.9114,
    "rm2": 0.4688,
    "rmse": 0.9445,
    "sd": 0.9295,
    "spearman": 0.6946,
    "spectral_loss": 0.0
}
                              
Test Results: {
    "ci": 0.7477,
    "classification_loss": 0.0,
    "cluster_loss": 0.0,
    "mae": 0.7166,
    "mse": 0.956,
    "multiclassification_loss": 0.0,
    "ortho_loss": 0.0,
    "pearson": 0.6731,
    "regression_loss": 0.9562,
    "rm2": 0.4193,
    "rmse": 0.9778,
    "sd": 0.9581,
    "spearman": 0.6695,
    "spectral_loss": 0.0
}
                              
                              
----------------------------------------
Epoch 022 with LR 0.000100: Model Results
----------------------------------------
Train MSE Loss: 0.3371, Train CLS Loss: 0.0000, Train MCLS Loss: 0.0000
Protein Cluster Region Loss - Ortho Loss: 0.0000, Cluster Loss: 0.0000
                              
Validation Results: {
    "ci": 0.7466,
    "classification_loss": 0.0,
    "cluster_loss": 0.0,
    "mae": 0.7297,
    "mse": 0.9729,
    "multiclassification_loss": 0.0,
    "ortho_loss": 0.0,
    "pearson": 0.6827,
    "regression_loss": 0.9942,
    "rm2": 0.4596,
    "rmse": 0.9864,
    "sd": 0.9635,
    "spearman": 0.6702,
    "spectral_loss": 0.0
}
                              
Test Results: {
    "ci": 0.7477,
    "classification_loss": 0.0,
    "cluster_loss": 0.0,
    "mae": 0.7166,
    "mse": 0.956,
    "multiclassification_loss": 0.0,
    "ortho_loss": 0.0,
    "pearson": 0.6731,
    "regression_loss": 0.9562,
    "rm2": 0.4193,
    "rmse": 0.9778,
    "sd": 0.9581,
    "spearman": 0.6695,
    "spectral_loss": 0.0
}
                              
                              
----------------------------------------
Epoch 023 with LR 0.000100: Model Results
----------------------------------------
Train MSE Loss: 0.3343, Train CLS Loss: 0.0000, Train MCLS Loss: 0.0000
Protein Cluster Region Loss - Ortho Loss: 0.0000, Cluster Loss: 0.0000
                              
Validation Results: {
    "ci": 0.7587,
    "classification_loss": 0.0,
    "cluster_loss": 0.0,
    "mae": 0.6934,
    "mse": 0.9073,
    "multiclassification_loss": 0.0,
    "ortho_loss": 0.0,
    "pearson": 0.7062,
    "regression_loss": 0.9305,
    "rm2": 0.4492,
    "rmse": 0.9525,
    "sd": 0.9336,
    "spearman": 0.6975,
    "spectral_loss": 0.0
}
                              
Test Results: {
    "ci": 0.7477,
    "classification_loss": 0.0,
    "cluster_loss": 0.0,
    "mae": 0.7166,
    "mse": 0.956,
    "multiclassification_loss": 0.0,
    "ortho_loss": 0.0,
    "pearson": 0.6731,
    "regression_loss": 0.9562,
    "rm2": 0.4193,
    "rmse": 0.9778,
    "sd": 0.9581,
    "spearman": 0.6695,
    "spectral_loss": 0.0
}
                              
                              
----------------------------------------
Epoch 024 with LR 0.000100: Model Results
----------------------------------------
Train MSE Loss: 0.3263, Train CLS Loss: 0.0000, Train MCLS Loss: 0.0000
Protein Cluster Region Loss - Ortho Loss: 0.0000, Cluster Loss: 0.0000
                              
Validation Results: {
    "ci": 0.7489,
    "classification_loss": 0.0,
    "cluster_loss": 0.0,
    "mae": 0.7284,
    "mse": 0.96,
    "multiclassification_loss": 0.0,
    "ortho_loss": 0.0,
    "pearson": 0.6904,
    "regression_loss": 0.9689,
    "rm2": 0.4766,
    "rmse": 0.9798,
    "sd": 0.954,
    "spearman": 0.6751,
    "spectral_loss": 0.0
}
                              
Test Results: {
    "ci": 0.7477,
    "classification_loss": 0.0,
    "cluster_loss": 0.0,
    "mae": 0.7166,
    "mse": 0.956,
    "multiclassification_loss": 0.0,
    "ortho_loss": 0.0,
    "pearson": 0.6731,
    "regression_loss": 0.9562,
    "rm2": 0.4193,
    "rmse": 0.9778,
    "sd": 0.9581,
    "spearman": 0.6695,
    "spectral_loss": 0.0
}
                              
                              
----------------------------------------
Epoch 025 with LR 0.000100: Model Results
----------------------------------------
Train MSE Loss: 0.3180, Train CLS Loss: 0.0000, Train MCLS Loss: 0.0000
Protein Cluster Region Loss - Ortho Loss: 0.0000, Cluster Loss: 0.0000
                              
Validation Results: {
    "ci": 0.7555,
    "classification_loss": 0.0,
    "cluster_loss": 0.0,
    "mae": 0.7021,
    "mse": 0.916,
    "multiclassification_loss": 0.0,
    "ortho_loss": 0.0,
    "pearson": 0.7016,
    "regression_loss": 0.9301,
    "rm2": 0.4682,
    "rmse": 0.9571,
    "sd": 0.9397,
    "spearman": 0.6908,
    "spectral_loss": 0.0
}
                              
Test Results: {
    "ci": 0.7477,
    "classification_loss": 0.0,
    "cluster_loss": 0.0,
    "mae": 0.7166,
    "mse": 0.956,
    "multiclassification_loss": 0.0,
    "ortho_loss": 0.0,
    "pearson": 0.6731,
    "regression_loss": 0.9562,
    "rm2": 0.4193,
    "rmse": 0.9778,
    "sd": 0.9581,
    "spearman": 0.6695,
    "spectral_loss": 0.0
}
                              
                              
----------------------------------------
Epoch 026 with LR 0.000100: Model Results
----------------------------------------
Train MSE Loss: 0.3141, Train CLS Loss: 0.0000, Train MCLS Loss: 0.0000
Protein Cluster Region Loss - Ortho Loss: 0.0000, Cluster Loss: 0.0000
                              
Validation Results: {
    "ci": 0.7596,
    "classification_loss": 0.0,
    "cluster_loss": 0.0,
    "mae": 0.6959,
    "mse": 0.909,
    "multiclassification_loss": 0.0,
    "ortho_loss": 0.0,
    "pearson": 0.7067,
    "regression_loss": 0.9278,
    "rm2": 0.4461,
    "rmse": 0.9534,
    "sd": 0.933,
    "spearman": 0.6994,
    "spectral_loss": 0.0
}
                              
Test Results: {
    "ci": 0.7477,
    "classification_loss": 0.0,
    "cluster_loss": 0.0,
    "mae": 0.7166,
    "mse": 0.956,
    "multiclassification_loss": 0.0,
    "ortho_loss": 0.0,
    "pearson": 0.6731,
    "regression_loss": 0.9562,
    "rm2": 0.4193,
    "rmse": 0.9778,
    "sd": 0.9581,
    "spearman": 0.6695,
    "spectral_loss": 0.0
}
                              
                              
----------------------------------------
Epoch 027 with LR 0.000100: Model Results
----------------------------------------
Train MSE Loss: 0.3070, Train CLS Loss: 0.0000, Train MCLS Loss: 0.0000
Protein Cluster Region Loss - Ortho Loss: 0.0000, Cluster Loss: 0.0000
                              
Validation Results: {
    "ci": 0.7582,
    "classification_loss": 0.0,
    "cluster_loss": 0.0,
    "mae": 0.6961,
    "mse": 0.9198,
    "multiclassification_loss": 0.0,
    "ortho_loss": 0.0,
    "pearson": 0.7021,
    "regression_loss": 0.938,
    "rm2": 0.4611,
    "rmse": 0.9591,
    "sd": 0.939,
    "spearman": 0.6957,
    "spectral_loss": 0.0
}
                              
Test Results: {
    "ci": 0.7477,
    "classification_loss": 0.0,
    "cluster_loss": 0.0,
    "mae": 0.7166,
    "mse": 0.956,
    "multiclassification_loss": 0.0,
    "ortho_loss": 0.0,
    "pearson": 0.6731,
    "regression_loss": 0.9562,
    "rm2": 0.4193,
    "rmse": 0.9778,
    "sd": 0.9581,
    "spearman": 0.6695,
    "spectral_loss": 0.0
}
                              
                              
----------------------------------------
Epoch 028 with LR 0.000100: Model Results
----------------------------------------
Train MSE Loss: 0.3013, Train CLS Loss: 0.0000, Train MCLS Loss: 0.0000
Protein Cluster Region Loss - Ortho Loss: 0.0000, Cluster Loss: 0.0000
                              
Validation Results: {
    "ci": 0.7593,
    "classification_loss": 0.0,
    "cluster_loss": 0.0,
    "mae": 0.7108,
    "mse": 0.9504,
    "multiclassification_loss": 0.0,
    "ortho_loss": 0.0,
    "pearson": 0.7052,
    "regression_loss": 0.969,
    "rm2": 0.4966,
    "rmse": 0.9749,
    "sd": 0.9349,
    "spearman": 0.6984,
    "spectral_loss": 0.0
}
                              
Test Results: {
    "ci": 0.7477,
    "classification_loss": 0.0,
    "cluster_loss": 0.0,
    "mae": 0.7166,
    "mse": 0.956,
    "multiclassification_loss": 0.0,
    "ortho_loss": 0.0,
    "pearson": 0.6731,
    "regression_loss": 0.9562,
    "rm2": 0.4193,
    "rmse": 0.9778,
    "sd": 0.9581,
    "spearman": 0.6695,
    "spectral_loss": 0.0
}
                              
                              
----------------------------------------
Epoch 029 with LR 0.000100: Model Results
----------------------------------------
Train MSE Loss: 0.2975, Train CLS Loss: 0.0000, Train MCLS Loss: 0.0000
Protein Cluster Region Loss - Ortho Loss: 0.0000, Cluster Loss: 0.0000
                              
Validation Results: {
    "ci": 0.7615,
    "classification_loss": 0.0,
    "cluster_loss": 0.0,
    "mae": 0.692,
    "mse": 0.8999,
    "multiclassification_loss": 0.0,
    "ortho_loss": 0.0,
    "pearson": 0.7126,
    "regression_loss": 0.9185,
    "rm2": 0.472,
    "rmse": 0.9486,
    "sd": 0.9251,
    "spearman": 0.7037,
    "spectral_loss": 0.0
}
                              
Test Results: {
    "ci": 0.7477,
    "classification_loss": 0.0,
    "cluster_loss": 0.0,
    "mae": 0.7166,
    "mse": 0.956,
    "multiclassification_loss": 0.0,
    "ortho_loss": 0.0,
    "pearson": 0.6731,
    "regression_loss": 0.9562,
    "rm2": 0.4193,
    "rmse": 0.9778,
    "sd": 0.9581,
    "spearman": 0.6695,
    "spectral_loss": 0.0
}
                              
                              
----------------------------------------
Epoch 030 with LR 0.000100: Model Results
----------------------------------------
Train MSE Loss: 0.2904, Train CLS Loss: 0.0000, Train MCLS Loss: 0.0000
Protein Cluster Region Loss - Ortho Loss: 0.0000, Cluster Loss: 0.0000
                              
Validation Results: {
    "ci": 0.7576,
    "classification_loss": 0.0,
    "cluster_loss": 0.0,
    "mae": 0.6967,
    "mse": 0.9106,
    "multiclassification_loss": 0.0,
    "ortho_loss": 0.0,
    "pearson": 0.7019,
    "regression_loss": 0.928,
    "rm2": 0.4368,
    "rmse": 0.9543,
    "sd": 0.9393,
    "spearman": 0.6947,
    "spectral_loss": 0.0
}
                              
Test Results: {
    "ci": 0.7477,
    "classification_loss": 0.0,
    "cluster_loss": 0.0,
    "mae": 0.7166,
    "mse": 0.956,
    "multiclassification_loss": 0.0,
    "ortho_loss": 0.0,
    "pearson": 0.6731,
    "regression_loss": 0.9562,
    "rm2": 0.4193,
    "rmse": 0.9778,
    "sd": 0.9581,
    "spearman": 0.6695,
    "spectral_loss": 0.0
}
                              
                              
----------------------------------------
Epoch 031 with LR 0.000100: Model Results
----------------------------------------
Train MSE Loss: 0.2823, Train CLS Loss: 0.0000, Train MCLS Loss: 0.0000
Protein Cluster Region Loss - Ortho Loss: 0.0000, Cluster Loss: 0.0000
                              
Validation Results: {
    "ci": 0.7597,
    "classification_loss": 0.0,
    "cluster_loss": 0.0,
    "mae": 0.6899,
    "mse": 0.903,
    "multiclassification_loss": 0.0,
    "ortho_loss": 0.0,
    "pearson": 0.7061,
    "regression_loss": 0.9172,
    "rm2": 0.4585,
    "rmse": 0.9503,
    "sd": 0.9337,
    "spearman": 0.699,
    "spectral_loss": 0.0
}
                              
Test Results: {
    "ci": 0.7477,
    "classification_loss": 0.0,
    "cluster_loss": 0.0,
    "mae": 0.7166,
    "mse": 0.956,
    "multiclassification_loss": 0.0,
    "ortho_loss": 0.0,
    "pearson": 0.6731,
    "regression_loss": 0.9562,
    "rm2": 0.4193,
    "rmse": 0.9778,
    "sd": 0.9581,
    "spearman": 0.6695,
    "spectral_loss": 0.0
}

Early stopping at epoch 31 (no improvement for 10 epochs)
[best epoch] epoch=21, best_rmse=0.9445, lr_at_best=1.000e-04
                              
                              
----------------------------------------
Epoch 031 with LR 0.000100: Model Results
----------------------------------------
Train MSE Loss: 0.2823, Train CLS Loss: 0.0000, Train MCLS Loss: 0.0000
Protein Cluster Region Loss - Ortho Loss: 0.0000, Cluster Loss: 0.0000
                              
Validation Results: {
    "ci": 0.7597,
    "classification_loss": 0.0,
    "cluster_loss": 0.0,
    "mae": 0.6899,
    "mse": 0.903,
    "multiclassification_loss": 0.0,
    "ortho_loss": 0.0,
    "pearson": 0.7061,
    "regression_loss": 0.9172,
    "rm2": 0.4585,
    "rmse": 0.9503,
    "sd": 0.9337,
    "spearman": 0.699,
    "spectral_loss": 0.0
}
                              
Test Results: {
    "ci": 0.7477,
    "classification_loss": 0.0,
    "cluster_loss": 0.0,
    "mae": 0.7166,
    "mse": 0.956,
    "multiclassification_loss": 0.0,
    "ortho_loss": 0.0,
    "pearson": 0.6731,
    "regression_loss": 0.9562,
    "rm2": 0.4193,
    "rmse": 0.9778,
    "sd": 0.9581,
    "spearman": 0.6695,
    "spectral_loss": 0.0
}
Final test metrics: rmse=0.9778, pearson=0.6731, r2_proxy(mse)=0.9560
Done. Predictions: /sc/arion/projects/DiseaseGeneCell/Huang_lab_project/wangcDrugRepoProject/TRACE_Kin_Results_v4_mapgnn/EITLEM_dataset/EITLEM_km_MUTAPLM_embedding_cold_protein/test_prediction_seed2.csv; checkpoint: /sc/arion/projects/DiseaseGeneCell/Huang_lab_project/wangcDrugRepoProject/TRACE_Kin_Results_v4_mapgnn/EITLEM_dataset/EITLEM_km_MUTAPLM_embedding_cold_protein/save_model_seed2/model.pt

==========================================
Array task 7/10: OK (EITLEM_km_MUTAPLM_embedding_cold_protein)
==========================================


PS:

Read file <242906675.7.stderr> for stderr output of this job.

