Sender: LSF System <lsfadmin@lg03e03>
Subject: Job 242906673[3]: <trace_kin_v4_perfolder_s1[1-10]> in cluster <chimera> Done

Job <trace_kin_v4_perfolder_s1[1-10]> was submitted from host <li04e01> by user <wangc40> in cluster <chimera> at Mon May 11 00:07:32 2026
Job was executed on host(s) <16*lg03e03>, in queue <gpu>, as user <wangc40> in cluster <chimera> at Mon May 11 00:18:54 2026
</hpc/users/wangc40> was used as the home directory.
</sc/arion/projects/DiseaseGeneCell/Huang_lab_project/wangcDrugRepoProject/TRACE-Kin> was used as the working directory.
Started at Mon May 11 00:18:54 2026
Terminated at Mon May 11 01:17:34 2026
Results reported at Mon May 11 01:17:34 2026

Your job looked like:

------------------------------------------------------------
# LSBATCH: User input
#!/bin/bash
#BSUB -J trace_kin_v4_perfolder_s1[1-10]
#BSUB -P acc_DiseaseGeneCell
#BSUB -q gpu
#BSUB -R h100nvl
#BSUB -gpu num=1
#BSUB -n 16
#BSUB -R "rusage[mem=15000]"
#BSUB -R "span[hosts=1]"
#BSUB -W 48:00
#BSUB -o %J.%I.stdout
#BSUB -eo %J.%I.stderr
#BSUB -L /bin/bash

# =============================================================================
# TRACE-Kin v4 (MAP-GNN) PER-FOLDER + MutaPLM — top-10 RF-gap cells
# =============================================================================
# Submit with:
#     bsub < training/run_v4_perfolder_s1.lsf
#
# v4 = MAP-GNN: v1 GNN backbone + per-residue novelty score + pocket
# attention pool + MoLFormer-XL molecular context residual (preserved
# from v3). Unlike earlier versions, every cell uses MutaPLM as the
# protein embedding (the entire mutation-aware story rests on
# MutaPLM's residue-level mutation sensitivity), instead of the
# per-cell best-RF-baseline embedding.
#
# Per-residue novelty:
#   novelty[r] = ||MutaPLM[r] - aa_typical_mean[aa[r]]|| / aa_typical_std[aa[r]]
# where aa_typical statistics are precomputed once over the training
# corpus and cached at <datafolder>/aa_typical.pt. Mutations stand
# out because their MutaPLM vector deviates from the typical
# embedding for the residue's amino acid type — no explicit (WT,
# mutant) labels needed.
#
# Pocket attention:
#   pocket_logit[r] = MLP([MutaPLM[r], novelty[r], degree(r)])
#   pocket_weight[r] = softmax(pocket_logit) over r in same protein
#   prot_pool = sum_r (pocket_weight[r] * residue_h[r])
#
# Cells: same 10 as v3 (largest historical PSICHIC-vs-RF gap).
# Embedding source forced to MUTAPLM regardless of the per-cell
# best-RF choice in the historical benchmark.
#
# Outputs land under TRACE_Kin_Results_v4_mapgnn/<dataset>/<task_name>/
# so they don't collide with prior v3 trees.
# =============================================================================

# --- Environment -------------------------------------------------------------
ml purge

(... more ...)
------------------------------------------------------------

Successfully completed.

Resource usage summary:

    CPU time :                                   4090.00 sec.
    Max Memory :                                 29356 MB
    Average Memory :                             27583.71 MB
    Total Requested Memory :                     240000.00 MB
    Delta Memory :                               210644.00 MB
    Max Swap :                                   -
    Max Processes :                              4
    Max Threads :                                25
    Run time :                                   3520 sec.
    Turnaround time :                            4202 sec.

The output (if any) follows:

==========================================
TRACE-Kin v4 (MAP-GNN) PER-FOLDER task 3/10
==========================================
Date:        Mon May 11 00:18:57 EDT 2026
Dataset:     /sc/arion/projects/DiseaseGeneCell/Huang_lab_project/drug_discovery/output/data/enzyme_embeddings_dataset/inhouse_dataset/inhouse_Kd_MUTAPLM_embedding_random
Result:      /sc/arion/projects/DiseaseGeneCell/Huang_lab_project/wangcDrugRepoProject/TRACE_Kin_Results_v4_mapgnn/inhouse_dataset/inhouse_Kd_MUTAPLM_embedding_random
Config:      training/config_v4.json
MoLFormer:   /sc/arion/projects/DiseaseGeneCell/Huang_lab_project/wangcDrugRepoProject/transformersmodels/ibm/MoLFormer-XL-both-10pct
Pool CSVs:   (none — per-folder)
Model:       v4 MAP-GNN (per-folder, no pool, MUTAPLM + novelty + pocket attn + MoLFormer ctx)
Epochs:      50, batch=16, seed=1, lr=1e-4
==========================================
Python 3.12.2
Python: /sc/arion/work/wangc40/test-env/envs/test/bin/python
CUDA device: NVIDIA H100 80GB HBM3, sm_90
============================================================
TRACE-Kin training
============================================================
Datafolder:        /sc/arion/projects/DiseaseGeneCell/Huang_lab_project/drug_discovery/output/data/enzyme_embeddings_dataset/inhouse_dataset/inhouse_Kd_MUTAPLM_embedding_random
Result path:       /sc/arion/projects/DiseaseGeneCell/Huang_lab_project/wangcDrugRepoProject/TRACE_Kin_Results_v4_mapgnn/inhouse_dataset/inhouse_Kd_MUTAPLM_embedding_random
Config:            training/config_v4.json
Pool train CSVs:   (none)
============================================================
[mem] before load_split_dataframes             max RSS = 0.59 GB
Loading primary train: /sc/arion/projects/DiseaseGeneCell/Huang_lab_project/drug_discovery/output/data/enzyme_embeddings_dataset/inhouse_dataset/inhouse_Kd_MUTAPLM_embedding_random/train.parquet
Loading primary test: /sc/arion/projects/DiseaseGeneCell/Huang_lab_project/drug_discovery/output/data/enzyme_embeddings_dataset/inhouse_dataset/inhouse_Kd_MUTAPLM_embedding_random/test.parquet
Loading primary val: /sc/arion/projects/DiseaseGeneCell/Huang_lab_project/drug_discovery/output/data/enzyme_embeddings_dataset/inhouse_dataset/inhouse_Kd_MUTAPLM_embedding_random/val.parquet
Detected prot_evo_channels = 4096
seq2feat: 7857 unique sequences.
Loading MoLFormer-XL from /sc/arion/projects/DiseaseGeneCell/Huang_lab_project/wangcDrugRepoProject/transformersmodels/ibm/MoLFormer-XL-both-10pct
Computing MoLFormer embeddings for 2706 unique SMILES (batch_size=64)
  embedded 64/2706
  embedded 1344/2706
  embedded 2624/2706
Saved MoLFormer cache: /sc/arion/projects/DiseaseGeneCell/Huang_lab_project/drug_discovery/output/data/enzyme_embeddings_dataset/inhouse_dataset/inhouse_Kd_MUTAPLM_embedding_random/molformer_emb.pt (2706 SMILES)
MoLFormer embeddings: 2706 unique SMILES, dim=768
[mem] after load_split_dataframes              max RSS = 2.34 GB
model_version: v4, use_swa: False
Building protein graphs from scratch (this can be slow)...
U, B, O, or 0 in Sequence
U, B, O, or 0 in Sequence
U, B, O, or 0 in Sequence
U, B, O, or 0 in Sequence
U, B, O, or 0 in Sequence
Computing aa_typical from 7857 proteins...
  23 amino acid types observed; saving cache to /sc/arion/projects/DiseaseGeneCell/Huang_lab_project/drug_discovery/output/data/enzyme_embeddings_dataset/inhouse_dataset/inhouse_Kd_MUTAPLM_embedding_random/aa_typical.pt
  aa_typical buffers: means/stds shape (24, 4096), 23 known + 1 unknown AA slot
Building ligand graphs from scratch...
[mem] after preprocess                         max RSS = 28.45 GB
[mem] after free seq2feat/smi2chembert         max RSS = 28.45 GB
loaders ready: train=851 test=107 val=107
[mem] after make_loaders                       max RSS = 28.45 GB
Computing PNA degrees from training data...
Built TraceKinV4 with 7,494,323 parameters
[LR schedule] schedule_lr=False, lrate=0.0001, min_lrate=0, warmup_iters=0, lr_decay_iters=42550, total_iters=42550
Not in terminal, reprint now using normal build-in print function.
                              
                              
----------------------------------------
Epoch 001 with LR 0.000100: Model Results
----------------------------------------
Train MSE Loss: 1.9515, Train CLS Loss: 0.0000, Train MCLS Loss: 0.0000
Protein Cluster Region Loss - Ortho Loss: 0.0000, Cluster Loss: 0.0000
                              
Validation Results: {
    "ci": 0.6711,
    "classification_loss": 0.0,
    "cluster_loss": 0.0,
    "mae": 1.052,
    "mse": 1.9486,
    "multiclassification_loss": 0.0,
    "ortho_loss": 0.0,
    "pearson": 0.4945,
    "regression_loss": 1.9759,
    "rm2": 0.2081,
    "rmse": 1.3959,
    "sd": 1.3342,
    "spearman": 0.4898,
    "spectral_loss": 0.0
}
                              
Test Results: {
    "ci": 0.6797,
    "classification_loss": 0.0,
    "cluster_loss": 0.0,
    "mae": 1.0227,
    "mse": 1.7698,
    "multiclassification_loss": 0.0,
    "ortho_loss": 0.0,
    "pearson": 0.5253,
    "regression_loss": 1.762,
    "rm2": 0.2287,
    "rmse": 1.3303,
    "sd": 1.2631,
    "spearman": 0.5136,
    "spectral_loss": 0.0
}
                              
                              
----------------------------------------
Epoch 002 with LR 0.000100: Model Results
----------------------------------------
Train MSE Loss: 1.5379, Train CLS Loss: 0.0000, Train MCLS Loss: 0.0000
Protein Cluster Region Loss - Ortho Loss: 0.0000, Cluster Loss: 0.0000
                              
Validation Results: {
    "ci": 0.7144,
    "classification_loss": 0.0,
    "cluster_loss": 0.0,
    "mae": 0.9398,
    "mse": 1.5641,
    "multiclassification_loss": 0.0,
    "ortho_loss": 0.0,
    "pearson": 0.593,
    "regression_loss": 1.5691,
    "rm2": 0.3288,
    "rmse": 1.2506,
    "sd": 1.2359,
    "spearman": 0.5993,
    "spectral_loss": 0.0
}
                              
Test Results: {
    "ci": 0.7193,
    "classification_loss": 0.0,
    "cluster_loss": 0.0,
    "mae": 0.9184,
    "mse": 1.4116,
    "multiclassification_loss": 0.0,
    "ortho_loss": 0.0,
    "pearson": 0.6152,
    "regression_loss": 1.4035,
    "rm2": 0.3535,
    "rmse": 1.1881,
    "sd": 1.1702,
    "spearman": 0.6129,
    "spectral_loss": 0.0
}
                              
                              
----------------------------------------
Epoch 003 with LR 0.000100: Model Results
----------------------------------------
Train MSE Loss: 1.3158, Train CLS Loss: 0.0000, Train MCLS Loss: 0.0000
Protein Cluster Region Loss - Ortho Loss: 0.0000, Cluster Loss: 0.0000
                              
Validation Results: {
    "ci": 0.7297,
    "classification_loss": 0.0,
    "cluster_loss": 0.0,
    "mae": 0.8818,
    "mse": 1.4404,
    "multiclassification_loss": 0.0,
    "ortho_loss": 0.0,
    "pearson": 0.627,
    "regression_loss": 1.4459,
    "rm2": 0.37,
    "rmse": 1.2002,
    "sd": 1.1958,
    "spearman": 0.6355,
    "spectral_loss": 0.0
}
                              
Test Results: {
    "ci": 0.7341,
    "classification_loss": 0.0,
    "cluster_loss": 0.0,
    "mae": 0.8569,
    "mse": 1.2687,
    "multiclassification_loss": 0.0,
    "ortho_loss": 0.0,
    "pearson": 0.6557,
    "regression_loss": 1.2616,
    "rm2": 0.4027,
    "rmse": 1.1263,
    "sd": 1.1207,
    "spearman": 0.6462,
    "spectral_loss": 0.0
}
                              
                              
----------------------------------------
Epoch 004 with LR 0.000100: Model Results
----------------------------------------
Train MSE Loss: 1.1710, Train CLS Loss: 0.0000, Train MCLS Loss: 0.0000
Protein Cluster Region Loss - Ortho Loss: 0.0000, Cluster Loss: 0.0000
                              
Validation Results: {
    "ci": 0.7403,
    "classification_loss": 0.0,
    "cluster_loss": 0.0,
    "mae": 0.8797,
    "mse": 1.4607,
    "multiclassification_loss": 0.0,
    "ortho_loss": 0.0,
    "pearson": 0.6492,
    "regression_loss": 1.4648,
    "rm2": 0.414,
    "rmse": 1.2086,
    "sd": 1.1676,
    "spearman": 0.6568,
    "spectral_loss": 0.0
}
                              
Test Results: {
    "ci": 0.7341,
    "classification_loss": 0.0,
    "cluster_loss": 0.0,
    "mae": 0.8569,
    "mse": 1.2687,
    "multiclassification_loss": 0.0,
    "ortho_loss": 0.0,
    "pearson": 0.6557,
    "regression_loss": 1.2616,
    "rm2": 0.4027,
    "rmse": 1.1263,
    "sd": 1.1207,
    "spearman": 0.6462,
    "spectral_loss": 0.0
}
                              
                              
----------------------------------------
Epoch 005 with LR 0.000100: Model Results
----------------------------------------
Train MSE Loss: 1.0734, Train CLS Loss: 0.0000, Train MCLS Loss: 0.0000
Protein Cluster Region Loss - Ortho Loss: 0.0000, Cluster Loss: 0.0000
                              
Validation Results: {
    "ci": 0.7463,
    "classification_loss": 0.0,
    "cluster_loss": 0.0,
    "mae": 0.8881,
    "mse": 1.4021,
    "multiclassification_loss": 0.0,
    "ortho_loss": 0.0,
    "pearson": 0.6679,
    "regression_loss": 1.4047,
    "rm2": 0.3636,
    "rmse": 1.1841,
    "sd": 1.1424,
    "spearman": 0.6704,
    "spectral_loss": 0.0
}
                              
Test Results: {
    "ci": 0.7523,
    "classification_loss": 0.0,
    "cluster_loss": 0.0,
    "mae": 0.8676,
    "mse": 1.2762,
    "multiclassification_loss": 0.0,
    "ortho_loss": 0.0,
    "pearson": 0.6871,
    "regression_loss": 1.2713,
    "rm2": 0.3719,
    "rmse": 1.1297,
    "sd": 1.0785,
    "spearman": 0.684,
    "spectral_loss": 0.0
}
                              
                              
----------------------------------------
Epoch 006 with LR 0.000100: Model Results
----------------------------------------
Train MSE Loss: 1.0160, Train CLS Loss: 0.0000, Train MCLS Loss: 0.0000
Protein Cluster Region Loss - Ortho Loss: 0.0000, Cluster Loss: 0.0000
                              
Validation Results: {
    "ci": 0.7515,
    "classification_loss": 0.0,
    "cluster_loss": 0.0,
    "mae": 0.8136,
    "mse": 1.2615,
    "multiclassification_loss": 0.0,
    "ortho_loss": 0.0,
    "pearson": 0.682,
    "regression_loss": 1.2671,
    "rm2": 0.4549,
    "rmse": 1.1232,
    "sd": 1.1226,
    "spearman": 0.6795,
    "spectral_loss": 0.0
}
                              
Test Results: {
    "ci": 0.7581,
    "classification_loss": 0.0,
    "cluster_loss": 0.0,
    "mae": 0.791,
    "mse": 1.1361,
    "multiclassification_loss": 0.0,
    "ortho_loss": 0.0,
    "pearson": 0.6962,
    "regression_loss": 1.1303,
    "rm2": 0.4808,
    "rmse": 1.0659,
    "sd": 1.0656,
    "spearman": 0.6971,
    "spectral_loss": 0.0
}
                              
                              
----------------------------------------
Epoch 007 with LR 0.000100: Model Results
----------------------------------------
Train MSE Loss: 0.9623, Train CLS Loss: 0.0000, Train MCLS Loss: 0.0000
Protein Cluster Region Loss - Ortho Loss: 0.0000, Cluster Loss: 0.0000
                              
Validation Results: {
    "ci": 0.7541,
    "classification_loss": 0.0,
    "cluster_loss": 0.0,
    "mae": 0.8164,
    "mse": 1.2735,
    "multiclassification_loss": 0.0,
    "ortho_loss": 0.0,
    "pearson": 0.6858,
    "regression_loss": 1.2841,
    "rm2": 0.4232,
    "rmse": 1.1285,
    "sd": 1.1171,
    "spearman": 0.6853,
    "spectral_loss": 0.0
}
                              
Test Results: {
    "ci": 0.7581,
    "classification_loss": 0.0,
    "cluster_loss": 0.0,
    "mae": 0.791,
    "mse": 1.1361,
    "multiclassification_loss": 0.0,
    "ortho_loss": 0.0,
    "pearson": 0.6962,
    "regression_loss": 1.1303,
    "rm2": 0.4808,
    "rmse": 1.0659,
    "sd": 1.0656,
    "spearman": 0.6971,
    "spectral_loss": 0.0
}
                              
                              
----------------------------------------
Epoch 008 with LR 0.000100: Model Results
----------------------------------------
Train MSE Loss: 0.9301, Train CLS Loss: 0.0000, Train MCLS Loss: 0.0000
Protein Cluster Region Loss - Ortho Loss: 0.0000, Cluster Loss: 0.0000
                              
Validation Results: {
    "ci": 0.7572,
    "classification_loss": 0.0,
    "cluster_loss": 0.0,
    "mae": 0.8062,
    "mse": 1.2594,
    "multiclassification_loss": 0.0,
    "ortho_loss": 0.0,
    "pearson": 0.6863,
    "regression_loss": 1.2647,
    "rm2": 0.4371,
    "rmse": 1.1222,
    "sd": 1.1164,
    "spearman": 0.69,
    "spectral_loss": 0.0
}
                              
Test Results: {
    "ci": 0.7641,
    "classification_loss": 0.0,
    "cluster_loss": 0.0,
    "mae": 0.7791,
    "mse": 1.11,
    "multiclassification_loss": 0.0,
    "ortho_loss": 0.0,
    "pearson": 0.7093,
    "regression_loss": 1.1042,
    "rm2": 0.4612,
    "rmse": 1.0536,
    "sd": 1.0464,
    "spearman": 0.7104,
    "spectral_loss": 0.0
}
                              
                              
----------------------------------------
Epoch 009 with LR 0.000100: Model Results
----------------------------------------
Train MSE Loss: 0.9044, Train CLS Loss: 0.0000, Train MCLS Loss: 0.0000
Protein Cluster Region Loss - Ortho Loss: 0.0000, Cluster Loss: 0.0000
                              
Validation Results: {
    "ci": 0.7591,
    "classification_loss": 0.0,
    "cluster_loss": 0.0,
    "mae": 0.8091,
    "mse": 1.258,
    "multiclassification_loss": 0.0,
    "ortho_loss": 0.0,
    "pearson": 0.6859,
    "regression_loss": 1.2651,
    "rm2": 0.4528,
    "rmse": 1.1216,
    "sd": 1.117,
    "spearman": 0.6943,
    "spectral_loss": 0.0
}
                              
Test Results: {
    "ci": 0.7663,
    "classification_loss": 0.0,
    "cluster_loss": 0.0,
    "mae": 0.7922,
    "mse": 1.1141,
    "multiclassification_loss": 0.0,
    "ortho_loss": 0.0,
    "pearson": 0.7069,
    "regression_loss": 1.1096,
    "rm2": 0.4748,
    "rmse": 1.0555,
    "sd": 1.05,
    "spearman": 0.7136,
    "spectral_loss": 0.0
}
                              
                              
----------------------------------------
Epoch 010 with LR 0.000100: Model Results
----------------------------------------
Train MSE Loss: 0.8787, Train CLS Loss: 0.0000, Train MCLS Loss: 0.0000
Protein Cluster Region Loss - Ortho Loss: 0.0000, Cluster Loss: 0.0000
                              
Validation Results: {
    "ci": 0.7614,
    "classification_loss": 0.0,
    "cluster_loss": 0.0,
    "mae": 0.7852,
    "mse": 1.218,
    "multiclassification_loss": 0.0,
    "ortho_loss": 0.0,
    "pearson": 0.6974,
    "regression_loss": 1.2226,
    "rm2": 0.4605,
    "rmse": 1.1036,
    "sd": 1.1001,
    "spearman": 0.7008,
    "spectral_loss": 0.0
}
                              
Test Results: {
    "ci": 0.7635,
    "classification_loss": 0.0,
    "cluster_loss": 0.0,
    "mae": 0.7693,
    "mse": 1.1222,
    "multiclassification_loss": 0.0,
    "ortho_loss": 0.0,
    "pearson": 0.7034,
    "regression_loss": 1.1171,
    "rm2": 0.4765,
    "rmse": 1.0593,
    "sd": 1.0552,
    "spearman": 0.7081,
    "spectral_loss": 0.0
}
                              
                              
----------------------------------------
Epoch 011 with LR 0.000100: Model Results
----------------------------------------
Train MSE Loss: 0.8622, Train CLS Loss: 0.0000, Train MCLS Loss: 0.0000
Protein Cluster Region Loss - Ortho Loss: 0.0000, Cluster Loss: 0.0000
                              
Validation Results: {
    "ci": 0.76,
    "classification_loss": 0.0,
    "cluster_loss": 0.0,
    "mae": 0.7873,
    "mse": 1.2242,
    "multiclassification_loss": 0.0,
    "ortho_loss": 0.0,
    "pearson": 0.6945,
    "regression_loss": 1.232,
    "rm2": 0.4657,
    "rmse": 1.1064,
    "sd": 1.1044,
    "spearman": 0.6954,
    "spectral_loss": 0.0
}
                              
Test Results: {
    "ci": 0.7635,
    "classification_loss": 0.0,
    "cluster_loss": 0.0,
    "mae": 0.7693,
    "mse": 1.1222,
    "multiclassification_loss": 0.0,
    "ortho_loss": 0.0,
    "pearson": 0.7034,
    "regression_loss": 1.1171,
    "rm2": 0.4765,
    "rmse": 1.0593,
    "sd": 1.0552,
    "spearman": 0.7081,
    "spectral_loss": 0.0
}
                              
                              
----------------------------------------
Epoch 012 with LR 0.000100: Model Results
----------------------------------------
Train MSE Loss: 0.8431, Train CLS Loss: 0.0000, Train MCLS Loss: 0.0000
Protein Cluster Region Loss - Ortho Loss: 0.0000, Cluster Loss: 0.0000
                              
Validation Results: {
    "ci": 0.7614,
    "classification_loss": 0.0,
    "cluster_loss": 0.0,
    "mae": 0.7747,
    "mse": 1.232,
    "multiclassification_loss": 0.0,
    "ortho_loss": 0.0,
    "pearson": 0.6941,
    "regression_loss": 1.2336,
    "rm2": 0.4732,
    "rmse": 1.11,
    "sd": 1.105,
    "spearman": 0.6977,
    "spectral_loss": 0.0
}
                              
Test Results: {
    "ci": 0.7635,
    "classification_loss": 0.0,
    "cluster_loss": 0.0,
    "mae": 0.7693,
    "mse": 1.1222,
    "multiclassification_loss": 0.0,
    "ortho_loss": 0.0,
    "pearson": 0.7034,
    "regression_loss": 1.1171,
    "rm2": 0.4765,
    "rmse": 1.0593,
    "sd": 1.0552,
    "spearman": 0.7081,
    "spectral_loss": 0.0
}
                              
                              
----------------------------------------
Epoch 013 with LR 0.000100: Model Results
----------------------------------------
Train MSE Loss: 0.8314, Train CLS Loss: 0.0000, Train MCLS Loss: 0.0000
Protein Cluster Region Loss - Ortho Loss: 0.0000, Cluster Loss: 0.0000
                              
Validation Results: {
    "ci": 0.7612,
    "classification_loss": 0.0,
    "cluster_loss": 0.0,
    "mae": 0.7988,
    "mse": 1.2539,
    "multiclassification_loss": 0.0,
    "ortho_loss": 0.0,
    "pearson": 0.691,
    "regression_loss": 1.255,
    "rm2": 0.4346,
    "rmse": 1.1198,
    "sd": 1.1095,
    "spearman": 0.6986,
    "spectral_loss": 0.0
}
                              
Test Results: {
    "ci": 0.7635,
    "classification_loss": 0.0,
    "cluster_loss": 0.0,
    "mae": 0.7693,
    "mse": 1.1222,
    "multiclassification_loss": 0.0,
    "ortho_loss": 0.0,
    "pearson": 0.7034,
    "regression_loss": 1.1171,
    "rm2": 0.4765,
    "rmse": 1.0593,
    "sd": 1.0552,
    "spearman": 0.7081,
    "spectral_loss": 0.0
}
                              
                              
----------------------------------------
Epoch 014 with LR 0.000100: Model Results
----------------------------------------
Train MSE Loss: 0.8137, Train CLS Loss: 0.0000, Train MCLS Loss: 0.0000
Protein Cluster Region Loss - Ortho Loss: 0.0000, Cluster Loss: 0.0000
                              
Validation Results: {
    "ci": 0.7616,
    "classification_loss": 0.0,
    "cluster_loss": 0.0,
    "mae": 0.7864,
    "mse": 1.2758,
    "multiclassification_loss": 0.0,
    "ortho_loss": 0.0,
    "pearson": 0.6913,
    "regression_loss": 1.2771,
    "rm2": 0.4727,
    "rmse": 1.1295,
    "sd": 1.1091,
    "spearman": 0.6979,
    "spectral_loss": 0.0
}
                              
Test Results: {
    "ci": 0.7635,
    "classification_loss": 0.0,
    "cluster_loss": 0.0,
    "mae": 0.7693,
    "mse": 1.1222,
    "multiclassification_loss": 0.0,
    "ortho_loss": 0.0,
    "pearson": 0.7034,
    "regression_loss": 1.1171,
    "rm2": 0.4765,
    "rmse": 1.0593,
    "sd": 1.0552,
    "spearman": 0.7081,
    "spectral_loss": 0.0
}
                              
                              
----------------------------------------
Epoch 015 with LR 0.000100: Model Results
----------------------------------------
Train MSE Loss: 0.8017, Train CLS Loss: 0.0000, Train MCLS Loss: 0.0000
Protein Cluster Region Loss - Ortho Loss: 0.0000, Cluster Loss: 0.0000
                              
Validation Results: {
    "ci": 0.7633,
    "classification_loss": 0.0,
    "cluster_loss": 0.0,
    "mae": 0.7907,
    "mse": 1.2228,
    "multiclassification_loss": 0.0,
    "ortho_loss": 0.0,
    "pearson": 0.6954,
    "regression_loss": 1.224,
    "rm2": 0.471,
    "rmse": 1.1058,
    "sd": 1.1031,
    "spearman": 0.7031,
    "spectral_loss": 0.0
}
                              
Test Results: {
    "ci": 0.7635,
    "classification_loss": 0.0,
    "cluster_loss": 0.0,
    "mae": 0.7693,
    "mse": 1.1222,
    "multiclassification_loss": 0.0,
    "ortho_loss": 0.0,
    "pearson": 0.7034,
    "regression_loss": 1.1171,
    "rm2": 0.4765,
    "rmse": 1.0593,
    "sd": 1.0552,
    "spearman": 0.7081,
    "spectral_loss": 0.0
}
                              
                              
----------------------------------------
Epoch 016 with LR 0.000100: Model Results
----------------------------------------
Train MSE Loss: 0.7986, Train CLS Loss: 0.0000, Train MCLS Loss: 0.0000
Protein Cluster Region Loss - Ortho Loss: 0.0000, Cluster Loss: 0.0000
                              
Validation Results: {
    "ci": 0.7626,
    "classification_loss": 0.0,
    "cluster_loss": 0.0,
    "mae": 0.7967,
    "mse": 1.2916,
    "multiclassification_loss": 0.0,
    "ortho_loss": 0.0,
    "pearson": 0.6819,
    "regression_loss": 1.2925,
    "rm2": 0.4426,
    "rmse": 1.1365,
    "sd": 1.1227,
    "spearman": 0.6987,
    "spectral_loss": 0.0
}
                              
Test Results: {
    "ci": 0.7635,
    "classification_loss": 0.0,
    "cluster_loss": 0.0,
    "mae": 0.7693,
    "mse": 1.1222,
    "multiclassification_loss": 0.0,
    "ortho_loss": 0.0,
    "pearson": 0.7034,
    "regression_loss": 1.1171,
    "rm2": 0.4765,
    "rmse": 1.0593,
    "sd": 1.0552,
    "spearman": 0.7081,
    "spectral_loss": 0.0
}
                              
                              
----------------------------------------
Epoch 017 with LR 0.000100: Model Results
----------------------------------------
Train MSE Loss: 0.7820, Train CLS Loss: 0.0000, Train MCLS Loss: 0.0000
Protein Cluster Region Loss - Ortho Loss: 0.0000, Cluster Loss: 0.0000
                              
Validation Results: {
    "ci": 0.7602,
    "classification_loss": 0.0,
    "cluster_loss": 0.0,
    "mae": 0.8008,
    "mse": 1.3005,
    "multiclassification_loss": 0.0,
    "ortho_loss": 0.0,
    "pearson": 0.6908,
    "regression_loss": 1.2997,
    "rm2": 0.4293,
    "rmse": 1.1404,
    "sd": 1.1098,
    "spearman": 0.6947,
    "spectral_loss": 0.0
}
                              
Test Results: {
    "ci": 0.7635,
    "classification_loss": 0.0,
    "cluster_loss": 0.0,
    "mae": 0.7693,
    "mse": 1.1222,
    "multiclassification_loss": 0.0,
    "ortho_loss": 0.0,
    "pearson": 0.7034,
    "regression_loss": 1.1171,
    "rm2": 0.4765,
    "rmse": 1.0593,
    "sd": 1.0552,
    "spearman": 0.7081,
    "spectral_loss": 0.0
}
                              
                              
----------------------------------------
Epoch 018 with LR 0.000100: Model Results
----------------------------------------
Train MSE Loss: 0.7787, Train CLS Loss: 0.0000, Train MCLS Loss: 0.0000
Protein Cluster Region Loss - Ortho Loss: 0.0000, Cluster Loss: 0.0000
                              
Validation Results: {
    "ci": 0.7645,
    "classification_loss": 0.0,
    "cluster_loss": 0.0,
    "mae": 0.7797,
    "mse": 1.2586,
    "multiclassification_loss": 0.0,
    "ortho_loss": 0.0,
    "pearson": 0.6903,
    "regression_loss": 1.2568,
    "rm2": 0.4638,
    "rmse": 1.1219,
    "sd": 1.1106,
    "spearman": 0.7021,
    "spectral_loss": 0.0
}
                              
Test Results: {
    "ci": 0.7635,
    "classification_loss": 0.0,
    "cluster_loss": 0.0,
    "mae": 0.7693,
    "mse": 1.1222,
    "multiclassification_loss": 0.0,
    "ortho_loss": 0.0,
    "pearson": 0.7034,
    "regression_loss": 1.1171,
    "rm2": 0.4765,
    "rmse": 1.0593,
    "sd": 1.0552,
    "spearman": 0.7081,
    "spectral_loss": 0.0
}
                              
                              
----------------------------------------
Epoch 019 with LR 0.000100: Model Results
----------------------------------------
Train MSE Loss: 0.7685, Train CLS Loss: 0.0000, Train MCLS Loss: 0.0000
Protein Cluster Region Loss - Ortho Loss: 0.0000, Cluster Loss: 0.0000
                              
Validation Results: {
    "ci": 0.7626,
    "classification_loss": 0.0,
    "cluster_loss": 0.0,
    "mae": 0.7871,
    "mse": 1.2332,
    "multiclassification_loss": 0.0,
    "ortho_loss": 0.0,
    "pearson": 0.6909,
    "regression_loss": 1.2347,
    "rm2": 0.4646,
    "rmse": 1.1105,
    "sd": 1.1096,
    "spearman": 0.6996,
    "spectral_loss": 0.0
}
                              
Test Results: {
    "ci": 0.7635,
    "classification_loss": 0.0,
    "cluster_loss": 0.0,
    "mae": 0.7693,
    "mse": 1.1222,
    "multiclassification_loss": 0.0,
    "ortho_loss": 0.0,
    "pearson": 0.7034,
    "regression_loss": 1.1171,
    "rm2": 0.4765,
    "rmse": 1.0593,
    "sd": 1.0552,
    "spearman": 0.7081,
    "spectral_loss": 0.0
}
                              
                              
----------------------------------------
Epoch 020 with LR 0.000100: Model Results
----------------------------------------
Train MSE Loss: 0.7541, Train CLS Loss: 0.0000, Train MCLS Loss: 0.0000
Protein Cluster Region Loss - Ortho Loss: 0.0000, Cluster Loss: 0.0000
                              
Validation Results: {
    "ci": 0.7635,
    "classification_loss": 0.0,
    "cluster_loss": 0.0,
    "mae": 0.7742,
    "mse": 1.2384,
    "multiclassification_loss": 0.0,
    "ortho_loss": 0.0,
    "pearson": 0.6955,
    "regression_loss": 1.2378,
    "rm2": 0.4753,
    "rmse": 1.1128,
    "sd": 1.1029,
    "spearman": 0.7006,
    "spectral_loss": 0.0
}
                              
Test Results: {
    "ci": 0.7635,
    "classification_loss": 0.0,
    "cluster_loss": 0.0,
    "mae": 0.7693,
    "mse": 1.1222,
    "multiclassification_loss": 0.0,
    "ortho_loss": 0.0,
    "pearson": 0.7034,
    "regression_loss": 1.1171,
    "rm2": 0.4765,
    "rmse": 1.0593,
    "sd": 1.0552,
    "spearman": 0.7081,
    "spectral_loss": 0.0
}

Early stopping at epoch 20 (no improvement for 10 epochs)
[best epoch] epoch=10, best_rmse=1.1036, lr_at_best=1.000e-04
                              
                              
----------------------------------------
Epoch 020 with LR 0.000100: Model Results
----------------------------------------
Train MSE Loss: 0.7541, Train CLS Loss: 0.0000, Train MCLS Loss: 0.0000
Protein Cluster Region Loss - Ortho Loss: 0.0000, Cluster Loss: 0.0000
                              
Validation Results: {
    "ci": 0.7635,
    "classification_loss": 0.0,
    "cluster_loss": 0.0,
    "mae": 0.7742,
    "mse": 1.2384,
    "multiclassification_loss": 0.0,
    "ortho_loss": 0.0,
    "pearson": 0.6955,
    "regression_loss": 1.2378,
    "rm2": 0.4753,
    "rmse": 1.1128,
    "sd": 1.1029,
    "spearman": 0.7006,
    "spectral_loss": 0.0
}
                              
Test Results: {
    "ci": 0.7635,
    "classification_loss": 0.0,
    "cluster_loss": 0.0,
    "mae": 0.7693,
    "mse": 1.1222,
    "multiclassification_loss": 0.0,
    "ortho_loss": 0.0,
    "pearson": 0.7034,
    "regression_loss": 1.1171,
    "rm2": 0.4765,
    "rmse": 1.0593,
    "sd": 1.0552,
    "spearman": 0.7081,
    "spectral_loss": 0.0
}
Final test metrics: rmse=1.0593, pearson=0.7034, r2_proxy(mse)=1.1222
Done. Predictions: /sc/arion/projects/DiseaseGeneCell/Huang_lab_project/wangcDrugRepoProject/TRACE_Kin_Results_v4_mapgnn/inhouse_dataset/inhouse_Kd_MUTAPLM_embedding_random/test_prediction_seed1.csv; checkpoint: /sc/arion/projects/DiseaseGeneCell/Huang_lab_project/wangcDrugRepoProject/TRACE_Kin_Results_v4_mapgnn/inhouse_dataset/inhouse_Kd_MUTAPLM_embedding_random/save_model_seed1/model.pt

==========================================
Array task 3/10: OK (inhouse_Kd_MUTAPLM_embedding_random)
==========================================


PS:

Read file <242906673.3.stderr> for stderr output of this job.

