Sender: LSF System <lsfadmin@lg02e07>
Subject: Job 242906675[1]: <trace_kin_v4_perfolder_s2[1-10]> in cluster <chimera> Done

Job <trace_kin_v4_perfolder_s2[1-10]> was submitted from host <li04e01> by user <wangc40> in cluster <chimera> at Mon May 11 00:07:35 2026
Job was executed on host(s) <16*lg02e07>, in queue <gpu>, as user <wangc40> in cluster <chimera> at Mon May 11 02:17:30 2026
</hpc/users/wangc40> was used as the home directory.
</sc/arion/projects/DiseaseGeneCell/Huang_lab_project/wangcDrugRepoProject/TRACE-Kin> was used as the working directory.
Started at Mon May 11 02:17:30 2026
Terminated at Mon May 11 03:14:07 2026
Results reported at Mon May 11 03:14:07 2026

Your job looked like:

------------------------------------------------------------
# LSBATCH: User input
#!/bin/bash
#BSUB -J trace_kin_v4_perfolder_s2[1-10]
#BSUB -P acc_DiseaseGeneCell
#BSUB -q gpu
#BSUB -R h100nvl
#BSUB -gpu num=1
#BSUB -n 16
#BSUB -R "rusage[mem=15000]"
#BSUB -R "span[hosts=1]"
#BSUB -W 48:00
#BSUB -o %J.%I.stdout
#BSUB -eo %J.%I.stderr
#BSUB -L /bin/bash

# =============================================================================
# TRACE-Kin v4 (MAP-GNN) PER-FOLDER + MutaPLM — top-10 RF-gap cells
# =============================================================================
# Submit with:
#     bsub < training/run_v4_perfolder_s1.lsf
#
# v4 = MAP-GNN: v1 GNN backbone + per-residue novelty score + pocket
# attention pool + MoLFormer-XL molecular context residual (preserved
# from v3). Unlike earlier versions, every cell uses MutaPLM as the
# protein embedding (the entire mutation-aware story rests on
# MutaPLM's residue-level mutation sensitivity), instead of the
# per-cell best-RF-baseline embedding.
#
# Per-residue novelty:
#   novelty[r] = ||MutaPLM[r] - aa_typical_mean[aa[r]]|| / aa_typical_std[aa[r]]
# where aa_typical statistics are precomputed once over the training
# corpus and cached at <datafolder>/aa_typical.pt. Mutations stand
# out because their MutaPLM vector deviates from the typical
# embedding for the residue's amino acid type — no explicit (WT,
# mutant) labels needed.
#
# Pocket attention:
#   pocket_logit[r] = MLP([MutaPLM[r], novelty[r], degree(r)])
#   pocket_weight[r] = softmax(pocket_logit) over r in same protein
#   prot_pool = sum_r (pocket_weight[r] * residue_h[r])
#
# Cells: same 10 as v3 (largest historical PSICHIC-vs-RF gap).
# Embedding source forced to MUTAPLM regardless of the per-cell
# best-RF choice in the historical benchmark.
#
# Outputs land under TRACE_Kin_Results_v4_mapgnn/<dataset>/<task_name>/
# so they don't collide with prior v3 trees.
# =============================================================================

# --- Environment -------------------------------------------------------------
ml purge

(... more ...)
------------------------------------------------------------

Successfully completed.

Resource usage summary:

    CPU time :                                   3912.00 sec.
    Max Memory :                                 25519 MB
    Average Memory :                             23662.49 MB
    Total Requested Memory :                     240000.00 MB
    Delta Memory :                               214481.00 MB
    Max Swap :                                   -
    Max Processes :                              4
    Max Threads :                                24
    Run time :                                   3397 sec.
    Turnaround time :                            11192 sec.

The output (if any) follows:

==========================================
TRACE-Kin v4 (MAP-GNN) PER-FOLDER task 1/10
==========================================
Date:        Mon May 11 02:17:34 EDT 2026
Dataset:     /sc/arion/projects/DiseaseGeneCell/Huang_lab_project/drug_discovery/output/data/enzyme_embeddings_dataset/EITLEM_dataset/EITLEM_kkm_MUTAPLM_embedding_cold_drug
Result:      /sc/arion/projects/DiseaseGeneCell/Huang_lab_project/wangcDrugRepoProject/TRACE_Kin_Results_v4_mapgnn/EITLEM_dataset/EITLEM_kkm_MUTAPLM_embedding_cold_drug
Config:      training/config_v4.json
MoLFormer:   /sc/arion/projects/DiseaseGeneCell/Huang_lab_project/wangcDrugRepoProject/transformersmodels/ibm/MoLFormer-XL-both-10pct
Pool CSVs:   (none — per-folder)
Model:       v4 MAP-GNN (per-folder, no pool, MUTAPLM + novelty + pocket attn + MoLFormer ctx)
Epochs:      50, batch=16, seed=2, lr=1e-4
==========================================
Python 3.12.2
Python: /sc/arion/work/wangc40/test-env/envs/test/bin/python
CUDA device: NVIDIA H100 80GB HBM3, sm_90
============================================================
TRACE-Kin training
============================================================
Datafolder:        /sc/arion/projects/DiseaseGeneCell/Huang_lab_project/drug_discovery/output/data/enzyme_embeddings_dataset/EITLEM_dataset/EITLEM_kkm_MUTAPLM_embedding_cold_drug
Result path:       /sc/arion/projects/DiseaseGeneCell/Huang_lab_project/wangcDrugRepoProject/TRACE_Kin_Results_v4_mapgnn/EITLEM_dataset/EITLEM_kkm_MUTAPLM_embedding_cold_drug
Config:            training/config_v4.json
Pool train CSVs:   (none)
============================================================
[mem] before load_split_dataframes             max RSS = 0.59 GB
Loading primary train: /sc/arion/projects/DiseaseGeneCell/Huang_lab_project/drug_discovery/output/data/enzyme_embeddings_dataset/EITLEM_dataset/EITLEM_kkm_MUTAPLM_embedding_cold_drug/train.parquet
Loading primary test: /sc/arion/projects/DiseaseGeneCell/Huang_lab_project/drug_discovery/output/data/enzyme_embeddings_dataset/EITLEM_dataset/EITLEM_kkm_MUTAPLM_embedding_cold_drug/test.parquet
Loading primary val: /sc/arion/projects/DiseaseGeneCell/Huang_lab_project/drug_discovery/output/data/enzyme_embeddings_dataset/EITLEM_dataset/EITLEM_kkm_MUTAPLM_embedding_cold_drug/val.parquet
Detected prot_evo_channels = 4096
seq2feat: 6607 unique sequences.
Loading MoLFormer-XL from /sc/arion/projects/DiseaseGeneCell/Huang_lab_project/wangcDrugRepoProject/transformersmodels/ibm/MoLFormer-XL-both-10pct
Computing MoLFormer embeddings for 2924 unique SMILES (batch_size=64)
  embedded 64/2924
  embedded 1344/2924
  embedded 2624/2924
Saved MoLFormer cache: /sc/arion/projects/DiseaseGeneCell/Huang_lab_project/drug_discovery/output/data/enzyme_embeddings_dataset/EITLEM_dataset/EITLEM_kkm_MUTAPLM_embedding_cold_drug/molformer_emb.pt (2924 SMILES)
MoLFormer embeddings: 2924 unique SMILES, dim=768
[mem] after load_split_dataframes              max RSS = 1.92 GB
model_version: v4, use_swa: False
Building protein graphs from scratch (this can be slow)...
U, B, O, or 0 in Sequence
U, B, O, or 0 in Sequence
U, B, O, or 0 in Sequence
U, B, O, or 0 in Sequence
U, B, O, or 0 in Sequence
U, B, O, or 0 in Sequence
Computing aa_typical from 6607 proteins...
  22 amino acid types observed; saving cache to /sc/arion/projects/DiseaseGeneCell/Huang_lab_project/drug_discovery/output/data/enzyme_embeddings_dataset/EITLEM_dataset/EITLEM_kkm_MUTAPLM_embedding_cold_drug/aa_typical.pt
  aa_typical buffers: means/stds shape (23, 4096), 22 known + 1 unknown AA slot
Building ligand graphs from scratch...
[mem] after preprocess                         max RSS = 24.40 GB
[mem] after free seq2feat/smi2chembert         max RSS = 24.40 GB
loaders ready: train=610 test=156 val=93
[mem] after make_loaders                       max RSS = 24.40 GB
Computing PNA degrees from training data...
Built TraceKinV4 with 7,494,323 parameters
[LR schedule] schedule_lr=False, lrate=0.0001, min_lrate=0, warmup_iters=0, lr_decay_iters=30500, total_iters=30500
Not in terminal, reprint now using normal build-in print function.
                              
                              
----------------------------------------
Epoch 001 with LR 0.000100: Model Results
----------------------------------------
Train MSE Loss: 3.0340, Train CLS Loss: 0.0000, Train MCLS Loss: 0.0000
Protein Cluster Region Loss - Ortho Loss: 0.0000, Cluster Loss: 0.0000
                              
Validation Results: {
    "ci": 0.5702,
    "classification_loss": 0.0,
    "cluster_loss": 0.0,
    "mae": 1.4088,
    "mse": 3.2071,
    "multiclassification_loss": 0.0,
    "ortho_loss": 0.0,
    "pearson": 0.1959,
    "regression_loss": 3.1989,
    "rm2": 0.0379,
    "rmse": 1.7908,
    "sd": 1.7809,
    "spearman": 0.2087,
    "spectral_loss": 0.0
}
                              
Test Results: {
    "ci": 0.5514,
    "classification_loss": 0.0,
    "cluster_loss": 0.0,
    "mae": 1.3181,
    "mse": 2.8647,
    "multiclassification_loss": 0.0,
    "ortho_loss": 0.0,
    "pearson": 0.1511,
    "regression_loss": 2.857,
    "rm2": 0.0228,
    "rmse": 1.6925,
    "sd": 1.6676,
    "spearman": 0.1514,
    "spectral_loss": 0.0
}
                              
                              
----------------------------------------
Epoch 002 with LR 0.000100: Model Results
----------------------------------------
Train MSE Loss: 2.7721, Train CLS Loss: 0.0000, Train MCLS Loss: 0.0000
Protein Cluster Region Loss - Ortho Loss: 0.0000, Cluster Loss: 0.0000
                              
Validation Results: {
    "ci": 0.6428,
    "classification_loss": 0.0,
    "cluster_loss": 0.0,
    "mae": 1.3072,
    "mse": 2.7678,
    "multiclassification_loss": 0.0,
    "ortho_loss": 0.0,
    "pearson": 0.4107,
    "regression_loss": 2.8073,
    "rm2": 0.1634,
    "rmse": 1.6637,
    "sd": 1.6558,
    "spearman": 0.4132,
    "spectral_loss": 0.0
}
                              
Test Results: {
    "ci": 0.6158,
    "classification_loss": 0.0,
    "cluster_loss": 0.0,
    "mae": 1.2475,
    "mse": 2.5197,
    "multiclassification_loss": 0.0,
    "ortho_loss": 0.0,
    "pearson": 0.3383,
    "regression_loss": 2.5132,
    "rm2": 0.1138,
    "rmse": 1.5873,
    "sd": 1.5876,
    "spearman": 0.3375,
    "spectral_loss": 0.0
}
                              
                              
----------------------------------------
Epoch 003 with LR 0.000100: Model Results
----------------------------------------
Train MSE Loss: 2.2677, Train CLS Loss: 0.0000, Train MCLS Loss: 0.0000
Protein Cluster Region Loss - Ortho Loss: 0.0000, Cluster Loss: 0.0000
                              
Validation Results: {
    "ci": 0.6598,
    "classification_loss": 0.0,
    "cluster_loss": 0.0,
    "mae": 1.2551,
    "mse": 2.6389,
    "multiclassification_loss": 0.0,
    "ortho_loss": 0.0,
    "pearson": 0.4581,
    "regression_loss": 2.6789,
    "rm2": 0.1995,
    "rmse": 1.6245,
    "sd": 1.6143,
    "spearman": 0.4669,
    "spectral_loss": 0.0
}
                              
Test Results: {
    "ci": 0.6377,
    "classification_loss": 0.0,
    "cluster_loss": 0.0,
    "mae": 1.2067,
    "mse": 2.361,
    "multiclassification_loss": 0.0,
    "ortho_loss": 0.0,
    "pearson": 0.4171,
    "regression_loss": 2.3562,
    "rm2": 0.1676,
    "rmse": 1.5366,
    "sd": 1.5332,
    "spearman": 0.3984,
    "spectral_loss": 0.0
}
                              
                              
----------------------------------------
Epoch 004 with LR 0.000100: Model Results
----------------------------------------
Train MSE Loss: 1.8969, Train CLS Loss: 0.0000, Train MCLS Loss: 0.0000
Protein Cluster Region Loss - Ortho Loss: 0.0000, Cluster Loss: 0.0000
                              
Validation Results: {
    "ci": 0.6744,
    "classification_loss": 0.0,
    "cluster_loss": 0.0,
    "mae": 1.2169,
    "mse": 2.5846,
    "multiclassification_loss": 0.0,
    "ortho_loss": 0.0,
    "pearson": 0.4968,
    "regression_loss": 2.6506,
    "rm2": 0.2229,
    "rmse": 1.6077,
    "sd": 1.5761,
    "spearman": 0.4986,
    "spectral_loss": 0.0
}
                              
Test Results: {
    "ci": 0.6379,
    "classification_loss": 0.0,
    "cluster_loss": 0.0,
    "mae": 1.2249,
    "mse": 2.4672,
    "multiclassification_loss": 0.0,
    "ortho_loss": 0.0,
    "pearson": 0.4307,
    "regression_loss": 2.4686,
    "rm2": 0.1724,
    "rmse": 1.5707,
    "sd": 1.5225,
    "spearman": 0.399,
    "spectral_loss": 0.0
}
                              
                              
----------------------------------------
Epoch 005 with LR 0.000100: Model Results
----------------------------------------
Train MSE Loss: 1.6522, Train CLS Loss: 0.0000, Train MCLS Loss: 0.0000
Protein Cluster Region Loss - Ortho Loss: 0.0000, Cluster Loss: 0.0000
                              
Validation Results: {
    "ci": 0.6846,
    "classification_loss": 0.0,
    "cluster_loss": 0.0,
    "mae": 1.1987,
    "mse": 2.4867,
    "multiclassification_loss": 0.0,
    "ortho_loss": 0.0,
    "pearson": 0.5261,
    "regression_loss": 2.5574,
    "rm2": 0.2429,
    "rmse": 1.5769,
    "sd": 1.5445,
    "spearman": 0.5271,
    "spectral_loss": 0.0
}
                              
Test Results: {
    "ci": 0.642,
    "classification_loss": 0.0,
    "cluster_loss": 0.0,
    "mae": 1.2216,
    "mse": 2.4753,
    "multiclassification_loss": 0.0,
    "ortho_loss": 0.0,
    "pearson": 0.4357,
    "regression_loss": 2.4783,
    "rm2": 0.1702,
    "rmse": 1.5733,
    "sd": 1.5184,
    "spearman": 0.4074,
    "spectral_loss": 0.0
}
                              
                              
----------------------------------------
Epoch 006 with LR 0.000100: Model Results
----------------------------------------
Train MSE Loss: 1.4824, Train CLS Loss: 0.0000, Train MCLS Loss: 0.0000
Protein Cluster Region Loss - Ortho Loss: 0.0000, Cluster Loss: 0.0000
                              
Validation Results: {
    "ci": 0.6848,
    "classification_loss": 0.0,
    "cluster_loss": 0.0,
    "mae": 1.1843,
    "mse": 2.4516,
    "multiclassification_loss": 0.0,
    "ortho_loss": 0.0,
    "pearson": 0.5296,
    "regression_loss": 2.5228,
    "rm2": 0.2562,
    "rmse": 1.5658,
    "sd": 1.5405,
    "spearman": 0.5255,
    "spectral_loss": 0.0
}
                              
Test Results: {
    "ci": 0.6473,
    "classification_loss": 0.0,
    "cluster_loss": 0.0,
    "mae": 1.2053,
    "mse": 2.4418,
    "multiclassification_loss": 0.0,
    "ortho_loss": 0.0,
    "pearson": 0.4539,
    "regression_loss": 2.4396,
    "rm2": 0.1903,
    "rmse": 1.5626,
    "sd": 1.5032,
    "spearman": 0.4211,
    "spectral_loss": 0.0
}
                              
                              
----------------------------------------
Epoch 007 with LR 0.000100: Model Results
----------------------------------------
Train MSE Loss: 1.3787, Train CLS Loss: 0.0000, Train MCLS Loss: 0.0000
Protein Cluster Region Loss - Ortho Loss: 0.0000, Cluster Loss: 0.0000
                              
Validation Results: {
    "ci": 0.6927,
    "classification_loss": 0.0,
    "cluster_loss": 0.0,
    "mae": 1.163,
    "mse": 2.3786,
    "multiclassification_loss": 0.0,
    "ortho_loss": 0.0,
    "pearson": 0.5499,
    "regression_loss": 2.4316,
    "rm2": 0.2868,
    "rmse": 1.5423,
    "sd": 1.5168,
    "spearman": 0.5469,
    "spectral_loss": 0.0
}
                              
Test Results: {
    "ci": 0.6545,
    "classification_loss": 0.0,
    "cluster_loss": 0.0,
    "mae": 1.1939,
    "mse": 2.4038,
    "multiclassification_loss": 0.0,
    "ortho_loss": 0.0,
    "pearson": 0.4747,
    "regression_loss": 2.4021,
    "rm2": 0.2152,
    "rmse": 1.5504,
    "sd": 1.4848,
    "spearman": 0.4407,
    "spectral_loss": 0.0
}
                              
                              
----------------------------------------
Epoch 008 with LR 0.000100: Model Results
----------------------------------------
Train MSE Loss: 1.3065, Train CLS Loss: 0.0000, Train MCLS Loss: 0.0000
Protein Cluster Region Loss - Ortho Loss: 0.0000, Cluster Loss: 0.0000
                              
Validation Results: {
    "ci": 0.692,
    "classification_loss": 0.0,
    "cluster_loss": 0.0,
    "mae": 1.1708,
    "mse": 2.3866,
    "multiclassification_loss": 0.0,
    "ortho_loss": 0.0,
    "pearson": 0.5556,
    "regression_loss": 2.4529,
    "rm2": 0.2777,
    "rmse": 1.5449,
    "sd": 1.51,
    "spearman": 0.5446,
    "spectral_loss": 0.0
}
                              
Test Results: {
    "ci": 0.6545,
    "classification_loss": 0.0,
    "cluster_loss": 0.0,
    "mae": 1.1939,
    "mse": 2.4038,
    "multiclassification_loss": 0.0,
    "ortho_loss": 0.0,
    "pearson": 0.4747,
    "regression_loss": 2.4021,
    "rm2": 0.2152,
    "rmse": 1.5504,
    "sd": 1.4848,
    "spearman": 0.4407,
    "spectral_loss": 0.0
}
                              
                              
----------------------------------------
Epoch 009 with LR 0.000100: Model Results
----------------------------------------
Train MSE Loss: 1.2408, Train CLS Loss: 0.0000, Train MCLS Loss: 0.0000
Protein Cluster Region Loss - Ortho Loss: 0.0000, Cluster Loss: 0.0000
                              
Validation Results: {
    "ci": 0.6961,
    "classification_loss": 0.0,
    "cluster_loss": 0.0,
    "mae": 1.2003,
    "mse": 2.5254,
    "multiclassification_loss": 0.0,
    "ortho_loss": 0.0,
    "pearson": 0.5532,
    "regression_loss": 2.5726,
    "rm2": 0.2519,
    "rmse": 1.5891,
    "sd": 1.5128,
    "spearman": 0.5522,
    "spectral_loss": 0.0
}
                              
Test Results: {
    "ci": 0.6545,
    "classification_loss": 0.0,
    "cluster_loss": 0.0,
    "mae": 1.1939,
    "mse": 2.4038,
    "multiclassification_loss": 0.0,
    "ortho_loss": 0.0,
    "pearson": 0.4747,
    "regression_loss": 2.4021,
    "rm2": 0.2152,
    "rmse": 1.5504,
    "sd": 1.4848,
    "spearman": 0.4407,
    "spectral_loss": 0.0
}
                              
                              
----------------------------------------
Epoch 010 with LR 0.000100: Model Results
----------------------------------------
Train MSE Loss: 1.1719, Train CLS Loss: 0.0000, Train MCLS Loss: 0.0000
Protein Cluster Region Loss - Ortho Loss: 0.0000, Cluster Loss: 0.0000
                              
Validation Results: {
    "ci": 0.6979,
    "classification_loss": 0.0,
    "cluster_loss": 0.0,
    "mae": 1.1355,
    "mse": 2.2528,
    "multiclassification_loss": 0.0,
    "ortho_loss": 0.0,
    "pearson": 0.571,
    "regression_loss": 2.3142,
    "rm2": 0.3104,
    "rmse": 1.5009,
    "sd": 1.4909,
    "spearman": 0.5585,
    "spectral_loss": 0.0
}
                              
Test Results: {
    "ci": 0.6542,
    "classification_loss": 0.0,
    "cluster_loss": 0.0,
    "mae": 1.1637,
    "mse": 2.3196,
    "multiclassification_loss": 0.0,
    "ortho_loss": 0.0,
    "pearson": 0.4776,
    "regression_loss": 2.3184,
    "rm2": 0.2184,
    "rmse": 1.523,
    "sd": 1.4822,
    "spearman": 0.4374,
    "spectral_loss": 0.0
}
                              
                              
----------------------------------------
Epoch 011 with LR 0.000100: Model Results
----------------------------------------
Train MSE Loss: 1.1569, Train CLS Loss: 0.0000, Train MCLS Loss: 0.0000
Protein Cluster Region Loss - Ortho Loss: 0.0000, Cluster Loss: 0.0000
                              
Validation Results: {
    "ci": 0.6988,
    "classification_loss": 0.0,
    "cluster_loss": 0.0,
    "mae": 1.1491,
    "mse": 2.3176,
    "multiclassification_loss": 0.0,
    "ortho_loss": 0.0,
    "pearson": 0.5721,
    "regression_loss": 2.3781,
    "rm2": 0.3183,
    "rmse": 1.5224,
    "sd": 1.4894,
    "spearman": 0.5591,
    "spectral_loss": 0.0
}
                              
Test Results: {
    "ci": 0.6542,
    "classification_loss": 0.0,
    "cluster_loss": 0.0,
    "mae": 1.1637,
    "mse": 2.3196,
    "multiclassification_loss": 0.0,
    "ortho_loss": 0.0,
    "pearson": 0.4776,
    "regression_loss": 2.3184,
    "rm2": 0.2184,
    "rmse": 1.523,
    "sd": 1.4822,
    "spearman": 0.4374,
    "spectral_loss": 0.0
}
                              
                              
----------------------------------------
Epoch 012 with LR 0.000100: Model Results
----------------------------------------
Train MSE Loss: 1.1163, Train CLS Loss: 0.0000, Train MCLS Loss: 0.0000
Protein Cluster Region Loss - Ortho Loss: 0.0000, Cluster Loss: 0.0000
                              
Validation Results: {
    "ci": 0.7008,
    "classification_loss": 0.0,
    "cluster_loss": 0.0,
    "mae": 1.1127,
    "mse": 2.2444,
    "multiclassification_loss": 0.0,
    "ortho_loss": 0.0,
    "pearson": 0.5756,
    "regression_loss": 2.2974,
    "rm2": 0.3289,
    "rmse": 1.4981,
    "sd": 1.4851,
    "spearman": 0.5632,
    "spectral_loss": 0.0
}
                              
Test Results: {
    "ci": 0.6553,
    "classification_loss": 0.0,
    "cluster_loss": 0.0,
    "mae": 1.1637,
    "mse": 2.305,
    "multiclassification_loss": 0.0,
    "ortho_loss": 0.0,
    "pearson": 0.4924,
    "regression_loss": 2.3053,
    "rm2": 0.2402,
    "rmse": 1.5182,
    "sd": 1.4684,
    "spearman": 0.4433,
    "spectral_loss": 0.0
}
                              
                              
----------------------------------------
Epoch 013 with LR 0.000100: Model Results
----------------------------------------
Train MSE Loss: 1.0861, Train CLS Loss: 0.0000, Train MCLS Loss: 0.0000
Protein Cluster Region Loss - Ortho Loss: 0.0000, Cluster Loss: 0.0000
                              
Validation Results: {
    "ci": 0.6905,
    "classification_loss": 0.0,
    "cluster_loss": 0.0,
    "mae": 1.1592,
    "mse": 2.3807,
    "multiclassification_loss": 0.0,
    "ortho_loss": 0.0,
    "pearson": 0.5552,
    "regression_loss": 2.436,
    "rm2": 0.275,
    "rmse": 1.543,
    "sd": 1.5104,
    "spearman": 0.5371,
    "spectral_loss": 0.0
}
                              
Test Results: {
    "ci": 0.6553,
    "classification_loss": 0.0,
    "cluster_loss": 0.0,
    "mae": 1.1637,
    "mse": 2.305,
    "multiclassification_loss": 0.0,
    "ortho_loss": 0.0,
    "pearson": 0.4924,
    "regression_loss": 2.3053,
    "rm2": 0.2402,
    "rmse": 1.5182,
    "sd": 1.4684,
    "spearman": 0.4433,
    "spectral_loss": 0.0
}
                              
                              
----------------------------------------
Epoch 014 with LR 0.000100: Model Results
----------------------------------------
Train MSE Loss: 1.0467, Train CLS Loss: 0.0000, Train MCLS Loss: 0.0000
Protein Cluster Region Loss - Ortho Loss: 0.0000, Cluster Loss: 0.0000
                              
Validation Results: {
    "ci": 0.694,
    "classification_loss": 0.0,
    "cluster_loss": 0.0,
    "mae": 1.1373,
    "mse": 2.3307,
    "multiclassification_loss": 0.0,
    "ortho_loss": 0.0,
    "pearson": 0.5622,
    "regression_loss": 2.3685,
    "rm2": 0.285,
    "rmse": 1.5267,
    "sd": 1.5019,
    "spearman": 0.543,
    "spectral_loss": 0.0
}
                              
Test Results: {
    "ci": 0.6553,
    "classification_loss": 0.0,
    "cluster_loss": 0.0,
    "mae": 1.1637,
    "mse": 2.305,
    "multiclassification_loss": 0.0,
    "ortho_loss": 0.0,
    "pearson": 0.4924,
    "regression_loss": 2.3053,
    "rm2": 0.2402,
    "rmse": 1.5182,
    "sd": 1.4684,
    "spearman": 0.4433,
    "spectral_loss": 0.0
}
                              
                              
----------------------------------------
Epoch 015 with LR 0.000100: Model Results
----------------------------------------
Train MSE Loss: 1.0460, Train CLS Loss: 0.0000, Train MCLS Loss: 0.0000
Protein Cluster Region Loss - Ortho Loss: 0.0000, Cluster Loss: 0.0000
                              
Validation Results: {
    "ci": 0.6962,
    "classification_loss": 0.0,
    "cluster_loss": 0.0,
    "mae": 1.1453,
    "mse": 2.3342,
    "multiclassification_loss": 0.0,
    "ortho_loss": 0.0,
    "pearson": 0.5698,
    "regression_loss": 2.3932,
    "rm2": 0.2828,
    "rmse": 1.5278,
    "sd": 1.4924,
    "spearman": 0.5513,
    "spectral_loss": 0.0
}
                              
Test Results: {
    "ci": 0.6553,
    "classification_loss": 0.0,
    "cluster_loss": 0.0,
    "mae": 1.1637,
    "mse": 2.305,
    "multiclassification_loss": 0.0,
    "ortho_loss": 0.0,
    "pearson": 0.4924,
    "regression_loss": 2.3053,
    "rm2": 0.2402,
    "rmse": 1.5182,
    "sd": 1.4684,
    "spearman": 0.4433,
    "spectral_loss": 0.0
}
                              
                              
----------------------------------------
Epoch 016 with LR 0.000100: Model Results
----------------------------------------
Train MSE Loss: 1.0075, Train CLS Loss: 0.0000, Train MCLS Loss: 0.0000
Protein Cluster Region Loss - Ortho Loss: 0.0000, Cluster Loss: 0.0000
                              
Validation Results: {
    "ci": 0.7039,
    "classification_loss": 0.0,
    "cluster_loss": 0.0,
    "mae": 1.1389,
    "mse": 2.3377,
    "multiclassification_loss": 0.0,
    "ortho_loss": 0.0,
    "pearson": 0.5841,
    "regression_loss": 2.4013,
    "rm2": 0.2956,
    "rmse": 1.529,
    "sd": 1.474,
    "spearman": 0.5679,
    "spectral_loss": 0.0
}
                              
Test Results: {
    "ci": 0.6553,
    "classification_loss": 0.0,
    "cluster_loss": 0.0,
    "mae": 1.1637,
    "mse": 2.305,
    "multiclassification_loss": 0.0,
    "ortho_loss": 0.0,
    "pearson": 0.4924,
    "regression_loss": 2.3053,
    "rm2": 0.2402,
    "rmse": 1.5182,
    "sd": 1.4684,
    "spearman": 0.4433,
    "spectral_loss": 0.0
}
                              
                              
----------------------------------------
Epoch 017 with LR 0.000100: Model Results
----------------------------------------
Train MSE Loss: 1.0005, Train CLS Loss: 0.0000, Train MCLS Loss: 0.0000
Protein Cluster Region Loss - Ortho Loss: 0.0000, Cluster Loss: 0.0000
                              
Validation Results: {
    "ci": 0.6993,
    "classification_loss": 0.0,
    "cluster_loss": 0.0,
    "mae": 1.1402,
    "mse": 2.2631,
    "multiclassification_loss": 0.0,
    "ortho_loss": 0.0,
    "pearson": 0.5849,
    "regression_loss": 2.3362,
    "rm2": 0.2999,
    "rmse": 1.5044,
    "sd": 1.473,
    "spearman": 0.5608,
    "spectral_loss": 0.0
}
                              
Test Results: {
    "ci": 0.6553,
    "classification_loss": 0.0,
    "cluster_loss": 0.0,
    "mae": 1.1637,
    "mse": 2.305,
    "multiclassification_loss": 0.0,
    "ortho_loss": 0.0,
    "pearson": 0.4924,
    "regression_loss": 2.3053,
    "rm2": 0.2402,
    "rmse": 1.5182,
    "sd": 1.4684,
    "spearman": 0.4433,
    "spectral_loss": 0.0
}
                              
                              
----------------------------------------
Epoch 018 with LR 0.000100: Model Results
----------------------------------------
Train MSE Loss: 0.9817, Train CLS Loss: 0.0000, Train MCLS Loss: 0.0000
Protein Cluster Region Loss - Ortho Loss: 0.0000, Cluster Loss: 0.0000
                              
Validation Results: {
    "ci": 0.6943,
    "classification_loss": 0.0,
    "cluster_loss": 0.0,
    "mae": 1.1346,
    "mse": 2.2901,
    "multiclassification_loss": 0.0,
    "ortho_loss": 0.0,
    "pearson": 0.5662,
    "regression_loss": 2.3342,
    "rm2": 0.2958,
    "rmse": 1.5133,
    "sd": 1.4969,
    "spearman": 0.5454,
    "spectral_loss": 0.0
}
                              
Test Results: {
    "ci": 0.6553,
    "classification_loss": 0.0,
    "cluster_loss": 0.0,
    "mae": 1.1637,
    "mse": 2.305,
    "multiclassification_loss": 0.0,
    "ortho_loss": 0.0,
    "pearson": 0.4924,
    "regression_loss": 2.3053,
    "rm2": 0.2402,
    "rmse": 1.5182,
    "sd": 1.4684,
    "spearman": 0.4433,
    "spectral_loss": 0.0
}
                              
                              
----------------------------------------
Epoch 019 with LR 0.000100: Model Results
----------------------------------------
Train MSE Loss: 0.9608, Train CLS Loss: 0.0000, Train MCLS Loss: 0.0000
Protein Cluster Region Loss - Ortho Loss: 0.0000, Cluster Loss: 0.0000
                              
Validation Results: {
    "ci": 0.6948,
    "classification_loss": 0.0,
    "cluster_loss": 0.0,
    "mae": 1.1935,
    "mse": 2.61,
    "multiclassification_loss": 0.0,
    "ortho_loss": 0.0,
    "pearson": 0.5507,
    "regression_loss": 2.6668,
    "rm2": 0.2527,
    "rmse": 1.6155,
    "sd": 1.5159,
    "spearman": 0.5455,
    "spectral_loss": 0.0
}
                              
Test Results: {
    "ci": 0.6553,
    "classification_loss": 0.0,
    "cluster_loss": 0.0,
    "mae": 1.1637,
    "mse": 2.305,
    "multiclassification_loss": 0.0,
    "ortho_loss": 0.0,
    "pearson": 0.4924,
    "regression_loss": 2.3053,
    "rm2": 0.2402,
    "rmse": 1.5182,
    "sd": 1.4684,
    "spearman": 0.4433,
    "spectral_loss": 0.0
}
                              
                              
----------------------------------------
Epoch 020 with LR 0.000100: Model Results
----------------------------------------
Train MSE Loss: 0.9432, Train CLS Loss: 0.0000, Train MCLS Loss: 0.0000
Protein Cluster Region Loss - Ortho Loss: 0.0000, Cluster Loss: 0.0000
                              
Validation Results: {
    "ci": 0.6964,
    "classification_loss": 0.0,
    "cluster_loss": 0.0,
    "mae": 1.1461,
    "mse": 2.3745,
    "multiclassification_loss": 0.0,
    "ortho_loss": 0.0,
    "pearson": 0.5692,
    "regression_loss": 2.422,
    "rm2": 0.2926,
    "rmse": 1.5409,
    "sd": 1.4932,
    "spearman": 0.5497,
    "spectral_loss": 0.0
}
                              
Test Results: {
    "ci": 0.6553,
    "classification_loss": 0.0,
    "cluster_loss": 0.0,
    "mae": 1.1637,
    "mse": 2.305,
    "multiclassification_loss": 0.0,
    "ortho_loss": 0.0,
    "pearson": 0.4924,
    "regression_loss": 2.3053,
    "rm2": 0.2402,
    "rmse": 1.5182,
    "sd": 1.4684,
    "spearman": 0.4433,
    "spectral_loss": 0.0
}
                              
                              
----------------------------------------
Epoch 021 with LR 0.000100: Model Results
----------------------------------------
Train MSE Loss: 0.9241, Train CLS Loss: 0.0000, Train MCLS Loss: 0.0000
Protein Cluster Region Loss - Ortho Loss: 0.0000, Cluster Loss: 0.0000
                              
Validation Results: {
    "ci": 0.7011,
    "classification_loss": 0.0,
    "cluster_loss": 0.0,
    "mae": 1.1518,
    "mse": 2.3756,
    "multiclassification_loss": 0.0,
    "ortho_loss": 0.0,
    "pearson": 0.578,
    "regression_loss": 2.4634,
    "rm2": 0.2761,
    "rmse": 1.5413,
    "sd": 1.482,
    "spearman": 0.5617,
    "spectral_loss": 0.0
}
                              
Test Results: {
    "ci": 0.6553,
    "classification_loss": 0.0,
    "cluster_loss": 0.0,
    "mae": 1.1637,
    "mse": 2.305,
    "multiclassification_loss": 0.0,
    "ortho_loss": 0.0,
    "pearson": 0.4924,
    "regression_loss": 2.3053,
    "rm2": 0.2402,
    "rmse": 1.5182,
    "sd": 1.4684,
    "spearman": 0.4433,
    "spectral_loss": 0.0
}
                              
                              
----------------------------------------
Epoch 022 with LR 0.000100: Model Results
----------------------------------------
Train MSE Loss: 0.9201, Train CLS Loss: 0.0000, Train MCLS Loss: 0.0000
Protein Cluster Region Loss - Ortho Loss: 0.0000, Cluster Loss: 0.0000
                              
Validation Results: {
    "ci": 0.6852,
    "classification_loss": 0.0,
    "cluster_loss": 0.0,
    "mae": 1.2419,
    "mse": 2.754,
    "multiclassification_loss": 0.0,
    "ortho_loss": 0.0,
    "pearson": 0.5466,
    "regression_loss": 2.8118,
    "rm2": 0.2496,
    "rmse": 1.6595,
    "sd": 1.5208,
    "spearman": 0.5223,
    "spectral_loss": 0.0
}
                              
Test Results: {
    "ci": 0.6553,
    "classification_loss": 0.0,
    "cluster_loss": 0.0,
    "mae": 1.1637,
    "mse": 2.305,
    "multiclassification_loss": 0.0,
    "ortho_loss": 0.0,
    "pearson": 0.4924,
    "regression_loss": 2.3053,
    "rm2": 0.2402,
    "rmse": 1.5182,
    "sd": 1.4684,
    "spearman": 0.4433,
    "spectral_loss": 0.0
}

Early stopping at epoch 22 (no improvement for 10 epochs)
[best epoch] epoch=12, best_rmse=1.4981, lr_at_best=1.000e-04
                              
                              
----------------------------------------
Epoch 022 with LR 0.000100: Model Results
----------------------------------------
Train MSE Loss: 0.9201, Train CLS Loss: 0.0000, Train MCLS Loss: 0.0000
Protein Cluster Region Loss - Ortho Loss: 0.0000, Cluster Loss: 0.0000
                              
Validation Results: {
    "ci": 0.6852,
    "classification_loss": 0.0,
    "cluster_loss": 0.0,
    "mae": 1.2419,
    "mse": 2.754,
    "multiclassification_loss": 0.0,
    "ortho_loss": 0.0,
    "pearson": 0.5466,
    "regression_loss": 2.8118,
    "rm2": 0.2496,
    "rmse": 1.6595,
    "sd": 1.5208,
    "spearman": 0.5223,
    "spectral_loss": 0.0
}
                              
Test Results: {
    "ci": 0.6553,
    "classification_loss": 0.0,
    "cluster_loss": 0.0,
    "mae": 1.1637,
    "mse": 2.305,
    "multiclassification_loss": 0.0,
    "ortho_loss": 0.0,
    "pearson": 0.4924,
    "regression_loss": 2.3053,
    "rm2": 0.2402,
    "rmse": 1.5182,
    "sd": 1.4684,
    "spearman": 0.4433,
    "spectral_loss": 0.0
}
Final test metrics: rmse=1.5182, pearson=0.4924, r2_proxy(mse)=2.3050
Done. Predictions: /sc/arion/projects/DiseaseGeneCell/Huang_lab_project/wangcDrugRepoProject/TRACE_Kin_Results_v4_mapgnn/EITLEM_dataset/EITLEM_kkm_MUTAPLM_embedding_cold_drug/test_prediction_seed2.csv; checkpoint: /sc/arion/projects/DiseaseGeneCell/Huang_lab_project/wangcDrugRepoProject/TRACE_Kin_Results_v4_mapgnn/EITLEM_dataset/EITLEM_kkm_MUTAPLM_embedding_cold_drug/save_model_seed2/model.pt

==========================================
Array task 1/10: OK (EITLEM_kkm_MUTAPLM_embedding_cold_drug)
==========================================


PS:

Read file <242906675.1.stderr> for stderr output of this job.

