Sender: LSF System <lsfadmin@lg02e08>
Subject: Job 242902791: <trace_kin_v4_smoke> in cluster <chimera> Done

Job <trace_kin_v4_smoke> was submitted from host <li04e01> by user <wangc40> in cluster <chimera> at Sun May 10 21:49:08 2026
Job was executed on host(s) <8*lg02e08>, in queue <gpu>, as user <wangc40> in cluster <chimera> at Sun May 10 21:56:07 2026
</hpc/users/wangc40> was used as the home directory.
</sc/arion/projects/DiseaseGeneCell/Huang_lab_project/wangcDrugRepoProject/TRACE-Kin> was used as the working directory.
Started at Sun May 10 21:56:07 2026
Terminated at Sun May 10 21:59:26 2026
Results reported at Sun May 10 21:59:26 2026

Your job looked like:

------------------------------------------------------------
# LSBATCH: User input
#!/bin/bash
#BSUB -J trace_kin_v4_smoke
#BSUB -P acc_DiseaseGeneCell
#BSUB -q gpu
#BSUB -R h100nvl
#BSUB -gpu num=1
#BSUB -n 8
#BSUB -R "rusage[mem=8000]"
#BSUB -R "span[hosts=1]"
#BSUB -W 00:30
#BSUB -o %J.v4_smoke.stdout
#BSUB -eo %J.v4_smoke.stderr
#BSUB -L /bin/bash

# =============================================================================
# TRACE-Kin v4 (MAP-GNN) smoke test
# =============================================================================
# Submit with:
#     bsub < training/run_v4_smoke_test.lsf
#
# Purpose: validate the v4 architecture end-to-end on one cell before
# committing the 10-cell × 3-seed perfolder array. Catches:
#   - per-residue MutaPLM embedding loaded from parquet (must be 2D, not 1D)
#   - aa_typical compute + cache write (<datafolder>/aa_typical.pt)
#   - per-residue aa_typical_mean / aa_typical_std flowing through
#     MultiGraphData → trainer → net_v4
#   - novelty score computation, pocket attention forward pass
#   - MoLFormer-XL HF load + chembert_proj residual still works
#   - virtual_screening + final test prediction CSV
#
# Runs train_trace_kin.py with a tiny sample (100 rows, 2 epochs) on
# the EITLEM kkm cold_drug MUTAPLM cell so it finishes in a few minutes.
# Walltime capped at 30 min.
#
# After this job finishes, chain the perfolder arrays:
#     bsub -w "done(<SMOKE_JOB_ID>)" < training/run_v4_perfolder_s1.lsf
#     bsub < training/run_v4_perfolder_s2.lsf
#     bsub < training/run_v4_perfolder_s3.lsf
# =============================================================================

# --- Environment -------------------------------------------------------------
ml purge
source ~/.bashrc
module load anaconda3/2024.06
source activate test
module load cuda/12.4.0
export RAYON_NUM_THREADS=4
export PYTORCH_CUDA_ALLOC_CONF=expandable_segments:True
export PYTHONPATH="$PWD${PYTHONPATH:+:$PYTHONPATH}"


(... more ...)
------------------------------------------------------------

Successfully completed.

Resource usage summary:

    CPU time :                                   143.00 sec.
    Max Memory :                                 31407 MB
    Average Memory :                             8493.92 MB
    Total Requested Memory :                     64000.00 MB
    Delta Memory :                               32593.00 MB
    Max Swap :                                   -
    Max Processes :                              4
    Max Threads :                                24
    Run time :                                   199 sec.
    Turnaround time :                            618 sec.

The output (if any) follows:

==========================================
TRACE-Kin v4 (MAP-GNN) Smoke Test
==========================================
Date:               Sun May 10 21:56:10 EDT 2026
Dataset:            /sc/arion/projects/DiseaseGeneCell/Huang_lab_project/drug_discovery/output/data/enzyme_embeddings_dataset/EITLEM_dataset/EITLEM_kkm_MUTAPLM_embedding_cold_drug
Result dir:         /sc/arion/projects/DiseaseGeneCell/Huang_lab_project/wangcDrugRepoProject/TRACE_Kin_Results_v4_mapgnn/_smoke
Config:             training/config_v4.json
MoLFormer:          /sc/arion/projects/DiseaseGeneCell/Huang_lab_project/wangcDrugRepoProject/transformersmodels/ibm/MoLFormer-XL-both-10pct
Sample size:        100 rows train / 50 test
Epochs:             2
Architecture:       v1 GNN backbone + novelty + pocket attention + MoLFormer ctx residual
==========================================
Python 3.12.2
Python: /sc/arion/work/wangc40/test-env/envs/test/bin/python
CUDA device: NVIDIA H100 80GB HBM3, sm_90
============================================================
TRACE-Kin training
============================================================
Datafolder:        /sc/arion/projects/DiseaseGeneCell/Huang_lab_project/drug_discovery/output/data/enzyme_embeddings_dataset/EITLEM_dataset/EITLEM_kkm_MUTAPLM_embedding_cold_drug
Result path:       /sc/arion/projects/DiseaseGeneCell/Huang_lab_project/wangcDrugRepoProject/TRACE_Kin_Results_v4_mapgnn/_smoke
Config:            training/config_v4.json
Pool train CSVs:   (none)
============================================================
Loading primary train: /sc/arion/projects/DiseaseGeneCell/Huang_lab_project/drug_discovery/output/data/enzyme_embeddings_dataset/EITLEM_dataset/EITLEM_kkm_MUTAPLM_embedding_cold_drug/train.parquet
Loading primary test: /sc/arion/projects/DiseaseGeneCell/Huang_lab_project/drug_discovery/output/data/enzyme_embeddings_dataset/EITLEM_dataset/EITLEM_kkm_MUTAPLM_embedding_cold_drug/test.parquet
Loading primary val: /sc/arion/projects/DiseaseGeneCell/Huang_lab_project/drug_discovery/output/data/enzyme_embeddings_dataset/EITLEM_dataset/EITLEM_kkm_MUTAPLM_embedding_cold_drug/val.parquet
Detected prot_evo_channels = 4096
seq2feat: 1416 unique sequences.
Loading MoLFormer-XL from /sc/arion/projects/DiseaseGeneCell/Huang_lab_project/wangcDrugRepoProject/transformersmodels/ibm/MoLFormer-XL-both-10pct
Computing MoLFormer embeddings for 419 unique SMILES (batch_size=64)
  embedded 64/419
Saved MoLFormer cache: /sc/arion/projects/DiseaseGeneCell/Huang_lab_project/drug_discovery/output/data/enzyme_embeddings_dataset/EITLEM_dataset/EITLEM_kkm_MUTAPLM_embedding_cold_drug/molformer_emb.pt (419 SMILES)
MoLFormer embeddings: 419 unique SMILES, dim=768
model_version: v4, use_swa: False
Building protein graphs from scratch (this can be slow)...
U, B, O, or 0 in Sequence
U, B, O, or 0 in Sequence
U, B, O, or 0 in Sequence
U, B, O, or 0 in Sequence
Computing aa_typical from 1416 proteins...
  21 amino acid types observed; saving cache to /sc/arion/projects/DiseaseGeneCell/Huang_lab_project/drug_discovery/output/data/enzyme_embeddings_dataset/EITLEM_dataset/EITLEM_kkm_MUTAPLM_embedding_cold_drug/aa_typical.pt
Building ligand graphs from scratch...
loaders ready: train=7 test=4 val=93
Computing PNA degrees from training data...
Built TraceKinV4 with 7,494,323 parameters
[LR schedule] schedule_lr=False, lrate=0.0001, min_lrate=0, warmup_iters=0, lr_decay_iters=14, total_iters=14
Not in terminal, reprint now using normal build-in print function.
                              
                              
----------------------------------------
Epoch 001 with LR 0.000100: Model Results
----------------------------------------
Train MSE Loss: 4.7075, Train CLS Loss: 0.0000, Train MCLS Loss: 0.0000
Protein Cluster Region Loss - Ortho Loss: 0.0000, Cluster Loss: 0.0000
                              
Validation Results: {
    "ci": 0.4835,
    "classification_loss": 0.0,
    "cluster_loss": 0.0,
    "mae": 1.5042,
    "mse": 3.5738,
    "multiclassification_loss": 0.0,
    "ortho_loss": 0.0,
    "pearson": -0.0382,
    "regression_loss": 3.5922,
    "rm2": 0.0014,
    "rmse": 1.8905,
    "sd": 1.8147,
    "spearman": -0.0478,
    "spectral_loss": 0.0
}
                              
Test Results: {
    "ci": 0.409,
    "classification_loss": 0.0,
    "cluster_loss": 0.0,
    "mae": 1.406,
    "mse": 2.7531,
    "multiclassification_loss": 0.0,
    "ortho_loss": 0.0,
    "pearson": -0.3199,
    "regression_loss": 2.1825,
    "rm2": 0.0929,
    "rmse": 1.6592,
    "sd": 1.4662,
    "spearman": -0.2555,
    "spectral_loss": 0.0
}
                              
                              
----------------------------------------
Epoch 002 with LR 0.000100: Model Results
----------------------------------------
Train MSE Loss: 5.4302, Train CLS Loss: 0.0000, Train MCLS Loss: 0.0000
Protein Cluster Region Loss - Ortho Loss: 0.0000, Cluster Loss: 0.0000
                              
Validation Results: {
    "ci": 0.4854,
    "classification_loss": 0.0,
    "cluster_loss": 0.0,
    "mae": 1.4503,
    "mse": 3.3063,
    "multiclassification_loss": 0.0,
    "ortho_loss": 0.0,
    "pearson": -0.0203,
    "regression_loss": 3.3058,
    "rm2": 0.0004,
    "rmse": 1.8183,
    "sd": 1.8157,
    "spearman": -0.0424,
    "spectral_loss": 0.0
}
                              
Test Results: {
    "ci": 0.3902,
    "classification_loss": 0.0,
    "cluster_loss": 0.0,
    "mae": 1.3451,
    "mse": 2.4293,
    "multiclassification_loss": 0.0,
    "ortho_loss": 0.0,
    "pearson": -0.3323,
    "regression_loss": 2.0554,
    "rm2": 0.0988,
    "rmse": 1.5586,
    "sd": 1.4595,
    "spearman": -0.297,
    "spectral_loss": 0.0
}
[best epoch] epoch=2, best_rmse=1.8183, lr_at_best=1.000e-04
                              
                              
----------------------------------------
Epoch 002 with LR 0.000100: Model Results
----------------------------------------
Train MSE Loss: 5.4302, Train CLS Loss: 0.0000, Train MCLS Loss: 0.0000
Protein Cluster Region Loss - Ortho Loss: 0.0000, Cluster Loss: 0.0000
                              
Validation Results: {
    "ci": 0.4854,
    "classification_loss": 0.0,
    "cluster_loss": 0.0,
    "mae": 1.4503,
    "mse": 3.3063,
    "multiclassification_loss": 0.0,
    "ortho_loss": 0.0,
    "pearson": -0.0203,
    "regression_loss": 3.3058,
    "rm2": 0.0004,
    "rmse": 1.8183,
    "sd": 1.8157,
    "spearman": -0.0424,
    "spectral_loss": 0.0
}
                              
Test Results: {
    "ci": 0.3902,
    "classification_loss": 0.0,
    "cluster_loss": 0.0,
    "mae": 1.3451,
    "mse": 2.4293,
    "multiclassification_loss": 0.0,
    "ortho_loss": 0.0,
    "pearson": -0.3323,
    "regression_loss": 2.0554,
    "rm2": 0.0988,
    "rmse": 1.5586,
    "sd": 1.4595,
    "spearman": -0.297,
    "spectral_loss": 0.0
}
Final test metrics: rmse=1.5586, pearson=-0.3323, r2_proxy(mse)=2.4293
Done. Predictions: /sc/arion/projects/DiseaseGeneCell/Huang_lab_project/wangcDrugRepoProject/TRACE_Kin_Results_v4_mapgnn/_smoke/test_prediction_seed1.csv; checkpoint: /sc/arion/projects/DiseaseGeneCell/Huang_lab_project/wangcDrugRepoProject/TRACE_Kin_Results_v4_mapgnn/_smoke/save_model_seed1/model.pt

==========================================
SMOKE TEST: PASS
Result file: /sc/arion/projects/DiseaseGeneCell/Huang_lab_project/wangcDrugRepoProject/TRACE_Kin_Results_v4_mapgnn/_smoke/test_prediction_seed1.csv
Next: bsub -w "done(242902791)" < training/run_v4_perfolder_s1.lsf
      bsub < training/run_v4_perfolder_s2.lsf
      bsub < training/run_v4_perfolder_s3.lsf
==========================================


PS:

Read file <242902791.v4_smoke.stderr> for stderr output of this job.

