Sender: LSF System <lsfadmin@lg02e09>
Subject: Job 242993252[4]: <trace_kin_v5t_perfolder_s1[1-10]> in cluster <chimera> Done

Job <trace_kin_v5t_perfolder_s1[1-10]> was submitted from host <li04e04> by user <wangc40> in cluster <chimera> at Mon May 11 17:12:43 2026
Job was executed on host(s) <16*lg02e09>, in queue <gpu>, as user <wangc40> in cluster <chimera> at Mon May 11 17:12:47 2026
</hpc/users/wangc40> was used as the home directory.
</sc/arion/projects/DiseaseGeneCell/Huang_lab_project/wangcDrugRepoProject/TRACE-Kin> was used as the working directory.
Started at Mon May 11 17:12:47 2026
Terminated at Mon May 11 18:14:09 2026
Results reported at Mon May 11 18:14:09 2026

Your job looked like:

------------------------------------------------------------
# LSBATCH: User input
#!/bin/bash
#BSUB -J trace_kin_v5t_perfolder_s1[1-10]
#BSUB -P acc_DiseaseGeneCell
#BSUB -q gpu
#BSUB -R h100nvl
#BSUB -gpu num=1
#BSUB -n 16
#BSUB -R "rusage[mem=15000]"
#BSUB -R "span[hosts=1]"
#BSUB -W 48:00
#BSUB -o %J.%I.stdout
#BSUB -eo %J.%I.stderr
#BSUB -L /bin/bash

# =============================================================================
# TRACE-Kin v5t (Vanilla Transformer + Cross-Attention) PER-FOLDER — top-10 cells
# =============================================================================
# Submit with:
#     bsub < training/run_v5t_perfolder_s1.lsf
#
# v5t = Transformer: MutaPLM per-residue (4096) -> Linear(512) -> Transformer
# self-attention x4 with Rotary PE -> cross-attention with ligand atoms
# (PNA + MoLFormer) -> substrate-conditioned pooling -> regression head.
#
# All cells use MUTAPLM embedding.
#
# For seeds 2 and 3, submit:
#     bsub < training/run_v5t_perfolder_s2.lsf
#     bsub < training/run_v5t_perfolder_s3.lsf
# =============================================================================

# --- Environment -------------------------------------------------------------
ml purge
source ~/.bashrc
module load anaconda3/2024.06
source activate test
module load cuda/12.4.0
export RAYON_NUM_THREADS=4
export PYTORCH_CUDA_ALLOC_CONF=expandable_segments:True
export PYTHONPATH="$PWD${PYTHONPATH:+:$PYTHONPATH}"

# --- Knobs (env overrides) ---------------------------------------------------
ENZYME_BASE="${ENZYME_BASE:-/sc/arion/projects/DiseaseGeneCell/Huang_lab_project/drug_discovery/output/data/enzyme_embeddings_dataset}"
RESULT_BASE="${RESULT_BASE:-/sc/arion/projects/DiseaseGeneCell/Huang_lab_project/wangcDrugRepoProject/TRACE_Kin_Results_v5t_transformer}"
MOLFORMER_PATH="${MOLFORMER_PATH:-/sc/arion/projects/DiseaseGeneCell/Huang_lab_project/wangcDrugRepoProject/transformersmodels/ibm/MoLFormer-XL-both-10pct}"
CONFIG_PATH="${CONFIG_PATH:-training/config_v5t.json}"
EPOCHS="${EPOCHS:-100}"
BATCH_SIZE="${BATCH_SIZE:-32}"
SEED=1
LRATE="${LRATE:-3e-4}"

(... more ...)
------------------------------------------------------------

Successfully completed.

Resource usage summary:

    CPU time :                                   4620.00 sec.
    Max Memory :                                 25151 MB
    Average Memory :                             24352.10 MB
    Total Requested Memory :                     240000.00 MB
    Delta Memory :                               214849.00 MB
    Max Swap :                                   -
    Max Processes :                              21
    Max Threads :                                53
    Run time :                                   3681 sec.
    Turnaround time :                            3686 sec.

The output (if any) follows:

==========================================
TRACE-Kin v5t (Transformer) PER-FOLDER task 4/10
==========================================
Date:        Mon May 11 17:12:50 EDT 2026
Dataset:     /sc/arion/projects/DiseaseGeneCell/Huang_lab_project/drug_discovery/output/data/enzyme_embeddings_dataset/EITLEM_dataset/EITLEM_kkm_MUTAPLM_embedding_random
Result:      /sc/arion/projects/DiseaseGeneCell/Huang_lab_project/wangcDrugRepoProject/TRACE_Kin_Results_v5t_transformer/EITLEM_dataset/EITLEM_kkm_MUTAPLM_embedding_random
Config:      training/config_v5t.json
MoLFormer:   /sc/arion/projects/DiseaseGeneCell/Huang_lab_project/wangcDrugRepoProject/transformersmodels/ibm/MoLFormer-XL-both-10pct
Pool CSVs:   (none — per-folder)
Model:       v5t Transformer (Self-Attn x4 with RoPE + cross-attn + MoLFormer ctx)
Epochs:      100, batch=32, seed=1, lr=3e-4
==========================================
Python 3.12.2
Python: /sc/arion/work/wangc40/test-env/envs/test/bin/python
CUDA device: NVIDIA H100 80GB HBM3, sm_90
============================================================
TRACE-Kin training
============================================================
Datafolder:        /sc/arion/projects/DiseaseGeneCell/Huang_lab_project/drug_discovery/output/data/enzyme_embeddings_dataset/EITLEM_dataset/EITLEM_kkm_MUTAPLM_embedding_random
Result path:       /sc/arion/projects/DiseaseGeneCell/Huang_lab_project/wangcDrugRepoProject/TRACE_Kin_Results_v5t_transformer/EITLEM_dataset/EITLEM_kkm_MUTAPLM_embedding_random
Config:            training/config_v5t.json
Pool train CSVs:   (none)
============================================================
[mem] before load_split_dataframes             max RSS = 0.62 GB
Loading primary train (essential cols): /sc/arion/projects/DiseaseGeneCell/Huang_lab_project/drug_discovery/output/data/enzyme_embeddings_dataset/EITLEM_dataset/EITLEM_kkm_MUTAPLM_embedding_random/train.parquet
Loading primary test (essential cols): /sc/arion/projects/DiseaseGeneCell/Huang_lab_project/drug_discovery/output/data/enzyme_embeddings_dataset/EITLEM_dataset/EITLEM_kkm_MUTAPLM_embedding_random/test.parquet
Loading primary val (essential cols): /sc/arion/projects/DiseaseGeneCell/Huang_lab_project/drug_discovery/output/data/enzyme_embeddings_dataset/EITLEM_dataset/EITLEM_kkm_MUTAPLM_embedding_random/val.parquet
Detected prot_evo_channels = 4096 (1-row sample)
[mem] after load_split_dataframes (lite — feature cols not loaded) max RSS = 0.84 GB
model_version: v5t, use_swa: False
Reusing protein cache: /sc/arion/projects/DiseaseGeneCell/Huang_lab_project/drug_discovery/output/data/enzyme_embeddings_dataset/EITLEM_dataset/EITLEM_kkm_MUTAPLM_embedding_random/protein.pt
Reusing ligand cache: /sc/arion/projects/DiseaseGeneCell/Huang_lab_project/drug_discovery/output/data/enzyme_embeddings_dataset/EITLEM_dataset/EITLEM_kkm_MUTAPLM_embedding_random/ligand.pt
[mem] after preprocess                         max RSS = 23.00 GB
loaders ready: train=343 test=43 val=43
[mem] after make_loaders                       max RSS = 23.01 GB
Built TraceKinV5T with 55,451,140 parameters
[AMP] enabled: dtype=torch.bfloat16
[LR schedule] schedule_lr=True, lrate=0.0003, min_lrate=1e-06, warmup_iters=0, lr_decay_iters=34300, total_iters=34300
Not in terminal, reprint now using normal build-in print function.
                              
                              
----------------------------------------
Epoch 001 with LR 0.000300: Model Results
----------------------------------------
Train MSE Loss: 3.7181, Train CLS Loss: 0.0000, Train MCLS Loss: 0.0000
Protein Cluster Region Loss - Ortho Loss: 0.0000, Cluster Loss: 0.0000
                              
Validation Results: {
    "ci": 0.6441,
    "classification_loss": 0.0,
    "cluster_loss": 0.0,
    "mae": 1.4069,
    "mse": 3.344,
    "multiclassification_loss": 0.0,
    "ortho_loss": 0.0,
    "pearson": 0.4284,
    "regression_loss": 3.3416,
    "rm2": 0.1577,
    "rmse": 1.8287,
    "sd": 1.6321,
    "spearman": 0.4161,
    "spectral_loss": 0.0
}
                              
Test Results: {
    "ci": 0.6334,
    "classification_loss": 0.0,
    "cluster_loss": 0.0,
    "mae": 1.4664,
    "mse": 3.6237,
    "multiclassification_loss": 0.0,
    "ortho_loss": 0.0,
    "pearson": 0.393,
    "regression_loss": 3.624,
    "rm2": 0.1362,
    "rmse": 1.9036,
    "sd": 1.7064,
    "spearman": 0.3892,
    "spectral_loss": 0.0
}
                              
                              
----------------------------------------
Epoch 002 with LR 0.000300: Model Results
----------------------------------------
Train MSE Loss: 2.8873, Train CLS Loss: 0.0000, Train MCLS Loss: 0.0000
Protein Cluster Region Loss - Ortho Loss: 0.0000, Cluster Loss: 0.0000
                              
Validation Results: {
    "ci": 0.6695,
    "classification_loss": 0.0,
    "cluster_loss": 0.0,
    "mae": 1.2594,
    "mse": 2.551,
    "multiclassification_loss": 0.0,
    "ortho_loss": 0.0,
    "pearson": 0.4962,
    "regression_loss": 2.5496,
    "rm2": 0.2383,
    "rmse": 1.5972,
    "sd": 1.5682,
    "spearman": 0.4814,
    "spectral_loss": 0.0
}
                              
Test Results: {
    "ci": 0.6613,
    "classification_loss": 0.0,
    "cluster_loss": 0.0,
    "mae": 1.3003,
    "mse": 2.7753,
    "multiclassification_loss": 0.0,
    "ortho_loss": 0.0,
    "pearson": 0.4651,
    "regression_loss": 2.7745,
    "rm2": 0.2093,
    "rmse": 1.6659,
    "sd": 1.6428,
    "spearman": 0.4636,
    "spectral_loss": 0.0
}
                              
                              
----------------------------------------
Epoch 003 with LR 0.000299: Model Results
----------------------------------------
Train MSE Loss: 2.4127, Train CLS Loss: 0.0000, Train MCLS Loss: 0.0000
Protein Cluster Region Loss - Ortho Loss: 0.0000, Cluster Loss: 0.0000
                              
Validation Results: {
    "ci": 0.6858,
    "classification_loss": 0.0,
    "cluster_loss": 0.0,
    "mae": 1.2178,
    "mse": 2.5681,
    "multiclassification_loss": 0.0,
    "ortho_loss": 0.0,
    "pearson": 0.5356,
    "regression_loss": 2.5659,
    "rm2": 0.2509,
    "rmse": 1.6025,
    "sd": 1.5253,
    "spearman": 0.5262,
    "spectral_loss": 0.0
}
                              
Test Results: {
    "ci": 0.6613,
    "classification_loss": 0.0,
    "cluster_loss": 0.0,
    "mae": 1.3003,
    "mse": 2.7753,
    "multiclassification_loss": 0.0,
    "ortho_loss": 0.0,
    "pearson": 0.4651,
    "regression_loss": 2.7745,
    "rm2": 0.2093,
    "rmse": 1.6659,
    "sd": 1.6428,
    "spearman": 0.4636,
    "spectral_loss": 0.0
}
                              
                              
----------------------------------------
Epoch 004 with LR 0.000299: Model Results
----------------------------------------
Train MSE Loss: 2.2755, Train CLS Loss: 0.0000, Train MCLS Loss: 0.0000
Protein Cluster Region Loss - Ortho Loss: 0.0000, Cluster Loss: 0.0000
                              
Validation Results: {
    "ci": 0.6895,
    "classification_loss": 0.0,
    "cluster_loss": 0.0,
    "mae": 1.2466,
    "mse": 2.4931,
    "multiclassification_loss": 0.0,
    "ortho_loss": 0.0,
    "pearson": 0.5437,
    "regression_loss": 2.4921,
    "rm2": 0.2742,
    "rmse": 1.5789,
    "sd": 1.5159,
    "spearman": 0.5341,
    "spectral_loss": 0.0
}
                              
Test Results: {
    "ci": 0.6893,
    "classification_loss": 0.0,
    "cluster_loss": 0.0,
    "mae": 1.2736,
    "mse": 2.6366,
    "multiclassification_loss": 0.0,
    "ortho_loss": 0.0,
    "pearson": 0.5413,
    "regression_loss": 2.6371,
    "rm2": 0.276,
    "rmse": 1.6238,
    "sd": 1.5604,
    "spearman": 0.5339,
    "spectral_loss": 0.0
}
                              
                              
----------------------------------------
Epoch 005 with LR 0.000298: Model Results
----------------------------------------
Train MSE Loss: 2.1356, Train CLS Loss: 0.0000, Train MCLS Loss: 0.0000
Protein Cluster Region Loss - Ortho Loss: 0.0000, Cluster Loss: 0.0000
                              
Validation Results: {
    "ci": 0.7018,
    "classification_loss": 0.0,
    "cluster_loss": 0.0,
    "mae": 1.1627,
    "mse": 2.3804,
    "multiclassification_loss": 0.0,
    "ortho_loss": 0.0,
    "pearson": 0.5768,
    "regression_loss": 2.3782,
    "rm2": 0.3054,
    "rmse": 1.5429,
    "sd": 1.4755,
    "spearman": 0.5649,
    "spectral_loss": 0.0
}
                              
Test Results: {
    "ci": 0.6908,
    "classification_loss": 0.0,
    "cluster_loss": 0.0,
    "mae": 1.2078,
    "mse": 2.5893,
    "multiclassification_loss": 0.0,
    "ortho_loss": 0.0,
    "pearson": 0.5532,
    "regression_loss": 2.5905,
    "rm2": 0.2799,
    "rmse": 1.6091,
    "sd": 1.5459,
    "spearman": 0.5367,
    "spectral_loss": 0.0
}
                              
                              
----------------------------------------
Epoch 006 with LR 0.000297: Model Results
----------------------------------------
Train MSE Loss: 1.9038, Train CLS Loss: 0.0000, Train MCLS Loss: 0.0000
Protein Cluster Region Loss - Ortho Loss: 0.0000, Cluster Loss: 0.0000
                              
Validation Results: {
    "ci": 0.7015,
    "classification_loss": 0.0,
    "cluster_loss": 0.0,
    "mae": 1.1612,
    "mse": 2.4138,
    "multiclassification_loss": 0.0,
    "ortho_loss": 0.0,
    "pearson": 0.576,
    "regression_loss": 2.4117,
    "rm2": 0.3018,
    "rmse": 1.5536,
    "sd": 1.4765,
    "spearman": 0.5614,
    "spectral_loss": 0.0
}
                              
Test Results: {
    "ci": 0.6908,
    "classification_loss": 0.0,
    "cluster_loss": 0.0,
    "mae": 1.2078,
    "mse": 2.5893,
    "multiclassification_loss": 0.0,
    "ortho_loss": 0.0,
    "pearson": 0.5532,
    "regression_loss": 2.5905,
    "rm2": 0.2799,
    "rmse": 1.6091,
    "sd": 1.5459,
    "spearman": 0.5367,
    "spectral_loss": 0.0
}
                              
                              
----------------------------------------
Epoch 007 with LR 0.000296: Model Results
----------------------------------------
Train MSE Loss: 1.8689, Train CLS Loss: 0.0000, Train MCLS Loss: 0.0000
Protein Cluster Region Loss - Ortho Loss: 0.0000, Cluster Loss: 0.0000
                              
Validation Results: {
    "ci": 0.7083,
    "classification_loss": 0.0,
    "cluster_loss": 0.0,
    "mae": 1.116,
    "mse": 2.1354,
    "multiclassification_loss": 0.0,
    "ortho_loss": 0.0,
    "pearson": 0.5884,
    "regression_loss": 2.1343,
    "rm2": 0.3375,
    "rmse": 1.4613,
    "sd": 1.4605,
    "spearman": 0.5807,
    "spectral_loss": 0.0
}
                              
Test Results: {
    "ci": 0.7027,
    "classification_loss": 0.0,
    "cluster_loss": 0.0,
    "mae": 1.1692,
    "mse": 2.3001,
    "multiclassification_loss": 0.0,
    "ortho_loss": 0.0,
    "pearson": 0.5764,
    "regression_loss": 2.2999,
    "rm2": 0.3264,
    "rmse": 1.5166,
    "sd": 1.5164,
    "spearman": 0.5686,
    "spectral_loss": 0.0
}
                              
                              
----------------------------------------
Epoch 008 with LR 0.000295: Model Results
----------------------------------------
Train MSE Loss: 1.7647, Train CLS Loss: 0.0000, Train MCLS Loss: 0.0000
Protein Cluster Region Loss - Ortho Loss: 0.0000, Cluster Loss: 0.0000
                              
Validation Results: {
    "ci": 0.7154,
    "classification_loss": 0.0,
    "cluster_loss": 0.0,
    "mae": 1.151,
    "mse": 2.18,
    "multiclassification_loss": 0.0,
    "ortho_loss": 0.0,
    "pearson": 0.6054,
    "regression_loss": 2.1784,
    "rm2": 0.3359,
    "rmse": 1.4765,
    "sd": 1.4377,
    "spearman": 0.5984,
    "spectral_loss": 0.0
}
                              
Test Results: {
    "ci": 0.7027,
    "classification_loss": 0.0,
    "cluster_loss": 0.0,
    "mae": 1.1692,
    "mse": 2.3001,
    "multiclassification_loss": 0.0,
    "ortho_loss": 0.0,
    "pearson": 0.5764,
    "regression_loss": 2.2999,
    "rm2": 0.3264,
    "rmse": 1.5166,
    "sd": 1.5164,
    "spearman": 0.5686,
    "spectral_loss": 0.0
}
                              
                              
----------------------------------------
Epoch 009 with LR 0.000294: Model Results
----------------------------------------
Train MSE Loss: 1.7172, Train CLS Loss: 0.0000, Train MCLS Loss: 0.0000
Protein Cluster Region Loss - Ortho Loss: 0.0000, Cluster Loss: 0.0000
                              
Validation Results: {
    "ci": 0.719,
    "classification_loss": 0.0,
    "cluster_loss": 0.0,
    "mae": 1.2596,
    "mse": 2.5372,
    "multiclassification_loss": 0.0,
    "ortho_loss": 0.0,
    "pearson": 0.6184,
    "regression_loss": 2.5367,
    "rm2": 0.2633,
    "rmse": 1.5929,
    "sd": 1.4195,
    "spearman": 0.606,
    "spectral_loss": 0.0
}
                              
Test Results: {
    "ci": 0.7027,
    "classification_loss": 0.0,
    "cluster_loss": 0.0,
    "mae": 1.1692,
    "mse": 2.3001,
    "multiclassification_loss": 0.0,
    "ortho_loss": 0.0,
    "pearson": 0.5764,
    "regression_loss": 2.2999,
    "rm2": 0.3264,
    "rmse": 1.5166,
    "sd": 1.5164,
    "spearman": 0.5686,
    "spectral_loss": 0.0
}
                              
                              
----------------------------------------
Epoch 010 with LR 0.000293: Model Results
----------------------------------------
Train MSE Loss: 1.5915, Train CLS Loss: 0.0000, Train MCLS Loss: 0.0000
Protein Cluster Region Loss - Ortho Loss: 0.0000, Cluster Loss: 0.0000
                              
Validation Results: {
    "ci": 0.7261,
    "classification_loss": 0.0,
    "cluster_loss": 0.0,
    "mae": 1.1276,
    "mse": 2.1412,
    "multiclassification_loss": 0.0,
    "ortho_loss": 0.0,
    "pearson": 0.6279,
    "regression_loss": 2.1398,
    "rm2": 0.332,
    "rmse": 1.4633,
    "sd": 1.4059,
    "spearman": 0.6211,
    "spectral_loss": 0.0
}
                              
Test Results: {
    "ci": 0.7027,
    "classification_loss": 0.0,
    "cluster_loss": 0.0,
    "mae": 1.1692,
    "mse": 2.3001,
    "multiclassification_loss": 0.0,
    "ortho_loss": 0.0,
    "pearson": 0.5764,
    "regression_loss": 2.2999,
    "rm2": 0.3264,
    "rmse": 1.5166,
    "sd": 1.5164,
    "spearman": 0.5686,
    "spectral_loss": 0.0
}
                              
                              
----------------------------------------
Epoch 011 with LR 0.000291: Model Results
----------------------------------------
Train MSE Loss: 1.5625, Train CLS Loss: 0.0000, Train MCLS Loss: 0.0000
Protein Cluster Region Loss - Ortho Loss: 0.0000, Cluster Loss: 0.0000
                              
Validation Results: {
    "ci": 0.7178,
    "classification_loss": 0.0,
    "cluster_loss": 0.0,
    "mae": 1.0844,
    "mse": 2.0527,
    "multiclassification_loss": 0.0,
    "ortho_loss": 0.0,
    "pearson": 0.6099,
    "regression_loss": 2.0513,
    "rm2": 0.3599,
    "rmse": 1.4327,
    "sd": 1.4315,
    "spearman": 0.6029,
    "spectral_loss": 0.0
}
                              
Test Results: {
    "ci": 0.7064,
    "classification_loss": 0.0,
    "cluster_loss": 0.0,
    "mae": 1.1449,
    "mse": 2.2528,
    "multiclassification_loss": 0.0,
    "ortho_loss": 0.0,
    "pearson": 0.5906,
    "regression_loss": 2.2534,
    "rm2": 0.3324,
    "rmse": 1.5009,
    "sd": 1.4975,
    "spearman": 0.5774,
    "spectral_loss": 0.0
}
                              
                              
----------------------------------------
Epoch 012 with LR 0.000290: Model Results
----------------------------------------
Train MSE Loss: 1.5182, Train CLS Loss: 0.0000, Train MCLS Loss: 0.0000
Protein Cluster Region Loss - Ortho Loss: 0.0000, Cluster Loss: 0.0000
                              
Validation Results: {
    "ci": 0.7295,
    "classification_loss": 0.0,
    "cluster_loss": 0.0,
    "mae": 1.0583,
    "mse": 1.9538,
    "multiclassification_loss": 0.0,
    "ortho_loss": 0.0,
    "pearson": 0.6341,
    "regression_loss": 1.9529,
    "rm2": 0.3987,
    "rmse": 1.3978,
    "sd": 1.3966,
    "spearman": 0.6307,
    "spectral_loss": 0.0
}
                              
Test Results: {
    "ci": 0.7204,
    "classification_loss": 0.0,
    "cluster_loss": 0.0,
    "mae": 1.1022,
    "mse": 2.1046,
    "multiclassification_loss": 0.0,
    "ortho_loss": 0.0,
    "pearson": 0.6244,
    "regression_loss": 2.1046,
    "rm2": 0.3865,
    "rmse": 1.4507,
    "sd": 1.4494,
    "spearman": 0.6083,
    "spectral_loss": 0.0
}
                              
                              
----------------------------------------
Epoch 013 with LR 0.000288: Model Results
----------------------------------------
Train MSE Loss: 1.4630, Train CLS Loss: 0.0000, Train MCLS Loss: 0.0000
Protein Cluster Region Loss - Ortho Loss: 0.0000, Cluster Loss: 0.0000
                              
Validation Results: {
    "ci": 0.7326,
    "classification_loss": 0.0,
    "cluster_loss": 0.0,
    "mae": 1.1242,
    "mse": 2.2824,
    "multiclassification_loss": 0.0,
    "ortho_loss": 0.0,
    "pearson": 0.6421,
    "regression_loss": 2.2814,
    "rm2": 0.3509,
    "rmse": 1.5108,
    "sd": 1.3847,
    "spearman": 0.6356,
    "spectral_loss": 0.0
}
                              
Test Results: {
    "ci": 0.7204,
    "classification_loss": 0.0,
    "cluster_loss": 0.0,
    "mae": 1.1022,
    "mse": 2.1046,
    "multiclassification_loss": 0.0,
    "ortho_loss": 0.0,
    "pearson": 0.6244,
    "regression_loss": 2.1046,
    "rm2": 0.3865,
    "rmse": 1.4507,
    "sd": 1.4494,
    "spearman": 0.6083,
    "spectral_loss": 0.0
}
                              
                              
----------------------------------------
Epoch 014 with LR 0.000286: Model Results
----------------------------------------
Train MSE Loss: 1.4815, Train CLS Loss: 0.0000, Train MCLS Loss: 0.0000
Protein Cluster Region Loss - Ortho Loss: 0.0000, Cluster Loss: 0.0000
                              
Validation Results: {
    "ci": 0.7328,
    "classification_loss": 0.0,
    "cluster_loss": 0.0,
    "mae": 1.0751,
    "mse": 2.0263,
    "multiclassification_loss": 0.0,
    "ortho_loss": 0.0,
    "pearson": 0.6424,
    "regression_loss": 2.0261,
    "rm2": 0.345,
    "rmse": 1.4235,
    "sd": 1.3842,
    "spearman": 0.6356,
    "spectral_loss": 0.0
}
                              
Test Results: {
    "ci": 0.7204,
    "classification_loss": 0.0,
    "cluster_loss": 0.0,
    "mae": 1.1022,
    "mse": 2.1046,
    "multiclassification_loss": 0.0,
    "ortho_loss": 0.0,
    "pearson": 0.6244,
    "regression_loss": 2.1046,
    "rm2": 0.3865,
    "rmse": 1.4507,
    "sd": 1.4494,
    "spearman": 0.6083,
    "spectral_loss": 0.0
}
                              
                              
----------------------------------------
Epoch 015 with LR 0.000284: Model Results
----------------------------------------
Train MSE Loss: 1.4498, Train CLS Loss: 0.0000, Train MCLS Loss: 0.0000
Protein Cluster Region Loss - Ortho Loss: 0.0000, Cluster Loss: 0.0000
                              
Validation Results: {
    "ci": 0.7336,
    "classification_loss": 0.0,
    "cluster_loss": 0.0,
    "mae": 1.0728,
    "mse": 2.034,
    "multiclassification_loss": 0.0,
    "ortho_loss": 0.0,
    "pearson": 0.6404,
    "regression_loss": 2.0334,
    "rm2": 0.3467,
    "rmse": 1.4262,
    "sd": 1.3873,
    "spearman": 0.6409,
    "spectral_loss": 0.0
}
                              
Test Results: {
    "ci": 0.7204,
    "classification_loss": 0.0,
    "cluster_loss": 0.0,
    "mae": 1.1022,
    "mse": 2.1046,
    "multiclassification_loss": 0.0,
    "ortho_loss": 0.0,
    "pearson": 0.6244,
    "regression_loss": 2.1046,
    "rm2": 0.3865,
    "rmse": 1.4507,
    "sd": 1.4494,
    "spearman": 0.6083,
    "spectral_loss": 0.0
}
                              
                              
----------------------------------------
Epoch 016 with LR 0.000282: Model Results
----------------------------------------
Train MSE Loss: 1.3938, Train CLS Loss: 0.0000, Train MCLS Loss: 0.0000
Protein Cluster Region Loss - Ortho Loss: 0.0000, Cluster Loss: 0.0000
                              
Validation Results: {
    "ci": 0.7352,
    "classification_loss": 0.0,
    "cluster_loss": 0.0,
    "mae": 1.0907,
    "mse": 2.1808,
    "multiclassification_loss": 0.0,
    "ortho_loss": 0.0,
    "pearson": 0.6464,
    "regression_loss": 2.1808,
    "rm2": 0.3666,
    "rmse": 1.4768,
    "sd": 1.3782,
    "spearman": 0.6436,
    "spectral_loss": 0.0
}
                              
Test Results: {
    "ci": 0.7204,
    "classification_loss": 0.0,
    "cluster_loss": 0.0,
    "mae": 1.1022,
    "mse": 2.1046,
    "multiclassification_loss": 0.0,
    "ortho_loss": 0.0,
    "pearson": 0.6244,
    "regression_loss": 2.1046,
    "rm2": 0.3865,
    "rmse": 1.4507,
    "sd": 1.4494,
    "spearman": 0.6083,
    "spectral_loss": 0.0
}
                              
                              
----------------------------------------
Epoch 017 with LR 0.000279: Model Results
----------------------------------------
Train MSE Loss: 1.3719, Train CLS Loss: 0.0000, Train MCLS Loss: 0.0000
Protein Cluster Region Loss - Ortho Loss: 0.0000, Cluster Loss: 0.0000
                              
Validation Results: {
    "ci": 0.7338,
    "classification_loss": 0.0,
    "cluster_loss": 0.0,
    "mae": 1.0473,
    "mse": 1.9356,
    "multiclassification_loss": 0.0,
    "ortho_loss": 0.0,
    "pearson": 0.6458,
    "regression_loss": 1.9359,
    "rm2": 0.3786,
    "rmse": 1.3913,
    "sd": 1.3791,
    "spearman": 0.6389,
    "spectral_loss": 0.0
}
                              
Test Results: {
    "ci": 0.7197,
    "classification_loss": 0.0,
    "cluster_loss": 0.0,
    "mae": 1.1051,
    "mse": 2.1249,
    "multiclassification_loss": 0.0,
    "ortho_loss": 0.0,
    "pearson": 0.6288,
    "regression_loss": 2.1242,
    "rm2": 0.3564,
    "rmse": 1.4577,
    "sd": 1.4429,
    "spearman": 0.6023,
    "spectral_loss": 0.0
}
                              
                              
----------------------------------------
Epoch 018 with LR 0.000277: Model Results
----------------------------------------
Train MSE Loss: 1.3242, Train CLS Loss: 0.0000, Train MCLS Loss: 0.0000
Protein Cluster Region Loss - Ortho Loss: 0.0000, Cluster Loss: 0.0000
                              
Validation Results: {
    "ci": 0.7352,
    "classification_loss": 0.0,
    "cluster_loss": 0.0,
    "mae": 1.0696,
    "mse": 1.96,
    "multiclassification_loss": 0.0,
    "ortho_loss": 0.0,
    "pearson": 0.6427,
    "regression_loss": 1.9595,
    "rm2": 0.3921,
    "rmse": 1.4,
    "sd": 1.3838,
    "spearman": 0.6439,
    "spectral_loss": 0.0
}
                              
Test Results: {
    "ci": 0.7197,
    "classification_loss": 0.0,
    "cluster_loss": 0.0,
    "mae": 1.1051,
    "mse": 2.1249,
    "multiclassification_loss": 0.0,
    "ortho_loss": 0.0,
    "pearson": 0.6288,
    "regression_loss": 2.1242,
    "rm2": 0.3564,
    "rmse": 1.4577,
    "sd": 1.4429,
    "spearman": 0.6023,
    "spectral_loss": 0.0
}
                              
                              
----------------------------------------
Epoch 019 with LR 0.000274: Model Results
----------------------------------------
Train MSE Loss: 1.3424, Train CLS Loss: 0.0000, Train MCLS Loss: 0.0000
Protein Cluster Region Loss - Ortho Loss: 0.0000, Cluster Loss: 0.0000
                              
Validation Results: {
    "ci": 0.7401,
    "classification_loss": 0.0,
    "cluster_loss": 0.0,
    "mae": 1.1955,
    "mse": 2.5447,
    "multiclassification_loss": 0.0,
    "ortho_loss": 0.0,
    "pearson": 0.6542,
    "regression_loss": 2.5454,
    "rm2": 0.3371,
    "rmse": 1.5952,
    "sd": 1.3661,
    "spearman": 0.6556,
    "spectral_loss": 0.0
}
                              
Test Results: {
    "ci": 0.7197,
    "classification_loss": 0.0,
    "cluster_loss": 0.0,
    "mae": 1.1051,
    "mse": 2.1249,
    "multiclassification_loss": 0.0,
    "ortho_loss": 0.0,
    "pearson": 0.6288,
    "regression_loss": 2.1242,
    "rm2": 0.3564,
    "rmse": 1.4577,
    "sd": 1.4429,
    "spearman": 0.6023,
    "spectral_loss": 0.0
}
                              
                              
----------------------------------------
Epoch 020 with LR 0.000271: Model Results
----------------------------------------
Train MSE Loss: 1.2898, Train CLS Loss: 0.0000, Train MCLS Loss: 0.0000
Protein Cluster Region Loss - Ortho Loss: 0.0000, Cluster Loss: 0.0000
                              
Validation Results: {
    "ci": 0.7375,
    "classification_loss": 0.0,
    "cluster_loss": 0.0,
    "mae": 1.0458,
    "mse": 2.0291,
    "multiclassification_loss": 0.0,
    "ortho_loss": 0.0,
    "pearson": 0.6545,
    "regression_loss": 2.0295,
    "rm2": 0.3746,
    "rmse": 1.4245,
    "sd": 1.3656,
    "spearman": 0.6477,
    "spectral_loss": 0.0
}
                              
Test Results: {
    "ci": 0.7197,
    "classification_loss": 0.0,
    "cluster_loss": 0.0,
    "mae": 1.1051,
    "mse": 2.1249,
    "multiclassification_loss": 0.0,
    "ortho_loss": 0.0,
    "pearson": 0.6288,
    "regression_loss": 2.1242,
    "rm2": 0.3564,
    "rmse": 1.4577,
    "sd": 1.4429,
    "spearman": 0.6023,
    "spectral_loss": 0.0
}
                              
                              
----------------------------------------
Epoch 021 with LR 0.000269: Model Results
----------------------------------------
Train MSE Loss: 1.2551, Train CLS Loss: 0.0000, Train MCLS Loss: 0.0000
Protein Cluster Region Loss - Ortho Loss: 0.0000, Cluster Loss: 0.0000
                              
Validation Results: {
    "ci": 0.7285,
    "classification_loss": 0.0,
    "cluster_loss": 0.0,
    "mae": 1.1331,
    "mse": 2.2439,
    "multiclassification_loss": 0.0,
    "ortho_loss": 0.0,
    "pearson": 0.6306,
    "regression_loss": 2.2432,
    "rm2": 0.3064,
    "rmse": 1.498,
    "sd": 1.4018,
    "spearman": 0.6261,
    "spectral_loss": 0.0
}
                              
Test Results: {
    "ci": 0.7197,
    "classification_loss": 0.0,
    "cluster_loss": 0.0,
    "mae": 1.1051,
    "mse": 2.1249,
    "multiclassification_loss": 0.0,
    "ortho_loss": 0.0,
    "pearson": 0.6288,
    "regression_loss": 2.1242,
    "rm2": 0.3564,
    "rmse": 1.4577,
    "sd": 1.4429,
    "spearman": 0.6023,
    "spectral_loss": 0.0
}
                              
                              
----------------------------------------
Epoch 022 with LR 0.000266: Model Results
----------------------------------------
Train MSE Loss: 1.2492, Train CLS Loss: 0.0000, Train MCLS Loss: 0.0000
Protein Cluster Region Loss - Ortho Loss: 0.0000, Cluster Loss: 0.0000
                              
Validation Results: {
    "ci": 0.7399,
    "classification_loss": 0.0,
    "cluster_loss": 0.0,
    "mae": 1.0104,
    "mse": 1.8733,
    "multiclassification_loss": 0.0,
    "ortho_loss": 0.0,
    "pearson": 0.6579,
    "regression_loss": 1.8736,
    "rm2": 0.4003,
    "rmse": 1.3687,
    "sd": 1.3603,
    "spearman": 0.6525,
    "spectral_loss": 0.0
}
                              
Test Results: {
    "ci": 0.7289,
    "classification_loss": 0.0,
    "cluster_loss": 0.0,
    "mae": 1.0605,
    "mse": 2.0382,
    "multiclassification_loss": 0.0,
    "ortho_loss": 0.0,
    "pearson": 0.6461,
    "regression_loss": 2.0375,
    "rm2": 0.3831,
    "rmse": 1.4277,
    "sd": 1.4164,
    "spearman": 0.6255,
    "spectral_loss": 0.0
}
                              
                              
----------------------------------------
Epoch 023 with LR 0.000263: Model Results
----------------------------------------
Train MSE Loss: 1.2296, Train CLS Loss: 0.0000, Train MCLS Loss: 0.0000
Protein Cluster Region Loss - Ortho Loss: 0.0000, Cluster Loss: 0.0000
                              
Validation Results: {
    "ci": 0.7391,
    "classification_loss": 0.0,
    "cluster_loss": 0.0,
    "mae": 1.0319,
    "mse": 2.031,
    "multiclassification_loss": 0.0,
    "ortho_loss": 0.0,
    "pearson": 0.651,
    "regression_loss": 2.0314,
    "rm2": 0.4038,
    "rmse": 1.4251,
    "sd": 1.3711,
    "spearman": 0.6489,
    "spectral_loss": 0.0
}
                              
Test Results: {
    "ci": 0.7289,
    "classification_loss": 0.0,
    "cluster_loss": 0.0,
    "mae": 1.0605,
    "mse": 2.0382,
    "multiclassification_loss": 0.0,
    "ortho_loss": 0.0,
    "pearson": 0.6461,
    "regression_loss": 2.0375,
    "rm2": 0.3831,
    "rmse": 1.4277,
    "sd": 1.4164,
    "spearman": 0.6255,
    "spectral_loss": 0.0
}
                              
                              
----------------------------------------
Epoch 024 with LR 0.000259: Model Results
----------------------------------------
Train MSE Loss: 1.2391, Train CLS Loss: 0.0000, Train MCLS Loss: 0.0000
Protein Cluster Region Loss - Ortho Loss: 0.0000, Cluster Loss: 0.0000
                              
Validation Results: {
    "ci": 0.7375,
    "classification_loss": 0.0,
    "cluster_loss": 0.0,
    "mae": 1.0404,
    "mse": 2.0405,
    "multiclassification_loss": 0.0,
    "ortho_loss": 0.0,
    "pearson": 0.6449,
    "regression_loss": 2.0413,
    "rm2": 0.4141,
    "rmse": 1.4284,
    "sd": 1.3804,
    "spearman": 0.646,
    "spectral_loss": 0.0
}
                              
Test Results: {
    "ci": 0.7289,
    "classification_loss": 0.0,
    "cluster_loss": 0.0,
    "mae": 1.0605,
    "mse": 2.0382,
    "multiclassification_loss": 0.0,
    "ortho_loss": 0.0,
    "pearson": 0.6461,
    "regression_loss": 2.0375,
    "rm2": 0.3831,
    "rmse": 1.4277,
    "sd": 1.4164,
    "spearman": 0.6255,
    "spectral_loss": 0.0
}
                              
                              
----------------------------------------
Epoch 025 with LR 0.000256: Model Results
----------------------------------------
Train MSE Loss: 1.1779, Train CLS Loss: 0.0000, Train MCLS Loss: 0.0000
Protein Cluster Region Loss - Ortho Loss: 0.0000, Cluster Loss: 0.0000
                              
Validation Results: {
    "ci": 0.7414,
    "classification_loss": 0.0,
    "cluster_loss": 0.0,
    "mae": 1.0014,
    "mse": 1.9098,
    "multiclassification_loss": 0.0,
    "ortho_loss": 0.0,
    "pearson": 0.6527,
    "regression_loss": 1.9092,
    "rm2": 0.3916,
    "rmse": 1.3819,
    "sd": 1.3685,
    "spearman": 0.6531,
    "spectral_loss": 0.0
}
                              
Test Results: {
    "ci": 0.7289,
    "classification_loss": 0.0,
    "cluster_loss": 0.0,
    "mae": 1.0605,
    "mse": 2.0382,
    "multiclassification_loss": 0.0,
    "ortho_loss": 0.0,
    "pearson": 0.6461,
    "regression_loss": 2.0375,
    "rm2": 0.3831,
    "rmse": 1.4277,
    "sd": 1.4164,
    "spearman": 0.6255,
    "spectral_loss": 0.0
}
                              
                              
----------------------------------------
Epoch 026 with LR 0.000253: Model Results
----------------------------------------
Train MSE Loss: 1.1483, Train CLS Loss: 0.0000, Train MCLS Loss: 0.0000
Protein Cluster Region Loss - Ortho Loss: 0.0000, Cluster Loss: 0.0000
                              
Validation Results: {
    "ci": 0.7372,
    "classification_loss": 0.0,
    "cluster_loss": 0.0,
    "mae": 1.024,
    "mse": 1.9851,
    "multiclassification_loss": 0.0,
    "ortho_loss": 0.0,
    "pearson": 0.6471,
    "regression_loss": 1.9847,
    "rm2": 0.4068,
    "rmse": 1.4089,
    "sd": 1.3771,
    "spearman": 0.6454,
    "spectral_loss": 0.0
}
                              
Test Results: {
    "ci": 0.7289,
    "classification_loss": 0.0,
    "cluster_loss": 0.0,
    "mae": 1.0605,
    "mse": 2.0382,
    "multiclassification_loss": 0.0,
    "ortho_loss": 0.0,
    "pearson": 0.6461,
    "regression_loss": 2.0375,
    "rm2": 0.3831,
    "rmse": 1.4277,
    "sd": 1.4164,
    "spearman": 0.6255,
    "spectral_loss": 0.0
}
                              
                              
----------------------------------------
Epoch 027 with LR 0.000249: Model Results
----------------------------------------
Train MSE Loss: 1.1259, Train CLS Loss: 0.0000, Train MCLS Loss: 0.0000
Protein Cluster Region Loss - Ortho Loss: 0.0000, Cluster Loss: 0.0000
                              
Validation Results: {
    "ci": 0.7401,
    "classification_loss": 0.0,
    "cluster_loss": 0.0,
    "mae": 1.022,
    "mse": 1.9547,
    "multiclassification_loss": 0.0,
    "ortho_loss": 0.0,
    "pearson": 0.6534,
    "regression_loss": 1.955,
    "rm2": 0.3855,
    "rmse": 1.3981,
    "sd": 1.3674,
    "spearman": 0.6517,
    "spectral_loss": 0.0
}
                              
Test Results: {
    "ci": 0.7289,
    "classification_loss": 0.0,
    "cluster_loss": 0.0,
    "mae": 1.0605,
    "mse": 2.0382,
    "multiclassification_loss": 0.0,
    "ortho_loss": 0.0,
    "pearson": 0.6461,
    "regression_loss": 2.0375,
    "rm2": 0.3831,
    "rmse": 1.4277,
    "sd": 1.4164,
    "spearman": 0.6255,
    "spectral_loss": 0.0
}
                              
                              
----------------------------------------
Epoch 028 with LR 0.000246: Model Results
----------------------------------------
Train MSE Loss: 1.1322, Train CLS Loss: 0.0000, Train MCLS Loss: 0.0000
Protein Cluster Region Loss - Ortho Loss: 0.0000, Cluster Loss: 0.0000
                              
Validation Results: {
    "ci": 0.7415,
    "classification_loss": 0.0,
    "cluster_loss": 0.0,
    "mae": 1.0607,
    "mse": 2.0256,
    "multiclassification_loss": 0.0,
    "ortho_loss": 0.0,
    "pearson": 0.6504,
    "regression_loss": 2.0257,
    "rm2": 0.3453,
    "rmse": 1.4233,
    "sd": 1.372,
    "spearman": 0.6553,
    "spectral_loss": 0.0
}
                              
Test Results: {
    "ci": 0.7289,
    "classification_loss": 0.0,
    "cluster_loss": 0.0,
    "mae": 1.0605,
    "mse": 2.0382,
    "multiclassification_loss": 0.0,
    "ortho_loss": 0.0,
    "pearson": 0.6461,
    "regression_loss": 2.0375,
    "rm2": 0.3831,
    "rmse": 1.4277,
    "sd": 1.4164,
    "spearman": 0.6255,
    "spectral_loss": 0.0
}
                              
                              
----------------------------------------
Epoch 029 with LR 0.000242: Model Results
----------------------------------------
Train MSE Loss: 1.1290, Train CLS Loss: 0.0000, Train MCLS Loss: 0.0000
Protein Cluster Region Loss - Ortho Loss: 0.0000, Cluster Loss: 0.0000
                              
Validation Results: {
    "ci": 0.7462,
    "classification_loss": 0.0,
    "cluster_loss": 0.0,
    "mae": 0.9833,
    "mse": 1.8342,
    "multiclassification_loss": 0.0,
    "ortho_loss": 0.0,
    "pearson": 0.6667,
    "regression_loss": 1.8342,
    "rm2": 0.4407,
    "rmse": 1.3543,
    "sd": 1.3463,
    "spearman": 0.6644,
    "spectral_loss": 0.0
}
                              
Test Results: {
    "ci": 0.7383,
    "classification_loss": 0.0,
    "cluster_loss": 0.0,
    "mae": 1.0198,
    "mse": 1.9401,
    "multiclassification_loss": 0.0,
    "ortho_loss": 0.0,
    "pearson": 0.6647,
    "regression_loss": 1.9396,
    "rm2": 0.4409,
    "rmse": 1.3929,
    "sd": 1.3864,
    "spearman": 0.6468,
    "spectral_loss": 0.0
}
                              
                              
----------------------------------------
Epoch 030 with LR 0.000238: Model Results
----------------------------------------
Train MSE Loss: 1.1035, Train CLS Loss: 0.0000, Train MCLS Loss: 0.0000
Protein Cluster Region Loss - Ortho Loss: 0.0000, Cluster Loss: 0.0000
                              
Validation Results: {
    "ci": 0.7403,
    "classification_loss": 0.0,
    "cluster_loss": 0.0,
    "mae": 1.0162,
    "mse": 1.9457,
    "multiclassification_loss": 0.0,
    "ortho_loss": 0.0,
    "pearson": 0.6488,
    "regression_loss": 1.9447,
    "rm2": 0.3805,
    "rmse": 1.3949,
    "sd": 1.3745,
    "spearman": 0.6522,
    "spectral_loss": 0.0
}
                              
Test Results: {
    "ci": 0.7383,
    "classification_loss": 0.0,
    "cluster_loss": 0.0,
    "mae": 1.0198,
    "mse": 1.9401,
    "multiclassification_loss": 0.0,
    "ortho_loss": 0.0,
    "pearson": 0.6647,
    "regression_loss": 1.9396,
    "rm2": 0.4409,
    "rmse": 1.3929,
    "sd": 1.3864,
    "spearman": 0.6468,
    "spectral_loss": 0.0
}
                              
                              
----------------------------------------
Epoch 031 with LR 0.000235: Model Results
----------------------------------------
Train MSE Loss: 1.0811, Train CLS Loss: 0.0000, Train MCLS Loss: 0.0000
Protein Cluster Region Loss - Ortho Loss: 0.0000, Cluster Loss: 0.0000
                              
Validation Results: {
    "ci": 0.7456,
    "classification_loss": 0.0,
    "cluster_loss": 0.0,
    "mae": 0.9966,
    "mse": 1.9095,
    "multiclassification_loss": 0.0,
    "ortho_loss": 0.0,
    "pearson": 0.6628,
    "regression_loss": 1.91,
    "rm2": 0.4174,
    "rmse": 1.3819,
    "sd": 1.3526,
    "spearman": 0.6624,
    "spectral_loss": 0.0
}
                              
Test Results: {
    "ci": 0.7383,
    "classification_loss": 0.0,
    "cluster_loss": 0.0,
    "mae": 1.0198,
    "mse": 1.9401,
    "multiclassification_loss": 0.0,
    "ortho_loss": 0.0,
    "pearson": 0.6647,
    "regression_loss": 1.9396,
    "rm2": 0.4409,
    "rmse": 1.3929,
    "sd": 1.3864,
    "spearman": 0.6468,
    "spectral_loss": 0.0
}
                              
                              
----------------------------------------
Epoch 032 with LR 0.000231: Model Results
----------------------------------------
Train MSE Loss: 1.0650, Train CLS Loss: 0.0000, Train MCLS Loss: 0.0000
Protein Cluster Region Loss - Ortho Loss: 0.0000, Cluster Loss: 0.0000
                              
Validation Results: {
    "ci": 0.7415,
    "classification_loss": 0.0,
    "cluster_loss": 0.0,
    "mae": 1.0523,
    "mse": 1.9396,
    "multiclassification_loss": 0.0,
    "ortho_loss": 0.0,
    "pearson": 0.6503,
    "regression_loss": 1.9396,
    "rm2": 0.3862,
    "rmse": 1.3927,
    "sd": 1.3722,
    "spearman": 0.6543,
    "spectral_loss": 0.0
}
                              
Test Results: {
    "ci": 0.7383,
    "classification_loss": 0.0,
    "cluster_loss": 0.0,
    "mae": 1.0198,
    "mse": 1.9401,
    "multiclassification_loss": 0.0,
    "ortho_loss": 0.0,
    "pearson": 0.6647,
    "regression_loss": 1.9396,
    "rm2": 0.4409,
    "rmse": 1.3929,
    "sd": 1.3864,
    "spearman": 0.6468,
    "spectral_loss": 0.0
}
                              
                              
----------------------------------------
Epoch 033 with LR 0.000227: Model Results
----------------------------------------
Train MSE Loss: 1.0431, Train CLS Loss: 0.0000, Train MCLS Loss: 0.0000
Protein Cluster Region Loss - Ortho Loss: 0.0000, Cluster Loss: 0.0000
                              
Validation Results: {
    "ci": 0.7488,
    "classification_loss": 0.0,
    "cluster_loss": 0.0,
    "mae": 0.9856,
    "mse": 1.8093,
    "multiclassification_loss": 0.0,
    "ortho_loss": 0.0,
    "pearson": 0.6685,
    "regression_loss": 1.8106,
    "rm2": 0.4364,
    "rmse": 1.3451,
    "sd": 1.3433,
    "spearman": 0.6694,
    "spectral_loss": 0.0
}
                              
Test Results: {
    "ci": 0.7499,
    "classification_loss": 0.0,
    "cluster_loss": 0.0,
    "mae": 0.9918,
    "mse": 1.776,
    "multiclassification_loss": 0.0,
    "ortho_loss": 0.0,
    "pearson": 0.6959,
    "regression_loss": 1.7758,
    "rm2": 0.481,
    "rmse": 1.3327,
    "sd": 1.3327,
    "spearman": 0.6746,
    "spectral_loss": 0.0
}
                              
                              
----------------------------------------
Epoch 034 with LR 0.000223: Model Results
----------------------------------------
Train MSE Loss: 1.0457, Train CLS Loss: 0.0000, Train MCLS Loss: 0.0000
Protein Cluster Region Loss - Ortho Loss: 0.0000, Cluster Loss: 0.0000
                              
Validation Results: {
    "ci": 0.7475,
    "classification_loss": 0.0,
    "cluster_loss": 0.0,
    "mae": 1.0021,
    "mse": 1.9355,
    "multiclassification_loss": 0.0,
    "ortho_loss": 0.0,
    "pearson": 0.6648,
    "regression_loss": 1.9361,
    "rm2": 0.4377,
    "rmse": 1.3912,
    "sd": 1.3494,
    "spearman": 0.6678,
    "spectral_loss": 0.0
}
                              
Test Results: {
    "ci": 0.7499,
    "classification_loss": 0.0,
    "cluster_loss": 0.0,
    "mae": 0.9918,
    "mse": 1.776,
    "multiclassification_loss": 0.0,
    "ortho_loss": 0.0,
    "pearson": 0.6959,
    "regression_loss": 1.7758,
    "rm2": 0.481,
    "rmse": 1.3327,
    "sd": 1.3327,
    "spearman": 0.6746,
    "spectral_loss": 0.0
}
                              
                              
----------------------------------------
Epoch 035 with LR 0.000218: Model Results
----------------------------------------
Train MSE Loss: 1.0223, Train CLS Loss: 0.0000, Train MCLS Loss: 0.0000
Protein Cluster Region Loss - Ortho Loss: 0.0000, Cluster Loss: 0.0000
                              
Validation Results: {
    "ci": 0.7449,
    "classification_loss": 0.0,
    "cluster_loss": 0.0,
    "mae": 1.0252,
    "mse": 2.0471,
    "multiclassification_loss": 0.0,
    "ortho_loss": 0.0,
    "pearson": 0.6602,
    "regression_loss": 2.0474,
    "rm2": 0.4338,
    "rmse": 1.4308,
    "sd": 1.3566,
    "spearman": 0.6621,
    "spectral_loss": 0.0
}
                              
Test Results: {
    "ci": 0.7499,
    "classification_loss": 0.0,
    "cluster_loss": 0.0,
    "mae": 0.9918,
    "mse": 1.776,
    "multiclassification_loss": 0.0,
    "ortho_loss": 0.0,
    "pearson": 0.6959,
    "regression_loss": 1.7758,
    "rm2": 0.481,
    "rmse": 1.3327,
    "sd": 1.3327,
    "spearman": 0.6746,
    "spectral_loss": 0.0
}
                              
                              
----------------------------------------
Epoch 036 with LR 0.000214: Model Results
----------------------------------------
Train MSE Loss: 1.0388, Train CLS Loss: 0.0000, Train MCLS Loss: 0.0000
Protein Cluster Region Loss - Ortho Loss: 0.0000, Cluster Loss: 0.0000
                              
Validation Results: {
    "ci": 0.7418,
    "classification_loss": 0.0,
    "cluster_loss": 0.0,
    "mae": 1.0251,
    "mse": 2.0205,
    "multiclassification_loss": 0.0,
    "ortho_loss": 0.0,
    "pearson": 0.6562,
    "regression_loss": 2.0206,
    "rm2": 0.3917,
    "rmse": 1.4215,
    "sd": 1.363,
    "spearman": 0.6547,
    "spectral_loss": 0.0
}
                              
Test Results: {
    "ci": 0.7499,
    "classification_loss": 0.0,
    "cluster_loss": 0.0,
    "mae": 0.9918,
    "mse": 1.776,
    "multiclassification_loss": 0.0,
    "ortho_loss": 0.0,
    "pearson": 0.6959,
    "regression_loss": 1.7758,
    "rm2": 0.481,
    "rmse": 1.3327,
    "sd": 1.3327,
    "spearman": 0.6746,
    "spectral_loss": 0.0
}
                              
                              
----------------------------------------
Epoch 037 with LR 0.000210: Model Results
----------------------------------------
Train MSE Loss: 1.0042, Train CLS Loss: 0.0000, Train MCLS Loss: 0.0000
Protein Cluster Region Loss - Ortho Loss: 0.0000, Cluster Loss: 0.0000
                              
Validation Results: {
    "ci": 0.7485,
    "classification_loss": 0.0,
    "cluster_loss": 0.0,
    "mae": 0.9907,
    "mse": 1.8862,
    "multiclassification_loss": 0.0,
    "ortho_loss": 0.0,
    "pearson": 0.67,
    "regression_loss": 1.8873,
    "rm2": 0.417,
    "rmse": 1.3734,
    "sd": 1.3409,
    "spearman": 0.6692,
    "spectral_loss": 0.0
}
                              
Test Results: {
    "ci": 0.7499,
    "classification_loss": 0.0,
    "cluster_loss": 0.0,
    "mae": 0.9918,
    "mse": 1.776,
    "multiclassification_loss": 0.0,
    "ortho_loss": 0.0,
    "pearson": 0.6959,
    "regression_loss": 1.7758,
    "rm2": 0.481,
    "rmse": 1.3327,
    "sd": 1.3327,
    "spearman": 0.6746,
    "spectral_loss": 0.0
}
                              
                              
----------------------------------------
Epoch 038 with LR 0.000206: Model Results
----------------------------------------
Train MSE Loss: 0.9755, Train CLS Loss: 0.0000, Train MCLS Loss: 0.0000
Protein Cluster Region Loss - Ortho Loss: 0.0000, Cluster Loss: 0.0000
                              
Validation Results: {
    "ci": 0.7489,
    "classification_loss": 0.0,
    "cluster_loss": 0.0,
    "mae": 0.9952,
    "mse": 1.8408,
    "multiclassification_loss": 0.0,
    "ortho_loss": 0.0,
    "pearson": 0.6723,
    "regression_loss": 1.8411,
    "rm2": 0.4096,
    "rmse": 1.3568,
    "sd": 1.3371,
    "spearman": 0.6722,
    "spectral_loss": 0.0
}
                              
Test Results: {
    "ci": 0.7499,
    "classification_loss": 0.0,
    "cluster_loss": 0.0,
    "mae": 0.9918,
    "mse": 1.776,
    "multiclassification_loss": 0.0,
    "ortho_loss": 0.0,
    "pearson": 0.6959,
    "regression_loss": 1.7758,
    "rm2": 0.481,
    "rmse": 1.3327,
    "sd": 1.3327,
    "spearman": 0.6746,
    "spectral_loss": 0.0
}
                              
                              
----------------------------------------
Epoch 039 with LR 0.000201: Model Results
----------------------------------------
Train MSE Loss: 0.9747, Train CLS Loss: 0.0000, Train MCLS Loss: 0.0000
Protein Cluster Region Loss - Ortho Loss: 0.0000, Cluster Loss: 0.0000
                              
Validation Results: {
    "ci": 0.7465,
    "classification_loss": 0.0,
    "cluster_loss": 0.0,
    "mae": 0.9895,
    "mse": 1.8699,
    "multiclassification_loss": 0.0,
    "ortho_loss": 0.0,
    "pearson": 0.6661,
    "regression_loss": 1.8702,
    "rm2": 0.4109,
    "rmse": 1.3674,
    "sd": 1.3472,
    "spearman": 0.6644,
    "spectral_loss": 0.0
}
                              
Test Results: {
    "ci": 0.7499,
    "classification_loss": 0.0,
    "cluster_loss": 0.0,
    "mae": 0.9918,
    "mse": 1.776,
    "multiclassification_loss": 0.0,
    "ortho_loss": 0.0,
    "pearson": 0.6959,
    "regression_loss": 1.7758,
    "rm2": 0.481,
    "rmse": 1.3327,
    "sd": 1.3327,
    "spearman": 0.6746,
    "spectral_loss": 0.0
}
                              
                              
----------------------------------------
Epoch 040 with LR 0.000197: Model Results
----------------------------------------
Train MSE Loss: 0.9607, Train CLS Loss: 0.0000, Train MCLS Loss: 0.0000
Protein Cluster Region Loss - Ortho Loss: 0.0000, Cluster Loss: 0.0000
                              
Validation Results: {
    "ci": 0.7492,
    "classification_loss": 0.0,
    "cluster_loss": 0.0,
    "mae": 0.9796,
    "mse": 1.8299,
    "multiclassification_loss": 0.0,
    "ortho_loss": 0.0,
    "pearson": 0.6733,
    "regression_loss": 1.8307,
    "rm2": 0.4402,
    "rmse": 1.3527,
    "sd": 1.3355,
    "spearman": 0.669,
    "spectral_loss": 0.0
}
                              
Test Results: {
    "ci": 0.7499,
    "classification_loss": 0.0,
    "cluster_loss": 0.0,
    "mae": 0.9918,
    "mse": 1.776,
    "multiclassification_loss": 0.0,
    "ortho_loss": 0.0,
    "pearson": 0.6959,
    "regression_loss": 1.7758,
    "rm2": 0.481,
    "rmse": 1.3327,
    "sd": 1.3327,
    "spearman": 0.6746,
    "spectral_loss": 0.0
}
                              
                              
----------------------------------------
Epoch 041 with LR 0.000192: Model Results
----------------------------------------
Train MSE Loss: 0.9407, Train CLS Loss: 0.0000, Train MCLS Loss: 0.0000
Protein Cluster Region Loss - Ortho Loss: 0.0000, Cluster Loss: 0.0000
                              
Validation Results: {
    "ci": 0.7451,
    "classification_loss": 0.0,
    "cluster_loss": 0.0,
    "mae": 0.9936,
    "mse": 1.866,
    "multiclassification_loss": 0.0,
    "ortho_loss": 0.0,
    "pearson": 0.6626,
    "regression_loss": 1.8654,
    "rm2": 0.4117,
    "rmse": 1.366,
    "sd": 1.3529,
    "spearman": 0.6606,
    "spectral_loss": 0.0
}
                              
Test Results: {
    "ci": 0.7499,
    "classification_loss": 0.0,
    "cluster_loss": 0.0,
    "mae": 0.9918,
    "mse": 1.776,
    "multiclassification_loss": 0.0,
    "ortho_loss": 0.0,
    "pearson": 0.6959,
    "regression_loss": 1.7758,
    "rm2": 0.481,
    "rmse": 1.3327,
    "sd": 1.3327,
    "spearman": 0.6746,
    "spectral_loss": 0.0
}
                              
                              
----------------------------------------
Epoch 042 with LR 0.000188: Model Results
----------------------------------------
Train MSE Loss: 0.9192, Train CLS Loss: 0.0000, Train MCLS Loss: 0.0000
Protein Cluster Region Loss - Ortho Loss: 0.0000, Cluster Loss: 0.0000
                              
Validation Results: {
    "ci": 0.7449,
    "classification_loss": 0.0,
    "cluster_loss": 0.0,
    "mae": 0.9819,
    "mse": 1.8966,
    "multiclassification_loss": 0.0,
    "ortho_loss": 0.0,
    "pearson": 0.6582,
    "regression_loss": 1.8966,
    "rm2": 0.4238,
    "rmse": 1.3772,
    "sd": 1.3599,
    "spearman": 0.6582,
    "spectral_loss": 0.0
}
                              
Test Results: {
    "ci": 0.7499,
    "classification_loss": 0.0,
    "cluster_loss": 0.0,
    "mae": 0.9918,
    "mse": 1.776,
    "multiclassification_loss": 0.0,
    "ortho_loss": 0.0,
    "pearson": 0.6959,
    "regression_loss": 1.7758,
    "rm2": 0.481,
    "rmse": 1.3327,
    "sd": 1.3327,
    "spearman": 0.6746,
    "spectral_loss": 0.0
}
                              
                              
----------------------------------------
Epoch 043 with LR 0.000183: Model Results
----------------------------------------
Train MSE Loss: 0.9139, Train CLS Loss: 0.0000, Train MCLS Loss: 0.0000
Protein Cluster Region Loss - Ortho Loss: 0.0000, Cluster Loss: 0.0000
                              
Validation Results: {
    "ci": 0.7459,
    "classification_loss": 0.0,
    "cluster_loss": 0.0,
    "mae": 0.9881,
    "mse": 1.8832,
    "multiclassification_loss": 0.0,
    "ortho_loss": 0.0,
    "pearson": 0.6617,
    "regression_loss": 1.8836,
    "rm2": 0.4291,
    "rmse": 1.3723,
    "sd": 1.3543,
    "spearman": 0.6617,
    "spectral_loss": 0.0
}
                              
Test Results: {
    "ci": 0.7499,
    "classification_loss": 0.0,
    "cluster_loss": 0.0,
    "mae": 0.9918,
    "mse": 1.776,
    "multiclassification_loss": 0.0,
    "ortho_loss": 0.0,
    "pearson": 0.6959,
    "regression_loss": 1.7758,
    "rm2": 0.481,
    "rmse": 1.3327,
    "sd": 1.3327,
    "spearman": 0.6746,
    "spectral_loss": 0.0
}
                              
                              
----------------------------------------
Epoch 044 with LR 0.000179: Model Results
----------------------------------------
Train MSE Loss: 0.9199, Train CLS Loss: 0.0000, Train MCLS Loss: 0.0000
Protein Cluster Region Loss - Ortho Loss: 0.0000, Cluster Loss: 0.0000
                              
Validation Results: {
    "ci": 0.7505,
    "classification_loss": 0.0,
    "cluster_loss": 0.0,
    "mae": 1.0114,
    "mse": 1.9618,
    "multiclassification_loss": 0.0,
    "ortho_loss": 0.0,
    "pearson": 0.675,
    "regression_loss": 1.9631,
    "rm2": 0.4097,
    "rmse": 1.4006,
    "sd": 1.3326,
    "spearman": 0.6722,
    "spectral_loss": 0.0
}
                              
Test Results: {
    "ci": 0.7499,
    "classification_loss": 0.0,
    "cluster_loss": 0.0,
    "mae": 0.9918,
    "mse": 1.776,
    "multiclassification_loss": 0.0,
    "ortho_loss": 0.0,
    "pearson": 0.6959,
    "regression_loss": 1.7758,
    "rm2": 0.481,
    "rmse": 1.3327,
    "sd": 1.3327,
    "spearman": 0.6746,
    "spectral_loss": 0.0
}
                              
                              
----------------------------------------
Epoch 045 with LR 0.000174: Model Results
----------------------------------------
Train MSE Loss: 0.9144, Train CLS Loss: 0.0000, Train MCLS Loss: 0.0000
Protein Cluster Region Loss - Ortho Loss: 0.0000, Cluster Loss: 0.0000
                              
Validation Results: {
    "ci": 0.7473,
    "classification_loss": 0.0,
    "cluster_loss": 0.0,
    "mae": 0.9791,
    "mse": 1.8499,
    "multiclassification_loss": 0.0,
    "ortho_loss": 0.0,
    "pearson": 0.661,
    "regression_loss": 1.8499,
    "rm2": 0.4333,
    "rmse": 1.3601,
    "sd": 1.3554,
    "spearman": 0.6628,
    "spectral_loss": 0.0
}
                              
Test Results: {
    "ci": 0.7499,
    "classification_loss": 0.0,
    "cluster_loss": 0.0,
    "mae": 0.9918,
    "mse": 1.776,
    "multiclassification_loss": 0.0,
    "ortho_loss": 0.0,
    "pearson": 0.6959,
    "regression_loss": 1.7758,
    "rm2": 0.481,
    "rmse": 1.3327,
    "sd": 1.3327,
    "spearman": 0.6746,
    "spectral_loss": 0.0
}
                              
                              
----------------------------------------
Epoch 046 with LR 0.000169: Model Results
----------------------------------------
Train MSE Loss: 0.8843, Train CLS Loss: 0.0000, Train MCLS Loss: 0.0000
Protein Cluster Region Loss - Ortho Loss: 0.0000, Cluster Loss: 0.0000
                              
Validation Results: {
    "ci": 0.7445,
    "classification_loss": 0.0,
    "cluster_loss": 0.0,
    "mae": 0.9881,
    "mse": 1.9532,
    "multiclassification_loss": 0.0,
    "ortho_loss": 0.0,
    "pearson": 0.6546,
    "regression_loss": 1.9537,
    "rm2": 0.4274,
    "rmse": 1.3976,
    "sd": 1.3654,
    "spearman": 0.6552,
    "spectral_loss": 0.0
}
                              
Test Results: {
    "ci": 0.7499,
    "classification_loss": 0.0,
    "cluster_loss": 0.0,
    "mae": 0.9918,
    "mse": 1.776,
    "multiclassification_loss": 0.0,
    "ortho_loss": 0.0,
    "pearson": 0.6959,
    "regression_loss": 1.7758,
    "rm2": 0.481,
    "rmse": 1.3327,
    "sd": 1.3327,
    "spearman": 0.6746,
    "spectral_loss": 0.0
}
                              
                              
----------------------------------------
Epoch 047 with LR 0.000165: Model Results
----------------------------------------
Train MSE Loss: 0.8711, Train CLS Loss: 0.0000, Train MCLS Loss: 0.0000
Protein Cluster Region Loss - Ortho Loss: 0.0000, Cluster Loss: 0.0000
                              
Validation Results: {
    "ci": 0.7504,
    "classification_loss": 0.0,
    "cluster_loss": 0.0,
    "mae": 0.9921,
    "mse": 1.8876,
    "multiclassification_loss": 0.0,
    "ortho_loss": 0.0,
    "pearson": 0.6664,
    "regression_loss": 1.8874,
    "rm2": 0.3942,
    "rmse": 1.3739,
    "sd": 1.3468,
    "spearman": 0.6711,
    "spectral_loss": 0.0
}
                              
Test Results: {
    "ci": 0.7499,
    "classification_loss": 0.0,
    "cluster_loss": 0.0,
    "mae": 0.9918,
    "mse": 1.776,
    "multiclassification_loss": 0.0,
    "ortho_loss": 0.0,
    "pearson": 0.6959,
    "regression_loss": 1.7758,
    "rm2": 0.481,
    "rmse": 1.3327,
    "sd": 1.3327,
    "spearman": 0.6746,
    "spectral_loss": 0.0
}
                              
                              
----------------------------------------
Epoch 048 with LR 0.000160: Model Results
----------------------------------------
Train MSE Loss: 0.8524, Train CLS Loss: 0.0000, Train MCLS Loss: 0.0000
Protein Cluster Region Loss - Ortho Loss: 0.0000, Cluster Loss: 0.0000
                              
Validation Results: {
    "ci": 0.7481,
    "classification_loss": 0.0,
    "cluster_loss": 0.0,
    "mae": 0.9968,
    "mse": 1.9753,
    "multiclassification_loss": 0.0,
    "ortho_loss": 0.0,
    "pearson": 0.657,
    "regression_loss": 1.9754,
    "rm2": 0.3824,
    "rmse": 1.4054,
    "sd": 1.3617,
    "spearman": 0.6632,
    "spectral_loss": 0.0
}
                              
Test Results: {
    "ci": 0.7499,
    "classification_loss": 0.0,
    "cluster_loss": 0.0,
    "mae": 0.9918,
    "mse": 1.776,
    "multiclassification_loss": 0.0,
    "ortho_loss": 0.0,
    "pearson": 0.6959,
    "regression_loss": 1.7758,
    "rm2": 0.481,
    "rmse": 1.3327,
    "sd": 1.3327,
    "spearman": 0.6746,
    "spectral_loss": 0.0
}

Early stopping at epoch 48 (no improvement for 15 epochs)
[best epoch] epoch=33, best_rmse=1.3451, lr_at_best=2.266e-04
                              
                              
----------------------------------------
Epoch 048 with LR 0.000160: Model Results
----------------------------------------
Train MSE Loss: 0.8524, Train CLS Loss: 0.0000, Train MCLS Loss: 0.0000
Protein Cluster Region Loss - Ortho Loss: 0.0000, Cluster Loss: 0.0000
                              
Validation Results: {
    "ci": 0.7481,
    "classification_loss": 0.0,
    "cluster_loss": 0.0,
    "mae": 0.9968,
    "mse": 1.9753,
    "multiclassification_loss": 0.0,
    "ortho_loss": 0.0,
    "pearson": 0.657,
    "regression_loss": 1.9754,
    "rm2": 0.3824,
    "rmse": 1.4054,
    "sd": 1.3617,
    "spearman": 0.6632,
    "spectral_loss": 0.0
}
                              
Test Results: {
    "ci": 0.7499,
    "classification_loss": 0.0,
    "cluster_loss": 0.0,
    "mae": 0.9918,
    "mse": 1.776,
    "multiclassification_loss": 0.0,
    "ortho_loss": 0.0,
    "pearson": 0.6959,
    "regression_loss": 1.7758,
    "rm2": 0.481,
    "rmse": 1.3327,
    "sd": 1.3327,
    "spearman": 0.6746,
    "spectral_loss": 0.0
}
Final test metrics: rmse=1.3329, pearson=0.6958, r2_proxy(mse)=1.7766
Done. Predictions: /sc/arion/projects/DiseaseGeneCell/Huang_lab_project/wangcDrugRepoProject/TRACE_Kin_Results_v5t_transformer/EITLEM_dataset/EITLEM_kkm_MUTAPLM_embedding_random/test_prediction_seed1.csv; checkpoint: /sc/arion/projects/DiseaseGeneCell/Huang_lab_project/wangcDrugRepoProject/TRACE_Kin_Results_v5t_transformer/EITLEM_dataset/EITLEM_kkm_MUTAPLM_embedding_random/save_model_seed1/model.pt

==========================================
Array task 4/10: OK (EITLEM_kkm_MUTAPLM_embedding_random)
==========================================


PS:

Read file <242993252.4.stderr> for stderr output of this job.

