Sender: LSF System <lsfadmin@lg03e03>
Subject: Job 242906673[1]: <trace_kin_v4_perfolder_s1[1-10]> in cluster <chimera> Done

Job <trace_kin_v4_perfolder_s1[1-10]> was submitted from host <li04e01> by user <wangc40> in cluster <chimera> at Mon May 11 00:07:32 2026
Job was executed on host(s) <16*lg03e03>, in queue <gpu>, as user <wangc40> in cluster <chimera> at Mon May 11 00:17:19 2026
</hpc/users/wangc40> was used as the home directory.
</sc/arion/projects/DiseaseGeneCell/Huang_lab_project/wangcDrugRepoProject/TRACE-Kin> was used as the working directory.
Started at Mon May 11 00:17:19 2026
Terminated at Mon May 11 01:10:28 2026
Results reported at Mon May 11 01:10:28 2026

Your job looked like:

------------------------------------------------------------
# LSBATCH: User input
#!/bin/bash
#BSUB -J trace_kin_v4_perfolder_s1[1-10]
#BSUB -P acc_DiseaseGeneCell
#BSUB -q gpu
#BSUB -R h100nvl
#BSUB -gpu num=1
#BSUB -n 16
#BSUB -R "rusage[mem=15000]"
#BSUB -R "span[hosts=1]"
#BSUB -W 48:00
#BSUB -o %J.%I.stdout
#BSUB -eo %J.%I.stderr
#BSUB -L /bin/bash

# =============================================================================
# TRACE-Kin v4 (MAP-GNN) PER-FOLDER + MutaPLM — top-10 RF-gap cells
# =============================================================================
# Submit with:
#     bsub < training/run_v4_perfolder_s1.lsf
#
# v4 = MAP-GNN: v1 GNN backbone + per-residue novelty score + pocket
# attention pool + MoLFormer-XL molecular context residual (preserved
# from v3). Unlike earlier versions, every cell uses MutaPLM as the
# protein embedding (the entire mutation-aware story rests on
# MutaPLM's residue-level mutation sensitivity), instead of the
# per-cell best-RF-baseline embedding.
#
# Per-residue novelty:
#   novelty[r] = ||MutaPLM[r] - aa_typical_mean[aa[r]]|| / aa_typical_std[aa[r]]
# where aa_typical statistics are precomputed once over the training
# corpus and cached at <datafolder>/aa_typical.pt. Mutations stand
# out because their MutaPLM vector deviates from the typical
# embedding for the residue's amino acid type — no explicit (WT,
# mutant) labels needed.
#
# Pocket attention:
#   pocket_logit[r] = MLP([MutaPLM[r], novelty[r], degree(r)])
#   pocket_weight[r] = softmax(pocket_logit) over r in same protein
#   prot_pool = sum_r (pocket_weight[r] * residue_h[r])
#
# Cells: same 10 as v3 (largest historical PSICHIC-vs-RF gap).
# Embedding source forced to MUTAPLM regardless of the per-cell
# best-RF choice in the historical benchmark.
#
# Outputs land under TRACE_Kin_Results_v4_mapgnn/<dataset>/<task_name>/
# so they don't collide with prior v3 trees.
# =============================================================================

# --- Environment -------------------------------------------------------------
ml purge

(... more ...)
------------------------------------------------------------

Successfully completed.

Resource usage summary:

    CPU time :                                   3641.00 sec.
    Max Memory :                                 25249 MB
    Average Memory :                             23320.10 MB
    Total Requested Memory :                     240000.00 MB
    Delta Memory :                               214751.00 MB
    Max Swap :                                   -
    Max Processes :                              4
    Max Threads :                                24
    Run time :                                   3189 sec.
    Turnaround time :                            3776 sec.

The output (if any) follows:

==========================================
TRACE-Kin v4 (MAP-GNN) PER-FOLDER task 1/10
==========================================
Date:        Mon May 11 00:17:22 EDT 2026
Dataset:     /sc/arion/projects/DiseaseGeneCell/Huang_lab_project/drug_discovery/output/data/enzyme_embeddings_dataset/EITLEM_dataset/EITLEM_kkm_MUTAPLM_embedding_cold_drug
Result:      /sc/arion/projects/DiseaseGeneCell/Huang_lab_project/wangcDrugRepoProject/TRACE_Kin_Results_v4_mapgnn/EITLEM_dataset/EITLEM_kkm_MUTAPLM_embedding_cold_drug
Config:      training/config_v4.json
MoLFormer:   /sc/arion/projects/DiseaseGeneCell/Huang_lab_project/wangcDrugRepoProject/transformersmodels/ibm/MoLFormer-XL-both-10pct
Pool CSVs:   (none — per-folder)
Model:       v4 MAP-GNN (per-folder, no pool, MUTAPLM + novelty + pocket attn + MoLFormer ctx)
Epochs:      50, batch=16, seed=1, lr=1e-4
==========================================
Python 3.12.2
Python: /sc/arion/work/wangc40/test-env/envs/test/bin/python
CUDA device: NVIDIA H100 80GB HBM3, sm_90
============================================================
TRACE-Kin training
============================================================
Datafolder:        /sc/arion/projects/DiseaseGeneCell/Huang_lab_project/drug_discovery/output/data/enzyme_embeddings_dataset/EITLEM_dataset/EITLEM_kkm_MUTAPLM_embedding_cold_drug
Result path:       /sc/arion/projects/DiseaseGeneCell/Huang_lab_project/wangcDrugRepoProject/TRACE_Kin_Results_v4_mapgnn/EITLEM_dataset/EITLEM_kkm_MUTAPLM_embedding_cold_drug
Config:            training/config_v4.json
Pool train CSVs:   (none)
============================================================
[mem] before load_split_dataframes             max RSS = 0.58 GB
Loading primary train: /sc/arion/projects/DiseaseGeneCell/Huang_lab_project/drug_discovery/output/data/enzyme_embeddings_dataset/EITLEM_dataset/EITLEM_kkm_MUTAPLM_embedding_cold_drug/train.parquet
Loading primary test: /sc/arion/projects/DiseaseGeneCell/Huang_lab_project/drug_discovery/output/data/enzyme_embeddings_dataset/EITLEM_dataset/EITLEM_kkm_MUTAPLM_embedding_cold_drug/test.parquet
Loading primary val: /sc/arion/projects/DiseaseGeneCell/Huang_lab_project/drug_discovery/output/data/enzyme_embeddings_dataset/EITLEM_dataset/EITLEM_kkm_MUTAPLM_embedding_cold_drug/val.parquet
Detected prot_evo_channels = 4096
seq2feat: 6607 unique sequences.
Loading MoLFormer-XL from /sc/arion/projects/DiseaseGeneCell/Huang_lab_project/wangcDrugRepoProject/transformersmodels/ibm/MoLFormer-XL-both-10pct
Computing MoLFormer embeddings for 2924 unique SMILES (batch_size=64)
  embedded 64/2924
  embedded 1344/2924
  embedded 2624/2924
Saved MoLFormer cache: /sc/arion/projects/DiseaseGeneCell/Huang_lab_project/drug_discovery/output/data/enzyme_embeddings_dataset/EITLEM_dataset/EITLEM_kkm_MUTAPLM_embedding_cold_drug/molformer_emb.pt (2924 SMILES)
MoLFormer embeddings: 2924 unique SMILES, dim=768
[mem] after load_split_dataframes              max RSS = 1.91 GB
model_version: v4, use_swa: False
Building protein graphs from scratch (this can be slow)...
U, B, O, or 0 in Sequence
U, B, O, or 0 in Sequence
U, B, O, or 0 in Sequence
U, B, O, or 0 in Sequence
U, B, O, or 0 in Sequence
U, B, O, or 0 in Sequence
Computing aa_typical from 6607 proteins...
  22 amino acid types observed; saving cache to /sc/arion/projects/DiseaseGeneCell/Huang_lab_project/drug_discovery/output/data/enzyme_embeddings_dataset/EITLEM_dataset/EITLEM_kkm_MUTAPLM_embedding_cold_drug/aa_typical.pt
  aa_typical buffers: means/stds shape (23, 4096), 22 known + 1 unknown AA slot
Building ligand graphs from scratch...
[mem] after preprocess                         max RSS = 24.40 GB
[mem] after free seq2feat/smi2chembert         max RSS = 24.40 GB
loaders ready: train=610 test=156 val=93
[mem] after make_loaders                       max RSS = 24.40 GB
Computing PNA degrees from training data...
Built TraceKinV4 with 7,494,323 parameters
[LR schedule] schedule_lr=False, lrate=0.0001, min_lrate=0, warmup_iters=0, lr_decay_iters=30500, total_iters=30500
Not in terminal, reprint now using normal build-in print function.
                              
                              
----------------------------------------
Epoch 001 with LR 0.000100: Model Results
----------------------------------------
Train MSE Loss: 3.0561, Train CLS Loss: 0.0000, Train MCLS Loss: 0.0000
Protein Cluster Region Loss - Ortho Loss: 0.0000, Cluster Loss: 0.0000
                              
Validation Results: {
    "ci": 0.5831,
    "classification_loss": 0.0,
    "cluster_loss": 0.0,
    "mae": 1.4089,
    "mse": 3.1932,
    "multiclassification_loss": 0.0,
    "ortho_loss": 0.0,
    "pearson": 0.2189,
    "regression_loss": 3.1878,
    "rm2": 0.0469,
    "rmse": 1.7869,
    "sd": 1.772,
    "spearman": 0.2469,
    "spectral_loss": 0.0
}
                              
Test Results: {
    "ci": 0.5651,
    "classification_loss": 0.0,
    "cluster_loss": 0.0,
    "mae": 1.3135,
    "mse": 2.8504,
    "multiclassification_loss": 0.0,
    "ortho_loss": 0.0,
    "pearson": 0.1823,
    "regression_loss": 2.8426,
    "rm2": 0.033,
    "rmse": 1.6883,
    "sd": 1.6587,
    "spearman": 0.1917,
    "spectral_loss": 0.0
}
                              
                              
----------------------------------------
Epoch 002 with LR 0.000100: Model Results
----------------------------------------
Train MSE Loss: 2.9044, Train CLS Loss: 0.0000, Train MCLS Loss: 0.0000
Protein Cluster Region Loss - Ortho Loss: 0.0000, Cluster Loss: 0.0000
                              
Validation Results: {
    "ci": 0.6206,
    "classification_loss": 0.0,
    "cluster_loss": 0.0,
    "mae": 1.332,
    "mse": 2.9324,
    "multiclassification_loss": 0.0,
    "ortho_loss": 0.0,
    "pearson": 0.3323,
    "regression_loss": 2.9561,
    "rm2": 0.11,
    "rmse": 1.7124,
    "sd": 1.7129,
    "spearman": 0.3612,
    "spectral_loss": 0.0
}
                              
Test Results: {
    "ci": 0.6072,
    "classification_loss": 0.0,
    "cluster_loss": 0.0,
    "mae": 1.2573,
    "mse": 2.5714,
    "multiclassification_loss": 0.0,
    "ortho_loss": 0.0,
    "pearson": 0.3121,
    "regression_loss": 2.5649,
    "rm2": 0.0971,
    "rmse": 1.6036,
    "sd": 1.6027,
    "spearman": 0.3142,
    "spectral_loss": 0.0
}
                              
                              
----------------------------------------
Epoch 003 with LR 0.000100: Model Results
----------------------------------------
Train MSE Loss: 2.5375, Train CLS Loss: 0.0000, Train MCLS Loss: 0.0000
Protein Cluster Region Loss - Ortho Loss: 0.0000, Cluster Loss: 0.0000
                              
Validation Results: {
    "ci": 0.6331,
    "classification_loss": 0.0,
    "cluster_loss": 0.0,
    "mae": 1.2897,
    "mse": 2.8278,
    "multiclassification_loss": 0.0,
    "ortho_loss": 0.0,
    "pearson": 0.377,
    "regression_loss": 2.8353,
    "rm2": 0.1415,
    "rmse": 1.6816,
    "sd": 1.6821,
    "spearman": 0.398,
    "spectral_loss": 0.0
}
                              
Test Results: {
    "ci": 0.6141,
    "classification_loss": 0.0,
    "cluster_loss": 0.0,
    "mae": 1.2493,
    "mse": 2.5258,
    "multiclassification_loss": 0.0,
    "ortho_loss": 0.0,
    "pearson": 0.3421,
    "regression_loss": 2.5195,
    "rm2": 0.1162,
    "rmse": 1.5893,
    "sd": 1.5852,
    "spearman": 0.3371,
    "spectral_loss": 0.0
}
                              
                              
----------------------------------------
Epoch 004 with LR 0.000100: Model Results
----------------------------------------
Train MSE Loss: 2.1402, Train CLS Loss: 0.0000, Train MCLS Loss: 0.0000
Protein Cluster Region Loss - Ortho Loss: 0.0000, Cluster Loss: 0.0000
                              
Validation Results: {
    "ci": 0.6504,
    "classification_loss": 0.0,
    "cluster_loss": 0.0,
    "mae": 1.2709,
    "mse": 2.758,
    "multiclassification_loss": 0.0,
    "ortho_loss": 0.0,
    "pearson": 0.4198,
    "regression_loss": 2.7661,
    "rm2": 0.1724,
    "rmse": 1.6607,
    "sd": 1.6483,
    "spearman": 0.4447,
    "spectral_loss": 0.0
}
                              
Test Results: {
    "ci": 0.6334,
    "classification_loss": 0.0,
    "cluster_loss": 0.0,
    "mae": 1.2211,
    "mse": 2.4745,
    "multiclassification_loss": 0.0,
    "ortho_loss": 0.0,
    "pearson": 0.3974,
    "regression_loss": 2.4683,
    "rm2": 0.155,
    "rmse": 1.573,
    "sd": 1.5481,
    "spearman": 0.3877,
    "spectral_loss": 0.0
}
                              
                              
----------------------------------------
Epoch 005 with LR 0.000100: Model Results
----------------------------------------
Train MSE Loss: 1.8057, Train CLS Loss: 0.0000, Train MCLS Loss: 0.0000
Protein Cluster Region Loss - Ortho Loss: 0.0000, Cluster Loss: 0.0000
                              
Validation Results: {
    "ci": 0.6787,
    "classification_loss": 0.0,
    "cluster_loss": 0.0,
    "mae": 1.2465,
    "mse": 2.6929,
    "multiclassification_loss": 0.0,
    "ortho_loss": 0.0,
    "pearson": 0.5031,
    "regression_loss": 2.7341,
    "rm2": 0.2093,
    "rmse": 1.641,
    "sd": 1.5695,
    "spearman": 0.5092,
    "spectral_loss": 0.0
}
                              
Test Results: {
    "ci": 0.645,
    "classification_loss": 0.0,
    "cluster_loss": 0.0,
    "mae": 1.2484,
    "mse": 2.529,
    "multiclassification_loss": 0.0,
    "ortho_loss": 0.0,
    "pearson": 0.4434,
    "regression_loss": 2.5232,
    "rm2": 0.1676,
    "rmse": 1.5903,
    "sd": 1.5121,
    "spearman": 0.42,
    "spectral_loss": 0.0
}
                              
                              
----------------------------------------
Epoch 006 with LR 0.000100: Model Results
----------------------------------------
Train MSE Loss: 1.5982, Train CLS Loss: 0.0000, Train MCLS Loss: 0.0000
Protein Cluster Region Loss - Ortho Loss: 0.0000, Cluster Loss: 0.0000
                              
Validation Results: {
    "ci": 0.6906,
    "classification_loss": 0.0,
    "cluster_loss": 0.0,
    "mae": 1.184,
    "mse": 2.4284,
    "multiclassification_loss": 0.0,
    "ortho_loss": 0.0,
    "pearson": 0.547,
    "regression_loss": 2.4507,
    "rm2": 0.2843,
    "rmse": 1.5583,
    "sd": 1.5203,
    "spearman": 0.5443,
    "spectral_loss": 0.0
}
                              
Test Results: {
    "ci": 0.6485,
    "classification_loss": 0.0,
    "cluster_loss": 0.0,
    "mae": 1.2313,
    "mse": 2.53,
    "multiclassification_loss": 0.0,
    "ortho_loss": 0.0,
    "pearson": 0.4572,
    "regression_loss": 2.5332,
    "rm2": 0.2023,
    "rmse": 1.5906,
    "sd": 1.5004,
    "spearman": 0.4257,
    "spectral_loss": 0.0
}
                              
                              
----------------------------------------
Epoch 007 with LR 0.000100: Model Results
----------------------------------------
Train MSE Loss: 1.4546, Train CLS Loss: 0.0000, Train MCLS Loss: 0.0000
Protein Cluster Region Loss - Ortho Loss: 0.0000, Cluster Loss: 0.0000
                              
Validation Results: {
    "ci": 0.6929,
    "classification_loss": 0.0,
    "cluster_loss": 0.0,
    "mae": 1.1507,
    "mse": 2.2944,
    "multiclassification_loss": 0.0,
    "ortho_loss": 0.0,
    "pearson": 0.5577,
    "regression_loss": 2.3212,
    "rm2": 0.3016,
    "rmse": 1.5147,
    "sd": 1.5075,
    "spearman": 0.5441,
    "spectral_loss": 0.0
}
                              
Test Results: {
    "ci": 0.651,
    "classification_loss": 0.0,
    "cluster_loss": 0.0,
    "mae": 1.1936,
    "mse": 2.3752,
    "multiclassification_loss": 0.0,
    "ortho_loss": 0.0,
    "pearson": 0.4633,
    "regression_loss": 2.3721,
    "rm2": 0.2057,
    "rmse": 1.5412,
    "sd": 1.495,
    "spearman": 0.4336,
    "spectral_loss": 0.0
}
                              
                              
----------------------------------------
Epoch 008 with LR 0.000100: Model Results
----------------------------------------
Train MSE Loss: 1.3366, Train CLS Loss: 0.0000, Train MCLS Loss: 0.0000
Protein Cluster Region Loss - Ortho Loss: 0.0000, Cluster Loss: 0.0000
                              
Validation Results: {
    "ci": 0.6838,
    "classification_loss": 0.0,
    "cluster_loss": 0.0,
    "mae": 1.1822,
    "mse": 2.4134,
    "multiclassification_loss": 0.0,
    "ortho_loss": 0.0,
    "pearson": 0.5373,
    "regression_loss": 2.449,
    "rm2": 0.2632,
    "rmse": 1.5535,
    "sd": 1.5317,
    "spearman": 0.5235,
    "spectral_loss": 0.0
}
                              
Test Results: {
    "ci": 0.651,
    "classification_loss": 0.0,
    "cluster_loss": 0.0,
    "mae": 1.1936,
    "mse": 2.3752,
    "multiclassification_loss": 0.0,
    "ortho_loss": 0.0,
    "pearson": 0.4633,
    "regression_loss": 2.3721,
    "rm2": 0.2057,
    "rmse": 1.5412,
    "sd": 1.495,
    "spearman": 0.4336,
    "spectral_loss": 0.0
}
                              
                              
----------------------------------------
Epoch 009 with LR 0.000100: Model Results
----------------------------------------
Train MSE Loss: 1.2707, Train CLS Loss: 0.0000, Train MCLS Loss: 0.0000
Protein Cluster Region Loss - Ortho Loss: 0.0000, Cluster Loss: 0.0000
                              
Validation Results: {
    "ci": 0.692,
    "classification_loss": 0.0,
    "cluster_loss": 0.0,
    "mae": 1.2718,
    "mse": 2.7808,
    "multiclassification_loss": 0.0,
    "ortho_loss": 0.0,
    "pearson": 0.5566,
    "regression_loss": 2.77,
    "rm2": 0.2897,
    "rmse": 1.6676,
    "sd": 1.5088,
    "spearman": 0.5446,
    "spectral_loss": 0.0
}
                              
Test Results: {
    "ci": 0.651,
    "classification_loss": 0.0,
    "cluster_loss": 0.0,
    "mae": 1.1936,
    "mse": 2.3752,
    "multiclassification_loss": 0.0,
    "ortho_loss": 0.0,
    "pearson": 0.4633,
    "regression_loss": 2.3721,
    "rm2": 0.2057,
    "rmse": 1.5412,
    "sd": 1.495,
    "spearman": 0.4336,
    "spectral_loss": 0.0
}
                              
                              
----------------------------------------
Epoch 010 with LR 0.000100: Model Results
----------------------------------------
Train MSE Loss: 1.2223, Train CLS Loss: 0.0000, Train MCLS Loss: 0.0000
Protein Cluster Region Loss - Ortho Loss: 0.0000, Cluster Loss: 0.0000
                              
Validation Results: {
    "ci": 0.6944,
    "classification_loss": 0.0,
    "cluster_loss": 0.0,
    "mae": 1.1793,
    "mse": 2.4478,
    "multiclassification_loss": 0.0,
    "ortho_loss": 0.0,
    "pearson": 0.5557,
    "regression_loss": 2.5061,
    "rm2": 0.263,
    "rmse": 1.5645,
    "sd": 1.5098,
    "spearman": 0.5463,
    "spectral_loss": 0.0
}
                              
Test Results: {
    "ci": 0.651,
    "classification_loss": 0.0,
    "cluster_loss": 0.0,
    "mae": 1.1936,
    "mse": 2.3752,
    "multiclassification_loss": 0.0,
    "ortho_loss": 0.0,
    "pearson": 0.4633,
    "regression_loss": 2.3721,
    "rm2": 0.2057,
    "rmse": 1.5412,
    "sd": 1.495,
    "spearman": 0.4336,
    "spectral_loss": 0.0
}
                              
                              
----------------------------------------
Epoch 011 with LR 0.000100: Model Results
----------------------------------------
Train MSE Loss: 1.1649, Train CLS Loss: 0.0000, Train MCLS Loss: 0.0000
Protein Cluster Region Loss - Ortho Loss: 0.0000, Cluster Loss: 0.0000
                              
Validation Results: {
    "ci": 0.6887,
    "classification_loss": 0.0,
    "cluster_loss": 0.0,
    "mae": 1.1553,
    "mse": 2.3599,
    "multiclassification_loss": 0.0,
    "ortho_loss": 0.0,
    "pearson": 0.5593,
    "regression_loss": 2.3669,
    "rm2": 0.3077,
    "rmse": 1.5362,
    "sd": 1.5055,
    "spearman": 0.5323,
    "spectral_loss": 0.0
}
                              
Test Results: {
    "ci": 0.651,
    "classification_loss": 0.0,
    "cluster_loss": 0.0,
    "mae": 1.1936,
    "mse": 2.3752,
    "multiclassification_loss": 0.0,
    "ortho_loss": 0.0,
    "pearson": 0.4633,
    "regression_loss": 2.3721,
    "rm2": 0.2057,
    "rmse": 1.5412,
    "sd": 1.495,
    "spearman": 0.4336,
    "spectral_loss": 0.0
}
                              
                              
----------------------------------------
Epoch 012 with LR 0.000100: Model Results
----------------------------------------
Train MSE Loss: 1.1259, Train CLS Loss: 0.0000, Train MCLS Loss: 0.0000
Protein Cluster Region Loss - Ortho Loss: 0.0000, Cluster Loss: 0.0000
                              
Validation Results: {
    "ci": 0.6959,
    "classification_loss": 0.0,
    "cluster_loss": 0.0,
    "mae": 1.1848,
    "mse": 2.4596,
    "multiclassification_loss": 0.0,
    "ortho_loss": 0.0,
    "pearson": 0.5645,
    "regression_loss": 2.5035,
    "rm2": 0.2647,
    "rmse": 1.5683,
    "sd": 1.499,
    "spearman": 0.5535,
    "spectral_loss": 0.0
}
                              
Test Results: {
    "ci": 0.651,
    "classification_loss": 0.0,
    "cluster_loss": 0.0,
    "mae": 1.1936,
    "mse": 2.3752,
    "multiclassification_loss": 0.0,
    "ortho_loss": 0.0,
    "pearson": 0.4633,
    "regression_loss": 2.3721,
    "rm2": 0.2057,
    "rmse": 1.5412,
    "sd": 1.495,
    "spearman": 0.4336,
    "spectral_loss": 0.0
}
                              
                              
----------------------------------------
Epoch 013 with LR 0.000100: Model Results
----------------------------------------
Train MSE Loss: 1.1009, Train CLS Loss: 0.0000, Train MCLS Loss: 0.0000
Protein Cluster Region Loss - Ortho Loss: 0.0000, Cluster Loss: 0.0000
                              
Validation Results: {
    "ci": 0.7024,
    "classification_loss": 0.0,
    "cluster_loss": 0.0,
    "mae": 1.1528,
    "mse": 2.4177,
    "multiclassification_loss": 0.0,
    "ortho_loss": 0.0,
    "pearson": 0.5754,
    "regression_loss": 2.465,
    "rm2": 0.2899,
    "rmse": 1.5549,
    "sd": 1.4853,
    "spearman": 0.5632,
    "spectral_loss": 0.0
}
                              
Test Results: {
    "ci": 0.651,
    "classification_loss": 0.0,
    "cluster_loss": 0.0,
    "mae": 1.1936,
    "mse": 2.3752,
    "multiclassification_loss": 0.0,
    "ortho_loss": 0.0,
    "pearson": 0.4633,
    "regression_loss": 2.3721,
    "rm2": 0.2057,
    "rmse": 1.5412,
    "sd": 1.495,
    "spearman": 0.4336,
    "spectral_loss": 0.0
}
                              
                              
----------------------------------------
Epoch 014 with LR 0.000100: Model Results
----------------------------------------
Train MSE Loss: 1.0719, Train CLS Loss: 0.0000, Train MCLS Loss: 0.0000
Protein Cluster Region Loss - Ortho Loss: 0.0000, Cluster Loss: 0.0000
                              
Validation Results: {
    "ci": 0.7067,
    "classification_loss": 0.0,
    "cluster_loss": 0.0,
    "mae": 1.1962,
    "mse": 2.5997,
    "multiclassification_loss": 0.0,
    "ortho_loss": 0.0,
    "pearson": 0.5814,
    "regression_loss": 2.6308,
    "rm2": 0.3187,
    "rmse": 1.6124,
    "sd": 1.4776,
    "spearman": 0.5785,
    "spectral_loss": 0.0
}
                              
Test Results: {
    "ci": 0.651,
    "classification_loss": 0.0,
    "cluster_loss": 0.0,
    "mae": 1.1936,
    "mse": 2.3752,
    "multiclassification_loss": 0.0,
    "ortho_loss": 0.0,
    "pearson": 0.4633,
    "regression_loss": 2.3721,
    "rm2": 0.2057,
    "rmse": 1.5412,
    "sd": 1.495,
    "spearman": 0.4336,
    "spectral_loss": 0.0
}
                              
                              
----------------------------------------
Epoch 015 with LR 0.000100: Model Results
----------------------------------------
Train MSE Loss: 1.0366, Train CLS Loss: 0.0000, Train MCLS Loss: 0.0000
Protein Cluster Region Loss - Ortho Loss: 0.0000, Cluster Loss: 0.0000
                              
Validation Results: {
    "ci": 0.6916,
    "classification_loss": 0.0,
    "cluster_loss": 0.0,
    "mae": 1.2308,
    "mse": 2.6381,
    "multiclassification_loss": 0.0,
    "ortho_loss": 0.0,
    "pearson": 0.5481,
    "regression_loss": 2.6963,
    "rm2": 0.2345,
    "rmse": 1.6242,
    "sd": 1.519,
    "spearman": 0.5378,
    "spectral_loss": 0.0
}
                              
Test Results: {
    "ci": 0.651,
    "classification_loss": 0.0,
    "cluster_loss": 0.0,
    "mae": 1.1936,
    "mse": 2.3752,
    "multiclassification_loss": 0.0,
    "ortho_loss": 0.0,
    "pearson": 0.4633,
    "regression_loss": 2.3721,
    "rm2": 0.2057,
    "rmse": 1.5412,
    "sd": 1.495,
    "spearman": 0.4336,
    "spectral_loss": 0.0
}
                              
                              
----------------------------------------
Epoch 016 with LR 0.000100: Model Results
----------------------------------------
Train MSE Loss: 1.0213, Train CLS Loss: 0.0000, Train MCLS Loss: 0.0000
Protein Cluster Region Loss - Ortho Loss: 0.0000, Cluster Loss: 0.0000
                              
Validation Results: {
    "ci": 0.7006,
    "classification_loss": 0.0,
    "cluster_loss": 0.0,
    "mae": 1.1165,
    "mse": 2.2016,
    "multiclassification_loss": 0.0,
    "ortho_loss": 0.0,
    "pearson": 0.5896,
    "regression_loss": 2.2198,
    "rm2": 0.3419,
    "rmse": 1.4838,
    "sd": 1.4668,
    "spearman": 0.5607,
    "spectral_loss": 0.0
}
                              
Test Results: {
    "ci": 0.6577,
    "classification_loss": 0.0,
    "cluster_loss": 0.0,
    "mae": 1.1625,
    "mse": 2.3185,
    "multiclassification_loss": 0.0,
    "ortho_loss": 0.0,
    "pearson": 0.492,
    "regression_loss": 2.3218,
    "rm2": 0.2341,
    "rmse": 1.5227,
    "sd": 1.4687,
    "spearman": 0.4471,
    "spectral_loss": 0.0
}
                              
                              
----------------------------------------
Epoch 017 with LR 0.000100: Model Results
----------------------------------------
Train MSE Loss: 0.9952, Train CLS Loss: 0.0000, Train MCLS Loss: 0.0000
Protein Cluster Region Loss - Ortho Loss: 0.0000, Cluster Loss: 0.0000
                              
Validation Results: {
    "ci": 0.6967,
    "classification_loss": 0.0,
    "cluster_loss": 0.0,
    "mae": 1.158,
    "mse": 2.3605,
    "multiclassification_loss": 0.0,
    "ortho_loss": 0.0,
    "pearson": 0.5768,
    "regression_loss": 2.3998,
    "rm2": 0.2806,
    "rmse": 1.5364,
    "sd": 1.4836,
    "spearman": 0.5536,
    "spectral_loss": 0.0
}
                              
Test Results: {
    "ci": 0.6577,
    "classification_loss": 0.0,
    "cluster_loss": 0.0,
    "mae": 1.1625,
    "mse": 2.3185,
    "multiclassification_loss": 0.0,
    "ortho_loss": 0.0,
    "pearson": 0.492,
    "regression_loss": 2.3218,
    "rm2": 0.2341,
    "rmse": 1.5227,
    "sd": 1.4687,
    "spearman": 0.4471,
    "spectral_loss": 0.0
}
                              
                              
----------------------------------------
Epoch 018 with LR 0.000100: Model Results
----------------------------------------
Train MSE Loss: 0.9864, Train CLS Loss: 0.0000, Train MCLS Loss: 0.0000
Protein Cluster Region Loss - Ortho Loss: 0.0000, Cluster Loss: 0.0000
                              
Validation Results: {
    "ci": 0.7009,
    "classification_loss": 0.0,
    "cluster_loss": 0.0,
    "mae": 1.1851,
    "mse": 2.4715,
    "multiclassification_loss": 0.0,
    "ortho_loss": 0.0,
    "pearson": 0.5816,
    "regression_loss": 2.5218,
    "rm2": 0.2648,
    "rmse": 1.5721,
    "sd": 1.4774,
    "spearman": 0.5634,
    "spectral_loss": 0.0
}
                              
Test Results: {
    "ci": 0.6577,
    "classification_loss": 0.0,
    "cluster_loss": 0.0,
    "mae": 1.1625,
    "mse": 2.3185,
    "multiclassification_loss": 0.0,
    "ortho_loss": 0.0,
    "pearson": 0.492,
    "regression_loss": 2.3218,
    "rm2": 0.2341,
    "rmse": 1.5227,
    "sd": 1.4687,
    "spearman": 0.4471,
    "spectral_loss": 0.0
}
                              
                              
----------------------------------------
Epoch 019 with LR 0.000100: Model Results
----------------------------------------
Train MSE Loss: 0.9534, Train CLS Loss: 0.0000, Train MCLS Loss: 0.0000
Protein Cluster Region Loss - Ortho Loss: 0.0000, Cluster Loss: 0.0000
                              
Validation Results: {
    "ci": 0.7037,
    "classification_loss": 0.0,
    "cluster_loss": 0.0,
    "mae": 1.1986,
    "mse": 2.5558,
    "multiclassification_loss": 0.0,
    "ortho_loss": 0.0,
    "pearson": 0.5835,
    "regression_loss": 2.6131,
    "rm2": 0.2631,
    "rmse": 1.5987,
    "sd": 1.4749,
    "spearman": 0.5685,
    "spectral_loss": 0.0
}
                              
Test Results: {
    "ci": 0.6577,
    "classification_loss": 0.0,
    "cluster_loss": 0.0,
    "mae": 1.1625,
    "mse": 2.3185,
    "multiclassification_loss": 0.0,
    "ortho_loss": 0.0,
    "pearson": 0.492,
    "regression_loss": 2.3218,
    "rm2": 0.2341,
    "rmse": 1.5227,
    "sd": 1.4687,
    "spearman": 0.4471,
    "spectral_loss": 0.0
}
                              
                              
----------------------------------------
Epoch 020 with LR 0.000100: Model Results
----------------------------------------
Train MSE Loss: 0.9391, Train CLS Loss: 0.0000, Train MCLS Loss: 0.0000
Protein Cluster Region Loss - Ortho Loss: 0.0000, Cluster Loss: 0.0000
                              
Validation Results: {
    "ci": 0.6996,
    "classification_loss": 0.0,
    "cluster_loss": 0.0,
    "mae": 1.1563,
    "mse": 2.4237,
    "multiclassification_loss": 0.0,
    "ortho_loss": 0.0,
    "pearson": 0.5765,
    "regression_loss": 2.4523,
    "rm2": 0.2818,
    "rmse": 1.5568,
    "sd": 1.484,
    "spearman": 0.5594,
    "spectral_loss": 0.0
}
                              
Test Results: {
    "ci": 0.6577,
    "classification_loss": 0.0,
    "cluster_loss": 0.0,
    "mae": 1.1625,
    "mse": 2.3185,
    "multiclassification_loss": 0.0,
    "ortho_loss": 0.0,
    "pearson": 0.492,
    "regression_loss": 2.3218,
    "rm2": 0.2341,
    "rmse": 1.5227,
    "sd": 1.4687,
    "spearman": 0.4471,
    "spectral_loss": 0.0
}
                              
                              
----------------------------------------
Epoch 021 with LR 0.000100: Model Results
----------------------------------------
Train MSE Loss: 0.9045, Train CLS Loss: 0.0000, Train MCLS Loss: 0.0000
Protein Cluster Region Loss - Ortho Loss: 0.0000, Cluster Loss: 0.0000
                              
Validation Results: {
    "ci": 0.6931,
    "classification_loss": 0.0,
    "cluster_loss": 0.0,
    "mae": 1.1997,
    "mse": 2.5042,
    "multiclassification_loss": 0.0,
    "ortho_loss": 0.0,
    "pearson": 0.5656,
    "regression_loss": 2.5488,
    "rm2": 0.2604,
    "rmse": 1.5825,
    "sd": 1.4977,
    "spearman": 0.5415,
    "spectral_loss": 0.0
}
                              
Test Results: {
    "ci": 0.6577,
    "classification_loss": 0.0,
    "cluster_loss": 0.0,
    "mae": 1.1625,
    "mse": 2.3185,
    "multiclassification_loss": 0.0,
    "ortho_loss": 0.0,
    "pearson": 0.492,
    "regression_loss": 2.3218,
    "rm2": 0.2341,
    "rmse": 1.5227,
    "sd": 1.4687,
    "spearman": 0.4471,
    "spectral_loss": 0.0
}
                              
                              
----------------------------------------
Epoch 022 with LR 0.000100: Model Results
----------------------------------------
Train MSE Loss: 0.9023, Train CLS Loss: 0.0000, Train MCLS Loss: 0.0000
Protein Cluster Region Loss - Ortho Loss: 0.0000, Cluster Loss: 0.0000
                              
Validation Results: {
    "ci": 0.6949,
    "classification_loss": 0.0,
    "cluster_loss": 0.0,
    "mae": 1.148,
    "mse": 2.381,
    "multiclassification_loss": 0.0,
    "ortho_loss": 0.0,
    "pearson": 0.5696,
    "regression_loss": 2.3888,
    "rm2": 0.2867,
    "rmse": 1.5431,
    "sd": 1.4927,
    "spearman": 0.5457,
    "spectral_loss": 0.0
}
                              
Test Results: {
    "ci": 0.6577,
    "classification_loss": 0.0,
    "cluster_loss": 0.0,
    "mae": 1.1625,
    "mse": 2.3185,
    "multiclassification_loss": 0.0,
    "ortho_loss": 0.0,
    "pearson": 0.492,
    "regression_loss": 2.3218,
    "rm2": 0.2341,
    "rmse": 1.5227,
    "sd": 1.4687,
    "spearman": 0.4471,
    "spectral_loss": 0.0
}
                              
                              
----------------------------------------
Epoch 023 with LR 0.000100: Model Results
----------------------------------------
Train MSE Loss: 0.8934, Train CLS Loss: 0.0000, Train MCLS Loss: 0.0000
Protein Cluster Region Loss - Ortho Loss: 0.0000, Cluster Loss: 0.0000
                              
Validation Results: {
    "ci": 0.7035,
    "classification_loss": 0.0,
    "cluster_loss": 0.0,
    "mae": 1.1316,
    "mse": 2.3061,
    "multiclassification_loss": 0.0,
    "ortho_loss": 0.0,
    "pearson": 0.5881,
    "regression_loss": 2.3466,
    "rm2": 0.3058,
    "rmse": 1.5186,
    "sd": 1.4688,
    "spearman": 0.5677,
    "spectral_loss": 0.0
}
                              
Test Results: {
    "ci": 0.6577,
    "classification_loss": 0.0,
    "cluster_loss": 0.0,
    "mae": 1.1625,
    "mse": 2.3185,
    "multiclassification_loss": 0.0,
    "ortho_loss": 0.0,
    "pearson": 0.492,
    "regression_loss": 2.3218,
    "rm2": 0.2341,
    "rmse": 1.5227,
    "sd": 1.4687,
    "spearman": 0.4471,
    "spectral_loss": 0.0
}
                              
                              
----------------------------------------
Epoch 024 with LR 0.000100: Model Results
----------------------------------------
Train MSE Loss: 0.8705, Train CLS Loss: 0.0000, Train MCLS Loss: 0.0000
Protein Cluster Region Loss - Ortho Loss: 0.0000, Cluster Loss: 0.0000
                              
Validation Results: {
    "ci": 0.7019,
    "classification_loss": 0.0,
    "cluster_loss": 0.0,
    "mae": 1.1502,
    "mse": 2.4138,
    "multiclassification_loss": 0.0,
    "ortho_loss": 0.0,
    "pearson": 0.5753,
    "regression_loss": 2.4444,
    "rm2": 0.2836,
    "rmse": 1.5536,
    "sd": 1.4854,
    "spearman": 0.5641,
    "spectral_loss": 0.0
}
                              
Test Results: {
    "ci": 0.6577,
    "classification_loss": 0.0,
    "cluster_loss": 0.0,
    "mae": 1.1625,
    "mse": 2.3185,
    "multiclassification_loss": 0.0,
    "ortho_loss": 0.0,
    "pearson": 0.492,
    "regression_loss": 2.3218,
    "rm2": 0.2341,
    "rmse": 1.5227,
    "sd": 1.4687,
    "spearman": 0.4471,
    "spectral_loss": 0.0
}
                              
                              
----------------------------------------
Epoch 025 with LR 0.000100: Model Results
----------------------------------------
Train MSE Loss: 0.8486, Train CLS Loss: 0.0000, Train MCLS Loss: 0.0000
Protein Cluster Region Loss - Ortho Loss: 0.0000, Cluster Loss: 0.0000
                              
Validation Results: {
    "ci": 0.7022,
    "classification_loss": 0.0,
    "cluster_loss": 0.0,
    "mae": 1.1548,
    "mse": 2.4298,
    "multiclassification_loss": 0.0,
    "ortho_loss": 0.0,
    "pearson": 0.5782,
    "regression_loss": 2.4803,
    "rm2": 0.28,
    "rmse": 1.5588,
    "sd": 1.4817,
    "spearman": 0.5617,
    "spectral_loss": 0.0
}
                              
Test Results: {
    "ci": 0.6577,
    "classification_loss": 0.0,
    "cluster_loss": 0.0,
    "mae": 1.1625,
    "mse": 2.3185,
    "multiclassification_loss": 0.0,
    "ortho_loss": 0.0,
    "pearson": 0.492,
    "regression_loss": 2.3218,
    "rm2": 0.2341,
    "rmse": 1.5227,
    "sd": 1.4687,
    "spearman": 0.4471,
    "spectral_loss": 0.0
}
                              
                              
----------------------------------------
Epoch 026 with LR 0.000100: Model Results
----------------------------------------
Train MSE Loss: 0.8451, Train CLS Loss: 0.0000, Train MCLS Loss: 0.0000
Protein Cluster Region Loss - Ortho Loss: 0.0000, Cluster Loss: 0.0000
                              
Validation Results: {
    "ci": 0.705,
    "classification_loss": 0.0,
    "cluster_loss": 0.0,
    "mae": 1.2041,
    "mse": 2.6906,
    "multiclassification_loss": 0.0,
    "ortho_loss": 0.0,
    "pearson": 0.5744,
    "regression_loss": 2.7486,
    "rm2": 0.2535,
    "rmse": 1.6403,
    "sd": 1.4866,
    "spearman": 0.5672,
    "spectral_loss": 0.0
}
                              
Test Results: {
    "ci": 0.6577,
    "classification_loss": 0.0,
    "cluster_loss": 0.0,
    "mae": 1.1625,
    "mse": 2.3185,
    "multiclassification_loss": 0.0,
    "ortho_loss": 0.0,
    "pearson": 0.492,
    "regression_loss": 2.3218,
    "rm2": 0.2341,
    "rmse": 1.5227,
    "sd": 1.4687,
    "spearman": 0.4471,
    "spectral_loss": 0.0
}

Early stopping at epoch 26 (no improvement for 10 epochs)
[best epoch] epoch=16, best_rmse=1.4838, lr_at_best=1.000e-04
                              
                              
----------------------------------------
Epoch 026 with LR 0.000100: Model Results
----------------------------------------
Train MSE Loss: 0.8451, Train CLS Loss: 0.0000, Train MCLS Loss: 0.0000
Protein Cluster Region Loss - Ortho Loss: 0.0000, Cluster Loss: 0.0000
                              
Validation Results: {
    "ci": 0.705,
    "classification_loss": 0.0,
    "cluster_loss": 0.0,
    "mae": 1.2041,
    "mse": 2.6906,
    "multiclassification_loss": 0.0,
    "ortho_loss": 0.0,
    "pearson": 0.5744,
    "regression_loss": 2.7486,
    "rm2": 0.2535,
    "rmse": 1.6403,
    "sd": 1.4866,
    "spearman": 0.5672,
    "spectral_loss": 0.0
}
                              
Test Results: {
    "ci": 0.6577,
    "classification_loss": 0.0,
    "cluster_loss": 0.0,
    "mae": 1.1625,
    "mse": 2.3185,
    "multiclassification_loss": 0.0,
    "ortho_loss": 0.0,
    "pearson": 0.492,
    "regression_loss": 2.3218,
    "rm2": 0.2341,
    "rmse": 1.5227,
    "sd": 1.4687,
    "spearman": 0.4471,
    "spectral_loss": 0.0
}
Final test metrics: rmse=1.5227, pearson=0.4920, r2_proxy(mse)=2.3186
Done. Predictions: /sc/arion/projects/DiseaseGeneCell/Huang_lab_project/wangcDrugRepoProject/TRACE_Kin_Results_v4_mapgnn/EITLEM_dataset/EITLEM_kkm_MUTAPLM_embedding_cold_drug/test_prediction_seed1.csv; checkpoint: /sc/arion/projects/DiseaseGeneCell/Huang_lab_project/wangcDrugRepoProject/TRACE_Kin_Results_v4_mapgnn/EITLEM_dataset/EITLEM_kkm_MUTAPLM_embedding_cold_drug/save_model_seed1/model.pt

==========================================
Array task 1/10: OK (EITLEM_kkm_MUTAPLM_embedding_cold_drug)
==========================================


PS:

Read file <242906673.1.stderr> for stderr output of this job.

