Sender: LSF System <lsfadmin@lg02e14>
Subject: Job 242993252[9]: <trace_kin_v5t_perfolder_s1[1-10]> in cluster <chimera> Done

Job <trace_kin_v5t_perfolder_s1[1-10]> was submitted from host <li04e04> by user <wangc40> in cluster <chimera> at Mon May 11 17:12:43 2026
Job was executed on host(s) <16*lg02e14>, in queue <gpu>, as user <wangc40> in cluster <chimera> at Mon May 11 17:12:47 2026
</hpc/users/wangc40> was used as the home directory.
</sc/arion/projects/DiseaseGeneCell/Huang_lab_project/wangcDrugRepoProject/TRACE-Kin> was used as the working directory.
Started at Mon May 11 17:12:47 2026
Terminated at Mon May 11 18:07:39 2026
Results reported at Mon May 11 18:07:39 2026

Your job looked like:

------------------------------------------------------------
# LSBATCH: User input
#!/bin/bash
#BSUB -J trace_kin_v5t_perfolder_s1[1-10]
#BSUB -P acc_DiseaseGeneCell
#BSUB -q gpu
#BSUB -R h100nvl
#BSUB -gpu num=1
#BSUB -n 16
#BSUB -R "rusage[mem=15000]"
#BSUB -R "span[hosts=1]"
#BSUB -W 48:00
#BSUB -o %J.%I.stdout
#BSUB -eo %J.%I.stderr
#BSUB -L /bin/bash

# =============================================================================
# TRACE-Kin v5t (Vanilla Transformer + Cross-Attention) PER-FOLDER — top-10 cells
# =============================================================================
# Submit with:
#     bsub < training/run_v5t_perfolder_s1.lsf
#
# v5t = Transformer: MutaPLM per-residue (4096) -> Linear(512) -> Transformer
# self-attention x4 with Rotary PE -> cross-attention with ligand atoms
# (PNA + MoLFormer) -> substrate-conditioned pooling -> regression head.
#
# All cells use MUTAPLM embedding.
#
# For seeds 2 and 3, submit:
#     bsub < training/run_v5t_perfolder_s2.lsf
#     bsub < training/run_v5t_perfolder_s3.lsf
# =============================================================================

# --- Environment -------------------------------------------------------------
ml purge
source ~/.bashrc
module load anaconda3/2024.06
source activate test
module load cuda/12.4.0
export RAYON_NUM_THREADS=4
export PYTORCH_CUDA_ALLOC_CONF=expandable_segments:True
export PYTHONPATH="$PWD${PYTHONPATH:+:$PYTHONPATH}"

# --- Knobs (env overrides) ---------------------------------------------------
ENZYME_BASE="${ENZYME_BASE:-/sc/arion/projects/DiseaseGeneCell/Huang_lab_project/drug_discovery/output/data/enzyme_embeddings_dataset}"
RESULT_BASE="${RESULT_BASE:-/sc/arion/projects/DiseaseGeneCell/Huang_lab_project/wangcDrugRepoProject/TRACE_Kin_Results_v5t_transformer}"
MOLFORMER_PATH="${MOLFORMER_PATH:-/sc/arion/projects/DiseaseGeneCell/Huang_lab_project/wangcDrugRepoProject/transformersmodels/ibm/MoLFormer-XL-both-10pct}"
CONFIG_PATH="${CONFIG_PATH:-training/config_v5t.json}"
EPOCHS="${EPOCHS:-100}"
BATCH_SIZE="${BATCH_SIZE:-32}"
SEED=1
LRATE="${LRATE:-3e-4}"

(... more ...)
------------------------------------------------------------

Successfully completed.

Resource usage summary:

    CPU time :                                   4369.00 sec.
    Max Memory :                                 25100 MB
    Average Memory :                             24306.12 MB
    Total Requested Memory :                     240000.00 MB
    Delta Memory :                               214900.00 MB
    Max Swap :                                   -
    Max Processes :                              21
    Max Threads :                                53
    Run time :                                   3292 sec.
    Turnaround time :                            3296 sec.

The output (if any) follows:

==========================================
TRACE-Kin v5t (Transformer) PER-FOLDER task 9/10
==========================================
Date:        Mon May 11 17:12:51 EDT 2026
Dataset:     /sc/arion/projects/DiseaseGeneCell/Huang_lab_project/drug_discovery/output/data/enzyme_embeddings_dataset/EITLEM_dataset/EITLEM_kkm_MUTAPLM_embedding_cold_protein
Result:      /sc/arion/projects/DiseaseGeneCell/Huang_lab_project/wangcDrugRepoProject/TRACE_Kin_Results_v5t_transformer/EITLEM_dataset/EITLEM_kkm_MUTAPLM_embedding_cold_protein
Config:      training/config_v5t.json
MoLFormer:   /sc/arion/projects/DiseaseGeneCell/Huang_lab_project/wangcDrugRepoProject/transformersmodels/ibm/MoLFormer-XL-both-10pct
Pool CSVs:   (none — per-folder)
Model:       v5t Transformer (Self-Attn x4 with RoPE + cross-attn + MoLFormer ctx)
Epochs:      100, batch=32, seed=1, lr=3e-4
==========================================
Python 3.12.2
Python: /sc/arion/work/wangc40/test-env/envs/test/bin/python
CUDA device: NVIDIA H100 80GB HBM3, sm_90
============================================================
TRACE-Kin training
============================================================
Datafolder:        /sc/arion/projects/DiseaseGeneCell/Huang_lab_project/drug_discovery/output/data/enzyme_embeddings_dataset/EITLEM_dataset/EITLEM_kkm_MUTAPLM_embedding_cold_protein
Result path:       /sc/arion/projects/DiseaseGeneCell/Huang_lab_project/wangcDrugRepoProject/TRACE_Kin_Results_v5t_transformer/EITLEM_dataset/EITLEM_kkm_MUTAPLM_embedding_cold_protein
Config:            training/config_v5t.json
Pool train CSVs:   (none)
============================================================
[mem] before load_split_dataframes             max RSS = 0.62 GB
Loading primary train (essential cols): /sc/arion/projects/DiseaseGeneCell/Huang_lab_project/drug_discovery/output/data/enzyme_embeddings_dataset/EITLEM_dataset/EITLEM_kkm_MUTAPLM_embedding_cold_protein/train.parquet
Loading primary test (essential cols): /sc/arion/projects/DiseaseGeneCell/Huang_lab_project/drug_discovery/output/data/enzyme_embeddings_dataset/EITLEM_dataset/EITLEM_kkm_MUTAPLM_embedding_cold_protein/test.parquet
Loading primary val (essential cols): /sc/arion/projects/DiseaseGeneCell/Huang_lab_project/drug_discovery/output/data/enzyme_embeddings_dataset/EITLEM_dataset/EITLEM_kkm_MUTAPLM_embedding_cold_protein/val.parquet
Detected prot_evo_channels = 4096 (1-row sample)
[mem] after load_split_dataframes (lite — feature cols not loaded) max RSS = 0.81 GB
model_version: v5t, use_swa: False
Reusing protein cache: /sc/arion/projects/DiseaseGeneCell/Huang_lab_project/drug_discovery/output/data/enzyme_embeddings_dataset/EITLEM_dataset/EITLEM_kkm_MUTAPLM_embedding_cold_protein/protein.pt
Reusing ligand cache: /sc/arion/projects/DiseaseGeneCell/Huang_lab_project/drug_discovery/output/data/enzyme_embeddings_dataset/EITLEM_dataset/EITLEM_kkm_MUTAPLM_embedding_cold_protein/ligand.pt
[mem] after preprocess                         max RSS = 23.00 GB
loaders ready: train=300 test=86 val=44
[mem] after make_loaders                       max RSS = 23.00 GB
Built TraceKinV5T with 55,451,140 parameters
[AMP] enabled: dtype=torch.bfloat16
[LR schedule] schedule_lr=True, lrate=0.0003, min_lrate=1e-06, warmup_iters=0, lr_decay_iters=30000, total_iters=30000
Not in terminal, reprint now using normal build-in print function.
                              
                              
----------------------------------------
Epoch 001 with LR 0.000300: Model Results
----------------------------------------
Train MSE Loss: 3.6981, Train CLS Loss: 0.0000, Train MCLS Loss: 0.0000
Protein Cluster Region Loss - Ortho Loss: 0.0000, Cluster Loss: 0.0000
                              
Validation Results: {
    "ci": 0.6035,
    "classification_loss": 0.0,
    "cluster_loss": 0.0,
    "mae": 1.3206,
    "mse": 2.84,
    "multiclassification_loss": 0.0,
    "ortho_loss": 0.0,
    "pearson": 0.2872,
    "regression_loss": 2.8411,
    "rm2": 0.0824,
    "rmse": 1.6852,
    "sd": 1.6609,
    "spearman": 0.3019,
    "spectral_loss": 0.0
}
                              
Test Results: {
    "ci": 0.6031,
    "classification_loss": 0.0,
    "cluster_loss": 0.0,
    "mae": 1.2993,
    "mse": 2.8612,
    "multiclassification_loss": 0.0,
    "ortho_loss": 0.0,
    "pearson": 0.3125,
    "regression_loss": 2.8443,
    "rm2": 0.0949,
    "rmse": 1.6915,
    "sd": 1.6482,
    "spearman": 0.3018,
    "spectral_loss": 0.0
}
                              
                              
----------------------------------------
Epoch 002 with LR 0.000300: Model Results
----------------------------------------
Train MSE Loss: 2.8814, Train CLS Loss: 0.0000, Train MCLS Loss: 0.0000
Protein Cluster Region Loss - Ortho Loss: 0.0000, Cluster Loss: 0.0000
                              
Validation Results: {
    "ci": 0.6142,
    "classification_loss": 0.0,
    "cluster_loss": 0.0,
    "mae": 1.4482,
    "mse": 3.3834,
    "multiclassification_loss": 0.0,
    "ortho_loss": 0.0,
    "pearson": 0.3303,
    "regression_loss": 3.3857,
    "rm2": 0.1074,
    "rmse": 1.8394,
    "sd": 1.6367,
    "spearman": 0.3357,
    "spectral_loss": 0.0
}
                              
Test Results: {
    "ci": 0.6031,
    "classification_loss": 0.0,
    "cluster_loss": 0.0,
    "mae": 1.2993,
    "mse": 2.8612,
    "multiclassification_loss": 0.0,
    "ortho_loss": 0.0,
    "pearson": 0.3125,
    "regression_loss": 2.8443,
    "rm2": 0.0949,
    "rmse": 1.6915,
    "sd": 1.6482,
    "spearman": 0.3018,
    "spectral_loss": 0.0
}
                              
                              
----------------------------------------
Epoch 003 with LR 0.000299: Model Results
----------------------------------------
Train MSE Loss: 2.6101, Train CLS Loss: 0.0000, Train MCLS Loss: 0.0000
Protein Cluster Region Loss - Ortho Loss: 0.0000, Cluster Loss: 0.0000
                              
Validation Results: {
    "ci": 0.6177,
    "classification_loss": 0.0,
    "cluster_loss": 0.0,
    "mae": 1.329,
    "mse": 2.8026,
    "multiclassification_loss": 0.0,
    "ortho_loss": 0.0,
    "pearson": 0.34,
    "regression_loss": 2.8028,
    "rm2": 0.1052,
    "rmse": 1.6741,
    "sd": 1.6307,
    "spearman": 0.3453,
    "spectral_loss": 0.0
}
                              
Test Results: {
    "ci": 0.633,
    "classification_loss": 0.0,
    "cluster_loss": 0.0,
    "mae": 1.2681,
    "mse": 2.5907,
    "multiclassification_loss": 0.0,
    "ortho_loss": 0.0,
    "pearson": 0.4065,
    "regression_loss": 2.5915,
    "rm2": 0.1527,
    "rmse": 1.6096,
    "sd": 1.5853,
    "spearman": 0.3836,
    "spectral_loss": 0.0
}
                              
                              
----------------------------------------
Epoch 004 with LR 0.000299: Model Results
----------------------------------------
Train MSE Loss: 2.3163, Train CLS Loss: 0.0000, Train MCLS Loss: 0.0000
Protein Cluster Region Loss - Ortho Loss: 0.0000, Cluster Loss: 0.0000
                              
Validation Results: {
    "ci": 0.6322,
    "classification_loss": 0.0,
    "cluster_loss": 0.0,
    "mae": 1.2932,
    "mse": 2.6994,
    "multiclassification_loss": 0.0,
    "ortho_loss": 0.0,
    "pearson": 0.3726,
    "regression_loss": 2.7005,
    "rm2": 0.1338,
    "rmse": 1.643,
    "sd": 1.6091,
    "spearman": 0.386,
    "spectral_loss": 0.0
}
                              
Test Results: {
    "ci": 0.6412,
    "classification_loss": 0.0,
    "cluster_loss": 0.0,
    "mae": 1.2237,
    "mse": 2.5663,
    "multiclassification_loss": 0.0,
    "ortho_loss": 0.0,
    "pearson": 0.4278,
    "regression_loss": 2.5616,
    "rm2": 0.1827,
    "rmse": 1.602,
    "sd": 1.5683,
    "spearman": 0.4056,
    "spectral_loss": 0.0
}
                              
                              
----------------------------------------
Epoch 005 with LR 0.000298: Model Results
----------------------------------------
Train MSE Loss: 2.1010, Train CLS Loss: 0.0000, Train MCLS Loss: 0.0000
Protein Cluster Region Loss - Ortho Loss: 0.0000, Cluster Loss: 0.0000
                              
Validation Results: {
    "ci": 0.633,
    "classification_loss": 0.0,
    "cluster_loss": 0.0,
    "mae": 1.4266,
    "mse": 3.2155,
    "multiclassification_loss": 0.0,
    "ortho_loss": 0.0,
    "pearson": 0.3752,
    "regression_loss": 3.2155,
    "rm2": 0.1215,
    "rmse": 1.7932,
    "sd": 1.6073,
    "spearman": 0.3902,
    "spectral_loss": 0.0
}
                              
Test Results: {
    "ci": 0.6412,
    "classification_loss": 0.0,
    "cluster_loss": 0.0,
    "mae": 1.2237,
    "mse": 2.5663,
    "multiclassification_loss": 0.0,
    "ortho_loss": 0.0,
    "pearson": 0.4278,
    "regression_loss": 2.5616,
    "rm2": 0.1827,
    "rmse": 1.602,
    "sd": 1.5683,
    "spearman": 0.4056,
    "spectral_loss": 0.0
}
                              
                              
----------------------------------------
Epoch 006 with LR 0.000297: Model Results
----------------------------------------
Train MSE Loss: 2.1468, Train CLS Loss: 0.0000, Train MCLS Loss: 0.0000
Protein Cluster Region Loss - Ortho Loss: 0.0000, Cluster Loss: 0.0000
                              
Validation Results: {
    "ci": 0.6304,
    "classification_loss": 0.0,
    "cluster_loss": 0.0,
    "mae": 1.3724,
    "mse": 3.0706,
    "multiclassification_loss": 0.0,
    "ortho_loss": 0.0,
    "pearson": 0.3713,
    "regression_loss": 3.0725,
    "rm2": 0.1284,
    "rmse": 1.7523,
    "sd": 1.61,
    "spearman": 0.3818,
    "spectral_loss": 0.0
}
                              
Test Results: {
    "ci": 0.6412,
    "classification_loss": 0.0,
    "cluster_loss": 0.0,
    "mae": 1.2237,
    "mse": 2.5663,
    "multiclassification_loss": 0.0,
    "ortho_loss": 0.0,
    "pearson": 0.4278,
    "regression_loss": 2.5616,
    "rm2": 0.1827,
    "rmse": 1.602,
    "sd": 1.5683,
    "spearman": 0.4056,
    "spectral_loss": 0.0
}
                              
                              
----------------------------------------
Epoch 007 with LR 0.000296: Model Results
----------------------------------------
Train MSE Loss: 2.0524, Train CLS Loss: 0.0000, Train MCLS Loss: 0.0000
Protein Cluster Region Loss - Ortho Loss: 0.0000, Cluster Loss: 0.0000
                              
Validation Results: {
    "ci": 0.6439,
    "classification_loss": 0.0,
    "cluster_loss": 0.0,
    "mae": 1.2724,
    "mse": 2.6156,
    "multiclassification_loss": 0.0,
    "ortho_loss": 0.0,
    "pearson": 0.4042,
    "regression_loss": 2.6165,
    "rm2": 0.1485,
    "rmse": 1.6173,
    "sd": 1.586,
    "spearman": 0.4196,
    "spectral_loss": 0.0
}
                              
Test Results: {
    "ci": 0.6458,
    "classification_loss": 0.0,
    "cluster_loss": 0.0,
    "mae": 1.2238,
    "mse": 2.5166,
    "multiclassification_loss": 0.0,
    "ortho_loss": 0.0,
    "pearson": 0.4323,
    "regression_loss": 2.5135,
    "rm2": 0.1731,
    "rmse": 1.5864,
    "sd": 1.5646,
    "spearman": 0.4154,
    "spectral_loss": 0.0
}
                              
                              
----------------------------------------
Epoch 008 with LR 0.000295: Model Results
----------------------------------------
Train MSE Loss: 1.9848, Train CLS Loss: 0.0000, Train MCLS Loss: 0.0000
Protein Cluster Region Loss - Ortho Loss: 0.0000, Cluster Loss: 0.0000
                              
Validation Results: {
    "ci": 0.631,
    "classification_loss": 0.0,
    "cluster_loss": 0.0,
    "mae": 1.337,
    "mse": 2.9176,
    "multiclassification_loss": 0.0,
    "ortho_loss": 0.0,
    "pearson": 0.3655,
    "regression_loss": 2.9195,
    "rm2": 0.1332,
    "rmse": 1.7081,
    "sd": 1.614,
    "spearman": 0.3822,
    "spectral_loss": 0.0
}
                              
Test Results: {
    "ci": 0.6458,
    "classification_loss": 0.0,
    "cluster_loss": 0.0,
    "mae": 1.2238,
    "mse": 2.5166,
    "multiclassification_loss": 0.0,
    "ortho_loss": 0.0,
    "pearson": 0.4323,
    "regression_loss": 2.5135,
    "rm2": 0.1731,
    "rmse": 1.5864,
    "sd": 1.5646,
    "spearman": 0.4154,
    "spectral_loss": 0.0
}
                              
                              
----------------------------------------
Epoch 009 with LR 0.000294: Model Results
----------------------------------------
Train MSE Loss: 1.8266, Train CLS Loss: 0.0000, Train MCLS Loss: 0.0000
Protein Cluster Region Loss - Ortho Loss: 0.0000, Cluster Loss: 0.0000
                              
Validation Results: {
    "ci": 0.629,
    "classification_loss": 0.0,
    "cluster_loss": 0.0,
    "mae": 1.4259,
    "mse": 3.303,
    "multiclassification_loss": 0.0,
    "ortho_loss": 0.0,
    "pearson": 0.3703,
    "regression_loss": 3.3035,
    "rm2": 0.1192,
    "rmse": 1.8174,
    "sd": 1.6107,
    "spearman": 0.3767,
    "spectral_loss": 0.0
}
                              
Test Results: {
    "ci": 0.6458,
    "classification_loss": 0.0,
    "cluster_loss": 0.0,
    "mae": 1.2238,
    "mse": 2.5166,
    "multiclassification_loss": 0.0,
    "ortho_loss": 0.0,
    "pearson": 0.4323,
    "regression_loss": 2.5135,
    "rm2": 0.1731,
    "rmse": 1.5864,
    "sd": 1.5646,
    "spearman": 0.4154,
    "spectral_loss": 0.0
}
                              
                              
----------------------------------------
Epoch 010 with LR 0.000293: Model Results
----------------------------------------
Train MSE Loss: 1.7764, Train CLS Loss: 0.0000, Train MCLS Loss: 0.0000
Protein Cluster Region Loss - Ortho Loss: 0.0000, Cluster Loss: 0.0000
                              
Validation Results: {
    "ci": 0.6396,
    "classification_loss": 0.0,
    "cluster_loss": 0.0,
    "mae": 1.3195,
    "mse": 2.8417,
    "multiclassification_loss": 0.0,
    "ortho_loss": 0.0,
    "pearson": 0.3902,
    "regression_loss": 2.843,
    "rm2": 0.1518,
    "rmse": 1.6857,
    "sd": 1.5965,
    "spearman": 0.4065,
    "spectral_loss": 0.0
}
                              
Test Results: {
    "ci": 0.6458,
    "classification_loss": 0.0,
    "cluster_loss": 0.0,
    "mae": 1.2238,
    "mse": 2.5166,
    "multiclassification_loss": 0.0,
    "ortho_loss": 0.0,
    "pearson": 0.4323,
    "regression_loss": 2.5135,
    "rm2": 0.1731,
    "rmse": 1.5864,
    "sd": 1.5646,
    "spearman": 0.4154,
    "spectral_loss": 0.0
}
                              
                              
----------------------------------------
Epoch 011 with LR 0.000291: Model Results
----------------------------------------
Train MSE Loss: 1.7042, Train CLS Loss: 0.0000, Train MCLS Loss: 0.0000
Protein Cluster Region Loss - Ortho Loss: 0.0000, Cluster Loss: 0.0000
                              
Validation Results: {
    "ci": 0.6416,
    "classification_loss": 0.0,
    "cluster_loss": 0.0,
    "mae": 1.3183,
    "mse": 2.8939,
    "multiclassification_loss": 0.0,
    "ortho_loss": 0.0,
    "pearson": 0.3927,
    "regression_loss": 2.8952,
    "rm2": 0.1403,
    "rmse": 1.7012,
    "sd": 1.5947,
    "spearman": 0.4108,
    "spectral_loss": 0.0
}
                              
Test Results: {
    "ci": 0.6458,
    "classification_loss": 0.0,
    "cluster_loss": 0.0,
    "mae": 1.2238,
    "mse": 2.5166,
    "multiclassification_loss": 0.0,
    "ortho_loss": 0.0,
    "pearson": 0.4323,
    "regression_loss": 2.5135,
    "rm2": 0.1731,
    "rmse": 1.5864,
    "sd": 1.5646,
    "spearman": 0.4154,
    "spectral_loss": 0.0
}
                              
                              
----------------------------------------
Epoch 012 with LR 0.000290: Model Results
----------------------------------------
Train MSE Loss: 1.6093, Train CLS Loss: 0.0000, Train MCLS Loss: 0.0000
Protein Cluster Region Loss - Ortho Loss: 0.0000, Cluster Loss: 0.0000
                              
Validation Results: {
    "ci": 0.6461,
    "classification_loss": 0.0,
    "cluster_loss": 0.0,
    "mae": 1.2921,
    "mse": 2.8009,
    "multiclassification_loss": 0.0,
    "ortho_loss": 0.0,
    "pearson": 0.4058,
    "regression_loss": 2.8022,
    "rm2": 0.154,
    "rmse": 1.6736,
    "sd": 1.5848,
    "spearman": 0.4225,
    "spectral_loss": 0.0
}
                              
Test Results: {
    "ci": 0.6458,
    "classification_loss": 0.0,
    "cluster_loss": 0.0,
    "mae": 1.2238,
    "mse": 2.5166,
    "multiclassification_loss": 0.0,
    "ortho_loss": 0.0,
    "pearson": 0.4323,
    "regression_loss": 2.5135,
    "rm2": 0.1731,
    "rmse": 1.5864,
    "sd": 1.5646,
    "spearman": 0.4154,
    "spectral_loss": 0.0
}
                              
                              
----------------------------------------
Epoch 013 with LR 0.000288: Model Results
----------------------------------------
Train MSE Loss: 1.5814, Train CLS Loss: 0.0000, Train MCLS Loss: 0.0000
Protein Cluster Region Loss - Ortho Loss: 0.0000, Cluster Loss: 0.0000
                              
Validation Results: {
    "ci": 0.6533,
    "classification_loss": 0.0,
    "cluster_loss": 0.0,
    "mae": 1.3389,
    "mse": 2.9679,
    "multiclassification_loss": 0.0,
    "ortho_loss": 0.0,
    "pearson": 0.4226,
    "regression_loss": 2.969,
    "rm2": 0.1753,
    "rmse": 1.7227,
    "sd": 1.5715,
    "spearman": 0.4414,
    "spectral_loss": 0.0
}
                              
Test Results: {
    "ci": 0.6458,
    "classification_loss": 0.0,
    "cluster_loss": 0.0,
    "mae": 1.2238,
    "mse": 2.5166,
    "multiclassification_loss": 0.0,
    "ortho_loss": 0.0,
    "pearson": 0.4323,
    "regression_loss": 2.5135,
    "rm2": 0.1731,
    "rmse": 1.5864,
    "sd": 1.5646,
    "spearman": 0.4154,
    "spectral_loss": 0.0
}
                              
                              
----------------------------------------
Epoch 014 with LR 0.000286: Model Results
----------------------------------------
Train MSE Loss: 1.5709, Train CLS Loss: 0.0000, Train MCLS Loss: 0.0000
Protein Cluster Region Loss - Ortho Loss: 0.0000, Cluster Loss: 0.0000
                              
Validation Results: {
    "ci": 0.6506,
    "classification_loss": 0.0,
    "cluster_loss": 0.0,
    "mae": 1.2496,
    "mse": 2.655,
    "multiclassification_loss": 0.0,
    "ortho_loss": 0.0,
    "pearson": 0.4123,
    "regression_loss": 2.6559,
    "rm2": 0.1574,
    "rmse": 1.6294,
    "sd": 1.5797,
    "spearman": 0.4327,
    "spectral_loss": 0.0
}
                              
Test Results: {
    "ci": 0.6458,
    "classification_loss": 0.0,
    "cluster_loss": 0.0,
    "mae": 1.2238,
    "mse": 2.5166,
    "multiclassification_loss": 0.0,
    "ortho_loss": 0.0,
    "pearson": 0.4323,
    "regression_loss": 2.5135,
    "rm2": 0.1731,
    "rmse": 1.5864,
    "sd": 1.5646,
    "spearman": 0.4154,
    "spectral_loss": 0.0
}
                              
                              
----------------------------------------
Epoch 015 with LR 0.000284: Model Results
----------------------------------------
Train MSE Loss: 1.5525, Train CLS Loss: 0.0000, Train MCLS Loss: 0.0000
Protein Cluster Region Loss - Ortho Loss: 0.0000, Cluster Loss: 0.0000
                              
Validation Results: {
    "ci": 0.6538,
    "classification_loss": 0.0,
    "cluster_loss": 0.0,
    "mae": 1.2997,
    "mse": 2.7368,
    "multiclassification_loss": 0.0,
    "ortho_loss": 0.0,
    "pearson": 0.4196,
    "regression_loss": 2.737,
    "rm2": 0.1494,
    "rmse": 1.6543,
    "sd": 1.574,
    "spearman": 0.4413,
    "spectral_loss": 0.0
}
                              
Test Results: {
    "ci": 0.6458,
    "classification_loss": 0.0,
    "cluster_loss": 0.0,
    "mae": 1.2238,
    "mse": 2.5166,
    "multiclassification_loss": 0.0,
    "ortho_loss": 0.0,
    "pearson": 0.4323,
    "regression_loss": 2.5135,
    "rm2": 0.1731,
    "rmse": 1.5864,
    "sd": 1.5646,
    "spearman": 0.4154,
    "spectral_loss": 0.0
}
                              
                              
----------------------------------------
Epoch 016 with LR 0.000282: Model Results
----------------------------------------
Train MSE Loss: 1.4494, Train CLS Loss: 0.0000, Train MCLS Loss: 0.0000
Protein Cluster Region Loss - Ortho Loss: 0.0000, Cluster Loss: 0.0000
                              
Validation Results: {
    "ci": 0.6497,
    "classification_loss": 0.0,
    "cluster_loss": 0.0,
    "mae": 1.2611,
    "mse": 2.6741,
    "multiclassification_loss": 0.0,
    "ortho_loss": 0.0,
    "pearson": 0.4148,
    "regression_loss": 2.675,
    "rm2": 0.159,
    "rmse": 1.6353,
    "sd": 1.5778,
    "spearman": 0.4309,
    "spectral_loss": 0.0
}
                              
Test Results: {
    "ci": 0.6458,
    "classification_loss": 0.0,
    "cluster_loss": 0.0,
    "mae": 1.2238,
    "mse": 2.5166,
    "multiclassification_loss": 0.0,
    "ortho_loss": 0.0,
    "pearson": 0.4323,
    "regression_loss": 2.5135,
    "rm2": 0.1731,
    "rmse": 1.5864,
    "sd": 1.5646,
    "spearman": 0.4154,
    "spectral_loss": 0.0
}
                              
                              
----------------------------------------
Epoch 017 with LR 0.000279: Model Results
----------------------------------------
Train MSE Loss: 1.4428, Train CLS Loss: 0.0000, Train MCLS Loss: 0.0000
Protein Cluster Region Loss - Ortho Loss: 0.0000, Cluster Loss: 0.0000
                              
Validation Results: {
    "ci": 0.6507,
    "classification_loss": 0.0,
    "cluster_loss": 0.0,
    "mae": 1.2761,
    "mse": 2.7565,
    "multiclassification_loss": 0.0,
    "ortho_loss": 0.0,
    "pearson": 0.4161,
    "regression_loss": 2.7572,
    "rm2": 0.1574,
    "rmse": 1.6603,
    "sd": 1.5768,
    "spearman": 0.4357,
    "spectral_loss": 0.0
}
                              
Test Results: {
    "ci": 0.6458,
    "classification_loss": 0.0,
    "cluster_loss": 0.0,
    "mae": 1.2238,
    "mse": 2.5166,
    "multiclassification_loss": 0.0,
    "ortho_loss": 0.0,
    "pearson": 0.4323,
    "regression_loss": 2.5135,
    "rm2": 0.1731,
    "rmse": 1.5864,
    "sd": 1.5646,
    "spearman": 0.4154,
    "spectral_loss": 0.0
}
                              
                              
----------------------------------------
Epoch 018 with LR 0.000277: Model Results
----------------------------------------
Train MSE Loss: 1.3872, Train CLS Loss: 0.0000, Train MCLS Loss: 0.0000
Protein Cluster Region Loss - Ortho Loss: 0.0000, Cluster Loss: 0.0000
                              
Validation Results: {
    "ci": 0.652,
    "classification_loss": 0.0,
    "cluster_loss": 0.0,
    "mae": 1.2826,
    "mse": 2.7813,
    "multiclassification_loss": 0.0,
    "ortho_loss": 0.0,
    "pearson": 0.4232,
    "regression_loss": 2.7817,
    "rm2": 0.1567,
    "rmse": 1.6677,
    "sd": 1.571,
    "spearman": 0.437,
    "spectral_loss": 0.0
}
                              
Test Results: {
    "ci": 0.6458,
    "classification_loss": 0.0,
    "cluster_loss": 0.0,
    "mae": 1.2238,
    "mse": 2.5166,
    "multiclassification_loss": 0.0,
    "ortho_loss": 0.0,
    "pearson": 0.4323,
    "regression_loss": 2.5135,
    "rm2": 0.1731,
    "rmse": 1.5864,
    "sd": 1.5646,
    "spearman": 0.4154,
    "spectral_loss": 0.0
}
                              
                              
----------------------------------------
Epoch 019 with LR 0.000274: Model Results
----------------------------------------
Train MSE Loss: 1.3623, Train CLS Loss: 0.0000, Train MCLS Loss: 0.0000
Protein Cluster Region Loss - Ortho Loss: 0.0000, Cluster Loss: 0.0000
                              
Validation Results: {
    "ci": 0.6525,
    "classification_loss": 0.0,
    "cluster_loss": 0.0,
    "mae": 1.304,
    "mse": 2.9496,
    "multiclassification_loss": 0.0,
    "ortho_loss": 0.0,
    "pearson": 0.4245,
    "regression_loss": 2.9498,
    "rm2": 0.1547,
    "rmse": 1.7175,
    "sd": 1.57,
    "spearman": 0.4361,
    "spectral_loss": 0.0
}
                              
Test Results: {
    "ci": 0.6458,
    "classification_loss": 0.0,
    "cluster_loss": 0.0,
    "mae": 1.2238,
    "mse": 2.5166,
    "multiclassification_loss": 0.0,
    "ortho_loss": 0.0,
    "pearson": 0.4323,
    "regression_loss": 2.5135,
    "rm2": 0.1731,
    "rmse": 1.5864,
    "sd": 1.5646,
    "spearman": 0.4154,
    "spectral_loss": 0.0
}
                              
                              
----------------------------------------
Epoch 020 with LR 0.000271: Model Results
----------------------------------------
Train MSE Loss: 1.3589, Train CLS Loss: 0.0000, Train MCLS Loss: 0.0000
Protein Cluster Region Loss - Ortho Loss: 0.0000, Cluster Loss: 0.0000
                              
Validation Results: {
    "ci": 0.655,
    "classification_loss": 0.0,
    "cluster_loss": 0.0,
    "mae": 1.2808,
    "mse": 2.7213,
    "multiclassification_loss": 0.0,
    "ortho_loss": 0.0,
    "pearson": 0.4286,
    "regression_loss": 2.7211,
    "rm2": 0.1548,
    "rmse": 1.6496,
    "sd": 1.5667,
    "spearman": 0.4446,
    "spectral_loss": 0.0
}
                              
Test Results: {
    "ci": 0.6458,
    "classification_loss": 0.0,
    "cluster_loss": 0.0,
    "mae": 1.2238,
    "mse": 2.5166,
    "multiclassification_loss": 0.0,
    "ortho_loss": 0.0,
    "pearson": 0.4323,
    "regression_loss": 2.5135,
    "rm2": 0.1731,
    "rmse": 1.5864,
    "sd": 1.5646,
    "spearman": 0.4154,
    "spectral_loss": 0.0
}
                              
                              
----------------------------------------
Epoch 021 with LR 0.000269: Model Results
----------------------------------------
Train MSE Loss: 1.3258, Train CLS Loss: 0.0000, Train MCLS Loss: 0.0000
Protein Cluster Region Loss - Ortho Loss: 0.0000, Cluster Loss: 0.0000
                              
Validation Results: {
    "ci": 0.6431,
    "classification_loss": 0.0,
    "cluster_loss": 0.0,
    "mae": 1.3165,
    "mse": 2.9526,
    "multiclassification_loss": 0.0,
    "ortho_loss": 0.0,
    "pearson": 0.399,
    "regression_loss": 2.9529,
    "rm2": 0.1369,
    "rmse": 1.7183,
    "sd": 1.59,
    "spearman": 0.4103,
    "spectral_loss": 0.0
}
                              
Test Results: {
    "ci": 0.6458,
    "classification_loss": 0.0,
    "cluster_loss": 0.0,
    "mae": 1.2238,
    "mse": 2.5166,
    "multiclassification_loss": 0.0,
    "ortho_loss": 0.0,
    "pearson": 0.4323,
    "regression_loss": 2.5135,
    "rm2": 0.1731,
    "rmse": 1.5864,
    "sd": 1.5646,
    "spearman": 0.4154,
    "spectral_loss": 0.0
}
                              
                              
----------------------------------------
Epoch 022 with LR 0.000266: Model Results
----------------------------------------
Train MSE Loss: 1.3180, Train CLS Loss: 0.0000, Train MCLS Loss: 0.0000
Protein Cluster Region Loss - Ortho Loss: 0.0000, Cluster Loss: 0.0000
                              
Validation Results: {
    "ci": 0.6571,
    "classification_loss": 0.0,
    "cluster_loss": 0.0,
    "mae": 1.233,
    "mse": 2.5952,
    "multiclassification_loss": 0.0,
    "ortho_loss": 0.0,
    "pearson": 0.4315,
    "regression_loss": 2.5961,
    "rm2": 0.1749,
    "rmse": 1.611,
    "sd": 1.5642,
    "spearman": 0.4494,
    "spectral_loss": 0.0
}
                              
Test Results: {
    "ci": 0.6642,
    "classification_loss": 0.0,
    "cluster_loss": 0.0,
    "mae": 1.1757,
    "mse": 2.3868,
    "multiclassification_loss": 0.0,
    "ortho_loss": 0.0,
    "pearson": 0.4987,
    "regression_loss": 2.3777,
    "rm2": 0.2379,
    "rmse": 1.5449,
    "sd": 1.5039,
    "spearman": 0.4628,
    "spectral_loss": 0.0
}
                              
                              
----------------------------------------
Epoch 023 with LR 0.000263: Model Results
----------------------------------------
Train MSE Loss: 1.2979, Train CLS Loss: 0.0000, Train MCLS Loss: 0.0000
Protein Cluster Region Loss - Ortho Loss: 0.0000, Cluster Loss: 0.0000
                              
Validation Results: {
    "ci": 0.6573,
    "classification_loss": 0.0,
    "cluster_loss": 0.0,
    "mae": 1.2598,
    "mse": 2.6945,
    "multiclassification_loss": 0.0,
    "ortho_loss": 0.0,
    "pearson": 0.4369,
    "regression_loss": 2.6946,
    "rm2": 0.1652,
    "rmse": 1.6415,
    "sd": 1.5597,
    "spearman": 0.4506,
    "spectral_loss": 0.0
}
                              
Test Results: {
    "ci": 0.6642,
    "classification_loss": 0.0,
    "cluster_loss": 0.0,
    "mae": 1.1757,
    "mse": 2.3868,
    "multiclassification_loss": 0.0,
    "ortho_loss": 0.0,
    "pearson": 0.4987,
    "regression_loss": 2.3777,
    "rm2": 0.2379,
    "rmse": 1.5449,
    "sd": 1.5039,
    "spearman": 0.4628,
    "spectral_loss": 0.0
}
                              
                              
----------------------------------------
Epoch 024 with LR 0.000259: Model Results
----------------------------------------
Train MSE Loss: 1.2961, Train CLS Loss: 0.0000, Train MCLS Loss: 0.0000
Protein Cluster Region Loss - Ortho Loss: 0.0000, Cluster Loss: 0.0000
                              
Validation Results: {
    "ci": 0.6517,
    "classification_loss": 0.0,
    "cluster_loss": 0.0,
    "mae": 1.3014,
    "mse": 2.8171,
    "multiclassification_loss": 0.0,
    "ortho_loss": 0.0,
    "pearson": 0.4285,
    "regression_loss": 2.8184,
    "rm2": 0.18,
    "rmse": 1.6784,
    "sd": 1.5667,
    "spearman": 0.4371,
    "spectral_loss": 0.0
}
                              
Test Results: {
    "ci": 0.6642,
    "classification_loss": 0.0,
    "cluster_loss": 0.0,
    "mae": 1.1757,
    "mse": 2.3868,
    "multiclassification_loss": 0.0,
    "ortho_loss": 0.0,
    "pearson": 0.4987,
    "regression_loss": 2.3777,
    "rm2": 0.2379,
    "rmse": 1.5449,
    "sd": 1.5039,
    "spearman": 0.4628,
    "spectral_loss": 0.0
}
                              
                              
----------------------------------------
Epoch 025 with LR 0.000256: Model Results
----------------------------------------
Train MSE Loss: 1.2309, Train CLS Loss: 0.0000, Train MCLS Loss: 0.0000
Protein Cluster Region Loss - Ortho Loss: 0.0000, Cluster Loss: 0.0000
                              
Validation Results: {
    "ci": 0.6553,
    "classification_loss": 0.0,
    "cluster_loss": 0.0,
    "mae": 1.3069,
    "mse": 2.9274,
    "multiclassification_loss": 0.0,
    "ortho_loss": 0.0,
    "pearson": 0.4322,
    "regression_loss": 2.9279,
    "rm2": 0.1588,
    "rmse": 1.711,
    "sd": 1.5637,
    "spearman": 0.4453,
    "spectral_loss": 0.0
}
                              
Test Results: {
    "ci": 0.6642,
    "classification_loss": 0.0,
    "cluster_loss": 0.0,
    "mae": 1.1757,
    "mse": 2.3868,
    "multiclassification_loss": 0.0,
    "ortho_loss": 0.0,
    "pearson": 0.4987,
    "regression_loss": 2.3777,
    "rm2": 0.2379,
    "rmse": 1.5449,
    "sd": 1.5039,
    "spearman": 0.4628,
    "spectral_loss": 0.0
}
                              
                              
----------------------------------------
Epoch 026 with LR 0.000253: Model Results
----------------------------------------
Train MSE Loss: 1.2261, Train CLS Loss: 0.0000, Train MCLS Loss: 0.0000
Protein Cluster Region Loss - Ortho Loss: 0.0000, Cluster Loss: 0.0000
                              
Validation Results: {
    "ci": 0.6487,
    "classification_loss": 0.0,
    "cluster_loss": 0.0,
    "mae": 1.2951,
    "mse": 2.8823,
    "multiclassification_loss": 0.0,
    "ortho_loss": 0.0,
    "pearson": 0.421,
    "regression_loss": 2.8827,
    "rm2": 0.1571,
    "rmse": 1.6977,
    "sd": 1.5728,
    "spearman": 0.4268,
    "spectral_loss": 0.0
}
                              
Test Results: {
    "ci": 0.6642,
    "classification_loss": 0.0,
    "cluster_loss": 0.0,
    "mae": 1.1757,
    "mse": 2.3868,
    "multiclassification_loss": 0.0,
    "ortho_loss": 0.0,
    "pearson": 0.4987,
    "regression_loss": 2.3777,
    "rm2": 0.2379,
    "rmse": 1.5449,
    "sd": 1.5039,
    "spearman": 0.4628,
    "spectral_loss": 0.0
}
                              
                              
----------------------------------------
Epoch 027 with LR 0.000249: Model Results
----------------------------------------
Train MSE Loss: 1.2092, Train CLS Loss: 0.0000, Train MCLS Loss: 0.0000
Protein Cluster Region Loss - Ortho Loss: 0.0000, Cluster Loss: 0.0000
                              
Validation Results: {
    "ci": 0.6444,
    "classification_loss": 0.0,
    "cluster_loss": 0.0,
    "mae": 1.3928,
    "mse": 3.3294,
    "multiclassification_loss": 0.0,
    "ortho_loss": 0.0,
    "pearson": 0.4029,
    "regression_loss": 3.33,
    "rm2": 0.1458,
    "rmse": 1.8247,
    "sd": 1.587,
    "spearman": 0.4151,
    "spectral_loss": 0.0
}
                              
Test Results: {
    "ci": 0.6642,
    "classification_loss": 0.0,
    "cluster_loss": 0.0,
    "mae": 1.1757,
    "mse": 2.3868,
    "multiclassification_loss": 0.0,
    "ortho_loss": 0.0,
    "pearson": 0.4987,
    "regression_loss": 2.3777,
    "rm2": 0.2379,
    "rmse": 1.5449,
    "sd": 1.5039,
    "spearman": 0.4628,
    "spectral_loss": 0.0
}
                              
                              
----------------------------------------
Epoch 028 with LR 0.000246: Model Results
----------------------------------------
Train MSE Loss: 1.1867, Train CLS Loss: 0.0000, Train MCLS Loss: 0.0000
Protein Cluster Region Loss - Ortho Loss: 0.0000, Cluster Loss: 0.0000
                              
Validation Results: {
    "ci": 0.6511,
    "classification_loss": 0.0,
    "cluster_loss": 0.0,
    "mae": 1.2859,
    "mse": 2.7738,
    "multiclassification_loss": 0.0,
    "ortho_loss": 0.0,
    "pearson": 0.4283,
    "regression_loss": 2.7744,
    "rm2": 0.1589,
    "rmse": 1.6655,
    "sd": 1.5669,
    "spearman": 0.4336,
    "spectral_loss": 0.0
}
                              
Test Results: {
    "ci": 0.6642,
    "classification_loss": 0.0,
    "cluster_loss": 0.0,
    "mae": 1.1757,
    "mse": 2.3868,
    "multiclassification_loss": 0.0,
    "ortho_loss": 0.0,
    "pearson": 0.4987,
    "regression_loss": 2.3777,
    "rm2": 0.2379,
    "rmse": 1.5449,
    "sd": 1.5039,
    "spearman": 0.4628,
    "spectral_loss": 0.0
}
                              
                              
----------------------------------------
Epoch 029 with LR 0.000242: Model Results
----------------------------------------
Train MSE Loss: 1.1777, Train CLS Loss: 0.0000, Train MCLS Loss: 0.0000
Protein Cluster Region Loss - Ortho Loss: 0.0000, Cluster Loss: 0.0000
                              
Validation Results: {
    "ci": 0.6421,
    "classification_loss": 0.0,
    "cluster_loss": 0.0,
    "mae": 1.3138,
    "mse": 2.9611,
    "multiclassification_loss": 0.0,
    "ortho_loss": 0.0,
    "pearson": 0.3908,
    "regression_loss": 2.961,
    "rm2": 0.1331,
    "rmse": 1.7208,
    "sd": 1.5961,
    "spearman": 0.4078,
    "spectral_loss": 0.0
}
                              
Test Results: {
    "ci": 0.6642,
    "classification_loss": 0.0,
    "cluster_loss": 0.0,
    "mae": 1.1757,
    "mse": 2.3868,
    "multiclassification_loss": 0.0,
    "ortho_loss": 0.0,
    "pearson": 0.4987,
    "regression_loss": 2.3777,
    "rm2": 0.2379,
    "rmse": 1.5449,
    "sd": 1.5039,
    "spearman": 0.4628,
    "spectral_loss": 0.0
}
                              
                              
----------------------------------------
Epoch 030 with LR 0.000238: Model Results
----------------------------------------
Train MSE Loss: 1.1494, Train CLS Loss: 0.0000, Train MCLS Loss: 0.0000
Protein Cluster Region Loss - Ortho Loss: 0.0000, Cluster Loss: 0.0000
                              
Validation Results: {
    "ci": 0.6518,
    "classification_loss": 0.0,
    "cluster_loss": 0.0,
    "mae": 1.2772,
    "mse": 2.7982,
    "multiclassification_loss": 0.0,
    "ortho_loss": 0.0,
    "pearson": 0.421,
    "regression_loss": 2.7991,
    "rm2": 0.1655,
    "rmse": 1.6728,
    "sd": 1.5728,
    "spearman": 0.4335,
    "spectral_loss": 0.0
}
                              
Test Results: {
    "ci": 0.6642,
    "classification_loss": 0.0,
    "cluster_loss": 0.0,
    "mae": 1.1757,
    "mse": 2.3868,
    "multiclassification_loss": 0.0,
    "ortho_loss": 0.0,
    "pearson": 0.4987,
    "regression_loss": 2.3777,
    "rm2": 0.2379,
    "rmse": 1.5449,
    "sd": 1.5039,
    "spearman": 0.4628,
    "spectral_loss": 0.0
}
                              
                              
----------------------------------------
Epoch 031 with LR 0.000235: Model Results
----------------------------------------
Train MSE Loss: 1.1429, Train CLS Loss: 0.0000, Train MCLS Loss: 0.0000
Protein Cluster Region Loss - Ortho Loss: 0.0000, Cluster Loss: 0.0000
                              
Validation Results: {
    "ci": 0.6509,
    "classification_loss": 0.0,
    "cluster_loss": 0.0,
    "mae": 1.285,
    "mse": 2.8324,
    "multiclassification_loss": 0.0,
    "ortho_loss": 0.0,
    "pearson": 0.4113,
    "regression_loss": 2.8333,
    "rm2": 0.1536,
    "rmse": 1.683,
    "sd": 1.5806,
    "spearman": 0.4333,
    "spectral_loss": 0.0
}
                              
Test Results: {
    "ci": 0.6642,
    "classification_loss": 0.0,
    "cluster_loss": 0.0,
    "mae": 1.1757,
    "mse": 2.3868,
    "multiclassification_loss": 0.0,
    "ortho_loss": 0.0,
    "pearson": 0.4987,
    "regression_loss": 2.3777,
    "rm2": 0.2379,
    "rmse": 1.5449,
    "sd": 1.5039,
    "spearman": 0.4628,
    "spectral_loss": 0.0
}
                              
                              
----------------------------------------
Epoch 032 with LR 0.000231: Model Results
----------------------------------------
Train MSE Loss: 1.1283, Train CLS Loss: 0.0000, Train MCLS Loss: 0.0000
Protein Cluster Region Loss - Ortho Loss: 0.0000, Cluster Loss: 0.0000
                              
Validation Results: {
    "ci": 0.6464,
    "classification_loss": 0.0,
    "cluster_loss": 0.0,
    "mae": 1.2896,
    "mse": 2.9045,
    "multiclassification_loss": 0.0,
    "ortho_loss": 0.0,
    "pearson": 0.395,
    "regression_loss": 2.9048,
    "rm2": 0.1378,
    "rmse": 1.7043,
    "sd": 1.593,
    "spearman": 0.4182,
    "spectral_loss": 0.0
}
                              
Test Results: {
    "ci": 0.6642,
    "classification_loss": 0.0,
    "cluster_loss": 0.0,
    "mae": 1.1757,
    "mse": 2.3868,
    "multiclassification_loss": 0.0,
    "ortho_loss": 0.0,
    "pearson": 0.4987,
    "regression_loss": 2.3777,
    "rm2": 0.2379,
    "rmse": 1.5449,
    "sd": 1.5039,
    "spearman": 0.4628,
    "spectral_loss": 0.0
}
                              
                              
----------------------------------------
Epoch 033 with LR 0.000227: Model Results
----------------------------------------
Train MSE Loss: 1.1099, Train CLS Loss: 0.0000, Train MCLS Loss: 0.0000
Protein Cluster Region Loss - Ortho Loss: 0.0000, Cluster Loss: 0.0000
                              
Validation Results: {
    "ci": 0.6476,
    "classification_loss": 0.0,
    "cluster_loss": 0.0,
    "mae": 1.258,
    "mse": 2.6383,
    "multiclassification_loss": 0.0,
    "ortho_loss": 0.0,
    "pearson": 0.4038,
    "regression_loss": 2.6387,
    "rm2": 0.1488,
    "rmse": 1.6243,
    "sd": 1.5863,
    "spearman": 0.4248,
    "spectral_loss": 0.0
}
                              
Test Results: {
    "ci": 0.6642,
    "classification_loss": 0.0,
    "cluster_loss": 0.0,
    "mae": 1.1757,
    "mse": 2.3868,
    "multiclassification_loss": 0.0,
    "ortho_loss": 0.0,
    "pearson": 0.4987,
    "regression_loss": 2.3777,
    "rm2": 0.2379,
    "rmse": 1.5449,
    "sd": 1.5039,
    "spearman": 0.4628,
    "spectral_loss": 0.0
}
                              
                              
----------------------------------------
Epoch 034 with LR 0.000223: Model Results
----------------------------------------
Train MSE Loss: 1.1052, Train CLS Loss: 0.0000, Train MCLS Loss: 0.0000
Protein Cluster Region Loss - Ortho Loss: 0.0000, Cluster Loss: 0.0000
                              
Validation Results: {
    "ci": 0.6529,
    "classification_loss": 0.0,
    "cluster_loss": 0.0,
    "mae": 1.3531,
    "mse": 3.271,
    "multiclassification_loss": 0.0,
    "ortho_loss": 0.0,
    "pearson": 0.4124,
    "regression_loss": 3.271,
    "rm2": 0.147,
    "rmse": 1.8086,
    "sd": 1.5797,
    "spearman": 0.4361,
    "spectral_loss": 0.0
}
                              
Test Results: {
    "ci": 0.6642,
    "classification_loss": 0.0,
    "cluster_loss": 0.0,
    "mae": 1.1757,
    "mse": 2.3868,
    "multiclassification_loss": 0.0,
    "ortho_loss": 0.0,
    "pearson": 0.4987,
    "regression_loss": 2.3777,
    "rm2": 0.2379,
    "rmse": 1.5449,
    "sd": 1.5039,
    "spearman": 0.4628,
    "spectral_loss": 0.0
}
                              
                              
----------------------------------------
Epoch 035 with LR 0.000218: Model Results
----------------------------------------
Train MSE Loss: 1.0795, Train CLS Loss: 0.0000, Train MCLS Loss: 0.0000
Protein Cluster Region Loss - Ortho Loss: 0.0000, Cluster Loss: 0.0000
                              
Validation Results: {
    "ci": 0.6537,
    "classification_loss": 0.0,
    "cluster_loss": 0.0,
    "mae": 1.2821,
    "mse": 2.8145,
    "multiclassification_loss": 0.0,
    "ortho_loss": 0.0,
    "pearson": 0.4227,
    "regression_loss": 2.8145,
    "rm2": 0.1545,
    "rmse": 1.6777,
    "sd": 1.5715,
    "spearman": 0.4382,
    "spectral_loss": 0.0
}
                              
Test Results: {
    "ci": 0.6642,
    "classification_loss": 0.0,
    "cluster_loss": 0.0,
    "mae": 1.1757,
    "mse": 2.3868,
    "multiclassification_loss": 0.0,
    "ortho_loss": 0.0,
    "pearson": 0.4987,
    "regression_loss": 2.3777,
    "rm2": 0.2379,
    "rmse": 1.5449,
    "sd": 1.5039,
    "spearman": 0.4628,
    "spectral_loss": 0.0
}
                              
                              
----------------------------------------
Epoch 036 with LR 0.000214: Model Results
----------------------------------------
Train MSE Loss: 1.0629, Train CLS Loss: 0.0000, Train MCLS Loss: 0.0000
Protein Cluster Region Loss - Ortho Loss: 0.0000, Cluster Loss: 0.0000
                              
Validation Results: {
    "ci": 0.6456,
    "classification_loss": 0.0,
    "cluster_loss": 0.0,
    "mae": 1.2974,
    "mse": 2.9105,
    "multiclassification_loss": 0.0,
    "ortho_loss": 0.0,
    "pearson": 0.3932,
    "regression_loss": 2.9109,
    "rm2": 0.1393,
    "rmse": 1.706,
    "sd": 1.5943,
    "spearman": 0.4153,
    "spectral_loss": 0.0
}
                              
Test Results: {
    "ci": 0.6642,
    "classification_loss": 0.0,
    "cluster_loss": 0.0,
    "mae": 1.1757,
    "mse": 2.3868,
    "multiclassification_loss": 0.0,
    "ortho_loss": 0.0,
    "pearson": 0.4987,
    "regression_loss": 2.3777,
    "rm2": 0.2379,
    "rmse": 1.5449,
    "sd": 1.5039,
    "spearman": 0.4628,
    "spectral_loss": 0.0
}
                              
                              
----------------------------------------
Epoch 037 with LR 0.000210: Model Results
----------------------------------------
Train MSE Loss: 1.0681, Train CLS Loss: 0.0000, Train MCLS Loss: 0.0000
Protein Cluster Region Loss - Ortho Loss: 0.0000, Cluster Loss: 0.0000
                              
Validation Results: {
    "ci": 0.6427,
    "classification_loss": 0.0,
    "cluster_loss": 0.0,
    "mae": 1.3557,
    "mse": 3.2158,
    "multiclassification_loss": 0.0,
    "ortho_loss": 0.0,
    "pearson": 0.392,
    "regression_loss": 3.2157,
    "rm2": 0.1319,
    "rmse": 1.7933,
    "sd": 1.5952,
    "spearman": 0.4075,
    "spectral_loss": 0.0
}
                              
Test Results: {
    "ci": 0.6642,
    "classification_loss": 0.0,
    "cluster_loss": 0.0,
    "mae": 1.1757,
    "mse": 2.3868,
    "multiclassification_loss": 0.0,
    "ortho_loss": 0.0,
    "pearson": 0.4987,
    "regression_loss": 2.3777,
    "rm2": 0.2379,
    "rmse": 1.5449,
    "sd": 1.5039,
    "spearman": 0.4628,
    "spectral_loss": 0.0
}

Early stopping at epoch 37 (no improvement for 15 epochs)
[best epoch] epoch=22, best_rmse=1.611, lr_at_best=2.657e-04
                              
                              
----------------------------------------
Epoch 037 with LR 0.000210: Model Results
----------------------------------------
Train MSE Loss: 1.0681, Train CLS Loss: 0.0000, Train MCLS Loss: 0.0000
Protein Cluster Region Loss - Ortho Loss: 0.0000, Cluster Loss: 0.0000
                              
Validation Results: {
    "ci": 0.6427,
    "classification_loss": 0.0,
    "cluster_loss": 0.0,
    "mae": 1.3557,
    "mse": 3.2158,
    "multiclassification_loss": 0.0,
    "ortho_loss": 0.0,
    "pearson": 0.392,
    "regression_loss": 3.2157,
    "rm2": 0.1319,
    "rmse": 1.7933,
    "sd": 1.5952,
    "spearman": 0.4075,
    "spectral_loss": 0.0
}
                              
Test Results: {
    "ci": 0.6642,
    "classification_loss": 0.0,
    "cluster_loss": 0.0,
    "mae": 1.1757,
    "mse": 2.3868,
    "multiclassification_loss": 0.0,
    "ortho_loss": 0.0,
    "pearson": 0.4987,
    "regression_loss": 2.3777,
    "rm2": 0.2379,
    "rmse": 1.5449,
    "sd": 1.5039,
    "spearman": 0.4628,
    "spectral_loss": 0.0
}
Final test metrics: rmse=1.5448, pearson=0.4988, r2_proxy(mse)=2.3863
Done. Predictions: /sc/arion/projects/DiseaseGeneCell/Huang_lab_project/wangcDrugRepoProject/TRACE_Kin_Results_v5t_transformer/EITLEM_dataset/EITLEM_kkm_MUTAPLM_embedding_cold_protein/test_prediction_seed1.csv; checkpoint: /sc/arion/projects/DiseaseGeneCell/Huang_lab_project/wangcDrugRepoProject/TRACE_Kin_Results_v5t_transformer/EITLEM_dataset/EITLEM_kkm_MUTAPLM_embedding_cold_protein/save_model_seed1/model.pt

==========================================
Array task 9/10: OK (EITLEM_kkm_MUTAPLM_embedding_cold_protein)
==========================================


PS:

Read file <242993252.9.stderr> for stderr output of this job.

