Sender: LSF System <lsfadmin@lg03e11>
Subject: Job 242993252[6]: <trace_kin_v5t_perfolder_s1[1-10]> in cluster <chimera> Done

Job <trace_kin_v5t_perfolder_s1[1-10]> was submitted from host <li04e04> by user <wangc40> in cluster <chimera> at Mon May 11 17:12:43 2026
Job was executed on host(s) <16*lg03e11>, in queue <gpu>, as user <wangc40> in cluster <chimera> at Mon May 11 17:12:47 2026
</hpc/users/wangc40> was used as the home directory.
</sc/arion/projects/DiseaseGeneCell/Huang_lab_project/wangcDrugRepoProject/TRACE-Kin> was used as the working directory.
Started at Mon May 11 17:12:47 2026
Terminated at Mon May 11 17:58:37 2026
Results reported at Mon May 11 17:58:37 2026

Your job looked like:

------------------------------------------------------------
# LSBATCH: User input
#!/bin/bash
#BSUB -J trace_kin_v5t_perfolder_s1[1-10]
#BSUB -P acc_DiseaseGeneCell
#BSUB -q gpu
#BSUB -R h100nvl
#BSUB -gpu num=1
#BSUB -n 16
#BSUB -R "rusage[mem=15000]"
#BSUB -R "span[hosts=1]"
#BSUB -W 48:00
#BSUB -o %J.%I.stdout
#BSUB -eo %J.%I.stderr
#BSUB -L /bin/bash

# =============================================================================
# TRACE-Kin v5t (Vanilla Transformer + Cross-Attention) PER-FOLDER — top-10 cells
# =============================================================================
# Submit with:
#     bsub < training/run_v5t_perfolder_s1.lsf
#
# v5t = Transformer: MutaPLM per-residue (4096) -> Linear(512) -> Transformer
# self-attention x4 with Rotary PE -> cross-attention with ligand atoms
# (PNA + MoLFormer) -> substrate-conditioned pooling -> regression head.
#
# All cells use MUTAPLM embedding.
#
# For seeds 2 and 3, submit:
#     bsub < training/run_v5t_perfolder_s2.lsf
#     bsub < training/run_v5t_perfolder_s3.lsf
# =============================================================================

# --- Environment -------------------------------------------------------------
ml purge
source ~/.bashrc
module load anaconda3/2024.06
source activate test
module load cuda/12.4.0
export RAYON_NUM_THREADS=4
export PYTORCH_CUDA_ALLOC_CONF=expandable_segments:True
export PYTHONPATH="$PWD${PYTHONPATH:+:$PYTHONPATH}"

# --- Knobs (env overrides) ---------------------------------------------------
ENZYME_BASE="${ENZYME_BASE:-/sc/arion/projects/DiseaseGeneCell/Huang_lab_project/drug_discovery/output/data/enzyme_embeddings_dataset}"
RESULT_BASE="${RESULT_BASE:-/sc/arion/projects/DiseaseGeneCell/Huang_lab_project/wangcDrugRepoProject/TRACE_Kin_Results_v5t_transformer}"
MOLFORMER_PATH="${MOLFORMER_PATH:-/sc/arion/projects/DiseaseGeneCell/Huang_lab_project/wangcDrugRepoProject/transformersmodels/ibm/MoLFormer-XL-both-10pct}"
CONFIG_PATH="${CONFIG_PATH:-training/config_v5t.json}"
EPOCHS="${EPOCHS:-100}"
BATCH_SIZE="${BATCH_SIZE:-32}"
SEED=1
LRATE="${LRATE:-3e-4}"

(... more ...)
------------------------------------------------------------

Successfully completed.

Resource usage summary:

    CPU time :                                   3269.00 sec.
    Max Memory :                                 25288 MB
    Average Memory :                             24495.11 MB
    Total Requested Memory :                     240000.00 MB
    Delta Memory :                               214712.00 MB
    Max Swap :                                   -
    Max Processes :                              21
    Max Threads :                                53
    Run time :                                   2750 sec.
    Turnaround time :                            2754 sec.

The output (if any) follows:

==========================================
TRACE-Kin v5t (Transformer) PER-FOLDER task 6/10
==========================================
Date:        Mon May 11 17:12:51 EDT 2026
Dataset:     /sc/arion/projects/DiseaseGeneCell/Huang_lab_project/drug_discovery/output/data/enzyme_embeddings_dataset/MPEK_dataset/MPEK_kcat_MUTAPLM_embedding_cold_protein
Result:      /sc/arion/projects/DiseaseGeneCell/Huang_lab_project/wangcDrugRepoProject/TRACE_Kin_Results_v5t_transformer/MPEK_dataset/MPEK_kcat_MUTAPLM_embedding_cold_protein
Config:      training/config_v5t.json
MoLFormer:   /sc/arion/projects/DiseaseGeneCell/Huang_lab_project/wangcDrugRepoProject/transformersmodels/ibm/MoLFormer-XL-both-10pct
Pool CSVs:   (none — per-folder)
Model:       v5t Transformer (Self-Attn x4 with RoPE + cross-attn + MoLFormer ctx)
Epochs:      100, batch=32, seed=1, lr=3e-4
==========================================
Python 3.12.2
Python: /sc/arion/work/wangc40/test-env/envs/test/bin/python
CUDA device: NVIDIA H100 80GB HBM3, sm_90
============================================================
TRACE-Kin training
============================================================
Datafolder:        /sc/arion/projects/DiseaseGeneCell/Huang_lab_project/drug_discovery/output/data/enzyme_embeddings_dataset/MPEK_dataset/MPEK_kcat_MUTAPLM_embedding_cold_protein
Result path:       /sc/arion/projects/DiseaseGeneCell/Huang_lab_project/wangcDrugRepoProject/TRACE_Kin_Results_v5t_transformer/MPEK_dataset/MPEK_kcat_MUTAPLM_embedding_cold_protein
Config:            training/config_v5t.json
Pool train CSVs:   (none)
============================================================
[mem] before load_split_dataframes             max RSS = 0.62 GB
Loading primary train (essential cols): /sc/arion/projects/DiseaseGeneCell/Huang_lab_project/drug_discovery/output/data/enzyme_embeddings_dataset/MPEK_dataset/MPEK_kcat_MUTAPLM_embedding_cold_protein/train.parquet
Loading primary test (essential cols): /sc/arion/projects/DiseaseGeneCell/Huang_lab_project/drug_discovery/output/data/enzyme_embeddings_dataset/MPEK_dataset/MPEK_kcat_MUTAPLM_embedding_cold_protein/test.parquet
Loading primary val (essential cols): /sc/arion/projects/DiseaseGeneCell/Huang_lab_project/drug_discovery/output/data/enzyme_embeddings_dataset/MPEK_dataset/MPEK_kcat_MUTAPLM_embedding_cold_protein/val.parquet
Detected prot_evo_channels = 4096 (1-row sample)
[mem] after load_split_dataframes (lite — feature cols not loaded) max RSS = 0.86 GB
model_version: v5t, use_swa: False
Reusing protein cache: /sc/arion/projects/DiseaseGeneCell/Huang_lab_project/drug_discovery/output/data/enzyme_embeddings_dataset/MPEK_dataset/MPEK_kcat_MUTAPLM_embedding_cold_protein/protein.pt
Reusing ligand cache: /sc/arion/projects/DiseaseGeneCell/Huang_lab_project/drug_discovery/output/data/enzyme_embeddings_dataset/MPEK_dataset/MPEK_kcat_MUTAPLM_embedding_cold_protein/ligand.pt
[mem] after preprocess                         max RSS = 23.19 GB
loaders ready: train=394 test=114 val=53
[mem] after make_loaders                       max RSS = 23.19 GB
Built TraceKinV5T with 55,451,140 parameters
[AMP] enabled: dtype=torch.bfloat16
[LR schedule] schedule_lr=True, lrate=0.0003, min_lrate=1e-06, warmup_iters=0, lr_decay_iters=39400, total_iters=39400
Not in terminal, reprint now using normal build-in print function.
                              
                              
----------------------------------------
Epoch 001 with LR 0.000300: Model Results
----------------------------------------
Train MSE Loss: 2.4158, Train CLS Loss: 0.0000, Train MCLS Loss: 0.0000
Protein Cluster Region Loss - Ortho Loss: 0.0000, Cluster Loss: 0.0000
                              
Validation Results: {
    "ci": 0.6526,
    "classification_loss": 0.0,
    "cluster_loss": 0.0,
    "mae": 1.0303,
    "mse": 1.9067,
    "multiclassification_loss": 0.0,
    "ortho_loss": 0.0,
    "pearson": 0.4328,
    "regression_loss": 1.9012,
    "rm2": 0.1751,
    "rmse": 1.3808,
    "sd": 1.3567,
    "spearman": 0.4404,
    "spectral_loss": 0.0
}
                              
Test Results: {
    "ci": 0.6526,
    "classification_loss": 0.0,
    "cluster_loss": 0.0,
    "mae": 1.0411,
    "mse": 1.8524,
    "multiclassification_loss": 0.0,
    "ortho_loss": 0.0,
    "pearson": 0.4515,
    "regression_loss": 1.8538,
    "rm2": 0.1897,
    "rmse": 1.361,
    "sd": 1.3431,
    "spearman": 0.4405,
    "spectral_loss": 0.0
}
                              
                              
----------------------------------------
Epoch 002 with LR 0.000300: Model Results
----------------------------------------
Train MSE Loss: 1.7135, Train CLS Loss: 0.0000, Train MCLS Loss: 0.0000
Protein Cluster Region Loss - Ortho Loss: 0.0000, Cluster Loss: 0.0000
                              
Validation Results: {
    "ci": 0.6721,
    "classification_loss": 0.0,
    "cluster_loss": 0.0,
    "mae": 0.9826,
    "mse": 1.8024,
    "multiclassification_loss": 0.0,
    "ortho_loss": 0.0,
    "pearson": 0.4899,
    "regression_loss": 1.7944,
    "rm2": 0.2206,
    "rmse": 1.3425,
    "sd": 1.312,
    "spearman": 0.4905,
    "spectral_loss": 0.0
}
                              
Test Results: {
    "ci": 0.6677,
    "classification_loss": 0.0,
    "cluster_loss": 0.0,
    "mae": 1.014,
    "mse": 1.7892,
    "multiclassification_loss": 0.0,
    "ortho_loss": 0.0,
    "pearson": 0.4951,
    "regression_loss": 1.79,
    "rm2": 0.2238,
    "rmse": 1.3376,
    "sd": 1.3078,
    "spearman": 0.4795,
    "spectral_loss": 0.0
}
                              
                              
----------------------------------------
Epoch 003 with LR 0.000299: Model Results
----------------------------------------
Train MSE Loss: 1.4717, Train CLS Loss: 0.0000, Train MCLS Loss: 0.0000
Protein Cluster Region Loss - Ortho Loss: 0.0000, Cluster Loss: 0.0000
                              
Validation Results: {
    "ci": 0.6811,
    "classification_loss": 0.0,
    "cluster_loss": 0.0,
    "mae": 0.9847,
    "mse": 1.7692,
    "multiclassification_loss": 0.0,
    "ortho_loss": 0.0,
    "pearson": 0.5121,
    "regression_loss": 1.7626,
    "rm2": 0.256,
    "rmse": 1.3301,
    "sd": 1.2927,
    "spearman": 0.5123,
    "spectral_loss": 0.0
}
                              
Test Results: {
    "ci": 0.6688,
    "classification_loss": 0.0,
    "cluster_loss": 0.0,
    "mae": 1.0175,
    "mse": 1.8084,
    "multiclassification_loss": 0.0,
    "ortho_loss": 0.0,
    "pearson": 0.5093,
    "regression_loss": 1.8156,
    "rm2": 0.2548,
    "rmse": 1.3448,
    "sd": 1.2954,
    "spearman": 0.4824,
    "spectral_loss": 0.0
}
                              
                              
----------------------------------------
Epoch 004 with LR 0.000299: Model Results
----------------------------------------
Train MSE Loss: 1.3858, Train CLS Loss: 0.0000, Train MCLS Loss: 0.0000
Protein Cluster Region Loss - Ortho Loss: 0.0000, Cluster Loss: 0.0000
                              
Validation Results: {
    "ci": 0.6683,
    "classification_loss": 0.0,
    "cluster_loss": 0.0,
    "mae": 1.138,
    "mse": 2.0658,
    "multiclassification_loss": 0.0,
    "ortho_loss": 0.0,
    "pearson": 0.4994,
    "regression_loss": 2.0673,
    "rm2": 0.1935,
    "rmse": 1.4373,
    "sd": 1.3039,
    "spearman": 0.4808,
    "spectral_loss": 0.0
}
                              
Test Results: {
    "ci": 0.6688,
    "classification_loss": 0.0,
    "cluster_loss": 0.0,
    "mae": 1.0175,
    "mse": 1.8084,
    "multiclassification_loss": 0.0,
    "ortho_loss": 0.0,
    "pearson": 0.5093,
    "regression_loss": 1.8156,
    "rm2": 0.2548,
    "rmse": 1.3448,
    "sd": 1.2954,
    "spearman": 0.4824,
    "spectral_loss": 0.0
}
                              
                              
----------------------------------------
Epoch 005 with LR 0.000298: Model Results
----------------------------------------
Train MSE Loss: 1.3500, Train CLS Loss: 0.0000, Train MCLS Loss: 0.0000
Protein Cluster Region Loss - Ortho Loss: 0.0000, Cluster Loss: 0.0000
                              
Validation Results: {
    "ci": 0.6648,
    "classification_loss": 0.0,
    "cluster_loss": 0.0,
    "mae": 0.9858,
    "mse": 1.7747,
    "multiclassification_loss": 0.0,
    "ortho_loss": 0.0,
    "pearson": 0.4723,
    "regression_loss": 1.7653,
    "rm2": 0.219,
    "rmse": 1.3322,
    "sd": 1.3266,
    "spearman": 0.4676,
    "spectral_loss": 0.0
}
                              
Test Results: {
    "ci": 0.6688,
    "classification_loss": 0.0,
    "cluster_loss": 0.0,
    "mae": 1.0175,
    "mse": 1.8084,
    "multiclassification_loss": 0.0,
    "ortho_loss": 0.0,
    "pearson": 0.5093,
    "regression_loss": 1.8156,
    "rm2": 0.2548,
    "rmse": 1.3448,
    "sd": 1.2954,
    "spearman": 0.4824,
    "spectral_loss": 0.0
}
                              
                              
----------------------------------------
Epoch 006 with LR 0.000297: Model Results
----------------------------------------
Train MSE Loss: 1.2195, Train CLS Loss: 0.0000, Train MCLS Loss: 0.0000
Protein Cluster Region Loss - Ortho Loss: 0.0000, Cluster Loss: 0.0000
                              
Validation Results: {
    "ci": 0.6683,
    "classification_loss": 0.0,
    "cluster_loss": 0.0,
    "mae": 1.0046,
    "mse": 1.88,
    "multiclassification_loss": 0.0,
    "ortho_loss": 0.0,
    "pearson": 0.4925,
    "regression_loss": 1.8668,
    "rm2": 0.2149,
    "rmse": 1.3711,
    "sd": 1.3098,
    "spearman": 0.4759,
    "spectral_loss": 0.0
}
                              
Test Results: {
    "ci": 0.6688,
    "classification_loss": 0.0,
    "cluster_loss": 0.0,
    "mae": 1.0175,
    "mse": 1.8084,
    "multiclassification_loss": 0.0,
    "ortho_loss": 0.0,
    "pearson": 0.5093,
    "regression_loss": 1.8156,
    "rm2": 0.2548,
    "rmse": 1.3448,
    "sd": 1.2954,
    "spearman": 0.4824,
    "spectral_loss": 0.0
}
                              
                              
----------------------------------------
Epoch 007 with LR 0.000296: Model Results
----------------------------------------
Train MSE Loss: 1.1885, Train CLS Loss: 0.0000, Train MCLS Loss: 0.0000
Protein Cluster Region Loss - Ortho Loss: 0.0000, Cluster Loss: 0.0000
                              
Validation Results: {
    "ci": 0.6853,
    "classification_loss": 0.0,
    "cluster_loss": 0.0,
    "mae": 0.9406,
    "mse": 1.671,
    "multiclassification_loss": 0.0,
    "ortho_loss": 0.0,
    "pearson": 0.5338,
    "regression_loss": 1.6641,
    "rm2": 0.2654,
    "rmse": 1.2927,
    "sd": 1.2727,
    "spearman": 0.5193,
    "spectral_loss": 0.0
}
                              
Test Results: {
    "ci": 0.6827,
    "classification_loss": 0.0,
    "cluster_loss": 0.0,
    "mae": 0.9808,
    "mse": 1.6801,
    "multiclassification_loss": 0.0,
    "ortho_loss": 0.0,
    "pearson": 0.5296,
    "regression_loss": 1.6835,
    "rm2": 0.2668,
    "rmse": 1.2962,
    "sd": 1.2768,
    "spearman": 0.5191,
    "spectral_loss": 0.0
}
                              
                              
----------------------------------------
Epoch 008 with LR 0.000295: Model Results
----------------------------------------
Train MSE Loss: 1.0829, Train CLS Loss: 0.0000, Train MCLS Loss: 0.0000
Protein Cluster Region Loss - Ortho Loss: 0.0000, Cluster Loss: 0.0000
                              
Validation Results: {
    "ci": 0.6789,
    "classification_loss": 0.0,
    "cluster_loss": 0.0,
    "mae": 0.9878,
    "mse": 1.7854,
    "multiclassification_loss": 0.0,
    "ortho_loss": 0.0,
    "pearson": 0.5069,
    "regression_loss": 1.7795,
    "rm2": 0.2413,
    "rmse": 1.3362,
    "sd": 1.2973,
    "spearman": 0.505,
    "spectral_loss": 0.0
}
                              
Test Results: {
    "ci": 0.6827,
    "classification_loss": 0.0,
    "cluster_loss": 0.0,
    "mae": 0.9808,
    "mse": 1.6801,
    "multiclassification_loss": 0.0,
    "ortho_loss": 0.0,
    "pearson": 0.5296,
    "regression_loss": 1.6835,
    "rm2": 0.2668,
    "rmse": 1.2962,
    "sd": 1.2768,
    "spearman": 0.5191,
    "spectral_loss": 0.0
}
                              
                              
----------------------------------------
Epoch 009 with LR 0.000294: Model Results
----------------------------------------
Train MSE Loss: 1.0348, Train CLS Loss: 0.0000, Train MCLS Loss: 0.0000
Protein Cluster Region Loss - Ortho Loss: 0.0000, Cluster Loss: 0.0000
                              
Validation Results: {
    "ci": 0.6813,
    "classification_loss": 0.0,
    "cluster_loss": 0.0,
    "mae": 0.9648,
    "mse": 1.6699,
    "multiclassification_loss": 0.0,
    "ortho_loss": 0.0,
    "pearson": 0.5156,
    "regression_loss": 1.6635,
    "rm2": 0.2626,
    "rmse": 1.2922,
    "sd": 1.2895,
    "spearman": 0.5111,
    "spectral_loss": 0.0
}
                              
Test Results: {
    "ci": 0.6797,
    "classification_loss": 0.0,
    "cluster_loss": 0.0,
    "mae": 0.9755,
    "mse": 1.6573,
    "multiclassification_loss": 0.0,
    "ortho_loss": 0.0,
    "pearson": 0.5246,
    "regression_loss": 1.6634,
    "rm2": 0.2702,
    "rmse": 1.2873,
    "sd": 1.2815,
    "spearman": 0.5072,
    "spectral_loss": 0.0
}
                              
                              
----------------------------------------
Epoch 010 with LR 0.000293: Model Results
----------------------------------------
Train MSE Loss: 0.9986, Train CLS Loss: 0.0000, Train MCLS Loss: 0.0000
Protein Cluster Region Loss - Ortho Loss: 0.0000, Cluster Loss: 0.0000
                              
Validation Results: {
    "ci": 0.6798,
    "classification_loss": 0.0,
    "cluster_loss": 0.0,
    "mae": 0.9801,
    "mse": 1.6948,
    "multiclassification_loss": 0.0,
    "ortho_loss": 0.0,
    "pearson": 0.5147,
    "regression_loss": 1.6944,
    "rm2": 0.2448,
    "rmse": 1.3019,
    "sd": 1.2904,
    "spearman": 0.506,
    "spectral_loss": 0.0
}
                              
Test Results: {
    "ci": 0.6797,
    "classification_loss": 0.0,
    "cluster_loss": 0.0,
    "mae": 0.9755,
    "mse": 1.6573,
    "multiclassification_loss": 0.0,
    "ortho_loss": 0.0,
    "pearson": 0.5246,
    "regression_loss": 1.6634,
    "rm2": 0.2702,
    "rmse": 1.2873,
    "sd": 1.2815,
    "spearman": 0.5072,
    "spectral_loss": 0.0
}
                              
                              
----------------------------------------
Epoch 011 with LR 0.000291: Model Results
----------------------------------------
Train MSE Loss: 0.9395, Train CLS Loss: 0.0000, Train MCLS Loss: 0.0000
Protein Cluster Region Loss - Ortho Loss: 0.0000, Cluster Loss: 0.0000
                              
Validation Results: {
    "ci": 0.68,
    "classification_loss": 0.0,
    "cluster_loss": 0.0,
    "mae": 1.0326,
    "mse": 1.9858,
    "multiclassification_loss": 0.0,
    "ortho_loss": 0.0,
    "pearson": 0.5141,
    "regression_loss": 1.9746,
    "rm2": 0.2437,
    "rmse": 1.4092,
    "sd": 1.2909,
    "spearman": 0.5064,
    "spectral_loss": 0.0
}
                              
Test Results: {
    "ci": 0.6797,
    "classification_loss": 0.0,
    "cluster_loss": 0.0,
    "mae": 0.9755,
    "mse": 1.6573,
    "multiclassification_loss": 0.0,
    "ortho_loss": 0.0,
    "pearson": 0.5246,
    "regression_loss": 1.6634,
    "rm2": 0.2702,
    "rmse": 1.2873,
    "sd": 1.2815,
    "spearman": 0.5072,
    "spectral_loss": 0.0
}
                              
                              
----------------------------------------
Epoch 012 with LR 0.000290: Model Results
----------------------------------------
Train MSE Loss: 0.9456, Train CLS Loss: 0.0000, Train MCLS Loss: 0.0000
Protein Cluster Region Loss - Ortho Loss: 0.0000, Cluster Loss: 0.0000
                              
Validation Results: {
    "ci": 0.6697,
    "classification_loss": 0.0,
    "cluster_loss": 0.0,
    "mae": 0.9857,
    "mse": 1.7679,
    "multiclassification_loss": 0.0,
    "ortho_loss": 0.0,
    "pearson": 0.4955,
    "regression_loss": 1.7604,
    "rm2": 0.2341,
    "rmse": 1.3296,
    "sd": 1.3072,
    "spearman": 0.4788,
    "spectral_loss": 0.0
}
                              
Test Results: {
    "ci": 0.6797,
    "classification_loss": 0.0,
    "cluster_loss": 0.0,
    "mae": 0.9755,
    "mse": 1.6573,
    "multiclassification_loss": 0.0,
    "ortho_loss": 0.0,
    "pearson": 0.5246,
    "regression_loss": 1.6634,
    "rm2": 0.2702,
    "rmse": 1.2873,
    "sd": 1.2815,
    "spearman": 0.5072,
    "spectral_loss": 0.0
}
                              
                              
----------------------------------------
Epoch 013 with LR 0.000288: Model Results
----------------------------------------
Train MSE Loss: 0.9443, Train CLS Loss: 0.0000, Train MCLS Loss: 0.0000
Protein Cluster Region Loss - Ortho Loss: 0.0000, Cluster Loss: 0.0000
                              
Validation Results: {
    "ci": 0.6715,
    "classification_loss": 0.0,
    "cluster_loss": 0.0,
    "mae": 1.0024,
    "mse": 1.8363,
    "multiclassification_loss": 0.0,
    "ortho_loss": 0.0,
    "pearson": 0.4997,
    "regression_loss": 1.8225,
    "rm2": 0.2388,
    "rmse": 1.3551,
    "sd": 1.3036,
    "spearman": 0.4876,
    "spectral_loss": 0.0
}
                              
Test Results: {
    "ci": 0.6797,
    "classification_loss": 0.0,
    "cluster_loss": 0.0,
    "mae": 0.9755,
    "mse": 1.6573,
    "multiclassification_loss": 0.0,
    "ortho_loss": 0.0,
    "pearson": 0.5246,
    "regression_loss": 1.6634,
    "rm2": 0.2702,
    "rmse": 1.2873,
    "sd": 1.2815,
    "spearman": 0.5072,
    "spectral_loss": 0.0
}
                              
                              
----------------------------------------
Epoch 014 with LR 0.000286: Model Results
----------------------------------------
Train MSE Loss: 0.8803, Train CLS Loss: 0.0000, Train MCLS Loss: 0.0000
Protein Cluster Region Loss - Ortho Loss: 0.0000, Cluster Loss: 0.0000
                              
Validation Results: {
    "ci": 0.6831,
    "classification_loss": 0.0,
    "cluster_loss": 0.0,
    "mae": 0.9826,
    "mse": 1.715,
    "multiclassification_loss": 0.0,
    "ortho_loss": 0.0,
    "pearson": 0.5242,
    "regression_loss": 1.7131,
    "rm2": 0.2519,
    "rmse": 1.3096,
    "sd": 1.2817,
    "spearman": 0.5128,
    "spectral_loss": 0.0
}
                              
Test Results: {
    "ci": 0.6797,
    "classification_loss": 0.0,
    "cluster_loss": 0.0,
    "mae": 0.9755,
    "mse": 1.6573,
    "multiclassification_loss": 0.0,
    "ortho_loss": 0.0,
    "pearson": 0.5246,
    "regression_loss": 1.6634,
    "rm2": 0.2702,
    "rmse": 1.2873,
    "sd": 1.2815,
    "spearman": 0.5072,
    "spectral_loss": 0.0
}
                              
                              
----------------------------------------
Epoch 015 with LR 0.000284: Model Results
----------------------------------------
Train MSE Loss: 0.8493, Train CLS Loss: 0.0000, Train MCLS Loss: 0.0000
Protein Cluster Region Loss - Ortho Loss: 0.0000, Cluster Loss: 0.0000
                              
Validation Results: {
    "ci": 0.6827,
    "classification_loss": 0.0,
    "cluster_loss": 0.0,
    "mae": 0.9981,
    "mse": 1.7449,
    "multiclassification_loss": 0.0,
    "ortho_loss": 0.0,
    "pearson": 0.52,
    "regression_loss": 1.7469,
    "rm2": 0.2346,
    "rmse": 1.3209,
    "sd": 1.2855,
    "spearman": 0.5105,
    "spectral_loss": 0.0
}
                              
Test Results: {
    "ci": 0.6797,
    "classification_loss": 0.0,
    "cluster_loss": 0.0,
    "mae": 0.9755,
    "mse": 1.6573,
    "multiclassification_loss": 0.0,
    "ortho_loss": 0.0,
    "pearson": 0.5246,
    "regression_loss": 1.6634,
    "rm2": 0.2702,
    "rmse": 1.2873,
    "sd": 1.2815,
    "spearman": 0.5072,
    "spectral_loss": 0.0
}
                              
                              
----------------------------------------
Epoch 016 with LR 0.000282: Model Results
----------------------------------------
Train MSE Loss: 0.8702, Train CLS Loss: 0.0000, Train MCLS Loss: 0.0000
Protein Cluster Region Loss - Ortho Loss: 0.0000, Cluster Loss: 0.0000
                              
Validation Results: {
    "ci": 0.6857,
    "classification_loss": 0.0,
    "cluster_loss": 0.0,
    "mae": 1.0621,
    "mse": 1.8953,
    "multiclassification_loss": 0.0,
    "ortho_loss": 0.0,
    "pearson": 0.5245,
    "regression_loss": 1.8991,
    "rm2": 0.2187,
    "rmse": 1.3767,
    "sd": 1.2814,
    "spearman": 0.5166,
    "spectral_loss": 0.0
}
                              
Test Results: {
    "ci": 0.6797,
    "classification_loss": 0.0,
    "cluster_loss": 0.0,
    "mae": 0.9755,
    "mse": 1.6573,
    "multiclassification_loss": 0.0,
    "ortho_loss": 0.0,
    "pearson": 0.5246,
    "regression_loss": 1.6634,
    "rm2": 0.2702,
    "rmse": 1.2873,
    "sd": 1.2815,
    "spearman": 0.5072,
    "spectral_loss": 0.0
}
                              
                              
----------------------------------------
Epoch 017 with LR 0.000279: Model Results
----------------------------------------
Train MSE Loss: 0.8284, Train CLS Loss: 0.0000, Train MCLS Loss: 0.0000
Protein Cluster Region Loss - Ortho Loss: 0.0000, Cluster Loss: 0.0000
                              
Validation Results: {
    "ci": 0.6885,
    "classification_loss": 0.0,
    "cluster_loss": 0.0,
    "mae": 0.9697,
    "mse": 1.6483,
    "multiclassification_loss": 0.0,
    "ortho_loss": 0.0,
    "pearson": 0.5293,
    "regression_loss": 1.6522,
    "rm2": 0.262,
    "rmse": 1.2838,
    "sd": 1.2769,
    "spearman": 0.5224,
    "spectral_loss": 0.0
}
                              
Test Results: {
    "ci": 0.687,
    "classification_loss": 0.0,
    "cluster_loss": 0.0,
    "mae": 0.9812,
    "mse": 1.6276,
    "multiclassification_loss": 0.0,
    "ortho_loss": 0.0,
    "pearson": 0.5348,
    "regression_loss": 1.6291,
    "rm2": 0.2714,
    "rmse": 1.2758,
    "sd": 1.2718,
    "spearman": 0.5247,
    "spectral_loss": 0.0
}
                              
                              
----------------------------------------
Epoch 018 with LR 0.000277: Model Results
----------------------------------------
Train MSE Loss: 0.8396, Train CLS Loss: 0.0000, Train MCLS Loss: 0.0000
Protein Cluster Region Loss - Ortho Loss: 0.0000, Cluster Loss: 0.0000
                              
Validation Results: {
    "ci": 0.6842,
    "classification_loss": 0.0,
    "cluster_loss": 0.0,
    "mae": 1.0774,
    "mse": 2.0461,
    "multiclassification_loss": 0.0,
    "ortho_loss": 0.0,
    "pearson": 0.5116,
    "regression_loss": 2.0573,
    "rm2": 0.2081,
    "rmse": 1.4304,
    "sd": 1.2931,
    "spearman": 0.5121,
    "spectral_loss": 0.0
}
                              
Test Results: {
    "ci": 0.687,
    "classification_loss": 0.0,
    "cluster_loss": 0.0,
    "mae": 0.9812,
    "mse": 1.6276,
    "multiclassification_loss": 0.0,
    "ortho_loss": 0.0,
    "pearson": 0.5348,
    "regression_loss": 1.6291,
    "rm2": 0.2714,
    "rmse": 1.2758,
    "sd": 1.2718,
    "spearman": 0.5247,
    "spectral_loss": 0.0
}
                              
                              
----------------------------------------
Epoch 019 with LR 0.000274: Model Results
----------------------------------------
Train MSE Loss: 0.8048, Train CLS Loss: 0.0000, Train MCLS Loss: 0.0000
Protein Cluster Region Loss - Ortho Loss: 0.0000, Cluster Loss: 0.0000
                              
Validation Results: {
    "ci": 0.6831,
    "classification_loss": 0.0,
    "cluster_loss": 0.0,
    "mae": 1.0098,
    "mse": 1.7826,
    "multiclassification_loss": 0.0,
    "ortho_loss": 0.0,
    "pearson": 0.5081,
    "regression_loss": 1.7872,
    "rm2": 0.2227,
    "rmse": 1.3352,
    "sd": 1.2962,
    "spearman": 0.5101,
    "spectral_loss": 0.0
}
                              
Test Results: {
    "ci": 0.687,
    "classification_loss": 0.0,
    "cluster_loss": 0.0,
    "mae": 0.9812,
    "mse": 1.6276,
    "multiclassification_loss": 0.0,
    "ortho_loss": 0.0,
    "pearson": 0.5348,
    "regression_loss": 1.6291,
    "rm2": 0.2714,
    "rmse": 1.2758,
    "sd": 1.2718,
    "spearman": 0.5247,
    "spectral_loss": 0.0
}
                              
                              
----------------------------------------
Epoch 020 with LR 0.000271: Model Results
----------------------------------------
Train MSE Loss: 0.7936, Train CLS Loss: 0.0000, Train MCLS Loss: 0.0000
Protein Cluster Region Loss - Ortho Loss: 0.0000, Cluster Loss: 0.0000
                              
Validation Results: {
    "ci": 0.689,
    "classification_loss": 0.0,
    "cluster_loss": 0.0,
    "mae": 1.0999,
    "mse": 1.9542,
    "multiclassification_loss": 0.0,
    "ortho_loss": 0.0,
    "pearson": 0.5286,
    "regression_loss": 1.9643,
    "rm2": 0.2122,
    "rmse": 1.3979,
    "sd": 1.2776,
    "spearman": 0.5251,
    "spectral_loss": 0.0
}
                              
Test Results: {
    "ci": 0.687,
    "classification_loss": 0.0,
    "cluster_loss": 0.0,
    "mae": 0.9812,
    "mse": 1.6276,
    "multiclassification_loss": 0.0,
    "ortho_loss": 0.0,
    "pearson": 0.5348,
    "regression_loss": 1.6291,
    "rm2": 0.2714,
    "rmse": 1.2758,
    "sd": 1.2718,
    "spearman": 0.5247,
    "spectral_loss": 0.0
}
                              
                              
----------------------------------------
Epoch 021 with LR 0.000269: Model Results
----------------------------------------
Train MSE Loss: 0.7796, Train CLS Loss: 0.0000, Train MCLS Loss: 0.0000
Protein Cluster Region Loss - Ortho Loss: 0.0000, Cluster Loss: 0.0000
                              
Validation Results: {
    "ci": 0.6948,
    "classification_loss": 0.0,
    "cluster_loss": 0.0,
    "mae": 0.9431,
    "mse": 1.6183,
    "multiclassification_loss": 0.0,
    "ortho_loss": 0.0,
    "pearson": 0.5438,
    "regression_loss": 1.6224,
    "rm2": 0.2809,
    "rmse": 1.2721,
    "sd": 1.2631,
    "spearman": 0.5392,
    "spectral_loss": 0.0
}
                              
Test Results: {
    "ci": 0.6855,
    "classification_loss": 0.0,
    "cluster_loss": 0.0,
    "mae": 0.9738,
    "mse": 1.6648,
    "multiclassification_loss": 0.0,
    "ortho_loss": 0.0,
    "pearson": 0.5289,
    "regression_loss": 1.6633,
    "rm2": 0.268,
    "rmse": 1.2903,
    "sd": 1.2775,
    "spearman": 0.5218,
    "spectral_loss": 0.0
}
                              
                              
----------------------------------------
Epoch 022 with LR 0.000266: Model Results
----------------------------------------
Train MSE Loss: 0.7662, Train CLS Loss: 0.0000, Train MCLS Loss: 0.0000
Protein Cluster Region Loss - Ortho Loss: 0.0000, Cluster Loss: 0.0000
                              
Validation Results: {
    "ci": 0.6844,
    "classification_loss": 0.0,
    "cluster_loss": 0.0,
    "mae": 1.0428,
    "mse": 1.9026,
    "multiclassification_loss": 0.0,
    "ortho_loss": 0.0,
    "pearson": 0.509,
    "regression_loss": 1.9132,
    "rm2": 0.2115,
    "rmse": 1.3794,
    "sd": 1.2954,
    "spearman": 0.5099,
    "spectral_loss": 0.0
}
                              
Test Results: {
    "ci": 0.6855,
    "classification_loss": 0.0,
    "cluster_loss": 0.0,
    "mae": 0.9738,
    "mse": 1.6648,
    "multiclassification_loss": 0.0,
    "ortho_loss": 0.0,
    "pearson": 0.5289,
    "regression_loss": 1.6633,
    "rm2": 0.268,
    "rmse": 1.2903,
    "sd": 1.2775,
    "spearman": 0.5218,
    "spectral_loss": 0.0
}
                              
                              
----------------------------------------
Epoch 023 with LR 0.000263: Model Results
----------------------------------------
Train MSE Loss: 0.7608, Train CLS Loss: 0.0000, Train MCLS Loss: 0.0000
Protein Cluster Region Loss - Ortho Loss: 0.0000, Cluster Loss: 0.0000
                              
Validation Results: {
    "ci": 0.6742,
    "classification_loss": 0.0,
    "cluster_loss": 0.0,
    "mae": 1.1269,
    "mse": 2.2263,
    "multiclassification_loss": 0.0,
    "ortho_loss": 0.0,
    "pearson": 0.4856,
    "regression_loss": 2.2294,
    "rm2": 0.1872,
    "rmse": 1.4921,
    "sd": 1.3157,
    "spearman": 0.4836,
    "spectral_loss": 0.0
}
                              
Test Results: {
    "ci": 0.6855,
    "classification_loss": 0.0,
    "cluster_loss": 0.0,
    "mae": 0.9738,
    "mse": 1.6648,
    "multiclassification_loss": 0.0,
    "ortho_loss": 0.0,
    "pearson": 0.5289,
    "regression_loss": 1.6633,
    "rm2": 0.268,
    "rmse": 1.2903,
    "sd": 1.2775,
    "spearman": 0.5218,
    "spectral_loss": 0.0
}
                              
                              
----------------------------------------
Epoch 024 with LR 0.000259: Model Results
----------------------------------------
Train MSE Loss: 0.7488, Train CLS Loss: 0.0000, Train MCLS Loss: 0.0000
Protein Cluster Region Loss - Ortho Loss: 0.0000, Cluster Loss: 0.0000
                              
Validation Results: {
    "ci": 0.6821,
    "classification_loss": 0.0,
    "cluster_loss": 0.0,
    "mae": 1.0624,
    "mse": 2.0957,
    "multiclassification_loss": 0.0,
    "ortho_loss": 0.0,
    "pearson": 0.5057,
    "regression_loss": 2.0944,
    "rm2": 0.2197,
    "rmse": 1.4477,
    "sd": 1.2984,
    "spearman": 0.5045,
    "spectral_loss": 0.0
}
                              
Test Results: {
    "ci": 0.6855,
    "classification_loss": 0.0,
    "cluster_loss": 0.0,
    "mae": 0.9738,
    "mse": 1.6648,
    "multiclassification_loss": 0.0,
    "ortho_loss": 0.0,
    "pearson": 0.5289,
    "regression_loss": 1.6633,
    "rm2": 0.268,
    "rmse": 1.2903,
    "sd": 1.2775,
    "spearman": 0.5218,
    "spectral_loss": 0.0
}
                              
                              
----------------------------------------
Epoch 025 with LR 0.000256: Model Results
----------------------------------------
Train MSE Loss: 0.7433, Train CLS Loss: 0.0000, Train MCLS Loss: 0.0000
Protein Cluster Region Loss - Ortho Loss: 0.0000, Cluster Loss: 0.0000
                              
Validation Results: {
    "ci": 0.6831,
    "classification_loss": 0.0,
    "cluster_loss": 0.0,
    "mae": 1.0937,
    "mse": 2.2039,
    "multiclassification_loss": 0.0,
    "ortho_loss": 0.0,
    "pearson": 0.5004,
    "regression_loss": 2.2021,
    "rm2": 0.2098,
    "rmse": 1.4846,
    "sd": 1.3031,
    "spearman": 0.507,
    "spectral_loss": 0.0
}
                              
Test Results: {
    "ci": 0.6855,
    "classification_loss": 0.0,
    "cluster_loss": 0.0,
    "mae": 0.9738,
    "mse": 1.6648,
    "multiclassification_loss": 0.0,
    "ortho_loss": 0.0,
    "pearson": 0.5289,
    "regression_loss": 1.6633,
    "rm2": 0.268,
    "rmse": 1.2903,
    "sd": 1.2775,
    "spearman": 0.5218,
    "spectral_loss": 0.0
}
                              
                              
----------------------------------------
Epoch 026 with LR 0.000253: Model Results
----------------------------------------
Train MSE Loss: 0.7235, Train CLS Loss: 0.0000, Train MCLS Loss: 0.0000
Protein Cluster Region Loss - Ortho Loss: 0.0000, Cluster Loss: 0.0000
                              
Validation Results: {
    "ci": 0.6875,
    "classification_loss": 0.0,
    "cluster_loss": 0.0,
    "mae": 0.9866,
    "mse": 1.8343,
    "multiclassification_loss": 0.0,
    "ortho_loss": 0.0,
    "pearson": 0.5127,
    "regression_loss": 1.8282,
    "rm2": 0.2441,
    "rmse": 1.3544,
    "sd": 1.2922,
    "spearman": 0.5192,
    "spectral_loss": 0.0
}
                              
Test Results: {
    "ci": 0.6855,
    "classification_loss": 0.0,
    "cluster_loss": 0.0,
    "mae": 0.9738,
    "mse": 1.6648,
    "multiclassification_loss": 0.0,
    "ortho_loss": 0.0,
    "pearson": 0.5289,
    "regression_loss": 1.6633,
    "rm2": 0.268,
    "rmse": 1.2903,
    "sd": 1.2775,
    "spearman": 0.5218,
    "spectral_loss": 0.0
}
                              
                              
----------------------------------------
Epoch 027 with LR 0.000249: Model Results
----------------------------------------
Train MSE Loss: 0.7147, Train CLS Loss: 0.0000, Train MCLS Loss: 0.0000
Protein Cluster Region Loss - Ortho Loss: 0.0000, Cluster Loss: 0.0000
                              
Validation Results: {
    "ci": 0.6873,
    "classification_loss": 0.0,
    "cluster_loss": 0.0,
    "mae": 1.0401,
    "mse": 2.0192,
    "multiclassification_loss": 0.0,
    "ortho_loss": 0.0,
    "pearson": 0.5118,
    "regression_loss": 2.0163,
    "rm2": 0.223,
    "rmse": 1.421,
    "sd": 1.293,
    "spearman": 0.5176,
    "spectral_loss": 0.0
}
                              
Test Results: {
    "ci": 0.6855,
    "classification_loss": 0.0,
    "cluster_loss": 0.0,
    "mae": 0.9738,
    "mse": 1.6648,
    "multiclassification_loss": 0.0,
    "ortho_loss": 0.0,
    "pearson": 0.5289,
    "regression_loss": 1.6633,
    "rm2": 0.268,
    "rmse": 1.2903,
    "sd": 1.2775,
    "spearman": 0.5218,
    "spectral_loss": 0.0
}
                              
                              
----------------------------------------
Epoch 028 with LR 0.000246: Model Results
----------------------------------------
Train MSE Loss: 0.7122, Train CLS Loss: 0.0000, Train MCLS Loss: 0.0000
Protein Cluster Region Loss - Ortho Loss: 0.0000, Cluster Loss: 0.0000
                              
Validation Results: {
    "ci": 0.6872,
    "classification_loss": 0.0,
    "cluster_loss": 0.0,
    "mae": 0.981,
    "mse": 1.8185,
    "multiclassification_loss": 0.0,
    "ortho_loss": 0.0,
    "pearson": 0.5129,
    "regression_loss": 1.811,
    "rm2": 0.2507,
    "rmse": 1.3485,
    "sd": 1.292,
    "spearman": 0.5159,
    "spectral_loss": 0.0
}
                              
Test Results: {
    "ci": 0.6855,
    "classification_loss": 0.0,
    "cluster_loss": 0.0,
    "mae": 0.9738,
    "mse": 1.6648,
    "multiclassification_loss": 0.0,
    "ortho_loss": 0.0,
    "pearson": 0.5289,
    "regression_loss": 1.6633,
    "rm2": 0.268,
    "rmse": 1.2903,
    "sd": 1.2775,
    "spearman": 0.5218,
    "spectral_loss": 0.0
}
                              
                              
----------------------------------------
Epoch 029 with LR 0.000242: Model Results
----------------------------------------
Train MSE Loss: 0.7053, Train CLS Loss: 0.0000, Train MCLS Loss: 0.0000
Protein Cluster Region Loss - Ortho Loss: 0.0000, Cluster Loss: 0.0000
                              
Validation Results: {
    "ci": 0.6879,
    "classification_loss": 0.0,
    "cluster_loss": 0.0,
    "mae": 0.9746,
    "mse": 1.7931,
    "multiclassification_loss": 0.0,
    "ortho_loss": 0.0,
    "pearson": 0.5156,
    "regression_loss": 1.7895,
    "rm2": 0.2442,
    "rmse": 1.3391,
    "sd": 1.2895,
    "spearman": 0.5161,
    "spectral_loss": 0.0
}
                              
Test Results: {
    "ci": 0.6855,
    "classification_loss": 0.0,
    "cluster_loss": 0.0,
    "mae": 0.9738,
    "mse": 1.6648,
    "multiclassification_loss": 0.0,
    "ortho_loss": 0.0,
    "pearson": 0.5289,
    "regression_loss": 1.6633,
    "rm2": 0.268,
    "rmse": 1.2903,
    "sd": 1.2775,
    "spearman": 0.5218,
    "spectral_loss": 0.0
}
                              
                              
----------------------------------------
Epoch 030 with LR 0.000238: Model Results
----------------------------------------
Train MSE Loss: 0.6922, Train CLS Loss: 0.0000, Train MCLS Loss: 0.0000
Protein Cluster Region Loss - Ortho Loss: 0.0000, Cluster Loss: 0.0000
                              
Validation Results: {
    "ci": 0.69,
    "classification_loss": 0.0,
    "cluster_loss": 0.0,
    "mae": 1.0297,
    "mse": 2.0641,
    "multiclassification_loss": 0.0,
    "ortho_loss": 0.0,
    "pearson": 0.513,
    "regression_loss": 2.0568,
    "rm2": 0.2307,
    "rmse": 1.4367,
    "sd": 1.2919,
    "spearman": 0.5205,
    "spectral_loss": 0.0
}
                              
Test Results: {
    "ci": 0.6855,
    "classification_loss": 0.0,
    "cluster_loss": 0.0,
    "mae": 0.9738,
    "mse": 1.6648,
    "multiclassification_loss": 0.0,
    "ortho_loss": 0.0,
    "pearson": 0.5289,
    "regression_loss": 1.6633,
    "rm2": 0.268,
    "rmse": 1.2903,
    "sd": 1.2775,
    "spearman": 0.5218,
    "spectral_loss": 0.0
}
                              
                              
----------------------------------------
Epoch 031 with LR 0.000235: Model Results
----------------------------------------
Train MSE Loss: 0.6945, Train CLS Loss: 0.0000, Train MCLS Loss: 0.0000
Protein Cluster Region Loss - Ortho Loss: 0.0000, Cluster Loss: 0.0000
                              
Validation Results: {
    "ci": 0.692,
    "classification_loss": 0.0,
    "cluster_loss": 0.0,
    "mae": 0.986,
    "mse": 1.9012,
    "multiclassification_loss": 0.0,
    "ortho_loss": 0.0,
    "pearson": 0.5206,
    "regression_loss": 1.8975,
    "rm2": 0.2537,
    "rmse": 1.3788,
    "sd": 1.285,
    "spearman": 0.5265,
    "spectral_loss": 0.0
}
                              
Test Results: {
    "ci": 0.6855,
    "classification_loss": 0.0,
    "cluster_loss": 0.0,
    "mae": 0.9738,
    "mse": 1.6648,
    "multiclassification_loss": 0.0,
    "ortho_loss": 0.0,
    "pearson": 0.5289,
    "regression_loss": 1.6633,
    "rm2": 0.268,
    "rmse": 1.2903,
    "sd": 1.2775,
    "spearman": 0.5218,
    "spectral_loss": 0.0
}
                              
                              
----------------------------------------
Epoch 032 with LR 0.000231: Model Results
----------------------------------------
Train MSE Loss: 0.6755, Train CLS Loss: 0.0000, Train MCLS Loss: 0.0000
Protein Cluster Region Loss - Ortho Loss: 0.0000, Cluster Loss: 0.0000
                              
Validation Results: {
    "ci": 0.6847,
    "classification_loss": 0.0,
    "cluster_loss": 0.0,
    "mae": 1.0385,
    "mse": 2.069,
    "multiclassification_loss": 0.0,
    "ortho_loss": 0.0,
    "pearson": 0.5016,
    "regression_loss": 2.0619,
    "rm2": 0.2334,
    "rmse": 1.4384,
    "sd": 1.302,
    "spearman": 0.509,
    "spectral_loss": 0.0
}
                              
Test Results: {
    "ci": 0.6855,
    "classification_loss": 0.0,
    "cluster_loss": 0.0,
    "mae": 0.9738,
    "mse": 1.6648,
    "multiclassification_loss": 0.0,
    "ortho_loss": 0.0,
    "pearson": 0.5289,
    "regression_loss": 1.6633,
    "rm2": 0.268,
    "rmse": 1.2903,
    "sd": 1.2775,
    "spearman": 0.5218,
    "spectral_loss": 0.0
}
                              
                              
----------------------------------------
Epoch 033 with LR 0.000227: Model Results
----------------------------------------
Train MSE Loss: 0.6826, Train CLS Loss: 0.0000, Train MCLS Loss: 0.0000
Protein Cluster Region Loss - Ortho Loss: 0.0000, Cluster Loss: 0.0000
                              
Validation Results: {
    "ci": 0.6899,
    "classification_loss": 0.0,
    "cluster_loss": 0.0,
    "mae": 0.9548,
    "mse": 1.7619,
    "multiclassification_loss": 0.0,
    "ortho_loss": 0.0,
    "pearson": 0.5162,
    "regression_loss": 1.7604,
    "rm2": 0.2583,
    "rmse": 1.3274,
    "sd": 1.289,
    "spearman": 0.5212,
    "spectral_loss": 0.0
}
                              
Test Results: {
    "ci": 0.6855,
    "classification_loss": 0.0,
    "cluster_loss": 0.0,
    "mae": 0.9738,
    "mse": 1.6648,
    "multiclassification_loss": 0.0,
    "ortho_loss": 0.0,
    "pearson": 0.5289,
    "regression_loss": 1.6633,
    "rm2": 0.268,
    "rmse": 1.2903,
    "sd": 1.2775,
    "spearman": 0.5218,
    "spectral_loss": 0.0
}
                              
                              
----------------------------------------
Epoch 034 with LR 0.000223: Model Results
----------------------------------------
Train MSE Loss: 0.6784, Train CLS Loss: 0.0000, Train MCLS Loss: 0.0000
Protein Cluster Region Loss - Ortho Loss: 0.0000, Cluster Loss: 0.0000
                              
Validation Results: {
    "ci": 0.6865,
    "classification_loss": 0.0,
    "cluster_loss": 0.0,
    "mae": 1.0429,
    "mse": 2.0401,
    "multiclassification_loss": 0.0,
    "ortho_loss": 0.0,
    "pearson": 0.5015,
    "regression_loss": 2.0427,
    "rm2": 0.2123,
    "rmse": 1.4283,
    "sd": 1.302,
    "spearman": 0.513,
    "spectral_loss": 0.0
}
                              
Test Results: {
    "ci": 0.6855,
    "classification_loss": 0.0,
    "cluster_loss": 0.0,
    "mae": 0.9738,
    "mse": 1.6648,
    "multiclassification_loss": 0.0,
    "ortho_loss": 0.0,
    "pearson": 0.5289,
    "regression_loss": 1.6633,
    "rm2": 0.268,
    "rmse": 1.2903,
    "sd": 1.2775,
    "spearman": 0.5218,
    "spectral_loss": 0.0
}
                              
                              
----------------------------------------
Epoch 035 with LR 0.000218: Model Results
----------------------------------------
Train MSE Loss: 0.6706, Train CLS Loss: 0.0000, Train MCLS Loss: 0.0000
Protein Cluster Region Loss - Ortho Loss: 0.0000, Cluster Loss: 0.0000
                              
Validation Results: {
    "ci": 0.6892,
    "classification_loss": 0.0,
    "cluster_loss": 0.0,
    "mae": 0.9744,
    "mse": 1.8329,
    "multiclassification_loss": 0.0,
    "ortho_loss": 0.0,
    "pearson": 0.5197,
    "regression_loss": 1.8325,
    "rm2": 0.25,
    "rmse": 1.3538,
    "sd": 1.2858,
    "spearman": 0.5191,
    "spectral_loss": 0.0
}
                              
Test Results: {
    "ci": 0.6855,
    "classification_loss": 0.0,
    "cluster_loss": 0.0,
    "mae": 0.9738,
    "mse": 1.6648,
    "multiclassification_loss": 0.0,
    "ortho_loss": 0.0,
    "pearson": 0.5289,
    "regression_loss": 1.6633,
    "rm2": 0.268,
    "rmse": 1.2903,
    "sd": 1.2775,
    "spearman": 0.5218,
    "spectral_loss": 0.0
}
                              
                              
----------------------------------------
Epoch 036 with LR 0.000214: Model Results
----------------------------------------
Train MSE Loss: 0.6668, Train CLS Loss: 0.0000, Train MCLS Loss: 0.0000
Protein Cluster Region Loss - Ortho Loss: 0.0000, Cluster Loss: 0.0000
                              
Validation Results: {
    "ci": 0.6911,
    "classification_loss": 0.0,
    "cluster_loss": 0.0,
    "mae": 0.9833,
    "mse": 1.872,
    "multiclassification_loss": 0.0,
    "ortho_loss": 0.0,
    "pearson": 0.5221,
    "regression_loss": 1.8679,
    "rm2": 0.2644,
    "rmse": 1.3682,
    "sd": 1.2836,
    "spearman": 0.526,
    "spectral_loss": 0.0
}
                              
Test Results: {
    "ci": 0.6855,
    "classification_loss": 0.0,
    "cluster_loss": 0.0,
    "mae": 0.9738,
    "mse": 1.6648,
    "multiclassification_loss": 0.0,
    "ortho_loss": 0.0,
    "pearson": 0.5289,
    "regression_loss": 1.6633,
    "rm2": 0.268,
    "rmse": 1.2903,
    "sd": 1.2775,
    "spearman": 0.5218,
    "spectral_loss": 0.0
}

Early stopping at epoch 36 (no improvement for 15 epochs)
[best epoch] epoch=21, best_rmse=1.2721, lr_at_best=2.686e-04
                              
                              
----------------------------------------
Epoch 036 with LR 0.000214: Model Results
----------------------------------------
Train MSE Loss: 0.6668, Train CLS Loss: 0.0000, Train MCLS Loss: 0.0000
Protein Cluster Region Loss - Ortho Loss: 0.0000, Cluster Loss: 0.0000
                              
Validation Results: {
    "ci": 0.6911,
    "classification_loss": 0.0,
    "cluster_loss": 0.0,
    "mae": 0.9833,
    "mse": 1.872,
    "multiclassification_loss": 0.0,
    "ortho_loss": 0.0,
    "pearson": 0.5221,
    "regression_loss": 1.8679,
    "rm2": 0.2644,
    "rmse": 1.3682,
    "sd": 1.2836,
    "spearman": 0.526,
    "spectral_loss": 0.0
}
                              
Test Results: {
    "ci": 0.6855,
    "classification_loss": 0.0,
    "cluster_loss": 0.0,
    "mae": 0.9738,
    "mse": 1.6648,
    "multiclassification_loss": 0.0,
    "ortho_loss": 0.0,
    "pearson": 0.5289,
    "regression_loss": 1.6633,
    "rm2": 0.268,
    "rmse": 1.2903,
    "sd": 1.2775,
    "spearman": 0.5218,
    "spectral_loss": 0.0
}
Final test metrics: rmse=1.2903, pearson=0.5288, r2_proxy(mse)=1.6650
Done. Predictions: /sc/arion/projects/DiseaseGeneCell/Huang_lab_project/wangcDrugRepoProject/TRACE_Kin_Results_v5t_transformer/MPEK_dataset/MPEK_kcat_MUTAPLM_embedding_cold_protein/test_prediction_seed1.csv; checkpoint: /sc/arion/projects/DiseaseGeneCell/Huang_lab_project/wangcDrugRepoProject/TRACE_Kin_Results_v5t_transformer/MPEK_dataset/MPEK_kcat_MUTAPLM_embedding_cold_protein/save_model_seed1/model.pt

==========================================
Array task 6/10: OK (MPEK_kcat_MUTAPLM_embedding_cold_protein)
==========================================


PS:

Read file <242993252.6.stderr> for stderr output of this job.

