Sender: LSF System <lsfadmin@lg02e07>
Subject: Job 242906676[1]: <trace_kin_v4_perfolder_s3[1-10]> in cluster <chimera> Done

Job <trace_kin_v4_perfolder_s3[1-10]> was submitted from host <li04e01> by user <wangc40> in cluster <chimera> at Mon May 11 00:07:38 2026
Job was executed on host(s) <16*lg02e07>, in queue <gpu>, as user <wangc40> in cluster <chimera> at Mon May 11 04:15:37 2026
</hpc/users/wangc40> was used as the home directory.
</sc/arion/projects/DiseaseGeneCell/Huang_lab_project/wangcDrugRepoProject/TRACE-Kin> was used as the working directory.
Started at Mon May 11 04:15:37 2026
Terminated at Mon May 11 05:24:37 2026
Results reported at Mon May 11 05:24:37 2026

Your job looked like:

------------------------------------------------------------
# LSBATCH: User input
#!/bin/bash
#BSUB -J trace_kin_v4_perfolder_s3[1-10]
#BSUB -P acc_DiseaseGeneCell
#BSUB -q gpu
#BSUB -R h100nvl
#BSUB -gpu num=1
#BSUB -n 16
#BSUB -R "rusage[mem=15000]"
#BSUB -R "span[hosts=1]"
#BSUB -W 48:00
#BSUB -o %J.%I.stdout
#BSUB -eo %J.%I.stderr
#BSUB -L /bin/bash

# =============================================================================
# TRACE-Kin v4 (MAP-GNN) PER-FOLDER + MutaPLM — top-10 RF-gap cells
# =============================================================================
# Submit with:
#     bsub < training/run_v4_perfolder_s1.lsf
#
# v4 = MAP-GNN: v1 GNN backbone + per-residue novelty score + pocket
# attention pool + MoLFormer-XL molecular context residual (preserved
# from v3). Unlike earlier versions, every cell uses MutaPLM as the
# protein embedding (the entire mutation-aware story rests on
# MutaPLM's residue-level mutation sensitivity), instead of the
# per-cell best-RF-baseline embedding.
#
# Per-residue novelty:
#   novelty[r] = ||MutaPLM[r] - aa_typical_mean[aa[r]]|| / aa_typical_std[aa[r]]
# where aa_typical statistics are precomputed once over the training
# corpus and cached at <datafolder>/aa_typical.pt. Mutations stand
# out because their MutaPLM vector deviates from the typical
# embedding for the residue's amino acid type — no explicit (WT,
# mutant) labels needed.
#
# Pocket attention:
#   pocket_logit[r] = MLP([MutaPLM[r], novelty[r], degree(r)])
#   pocket_weight[r] = softmax(pocket_logit) over r in same protein
#   prot_pool = sum_r (pocket_weight[r] * residue_h[r])
#
# Cells: same 10 as v3 (largest historical PSICHIC-vs-RF gap).
# Embedding source forced to MUTAPLM regardless of the per-cell
# best-RF choice in the historical benchmark.
#
# Outputs land under TRACE_Kin_Results_v4_mapgnn/<dataset>/<task_name>/
# so they don't collide with prior v3 trees.
# =============================================================================

# --- Environment -------------------------------------------------------------
ml purge

(... more ...)
------------------------------------------------------------

Successfully completed.

Resource usage summary:

    CPU time :                                   4981.00 sec.
    Max Memory :                                 25452 MB
    Average Memory :                             23846.14 MB
    Total Requested Memory :                     240000.00 MB
    Delta Memory :                               214548.00 MB
    Max Swap :                                   -
    Max Processes :                              4
    Max Threads :                                24
    Run time :                                   4140 sec.
    Turnaround time :                            19019 sec.

The output (if any) follows:

==========================================
TRACE-Kin v4 (MAP-GNN) PER-FOLDER task 1/10
==========================================
Date:        Mon May 11 04:15:40 EDT 2026
Dataset:     /sc/arion/projects/DiseaseGeneCell/Huang_lab_project/drug_discovery/output/data/enzyme_embeddings_dataset/EITLEM_dataset/EITLEM_kkm_MUTAPLM_embedding_cold_drug
Result:      /sc/arion/projects/DiseaseGeneCell/Huang_lab_project/wangcDrugRepoProject/TRACE_Kin_Results_v4_mapgnn/EITLEM_dataset/EITLEM_kkm_MUTAPLM_embedding_cold_drug
Config:      training/config_v4.json
MoLFormer:   /sc/arion/projects/DiseaseGeneCell/Huang_lab_project/wangcDrugRepoProject/transformersmodels/ibm/MoLFormer-XL-both-10pct
Pool CSVs:   (none — per-folder)
Model:       v4 MAP-GNN (per-folder, no pool, MUTAPLM + novelty + pocket attn + MoLFormer ctx)
Epochs:      50, batch=16, seed=3, lr=1e-4
==========================================
Python 3.12.2
Python: /sc/arion/work/wangc40/test-env/envs/test/bin/python
CUDA device: NVIDIA H100 80GB HBM3, sm_90
============================================================
TRACE-Kin training
============================================================
Datafolder:        /sc/arion/projects/DiseaseGeneCell/Huang_lab_project/drug_discovery/output/data/enzyme_embeddings_dataset/EITLEM_dataset/EITLEM_kkm_MUTAPLM_embedding_cold_drug
Result path:       /sc/arion/projects/DiseaseGeneCell/Huang_lab_project/wangcDrugRepoProject/TRACE_Kin_Results_v4_mapgnn/EITLEM_dataset/EITLEM_kkm_MUTAPLM_embedding_cold_drug
Config:            training/config_v4.json
Pool train CSVs:   (none)
============================================================
[mem] before load_split_dataframes             max RSS = 0.59 GB
Loading primary train: /sc/arion/projects/DiseaseGeneCell/Huang_lab_project/drug_discovery/output/data/enzyme_embeddings_dataset/EITLEM_dataset/EITLEM_kkm_MUTAPLM_embedding_cold_drug/train.parquet
Loading primary test: /sc/arion/projects/DiseaseGeneCell/Huang_lab_project/drug_discovery/output/data/enzyme_embeddings_dataset/EITLEM_dataset/EITLEM_kkm_MUTAPLM_embedding_cold_drug/test.parquet
Loading primary val: /sc/arion/projects/DiseaseGeneCell/Huang_lab_project/drug_discovery/output/data/enzyme_embeddings_dataset/EITLEM_dataset/EITLEM_kkm_MUTAPLM_embedding_cold_drug/val.parquet
Detected prot_evo_channels = 4096
seq2feat: 6607 unique sequences.
Loading MoLFormer-XL from /sc/arion/projects/DiseaseGeneCell/Huang_lab_project/wangcDrugRepoProject/transformersmodels/ibm/MoLFormer-XL-both-10pct
Computing MoLFormer embeddings for 2924 unique SMILES (batch_size=64)
  embedded 64/2924
  embedded 1344/2924
  embedded 2624/2924
Saved MoLFormer cache: /sc/arion/projects/DiseaseGeneCell/Huang_lab_project/drug_discovery/output/data/enzyme_embeddings_dataset/EITLEM_dataset/EITLEM_kkm_MUTAPLM_embedding_cold_drug/molformer_emb.pt (2924 SMILES)
MoLFormer embeddings: 2924 unique SMILES, dim=768
[mem] after load_split_dataframes              max RSS = 1.92 GB
model_version: v4, use_swa: False
Building protein graphs from scratch (this can be slow)...
U, B, O, or 0 in Sequence
U, B, O, or 0 in Sequence
U, B, O, or 0 in Sequence
U, B, O, or 0 in Sequence
U, B, O, or 0 in Sequence
U, B, O, or 0 in Sequence
Computing aa_typical from 6607 proteins...
  22 amino acid types observed; saving cache to /sc/arion/projects/DiseaseGeneCell/Huang_lab_project/drug_discovery/output/data/enzyme_embeddings_dataset/EITLEM_dataset/EITLEM_kkm_MUTAPLM_embedding_cold_drug/aa_typical.pt
  aa_typical buffers: means/stds shape (23, 4096), 22 known + 1 unknown AA slot
Building ligand graphs from scratch...
[mem] after preprocess                         max RSS = 24.37 GB
[mem] after free seq2feat/smi2chembert         max RSS = 24.37 GB
loaders ready: train=610 test=156 val=93
[mem] after make_loaders                       max RSS = 24.37 GB
Computing PNA degrees from training data...
Built TraceKinV4 with 7,494,323 parameters
[LR schedule] schedule_lr=False, lrate=0.0001, min_lrate=0, warmup_iters=0, lr_decay_iters=30500, total_iters=30500
Not in terminal, reprint now using normal build-in print function.
                              
                              
----------------------------------------
Epoch 001 with LR 0.000100: Model Results
----------------------------------------
Train MSE Loss: 3.0357, Train CLS Loss: 0.0000, Train MCLS Loss: 0.0000
Protein Cluster Region Loss - Ortho Loss: 0.0000, Cluster Loss: 0.0000
                              
Validation Results: {
    "ci": 0.5858,
    "classification_loss": 0.0,
    "cluster_loss": 0.0,
    "mae": 1.3917,
    "mse": 3.1087,
    "multiclassification_loss": 0.0,
    "ortho_loss": 0.0,
    "pearson": 0.2387,
    "regression_loss": 3.1074,
    "rm2": 0.0567,
    "rmse": 1.7632,
    "sd": 1.7636,
    "spearman": 0.2552,
    "spectral_loss": 0.0
}
                              
Test Results: {
    "ci": 0.5648,
    "classification_loss": 0.0,
    "cluster_loss": 0.0,
    "mae": 1.3044,
    "mse": 2.7824,
    "multiclassification_loss": 0.0,
    "ortho_loss": 0.0,
    "pearson": 0.1855,
    "regression_loss": 2.775,
    "rm2": 0.0336,
    "rmse": 1.6681,
    "sd": 1.6577,
    "spearman": 0.1908,
    "spectral_loss": 0.0
}
                              
                              
----------------------------------------
Epoch 002 with LR 0.000100: Model Results
----------------------------------------
Train MSE Loss: 2.7811, Train CLS Loss: 0.0000, Train MCLS Loss: 0.0000
Protein Cluster Region Loss - Ortho Loss: 0.0000, Cluster Loss: 0.0000
                              
Validation Results: {
    "ci": 0.6273,
    "classification_loss": 0.0,
    "cluster_loss": 0.0,
    "mae": 1.3343,
    "mse": 2.8925,
    "multiclassification_loss": 0.0,
    "ortho_loss": 0.0,
    "pearson": 0.3716,
    "regression_loss": 2.9275,
    "rm2": 0.1352,
    "rmse": 1.7007,
    "sd": 1.686,
    "spearman": 0.3757,
    "spectral_loss": 0.0
}
                              
Test Results: {
    "ci": 0.608,
    "classification_loss": 0.0,
    "cluster_loss": 0.0,
    "mae": 1.2766,
    "mse": 2.6306,
    "multiclassification_loss": 0.0,
    "ortho_loss": 0.0,
    "pearson": 0.3261,
    "regression_loss": 2.6259,
    "rm2": 0.1021,
    "rmse": 1.6219,
    "sd": 1.5948,
    "spearman": 0.3174,
    "spectral_loss": 0.0
}
                              
                              
----------------------------------------
Epoch 003 with LR 0.000100: Model Results
----------------------------------------
Train MSE Loss: 2.2471, Train CLS Loss: 0.0000, Train MCLS Loss: 0.0000
Protein Cluster Region Loss - Ortho Loss: 0.0000, Cluster Loss: 0.0000
                              
Validation Results: {
    "ci": 0.6573,
    "classification_loss": 0.0,
    "cluster_loss": 0.0,
    "mae": 1.2984,
    "mse": 2.7935,
    "multiclassification_loss": 0.0,
    "ortho_loss": 0.0,
    "pearson": 0.436,
    "regression_loss": 2.8208,
    "rm2": 0.1726,
    "rmse": 1.6714,
    "sd": 1.6343,
    "spearman": 0.4597,
    "spectral_loss": 0.0
}
                              
Test Results: {
    "ci": 0.6271,
    "classification_loss": 0.0,
    "cluster_loss": 0.0,
    "mae": 1.2724,
    "mse": 2.5459,
    "multiclassification_loss": 0.0,
    "ortho_loss": 0.0,
    "pearson": 0.3833,
    "regression_loss": 2.5396,
    "rm2": 0.1323,
    "rmse": 1.5956,
    "sd": 1.5581,
    "spearman": 0.3674,
    "spectral_loss": 0.0
}
                              
                              
----------------------------------------
Epoch 004 with LR 0.000100: Model Results
----------------------------------------
Train MSE Loss: 1.8873, Train CLS Loss: 0.0000, Train MCLS Loss: 0.0000
Protein Cluster Region Loss - Ortho Loss: 0.0000, Cluster Loss: 0.0000
                              
Validation Results: {
    "ci": 0.6764,
    "classification_loss": 0.0,
    "cluster_loss": 0.0,
    "mae": 1.2372,
    "mse": 2.6111,
    "multiclassification_loss": 0.0,
    "ortho_loss": 0.0,
    "pearson": 0.4893,
    "regression_loss": 2.6451,
    "rm2": 0.2115,
    "rmse": 1.6159,
    "sd": 1.5838,
    "spearman": 0.5072,
    "spectral_loss": 0.0
}
                              
Test Results: {
    "ci": 0.6398,
    "classification_loss": 0.0,
    "cluster_loss": 0.0,
    "mae": 1.2239,
    "mse": 2.4455,
    "multiclassification_loss": 0.0,
    "ortho_loss": 0.0,
    "pearson": 0.4287,
    "regression_loss": 2.4438,
    "rm2": 0.1647,
    "rmse": 1.5638,
    "sd": 1.5241,
    "spearman": 0.4045,
    "spectral_loss": 0.0
}
                              
                              
----------------------------------------
Epoch 005 with LR 0.000100: Model Results
----------------------------------------
Train MSE Loss: 1.6763, Train CLS Loss: 0.0000, Train MCLS Loss: 0.0000
Protein Cluster Region Loss - Ortho Loss: 0.0000, Cluster Loss: 0.0000
                              
Validation Results: {
    "ci": 0.6807,
    "classification_loss": 0.0,
    "cluster_loss": 0.0,
    "mae": 1.205,
    "mse": 2.5228,
    "multiclassification_loss": 0.0,
    "ortho_loss": 0.0,
    "pearson": 0.5139,
    "regression_loss": 2.5409,
    "rm2": 0.2596,
    "rmse": 1.5883,
    "sd": 1.5579,
    "spearman": 0.5132,
    "spectral_loss": 0.0
}
                              
Test Results: {
    "ci": 0.6509,
    "classification_loss": 0.0,
    "cluster_loss": 0.0,
    "mae": 1.2141,
    "mse": 2.4773,
    "multiclassification_loss": 0.0,
    "ortho_loss": 0.0,
    "pearson": 0.4561,
    "regression_loss": 2.4756,
    "rm2": 0.2049,
    "rmse": 1.5739,
    "sd": 1.5013,
    "spearman": 0.4334,
    "spectral_loss": 0.0
}
                              
                              
----------------------------------------
Epoch 006 with LR 0.000100: Model Results
----------------------------------------
Train MSE Loss: 1.5110, Train CLS Loss: 0.0000, Train MCLS Loss: 0.0000
Protein Cluster Region Loss - Ortho Loss: 0.0000, Cluster Loss: 0.0000
                              
Validation Results: {
    "ci": 0.6876,
    "classification_loss": 0.0,
    "cluster_loss": 0.0,
    "mae": 1.1746,
    "mse": 2.3311,
    "multiclassification_loss": 0.0,
    "ortho_loss": 0.0,
    "pearson": 0.5413,
    "regression_loss": 2.3579,
    "rm2": 0.2895,
    "rmse": 1.5268,
    "sd": 1.527,
    "spearman": 0.5357,
    "spectral_loss": 0.0
}
                              
Test Results: {
    "ci": 0.6513,
    "classification_loss": 0.0,
    "cluster_loss": 0.0,
    "mae": 1.1703,
    "mse": 2.2749,
    "multiclassification_loss": 0.0,
    "ortho_loss": 0.0,
    "pearson": 0.4613,
    "regression_loss": 2.2723,
    "rm2": 0.2087,
    "rmse": 1.5083,
    "sd": 1.4967,
    "spearman": 0.4338,
    "spectral_loss": 0.0
}
                              
                              
----------------------------------------
Epoch 007 with LR 0.000100: Model Results
----------------------------------------
Train MSE Loss: 1.3992, Train CLS Loss: 0.0000, Train MCLS Loss: 0.0000
Protein Cluster Region Loss - Ortho Loss: 0.0000, Cluster Loss: 0.0000
                              
Validation Results: {
    "ci": 0.6914,
    "classification_loss": 0.0,
    "cluster_loss": 0.0,
    "mae": 1.1843,
    "mse": 2.4834,
    "multiclassification_loss": 0.0,
    "ortho_loss": 0.0,
    "pearson": 0.5488,
    "regression_loss": 2.5048,
    "rm2": 0.2903,
    "rmse": 1.5759,
    "sd": 1.5182,
    "spearman": 0.5446,
    "spectral_loss": 0.0
}
                              
Test Results: {
    "ci": 0.6513,
    "classification_loss": 0.0,
    "cluster_loss": 0.0,
    "mae": 1.1703,
    "mse": 2.2749,
    "multiclassification_loss": 0.0,
    "ortho_loss": 0.0,
    "pearson": 0.4613,
    "regression_loss": 2.2723,
    "rm2": 0.2087,
    "rmse": 1.5083,
    "sd": 1.4967,
    "spearman": 0.4338,
    "spectral_loss": 0.0
}
                              
                              
----------------------------------------
Epoch 008 with LR 0.000100: Model Results
----------------------------------------
Train MSE Loss: 1.3188, Train CLS Loss: 0.0000, Train MCLS Loss: 0.0000
Protein Cluster Region Loss - Ortho Loss: 0.0000, Cluster Loss: 0.0000
                              
Validation Results: {
    "ci": 0.6944,
    "classification_loss": 0.0,
    "cluster_loss": 0.0,
    "mae": 1.1788,
    "mse": 2.4355,
    "multiclassification_loss": 0.0,
    "ortho_loss": 0.0,
    "pearson": 0.5634,
    "regression_loss": 2.4737,
    "rm2": 0.3082,
    "rmse": 1.5606,
    "sd": 1.5004,
    "spearman": 0.5524,
    "spectral_loss": 0.0
}
                              
Test Results: {
    "ci": 0.6513,
    "classification_loss": 0.0,
    "cluster_loss": 0.0,
    "mae": 1.1703,
    "mse": 2.2749,
    "multiclassification_loss": 0.0,
    "ortho_loss": 0.0,
    "pearson": 0.4613,
    "regression_loss": 2.2723,
    "rm2": 0.2087,
    "rmse": 1.5083,
    "sd": 1.4967,
    "spearman": 0.4338,
    "spectral_loss": 0.0
}
                              
                              
----------------------------------------
Epoch 009 with LR 0.000100: Model Results
----------------------------------------
Train MSE Loss: 1.2525, Train CLS Loss: 0.0000, Train MCLS Loss: 0.0000
Protein Cluster Region Loss - Ortho Loss: 0.0000, Cluster Loss: 0.0000
                              
Validation Results: {
    "ci": 0.6904,
    "classification_loss": 0.0,
    "cluster_loss": 0.0,
    "mae": 1.1633,
    "mse": 2.3558,
    "multiclassification_loss": 0.0,
    "ortho_loss": 0.0,
    "pearson": 0.5503,
    "regression_loss": 2.4047,
    "rm2": 0.2791,
    "rmse": 1.5348,
    "sd": 1.5164,
    "spearman": 0.5405,
    "spectral_loss": 0.0
}
                              
Test Results: {
    "ci": 0.6513,
    "classification_loss": 0.0,
    "cluster_loss": 0.0,
    "mae": 1.1703,
    "mse": 2.2749,
    "multiclassification_loss": 0.0,
    "ortho_loss": 0.0,
    "pearson": 0.4613,
    "regression_loss": 2.2723,
    "rm2": 0.2087,
    "rmse": 1.5083,
    "sd": 1.4967,
    "spearman": 0.4338,
    "spectral_loss": 0.0
}
                              
                              
----------------------------------------
Epoch 010 with LR 0.000100: Model Results
----------------------------------------
Train MSE Loss: 1.1917, Train CLS Loss: 0.0000, Train MCLS Loss: 0.0000
Protein Cluster Region Loss - Ortho Loss: 0.0000, Cluster Loss: 0.0000
                              
Validation Results: {
    "ci": 0.6947,
    "classification_loss": 0.0,
    "cluster_loss": 0.0,
    "mae": 1.1602,
    "mse": 2.4123,
    "multiclassification_loss": 0.0,
    "ortho_loss": 0.0,
    "pearson": 0.559,
    "regression_loss": 2.4528,
    "rm2": 0.3003,
    "rmse": 1.5532,
    "sd": 1.5058,
    "spearman": 0.5488,
    "spectral_loss": 0.0
}
                              
Test Results: {
    "ci": 0.6513,
    "classification_loss": 0.0,
    "cluster_loss": 0.0,
    "mae": 1.1703,
    "mse": 2.2749,
    "multiclassification_loss": 0.0,
    "ortho_loss": 0.0,
    "pearson": 0.4613,
    "regression_loss": 2.2723,
    "rm2": 0.2087,
    "rmse": 1.5083,
    "sd": 1.4967,
    "spearman": 0.4338,
    "spectral_loss": 0.0
}
                              
                              
----------------------------------------
Epoch 011 with LR 0.000100: Model Results
----------------------------------------
Train MSE Loss: 1.1593, Train CLS Loss: 0.0000, Train MCLS Loss: 0.0000
Protein Cluster Region Loss - Ortho Loss: 0.0000, Cluster Loss: 0.0000
                              
Validation Results: {
    "ci": 0.7039,
    "classification_loss": 0.0,
    "cluster_loss": 0.0,
    "mae": 1.1416,
    "mse": 2.2373,
    "multiclassification_loss": 0.0,
    "ortho_loss": 0.0,
    "pearson": 0.5843,
    "regression_loss": 2.3102,
    "rm2": 0.3019,
    "rmse": 1.4958,
    "sd": 1.4739,
    "spearman": 0.5704,
    "spectral_loss": 0.0
}
                              
Test Results: {
    "ci": 0.6562,
    "classification_loss": 0.0,
    "cluster_loss": 0.0,
    "mae": 1.167,
    "mse": 2.2318,
    "multiclassification_loss": 0.0,
    "ortho_loss": 0.0,
    "pearson": 0.4931,
    "regression_loss": 2.2295,
    "rm2": 0.2191,
    "rmse": 1.4939,
    "sd": 1.4676,
    "spearman": 0.4454,
    "spectral_loss": 0.0
}
                              
                              
----------------------------------------
Epoch 012 with LR 0.000100: Model Results
----------------------------------------
Train MSE Loss: 1.1138, Train CLS Loss: 0.0000, Train MCLS Loss: 0.0000
Protein Cluster Region Loss - Ortho Loss: 0.0000, Cluster Loss: 0.0000
                              
Validation Results: {
    "ci": 0.6978,
    "classification_loss": 0.0,
    "cluster_loss": 0.0,
    "mae": 1.1682,
    "mse": 2.3527,
    "multiclassification_loss": 0.0,
    "ortho_loss": 0.0,
    "pearson": 0.5741,
    "regression_loss": 2.4174,
    "rm2": 0.2785,
    "rmse": 1.5339,
    "sd": 1.487,
    "spearman": 0.5574,
    "spectral_loss": 0.0
}
                              
Test Results: {
    "ci": 0.6562,
    "classification_loss": 0.0,
    "cluster_loss": 0.0,
    "mae": 1.167,
    "mse": 2.2318,
    "multiclassification_loss": 0.0,
    "ortho_loss": 0.0,
    "pearson": 0.4931,
    "regression_loss": 2.2295,
    "rm2": 0.2191,
    "rmse": 1.4939,
    "sd": 1.4676,
    "spearman": 0.4454,
    "spectral_loss": 0.0
}
                              
                              
----------------------------------------
Epoch 013 with LR 0.000100: Model Results
----------------------------------------
Train MSE Loss: 1.0941, Train CLS Loss: 0.0000, Train MCLS Loss: 0.0000
Protein Cluster Region Loss - Ortho Loss: 0.0000, Cluster Loss: 0.0000
                              
Validation Results: {
    "ci": 0.7032,
    "classification_loss": 0.0,
    "cluster_loss": 0.0,
    "mae": 1.1422,
    "mse": 2.3049,
    "multiclassification_loss": 0.0,
    "ortho_loss": 0.0,
    "pearson": 0.5721,
    "regression_loss": 2.354,
    "rm2": 0.285,
    "rmse": 1.5182,
    "sd": 1.4895,
    "spearman": 0.5673,
    "spectral_loss": 0.0
}
                              
Test Results: {
    "ci": 0.6562,
    "classification_loss": 0.0,
    "cluster_loss": 0.0,
    "mae": 1.167,
    "mse": 2.2318,
    "multiclassification_loss": 0.0,
    "ortho_loss": 0.0,
    "pearson": 0.4931,
    "regression_loss": 2.2295,
    "rm2": 0.2191,
    "rmse": 1.4939,
    "sd": 1.4676,
    "spearman": 0.4454,
    "spectral_loss": 0.0
}
                              
                              
----------------------------------------
Epoch 014 with LR 0.000100: Model Results
----------------------------------------
Train MSE Loss: 1.0663, Train CLS Loss: 0.0000, Train MCLS Loss: 0.0000
Protein Cluster Region Loss - Ortho Loss: 0.0000, Cluster Loss: 0.0000
                              
Validation Results: {
    "ci": 0.6988,
    "classification_loss": 0.0,
    "cluster_loss": 0.0,
    "mae": 1.1519,
    "mse": 2.3308,
    "multiclassification_loss": 0.0,
    "ortho_loss": 0.0,
    "pearson": 0.5733,
    "regression_loss": 2.3543,
    "rm2": 0.3231,
    "rmse": 1.5267,
    "sd": 1.488,
    "spearman": 0.5606,
    "spectral_loss": 0.0
}
                              
Test Results: {
    "ci": 0.6562,
    "classification_loss": 0.0,
    "cluster_loss": 0.0,
    "mae": 1.167,
    "mse": 2.2318,
    "multiclassification_loss": 0.0,
    "ortho_loss": 0.0,
    "pearson": 0.4931,
    "regression_loss": 2.2295,
    "rm2": 0.2191,
    "rmse": 1.4939,
    "sd": 1.4676,
    "spearman": 0.4454,
    "spectral_loss": 0.0
}
                              
                              
----------------------------------------
Epoch 015 with LR 0.000100: Model Results
----------------------------------------
Train MSE Loss: 1.0366, Train CLS Loss: 0.0000, Train MCLS Loss: 0.0000
Protein Cluster Region Loss - Ortho Loss: 0.0000, Cluster Loss: 0.0000
                              
Validation Results: {
    "ci": 0.6931,
    "classification_loss": 0.0,
    "cluster_loss": 0.0,
    "mae": 1.1654,
    "mse": 2.4773,
    "multiclassification_loss": 0.0,
    "ortho_loss": 0.0,
    "pearson": 0.5585,
    "regression_loss": 2.5167,
    "rm2": 0.2677,
    "rmse": 1.5739,
    "sd": 1.5065,
    "spearman": 0.5416,
    "spectral_loss": 0.0
}
                              
Test Results: {
    "ci": 0.6562,
    "classification_loss": 0.0,
    "cluster_loss": 0.0,
    "mae": 1.167,
    "mse": 2.2318,
    "multiclassification_loss": 0.0,
    "ortho_loss": 0.0,
    "pearson": 0.4931,
    "regression_loss": 2.2295,
    "rm2": 0.2191,
    "rmse": 1.4939,
    "sd": 1.4676,
    "spearman": 0.4454,
    "spectral_loss": 0.0
}
                              
                              
----------------------------------------
Epoch 016 with LR 0.000100: Model Results
----------------------------------------
Train MSE Loss: 1.0111, Train CLS Loss: 0.0000, Train MCLS Loss: 0.0000
Protein Cluster Region Loss - Ortho Loss: 0.0000, Cluster Loss: 0.0000
                              
Validation Results: {
    "ci": 0.6935,
    "classification_loss": 0.0,
    "cluster_loss": 0.0,
    "mae": 1.1265,
    "mse": 2.2237,
    "multiclassification_loss": 0.0,
    "ortho_loss": 0.0,
    "pearson": 0.5776,
    "regression_loss": 2.2866,
    "rm2": 0.3119,
    "rmse": 1.4912,
    "sd": 1.4824,
    "spearman": 0.543,
    "spectral_loss": 0.0
}
                              
Test Results: {
    "ci": 0.6564,
    "classification_loss": 0.0,
    "cluster_loss": 0.0,
    "mae": 1.169,
    "mse": 2.2801,
    "multiclassification_loss": 0.0,
    "ortho_loss": 0.0,
    "pearson": 0.4866,
    "regression_loss": 2.2844,
    "rm2": 0.2188,
    "rmse": 1.51,
    "sd": 1.4738,
    "spearman": 0.4463,
    "spectral_loss": 0.0
}
                              
                              
----------------------------------------
Epoch 017 with LR 0.000100: Model Results
----------------------------------------
Train MSE Loss: 0.9915, Train CLS Loss: 0.0000, Train MCLS Loss: 0.0000
Protein Cluster Region Loss - Ortho Loss: 0.0000, Cluster Loss: 0.0000
                              
Validation Results: {
    "ci": 0.7055,
    "classification_loss": 0.0,
    "cluster_loss": 0.0,
    "mae": 1.2161,
    "mse": 2.6817,
    "multiclassification_loss": 0.0,
    "ortho_loss": 0.0,
    "pearson": 0.5796,
    "regression_loss": 2.8088,
    "rm2": 0.2592,
    "rmse": 1.6376,
    "sd": 1.4799,
    "spearman": 0.5701,
    "spectral_loss": 0.0
}
                              
Test Results: {
    "ci": 0.6564,
    "classification_loss": 0.0,
    "cluster_loss": 0.0,
    "mae": 1.169,
    "mse": 2.2801,
    "multiclassification_loss": 0.0,
    "ortho_loss": 0.0,
    "pearson": 0.4866,
    "regression_loss": 2.2844,
    "rm2": 0.2188,
    "rmse": 1.51,
    "sd": 1.4738,
    "spearman": 0.4463,
    "spectral_loss": 0.0
}
                              
                              
----------------------------------------
Epoch 018 with LR 0.000100: Model Results
----------------------------------------
Train MSE Loss: 0.9830, Train CLS Loss: 0.0000, Train MCLS Loss: 0.0000
Protein Cluster Region Loss - Ortho Loss: 0.0000, Cluster Loss: 0.0000
                              
Validation Results: {
    "ci": 0.6998,
    "classification_loss": 0.0,
    "cluster_loss": 0.0,
    "mae": 1.1638,
    "mse": 2.4506,
    "multiclassification_loss": 0.0,
    "ortho_loss": 0.0,
    "pearson": 0.5659,
    "regression_loss": 2.5232,
    "rm2": 0.2742,
    "rmse": 1.5654,
    "sd": 1.4973,
    "spearman": 0.557,
    "spectral_loss": 0.0
}
                              
Test Results: {
    "ci": 0.6564,
    "classification_loss": 0.0,
    "cluster_loss": 0.0,
    "mae": 1.169,
    "mse": 2.2801,
    "multiclassification_loss": 0.0,
    "ortho_loss": 0.0,
    "pearson": 0.4866,
    "regression_loss": 2.2844,
    "rm2": 0.2188,
    "rmse": 1.51,
    "sd": 1.4738,
    "spearman": 0.4463,
    "spectral_loss": 0.0
}
                              
                              
----------------------------------------
Epoch 019 with LR 0.000100: Model Results
----------------------------------------
Train MSE Loss: 0.9656, Train CLS Loss: 0.0000, Train MCLS Loss: 0.0000
Protein Cluster Region Loss - Ortho Loss: 0.0000, Cluster Loss: 0.0000
                              
Validation Results: {
    "ci": 0.6993,
    "classification_loss": 0.0,
    "cluster_loss": 0.0,
    "mae": 1.1771,
    "mse": 2.5694,
    "multiclassification_loss": 0.0,
    "ortho_loss": 0.0,
    "pearson": 0.5571,
    "regression_loss": 2.6522,
    "rm2": 0.2628,
    "rmse": 1.6029,
    "sd": 1.5081,
    "spearman": 0.5569,
    "spectral_loss": 0.0
}
                              
Test Results: {
    "ci": 0.6564,
    "classification_loss": 0.0,
    "cluster_loss": 0.0,
    "mae": 1.169,
    "mse": 2.2801,
    "multiclassification_loss": 0.0,
    "ortho_loss": 0.0,
    "pearson": 0.4866,
    "regression_loss": 2.2844,
    "rm2": 0.2188,
    "rmse": 1.51,
    "sd": 1.4738,
    "spearman": 0.4463,
    "spectral_loss": 0.0
}
                              
                              
----------------------------------------
Epoch 020 with LR 0.000100: Model Results
----------------------------------------
Train MSE Loss: 0.9476, Train CLS Loss: 0.0000, Train MCLS Loss: 0.0000
Protein Cluster Region Loss - Ortho Loss: 0.0000, Cluster Loss: 0.0000
                              
Validation Results: {
    "ci": 0.6981,
    "classification_loss": 0.0,
    "cluster_loss": 0.0,
    "mae": 1.15,
    "mse": 2.3753,
    "multiclassification_loss": 0.0,
    "ortho_loss": 0.0,
    "pearson": 0.5701,
    "regression_loss": 2.4239,
    "rm2": 0.2859,
    "rmse": 1.5412,
    "sd": 1.4921,
    "spearman": 0.5537,
    "spectral_loss": 0.0
}
                              
Test Results: {
    "ci": 0.6564,
    "classification_loss": 0.0,
    "cluster_loss": 0.0,
    "mae": 1.169,
    "mse": 2.2801,
    "multiclassification_loss": 0.0,
    "ortho_loss": 0.0,
    "pearson": 0.4866,
    "regression_loss": 2.2844,
    "rm2": 0.2188,
    "rmse": 1.51,
    "sd": 1.4738,
    "spearman": 0.4463,
    "spectral_loss": 0.0
}
                              
                              
----------------------------------------
Epoch 021 with LR 0.000100: Model Results
----------------------------------------
Train MSE Loss: 0.9153, Train CLS Loss: 0.0000, Train MCLS Loss: 0.0000
Protein Cluster Region Loss - Ortho Loss: 0.0000, Cluster Loss: 0.0000
                              
Validation Results: {
    "ci": 0.7006,
    "classification_loss": 0.0,
    "cluster_loss": 0.0,
    "mae": 1.192,
    "mse": 2.5711,
    "multiclassification_loss": 0.0,
    "ortho_loss": 0.0,
    "pearson": 0.5674,
    "regression_loss": 2.6392,
    "rm2": 0.2535,
    "rmse": 1.6035,
    "sd": 1.4954,
    "spearman": 0.5585,
    "spectral_loss": 0.0
}
                              
Test Results: {
    "ci": 0.6564,
    "classification_loss": 0.0,
    "cluster_loss": 0.0,
    "mae": 1.169,
    "mse": 2.2801,
    "multiclassification_loss": 0.0,
    "ortho_loss": 0.0,
    "pearson": 0.4866,
    "regression_loss": 2.2844,
    "rm2": 0.2188,
    "rmse": 1.51,
    "sd": 1.4738,
    "spearman": 0.4463,
    "spectral_loss": 0.0
}
                              
                              
----------------------------------------
Epoch 022 with LR 0.000100: Model Results
----------------------------------------
Train MSE Loss: 0.9177, Train CLS Loss: 0.0000, Train MCLS Loss: 0.0000
Protein Cluster Region Loss - Ortho Loss: 0.0000, Cluster Loss: 0.0000
                              
Validation Results: {
    "ci": 0.6997,
    "classification_loss": 0.0,
    "cluster_loss": 0.0,
    "mae": 1.2046,
    "mse": 2.6432,
    "multiclassification_loss": 0.0,
    "ortho_loss": 0.0,
    "pearson": 0.5679,
    "regression_loss": 2.6853,
    "rm2": 0.2674,
    "rmse": 1.6258,
    "sd": 1.4947,
    "spearman": 0.5581,
    "spectral_loss": 0.0
}
                              
Test Results: {
    "ci": 0.6564,
    "classification_loss": 0.0,
    "cluster_loss": 0.0,
    "mae": 1.169,
    "mse": 2.2801,
    "multiclassification_loss": 0.0,
    "ortho_loss": 0.0,
    "pearson": 0.4866,
    "regression_loss": 2.2844,
    "rm2": 0.2188,
    "rmse": 1.51,
    "sd": 1.4738,
    "spearman": 0.4463,
    "spectral_loss": 0.0
}
                              
                              
----------------------------------------
Epoch 023 with LR 0.000100: Model Results
----------------------------------------
Train MSE Loss: 0.8919, Train CLS Loss: 0.0000, Train MCLS Loss: 0.0000
Protein Cluster Region Loss - Ortho Loss: 0.0000, Cluster Loss: 0.0000
                              
Validation Results: {
    "ci": 0.6911,
    "classification_loss": 0.0,
    "cluster_loss": 0.0,
    "mae": 1.2019,
    "mse": 2.4921,
    "multiclassification_loss": 0.0,
    "ortho_loss": 0.0,
    "pearson": 0.5538,
    "regression_loss": 2.5571,
    "rm2": 0.251,
    "rmse": 1.5786,
    "sd": 1.5122,
    "spearman": 0.5379,
    "spectral_loss": 0.0
}
                              
Test Results: {
    "ci": 0.6564,
    "classification_loss": 0.0,
    "cluster_loss": 0.0,
    "mae": 1.169,
    "mse": 2.2801,
    "multiclassification_loss": 0.0,
    "ortho_loss": 0.0,
    "pearson": 0.4866,
    "regression_loss": 2.2844,
    "rm2": 0.2188,
    "rmse": 1.51,
    "sd": 1.4738,
    "spearman": 0.4463,
    "spectral_loss": 0.0
}
                              
                              
----------------------------------------
Epoch 024 with LR 0.000100: Model Results
----------------------------------------
Train MSE Loss: 0.8918, Train CLS Loss: 0.0000, Train MCLS Loss: 0.0000
Protein Cluster Region Loss - Ortho Loss: 0.0000, Cluster Loss: 0.0000
                              
Validation Results: {
    "ci": 0.6962,
    "classification_loss": 0.0,
    "cluster_loss": 0.0,
    "mae": 1.1766,
    "mse": 2.5463,
    "multiclassification_loss": 0.0,
    "ortho_loss": 0.0,
    "pearson": 0.5585,
    "regression_loss": 2.608,
    "rm2": 0.2675,
    "rmse": 1.5957,
    "sd": 1.5064,
    "spearman": 0.5495,
    "spectral_loss": 0.0
}
                              
Test Results: {
    "ci": 0.6564,
    "classification_loss": 0.0,
    "cluster_loss": 0.0,
    "mae": 1.169,
    "mse": 2.2801,
    "multiclassification_loss": 0.0,
    "ortho_loss": 0.0,
    "pearson": 0.4866,
    "regression_loss": 2.2844,
    "rm2": 0.2188,
    "rmse": 1.51,
    "sd": 1.4738,
    "spearman": 0.4463,
    "spectral_loss": 0.0
}
                              
                              
----------------------------------------
Epoch 025 with LR 0.000100: Model Results
----------------------------------------
Train MSE Loss: 0.8759, Train CLS Loss: 0.0000, Train MCLS Loss: 0.0000
Protein Cluster Region Loss - Ortho Loss: 0.0000, Cluster Loss: 0.0000
                              
Validation Results: {
    "ci": 0.6999,
    "classification_loss": 0.0,
    "cluster_loss": 0.0,
    "mae": 1.1884,
    "mse": 2.5963,
    "multiclassification_loss": 0.0,
    "ortho_loss": 0.0,
    "pearson": 0.5715,
    "regression_loss": 2.6757,
    "rm2": 0.2735,
    "rmse": 1.6113,
    "sd": 1.4902,
    "spearman": 0.5589,
    "spectral_loss": 0.0
}
                              
Test Results: {
    "ci": 0.6564,
    "classification_loss": 0.0,
    "cluster_loss": 0.0,
    "mae": 1.169,
    "mse": 2.2801,
    "multiclassification_loss": 0.0,
    "ortho_loss": 0.0,
    "pearson": 0.4866,
    "regression_loss": 2.2844,
    "rm2": 0.2188,
    "rmse": 1.51,
    "sd": 1.4738,
    "spearman": 0.4463,
    "spectral_loss": 0.0
}
                              
                              
----------------------------------------
Epoch 026 with LR 0.000100: Model Results
----------------------------------------
Train MSE Loss: 0.8515, Train CLS Loss: 0.0000, Train MCLS Loss: 0.0000
Protein Cluster Region Loss - Ortho Loss: 0.0000, Cluster Loss: 0.0000
                              
Validation Results: {
    "ci": 0.6982,
    "classification_loss": 0.0,
    "cluster_loss": 0.0,
    "mae": 1.2158,
    "mse": 2.6791,
    "multiclassification_loss": 0.0,
    "ortho_loss": 0.0,
    "pearson": 0.5579,
    "regression_loss": 2.7783,
    "rm2": 0.2537,
    "rmse": 1.6368,
    "sd": 1.5072,
    "spearman": 0.5556,
    "spectral_loss": 0.0
}
                              
Test Results: {
    "ci": 0.6564,
    "classification_loss": 0.0,
    "cluster_loss": 0.0,
    "mae": 1.169,
    "mse": 2.2801,
    "multiclassification_loss": 0.0,
    "ortho_loss": 0.0,
    "pearson": 0.4866,
    "regression_loss": 2.2844,
    "rm2": 0.2188,
    "rmse": 1.51,
    "sd": 1.4738,
    "spearman": 0.4463,
    "spectral_loss": 0.0
}

Early stopping at epoch 26 (no improvement for 10 epochs)
[best epoch] epoch=16, best_rmse=1.4912, lr_at_best=1.000e-04
                              
                              
----------------------------------------
Epoch 026 with LR 0.000100: Model Results
----------------------------------------
Train MSE Loss: 0.8515, Train CLS Loss: 0.0000, Train MCLS Loss: 0.0000
Protein Cluster Region Loss - Ortho Loss: 0.0000, Cluster Loss: 0.0000
                              
Validation Results: {
    "ci": 0.6982,
    "classification_loss": 0.0,
    "cluster_loss": 0.0,
    "mae": 1.2158,
    "mse": 2.6791,
    "multiclassification_loss": 0.0,
    "ortho_loss": 0.0,
    "pearson": 0.5579,
    "regression_loss": 2.7783,
    "rm2": 0.2537,
    "rmse": 1.6368,
    "sd": 1.5072,
    "spearman": 0.5556,
    "spectral_loss": 0.0
}
                              
Test Results: {
    "ci": 0.6564,
    "classification_loss": 0.0,
    "cluster_loss": 0.0,
    "mae": 1.169,
    "mse": 2.2801,
    "multiclassification_loss": 0.0,
    "ortho_loss": 0.0,
    "pearson": 0.4866,
    "regression_loss": 2.2844,
    "rm2": 0.2188,
    "rmse": 1.51,
    "sd": 1.4738,
    "spearman": 0.4463,
    "spectral_loss": 0.0
}
Final test metrics: rmse=1.5100, pearson=0.4866, r2_proxy(mse)=2.2801
Done. Predictions: /sc/arion/projects/DiseaseGeneCell/Huang_lab_project/wangcDrugRepoProject/TRACE_Kin_Results_v4_mapgnn/EITLEM_dataset/EITLEM_kkm_MUTAPLM_embedding_cold_drug/test_prediction_seed3.csv; checkpoint: /sc/arion/projects/DiseaseGeneCell/Huang_lab_project/wangcDrugRepoProject/TRACE_Kin_Results_v4_mapgnn/EITLEM_dataset/EITLEM_kkm_MUTAPLM_embedding_cold_drug/save_model_seed3/model.pt

==========================================
Array task 1/10: OK (EITLEM_kkm_MUTAPLM_embedding_cold_drug)
==========================================


PS:

Read file <242906676.1.stderr> for stderr output of this job.

