Sender: LSF System <lsfadmin@lg02e09>
Subject: Job 242952692: <trace_kin_v5_smoke> in cluster <chimera> Exited

Job <trace_kin_v5_smoke> was submitted from host <li04e04> by user <wangc40> in cluster <chimera> at Mon May 11 14:28:14 2026
Job was executed on host(s) <8*lg02e09>, in queue <gpu>, as user <wangc40> in cluster <chimera> at Mon May 11 14:28:16 2026
</hpc/users/wangc40> was used as the home directory.
</sc/arion/projects/DiseaseGeneCell/Huang_lab_project/wangcDrugRepoProject/TRACE-Kin> was used as the working directory.
Started at Mon May 11 14:28:16 2026
Terminated at Mon May 11 14:41:01 2026
Results reported at Mon May 11 14:41:01 2026

Your job looked like:

------------------------------------------------------------
# LSBATCH: User input
#!/bin/bash
#BSUB -J trace_kin_v5_smoke
#BSUB -P acc_DiseaseGeneCell
#BSUB -q gpu
#BSUB -R h100nvl
#BSUB -gpu num=1
#BSUB -n 8
#BSUB -R "rusage[mem=15000]"
#BSUB -R "span[hosts=1]"
#BSUB -W 01:00
#BSUB -o %J.v5_smoke.stdout
#BSUB -eo %J.v5_smoke.stderr
#BSUB -L /bin/bash

# =============================================================================
# TRACE-Kin v5 (Graph-Mamba + Cross-Attention) smoke test
# =============================================================================
# Submit with:
#     bsub < training/run_v5_smoke_test.lsf
#
# Purpose: validate the v5 architecture end-to-end on one cell before
# committing the 10-cell x 3-seed array. Catches:
#   - MutaPLM per-residue embedding loaded from parquet (L, 4096)
#   - Linear projection 4096 -> 512
#   - Graph structural encoding (RWSE from contact-map)
#   - Bidirectional Mamba forward/backward scan
#   - Graph-gated aggregation from contact-map edges
#   - Cross-attention between residues and ligand atoms
#   - Substrate-conditioned pooling
#   - MoLFormer-XL context injection to ligand atoms
#   - Final regression head + test prediction CSV
#
# Runs train_trace_kin.py with a tiny sample (100 rows, 5 epochs) on
# the EITLEM kkm cold_drug MUTAPLM cell. Walltime 1h (Mamba sequential
# scan is slower than parallelized GNN on small data).
#
# After success, chain the per-folder arrays:
#     bsub -w "done(<SMOKE_JOB_ID>)" < training/run_v5_perfolder_s1.lsf
#     bsub < training/run_v5_perfolder_s2.lsf
#     bsub < training/run_v5_perfolder_s3.lsf
# =============================================================================

# --- Environment -------------------------------------------------------------
ml purge
source ~/.bashrc
module load anaconda3/2024.06
source activate test
module load cuda/12.4.0
export RAYON_NUM_THREADS=4
export PYTORCH_CUDA_ALLOC_CONF=expandable_segments:True

(... more ...)
------------------------------------------------------------

Exited with exit code 1.

Resource usage summary:

    CPU time :                                   766.00 sec.
    Max Memory :                                 24945 MB
    Average Memory :                             22090.56 MB
    Total Requested Memory :                     120000.00 MB
    Delta Memory :                               95055.00 MB
    Max Swap :                                   -
    Max Processes :                              4
    Max Threads :                                15
    Run time :                                   764 sec.
    Turnaround time :                            767 sec.

The output (if any) follows:

==========================================
TRACE-Kin v5 (Graph-Mamba) Smoke Test
==========================================
Date:               Mon May 11 14:28:19 EDT 2026
Dataset:            /sc/arion/projects/DiseaseGeneCell/Huang_lab_project/drug_discovery/output/data/enzyme_embeddings_dataset/EITLEM_dataset/EITLEM_kkm_MUTAPLM_embedding_cold_drug
Result dir:         /sc/arion/projects/DiseaseGeneCell/Huang_lab_project/wangcDrugRepoProject/TRACE_Kin_Results_v5_graphmamba/_smoke
Config:             training/config_v5.json
MoLFormer:          /sc/arion/projects/DiseaseGeneCell/Huang_lab_project/wangcDrugRepoProject/transformersmodels/ibm/MoLFormer-XL-both-10pct
Sample size:        100 rows train / 50 test
Epochs:             5
Architecture:       BiMamba x4 + graph-gate + cross-attention + MoLFormer ctx
==========================================
Python 3.12.2
Python: /sc/arion/work/wangc40/test-env/envs/test/bin/python
CUDA device: NVIDIA H100 80GB HBM3, sm_90
============================================================
TRACE-Kin training
============================================================
Datafolder:        /sc/arion/projects/DiseaseGeneCell/Huang_lab_project/drug_discovery/output/data/enzyme_embeddings_dataset/EITLEM_dataset/EITLEM_kkm_MUTAPLM_embedding_cold_drug
Result path:       /sc/arion/projects/DiseaseGeneCell/Huang_lab_project/wangcDrugRepoProject/TRACE_Kin_Results_v5_graphmamba/_smoke
Config:            training/config_v5.json
Pool train CSVs:   (none)
============================================================
[mem] before load_split_dataframes             max RSS = 0.59 GB
Loading primary train (essential cols): /sc/arion/projects/DiseaseGeneCell/Huang_lab_project/drug_discovery/output/data/enzyme_embeddings_dataset/EITLEM_dataset/EITLEM_kkm_MUTAPLM_embedding_cold_drug/train.parquet
Loading primary test (essential cols): /sc/arion/projects/DiseaseGeneCell/Huang_lab_project/drug_discovery/output/data/enzyme_embeddings_dataset/EITLEM_dataset/EITLEM_kkm_MUTAPLM_embedding_cold_drug/test.parquet
Loading primary val (essential cols): /sc/arion/projects/DiseaseGeneCell/Huang_lab_project/drug_discovery/output/data/enzyme_embeddings_dataset/EITLEM_dataset/EITLEM_kkm_MUTAPLM_embedding_cold_drug/val.parquet
Detected prot_evo_channels = 4096 (1-row sample)
[mem] after load_split_dataframes (lite — feature cols not loaded) max RSS = 0.79 GB
model_version: v5, use_swa: False
Reusing protein cache: /sc/arion/projects/DiseaseGeneCell/Huang_lab_project/drug_discovery/output/data/enzyme_embeddings_dataset/EITLEM_dataset/EITLEM_kkm_MUTAPLM_embedding_cold_drug/protein.pt
Reusing ligand cache: /sc/arion/projects/DiseaseGeneCell/Huang_lab_project/drug_discovery/output/data/enzyme_embeddings_dataset/EITLEM_dataset/EITLEM_kkm_MUTAPLM_embedding_cold_drug/ligand.pt
[mem] after preprocess                         max RSS = 22.97 GB
loaders ready: train=13 test=7 val=185
[mem] after make_loaders                       max RSS = 22.97 GB
Built TraceKinV5 with 68,335,112 parameters
[LR schedule] schedule_lr=True, lrate=0.0003, min_lrate=1e-06, warmup_iters=0, lr_decay_iters=65, total_iters=65
Not in terminal, reprint now using normal build-in print function.
                              
                              
----------------------------------------
Epoch 001 with LR 0.000276: Model Results
----------------------------------------
Train MSE Loss: 13.5803, Train CLS Loss: 0.0000, Train MCLS Loss: 0.0000
Protein Cluster Region Loss - Ortho Loss: 0.0000, Cluster Loss: 0.0000
                              
Validation Results: {
    "ci": 0.5177,
    "classification_loss": 0.0,
    "cluster_loss": 0.0,
    "mae": 1.5804,
    "mse": 3.963,
    "multiclassification_loss": 0.0,
    "ortho_loss": 0.0,
    "pearson": 0.0741,
    "regression_loss": 3.9652,
    "rm2": 0.0044,
    "rmse": 1.9907,
    "sd": 1.8111,
    "spearman": 0.0531,
    "spectral_loss": 0.0
}
                              
Test Results: {
    "ci": 0.5804,
    "classification_loss": 0.0,
    "cluster_loss": 0.0,
    "mae": 1.4524,
    "mse": 3.0047,
    "multiclassification_loss": 0.0,
    "ortho_loss": 0.0,
    "pearson": 0.2861,
    "regression_loss": 2.6953,
    "rm2": 0.0645,
    "rmse": 1.7334,
    "sd": 1.4828,
    "spearman": 0.2481,
    "spectral_loss": 0.0
}
                              
                              
----------------------------------------
Epoch 002 with LR 0.000204: Model Results
----------------------------------------
Train MSE Loss: 3.6078, Train CLS Loss: 0.0000, Train MCLS Loss: 0.0000
Protein Cluster Region Loss - Ortho Loss: 0.0000, Cluster Loss: 0.0000
                              
Validation Results: {
    "ci": 0.5165,
    "classification_loss": 0.0,
    "cluster_loss": 0.0,
    "mae": 1.5094,
    "mse": 3.6797,
    "multiclassification_loss": 0.0,
    "ortho_loss": 0.0,
    "pearson": 0.017,
    "regression_loss": 3.6754,
    "rm2": 0.0003,
    "rmse": 1.9182,
    "sd": 1.8158,
    "spearman": 0.0481,
    "spectral_loss": 0.0
}
                              
Test Results: {
    "ci": 0.4833,
    "classification_loss": 0.0,
    "cluster_loss": 0.0,
    "mae": 1.444,
    "mse": 2.8364,
    "multiclassification_loss": 0.0,
    "ortho_loss": 0.0,
    "pearson": -0.0433,
    "regression_loss": 2.5635,
    "rm2": 0.0015,
    "rmse": 1.6842,
    "sd": 1.546,
    "spearman": -0.0275,
    "spectral_loss": 0.0
}
                              
                              
----------------------------------------
Epoch 003 with LR 0.000111: Model Results
----------------------------------------
Train MSE Loss: 1.4421, Train CLS Loss: 0.0000, Train MCLS Loss: 0.0000
Protein Cluster Region Loss - Ortho Loss: 0.0000, Cluster Loss: 0.0000
                              
Validation Results: {
    "ci": 0.5134,
    "classification_loss": 0.0,
    "cluster_loss": 0.0,
    "mae": 1.6003,
    "mse": 4.1425,
    "multiclassification_loss": 0.0,
    "ortho_loss": 0.0,
    "pearson": 0.0136,
    "regression_loss": 4.1392,
    "rm2": 0.0002,
    "rmse": 2.0353,
    "sd": 1.8159,
    "spearman": 0.0386,
    "spectral_loss": 0.0
}
                              
Test Results: {
    "ci": 0.4833,
    "classification_loss": 0.0,
    "cluster_loss": 0.0,
    "mae": 1.444,
    "mse": 2.8364,
    "multiclassification_loss": 0.0,
    "ortho_loss": 0.0,
    "pearson": -0.0433,
    "regression_loss": 2.5635,
    "rm2": 0.0015,
    "rmse": 1.6842,
    "sd": 1.546,
    "spearman": -0.0275,
    "spectral_loss": 0.0
}
                              
                              
----------------------------------------
Epoch 004 with LR 0.000034: Model Results
----------------------------------------
Train MSE Loss: 0.6740, Train CLS Loss: 0.0000, Train MCLS Loss: 0.0000
Protein Cluster Region Loss - Ortho Loss: 0.0000, Cluster Loss: 0.0000
                              
Validation Results: {
    "ci": 0.507,
    "classification_loss": 0.0,
    "cluster_loss": 0.0,
    "mae": 1.7564,
    "mse": 4.896,
    "multiclassification_loss": 0.0,
    "ortho_loss": 0.0,
    "pearson": 0.0077,
    "regression_loss": 4.8988,
    "rm2": 0.0,
    "rmse": 2.2127,
    "sd": 1.816,
    "spearman": 0.0209,
    "spectral_loss": 0.0
}
                              
Test Results: {
    "ci": 0.4833,
    "classification_loss": 0.0,
    "cluster_loss": 0.0,
    "mae": 1.444,
    "mse": 2.8364,
    "multiclassification_loss": 0.0,
    "ortho_loss": 0.0,
    "pearson": -0.0433,
    "regression_loss": 2.5635,
    "rm2": 0.0015,
    "rmse": 1.6842,
    "sd": 1.546,
    "spearman": -0.0275,
    "spectral_loss": 0.0
}
                              
                              
----------------------------------------
Epoch 005 with LR 0.000001: Model Results
----------------------------------------
Train MSE Loss: 0.3520, Train CLS Loss: 0.0000, Train MCLS Loss: 0.0000
Protein Cluster Region Loss - Ortho Loss: 0.0000, Cluster Loss: 0.0000
                              
Validation Results: {
    "ci": 0.5081,
    "classification_loss": 0.0,
    "cluster_loss": 0.0,
    "mae": 1.5928,
    "mse": 4.1403,
    "multiclassification_loss": 0.0,
    "ortho_loss": 0.0,
    "pearson": 0.0105,
    "regression_loss": 4.1316,
    "rm2": 0.0001,
    "rmse": 2.0348,
    "sd": 1.816,
    "spearman": 0.0251,
    "spectral_loss": 0.0
}
                              
Test Results: {
    "ci": 0.4833,
    "classification_loss": 0.0,
    "cluster_loss": 0.0,
    "mae": 1.444,
    "mse": 2.8364,
    "multiclassification_loss": 0.0,
    "ortho_loss": 0.0,
    "pearson": -0.0433,
    "regression_loss": 2.5635,
    "rm2": 0.0015,
    "rmse": 1.6842,
    "sd": 1.546,
    "spearman": -0.0275,
    "spectral_loss": 0.0
}
[best epoch] epoch=2, best_rmse=1.9182, lr_at_best=2.035e-04
                              
                              
----------------------------------------
Epoch 005 with LR 0.000001: Model Results
----------------------------------------
Train MSE Loss: 0.3520, Train CLS Loss: 0.0000, Train MCLS Loss: 0.0000
Protein Cluster Region Loss - Ortho Loss: 0.0000, Cluster Loss: 0.0000
                              
Validation Results: {
    "ci": 0.5081,
    "classification_loss": 0.0,
    "cluster_loss": 0.0,
    "mae": 1.5928,
    "mse": 4.1403,
    "multiclassification_loss": 0.0,
    "ortho_loss": 0.0,
    "pearson": 0.0105,
    "regression_loss": 4.1316,
    "rm2": 0.0001,
    "rmse": 2.0348,
    "sd": 1.816,
    "spearman": 0.0251,
    "spectral_loss": 0.0
}
                              
Test Results: {
    "ci": 0.4833,
    "classification_loss": 0.0,
    "cluster_loss": 0.0,
    "mae": 1.444,
    "mse": 2.8364,
    "multiclassification_loss": 0.0,
    "ortho_loss": 0.0,
    "pearson": -0.0433,
    "regression_loss": 2.5635,
    "rm2": 0.0015,
    "rmse": 1.6842,
    "sd": 1.546,
    "spearman": -0.0275,
    "spectral_loss": 0.0
}

==========================================
SMOKE TEST: FAIL
No test_prediction_seed*.csv found in /sc/arion/projects/DiseaseGeneCell/Huang_lab_project/wangcDrugRepoProject/TRACE_Kin_Results_v5_graphmamba/_smoke
Check stderr for errors.
==========================================


PS:

Read file <242952692.v5_smoke.stderr> for stderr output of this job.

