/sc/arion/projects/DiseaseGeneCell/Huang_lab_project/wangcDrugRepoProject/TRACE-Kin/training/train_trace_kin.py:508: FutureWarning: You are using `torch.load` with `weights_only=False` (the current default value), which uses the default pickle module implicitly. It is possible to construct malicious pickle data which will execute arbitrary code during unpickling (See https://github.com/pytorch/pytorch/blob/main/SECURITY.md#untrusted-models for more details). In a future release, the default value for `weights_only` will be flipped to `True`. This limits the functions that could be executed during unpickling. Arbitrary objects will no longer be allowed to be loaded via this mode unless they are explicitly allowlisted by the user via `torch.serialization.add_safe_globals`. We recommend you start setting `weights_only=True` for any use case where you don't have full control of the loaded file. Please open an issue on GitHub for any issues related to this experimental feature.
  protein_dict = torch.load(protein_path)
/sc/arion/projects/DiseaseGeneCell/Huang_lab_project/wangcDrugRepoProject/TRACE-Kin/training/train_trace_kin.py:551: FutureWarning: You are using `torch.load` with `weights_only=False` (the current default value), which uses the default pickle module implicitly. It is possible to construct malicious pickle data which will execute arbitrary code during unpickling (See https://github.com/pytorch/pytorch/blob/main/SECURITY.md#untrusted-models for more details). In a future release, the default value for `weights_only` will be flipped to `True`. This limits the functions that could be executed during unpickling. Arbitrary objects will no longer be allowed to be loaded via this mode unless they are explicitly allowlisted by the user via `torch.serialization.add_safe_globals`. We recommend you start setting `weights_only=True` for any use case where you don't have full control of the loaded file. Please open an issue on GitHub for any issues related to this experimental feature.
  ligand_dict = torch.load(ligand_path)
/sc/arion/projects/DiseaseGeneCell/Huang_lab_project/wangcDrugRepoProject/TRACE-Kin/training/train_trace_kin.py:788: FutureWarning: You are using `torch.load` with `weights_only=False` (the current default value), which uses the default pickle module implicitly. It is possible to construct malicious pickle data which will execute arbitrary code during unpickling (See https://github.com/pytorch/pytorch/blob/main/SECURITY.md#untrusted-models for more details). In a future release, the default value for `weights_only` will be flipped to `True`. This limits the functions that could be executed during unpickling. Arbitrary objects will no longer be allowed to be loaded via this mode unless they are explicitly allowlisted by the user via `torch.serialization.add_safe_globals`. We recommend you start setting `weights_only=True` for any use case where you don't have full control of the loaded file. Please open an issue on GitHub for any issues related to this experimental feature.
  degree_dict = torch.load(degree_path)
training:   0%|          | 0/307800 [00:00<?, ?it/s]training:   0%|          | 1/307800 [00:06<513:33:05,  6.01s/it]training:   0%|          | 2/307800 [00:09<384:37:20,  4.50s/it]training:   0%|          | 3/307800 [00:17<513:47:19,  6.01s/it]training:   0%|          | 4/307800 [00:19<399:20:21,  4.67s/it]training:   0%|          | 5/307800 [00:40<888:08:40, 10.39s/it]training:   0%|          | 6/307800 [00:45<739:55:59,  8.65s/it]training:   0%|          | 7/307800 [00:49<605:45:52,  7.09s/it]training:   0%|          | 8/307800 [00:51<468:24:35,  5.48s/it]training:   0%|          | 9/307800 [00:54<409:45:37,  4.79s/it]training:   0%|          | 10/307800 [00:57<348:34:35,  4.08s/it]training:   0%|          | 11/307800 [00:59<293:23:49,  3.43s/it]training:   0%|          | 12/307800 [01:02<281:18:51,  3.29s/it]training:   0%|          | 13/307800 [01:04<260:33:46,  3.05s/it]training:   0%|          | 14/307800 [01:07<244:42:41,  2.86s/it]training:   0%|          | 15/307800 [01:10<245:51:36,  2.88s/it]training:   0%|          | 16/307800 [01:14<290:28:51,  3.40s/it]training:   0%|          | 17/307800 [01:17<265:54:54,  3.11s/it]training:   0%|          | 18/307800 [01:19<247:57:16,  2.90s/it]Traceback (most recent call last):
  File "/sc/arion/projects/DiseaseGeneCell/Huang_lab_project/wangcDrugRepoProject/TRACE-Kin/training/train_trace_kin.py", line 893, in <module>
    main()
  File "/sc/arion/projects/DiseaseGeneCell/Huang_lab_project/wangcDrugRepoProject/TRACE-Kin/training/train_trace_kin.py", line 860, in main
    engine.train_epoch(
  File "/sc/arion/projects/DiseaseGeneCell/Huang_lab_project/wangcDrugRepoProject/TRACE-Kin/training/trainer.py", line 171, in train_epoch
    reg_pred, cls_pred, mcls_pred, sp_loss, o_loss, cl_loss, _ = self.model(
                                                                 ^^^^^^^^^^^
  File "/sc/arion/work/wangc40/test-env/envs/test/lib/python3.12/site-packages/torch/nn/modules/module.py", line 1736, in _wrapped_call_impl
    return self._call_impl(*args, **kwargs)
           ^^^^^^^^^^^^^^^^^^^^^^^^^^^^^^^^
  File "/sc/arion/work/wangc40/test-env/envs/test/lib/python3.12/site-packages/torch/nn/modules/module.py", line 1747, in _call_impl
    return forward_call(*args, **kwargs)
           ^^^^^^^^^^^^^^^^^^^^^^^^^^^^^
  File "/sc/arion/projects/DiseaseGeneCell/Huang_lab_project/wangcDrugRepoProject/TRACE-Kin/models/trace_kin/net_v5.py", line 396, in forward
    prot_h_dense = mamba_block(prot_h_dense)
                   ^^^^^^^^^^^^^^^^^^^^^^^^^
  File "/sc/arion/work/wangc40/test-env/envs/test/lib/python3.12/site-packages/torch/nn/modules/module.py", line 1736, in _wrapped_call_impl
    return self._call_impl(*args, **kwargs)
           ^^^^^^^^^^^^^^^^^^^^^^^^^^^^^^^^
  File "/sc/arion/work/wangc40/test-env/envs/test/lib/python3.12/site-packages/torch/nn/modules/module.py", line 1747, in _call_impl
    return forward_call(*args, **kwargs)
           ^^^^^^^^^^^^^^^^^^^^^^^^^^^^^
  File "/sc/arion/projects/DiseaseGeneCell/Huang_lab_project/wangcDrugRepoProject/TRACE-Kin/models/trace_kin/net_v5.py", line 148, in forward
    bwd_out = self._ssm_scan(x.flip(1), self.bwd_in_proj, self.bwd_conv,
              ^^^^^^^^^^^^^^^^^^^^^^^^^^^^^^^^^^^^^^^^^^^^^^^^^^^^^^^^^^
  File "/sc/arion/projects/DiseaseGeneCell/Huang_lab_project/wangcDrugRepoProject/TRACE-Kin/models/trace_kin/net_v5.py", line 135, in _ssm_scan
    h = dA * h + dB * x_t
        ~~~~~~~^~~~~~~~~~
torch.OutOfMemoryError: CUDA out of memory. Tried to allocate 2.00 MiB. GPU 0 has a total capacity of 79.18 GiB of which 2.94 MiB is free. Including non-PyTorch memory, this process has 79.17 GiB memory in use. Of the allocated memory 78.28 GiB is allocated by PyTorch, and 163.30 MiB is reserved by PyTorch but unallocated. If reserved but unallocated memory is large try setting PYTORCH_CUDA_ALLOC_CONF=expandable_segments:True to avoid fragmentation.  See documentation for Memory Management  (https://pytorch.org/docs/stable/notes/cuda.html#environment-variables)
training:   0%|          | 18/307800 [02:01<574:48:05,  6.72s/it]
