Sender: LSF System <lsfadmin@lg03e13>
Subject: Job 242906675[5]: <trace_kin_v4_perfolder_s2[1-10]> in cluster <chimera> Done

Job <trace_kin_v4_perfolder_s2[1-10]> was submitted from host <li04e01> by user <wangc40> in cluster <chimera> at Mon May 11 00:07:35 2026
Job was executed on host(s) <16*lg03e13>, in queue <gpu>, as user <wangc40> in cluster <chimera> at Mon May 11 02:54:50 2026
</hpc/users/wangc40> was used as the home directory.
</sc/arion/projects/DiseaseGeneCell/Huang_lab_project/wangcDrugRepoProject/TRACE-Kin> was used as the working directory.
Started at Mon May 11 02:54:50 2026
Terminated at Mon May 11 05:27:55 2026
Results reported at Mon May 11 05:27:55 2026

Your job looked like:

------------------------------------------------------------
# LSBATCH: User input
#!/bin/bash
#BSUB -J trace_kin_v4_perfolder_s2[1-10]
#BSUB -P acc_DiseaseGeneCell
#BSUB -q gpu
#BSUB -R h100nvl
#BSUB -gpu num=1
#BSUB -n 16
#BSUB -R "rusage[mem=15000]"
#BSUB -R "span[hosts=1]"
#BSUB -W 48:00
#BSUB -o %J.%I.stdout
#BSUB -eo %J.%I.stderr
#BSUB -L /bin/bash

# =============================================================================
# TRACE-Kin v4 (MAP-GNN) PER-FOLDER + MutaPLM — top-10 RF-gap cells
# =============================================================================
# Submit with:
#     bsub < training/run_v4_perfolder_s1.lsf
#
# v4 = MAP-GNN: v1 GNN backbone + per-residue novelty score + pocket
# attention pool + MoLFormer-XL molecular context residual (preserved
# from v3). Unlike earlier versions, every cell uses MutaPLM as the
# protein embedding (the entire mutation-aware story rests on
# MutaPLM's residue-level mutation sensitivity), instead of the
# per-cell best-RF-baseline embedding.
#
# Per-residue novelty:
#   novelty[r] = ||MutaPLM[r] - aa_typical_mean[aa[r]]|| / aa_typical_std[aa[r]]
# where aa_typical statistics are precomputed once over the training
# corpus and cached at <datafolder>/aa_typical.pt. Mutations stand
# out because their MutaPLM vector deviates from the typical
# embedding for the residue's amino acid type — no explicit (WT,
# mutant) labels needed.
#
# Pocket attention:
#   pocket_logit[r] = MLP([MutaPLM[r], novelty[r], degree(r)])
#   pocket_weight[r] = softmax(pocket_logit) over r in same protein
#   prot_pool = sum_r (pocket_weight[r] * residue_h[r])
#
# Cells: same 10 as v3 (largest historical PSICHIC-vs-RF gap).
# Embedding source forced to MUTAPLM regardless of the per-cell
# best-RF choice in the historical benchmark.
#
# Outputs land under TRACE_Kin_Results_v4_mapgnn/<dataset>/<task_name>/
# so they don't collide with prior v3 trees.
# =============================================================================

# --- Environment -------------------------------------------------------------
ml purge

(... more ...)
------------------------------------------------------------

Successfully completed.

Resource usage summary:

    CPU time :                                   10486.00 sec.
    Max Memory :                                 56279 MB
    Average Memory :                             53382.50 MB
    Total Requested Memory :                     240000.00 MB
    Delta Memory :                               183721.00 MB
    Max Swap :                                   -
    Max Processes :                              4
    Max Threads :                                25
    Run time :                                   9185 sec.
    Turnaround time :                            19220 sec.

The output (if any) follows:

==========================================
TRACE-Kin v4 (MAP-GNN) PER-FOLDER task 5/10
==========================================
Date:        Mon May 11 02:54:54 EDT 2026
Dataset:     /sc/arion/projects/DiseaseGeneCell/Huang_lab_project/drug_discovery/output/data/enzyme_embeddings_dataset/EITLEM_dataset/EITLEM_kcat_MUTAPLM_embedding_cold_drug
Result:      /sc/arion/projects/DiseaseGeneCell/Huang_lab_project/wangcDrugRepoProject/TRACE_Kin_Results_v4_mapgnn/EITLEM_dataset/EITLEM_kcat_MUTAPLM_embedding_cold_drug
Config:      training/config_v4.json
MoLFormer:   /sc/arion/projects/DiseaseGeneCell/Huang_lab_project/wangcDrugRepoProject/transformersmodels/ibm/MoLFormer-XL-both-10pct
Pool CSVs:   (none — per-folder)
Model:       v4 MAP-GNN (per-folder, no pool, MUTAPLM + novelty + pocket attn + MoLFormer ctx)
Epochs:      50, batch=16, seed=2, lr=1e-4
==========================================
Python 3.12.2
Python: /sc/arion/work/wangc40/test-env/envs/test/bin/python
CUDA device: NVIDIA H100 80GB HBM3, sm_90
============================================================
TRACE-Kin training
============================================================
Datafolder:        /sc/arion/projects/DiseaseGeneCell/Huang_lab_project/drug_discovery/output/data/enzyme_embeddings_dataset/EITLEM_dataset/EITLEM_kcat_MUTAPLM_embedding_cold_drug
Result path:       /sc/arion/projects/DiseaseGeneCell/Huang_lab_project/wangcDrugRepoProject/TRACE_Kin_Results_v4_mapgnn/EITLEM_dataset/EITLEM_kcat_MUTAPLM_embedding_cold_drug
Config:            training/config_v4.json
Pool train CSVs:   (none)
============================================================
[mem] before load_split_dataframes             max RSS = 0.59 GB
Loading primary train: /sc/arion/projects/DiseaseGeneCell/Huang_lab_project/drug_discovery/output/data/enzyme_embeddings_dataset/EITLEM_dataset/EITLEM_kcat_MUTAPLM_embedding_cold_drug/train.parquet
Loading primary test: /sc/arion/projects/DiseaseGeneCell/Huang_lab_project/drug_discovery/output/data/enzyme_embeddings_dataset/EITLEM_dataset/EITLEM_kcat_MUTAPLM_embedding_cold_drug/test.parquet
Loading primary val: /sc/arion/projects/DiseaseGeneCell/Huang_lab_project/drug_discovery/output/data/enzyme_embeddings_dataset/EITLEM_dataset/EITLEM_kcat_MUTAPLM_embedding_cold_drug/val.parquet
Detected prot_evo_channels = 4096
seq2feat: 15109 unique sequences.
Loading MoLFormer-XL from /sc/arion/projects/DiseaseGeneCell/Huang_lab_project/wangcDrugRepoProject/transformersmodels/ibm/MoLFormer-XL-both-10pct
Computing MoLFormer embeddings for 6170 unique SMILES (batch_size=64)
  embedded 64/6170
  embedded 1344/6170
  embedded 2624/6170
  embedded 3904/6170
  embedded 5184/6170
Saved MoLFormer cache: /sc/arion/projects/DiseaseGeneCell/Huang_lab_project/drug_discovery/output/data/enzyme_embeddings_dataset/EITLEM_dataset/EITLEM_kcat_MUTAPLM_embedding_cold_drug/molformer_emb.pt (6170 SMILES)
MoLFormer embeddings: 6170 unique SMILES, dim=768
[mem] after load_split_dataframes              max RSS = 3.68 GB
model_version: v4, use_swa: False
Building protein graphs from scratch (this can be slow)...
U, B, O, or 0 in Sequence
U, B, O, or 0 in Sequence
U, B, O, or 0 in Sequence
U, B, O, or 0 in Sequence
U, B, O, or 0 in Sequence
U, B, O, or 0 in Sequence
U, B, O, or 0 in Sequence
U, B, O, or 0 in Sequence
U, B, O, or 0 in Sequence
U, B, O, or 0 in Sequence
U, B, O, or 0 in Sequence
U, B, O, or 0 in Sequence
Computing aa_typical from 15109 proteins...
  23 amino acid types observed; saving cache to /sc/arion/projects/DiseaseGeneCell/Huang_lab_project/drug_discovery/output/data/enzyme_embeddings_dataset/EITLEM_dataset/EITLEM_kcat_MUTAPLM_embedding_cold_drug/aa_typical.pt
  aa_typical buffers: means/stds shape (24, 4096), 23 known + 1 unknown AA slot
Building ligand graphs from scratch...
[mem] after preprocess                         max RSS = 54.48 GB
[mem] after free seq2feat/smi2chembert         max RSS = 54.48 GB
loaders ready: train=1548 test=453 val=197
[mem] after make_loaders                       max RSS = 54.48 GB
Computing PNA degrees from training data...
Built TraceKinV4 with 7,494,323 parameters
[LR schedule] schedule_lr=False, lrate=0.0001, min_lrate=0, warmup_iters=0, lr_decay_iters=77400, total_iters=77400
Not in terminal, reprint now using normal build-in print function.
                              
                              
----------------------------------------
Epoch 001 with LR 0.000100: Model Results
----------------------------------------
Train MSE Loss: 1.9636, Train CLS Loss: 0.0000, Train MCLS Loss: 0.0000
Protein Cluster Region Loss - Ortho Loss: 0.0000, Cluster Loss: 0.0000
                              
Validation Results: {
    "ci": 0.644,
    "classification_loss": 0.0,
    "cluster_loss": 0.0,
    "mae": 1.1954,
    "mse": 2.3777,
    "multiclassification_loss": 0.0,
    "ortho_loss": 0.0,
    "pearson": 0.4091,
    "regression_loss": 2.3754,
    "rm2": 0.1441,
    "rmse": 1.542,
    "sd": 1.4735,
    "spearman": 0.4226,
    "spectral_loss": 0.0
}
                              
Test Results: {
    "ci": 0.6442,
    "classification_loss": 0.0,
    "cluster_loss": 0.0,
    "mae": 1.0983,
    "mse": 1.9634,
    "multiclassification_loss": 0.0,
    "ortho_loss": 0.0,
    "pearson": 0.4121,
    "regression_loss": 1.9613,
    "rm2": 0.1505,
    "rmse": 1.4012,
    "sd": 1.3567,
    "spearman": 0.4215,
    "spectral_loss": 0.0
}
                              
                              
----------------------------------------
Epoch 002 with LR 0.000100: Model Results
----------------------------------------
Train MSE Loss: 1.5222, Train CLS Loss: 0.0000, Train MCLS Loss: 0.0000
Protein Cluster Region Loss - Ortho Loss: 0.0000, Cluster Loss: 0.0000
                              
Validation Results: {
    "ci": 0.6819,
    "classification_loss": 0.0,
    "cluster_loss": 0.0,
    "mae": 1.036,
    "mse": 1.9678,
    "multiclassification_loss": 0.0,
    "ortho_loss": 0.0,
    "pearson": 0.4983,
    "regression_loss": 1.97,
    "rm2": 0.2461,
    "rmse": 1.4028,
    "sd": 1.4,
    "spearman": 0.5178,
    "spectral_loss": 0.0
}
                              
Test Results: {
    "ci": 0.6777,
    "classification_loss": 0.0,
    "cluster_loss": 0.0,
    "mae": 0.9843,
    "mse": 1.6884,
    "multiclassification_loss": 0.0,
    "ortho_loss": 0.0,
    "pearson": 0.5064,
    "regression_loss": 1.6867,
    "rm2": 0.2459,
    "rmse": 1.2994,
    "sd": 1.284,
    "spearman": 0.5082,
    "spectral_loss": 0.0
}
                              
                              
----------------------------------------
Epoch 003 with LR 0.000100: Model Results
----------------------------------------
Train MSE Loss: 1.2509, Train CLS Loss: 0.0000, Train MCLS Loss: 0.0000
Protein Cluster Region Loss - Ortho Loss: 0.0000, Cluster Loss: 0.0000
                              
Validation Results: {
    "ci": 0.6979,
    "classification_loss": 0.0,
    "cluster_loss": 0.0,
    "mae": 1.0105,
    "mse": 1.8695,
    "multiclassification_loss": 0.0,
    "ortho_loss": 0.0,
    "pearson": 0.5368,
    "regression_loss": 1.8715,
    "rm2": 0.2731,
    "rmse": 1.3673,
    "sd": 1.3624,
    "spearman": 0.5572,
    "spectral_loss": 0.0
}
                              
Test Results: {
    "ci": 0.702,
    "classification_loss": 0.0,
    "cluster_loss": 0.0,
    "mae": 0.9237,
    "mse": 1.5217,
    "multiclassification_loss": 0.0,
    "ortho_loss": 0.0,
    "pearson": 0.5613,
    "regression_loss": 1.5202,
    "rm2": 0.3132,
    "rmse": 1.2336,
    "sd": 1.2323,
    "spearman": 0.5649,
    "spectral_loss": 0.0
}
                              
                              
----------------------------------------
Epoch 004 with LR 0.000100: Model Results
----------------------------------------
Train MSE Loss: 1.0912, Train CLS Loss: 0.0000, Train MCLS Loss: 0.0000
Protein Cluster Region Loss - Ortho Loss: 0.0000, Cluster Loss: 0.0000
                              
Validation Results: {
    "ci": 0.7047,
    "classification_loss": 0.0,
    "cluster_loss": 0.0,
    "mae": 1.007,
    "mse": 1.8857,
    "multiclassification_loss": 0.0,
    "ortho_loss": 0.0,
    "pearson": 0.5476,
    "regression_loss": 1.8865,
    "rm2": 0.2653,
    "rmse": 1.3732,
    "sd": 1.3512,
    "spearman": 0.57,
    "spectral_loss": 0.0
}
                              
Test Results: {
    "ci": 0.702,
    "classification_loss": 0.0,
    "cluster_loss": 0.0,
    "mae": 0.9237,
    "mse": 1.5217,
    "multiclassification_loss": 0.0,
    "ortho_loss": 0.0,
    "pearson": 0.5613,
    "regression_loss": 1.5202,
    "rm2": 0.3132,
    "rmse": 1.2336,
    "sd": 1.2323,
    "spearman": 0.5649,
    "spectral_loss": 0.0
}
                              
                              
----------------------------------------
Epoch 005 with LR 0.000100: Model Results
----------------------------------------
Train MSE Loss: 0.9993, Train CLS Loss: 0.0000, Train MCLS Loss: 0.0000
Protein Cluster Region Loss - Ortho Loss: 0.0000, Cluster Loss: 0.0000
                              
Validation Results: {
    "ci": 0.7142,
    "classification_loss": 0.0,
    "cluster_loss": 0.0,
    "mae": 0.9895,
    "mse": 1.8151,
    "multiclassification_loss": 0.0,
    "ortho_loss": 0.0,
    "pearson": 0.5571,
    "regression_loss": 1.8193,
    "rm2": 0.2952,
    "rmse": 1.3472,
    "sd": 1.341,
    "spearman": 0.5931,
    "spectral_loss": 0.0
}
                              
Test Results: {
    "ci": 0.7165,
    "classification_loss": 0.0,
    "cluster_loss": 0.0,
    "mae": 0.9115,
    "mse": 1.4864,
    "multiclassification_loss": 0.0,
    "ortho_loss": 0.0,
    "pearson": 0.5902,
    "regression_loss": 1.4855,
    "rm2": 0.309,
    "rmse": 1.2192,
    "sd": 1.2021,
    "spearman": 0.5993,
    "spectral_loss": 0.0
}
                              
                              
----------------------------------------
Epoch 006 with LR 0.000100: Model Results
----------------------------------------
Train MSE Loss: 0.9229, Train CLS Loss: 0.0000, Train MCLS Loss: 0.0000
Protein Cluster Region Loss - Ortho Loss: 0.0000, Cluster Loss: 0.0000
                              
Validation Results: {
    "ci": 0.7198,
    "classification_loss": 0.0,
    "cluster_loss": 0.0,
    "mae": 0.9585,
    "mse": 1.7544,
    "multiclassification_loss": 0.0,
    "ortho_loss": 0.0,
    "pearson": 0.587,
    "regression_loss": 1.7587,
    "rm2": 0.3214,
    "rmse": 1.3246,
    "sd": 1.3073,
    "spearman": 0.6074,
    "spectral_loss": 0.0
}
                              
Test Results: {
    "ci": 0.7242,
    "classification_loss": 0.0,
    "cluster_loss": 0.0,
    "mae": 0.8822,
    "mse": 1.4362,
    "multiclassification_loss": 0.0,
    "ortho_loss": 0.0,
    "pearson": 0.6143,
    "regression_loss": 1.4364,
    "rm2": 0.3702,
    "rmse": 1.1984,
    "sd": 1.175,
    "spearman": 0.6173,
    "spectral_loss": 0.0
}
                              
                              
----------------------------------------
Epoch 007 with LR 0.000100: Model Results
----------------------------------------
Train MSE Loss: 0.8680, Train CLS Loss: 0.0000, Train MCLS Loss: 0.0000
Protein Cluster Region Loss - Ortho Loss: 0.0000, Cluster Loss: 0.0000
                              
Validation Results: {
    "ci": 0.7205,
    "classification_loss": 0.0,
    "cluster_loss": 0.0,
    "mae": 0.9701,
    "mse": 1.7477,
    "multiclassification_loss": 0.0,
    "ortho_loss": 0.0,
    "pearson": 0.5942,
    "regression_loss": 1.7493,
    "rm2": 0.3172,
    "rmse": 1.322,
    "sd": 1.2988,
    "spearman": 0.6094,
    "spectral_loss": 0.0
}
                              
Test Results: {
    "ci": 0.7194,
    "classification_loss": 0.0,
    "cluster_loss": 0.0,
    "mae": 0.9018,
    "mse": 1.4711,
    "multiclassification_loss": 0.0,
    "ortho_loss": 0.0,
    "pearson": 0.605,
    "regression_loss": 1.4725,
    "rm2": 0.3433,
    "rmse": 1.2129,
    "sd": 1.1856,
    "spearman": 0.6064,
    "spectral_loss": 0.0
}
                              
                              
----------------------------------------
Epoch 008 with LR 0.000100: Model Results
----------------------------------------
Train MSE Loss: 0.8272, Train CLS Loss: 0.0000, Train MCLS Loss: 0.0000
Protein Cluster Region Loss - Ortho Loss: 0.0000, Cluster Loss: 0.0000
                              
Validation Results: {
    "ci": 0.7213,
    "classification_loss": 0.0,
    "cluster_loss": 0.0,
    "mae": 0.9449,
    "mse": 1.7036,
    "multiclassification_loss": 0.0,
    "ortho_loss": 0.0,
    "pearson": 0.5962,
    "regression_loss": 1.7049,
    "rm2": 0.3306,
    "rmse": 1.3052,
    "sd": 1.2963,
    "spearman": 0.6115,
    "spectral_loss": 0.0
}
                              
Test Results: {
    "ci": 0.7214,
    "classification_loss": 0.0,
    "cluster_loss": 0.0,
    "mae": 0.8757,
    "mse": 1.4053,
    "multiclassification_loss": 0.0,
    "ortho_loss": 0.0,
    "pearson": 0.6138,
    "regression_loss": 1.4069,
    "rm2": 0.3729,
    "rmse": 1.1855,
    "sd": 1.1755,
    "spearman": 0.6105,
    "spectral_loss": 0.0
}
                              
                              
----------------------------------------
Epoch 009 with LR 0.000100: Model Results
----------------------------------------
Train MSE Loss: 0.7875, Train CLS Loss: 0.0000, Train MCLS Loss: 0.0000
Protein Cluster Region Loss - Ortho Loss: 0.0000, Cluster Loss: 0.0000
                              
Validation Results: {
    "ci": 0.7192,
    "classification_loss": 0.0,
    "cluster_loss": 0.0,
    "mae": 0.9442,
    "mse": 1.7511,
    "multiclassification_loss": 0.0,
    "ortho_loss": 0.0,
    "pearson": 0.5881,
    "regression_loss": 1.7533,
    "rm2": 0.3274,
    "rmse": 1.3233,
    "sd": 1.306,
    "spearman": 0.6026,
    "spectral_loss": 0.0
}
                              
Test Results: {
    "ci": 0.7214,
    "classification_loss": 0.0,
    "cluster_loss": 0.0,
    "mae": 0.8757,
    "mse": 1.4053,
    "multiclassification_loss": 0.0,
    "ortho_loss": 0.0,
    "pearson": 0.6138,
    "regression_loss": 1.4069,
    "rm2": 0.3729,
    "rmse": 1.1855,
    "sd": 1.1755,
    "spearman": 0.6105,
    "spectral_loss": 0.0
}
                              
                              
----------------------------------------
Epoch 010 with LR 0.000100: Model Results
----------------------------------------
Train MSE Loss: 0.7660, Train CLS Loss: 0.0000, Train MCLS Loss: 0.0000
Protein Cluster Region Loss - Ortho Loss: 0.0000, Cluster Loss: 0.0000
                              
Validation Results: {
    "ci": 0.7287,
    "classification_loss": 0.0,
    "cluster_loss": 0.0,
    "mae": 0.9314,
    "mse": 1.6763,
    "multiclassification_loss": 0.0,
    "ortho_loss": 0.0,
    "pearson": 0.6132,
    "regression_loss": 1.6784,
    "rm2": 0.3435,
    "rmse": 1.2947,
    "sd": 1.2755,
    "spearman": 0.6243,
    "spectral_loss": 0.0
}
                              
Test Results: {
    "ci": 0.7281,
    "classification_loss": 0.0,
    "cluster_loss": 0.0,
    "mae": 0.8656,
    "mse": 1.4051,
    "multiclassification_loss": 0.0,
    "ortho_loss": 0.0,
    "pearson": 0.6251,
    "regression_loss": 1.41,
    "rm2": 0.3761,
    "rmse": 1.1854,
    "sd": 1.1623,
    "spearman": 0.6229,
    "spectral_loss": 0.0
}
                              
                              
----------------------------------------
Epoch 011 with LR 0.000100: Model Results
----------------------------------------
Train MSE Loss: 0.7418, Train CLS Loss: 0.0000, Train MCLS Loss: 0.0000
Protein Cluster Region Loss - Ortho Loss: 0.0000, Cluster Loss: 0.0000
                              
Validation Results: {
    "ci": 0.7249,
    "classification_loss": 0.0,
    "cluster_loss": 0.0,
    "mae": 0.9303,
    "mse": 1.6895,
    "multiclassification_loss": 0.0,
    "ortho_loss": 0.0,
    "pearson": 0.6048,
    "regression_loss": 1.6914,
    "rm2": 0.3486,
    "rmse": 1.2998,
    "sd": 1.286,
    "spearman": 0.614,
    "spectral_loss": 0.0
}
                              
Test Results: {
    "ci": 0.7281,
    "classification_loss": 0.0,
    "cluster_loss": 0.0,
    "mae": 0.8656,
    "mse": 1.4051,
    "multiclassification_loss": 0.0,
    "ortho_loss": 0.0,
    "pearson": 0.6251,
    "regression_loss": 1.41,
    "rm2": 0.3761,
    "rmse": 1.1854,
    "sd": 1.1623,
    "spearman": 0.6229,
    "spectral_loss": 0.0
}
                              
                              
----------------------------------------
Epoch 012 with LR 0.000100: Model Results
----------------------------------------
Train MSE Loss: 0.7216, Train CLS Loss: 0.0000, Train MCLS Loss: 0.0000
Protein Cluster Region Loss - Ortho Loss: 0.0000, Cluster Loss: 0.0000
                              
Validation Results: {
    "ci": 0.7241,
    "classification_loss": 0.0,
    "cluster_loss": 0.0,
    "mae": 0.9329,
    "mse": 1.6781,
    "multiclassification_loss": 0.0,
    "ortho_loss": 0.0,
    "pearson": 0.6098,
    "regression_loss": 1.6811,
    "rm2": 0.3462,
    "rmse": 1.2954,
    "sd": 1.2798,
    "spearman": 0.6152,
    "spectral_loss": 0.0
}
                              
Test Results: {
    "ci": 0.7281,
    "classification_loss": 0.0,
    "cluster_loss": 0.0,
    "mae": 0.8656,
    "mse": 1.4051,
    "multiclassification_loss": 0.0,
    "ortho_loss": 0.0,
    "pearson": 0.6251,
    "regression_loss": 1.41,
    "rm2": 0.3761,
    "rmse": 1.1854,
    "sd": 1.1623,
    "spearman": 0.6229,
    "spectral_loss": 0.0
}
                              
                              
----------------------------------------
Epoch 013 with LR 0.000100: Model Results
----------------------------------------
Train MSE Loss: 0.7083, Train CLS Loss: 0.0000, Train MCLS Loss: 0.0000
Protein Cluster Region Loss - Ortho Loss: 0.0000, Cluster Loss: 0.0000
                              
Validation Results: {
    "ci": 0.7332,
    "classification_loss": 0.0,
    "cluster_loss": 0.0,
    "mae": 0.9213,
    "mse": 1.6502,
    "multiclassification_loss": 0.0,
    "ortho_loss": 0.0,
    "pearson": 0.6197,
    "regression_loss": 1.6521,
    "rm2": 0.3598,
    "rmse": 1.2846,
    "sd": 1.2673,
    "spearman": 0.6375,
    "spectral_loss": 0.0
}
                              
Test Results: {
    "ci": 0.7323,
    "classification_loss": 0.0,
    "cluster_loss": 0.0,
    "mae": 0.854,
    "mse": 1.3982,
    "multiclassification_loss": 0.0,
    "ortho_loss": 0.0,
    "pearson": 0.6295,
    "regression_loss": 1.4055,
    "rm2": 0.3914,
    "rmse": 1.1824,
    "sd": 1.157,
    "spearman": 0.6337,
    "spectral_loss": 0.0
}
                              
                              
----------------------------------------
Epoch 014 with LR 0.000100: Model Results
----------------------------------------
Train MSE Loss: 0.6895, Train CLS Loss: 0.0000, Train MCLS Loss: 0.0000
Protein Cluster Region Loss - Ortho Loss: 0.0000, Cluster Loss: 0.0000
                              
Validation Results: {
    "ci": 0.7274,
    "classification_loss": 0.0,
    "cluster_loss": 0.0,
    "mae": 0.9151,
    "mse": 1.65,
    "multiclassification_loss": 0.0,
    "ortho_loss": 0.0,
    "pearson": 0.615,
    "regression_loss": 1.6519,
    "rm2": 0.3578,
    "rmse": 1.2845,
    "sd": 1.2733,
    "spearman": 0.6228,
    "spectral_loss": 0.0
}
                              
Test Results: {
    "ci": 0.7296,
    "classification_loss": 0.0,
    "cluster_loss": 0.0,
    "mae": 0.8503,
    "mse": 1.3765,
    "multiclassification_loss": 0.0,
    "ortho_loss": 0.0,
    "pearson": 0.631,
    "regression_loss": 1.3814,
    "rm2": 0.3938,
    "rmse": 1.1732,
    "sd": 1.1552,
    "spearman": 0.6274,
    "spectral_loss": 0.0
}
                              
                              
----------------------------------------
Epoch 015 with LR 0.000100: Model Results
----------------------------------------
Train MSE Loss: 0.6810, Train CLS Loss: 0.0000, Train MCLS Loss: 0.0000
Protein Cluster Region Loss - Ortho Loss: 0.0000, Cluster Loss: 0.0000
                              
Validation Results: {
    "ci": 0.7282,
    "classification_loss": 0.0,
    "cluster_loss": 0.0,
    "mae": 0.9167,
    "mse": 1.6663,
    "multiclassification_loss": 0.0,
    "ortho_loss": 0.0,
    "pearson": 0.6125,
    "regression_loss": 1.6683,
    "rm2": 0.3547,
    "rmse": 1.2909,
    "sd": 1.2764,
    "spearman": 0.6226,
    "spectral_loss": 0.0
}
                              
Test Results: {
    "ci": 0.7296,
    "classification_loss": 0.0,
    "cluster_loss": 0.0,
    "mae": 0.8503,
    "mse": 1.3765,
    "multiclassification_loss": 0.0,
    "ortho_loss": 0.0,
    "pearson": 0.631,
    "regression_loss": 1.3814,
    "rm2": 0.3938,
    "rmse": 1.1732,
    "sd": 1.1552,
    "spearman": 0.6274,
    "spectral_loss": 0.0
}
                              
                              
----------------------------------------
Epoch 016 with LR 0.000100: Model Results
----------------------------------------
Train MSE Loss: 0.6612, Train CLS Loss: 0.0000, Train MCLS Loss: 0.0000
Protein Cluster Region Loss - Ortho Loss: 0.0000, Cluster Loss: 0.0000
                              
Validation Results: {
    "ci": 0.7247,
    "classification_loss": 0.0,
    "cluster_loss": 0.0,
    "mae": 0.9158,
    "mse": 1.6871,
    "multiclassification_loss": 0.0,
    "ortho_loss": 0.0,
    "pearson": 0.601,
    "regression_loss": 1.6901,
    "rm2": 0.3571,
    "rmse": 1.2989,
    "sd": 1.2906,
    "spearman": 0.6134,
    "spectral_loss": 0.0
}
                              
Test Results: {
    "ci": 0.7296,
    "classification_loss": 0.0,
    "cluster_loss": 0.0,
    "mae": 0.8503,
    "mse": 1.3765,
    "multiclassification_loss": 0.0,
    "ortho_loss": 0.0,
    "pearson": 0.631,
    "regression_loss": 1.3814,
    "rm2": 0.3938,
    "rmse": 1.1732,
    "sd": 1.1552,
    "spearman": 0.6274,
    "spectral_loss": 0.0
}
                              
                              
----------------------------------------
Epoch 017 with LR 0.000100: Model Results
----------------------------------------
Train MSE Loss: 0.6510, Train CLS Loss: 0.0000, Train MCLS Loss: 0.0000
Protein Cluster Region Loss - Ortho Loss: 0.0000, Cluster Loss: 0.0000
                              
Validation Results: {
    "ci": 0.7251,
    "classification_loss": 0.0,
    "cluster_loss": 0.0,
    "mae": 0.9125,
    "mse": 1.6553,
    "multiclassification_loss": 0.0,
    "ortho_loss": 0.0,
    "pearson": 0.6087,
    "regression_loss": 1.6588,
    "rm2": 0.3628,
    "rmse": 1.2866,
    "sd": 1.2811,
    "spearman": 0.6164,
    "spectral_loss": 0.0
}
                              
Test Results: {
    "ci": 0.7296,
    "classification_loss": 0.0,
    "cluster_loss": 0.0,
    "mae": 0.8503,
    "mse": 1.3765,
    "multiclassification_loss": 0.0,
    "ortho_loss": 0.0,
    "pearson": 0.631,
    "regression_loss": 1.3814,
    "rm2": 0.3938,
    "rmse": 1.1732,
    "sd": 1.1552,
    "spearman": 0.6274,
    "spectral_loss": 0.0
}
                              
                              
----------------------------------------
Epoch 018 with LR 0.000100: Model Results
----------------------------------------
Train MSE Loss: 0.6418, Train CLS Loss: 0.0000, Train MCLS Loss: 0.0000
Protein Cluster Region Loss - Ortho Loss: 0.0000, Cluster Loss: 0.0000
                              
Validation Results: {
    "ci": 0.7248,
    "classification_loss": 0.0,
    "cluster_loss": 0.0,
    "mae": 0.9278,
    "mse": 1.677,
    "multiclassification_loss": 0.0,
    "ortho_loss": 0.0,
    "pearson": 0.604,
    "regression_loss": 1.6795,
    "rm2": 0.3446,
    "rmse": 1.295,
    "sd": 1.287,
    "spearman": 0.617,
    "spectral_loss": 0.0
}
                              
Test Results: {
    "ci": 0.7296,
    "classification_loss": 0.0,
    "cluster_loss": 0.0,
    "mae": 0.8503,
    "mse": 1.3765,
    "multiclassification_loss": 0.0,
    "ortho_loss": 0.0,
    "pearson": 0.631,
    "regression_loss": 1.3814,
    "rm2": 0.3938,
    "rmse": 1.1732,
    "sd": 1.1552,
    "spearman": 0.6274,
    "spectral_loss": 0.0
}
                              
                              
----------------------------------------
Epoch 019 with LR 0.000100: Model Results
----------------------------------------
Train MSE Loss: 0.6283, Train CLS Loss: 0.0000, Train MCLS Loss: 0.0000
Protein Cluster Region Loss - Ortho Loss: 0.0000, Cluster Loss: 0.0000
                              
Validation Results: {
    "ci": 0.7255,
    "classification_loss": 0.0,
    "cluster_loss": 0.0,
    "mae": 0.9611,
    "mse": 1.7965,
    "multiclassification_loss": 0.0,
    "ortho_loss": 0.0,
    "pearson": 0.5967,
    "regression_loss": 1.7982,
    "rm2": 0.3156,
    "rmse": 1.3403,
    "sd": 1.2957,
    "spearman": 0.6188,
    "spectral_loss": 0.0
}
                              
Test Results: {
    "ci": 0.7296,
    "classification_loss": 0.0,
    "cluster_loss": 0.0,
    "mae": 0.8503,
    "mse": 1.3765,
    "multiclassification_loss": 0.0,
    "ortho_loss": 0.0,
    "pearson": 0.631,
    "regression_loss": 1.3814,
    "rm2": 0.3938,
    "rmse": 1.1732,
    "sd": 1.1552,
    "spearman": 0.6274,
    "spectral_loss": 0.0
}
                              
                              
----------------------------------------
Epoch 020 with LR 0.000100: Model Results
----------------------------------------
Train MSE Loss: 0.6241, Train CLS Loss: 0.0000, Train MCLS Loss: 0.0000
Protein Cluster Region Loss - Ortho Loss: 0.0000, Cluster Loss: 0.0000
                              
Validation Results: {
    "ci": 0.7266,
    "classification_loss": 0.0,
    "cluster_loss": 0.0,
    "mae": 0.9119,
    "mse": 1.6574,
    "multiclassification_loss": 0.0,
    "ortho_loss": 0.0,
    "pearson": 0.6079,
    "regression_loss": 1.6604,
    "rm2": 0.3598,
    "rmse": 1.2874,
    "sd": 1.2822,
    "spearman": 0.6178,
    "spectral_loss": 0.0
}
                              
Test Results: {
    "ci": 0.7296,
    "classification_loss": 0.0,
    "cluster_loss": 0.0,
    "mae": 0.8503,
    "mse": 1.3765,
    "multiclassification_loss": 0.0,
    "ortho_loss": 0.0,
    "pearson": 0.631,
    "regression_loss": 1.3814,
    "rm2": 0.3938,
    "rmse": 1.1732,
    "sd": 1.1552,
    "spearman": 0.6274,
    "spectral_loss": 0.0
}
                              
                              
----------------------------------------
Epoch 021 with LR 0.000100: Model Results
----------------------------------------
Train MSE Loss: 0.6121, Train CLS Loss: 0.0000, Train MCLS Loss: 0.0000
Protein Cluster Region Loss - Ortho Loss: 0.0000, Cluster Loss: 0.0000
                              
Validation Results: {
    "ci": 0.7297,
    "classification_loss": 0.0,
    "cluster_loss": 0.0,
    "mae": 0.9179,
    "mse": 1.6921,
    "multiclassification_loss": 0.0,
    "ortho_loss": 0.0,
    "pearson": 0.6116,
    "regression_loss": 1.6937,
    "rm2": 0.3408,
    "rmse": 1.3008,
    "sd": 1.2776,
    "spearman": 0.6265,
    "spectral_loss": 0.0
}
                              
Test Results: {
    "ci": 0.7296,
    "classification_loss": 0.0,
    "cluster_loss": 0.0,
    "mae": 0.8503,
    "mse": 1.3765,
    "multiclassification_loss": 0.0,
    "ortho_loss": 0.0,
    "pearson": 0.631,
    "regression_loss": 1.3814,
    "rm2": 0.3938,
    "rmse": 1.1732,
    "sd": 1.1552,
    "spearman": 0.6274,
    "spectral_loss": 0.0
}
                              
                              
----------------------------------------
Epoch 022 with LR 0.000100: Model Results
----------------------------------------
Train MSE Loss: 0.6053, Train CLS Loss: 0.0000, Train MCLS Loss: 0.0000
Protein Cluster Region Loss - Ortho Loss: 0.0000, Cluster Loss: 0.0000
                              
Validation Results: {
    "ci": 0.7286,
    "classification_loss": 0.0,
    "cluster_loss": 0.0,
    "mae": 0.9251,
    "mse": 1.71,
    "multiclassification_loss": 0.0,
    "ortho_loss": 0.0,
    "pearson": 0.613,
    "regression_loss": 1.712,
    "rm2": 0.3467,
    "rmse": 1.3077,
    "sd": 1.2758,
    "spearman": 0.6225,
    "spectral_loss": 0.0
}
                              
Test Results: {
    "ci": 0.7296,
    "classification_loss": 0.0,
    "cluster_loss": 0.0,
    "mae": 0.8503,
    "mse": 1.3765,
    "multiclassification_loss": 0.0,
    "ortho_loss": 0.0,
    "pearson": 0.631,
    "regression_loss": 1.3814,
    "rm2": 0.3938,
    "rmse": 1.1732,
    "sd": 1.1552,
    "spearman": 0.6274,
    "spectral_loss": 0.0
}
                              
                              
----------------------------------------
Epoch 023 with LR 0.000100: Model Results
----------------------------------------
Train MSE Loss: 0.5938, Train CLS Loss: 0.0000, Train MCLS Loss: 0.0000
Protein Cluster Region Loss - Ortho Loss: 0.0000, Cluster Loss: 0.0000
                              
Validation Results: {
    "ci": 0.7285,
    "classification_loss": 0.0,
    "cluster_loss": 0.0,
    "mae": 0.9287,
    "mse": 1.7156,
    "multiclassification_loss": 0.0,
    "ortho_loss": 0.0,
    "pearson": 0.6127,
    "regression_loss": 1.7177,
    "rm2": 0.3361,
    "rmse": 1.3098,
    "sd": 1.2761,
    "spearman": 0.6241,
    "spectral_loss": 0.0
}
                              
Test Results: {
    "ci": 0.7296,
    "classification_loss": 0.0,
    "cluster_loss": 0.0,
    "mae": 0.8503,
    "mse": 1.3765,
    "multiclassification_loss": 0.0,
    "ortho_loss": 0.0,
    "pearson": 0.631,
    "regression_loss": 1.3814,
    "rm2": 0.3938,
    "rmse": 1.1732,
    "sd": 1.1552,
    "spearman": 0.6274,
    "spectral_loss": 0.0
}
                              
                              
----------------------------------------
Epoch 024 with LR 0.000100: Model Results
----------------------------------------
Train MSE Loss: 0.5894, Train CLS Loss: 0.0000, Train MCLS Loss: 0.0000
Protein Cluster Region Loss - Ortho Loss: 0.0000, Cluster Loss: 0.0000
                              
Validation Results: {
    "ci": 0.7253,
    "classification_loss": 0.0,
    "cluster_loss": 0.0,
    "mae": 0.9277,
    "mse": 1.7483,
    "multiclassification_loss": 0.0,
    "ortho_loss": 0.0,
    "pearson": 0.6027,
    "regression_loss": 1.7506,
    "rm2": 0.3451,
    "rmse": 1.3222,
    "sd": 1.2885,
    "spearman": 0.6107,
    "spectral_loss": 0.0
}
                              
Test Results: {
    "ci": 0.7296,
    "classification_loss": 0.0,
    "cluster_loss": 0.0,
    "mae": 0.8503,
    "mse": 1.3765,
    "multiclassification_loss": 0.0,
    "ortho_loss": 0.0,
    "pearson": 0.631,
    "regression_loss": 1.3814,
    "rm2": 0.3938,
    "rmse": 1.1732,
    "sd": 1.1552,
    "spearman": 0.6274,
    "spectral_loss": 0.0
}

Early stopping at epoch 24 (no improvement for 10 epochs)
[best epoch] epoch=14, best_rmse=1.2845, lr_at_best=1.000e-04
                              
                              
----------------------------------------
Epoch 024 with LR 0.000100: Model Results
----------------------------------------
Train MSE Loss: 0.5894, Train CLS Loss: 0.0000, Train MCLS Loss: 0.0000
Protein Cluster Region Loss - Ortho Loss: 0.0000, Cluster Loss: 0.0000
                              
Validation Results: {
    "ci": 0.7253,
    "classification_loss": 0.0,
    "cluster_loss": 0.0,
    "mae": 0.9277,
    "mse": 1.7483,
    "multiclassification_loss": 0.0,
    "ortho_loss": 0.0,
    "pearson": 0.6027,
    "regression_loss": 1.7506,
    "rm2": 0.3451,
    "rmse": 1.3222,
    "sd": 1.2885,
    "spearman": 0.6107,
    "spectral_loss": 0.0
}
                              
Test Results: {
    "ci": 0.7296,
    "classification_loss": 0.0,
    "cluster_loss": 0.0,
    "mae": 0.8503,
    "mse": 1.3765,
    "multiclassification_loss": 0.0,
    "ortho_loss": 0.0,
    "pearson": 0.631,
    "regression_loss": 1.3814,
    "rm2": 0.3938,
    "rmse": 1.1732,
    "sd": 1.1552,
    "spearman": 0.6274,
    "spectral_loss": 0.0
}
Final test metrics: rmse=1.1732, pearson=0.6310, r2_proxy(mse)=1.3765
Done. Predictions: /sc/arion/projects/DiseaseGeneCell/Huang_lab_project/wangcDrugRepoProject/TRACE_Kin_Results_v4_mapgnn/EITLEM_dataset/EITLEM_kcat_MUTAPLM_embedding_cold_drug/test_prediction_seed2.csv; checkpoint: /sc/arion/projects/DiseaseGeneCell/Huang_lab_project/wangcDrugRepoProject/TRACE_Kin_Results_v4_mapgnn/EITLEM_dataset/EITLEM_kcat_MUTAPLM_embedding_cold_drug/save_model_seed2/model.pt

==========================================
Array task 5/10: OK (EITLEM_kcat_MUTAPLM_embedding_cold_drug)
==========================================


PS:

Read file <242906675.5.stderr> for stderr output of this job.

