Sender: LSF System <lsfadmin@lg03e03>
Subject: Job 242906673[2]: <trace_kin_v4_perfolder_s1[1-10]> in cluster <chimera> Done

Job <trace_kin_v4_perfolder_s1[1-10]> was submitted from host <li04e01> by user <wangc40> in cluster <chimera> at Mon May 11 00:07:32 2026
Job was executed on host(s) <16*lg03e03>, in queue <gpu>, as user <wangc40> in cluster <chimera> at Mon May 11 00:17:19 2026
</hpc/users/wangc40> was used as the home directory.
</sc/arion/projects/DiseaseGeneCell/Huang_lab_project/wangcDrugRepoProject/TRACE-Kin> was used as the working directory.
Started at Mon May 11 00:17:19 2026
Terminated at Mon May 11 01:59:21 2026
Results reported at Mon May 11 01:59:21 2026

Your job looked like:

------------------------------------------------------------
# LSBATCH: User input
#!/bin/bash
#BSUB -J trace_kin_v4_perfolder_s1[1-10]
#BSUB -P acc_DiseaseGeneCell
#BSUB -q gpu
#BSUB -R h100nvl
#BSUB -gpu num=1
#BSUB -n 16
#BSUB -R "rusage[mem=15000]"
#BSUB -R "span[hosts=1]"
#BSUB -W 48:00
#BSUB -o %J.%I.stdout
#BSUB -eo %J.%I.stderr
#BSUB -L /bin/bash

# =============================================================================
# TRACE-Kin v4 (MAP-GNN) PER-FOLDER + MutaPLM — top-10 RF-gap cells
# =============================================================================
# Submit with:
#     bsub < training/run_v4_perfolder_s1.lsf
#
# v4 = MAP-GNN: v1 GNN backbone + per-residue novelty score + pocket
# attention pool + MoLFormer-XL molecular context residual (preserved
# from v3). Unlike earlier versions, every cell uses MutaPLM as the
# protein embedding (the entire mutation-aware story rests on
# MutaPLM's residue-level mutation sensitivity), instead of the
# per-cell best-RF-baseline embedding.
#
# Per-residue novelty:
#   novelty[r] = ||MutaPLM[r] - aa_typical_mean[aa[r]]|| / aa_typical_std[aa[r]]
# where aa_typical statistics are precomputed once over the training
# corpus and cached at <datafolder>/aa_typical.pt. Mutations stand
# out because their MutaPLM vector deviates from the typical
# embedding for the residue's amino acid type — no explicit (WT,
# mutant) labels needed.
#
# Pocket attention:
#   pocket_logit[r] = MLP([MutaPLM[r], novelty[r], degree(r)])
#   pocket_weight[r] = softmax(pocket_logit) over r in same protein
#   prot_pool = sum_r (pocket_weight[r] * residue_h[r])
#
# Cells: same 10 as v3 (largest historical PSICHIC-vs-RF gap).
# Embedding source forced to MUTAPLM regardless of the per-cell
# best-RF choice in the historical benchmark.
#
# Outputs land under TRACE_Kin_Results_v4_mapgnn/<dataset>/<task_name>/
# so they don't collide with prior v3 trees.
# =============================================================================

# --- Environment -------------------------------------------------------------
ml purge

(... more ...)
------------------------------------------------------------

Successfully completed.

Resource usage summary:

    CPU time :                                   6804.00 sec.
    Max Memory :                                 28060 MB
    Average Memory :                             26803.61 MB
    Total Requested Memory :                     240000.00 MB
    Delta Memory :                               211940.00 MB
    Max Swap :                                   -
    Max Processes :                              4
    Max Threads :                                25
    Run time :                                   6122 sec.
    Turnaround time :                            6709 sec.

The output (if any) follows:

==========================================
TRACE-Kin v4 (MAP-GNN) PER-FOLDER task 2/10
==========================================
Date:        Mon May 11 00:17:22 EDT 2026
Dataset:     /sc/arion/projects/DiseaseGeneCell/Huang_lab_project/drug_discovery/output/data/enzyme_embeddings_dataset/catpred_dataset/catpred_kcat_MUTAPLM_embedding_random
Result:      /sc/arion/projects/DiseaseGeneCell/Huang_lab_project/wangcDrugRepoProject/TRACE_Kin_Results_v4_mapgnn/catpred_dataset/catpred_kcat_MUTAPLM_embedding_random
Config:      training/config_v4.json
MoLFormer:   /sc/arion/projects/DiseaseGeneCell/Huang_lab_project/wangcDrugRepoProject/transformersmodels/ibm/MoLFormer-XL-both-10pct
Pool CSVs:   (none — per-folder)
Model:       v4 MAP-GNN (per-folder, no pool, MUTAPLM + novelty + pocket attn + MoLFormer ctx)
Epochs:      50, batch=16, seed=1, lr=1e-4
==========================================
Python 3.12.2
Python: /sc/arion/work/wangc40/test-env/envs/test/bin/python
CUDA device: NVIDIA H100 80GB HBM3, sm_90
============================================================
TRACE-Kin training
============================================================
Datafolder:        /sc/arion/projects/DiseaseGeneCell/Huang_lab_project/drug_discovery/output/data/enzyme_embeddings_dataset/catpred_dataset/catpred_kcat_MUTAPLM_embedding_random
Result path:       /sc/arion/projects/DiseaseGeneCell/Huang_lab_project/wangcDrugRepoProject/TRACE_Kin_Results_v4_mapgnn/catpred_dataset/catpred_kcat_MUTAPLM_embedding_random
Config:            training/config_v4.json
Pool train CSVs:   (none)
============================================================
[mem] before load_split_dataframes             max RSS = 0.59 GB
Loading primary train: /sc/arion/projects/DiseaseGeneCell/Huang_lab_project/drug_discovery/output/data/enzyme_embeddings_dataset/catpred_dataset/catpred_kcat_MUTAPLM_embedding_random/train.parquet
Loading primary test: /sc/arion/projects/DiseaseGeneCell/Huang_lab_project/drug_discovery/output/data/enzyme_embeddings_dataset/catpred_dataset/catpred_kcat_MUTAPLM_embedding_random/test.parquet
Loading primary val: /sc/arion/projects/DiseaseGeneCell/Huang_lab_project/drug_discovery/output/data/enzyme_embeddings_dataset/catpred_dataset/catpred_kcat_MUTAPLM_embedding_random/val.parquet
Detected prot_evo_channels = 4096
seq2feat: 7177 unique sequences.
Loading MoLFormer-XL from /sc/arion/projects/DiseaseGeneCell/Huang_lab_project/wangcDrugRepoProject/transformersmodels/ibm/MoLFormer-XL-both-10pct
Computing MoLFormer embeddings for 10853 unique SMILES (batch_size=64)
  embedded 64/10853
  embedded 1344/10853
  embedded 2624/10853
  embedded 3904/10853
  embedded 5184/10853
  embedded 6464/10853
  embedded 7744/10853
  embedded 9024/10853
  embedded 10304/10853
Saved MoLFormer cache: /sc/arion/projects/DiseaseGeneCell/Huang_lab_project/drug_discovery/output/data/enzyme_embeddings_dataset/catpred_dataset/catpred_kcat_MUTAPLM_embedding_random/molformer_emb.pt (10853 SMILES)
MoLFormer embeddings: 10853 unique SMILES, dim=768
[mem] after load_split_dataframes              max RSS = 3.08 GB
model_version: v4, use_swa: False
Building protein graphs from scratch (this can be slow)...
U, B, O, or 0 in Sequence
Computing aa_typical from 7177 proteins...
  22 amino acid types observed; saving cache to /sc/arion/projects/DiseaseGeneCell/Huang_lab_project/drug_discovery/output/data/enzyme_embeddings_dataset/catpred_dataset/catpred_kcat_MUTAPLM_embedding_random/aa_typical.pt
  aa_typical buffers: means/stds shape (23, 4096), 22 known + 1 unknown AA slot
Building ligand graphs from scratch...
[mem] after preprocess                         max RSS = 27.17 GB
[mem] after free seq2feat/smi2chembert         max RSS = 27.17 GB
loaders ready: train=1158 test=145 val=145
[mem] after make_loaders                       max RSS = 27.17 GB
Computing PNA degrees from training data...
Built TraceKinV4 with 7,494,323 parameters
[LR schedule] schedule_lr=False, lrate=0.0001, min_lrate=0, warmup_iters=0, lr_decay_iters=57900, total_iters=57900
Not in terminal, reprint now using normal build-in print function.
                              
                              
----------------------------------------
Epoch 001 with LR 0.000100: Model Results
----------------------------------------
Train MSE Loss: 2.5404, Train CLS Loss: 0.0000, Train MCLS Loss: 0.0000
Protein Cluster Region Loss - Ortho Loss: 0.0000, Cluster Loss: 0.0000
                              
Validation Results: {
    "ci": 0.6295,
    "classification_loss": 0.0,
    "cluster_loss": 0.0,
    "mae": 1.1523,
    "mse": 2.2502,
    "multiclassification_loss": 0.0,
    "ortho_loss": 0.0,
    "pearson": 0.4051,
    "regression_loss": 2.2516,
    "rm2": 0.1633,
    "rmse": 1.5001,
    "sd": 1.4982,
    "spearman": 0.3775,
    "spectral_loss": 0.0
}
                              
Test Results: {
    "ci": 0.6244,
    "classification_loss": 0.0,
    "cluster_loss": 0.0,
    "mae": 1.1655,
    "mse": 2.3274,
    "multiclassification_loss": 0.0,
    "ortho_loss": 0.0,
    "pearson": 0.3846,
    "regression_loss": 2.3292,
    "rm2": 0.1453,
    "rmse": 1.5256,
    "sd": 1.5196,
    "spearman": 0.3624,
    "spectral_loss": 0.0
}
                              
                              
----------------------------------------
Epoch 002 with LR 0.000100: Model Results
----------------------------------------
Train MSE Loss: 2.1698, Train CLS Loss: 0.0000, Train MCLS Loss: 0.0000
Protein Cluster Region Loss - Ortho Loss: 0.0000, Cluster Loss: 0.0000
                              
Validation Results: {
    "ci": 0.6792,
    "classification_loss": 0.0,
    "cluster_loss": 0.0,
    "mae": 1.1133,
    "mse": 2.1091,
    "multiclassification_loss": 0.0,
    "ortho_loss": 0.0,
    "pearson": 0.5385,
    "regression_loss": 2.109,
    "rm2": 0.2545,
    "rmse": 1.4523,
    "sd": 1.3808,
    "spearman": 0.5085,
    "spectral_loss": 0.0
}
                              
Test Results: {
    "ci": 0.6818,
    "classification_loss": 0.0,
    "cluster_loss": 0.0,
    "mae": 1.0898,
    "mse": 2.0794,
    "multiclassification_loss": 0.0,
    "ortho_loss": 0.0,
    "pearson": 0.5427,
    "regression_loss": 2.0794,
    "rm2": 0.2613,
    "rmse": 1.442,
    "sd": 1.3827,
    "spearman": 0.5143,
    "spectral_loss": 0.0
}
                              
                              
----------------------------------------
Epoch 003 with LR 0.000100: Model Results
----------------------------------------
Train MSE Loss: 1.8105, Train CLS Loss: 0.0000, Train MCLS Loss: 0.0000
Protein Cluster Region Loss - Ortho Loss: 0.0000, Cluster Loss: 0.0000
                              
Validation Results: {
    "ci": 0.7009,
    "classification_loss": 0.0,
    "cluster_loss": 0.0,
    "mae": 1.0015,
    "mse": 1.7947,
    "multiclassification_loss": 0.0,
    "ortho_loss": 0.0,
    "pearson": 0.5868,
    "regression_loss": 1.7944,
    "rm2": 0.3223,
    "rmse": 1.3397,
    "sd": 1.3269,
    "spearman": 0.5628,
    "spectral_loss": 0.0
}
                              
Test Results: {
    "ci": 0.7079,
    "classification_loss": 0.0,
    "cluster_loss": 0.0,
    "mae": 0.9776,
    "mse": 1.7468,
    "multiclassification_loss": 0.0,
    "ortho_loss": 0.0,
    "pearson": 0.6033,
    "regression_loss": 1.7472,
    "rm2": 0.3438,
    "rmse": 1.3216,
    "sd": 1.3128,
    "spearman": 0.579,
    "spectral_loss": 0.0
}
                              
                              
----------------------------------------
Epoch 004 with LR 0.000100: Model Results
----------------------------------------
Train MSE Loss: 1.5316, Train CLS Loss: 0.0000, Train MCLS Loss: 0.0000
Protein Cluster Region Loss - Ortho Loss: 0.0000, Cluster Loss: 0.0000
                              
Validation Results: {
    "ci": 0.7075,
    "classification_loss": 0.0,
    "cluster_loss": 0.0,
    "mae": 0.9941,
    "mse": 1.7654,
    "multiclassification_loss": 0.0,
    "ortho_loss": 0.0,
    "pearson": 0.6001,
    "regression_loss": 1.765,
    "rm2": 0.3598,
    "rmse": 1.3287,
    "sd": 1.3108,
    "spearman": 0.5778,
    "spectral_loss": 0.0
}
                              
Test Results: {
    "ci": 0.7228,
    "classification_loss": 0.0,
    "cluster_loss": 0.0,
    "mae": 0.9604,
    "mse": 1.6687,
    "multiclassification_loss": 0.0,
    "ortho_loss": 0.0,
    "pearson": 0.6284,
    "regression_loss": 1.6689,
    "rm2": 0.3908,
    "rmse": 1.2918,
    "sd": 1.2806,
    "spearman": 0.6164,
    "spectral_loss": 0.0
}
                              
                              
----------------------------------------
Epoch 005 with LR 0.000100: Model Results
----------------------------------------
Train MSE Loss: 1.3523, Train CLS Loss: 0.0000, Train MCLS Loss: 0.0000
Protein Cluster Region Loss - Ortho Loss: 0.0000, Cluster Loss: 0.0000
                              
Validation Results: {
    "ci": 0.7283,
    "classification_loss": 0.0,
    "cluster_loss": 0.0,
    "mae": 0.9562,
    "mse": 1.6374,
    "multiclassification_loss": 0.0,
    "ortho_loss": 0.0,
    "pearson": 0.6472,
    "regression_loss": 1.6371,
    "rm2": 0.3559,
    "rmse": 1.2796,
    "sd": 1.2492,
    "spearman": 0.6249,
    "spectral_loss": 0.0
}
                              
Test Results: {
    "ci": 0.7419,
    "classification_loss": 0.0,
    "cluster_loss": 0.0,
    "mae": 0.9344,
    "mse": 1.5468,
    "multiclassification_loss": 0.0,
    "ortho_loss": 0.0,
    "pearson": 0.6802,
    "regression_loss": 1.5496,
    "rm2": 0.3826,
    "rmse": 1.2437,
    "sd": 1.2068,
    "spearman": 0.6575,
    "spectral_loss": 0.0
}
                              
                              
----------------------------------------
Epoch 006 with LR 0.000100: Model Results
----------------------------------------
Train MSE Loss: 1.2067, Train CLS Loss: 0.0000, Train MCLS Loss: 0.0000
Protein Cluster Region Loss - Ortho Loss: 0.0000, Cluster Loss: 0.0000
                              
Validation Results: {
    "ci": 0.7277,
    "classification_loss": 0.0,
    "cluster_loss": 0.0,
    "mae": 0.9231,
    "mse": 1.599,
    "multiclassification_loss": 0.0,
    "ortho_loss": 0.0,
    "pearson": 0.6399,
    "regression_loss": 1.5979,
    "rm2": 0.3918,
    "rmse": 1.2645,
    "sd": 1.2592,
    "spearman": 0.6208,
    "spectral_loss": 0.0
}
                              
Test Results: {
    "ci": 0.7432,
    "classification_loss": 0.0,
    "cluster_loss": 0.0,
    "mae": 0.8831,
    "mse": 1.4372,
    "multiclassification_loss": 0.0,
    "ortho_loss": 0.0,
    "pearson": 0.687,
    "regression_loss": 1.4389,
    "rm2": 0.4518,
    "rmse": 1.1989,
    "sd": 1.1962,
    "spearman": 0.658,
    "spectral_loss": 0.0
}
                              
                              
----------------------------------------
Epoch 007 with LR 0.000100: Model Results
----------------------------------------
Train MSE Loss: 1.1107, Train CLS Loss: 0.0000, Train MCLS Loss: 0.0000
Protein Cluster Region Loss - Ortho Loss: 0.0000, Cluster Loss: 0.0000
                              
Validation Results: {
    "ci": 0.7306,
    "classification_loss": 0.0,
    "cluster_loss": 0.0,
    "mae": 0.9685,
    "mse": 1.7105,
    "multiclassification_loss": 0.0,
    "ortho_loss": 0.0,
    "pearson": 0.6564,
    "regression_loss": 1.7097,
    "rm2": 0.3851,
    "rmse": 1.3078,
    "sd": 1.2363,
    "spearman": 0.6277,
    "spectral_loss": 0.0
}
                              
Test Results: {
    "ci": 0.7432,
    "classification_loss": 0.0,
    "cluster_loss": 0.0,
    "mae": 0.8831,
    "mse": 1.4372,
    "multiclassification_loss": 0.0,
    "ortho_loss": 0.0,
    "pearson": 0.687,
    "regression_loss": 1.4389,
    "rm2": 0.4518,
    "rmse": 1.1989,
    "sd": 1.1962,
    "spearman": 0.658,
    "spectral_loss": 0.0
}
                              
                              
----------------------------------------
Epoch 008 with LR 0.000100: Model Results
----------------------------------------
Train MSE Loss: 1.0234, Train CLS Loss: 0.0000, Train MCLS Loss: 0.0000
Protein Cluster Region Loss - Ortho Loss: 0.0000, Cluster Loss: 0.0000
                              
Validation Results: {
    "ci": 0.7359,
    "classification_loss": 0.0,
    "cluster_loss": 0.0,
    "mae": 0.9152,
    "mse": 1.5565,
    "multiclassification_loss": 0.0,
    "ortho_loss": 0.0,
    "pearson": 0.6631,
    "regression_loss": 1.5546,
    "rm2": 0.3881,
    "rmse": 1.2476,
    "sd": 1.2267,
    "spearman": 0.641,
    "spectral_loss": 0.0
}
                              
Test Results: {
    "ci": 0.7498,
    "classification_loss": 0.0,
    "cluster_loss": 0.0,
    "mae": 0.8898,
    "mse": 1.4326,
    "multiclassification_loss": 0.0,
    "ortho_loss": 0.0,
    "pearson": 0.7006,
    "regression_loss": 1.4354,
    "rm2": 0.425,
    "rmse": 1.1969,
    "sd": 1.1747,
    "spearman": 0.6715,
    "spectral_loss": 0.0
}
                              
                              
----------------------------------------
Epoch 009 with LR 0.000100: Model Results
----------------------------------------
Train MSE Loss: 0.9719, Train CLS Loss: 0.0000, Train MCLS Loss: 0.0000
Protein Cluster Region Loss - Ortho Loss: 0.0000, Cluster Loss: 0.0000
                              
Validation Results: {
    "ci": 0.7457,
    "classification_loss": 0.0,
    "cluster_loss": 0.0,
    "mae": 0.8857,
    "mse": 1.5042,
    "multiclassification_loss": 0.0,
    "ortho_loss": 0.0,
    "pearson": 0.6843,
    "regression_loss": 1.5028,
    "rm2": 0.4498,
    "rmse": 1.2264,
    "sd": 1.195,
    "spearman": 0.6605,
    "spectral_loss": 0.0
}
                              
Test Results: {
    "ci": 0.7542,
    "classification_loss": 0.0,
    "cluster_loss": 0.0,
    "mae": 0.8589,
    "mse": 1.3952,
    "multiclassification_loss": 0.0,
    "ortho_loss": 0.0,
    "pearson": 0.7117,
    "regression_loss": 1.3956,
    "rm2": 0.4958,
    "rmse": 1.1812,
    "sd": 1.1564,
    "spearman": 0.6806,
    "spectral_loss": 0.0
}
                              
                              
----------------------------------------
Epoch 010 with LR 0.000100: Model Results
----------------------------------------
Train MSE Loss: 0.9220, Train CLS Loss: 0.0000, Train MCLS Loss: 0.0000
Protein Cluster Region Loss - Ortho Loss: 0.0000, Cluster Loss: 0.0000
                              
Validation Results: {
    "ci": 0.7452,
    "classification_loss": 0.0,
    "cluster_loss": 0.0,
    "mae": 0.8711,
    "mse": 1.4692,
    "multiclassification_loss": 0.0,
    "ortho_loss": 0.0,
    "pearson": 0.6832,
    "regression_loss": 1.4675,
    "rm2": 0.4476,
    "rmse": 1.2121,
    "sd": 1.1966,
    "spearman": 0.6585,
    "spectral_loss": 0.0
}
                              
Test Results: {
    "ci": 0.7518,
    "classification_loss": 0.0,
    "cluster_loss": 0.0,
    "mae": 0.8423,
    "mse": 1.358,
    "multiclassification_loss": 0.0,
    "ortho_loss": 0.0,
    "pearson": 0.7108,
    "regression_loss": 1.3601,
    "rm2": 0.4912,
    "rmse": 1.1653,
    "sd": 1.158,
    "spearman": 0.6721,
    "spectral_loss": 0.0
}
                              
                              
----------------------------------------
Epoch 011 with LR 0.000100: Model Results
----------------------------------------
Train MSE Loss: 0.8841, Train CLS Loss: 0.0000, Train MCLS Loss: 0.0000
Protein Cluster Region Loss - Ortho Loss: 0.0000, Cluster Loss: 0.0000
                              
Validation Results: {
    "ci": 0.7458,
    "classification_loss": 0.0,
    "cluster_loss": 0.0,
    "mae": 0.8782,
    "mse": 1.511,
    "multiclassification_loss": 0.0,
    "ortho_loss": 0.0,
    "pearson": 0.6833,
    "regression_loss": 1.5098,
    "rm2": 0.4542,
    "rmse": 1.2292,
    "sd": 1.1965,
    "spearman": 0.6601,
    "spectral_loss": 0.0
}
                              
Test Results: {
    "ci": 0.7518,
    "classification_loss": 0.0,
    "cluster_loss": 0.0,
    "mae": 0.8423,
    "mse": 1.358,
    "multiclassification_loss": 0.0,
    "ortho_loss": 0.0,
    "pearson": 0.7108,
    "regression_loss": 1.3601,
    "rm2": 0.4912,
    "rmse": 1.1653,
    "sd": 1.158,
    "spearman": 0.6721,
    "spectral_loss": 0.0
}
                              
                              
----------------------------------------
Epoch 012 with LR 0.000100: Model Results
----------------------------------------
Train MSE Loss: 0.8465, Train CLS Loss: 0.0000, Train MCLS Loss: 0.0000
Protein Cluster Region Loss - Ortho Loss: 0.0000, Cluster Loss: 0.0000
                              
Validation Results: {
    "ci": 0.7473,
    "classification_loss": 0.0,
    "cluster_loss": 0.0,
    "mae": 0.8659,
    "mse": 1.4557,
    "multiclassification_loss": 0.0,
    "ortho_loss": 0.0,
    "pearson": 0.6875,
    "regression_loss": 1.4535,
    "rm2": 0.4525,
    "rmse": 1.2065,
    "sd": 1.19,
    "spearman": 0.6648,
    "spectral_loss": 0.0
}
                              
Test Results: {
    "ci": 0.7543,
    "classification_loss": 0.0,
    "cluster_loss": 0.0,
    "mae": 0.8402,
    "mse": 1.3473,
    "multiclassification_loss": 0.0,
    "ortho_loss": 0.0,
    "pearson": 0.7156,
    "regression_loss": 1.3499,
    "rm2": 0.4793,
    "rmse": 1.1607,
    "sd": 1.1499,
    "spearman": 0.6778,
    "spectral_loss": 0.0
}
                              
                              
----------------------------------------
Epoch 013 with LR 0.000100: Model Results
----------------------------------------
Train MSE Loss: 0.8146, Train CLS Loss: 0.0000, Train MCLS Loss: 0.0000
Protein Cluster Region Loss - Ortho Loss: 0.0000, Cluster Loss: 0.0000
                              
Validation Results: {
    "ci": 0.7528,
    "classification_loss": 0.0,
    "cluster_loss": 0.0,
    "mae": 0.853,
    "mse": 1.4354,
    "multiclassification_loss": 0.0,
    "ortho_loss": 0.0,
    "pearson": 0.6936,
    "regression_loss": 1.4335,
    "rm2": 0.4437,
    "rmse": 1.1981,
    "sd": 1.1805,
    "spearman": 0.6733,
    "spectral_loss": 0.0
}
                              
Test Results: {
    "ci": 0.7624,
    "classification_loss": 0.0,
    "cluster_loss": 0.0,
    "mae": 0.8196,
    "mse": 1.2907,
    "multiclassification_loss": 0.0,
    "ortho_loss": 0.0,
    "pearson": 0.7304,
    "regression_loss": 1.2932,
    "rm2": 0.486,
    "rmse": 1.1361,
    "sd": 1.1244,
    "spearman": 0.6944,
    "spectral_loss": 0.0
}
                              
                              
----------------------------------------
Epoch 014 with LR 0.000100: Model Results
----------------------------------------
Train MSE Loss: 0.7853, Train CLS Loss: 0.0000, Train MCLS Loss: 0.0000
Protein Cluster Region Loss - Ortho Loss: 0.0000, Cluster Loss: 0.0000
                              
Validation Results: {
    "ci": 0.7531,
    "classification_loss": 0.0,
    "cluster_loss": 0.0,
    "mae": 0.8402,
    "mse": 1.4042,
    "multiclassification_loss": 0.0,
    "ortho_loss": 0.0,
    "pearson": 0.6968,
    "regression_loss": 1.4022,
    "rm2": 0.472,
    "rmse": 1.185,
    "sd": 1.1754,
    "spearman": 0.6753,
    "spectral_loss": 0.0
}
                              
Test Results: {
    "ci": 0.7649,
    "classification_loss": 0.0,
    "cluster_loss": 0.0,
    "mae": 0.7986,
    "mse": 1.2536,
    "multiclassification_loss": 0.0,
    "ortho_loss": 0.0,
    "pearson": 0.7349,
    "regression_loss": 1.2559,
    "rm2": 0.518,
    "rmse": 1.1197,
    "sd": 1.1165,
    "spearman": 0.6989,
    "spectral_loss": 0.0
}
                              
                              
----------------------------------------
Epoch 015 with LR 0.000100: Model Results
----------------------------------------
Train MSE Loss: 0.7606, Train CLS Loss: 0.0000, Train MCLS Loss: 0.0000
Protein Cluster Region Loss - Ortho Loss: 0.0000, Cluster Loss: 0.0000
                              
Validation Results: {
    "ci": 0.7504,
    "classification_loss": 0.0,
    "cluster_loss": 0.0,
    "mae": 0.8739,
    "mse": 1.4296,
    "multiclassification_loss": 0.0,
    "ortho_loss": 0.0,
    "pearson": 0.6968,
    "regression_loss": 1.4276,
    "rm2": 0.4225,
    "rmse": 1.1957,
    "sd": 1.1753,
    "spearman": 0.6678,
    "spectral_loss": 0.0
}
                              
Test Results: {
    "ci": 0.7649,
    "classification_loss": 0.0,
    "cluster_loss": 0.0,
    "mae": 0.7986,
    "mse": 1.2536,
    "multiclassification_loss": 0.0,
    "ortho_loss": 0.0,
    "pearson": 0.7349,
    "regression_loss": 1.2559,
    "rm2": 0.518,
    "rmse": 1.1197,
    "sd": 1.1165,
    "spearman": 0.6989,
    "spectral_loss": 0.0
}
                              
                              
----------------------------------------
Epoch 016 with LR 0.000100: Model Results
----------------------------------------
Train MSE Loss: 0.7335, Train CLS Loss: 0.0000, Train MCLS Loss: 0.0000
Protein Cluster Region Loss - Ortho Loss: 0.0000, Cluster Loss: 0.0000
                              
Validation Results: {
    "ci": 0.7574,
    "classification_loss": 0.0,
    "cluster_loss": 0.0,
    "mae": 0.8219,
    "mse": 1.3723,
    "multiclassification_loss": 0.0,
    "ortho_loss": 0.0,
    "pearson": 0.7057,
    "regression_loss": 1.3704,
    "rm2": 0.477,
    "rmse": 1.1714,
    "sd": 1.1611,
    "spearman": 0.6822,
    "spectral_loss": 0.0
}
                              
Test Results: {
    "ci": 0.7626,
    "classification_loss": 0.0,
    "cluster_loss": 0.0,
    "mae": 0.8087,
    "mse": 1.2735,
    "multiclassification_loss": 0.0,
    "ortho_loss": 0.0,
    "pearson": 0.7323,
    "regression_loss": 1.2761,
    "rm2": 0.5014,
    "rmse": 1.1285,
    "sd": 1.1211,
    "spearman": 0.694,
    "spectral_loss": 0.0
}
                              
                              
----------------------------------------
Epoch 017 with LR 0.000100: Model Results
----------------------------------------
Train MSE Loss: 0.7116, Train CLS Loss: 0.0000, Train MCLS Loss: 0.0000
Protein Cluster Region Loss - Ortho Loss: 0.0000, Cluster Loss: 0.0000
                              
Validation Results: {
    "ci": 0.7587,
    "classification_loss": 0.0,
    "cluster_loss": 0.0,
    "mae": 0.8182,
    "mse": 1.3292,
    "multiclassification_loss": 0.0,
    "ortho_loss": 0.0,
    "pearson": 0.7153,
    "regression_loss": 1.3273,
    "rm2": 0.5051,
    "rmse": 1.1529,
    "sd": 1.1452,
    "spearman": 0.6861,
    "spectral_loss": 0.0
}
                              
Test Results: {
    "ci": 0.7656,
    "classification_loss": 0.0,
    "cluster_loss": 0.0,
    "mae": 0.7999,
    "mse": 1.2344,
    "multiclassification_loss": 0.0,
    "ortho_loss": 0.0,
    "pearson": 0.7393,
    "regression_loss": 1.2356,
    "rm2": 0.5412,
    "rmse": 1.111,
    "sd": 1.1086,
    "spearman": 0.6997,
    "spectral_loss": 0.0
}
                              
                              
----------------------------------------
Epoch 018 with LR 0.000100: Model Results
----------------------------------------
Train MSE Loss: 0.6886, Train CLS Loss: 0.0000, Train MCLS Loss: 0.0000
Protein Cluster Region Loss - Ortho Loss: 0.0000, Cluster Loss: 0.0000
                              
Validation Results: {
    "ci": 0.7549,
    "classification_loss": 0.0,
    "cluster_loss": 0.0,
    "mae": 0.8559,
    "mse": 1.4856,
    "multiclassification_loss": 0.0,
    "ortho_loss": 0.0,
    "pearson": 0.6959,
    "regression_loss": 1.4836,
    "rm2": 0.428,
    "rmse": 1.2189,
    "sd": 1.1769,
    "spearman": 0.6755,
    "spectral_loss": 0.0
}
                              
Test Results: {
    "ci": 0.7656,
    "classification_loss": 0.0,
    "cluster_loss": 0.0,
    "mae": 0.7999,
    "mse": 1.2344,
    "multiclassification_loss": 0.0,
    "ortho_loss": 0.0,
    "pearson": 0.7393,
    "regression_loss": 1.2356,
    "rm2": 0.5412,
    "rmse": 1.111,
    "sd": 1.1086,
    "spearman": 0.6997,
    "spectral_loss": 0.0
}
                              
                              
----------------------------------------
Epoch 019 with LR 0.000100: Model Results
----------------------------------------
Train MSE Loss: 0.6646, Train CLS Loss: 0.0000, Train MCLS Loss: 0.0000
Protein Cluster Region Loss - Ortho Loss: 0.0000, Cluster Loss: 0.0000
                              
Validation Results: {
    "ci": 0.7591,
    "classification_loss": 0.0,
    "cluster_loss": 0.0,
    "mae": 0.8295,
    "mse": 1.4189,
    "multiclassification_loss": 0.0,
    "ortho_loss": 0.0,
    "pearson": 0.7089,
    "regression_loss": 1.4172,
    "rm2": 0.4765,
    "rmse": 1.1912,
    "sd": 1.1557,
    "spearman": 0.6851,
    "spectral_loss": 0.0
}
                              
Test Results: {
    "ci": 0.7656,
    "classification_loss": 0.0,
    "cluster_loss": 0.0,
    "mae": 0.7999,
    "mse": 1.2344,
    "multiclassification_loss": 0.0,
    "ortho_loss": 0.0,
    "pearson": 0.7393,
    "regression_loss": 1.2356,
    "rm2": 0.5412,
    "rmse": 1.111,
    "sd": 1.1086,
    "spearman": 0.6997,
    "spectral_loss": 0.0
}
                              
                              
----------------------------------------
Epoch 020 with LR 0.000100: Model Results
----------------------------------------
Train MSE Loss: 0.6510, Train CLS Loss: 0.0000, Train MCLS Loss: 0.0000
Protein Cluster Region Loss - Ortho Loss: 0.0000, Cluster Loss: 0.0000
                              
Validation Results: {
    "ci": 0.7607,
    "classification_loss": 0.0,
    "cluster_loss": 0.0,
    "mae": 0.8314,
    "mse": 1.4027,
    "multiclassification_loss": 0.0,
    "ortho_loss": 0.0,
    "pearson": 0.7145,
    "regression_loss": 1.4017,
    "rm2": 0.5011,
    "rmse": 1.1844,
    "sd": 1.1465,
    "spearman": 0.6895,
    "spectral_loss": 0.0
}
                              
Test Results: {
    "ci": 0.7656,
    "classification_loss": 0.0,
    "cluster_loss": 0.0,
    "mae": 0.7999,
    "mse": 1.2344,
    "multiclassification_loss": 0.0,
    "ortho_loss": 0.0,
    "pearson": 0.7393,
    "regression_loss": 1.2356,
    "rm2": 0.5412,
    "rmse": 1.111,
    "sd": 1.1086,
    "spearman": 0.6997,
    "spectral_loss": 0.0
}
                              
                              
----------------------------------------
Epoch 021 with LR 0.000100: Model Results
----------------------------------------
Train MSE Loss: 0.6351, Train CLS Loss: 0.0000, Train MCLS Loss: 0.0000
Protein Cluster Region Loss - Ortho Loss: 0.0000, Cluster Loss: 0.0000
                              
Validation Results: {
    "ci": 0.7598,
    "classification_loss": 0.0,
    "cluster_loss": 0.0,
    "mae": 0.8844,
    "mse": 1.5295,
    "multiclassification_loss": 0.0,
    "ortho_loss": 0.0,
    "pearson": 0.7118,
    "regression_loss": 1.5282,
    "rm2": 0.4742,
    "rmse": 1.2367,
    "sd": 1.151,
    "spearman": 0.6891,
    "spectral_loss": 0.0
}
                              
Test Results: {
    "ci": 0.7656,
    "classification_loss": 0.0,
    "cluster_loss": 0.0,
    "mae": 0.7999,
    "mse": 1.2344,
    "multiclassification_loss": 0.0,
    "ortho_loss": 0.0,
    "pearson": 0.7393,
    "regression_loss": 1.2356,
    "rm2": 0.5412,
    "rmse": 1.111,
    "sd": 1.1086,
    "spearman": 0.6997,
    "spectral_loss": 0.0
}
                              
                              
----------------------------------------
Epoch 022 with LR 0.000100: Model Results
----------------------------------------
Train MSE Loss: 0.6190, Train CLS Loss: 0.0000, Train MCLS Loss: 0.0000
Protein Cluster Region Loss - Ortho Loss: 0.0000, Cluster Loss: 0.0000
                              
Validation Results: {
    "ci": 0.7561,
    "classification_loss": 0.0,
    "cluster_loss": 0.0,
    "mae": 0.8522,
    "mse": 1.4744,
    "multiclassification_loss": 0.0,
    "ortho_loss": 0.0,
    "pearson": 0.6972,
    "regression_loss": 1.4724,
    "rm2": 0.426,
    "rmse": 1.2143,
    "sd": 1.1746,
    "spearman": 0.677,
    "spectral_loss": 0.0
}
                              
Test Results: {
    "ci": 0.7656,
    "classification_loss": 0.0,
    "cluster_loss": 0.0,
    "mae": 0.7999,
    "mse": 1.2344,
    "multiclassification_loss": 0.0,
    "ortho_loss": 0.0,
    "pearson": 0.7393,
    "regression_loss": 1.2356,
    "rm2": 0.5412,
    "rmse": 1.111,
    "sd": 1.1086,
    "spearman": 0.6997,
    "spectral_loss": 0.0
}
                              
                              
----------------------------------------
Epoch 023 with LR 0.000100: Model Results
----------------------------------------
Train MSE Loss: 0.6010, Train CLS Loss: 0.0000, Train MCLS Loss: 0.0000
Protein Cluster Region Loss - Ortho Loss: 0.0000, Cluster Loss: 0.0000
                              
Validation Results: {
    "ci": 0.759,
    "classification_loss": 0.0,
    "cluster_loss": 0.0,
    "mae": 0.8265,
    "mse": 1.3988,
    "multiclassification_loss": 0.0,
    "ortho_loss": 0.0,
    "pearson": 0.7092,
    "regression_loss": 1.3972,
    "rm2": 0.4467,
    "rmse": 1.1827,
    "sd": 1.1553,
    "spearman": 0.6844,
    "spectral_loss": 0.0
}
                              
Test Results: {
    "ci": 0.7656,
    "classification_loss": 0.0,
    "cluster_loss": 0.0,
    "mae": 0.7999,
    "mse": 1.2344,
    "multiclassification_loss": 0.0,
    "ortho_loss": 0.0,
    "pearson": 0.7393,
    "regression_loss": 1.2356,
    "rm2": 0.5412,
    "rmse": 1.111,
    "sd": 1.1086,
    "spearman": 0.6997,
    "spectral_loss": 0.0
}
                              
                              
----------------------------------------
Epoch 024 with LR 0.000100: Model Results
----------------------------------------
Train MSE Loss: 0.5852, Train CLS Loss: 0.0000, Train MCLS Loss: 0.0000
Protein Cluster Region Loss - Ortho Loss: 0.0000, Cluster Loss: 0.0000
                              
Validation Results: {
    "ci": 0.7597,
    "classification_loss": 0.0,
    "cluster_loss": 0.0,
    "mae": 0.8466,
    "mse": 1.4447,
    "multiclassification_loss": 0.0,
    "ortho_loss": 0.0,
    "pearson": 0.7081,
    "regression_loss": 1.443,
    "rm2": 0.4256,
    "rmse": 1.202,
    "sd": 1.1571,
    "spearman": 0.687,
    "spectral_loss": 0.0
}
                              
Test Results: {
    "ci": 0.7656,
    "classification_loss": 0.0,
    "cluster_loss": 0.0,
    "mae": 0.7999,
    "mse": 1.2344,
    "multiclassification_loss": 0.0,
    "ortho_loss": 0.0,
    "pearson": 0.7393,
    "regression_loss": 1.2356,
    "rm2": 0.5412,
    "rmse": 1.111,
    "sd": 1.1086,
    "spearman": 0.6997,
    "spectral_loss": 0.0
}
                              
                              
----------------------------------------
Epoch 025 with LR 0.000100: Model Results
----------------------------------------
Train MSE Loss: 0.5764, Train CLS Loss: 0.0000, Train MCLS Loss: 0.0000
Protein Cluster Region Loss - Ortho Loss: 0.0000, Cluster Loss: 0.0000
                              
Validation Results: {
    "ci": 0.7602,
    "classification_loss": 0.0,
    "cluster_loss": 0.0,
    "mae": 0.8254,
    "mse": 1.3771,
    "multiclassification_loss": 0.0,
    "ortho_loss": 0.0,
    "pearson": 0.7127,
    "regression_loss": 1.3756,
    "rm2": 0.492,
    "rmse": 1.1735,
    "sd": 1.1495,
    "spearman": 0.6898,
    "spectral_loss": 0.0
}
                              
Test Results: {
    "ci": 0.7656,
    "classification_loss": 0.0,
    "cluster_loss": 0.0,
    "mae": 0.7999,
    "mse": 1.2344,
    "multiclassification_loss": 0.0,
    "ortho_loss": 0.0,
    "pearson": 0.7393,
    "regression_loss": 1.2356,
    "rm2": 0.5412,
    "rmse": 1.111,
    "sd": 1.1086,
    "spearman": 0.6997,
    "spectral_loss": 0.0
}
                              
                              
----------------------------------------
Epoch 026 with LR 0.000100: Model Results
----------------------------------------
Train MSE Loss: 0.5602, Train CLS Loss: 0.0000, Train MCLS Loss: 0.0000
Protein Cluster Region Loss - Ortho Loss: 0.0000, Cluster Loss: 0.0000
                              
Validation Results: {
    "ci": 0.7634,
    "classification_loss": 0.0,
    "cluster_loss": 0.0,
    "mae": 0.8182,
    "mse": 1.3561,
    "multiclassification_loss": 0.0,
    "ortho_loss": 0.0,
    "pearson": 0.7194,
    "regression_loss": 1.3546,
    "rm2": 0.4518,
    "rmse": 1.1645,
    "sd": 1.1382,
    "spearman": 0.6933,
    "spectral_loss": 0.0
}
                              
Test Results: {
    "ci": 0.7656,
    "classification_loss": 0.0,
    "cluster_loss": 0.0,
    "mae": 0.7999,
    "mse": 1.2344,
    "multiclassification_loss": 0.0,
    "ortho_loss": 0.0,
    "pearson": 0.7393,
    "regression_loss": 1.2356,
    "rm2": 0.5412,
    "rmse": 1.111,
    "sd": 1.1086,
    "spearman": 0.6997,
    "spectral_loss": 0.0
}
                              
                              
----------------------------------------
Epoch 027 with LR 0.000100: Model Results
----------------------------------------
Train MSE Loss: 0.5490, Train CLS Loss: 0.0000, Train MCLS Loss: 0.0000
Protein Cluster Region Loss - Ortho Loss: 0.0000, Cluster Loss: 0.0000
                              
Validation Results: {
    "ci": 0.7651,
    "classification_loss": 0.0,
    "cluster_loss": 0.0,
    "mae": 0.806,
    "mse": 1.3538,
    "multiclassification_loss": 0.0,
    "ortho_loss": 0.0,
    "pearson": 0.7169,
    "regression_loss": 1.3529,
    "rm2": 0.4672,
    "rmse": 1.1635,
    "sd": 1.1424,
    "spearman": 0.6971,
    "spectral_loss": 0.0
}
                              
Test Results: {
    "ci": 0.7656,
    "classification_loss": 0.0,
    "cluster_loss": 0.0,
    "mae": 0.7999,
    "mse": 1.2344,
    "multiclassification_loss": 0.0,
    "ortho_loss": 0.0,
    "pearson": 0.7393,
    "regression_loss": 1.2356,
    "rm2": 0.5412,
    "rmse": 1.111,
    "sd": 1.1086,
    "spearman": 0.6997,
    "spectral_loss": 0.0
}

Early stopping at epoch 27 (no improvement for 10 epochs)
[best epoch] epoch=17, best_rmse=1.1529, lr_at_best=1.000e-04
                              
                              
----------------------------------------
Epoch 027 with LR 0.000100: Model Results
----------------------------------------
Train MSE Loss: 0.5490, Train CLS Loss: 0.0000, Train MCLS Loss: 0.0000
Protein Cluster Region Loss - Ortho Loss: 0.0000, Cluster Loss: 0.0000
                              
Validation Results: {
    "ci": 0.7651,
    "classification_loss": 0.0,
    "cluster_loss": 0.0,
    "mae": 0.806,
    "mse": 1.3538,
    "multiclassification_loss": 0.0,
    "ortho_loss": 0.0,
    "pearson": 0.7169,
    "regression_loss": 1.3529,
    "rm2": 0.4672,
    "rmse": 1.1635,
    "sd": 1.1424,
    "spearman": 0.6971,
    "spectral_loss": 0.0
}
                              
Test Results: {
    "ci": 0.7656,
    "classification_loss": 0.0,
    "cluster_loss": 0.0,
    "mae": 0.7999,
    "mse": 1.2344,
    "multiclassification_loss": 0.0,
    "ortho_loss": 0.0,
    "pearson": 0.7393,
    "regression_loss": 1.2356,
    "rm2": 0.5412,
    "rmse": 1.111,
    "sd": 1.1086,
    "spearman": 0.6997,
    "spectral_loss": 0.0
}
Final test metrics: rmse=1.1110, pearson=0.7393, r2_proxy(mse)=1.2344
Done. Predictions: /sc/arion/projects/DiseaseGeneCell/Huang_lab_project/wangcDrugRepoProject/TRACE_Kin_Results_v4_mapgnn/catpred_dataset/catpred_kcat_MUTAPLM_embedding_random/test_prediction_seed1.csv; checkpoint: /sc/arion/projects/DiseaseGeneCell/Huang_lab_project/wangcDrugRepoProject/TRACE_Kin_Results_v4_mapgnn/catpred_dataset/catpred_kcat_MUTAPLM_embedding_random/save_model_seed1/model.pt

==========================================
Array task 2/10: OK (catpred_kcat_MUTAPLM_embedding_random)
==========================================


PS:

Read file <242906673.2.stderr> for stderr output of this job.

