Sender: LSF System <lsfadmin@lg02e08>
Subject: Job 242902819[8]: <trace_kin_v4_perfolder_s2[1-10]> in cluster <chimera> Done

Job <trace_kin_v4_perfolder_s2[1-10]> was submitted from host <li04e01> by user <wangc40> in cluster <chimera> at Sun May 10 21:53:41 2026
Job was executed on host(s) <16*lg02e08>, in queue <gpu>, as user <wangc40> in cluster <chimera> at Sun May 10 22:19:39 2026
</hpc/users/wangc40> was used as the home directory.
</sc/arion/projects/DiseaseGeneCell/Huang_lab_project/wangcDrugRepoProject/TRACE-Kin> was used as the working directory.
Started at Sun May 10 22:19:39 2026
Terminated at Sun May 10 22:51:54 2026
Results reported at Sun May 10 22:51:54 2026

Your job looked like:

------------------------------------------------------------
# LSBATCH: User input
#!/bin/bash
#BSUB -J trace_kin_v4_perfolder_s2[1-10]
#BSUB -P acc_DiseaseGeneCell
#BSUB -q gpu
#BSUB -R h100nvl
#BSUB -gpu num=1
#BSUB -n 16
#BSUB -R "rusage[mem=8000]"
#BSUB -R "span[hosts=1]"
#BSUB -W 48:00
#BSUB -o %J.%I.stdout
#BSUB -eo %J.%I.stderr
#BSUB -L /bin/bash

# =============================================================================
# TRACE-Kin v4 (MAP-GNN) PER-FOLDER + MutaPLM — top-10 RF-gap cells
# =============================================================================
# Submit with:
#     bsub < training/run_v4_perfolder_s1.lsf
#
# v4 = MAP-GNN: v1 GNN backbone + per-residue novelty score + pocket
# attention pool + MoLFormer-XL molecular context residual (preserved
# from v3). Unlike earlier versions, every cell uses MutaPLM as the
# protein embedding (the entire mutation-aware story rests on
# MutaPLM's residue-level mutation sensitivity), instead of the
# per-cell best-RF-baseline embedding.
#
# Per-residue novelty:
#   novelty[r] = ||MutaPLM[r] - aa_typical_mean[aa[r]]|| / aa_typical_std[aa[r]]
# where aa_typical statistics are precomputed once over the training
# corpus and cached at <datafolder>/aa_typical.pt. Mutations stand
# out because their MutaPLM vector deviates from the typical
# embedding for the residue's amino acid type — no explicit (WT,
# mutant) labels needed.
#
# Pocket attention:
#   pocket_logit[r] = MLP([MutaPLM[r], novelty[r], degree(r)])
#   pocket_weight[r] = softmax(pocket_logit) over r in same protein
#   prot_pool = sum_r (pocket_weight[r] * residue_h[r])
#
# Cells: same 10 as v3 (largest historical PSICHIC-vs-RF gap).
# Embedding source forced to MUTAPLM regardless of the per-cell
# best-RF choice in the historical benchmark.
#
# Outputs land under TRACE_Kin_Results_v4_mapgnn/<dataset>/<task_name>/
# so they don't collide with prior v3 trees.
# =============================================================================

# --- Environment -------------------------------------------------------------
ml purge

(... more ...)
------------------------------------------------------------

Successfully completed.

Resource usage summary:

    CPU time :                                   2298.00 sec.
    Max Memory :                                 64890 MB
    Average Memory :                             58615.97 MB
    Total Requested Memory :                     128000.00 MB
    Delta Memory :                               63110.00 MB
    Max Swap :                                   -
    Max Processes :                              4
    Max Threads :                                24
    Run time :                                   1935 sec.
    Turnaround time :                            3493 sec.

The output (if any) follows:

==========================================
TRACE-Kin v4 (MAP-GNN) PER-FOLDER task 8/10
==========================================
Date:        Sun May 10 22:19:42 EDT 2026
Dataset:     /sc/arion/projects/DiseaseGeneCell/Huang_lab_project/drug_discovery/output/data/enzyme_embeddings_dataset/catpred_dataset/catpred_ki_MUTAPLM_embedding_cold_protein
Result:      /sc/arion/projects/DiseaseGeneCell/Huang_lab_project/wangcDrugRepoProject/TRACE_Kin_Results_v4_mapgnn/catpred_dataset/catpred_ki_MUTAPLM_embedding_cold_protein
Config:      training/config_v4.json
MoLFormer:   /sc/arion/projects/DiseaseGeneCell/Huang_lab_project/wangcDrugRepoProject/transformersmodels/ibm/MoLFormer-XL-both-10pct
Pool CSVs:   (none — per-folder)
Model:       v4 MAP-GNN (per-folder, no pool, MUTAPLM + novelty + pocket attn + MoLFormer ctx)
Epochs:      50, batch=16, seed=2, lr=1e-4
==========================================
Python 3.12.2
Python: /sc/arion/work/wangc40/test-env/envs/test/bin/python
CUDA device: NVIDIA H100 80GB HBM3, sm_90
============================================================
TRACE-Kin training
============================================================
Datafolder:        /sc/arion/projects/DiseaseGeneCell/Huang_lab_project/drug_discovery/output/data/enzyme_embeddings_dataset/catpred_dataset/catpred_ki_MUTAPLM_embedding_cold_protein
Result path:       /sc/arion/projects/DiseaseGeneCell/Huang_lab_project/wangcDrugRepoProject/TRACE_Kin_Results_v4_mapgnn/catpred_dataset/catpred_ki_MUTAPLM_embedding_cold_protein
Config:            training/config_v4.json
Pool train CSVs:   (none)
============================================================
Loading primary train: /sc/arion/projects/DiseaseGeneCell/Huang_lab_project/drug_discovery/output/data/enzyme_embeddings_dataset/catpred_dataset/catpred_ki_MUTAPLM_embedding_cold_protein/train.parquet
Loading primary test: /sc/arion/projects/DiseaseGeneCell/Huang_lab_project/drug_discovery/output/data/enzyme_embeddings_dataset/catpred_dataset/catpred_ki_MUTAPLM_embedding_cold_protein/test.parquet
Loading primary val: /sc/arion/projects/DiseaseGeneCell/Huang_lab_project/drug_discovery/output/data/enzyme_embeddings_dataset/catpred_dataset/catpred_ki_MUTAPLM_embedding_cold_protein/val.parquet
Detected prot_evo_channels = 4096
seq2feat: 2829 unique sequences.
Loading MoLFormer-XL from /sc/arion/projects/DiseaseGeneCell/Huang_lab_project/wangcDrugRepoProject/transformersmodels/ibm/MoLFormer-XL-both-10pct
Computing MoLFormer embeddings for 7146 unique SMILES (batch_size=64)
  embedded 64/7146
  embedded 1344/7146
  embedded 2624/7146
  embedded 3904/7146
  embedded 5184/7146
  embedded 6464/7146
Saved MoLFormer cache: /sc/arion/projects/DiseaseGeneCell/Huang_lab_project/drug_discovery/output/data/enzyme_embeddings_dataset/catpred_dataset/catpred_ki_MUTAPLM_embedding_cold_protein/molformer_emb.pt (7146 SMILES)
MoLFormer embeddings: 7146 unique SMILES, dim=768
model_version: v4, use_swa: False
Building protein graphs from scratch (this can be slow)...
Computing aa_typical from 2829 proteins...
  21 amino acid types observed; saving cache to /sc/arion/projects/DiseaseGeneCell/Huang_lab_project/drug_discovery/output/data/enzyme_embeddings_dataset/catpred_dataset/catpred_ki_MUTAPLM_embedding_cold_protein/aa_typical.pt
Building ligand graphs from scratch...
⚠️  Warning: Failed to parse SMILES: *C(=O)OCC(O)CO[PH](=O)(=O)OCC(O)COC(*)=O
   Skipping this molecule and returning None
⚠️  Skipped invalid SMILES: *C(=O)OCC(O)CO[PH](=O)(=O)OCC(O)COC(*)=O
⚠️  Warning: Skipped 1 invalid SMILES strings
WARN: dropping 1 train rows with missing protein/ligand graphs.
loaders ready: train=518 test=147 val=82
Computing PNA degrees from training data...
Built TraceKinV4 with 7,494,323 parameters
[LR schedule] schedule_lr=False, lrate=0.0001, min_lrate=0, warmup_iters=0, lr_decay_iters=25900, total_iters=25900
Not in terminal, reprint now using normal build-in print function.
                              
                              
----------------------------------------
Epoch 001 with LR 0.000100: Model Results
----------------------------------------
Train MSE Loss: 2.7818, Train CLS Loss: 0.0000, Train MCLS Loss: 0.0000
Protein Cluster Region Loss - Ortho Loss: 0.0000, Cluster Loss: 0.0000
                              
Validation Results: {
    "ci": 0.7133,
    "classification_loss": 0.0,
    "cluster_loss": 0.0,
    "mae": 1.1988,
    "mse": 2.1938,
    "multiclassification_loss": 0.0,
    "ortho_loss": 0.0,
    "pearson": 0.6134,
    "regression_loss": 2.1925,
    "rm2": 0.365,
    "rmse": 1.4811,
    "sd": 1.4783,
    "spearman": 0.6035,
    "spectral_loss": 0.0
}
                              
Test Results: {
    "ci": 0.697,
    "classification_loss": 0.0,
    "cluster_loss": 0.0,
    "mae": 1.2461,
    "mse": 2.4298,
    "multiclassification_loss": 0.0,
    "ortho_loss": 0.0,
    "pearson": 0.5599,
    "regression_loss": 2.4297,
    "rm2": 0.3071,
    "rmse": 1.5588,
    "sd": 1.5498,
    "spearman": 0.5606,
    "spectral_loss": 0.0
}
                              
                              
----------------------------------------
Epoch 002 with LR 0.000100: Model Results
----------------------------------------
Train MSE Loss: 2.1780, Train CLS Loss: 0.0000, Train MCLS Loss: 0.0000
Protein Cluster Region Loss - Ortho Loss: 0.0000, Cluster Loss: 0.0000
                              
Validation Results: {
    "ci": 0.723,
    "classification_loss": 0.0,
    "cluster_loss": 0.0,
    "mae": 1.1676,
    "mse": 2.1052,
    "multiclassification_loss": 0.0,
    "ortho_loss": 0.0,
    "pearson": 0.635,
    "regression_loss": 2.1062,
    "rm2": 0.3847,
    "rmse": 1.4509,
    "sd": 1.4461,
    "spearman": 0.6245,
    "spectral_loss": 0.0
}
                              
Test Results: {
    "ci": 0.6902,
    "classification_loss": 0.0,
    "cluster_loss": 0.0,
    "mae": 1.2641,
    "mse": 2.5172,
    "multiclassification_loss": 0.0,
    "ortho_loss": 0.0,
    "pearson": 0.5471,
    "regression_loss": 2.5174,
    "rm2": 0.2968,
    "rmse": 1.5866,
    "sd": 1.5658,
    "spearman": 0.5424,
    "spectral_loss": 0.0
}
                              
                              
----------------------------------------
Epoch 003 with LR 0.000100: Model Results
----------------------------------------
Train MSE Loss: 1.8856, Train CLS Loss: 0.0000, Train MCLS Loss: 0.0000
Protein Cluster Region Loss - Ortho Loss: 0.0000, Cluster Loss: 0.0000
                              
Validation Results: {
    "ci": 0.725,
    "classification_loss": 0.0,
    "cluster_loss": 0.0,
    "mae": 1.165,
    "mse": 2.1962,
    "multiclassification_loss": 0.0,
    "ortho_loss": 0.0,
    "pearson": 0.6412,
    "regression_loss": 2.1951,
    "rm2": 0.3563,
    "rmse": 1.482,
    "sd": 1.4364,
    "spearman": 0.6317,
    "spectral_loss": 0.0
}
                              
Test Results: {
    "ci": 0.6902,
    "classification_loss": 0.0,
    "cluster_loss": 0.0,
    "mae": 1.2641,
    "mse": 2.5172,
    "multiclassification_loss": 0.0,
    "ortho_loss": 0.0,
    "pearson": 0.5471,
    "regression_loss": 2.5174,
    "rm2": 0.2968,
    "rmse": 1.5866,
    "sd": 1.5658,
    "spearman": 0.5424,
    "spectral_loss": 0.0
}
                              
                              
----------------------------------------
Epoch 004 with LR 0.000100: Model Results
----------------------------------------
Train MSE Loss: 1.7106, Train CLS Loss: 0.0000, Train MCLS Loss: 0.0000
Protein Cluster Region Loss - Ortho Loss: 0.0000, Cluster Loss: 0.0000
                              
Validation Results: {
    "ci": 0.7218,
    "classification_loss": 0.0,
    "cluster_loss": 0.0,
    "mae": 1.1568,
    "mse": 2.0972,
    "multiclassification_loss": 0.0,
    "ortho_loss": 0.0,
    "pearson": 0.6366,
    "regression_loss": 2.0998,
    "rm2": 0.3933,
    "rmse": 1.4482,
    "sd": 1.4437,
    "spearman": 0.6205,
    "spectral_loss": 0.0
}
                              
Test Results: {
    "ci": 0.6788,
    "classification_loss": 0.0,
    "cluster_loss": 0.0,
    "mae": 1.2862,
    "mse": 2.6346,
    "multiclassification_loss": 0.0,
    "ortho_loss": 0.0,
    "pearson": 0.5222,
    "regression_loss": 2.6342,
    "rm2": 0.2495,
    "rmse": 1.6231,
    "sd": 1.5952,
    "spearman": 0.5118,
    "spectral_loss": 0.0
}
                              
                              
----------------------------------------
Epoch 005 with LR 0.000100: Model Results
----------------------------------------
Train MSE Loss: 1.5731, Train CLS Loss: 0.0000, Train MCLS Loss: 0.0000
Protein Cluster Region Loss - Ortho Loss: 0.0000, Cluster Loss: 0.0000
                              
Validation Results: {
    "ci": 0.7137,
    "classification_loss": 0.0,
    "cluster_loss": 0.0,
    "mae": 1.1826,
    "mse": 2.3492,
    "multiclassification_loss": 0.0,
    "ortho_loss": 0.0,
    "pearson": 0.616,
    "regression_loss": 2.3553,
    "rm2": 0.3247,
    "rmse": 1.5327,
    "sd": 1.4745,
    "spearman": 0.5983,
    "spectral_loss": 0.0
}
                              
Test Results: {
    "ci": 0.6788,
    "classification_loss": 0.0,
    "cluster_loss": 0.0,
    "mae": 1.2862,
    "mse": 2.6346,
    "multiclassification_loss": 0.0,
    "ortho_loss": 0.0,
    "pearson": 0.5222,
    "regression_loss": 2.6342,
    "rm2": 0.2495,
    "rmse": 1.6231,
    "sd": 1.5952,
    "spearman": 0.5118,
    "spectral_loss": 0.0
}
                              
                              
----------------------------------------
Epoch 006 with LR 0.000100: Model Results
----------------------------------------
Train MSE Loss: 1.4416, Train CLS Loss: 0.0000, Train MCLS Loss: 0.0000
Protein Cluster Region Loss - Ortho Loss: 0.0000, Cluster Loss: 0.0000
                              
Validation Results: {
    "ci": 0.7153,
    "classification_loss": 0.0,
    "cluster_loss": 0.0,
    "mae": 1.1562,
    "mse": 2.2402,
    "multiclassification_loss": 0.0,
    "ortho_loss": 0.0,
    "pearson": 0.6205,
    "regression_loss": 2.2492,
    "rm2": 0.3331,
    "rmse": 1.4967,
    "sd": 1.4679,
    "spearman": 0.5995,
    "spectral_loss": 0.0
}
                              
Test Results: {
    "ci": 0.6788,
    "classification_loss": 0.0,
    "cluster_loss": 0.0,
    "mae": 1.2862,
    "mse": 2.6346,
    "multiclassification_loss": 0.0,
    "ortho_loss": 0.0,
    "pearson": 0.5222,
    "regression_loss": 2.6342,
    "rm2": 0.2495,
    "rmse": 1.6231,
    "sd": 1.5952,
    "spearman": 0.5118,
    "spectral_loss": 0.0
}
                              
                              
----------------------------------------
Epoch 007 with LR 0.000100: Model Results
----------------------------------------
Train MSE Loss: 1.3655, Train CLS Loss: 0.0000, Train MCLS Loss: 0.0000
Protein Cluster Region Loss - Ortho Loss: 0.0000, Cluster Loss: 0.0000
                              
Validation Results: {
    "ci": 0.7071,
    "classification_loss": 0.0,
    "cluster_loss": 0.0,
    "mae": 1.1894,
    "mse": 2.2559,
    "multiclassification_loss": 0.0,
    "ortho_loss": 0.0,
    "pearson": 0.6014,
    "regression_loss": 2.2646,
    "rm2": 0.3387,
    "rmse": 1.502,
    "sd": 1.4955,
    "spearman": 0.5825,
    "spectral_loss": 0.0
}
                              
Test Results: {
    "ci": 0.6788,
    "classification_loss": 0.0,
    "cluster_loss": 0.0,
    "mae": 1.2862,
    "mse": 2.6346,
    "multiclassification_loss": 0.0,
    "ortho_loss": 0.0,
    "pearson": 0.5222,
    "regression_loss": 2.6342,
    "rm2": 0.2495,
    "rmse": 1.6231,
    "sd": 1.5952,
    "spearman": 0.5118,
    "spectral_loss": 0.0
}
                              
                              
----------------------------------------
Epoch 008 with LR 0.000100: Model Results
----------------------------------------
Train MSE Loss: 1.2856, Train CLS Loss: 0.0000, Train MCLS Loss: 0.0000
Protein Cluster Region Loss - Ortho Loss: 0.0000, Cluster Loss: 0.0000
                              
Validation Results: {
    "ci": 0.7038,
    "classification_loss": 0.0,
    "cluster_loss": 0.0,
    "mae": 1.1942,
    "mse": 2.2863,
    "multiclassification_loss": 0.0,
    "ortho_loss": 0.0,
    "pearson": 0.6045,
    "regression_loss": 2.287,
    "rm2": 0.3277,
    "rmse": 1.512,
    "sd": 1.4912,
    "spearman": 0.572,
    "spectral_loss": 0.0
}
                              
Test Results: {
    "ci": 0.6788,
    "classification_loss": 0.0,
    "cluster_loss": 0.0,
    "mae": 1.2862,
    "mse": 2.6346,
    "multiclassification_loss": 0.0,
    "ortho_loss": 0.0,
    "pearson": 0.5222,
    "regression_loss": 2.6342,
    "rm2": 0.2495,
    "rmse": 1.6231,
    "sd": 1.5952,
    "spearman": 0.5118,
    "spectral_loss": 0.0
}
                              
                              
----------------------------------------
Epoch 009 with LR 0.000100: Model Results
----------------------------------------
Train MSE Loss: 1.2255, Train CLS Loss: 0.0000, Train MCLS Loss: 0.0000
Protein Cluster Region Loss - Ortho Loss: 0.0000, Cluster Loss: 0.0000
                              
Validation Results: {
    "ci": 0.7117,
    "classification_loss": 0.0,
    "cluster_loss": 0.0,
    "mae": 1.1799,
    "mse": 2.2119,
    "multiclassification_loss": 0.0,
    "ortho_loss": 0.0,
    "pearson": 0.6133,
    "regression_loss": 2.2207,
    "rm2": 0.3564,
    "rmse": 1.4873,
    "sd": 1.4785,
    "spearman": 0.5933,
    "spectral_loss": 0.0
}
                              
Test Results: {
    "ci": 0.6788,
    "classification_loss": 0.0,
    "cluster_loss": 0.0,
    "mae": 1.2862,
    "mse": 2.6346,
    "multiclassification_loss": 0.0,
    "ortho_loss": 0.0,
    "pearson": 0.5222,
    "regression_loss": 2.6342,
    "rm2": 0.2495,
    "rmse": 1.6231,
    "sd": 1.5952,
    "spearman": 0.5118,
    "spectral_loss": 0.0
}
                              
                              
----------------------------------------
Epoch 010 with LR 0.000100: Model Results
----------------------------------------
Train MSE Loss: 1.1385, Train CLS Loss: 0.0000, Train MCLS Loss: 0.0000
Protein Cluster Region Loss - Ortho Loss: 0.0000, Cluster Loss: 0.0000
                              
Validation Results: {
    "ci": 0.7144,
    "classification_loss": 0.0,
    "cluster_loss": 0.0,
    "mae": 1.2408,
    "mse": 2.5131,
    "multiclassification_loss": 0.0,
    "ortho_loss": 0.0,
    "pearson": 0.6041,
    "regression_loss": 2.5272,
    "rm2": 0.2806,
    "rmse": 1.5853,
    "sd": 1.4917,
    "spearman": 0.6,
    "spectral_loss": 0.0
}
                              
Test Results: {
    "ci": 0.6788,
    "classification_loss": 0.0,
    "cluster_loss": 0.0,
    "mae": 1.2862,
    "mse": 2.6346,
    "multiclassification_loss": 0.0,
    "ortho_loss": 0.0,
    "pearson": 0.5222,
    "regression_loss": 2.6342,
    "rm2": 0.2495,
    "rmse": 1.6231,
    "sd": 1.5952,
    "spearman": 0.5118,
    "spectral_loss": 0.0
}
                              
                              
----------------------------------------
Epoch 011 with LR 0.000100: Model Results
----------------------------------------
Train MSE Loss: 1.0731, Train CLS Loss: 0.0000, Train MCLS Loss: 0.0000
Protein Cluster Region Loss - Ortho Loss: 0.0000, Cluster Loss: 0.0000
                              
Validation Results: {
    "ci": 0.7162,
    "classification_loss": 0.0,
    "cluster_loss": 0.0,
    "mae": 1.184,
    "mse": 2.2715,
    "multiclassification_loss": 0.0,
    "ortho_loss": 0.0,
    "pearson": 0.6272,
    "regression_loss": 2.2849,
    "rm2": 0.3285,
    "rmse": 1.5071,
    "sd": 1.4579,
    "spearman": 0.6027,
    "spectral_loss": 0.0
}
                              
Test Results: {
    "ci": 0.6788,
    "classification_loss": 0.0,
    "cluster_loss": 0.0,
    "mae": 1.2862,
    "mse": 2.6346,
    "multiclassification_loss": 0.0,
    "ortho_loss": 0.0,
    "pearson": 0.5222,
    "regression_loss": 2.6342,
    "rm2": 0.2495,
    "rmse": 1.6231,
    "sd": 1.5952,
    "spearman": 0.5118,
    "spectral_loss": 0.0
}
                              
                              
----------------------------------------
Epoch 012 with LR 0.000100: Model Results
----------------------------------------
Train MSE Loss: 1.0264, Train CLS Loss: 0.0000, Train MCLS Loss: 0.0000
Protein Cluster Region Loss - Ortho Loss: 0.0000, Cluster Loss: 0.0000
                              
Validation Results: {
    "ci": 0.7011,
    "classification_loss": 0.0,
    "cluster_loss": 0.0,
    "mae": 1.2614,
    "mse": 2.5627,
    "multiclassification_loss": 0.0,
    "ortho_loss": 0.0,
    "pearson": 0.5813,
    "regression_loss": 2.5727,
    "rm2": 0.2716,
    "rmse": 1.6009,
    "sd": 1.5231,
    "spearman": 0.5691,
    "spectral_loss": 0.0
}
                              
Test Results: {
    "ci": 0.6788,
    "classification_loss": 0.0,
    "cluster_loss": 0.0,
    "mae": 1.2862,
    "mse": 2.6346,
    "multiclassification_loss": 0.0,
    "ortho_loss": 0.0,
    "pearson": 0.5222,
    "regression_loss": 2.6342,
    "rm2": 0.2495,
    "rmse": 1.6231,
    "sd": 1.5952,
    "spearman": 0.5118,
    "spectral_loss": 0.0
}
                              
                              
----------------------------------------
Epoch 013 with LR 0.000100: Model Results
----------------------------------------
Train MSE Loss: 0.9965, Train CLS Loss: 0.0000, Train MCLS Loss: 0.0000
Protein Cluster Region Loss - Ortho Loss: 0.0000, Cluster Loss: 0.0000
                              
Validation Results: {
    "ci": 0.699,
    "classification_loss": 0.0,
    "cluster_loss": 0.0,
    "mae": 1.2726,
    "mse": 2.6188,
    "multiclassification_loss": 0.0,
    "ortho_loss": 0.0,
    "pearson": 0.5815,
    "regression_loss": 2.6331,
    "rm2": 0.2677,
    "rmse": 1.6183,
    "sd": 1.5229,
    "spearman": 0.5631,
    "spectral_loss": 0.0
}
                              
Test Results: {
    "ci": 0.6788,
    "classification_loss": 0.0,
    "cluster_loss": 0.0,
    "mae": 1.2862,
    "mse": 2.6346,
    "multiclassification_loss": 0.0,
    "ortho_loss": 0.0,
    "pearson": 0.5222,
    "regression_loss": 2.6342,
    "rm2": 0.2495,
    "rmse": 1.6231,
    "sd": 1.5952,
    "spearman": 0.5118,
    "spectral_loss": 0.0
}
                              
                              
----------------------------------------
Epoch 014 with LR 0.000100: Model Results
----------------------------------------
Train MSE Loss: 0.9286, Train CLS Loss: 0.0000, Train MCLS Loss: 0.0000
Protein Cluster Region Loss - Ortho Loss: 0.0000, Cluster Loss: 0.0000
                              
Validation Results: {
    "ci": 0.7004,
    "classification_loss": 0.0,
    "cluster_loss": 0.0,
    "mae": 1.272,
    "mse": 2.5243,
    "multiclassification_loss": 0.0,
    "ortho_loss": 0.0,
    "pearson": 0.596,
    "regression_loss": 2.539,
    "rm2": 0.3224,
    "rmse": 1.5888,
    "sd": 1.5031,
    "spearman": 0.5654,
    "spectral_loss": 0.0
}
                              
Test Results: {
    "ci": 0.6788,
    "classification_loss": 0.0,
    "cluster_loss": 0.0,
    "mae": 1.2862,
    "mse": 2.6346,
    "multiclassification_loss": 0.0,
    "ortho_loss": 0.0,
    "pearson": 0.5222,
    "regression_loss": 2.6342,
    "rm2": 0.2495,
    "rmse": 1.6231,
    "sd": 1.5952,
    "spearman": 0.5118,
    "spectral_loss": 0.0
}

Early stopping at epoch 14 (no improvement for 10 epochs)
[best epoch] epoch=4, best_rmse=1.4482, lr_at_best=1.000e-04
                              
                              
----------------------------------------
Epoch 014 with LR 0.000100: Model Results
----------------------------------------
Train MSE Loss: 0.9286, Train CLS Loss: 0.0000, Train MCLS Loss: 0.0000
Protein Cluster Region Loss - Ortho Loss: 0.0000, Cluster Loss: 0.0000
                              
Validation Results: {
    "ci": 0.7004,
    "classification_loss": 0.0,
    "cluster_loss": 0.0,
    "mae": 1.272,
    "mse": 2.5243,
    "multiclassification_loss": 0.0,
    "ortho_loss": 0.0,
    "pearson": 0.596,
    "regression_loss": 2.539,
    "rm2": 0.3224,
    "rmse": 1.5888,
    "sd": 1.5031,
    "spearman": 0.5654,
    "spectral_loss": 0.0
}
                              
Test Results: {
    "ci": 0.6788,
    "classification_loss": 0.0,
    "cluster_loss": 0.0,
    "mae": 1.2862,
    "mse": 2.6346,
    "multiclassification_loss": 0.0,
    "ortho_loss": 0.0,
    "pearson": 0.5222,
    "regression_loss": 2.6342,
    "rm2": 0.2495,
    "rmse": 1.6231,
    "sd": 1.5952,
    "spearman": 0.5118,
    "spectral_loss": 0.0
}
Final test metrics: rmse=1.6231, pearson=0.5222, r2_proxy(mse)=2.6346
Done. Predictions: /sc/arion/projects/DiseaseGeneCell/Huang_lab_project/wangcDrugRepoProject/TRACE_Kin_Results_v4_mapgnn/catpred_dataset/catpred_ki_MUTAPLM_embedding_cold_protein/test_prediction_seed2.csv; checkpoint: /sc/arion/projects/DiseaseGeneCell/Huang_lab_project/wangcDrugRepoProject/TRACE_Kin_Results_v4_mapgnn/catpred_dataset/catpred_ki_MUTAPLM_embedding_cold_protein/save_model_seed2/model.pt

==========================================
Array task 8/10: OK (catpred_ki_MUTAPLM_embedding_cold_protein)
==========================================


PS:

Read file <242902819.8.stderr> for stderr output of this job.

