Sender: LSF System <lsfadmin@lg02e07>
Subject: Job 242906676[7]: <trace_kin_v4_perfolder_s3[1-10]> in cluster <chimera> Done

Job <trace_kin_v4_perfolder_s3[1-10]> was submitted from host <li04e01> by user <wangc40> in cluster <chimera> at Mon May 11 00:07:38 2026
Job was executed on host(s) <16*lg02e07>, in queue <gpu>, as user <wangc40> in cluster <chimera> at Mon May 11 05:24:43 2026
</hpc/users/wangc40> was used as the home directory.
</sc/arion/projects/DiseaseGeneCell/Huang_lab_project/wangcDrugRepoProject/TRACE-Kin> was used as the working directory.
Started at Mon May 11 05:24:43 2026
Terminated at Mon May 11 08:01:16 2026
Results reported at Mon May 11 08:01:16 2026

Your job looked like:

------------------------------------------------------------
# LSBATCH: User input
#!/bin/bash
#BSUB -J trace_kin_v4_perfolder_s3[1-10]
#BSUB -P acc_DiseaseGeneCell
#BSUB -q gpu
#BSUB -R h100nvl
#BSUB -gpu num=1
#BSUB -n 16
#BSUB -R "rusage[mem=15000]"
#BSUB -R "span[hosts=1]"
#BSUB -W 48:00
#BSUB -o %J.%I.stdout
#BSUB -eo %J.%I.stderr
#BSUB -L /bin/bash

# =============================================================================
# TRACE-Kin v4 (MAP-GNN) PER-FOLDER + MutaPLM — top-10 RF-gap cells
# =============================================================================
# Submit with:
#     bsub < training/run_v4_perfolder_s1.lsf
#
# v4 = MAP-GNN: v1 GNN backbone + per-residue novelty score + pocket
# attention pool + MoLFormer-XL molecular context residual (preserved
# from v3). Unlike earlier versions, every cell uses MutaPLM as the
# protein embedding (the entire mutation-aware story rests on
# MutaPLM's residue-level mutation sensitivity), instead of the
# per-cell best-RF-baseline embedding.
#
# Per-residue novelty:
#   novelty[r] = ||MutaPLM[r] - aa_typical_mean[aa[r]]|| / aa_typical_std[aa[r]]
# where aa_typical statistics are precomputed once over the training
# corpus and cached at <datafolder>/aa_typical.pt. Mutations stand
# out because their MutaPLM vector deviates from the typical
# embedding for the residue's amino acid type — no explicit (WT,
# mutant) labels needed.
#
# Pocket attention:
#   pocket_logit[r] = MLP([MutaPLM[r], novelty[r], degree(r)])
#   pocket_weight[r] = softmax(pocket_logit) over r in same protein
#   prot_pool = sum_r (pocket_weight[r] * residue_h[r])
#
# Cells: same 10 as v3 (largest historical PSICHIC-vs-RF gap).
# Embedding source forced to MUTAPLM regardless of the per-cell
# best-RF choice in the historical benchmark.
#
# Outputs land under TRACE_Kin_Results_v4_mapgnn/<dataset>/<task_name>/
# so they don't collide with prior v3 trees.
# =============================================================================

# --- Environment -------------------------------------------------------------
ml purge

(... more ...)
------------------------------------------------------------

Successfully completed.

Resource usage summary:

    CPU time :                                   10378.00 sec.
    Max Memory :                                 52741 MB
    Average Memory :                             50279.20 MB
    Total Requested Memory :                     240000.00 MB
    Delta Memory :                               187259.00 MB
    Max Swap :                                   -
    Max Processes :                              4
    Max Threads :                                25
    Run time :                                   9393 sec.
    Turnaround time :                            28418 sec.

The output (if any) follows:

==========================================
TRACE-Kin v4 (MAP-GNN) PER-FOLDER task 7/10
==========================================
Date:        Mon May 11 05:24:46 EDT 2026
Dataset:     /sc/arion/projects/DiseaseGeneCell/Huang_lab_project/drug_discovery/output/data/enzyme_embeddings_dataset/EITLEM_dataset/EITLEM_km_MUTAPLM_embedding_cold_protein
Result:      /sc/arion/projects/DiseaseGeneCell/Huang_lab_project/wangcDrugRepoProject/TRACE_Kin_Results_v4_mapgnn/EITLEM_dataset/EITLEM_km_MUTAPLM_embedding_cold_protein
Config:      training/config_v4.json
MoLFormer:   /sc/arion/projects/DiseaseGeneCell/Huang_lab_project/wangcDrugRepoProject/transformersmodels/ibm/MoLFormer-XL-both-10pct
Pool CSVs:   (none — per-folder)
Model:       v4 MAP-GNN (per-folder, no pool, MUTAPLM + novelty + pocket attn + MoLFormer ctx)
Epochs:      50, batch=16, seed=3, lr=1e-4
==========================================
Python 3.12.2
Python: /sc/arion/work/wangc40/test-env/envs/test/bin/python
CUDA device: NVIDIA H100 80GB HBM3, sm_90
============================================================
TRACE-Kin training
============================================================
Datafolder:        /sc/arion/projects/DiseaseGeneCell/Huang_lab_project/drug_discovery/output/data/enzyme_embeddings_dataset/EITLEM_dataset/EITLEM_km_MUTAPLM_embedding_cold_protein
Result path:       /sc/arion/projects/DiseaseGeneCell/Huang_lab_project/wangcDrugRepoProject/TRACE_Kin_Results_v4_mapgnn/EITLEM_dataset/EITLEM_km_MUTAPLM_embedding_cold_protein
Config:            training/config_v4.json
Pool train CSVs:   (none)
============================================================
[mem] before load_split_dataframes             max RSS = 0.59 GB
Loading primary train: /sc/arion/projects/DiseaseGeneCell/Huang_lab_project/drug_discovery/output/data/enzyme_embeddings_dataset/EITLEM_dataset/EITLEM_km_MUTAPLM_embedding_cold_protein/train.parquet
Loading primary test: /sc/arion/projects/DiseaseGeneCell/Huang_lab_project/drug_discovery/output/data/enzyme_embeddings_dataset/EITLEM_dataset/EITLEM_km_MUTAPLM_embedding_cold_protein/test.parquet
Loading primary val: /sc/arion/projects/DiseaseGeneCell/Huang_lab_project/drug_discovery/output/data/enzyme_embeddings_dataset/EITLEM_dataset/EITLEM_km_MUTAPLM_embedding_cold_protein/val.parquet
Detected prot_evo_channels = 4096
seq2feat: 14058 unique sequences.
Loading MoLFormer-XL from /sc/arion/projects/DiseaseGeneCell/Huang_lab_project/wangcDrugRepoProject/transformersmodels/ibm/MoLFormer-XL-both-10pct
Computing MoLFormer embeddings for 5247 unique SMILES (batch_size=64)
  embedded 64/5247
  embedded 1344/5247
  embedded 2624/5247
  embedded 3904/5247
  embedded 5184/5247
Saved MoLFormer cache: /sc/arion/projects/DiseaseGeneCell/Huang_lab_project/drug_discovery/output/data/enzyme_embeddings_dataset/EITLEM_dataset/EITLEM_km_MUTAPLM_embedding_cold_protein/molformer_emb.pt (5247 SMILES)
MoLFormer embeddings: 5247 unique SMILES, dim=768
[mem] after load_split_dataframes              max RSS = 3.24 GB
model_version: v4, use_swa: False
Building protein graphs from scratch (this can be slow)...
U, B, O, or 0 in Sequence
U, B, O, or 0 in Sequence
U, B, O, or 0 in Sequence
U, B, O, or 0 in Sequence
U, B, O, or 0 in Sequence
U, B, O, or 0 in Sequence
U, B, O, or 0 in Sequence
U, B, O, or 0 in Sequence
U, B, O, or 0 in Sequence
U, B, O, or 0 in Sequence
U, B, O, or 0 in Sequence
U, B, O, or 0 in Sequence
U, B, O, or 0 in Sequence
U, B, O, or 0 in Sequence
U, B, O, or 0 in Sequence
U, B, O, or 0 in Sequence
U, B, O, or 0 in Sequence
U, B, O, or 0 in Sequence
Computing aa_typical from 14058 proteins...
  24 amino acid types observed; saving cache to /sc/arion/projects/DiseaseGeneCell/Huang_lab_project/drug_discovery/output/data/enzyme_embeddings_dataset/EITLEM_dataset/EITLEM_km_MUTAPLM_embedding_cold_protein/aa_typical.pt
  aa_typical buffers: means/stds shape (25, 4096), 24 known + 1 unknown AA slot
Building ligand graphs from scratch...
[mem] after preprocess                         max RSS = 51.13 GB
[mem] after free seq2feat/smi2chembert         max RSS = 51.13 GB
loaders ready: train=1283 test=367 val=184
[mem] after make_loaders                       max RSS = 51.13 GB
Computing PNA degrees from training data...
Built TraceKinV4 with 7,494,323 parameters
[LR schedule] schedule_lr=False, lrate=0.0001, min_lrate=0, warmup_iters=0, lr_decay_iters=64150, total_iters=64150
Not in terminal, reprint now using normal build-in print function.
                              
                              
----------------------------------------
Epoch 001 with LR 0.000100: Model Results
----------------------------------------
Train MSE Loss: 1.1918, Train CLS Loss: 0.0000, Train MCLS Loss: 0.0000
Protein Cluster Region Loss - Ortho Loss: 0.0000, Cluster Loss: 0.0000
                              
Validation Results: {
    "ci": 0.716,
    "classification_loss": 0.0,
    "cluster_loss": 0.0,
    "mae": 0.817,
    "mse": 1.1727,
    "multiclassification_loss": 0.0,
    "ortho_loss": 0.0,
    "pearson": 0.5855,
    "regression_loss": 1.2064,
    "rm2": 0.3175,
    "rmse": 1.0829,
    "sd": 1.069,
    "spearman": 0.6065,
    "spectral_loss": 0.0
}
                              
Test Results: {
    "ci": 0.6991,
    "classification_loss": 0.0,
    "cluster_loss": 0.0,
    "mae": 0.8303,
    "mse": 1.1912,
    "multiclassification_loss": 0.0,
    "ortho_loss": 0.0,
    "pearson": 0.5522,
    "regression_loss": 1.1912,
    "rm2": 0.2787,
    "rmse": 1.0914,
    "sd": 1.0801,
    "spearman": 0.5589,
    "spectral_loss": 0.0
}
                              
                              
----------------------------------------
Epoch 002 with LR 0.000100: Model Results
----------------------------------------
Train MSE Loss: 1.0030, Train CLS Loss: 0.0000, Train MCLS Loss: 0.0000
Protein Cluster Region Loss - Ortho Loss: 0.0000, Cluster Loss: 0.0000
                              
Validation Results: {
    "ci": 0.7291,
    "classification_loss": 0.0,
    "cluster_loss": 0.0,
    "mae": 0.7798,
    "mse": 1.0673,
    "multiclassification_loss": 0.0,
    "ortho_loss": 0.0,
    "pearson": 0.6219,
    "regression_loss": 1.1097,
    "rm2": 0.3807,
    "rmse": 1.0331,
    "sd": 1.0326,
    "spearman": 0.6376,
    "spectral_loss": 0.0
}
                              
Test Results: {
    "ci": 0.7212,
    "classification_loss": 0.0,
    "cluster_loss": 0.0,
    "mae": 0.7871,
    "mse": 1.0515,
    "multiclassification_loss": 0.0,
    "ortho_loss": 0.0,
    "pearson": 0.6148,
    "regression_loss": 1.0519,
    "rm2": 0.3754,
    "rmse": 1.0254,
    "sd": 1.0217,
    "spearman": 0.6163,
    "spectral_loss": 0.0
}
                              
                              
----------------------------------------
Epoch 003 with LR 0.000100: Model Results
----------------------------------------
Train MSE Loss: 0.8400, Train CLS Loss: 0.0000, Train MCLS Loss: 0.0000
Protein Cluster Region Loss - Ortho Loss: 0.0000, Cluster Loss: 0.0000
                              
Validation Results: {
    "ci": 0.7328,
    "classification_loss": 0.0,
    "cluster_loss": 0.0,
    "mae": 0.7715,
    "mse": 1.0458,
    "multiclassification_loss": 0.0,
    "ortho_loss": 0.0,
    "pearson": 0.6327,
    "regression_loss": 1.0758,
    "rm2": 0.3905,
    "rmse": 1.0227,
    "sd": 1.0211,
    "spearman": 0.6466,
    "spectral_loss": 0.0
}
                              
Test Results: {
    "ci": 0.7321,
    "classification_loss": 0.0,
    "cluster_loss": 0.0,
    "mae": 0.7602,
    "mse": 0.9928,
    "multiclassification_loss": 0.0,
    "ortho_loss": 0.0,
    "pearson": 0.6414,
    "regression_loss": 0.9927,
    "rm2": 0.4008,
    "rmse": 0.9964,
    "sd": 0.9939,
    "spearman": 0.6412,
    "spectral_loss": 0.0
}
                              
                              
----------------------------------------
Epoch 004 with LR 0.000100: Model Results
----------------------------------------
Train MSE Loss: 0.7208, Train CLS Loss: 0.0000, Train MCLS Loss: 0.0000
Protein Cluster Region Loss - Ortho Loss: 0.0000, Cluster Loss: 0.0000
                              
Validation Results: {
    "ci": 0.7353,
    "classification_loss": 0.0,
    "cluster_loss": 0.0,
    "mae": 0.7801,
    "mse": 1.0901,
    "multiclassification_loss": 0.0,
    "ortho_loss": 0.0,
    "pearson": 0.6349,
    "regression_loss": 1.1258,
    "rm2": 0.3444,
    "rmse": 1.0441,
    "sd": 1.0187,
    "spearman": 0.6494,
    "spectral_loss": 0.0
}
                              
Test Results: {
    "ci": 0.7321,
    "classification_loss": 0.0,
    "cluster_loss": 0.0,
    "mae": 0.7602,
    "mse": 0.9928,
    "multiclassification_loss": 0.0,
    "ortho_loss": 0.0,
    "pearson": 0.6414,
    "regression_loss": 0.9927,
    "rm2": 0.4008,
    "rmse": 0.9964,
    "sd": 0.9939,
    "spearman": 0.6412,
    "spectral_loss": 0.0
}
                              
                              
----------------------------------------
Epoch 005 with LR 0.000100: Model Results
----------------------------------------
Train MSE Loss: 0.6450, Train CLS Loss: 0.0000, Train MCLS Loss: 0.0000
Protein Cluster Region Loss - Ortho Loss: 0.0000, Cluster Loss: 0.0000
                              
Validation Results: {
    "ci": 0.7332,
    "classification_loss": 0.0,
    "cluster_loss": 0.0,
    "mae": 0.7602,
    "mse": 1.0428,
    "multiclassification_loss": 0.0,
    "ortho_loss": 0.0,
    "pearson": 0.6358,
    "regression_loss": 1.0654,
    "rm2": 0.398,
    "rmse": 1.0212,
    "sd": 1.0178,
    "spearman": 0.6425,
    "spectral_loss": 0.0
}
                              
Test Results: {
    "ci": 0.7365,
    "classification_loss": 0.0,
    "cluster_loss": 0.0,
    "mae": 0.7446,
    "mse": 0.9664,
    "multiclassification_loss": 0.0,
    "ortho_loss": 0.0,
    "pearson": 0.658,
    "regression_loss": 0.9665,
    "rm2": 0.413,
    "rmse": 0.9831,
    "sd": 0.9756,
    "spearman": 0.6487,
    "spectral_loss": 0.0
}
                              
                              
----------------------------------------
Epoch 006 with LR 0.000100: Model Results
----------------------------------------
Train MSE Loss: 0.5902, Train CLS Loss: 0.0000, Train MCLS Loss: 0.0000
Protein Cluster Region Loss - Ortho Loss: 0.0000, Cluster Loss: 0.0000
                              
Validation Results: {
    "ci": 0.7367,
    "classification_loss": 0.0,
    "cluster_loss": 0.0,
    "mae": 0.7586,
    "mse": 1.0363,
    "multiclassification_loss": 0.0,
    "ortho_loss": 0.0,
    "pearson": 0.6466,
    "regression_loss": 1.0524,
    "rm2": 0.3733,
    "rmse": 1.018,
    "sd": 1.0059,
    "spearman": 0.6502,
    "spectral_loss": 0.0
}
                              
Test Results: {
    "ci": 0.7386,
    "classification_loss": 0.0,
    "cluster_loss": 0.0,
    "mae": 0.7439,
    "mse": 0.9711,
    "multiclassification_loss": 0.0,
    "ortho_loss": 0.0,
    "pearson": 0.6581,
    "regression_loss": 0.9713,
    "rm2": 0.3906,
    "rmse": 0.9854,
    "sd": 0.9755,
    "spearman": 0.6539,
    "spectral_loss": 0.0
}
                              
                              
----------------------------------------
Epoch 007 with LR 0.000100: Model Results
----------------------------------------
Train MSE Loss: 0.5502, Train CLS Loss: 0.0000, Train MCLS Loss: 0.0000
Protein Cluster Region Loss - Ortho Loss: 0.0000, Cluster Loss: 0.0000
                              
Validation Results: {
    "ci": 0.7387,
    "classification_loss": 0.0,
    "cluster_loss": 0.0,
    "mae": 0.7496,
    "mse": 1.0228,
    "multiclassification_loss": 0.0,
    "ortho_loss": 0.0,
    "pearson": 0.65,
    "regression_loss": 1.0425,
    "rm2": 0.3897,
    "rmse": 1.0113,
    "sd": 1.0021,
    "spearman": 0.6554,
    "spectral_loss": 0.0
}
                              
Test Results: {
    "ci": 0.7391,
    "classification_loss": 0.0,
    "cluster_loss": 0.0,
    "mae": 0.7338,
    "mse": 0.9562,
    "multiclassification_loss": 0.0,
    "ortho_loss": 0.0,
    "pearson": 0.6618,
    "regression_loss": 0.9561,
    "rm2": 0.4143,
    "rmse": 0.9779,
    "sd": 0.9712,
    "spearman": 0.6535,
    "spectral_loss": 0.0
}
                              
                              
----------------------------------------
Epoch 008 with LR 0.000100: Model Results
----------------------------------------
Train MSE Loss: 0.5252, Train CLS Loss: 0.0000, Train MCLS Loss: 0.0000
Protein Cluster Region Loss - Ortho Loss: 0.0000, Cluster Loss: 0.0000
                              
Validation Results: {
    "ci": 0.7409,
    "classification_loss": 0.0,
    "cluster_loss": 0.0,
    "mae": 0.7448,
    "mse": 1.0132,
    "multiclassification_loss": 0.0,
    "ortho_loss": 0.0,
    "pearson": 0.6576,
    "regression_loss": 1.0263,
    "rm2": 0.3938,
    "rmse": 1.0066,
    "sd": 0.9934,
    "spearman": 0.6582,
    "spectral_loss": 0.0
}
                              
Test Results: {
    "ci": 0.7431,
    "classification_loss": 0.0,
    "cluster_loss": 0.0,
    "mae": 0.7285,
    "mse": 0.9501,
    "multiclassification_loss": 0.0,
    "ortho_loss": 0.0,
    "pearson": 0.6679,
    "regression_loss": 0.9498,
    "rm2": 0.4186,
    "rmse": 0.9747,
    "sd": 0.9642,
    "spearman": 0.6633,
    "spectral_loss": 0.0
}
                              
                              
----------------------------------------
Epoch 009 with LR 0.000100: Model Results
----------------------------------------
Train MSE Loss: 0.5006, Train CLS Loss: 0.0000, Train MCLS Loss: 0.0000
Protein Cluster Region Loss - Ortho Loss: 0.0000, Cluster Loss: 0.0000
                              
Validation Results: {
    "ci": 0.7465,
    "classification_loss": 0.0,
    "cluster_loss": 0.0,
    "mae": 0.7351,
    "mse": 0.9728,
    "multiclassification_loss": 0.0,
    "ortho_loss": 0.0,
    "pearson": 0.6749,
    "regression_loss": 0.9854,
    "rm2": 0.4429,
    "rmse": 0.9863,
    "sd": 0.9731,
    "spearman": 0.6727,
    "spectral_loss": 0.0
}
                              
Test Results: {
    "ci": 0.745,
    "classification_loss": 0.0,
    "cluster_loss": 0.0,
    "mae": 0.7305,
    "mse": 0.9555,
    "multiclassification_loss": 0.0,
    "ortho_loss": 0.0,
    "pearson": 0.6716,
    "regression_loss": 0.9554,
    "rm2": 0.4331,
    "rmse": 0.9775,
    "sd": 0.9599,
    "spearman": 0.667,
    "spectral_loss": 0.0
}
                              
                              
----------------------------------------
Epoch 010 with LR 0.000100: Model Results
----------------------------------------
Train MSE Loss: 0.4798, Train CLS Loss: 0.0000, Train MCLS Loss: 0.0000
Protein Cluster Region Loss - Ortho Loss: 0.0000, Cluster Loss: 0.0000
                              
Validation Results: {
    "ci": 0.7465,
    "classification_loss": 0.0,
    "cluster_loss": 0.0,
    "mae": 0.7218,
    "mse": 0.9634,
    "multiclassification_loss": 0.0,
    "ortho_loss": 0.0,
    "pearson": 0.6704,
    "regression_loss": 0.983,
    "rm2": 0.4472,
    "rmse": 0.9816,
    "sd": 0.9784,
    "spearman": 0.6708,
    "spectral_loss": 0.0
}
                              
Test Results: {
    "ci": 0.7468,
    "classification_loss": 0.0,
    "cluster_loss": 0.0,
    "mae": 0.717,
    "mse": 0.9328,
    "multiclassification_loss": 0.0,
    "ortho_loss": 0.0,
    "pearson": 0.6704,
    "regression_loss": 0.9331,
    "rm2": 0.4403,
    "rmse": 0.9658,
    "sd": 0.9613,
    "spearman": 0.671,
    "spectral_loss": 0.0
}
                              
                              
----------------------------------------
Epoch 011 with LR 0.000100: Model Results
----------------------------------------
Train MSE Loss: 0.4615, Train CLS Loss: 0.0000, Train MCLS Loss: 0.0000
Protein Cluster Region Loss - Ortho Loss: 0.0000, Cluster Loss: 0.0000
                              
Validation Results: {
    "ci": 0.7451,
    "classification_loss": 0.0,
    "cluster_loss": 0.0,
    "mae": 0.724,
    "mse": 0.9616,
    "multiclassification_loss": 0.0,
    "ortho_loss": 0.0,
    "pearson": 0.6736,
    "regression_loss": 0.979,
    "rm2": 0.4489,
    "rmse": 0.9806,
    "sd": 0.9745,
    "spearman": 0.6668,
    "spectral_loss": 0.0
}
                              
Test Results: {
    "ci": 0.7429,
    "classification_loss": 0.0,
    "cluster_loss": 0.0,
    "mae": 0.7276,
    "mse": 0.9452,
    "multiclassification_loss": 0.0,
    "ortho_loss": 0.0,
    "pearson": 0.6681,
    "regression_loss": 0.945,
    "rm2": 0.4362,
    "rmse": 0.9722,
    "sd": 0.964,
    "spearman": 0.6624,
    "spectral_loss": 0.0
}
                              
                              
----------------------------------------
Epoch 012 with LR 0.000100: Model Results
----------------------------------------
Train MSE Loss: 0.4429, Train CLS Loss: 0.0000, Train MCLS Loss: 0.0000
Protein Cluster Region Loss - Ortho Loss: 0.0000, Cluster Loss: 0.0000
                              
Validation Results: {
    "ci": 0.7403,
    "classification_loss": 0.0,
    "cluster_loss": 0.0,
    "mae": 0.7395,
    "mse": 0.9827,
    "multiclassification_loss": 0.0,
    "ortho_loss": 0.0,
    "pearson": 0.6635,
    "regression_loss": 0.9947,
    "rm2": 0.4297,
    "rmse": 0.9913,
    "sd": 0.9866,
    "spearman": 0.6566,
    "spectral_loss": 0.0
}
                              
Test Results: {
    "ci": 0.7429,
    "classification_loss": 0.0,
    "cluster_loss": 0.0,
    "mae": 0.7276,
    "mse": 0.9452,
    "multiclassification_loss": 0.0,
    "ortho_loss": 0.0,
    "pearson": 0.6681,
    "regression_loss": 0.945,
    "rm2": 0.4362,
    "rmse": 0.9722,
    "sd": 0.964,
    "spearman": 0.6624,
    "spectral_loss": 0.0
}
                              
                              
----------------------------------------
Epoch 013 with LR 0.000100: Model Results
----------------------------------------
Train MSE Loss: 0.4303, Train CLS Loss: 0.0000, Train MCLS Loss: 0.0000
Protein Cluster Region Loss - Ortho Loss: 0.0000, Cluster Loss: 0.0000
                              
Validation Results: {
    "ci": 0.7481,
    "classification_loss": 0.0,
    "cluster_loss": 0.0,
    "mae": 0.7252,
    "mse": 0.9706,
    "multiclassification_loss": 0.0,
    "ortho_loss": 0.0,
    "pearson": 0.682,
    "regression_loss": 0.9881,
    "rm2": 0.4128,
    "rmse": 0.9852,
    "sd": 0.9643,
    "spearman": 0.6734,
    "spectral_loss": 0.0
}
                              
Test Results: {
    "ci": 0.7429,
    "classification_loss": 0.0,
    "cluster_loss": 0.0,
    "mae": 0.7276,
    "mse": 0.9452,
    "multiclassification_loss": 0.0,
    "ortho_loss": 0.0,
    "pearson": 0.6681,
    "regression_loss": 0.945,
    "rm2": 0.4362,
    "rmse": 0.9722,
    "sd": 0.964,
    "spearman": 0.6624,
    "spectral_loss": 0.0
}
                              
                              
----------------------------------------
Epoch 014 with LR 0.000100: Model Results
----------------------------------------
Train MSE Loss: 0.4134, Train CLS Loss: 0.0000, Train MCLS Loss: 0.0000
Protein Cluster Region Loss - Ortho Loss: 0.0000, Cluster Loss: 0.0000
                              
Validation Results: {
    "ci": 0.7468,
    "classification_loss": 0.0,
    "cluster_loss": 0.0,
    "mae": 0.7295,
    "mse": 0.9836,
    "multiclassification_loss": 0.0,
    "ortho_loss": 0.0,
    "pearson": 0.6774,
    "regression_loss": 1.0001,
    "rm2": 0.4236,
    "rmse": 0.9918,
    "sd": 0.9701,
    "spearman": 0.6705,
    "spectral_loss": 0.0
}
                              
Test Results: {
    "ci": 0.7429,
    "classification_loss": 0.0,
    "cluster_loss": 0.0,
    "mae": 0.7276,
    "mse": 0.9452,
    "multiclassification_loss": 0.0,
    "ortho_loss": 0.0,
    "pearson": 0.6681,
    "regression_loss": 0.945,
    "rm2": 0.4362,
    "rmse": 0.9722,
    "sd": 0.964,
    "spearman": 0.6624,
    "spectral_loss": 0.0
}
                              
                              
----------------------------------------
Epoch 015 with LR 0.000100: Model Results
----------------------------------------
Train MSE Loss: 0.4045, Train CLS Loss: 0.0000, Train MCLS Loss: 0.0000
Protein Cluster Region Loss - Ortho Loss: 0.0000, Cluster Loss: 0.0000
                              
Validation Results: {
    "ci": 0.7532,
    "classification_loss": 0.0,
    "cluster_loss": 0.0,
    "mae": 0.7093,
    "mse": 0.9228,
    "multiclassification_loss": 0.0,
    "ortho_loss": 0.0,
    "pearson": 0.6969,
    "regression_loss": 0.9422,
    "rm2": 0.4555,
    "rmse": 0.9606,
    "sd": 0.9457,
    "spearman": 0.6854,
    "spectral_loss": 0.0
}
                              
Test Results: {
    "ci": 0.752,
    "classification_loss": 0.0,
    "cluster_loss": 0.0,
    "mae": 0.7089,
    "mse": 0.937,
    "multiclassification_loss": 0.0,
    "ortho_loss": 0.0,
    "pearson": 0.6786,
    "regression_loss": 0.9382,
    "rm2": 0.4417,
    "rmse": 0.968,
    "sd": 0.9516,
    "spearman": 0.6799,
    "spectral_loss": 0.0
}
                              
                              
----------------------------------------
Epoch 016 with LR 0.000100: Model Results
----------------------------------------
Train MSE Loss: 0.3937, Train CLS Loss: 0.0000, Train MCLS Loss: 0.0000
Protein Cluster Region Loss - Ortho Loss: 0.0000, Cluster Loss: 0.0000
                              
Validation Results: {
    "ci": 0.7451,
    "classification_loss": 0.0,
    "cluster_loss": 0.0,
    "mae": 0.7469,
    "mse": 1.0522,
    "multiclassification_loss": 0.0,
    "ortho_loss": 0.0,
    "pearson": 0.671,
    "regression_loss": 1.0652,
    "rm2": 0.426,
    "rmse": 1.0258,
    "sd": 0.9777,
    "spearman": 0.6647,
    "spectral_loss": 0.0
}
                              
Test Results: {
    "ci": 0.752,
    "classification_loss": 0.0,
    "cluster_loss": 0.0,
    "mae": 0.7089,
    "mse": 0.937,
    "multiclassification_loss": 0.0,
    "ortho_loss": 0.0,
    "pearson": 0.6786,
    "regression_loss": 0.9382,
    "rm2": 0.4417,
    "rmse": 0.968,
    "sd": 0.9516,
    "spearman": 0.6799,
    "spectral_loss": 0.0
}
                              
                              
----------------------------------------
Epoch 017 with LR 0.000100: Model Results
----------------------------------------
Train MSE Loss: 0.3818, Train CLS Loss: 0.0000, Train MCLS Loss: 0.0000
Protein Cluster Region Loss - Ortho Loss: 0.0000, Cluster Loss: 0.0000
                              
Validation Results: {
    "ci": 0.7518,
    "classification_loss": 0.0,
    "cluster_loss": 0.0,
    "mae": 0.7108,
    "mse": 0.9404,
    "multiclassification_loss": 0.0,
    "ortho_loss": 0.0,
    "pearson": 0.6906,
    "regression_loss": 0.9533,
    "rm2": 0.4362,
    "rmse": 0.9697,
    "sd": 0.9537,
    "spearman": 0.6813,
    "spectral_loss": 0.0
}
                              
Test Results: {
    "ci": 0.752,
    "classification_loss": 0.0,
    "cluster_loss": 0.0,
    "mae": 0.7089,
    "mse": 0.937,
    "multiclassification_loss": 0.0,
    "ortho_loss": 0.0,
    "pearson": 0.6786,
    "regression_loss": 0.9382,
    "rm2": 0.4417,
    "rmse": 0.968,
    "sd": 0.9516,
    "spearman": 0.6799,
    "spectral_loss": 0.0
}
                              
                              
----------------------------------------
Epoch 018 with LR 0.000100: Model Results
----------------------------------------
Train MSE Loss: 0.3713, Train CLS Loss: 0.0000, Train MCLS Loss: 0.0000
Protein Cluster Region Loss - Ortho Loss: 0.0000, Cluster Loss: 0.0000
                              
Validation Results: {
    "ci": 0.7521,
    "classification_loss": 0.0,
    "cluster_loss": 0.0,
    "mae": 0.7182,
    "mse": 0.945,
    "multiclassification_loss": 0.0,
    "ortho_loss": 0.0,
    "pearson": 0.6977,
    "regression_loss": 0.9575,
    "rm2": 0.4858,
    "rmse": 0.9721,
    "sd": 0.9446,
    "spearman": 0.6815,
    "spectral_loss": 0.0
}
                              
Test Results: {
    "ci": 0.752,
    "classification_loss": 0.0,
    "cluster_loss": 0.0,
    "mae": 0.7089,
    "mse": 0.937,
    "multiclassification_loss": 0.0,
    "ortho_loss": 0.0,
    "pearson": 0.6786,
    "regression_loss": 0.9382,
    "rm2": 0.4417,
    "rmse": 0.968,
    "sd": 0.9516,
    "spearman": 0.6799,
    "spectral_loss": 0.0
}
                              
                              
----------------------------------------
Epoch 019 with LR 0.000100: Model Results
----------------------------------------
Train MSE Loss: 0.3628, Train CLS Loss: 0.0000, Train MCLS Loss: 0.0000
Protein Cluster Region Loss - Ortho Loss: 0.0000, Cluster Loss: 0.0000
                              
Validation Results: {
    "ci": 0.7541,
    "classification_loss": 0.0,
    "cluster_loss": 0.0,
    "mae": 0.7154,
    "mse": 0.9556,
    "multiclassification_loss": 0.0,
    "ortho_loss": 0.0,
    "pearson": 0.6945,
    "regression_loss": 0.9764,
    "rm2": 0.4001,
    "rmse": 0.9775,
    "sd": 0.9487,
    "spearman": 0.6854,
    "spectral_loss": 0.0
}
                              
Test Results: {
    "ci": 0.752,
    "classification_loss": 0.0,
    "cluster_loss": 0.0,
    "mae": 0.7089,
    "mse": 0.937,
    "multiclassification_loss": 0.0,
    "ortho_loss": 0.0,
    "pearson": 0.6786,
    "regression_loss": 0.9382,
    "rm2": 0.4417,
    "rmse": 0.968,
    "sd": 0.9516,
    "spearman": 0.6799,
    "spectral_loss": 0.0
}
                              
                              
----------------------------------------
Epoch 020 with LR 0.000100: Model Results
----------------------------------------
Train MSE Loss: 0.3498, Train CLS Loss: 0.0000, Train MCLS Loss: 0.0000
Protein Cluster Region Loss - Ortho Loss: 0.0000, Cluster Loss: 0.0000
                              
Validation Results: {
    "ci": 0.7588,
    "classification_loss": 0.0,
    "cluster_loss": 0.0,
    "mae": 0.7,
    "mse": 0.9053,
    "multiclassification_loss": 0.0,
    "ortho_loss": 0.0,
    "pearson": 0.704,
    "regression_loss": 0.9227,
    "rm2": 0.4332,
    "rmse": 0.9515,
    "sd": 0.9365,
    "spearman": 0.6977,
    "spectral_loss": 0.0
}
                              
Test Results: {
    "ci": 0.7527,
    "classification_loss": 0.0,
    "cluster_loss": 0.0,
    "mae": 0.7074,
    "mse": 0.9153,
    "multiclassification_loss": 0.0,
    "ortho_loss": 0.0,
    "pearson": 0.6839,
    "regression_loss": 0.9164,
    "rm2": 0.4173,
    "rmse": 0.9567,
    "sd": 0.9452,
    "spearman": 0.6809,
    "spectral_loss": 0.0
}
                              
                              
----------------------------------------
Epoch 021 with LR 0.000100: Model Results
----------------------------------------
Train MSE Loss: 0.3434, Train CLS Loss: 0.0000, Train MCLS Loss: 0.0000
Protein Cluster Region Loss - Ortho Loss: 0.0000, Cluster Loss: 0.0000
                              
Validation Results: {
    "ci": 0.75,
    "classification_loss": 0.0,
    "cluster_loss": 0.0,
    "mae": 0.7101,
    "mse": 0.9555,
    "multiclassification_loss": 0.0,
    "ortho_loss": 0.0,
    "pearson": 0.691,
    "regression_loss": 0.9722,
    "rm2": 0.4233,
    "rmse": 0.9775,
    "sd": 0.9532,
    "spearman": 0.6743,
    "spectral_loss": 0.0
}
                              
Test Results: {
    "ci": 0.7527,
    "classification_loss": 0.0,
    "cluster_loss": 0.0,
    "mae": 0.7074,
    "mse": 0.9153,
    "multiclassification_loss": 0.0,
    "ortho_loss": 0.0,
    "pearson": 0.6839,
    "regression_loss": 0.9164,
    "rm2": 0.4173,
    "rmse": 0.9567,
    "sd": 0.9452,
    "spearman": 0.6809,
    "spectral_loss": 0.0
}
                              
                              
----------------------------------------
Epoch 022 with LR 0.000100: Model Results
----------------------------------------
Train MSE Loss: 0.3336, Train CLS Loss: 0.0000, Train MCLS Loss: 0.0000
Protein Cluster Region Loss - Ortho Loss: 0.0000, Cluster Loss: 0.0000
                              
Validation Results: {
    "ci": 0.7582,
    "classification_loss": 0.0,
    "cluster_loss": 0.0,
    "mae": 0.688,
    "mse": 0.8834,
    "multiclassification_loss": 0.0,
    "ortho_loss": 0.0,
    "pearson": 0.7084,
    "regression_loss": 0.8997,
    "rm2": 0.4674,
    "rmse": 0.9399,
    "sd": 0.9308,
    "spearman": 0.6944,
    "spectral_loss": 0.0
}
                              
Test Results: {
    "ci": 0.751,
    "classification_loss": 0.0,
    "cluster_loss": 0.0,
    "mae": 0.7025,
    "mse": 0.9079,
    "multiclassification_loss": 0.0,
    "ortho_loss": 0.0,
    "pearson": 0.6854,
    "regression_loss": 0.9082,
    "rm2": 0.448,
    "rmse": 0.9528,
    "sd": 0.9433,
    "spearman": 0.6787,
    "spectral_loss": 0.0
}
                              
                              
----------------------------------------
Epoch 023 with LR 0.000100: Model Results
----------------------------------------
Train MSE Loss: 0.3292, Train CLS Loss: 0.0000, Train MCLS Loss: 0.0000
Protein Cluster Region Loss - Ortho Loss: 0.0000, Cluster Loss: 0.0000
                              
Validation Results: {
    "ci": 0.7593,
    "classification_loss": 0.0,
    "cluster_loss": 0.0,
    "mae": 0.6896,
    "mse": 0.8875,
    "multiclassification_loss": 0.0,
    "ortho_loss": 0.0,
    "pearson": 0.7073,
    "regression_loss": 0.899,
    "rm2": 0.4514,
    "rmse": 0.9421,
    "sd": 0.9321,
    "spearman": 0.6976,
    "spectral_loss": 0.0
}
                              
Test Results: {
    "ci": 0.751,
    "classification_loss": 0.0,
    "cluster_loss": 0.0,
    "mae": 0.7025,
    "mse": 0.9079,
    "multiclassification_loss": 0.0,
    "ortho_loss": 0.0,
    "pearson": 0.6854,
    "regression_loss": 0.9082,
    "rm2": 0.448,
    "rmse": 0.9528,
    "sd": 0.9433,
    "spearman": 0.6787,
    "spectral_loss": 0.0
}
                              
                              
----------------------------------------
Epoch 024 with LR 0.000100: Model Results
----------------------------------------
Train MSE Loss: 0.3201, Train CLS Loss: 0.0000, Train MCLS Loss: 0.0000
Protein Cluster Region Loss - Ortho Loss: 0.0000, Cluster Loss: 0.0000
                              
Validation Results: {
    "ci": 0.7522,
    "classification_loss": 0.0,
    "cluster_loss": 0.0,
    "mae": 0.7007,
    "mse": 0.9225,
    "multiclassification_loss": 0.0,
    "ortho_loss": 0.0,
    "pearson": 0.6968,
    "regression_loss": 0.9323,
    "rm2": 0.4467,
    "rmse": 0.9604,
    "sd": 0.9459,
    "spearman": 0.6798,
    "spectral_loss": 0.0
}
                              
Test Results: {
    "ci": 0.751,
    "classification_loss": 0.0,
    "cluster_loss": 0.0,
    "mae": 0.7025,
    "mse": 0.9079,
    "multiclassification_loss": 0.0,
    "ortho_loss": 0.0,
    "pearson": 0.6854,
    "regression_loss": 0.9082,
    "rm2": 0.448,
    "rmse": 0.9528,
    "sd": 0.9433,
    "spearman": 0.6787,
    "spectral_loss": 0.0
}
                              
                              
----------------------------------------
Epoch 025 with LR 0.000100: Model Results
----------------------------------------
Train MSE Loss: 0.3152, Train CLS Loss: 0.0000, Train MCLS Loss: 0.0000
Protein Cluster Region Loss - Ortho Loss: 0.0000, Cluster Loss: 0.0000
                              
Validation Results: {
    "ci": 0.7583,
    "classification_loss": 0.0,
    "cluster_loss": 0.0,
    "mae": 0.6906,
    "mse": 0.8997,
    "multiclassification_loss": 0.0,
    "ortho_loss": 0.0,
    "pearson": 0.7067,
    "regression_loss": 0.9161,
    "rm2": 0.4594,
    "rmse": 0.9485,
    "sd": 0.933,
    "spearman": 0.6949,
    "spectral_loss": 0.0
}
                              
Test Results: {
    "ci": 0.751,
    "classification_loss": 0.0,
    "cluster_loss": 0.0,
    "mae": 0.7025,
    "mse": 0.9079,
    "multiclassification_loss": 0.0,
    "ortho_loss": 0.0,
    "pearson": 0.6854,
    "regression_loss": 0.9082,
    "rm2": 0.448,
    "rmse": 0.9528,
    "sd": 0.9433,
    "spearman": 0.6787,
    "spectral_loss": 0.0
}
                              
                              
----------------------------------------
Epoch 026 with LR 0.000100: Model Results
----------------------------------------
Train MSE Loss: 0.3054, Train CLS Loss: 0.0000, Train MCLS Loss: 0.0000
Protein Cluster Region Loss - Ortho Loss: 0.0000, Cluster Loss: 0.0000
                              
Validation Results: {
    "ci": 0.7488,
    "classification_loss": 0.0,
    "cluster_loss": 0.0,
    "mae": 0.7054,
    "mse": 0.9411,
    "multiclassification_loss": 0.0,
    "ortho_loss": 0.0,
    "pearson": 0.6925,
    "regression_loss": 0.9512,
    "rm2": 0.4459,
    "rmse": 0.9701,
    "sd": 0.9512,
    "spearman": 0.671,
    "spectral_loss": 0.0
}
                              
Test Results: {
    "ci": 0.751,
    "classification_loss": 0.0,
    "cluster_loss": 0.0,
    "mae": 0.7025,
    "mse": 0.9079,
    "multiclassification_loss": 0.0,
    "ortho_loss": 0.0,
    "pearson": 0.6854,
    "regression_loss": 0.9082,
    "rm2": 0.448,
    "rmse": 0.9528,
    "sd": 0.9433,
    "spearman": 0.6787,
    "spectral_loss": 0.0
}
                              
                              
----------------------------------------
Epoch 027 with LR 0.000100: Model Results
----------------------------------------
Train MSE Loss: 0.3012, Train CLS Loss: 0.0000, Train MCLS Loss: 0.0000
Protein Cluster Region Loss - Ortho Loss: 0.0000, Cluster Loss: 0.0000
                              
Validation Results: {
    "ci": 0.7544,
    "classification_loss": 0.0,
    "cluster_loss": 0.0,
    "mae": 0.7104,
    "mse": 0.9571,
    "multiclassification_loss": 0.0,
    "ortho_loss": 0.0,
    "pearson": 0.6974,
    "regression_loss": 0.9704,
    "rm2": 0.4381,
    "rmse": 0.9783,
    "sd": 0.9451,
    "spearman": 0.6845,
    "spectral_loss": 0.0
}
                              
Test Results: {
    "ci": 0.751,
    "classification_loss": 0.0,
    "cluster_loss": 0.0,
    "mae": 0.7025,
    "mse": 0.9079,
    "multiclassification_loss": 0.0,
    "ortho_loss": 0.0,
    "pearson": 0.6854,
    "regression_loss": 0.9082,
    "rm2": 0.448,
    "rmse": 0.9528,
    "sd": 0.9433,
    "spearman": 0.6787,
    "spectral_loss": 0.0
}
                              
                              
----------------------------------------
Epoch 028 with LR 0.000100: Model Results
----------------------------------------
Train MSE Loss: 0.2927, Train CLS Loss: 0.0000, Train MCLS Loss: 0.0000
Protein Cluster Region Loss - Ortho Loss: 0.0000, Cluster Loss: 0.0000
                              
Validation Results: {
    "ci": 0.7546,
    "classification_loss": 0.0,
    "cluster_loss": 0.0,
    "mae": 0.7078,
    "mse": 0.924,
    "multiclassification_loss": 0.0,
    "ortho_loss": 0.0,
    "pearson": 0.7055,
    "regression_loss": 0.937,
    "rm2": 0.4897,
    "rmse": 0.9613,
    "sd": 0.9345,
    "spearman": 0.686,
    "spectral_loss": 0.0
}
                              
Test Results: {
    "ci": 0.751,
    "classification_loss": 0.0,
    "cluster_loss": 0.0,
    "mae": 0.7025,
    "mse": 0.9079,
    "multiclassification_loss": 0.0,
    "ortho_loss": 0.0,
    "pearson": 0.6854,
    "regression_loss": 0.9082,
    "rm2": 0.448,
    "rmse": 0.9528,
    "sd": 0.9433,
    "spearman": 0.6787,
    "spectral_loss": 0.0
}
                              
                              
----------------------------------------
Epoch 029 with LR 0.000100: Model Results
----------------------------------------
Train MSE Loss: 0.2882, Train CLS Loss: 0.0000, Train MCLS Loss: 0.0000
Protein Cluster Region Loss - Ortho Loss: 0.0000, Cluster Loss: 0.0000
                              
Validation Results: {
    "ci": 0.7536,
    "classification_loss": 0.0,
    "cluster_loss": 0.0,
    "mae": 0.694,
    "mse": 0.9116,
    "multiclassification_loss": 0.0,
    "ortho_loss": 0.0,
    "pearson": 0.6984,
    "regression_loss": 0.928,
    "rm2": 0.4515,
    "rmse": 0.9548,
    "sd": 0.9437,
    "spearman": 0.682,
    "spectral_loss": 0.0
}
                              
Test Results: {
    "ci": 0.751,
    "classification_loss": 0.0,
    "cluster_loss": 0.0,
    "mae": 0.7025,
    "mse": 0.9079,
    "multiclassification_loss": 0.0,
    "ortho_loss": 0.0,
    "pearson": 0.6854,
    "regression_loss": 0.9082,
    "rm2": 0.448,
    "rmse": 0.9528,
    "sd": 0.9433,
    "spearman": 0.6787,
    "spectral_loss": 0.0
}
                              
                              
----------------------------------------
Epoch 030 with LR 0.000100: Model Results
----------------------------------------
Train MSE Loss: 0.2844, Train CLS Loss: 0.0000, Train MCLS Loss: 0.0000
Protein Cluster Region Loss - Ortho Loss: 0.0000, Cluster Loss: 0.0000
                              
Validation Results: {
    "ci": 0.7573,
    "classification_loss": 0.0,
    "cluster_loss": 0.0,
    "mae": 0.6933,
    "mse": 0.9106,
    "multiclassification_loss": 0.0,
    "ortho_loss": 0.0,
    "pearson": 0.7049,
    "regression_loss": 0.9262,
    "rm2": 0.4512,
    "rmse": 0.9543,
    "sd": 0.9354,
    "spearman": 0.6907,
    "spectral_loss": 0.0
}
                              
Test Results: {
    "ci": 0.751,
    "classification_loss": 0.0,
    "cluster_loss": 0.0,
    "mae": 0.7025,
    "mse": 0.9079,
    "multiclassification_loss": 0.0,
    "ortho_loss": 0.0,
    "pearson": 0.6854,
    "regression_loss": 0.9082,
    "rm2": 0.448,
    "rmse": 0.9528,
    "sd": 0.9433,
    "spearman": 0.6787,
    "spectral_loss": 0.0
}
                              
                              
----------------------------------------
Epoch 031 with LR 0.000100: Model Results
----------------------------------------
Train MSE Loss: 0.2779, Train CLS Loss: 0.0000, Train MCLS Loss: 0.0000
Protein Cluster Region Loss - Ortho Loss: 0.0000, Cluster Loss: 0.0000
                              
Validation Results: {
    "ci": 0.7596,
    "classification_loss": 0.0,
    "cluster_loss": 0.0,
    "mae": 0.694,
    "mse": 0.9079,
    "multiclassification_loss": 0.0,
    "ortho_loss": 0.0,
    "pearson": 0.7086,
    "regression_loss": 0.9205,
    "rm2": 0.4482,
    "rmse": 0.9529,
    "sd": 0.9305,
    "spearman": 0.6979,
    "spectral_loss": 0.0
}
                              
Test Results: {
    "ci": 0.751,
    "classification_loss": 0.0,
    "cluster_loss": 0.0,
    "mae": 0.7025,
    "mse": 0.9079,
    "multiclassification_loss": 0.0,
    "ortho_loss": 0.0,
    "pearson": 0.6854,
    "regression_loss": 0.9082,
    "rm2": 0.448,
    "rmse": 0.9528,
    "sd": 0.9433,
    "spearman": 0.6787,
    "spectral_loss": 0.0
}
                              
                              
----------------------------------------
Epoch 032 with LR 0.000100: Model Results
----------------------------------------
Train MSE Loss: 0.2745, Train CLS Loss: 0.0000, Train MCLS Loss: 0.0000
Protein Cluster Region Loss - Ortho Loss: 0.0000, Cluster Loss: 0.0000
                              
Validation Results: {
    "ci": 0.7581,
    "classification_loss": 0.0,
    "cluster_loss": 0.0,
    "mae": 0.7063,
    "mse": 0.9327,
    "multiclassification_loss": 0.0,
    "ortho_loss": 0.0,
    "pearson": 0.7049,
    "regression_loss": 0.9419,
    "rm2": 0.4837,
    "rmse": 0.9658,
    "sd": 0.9353,
    "spearman": 0.6946,
    "spectral_loss": 0.0
}
                              
Test Results: {
    "ci": 0.751,
    "classification_loss": 0.0,
    "cluster_loss": 0.0,
    "mae": 0.7025,
    "mse": 0.9079,
    "multiclassification_loss": 0.0,
    "ortho_loss": 0.0,
    "pearson": 0.6854,
    "regression_loss": 0.9082,
    "rm2": 0.448,
    "rmse": 0.9528,
    "sd": 0.9433,
    "spearman": 0.6787,
    "spectral_loss": 0.0
}

Early stopping at epoch 32 (no improvement for 10 epochs)
[best epoch] epoch=22, best_rmse=0.9399, lr_at_best=1.000e-04
                              
                              
----------------------------------------
Epoch 032 with LR 0.000100: Model Results
----------------------------------------
Train MSE Loss: 0.2745, Train CLS Loss: 0.0000, Train MCLS Loss: 0.0000
Protein Cluster Region Loss - Ortho Loss: 0.0000, Cluster Loss: 0.0000
                              
Validation Results: {
    "ci": 0.7581,
    "classification_loss": 0.0,
    "cluster_loss": 0.0,
    "mae": 0.7063,
    "mse": 0.9327,
    "multiclassification_loss": 0.0,
    "ortho_loss": 0.0,
    "pearson": 0.7049,
    "regression_loss": 0.9419,
    "rm2": 0.4837,
    "rmse": 0.9658,
    "sd": 0.9353,
    "spearman": 0.6946,
    "spectral_loss": 0.0
}
                              
Test Results: {
    "ci": 0.751,
    "classification_loss": 0.0,
    "cluster_loss": 0.0,
    "mae": 0.7025,
    "mse": 0.9079,
    "multiclassification_loss": 0.0,
    "ortho_loss": 0.0,
    "pearson": 0.6854,
    "regression_loss": 0.9082,
    "rm2": 0.448,
    "rmse": 0.9528,
    "sd": 0.9433,
    "spearman": 0.6787,
    "spectral_loss": 0.0
}
Final test metrics: rmse=0.9528, pearson=0.6854, r2_proxy(mse)=0.9079
Done. Predictions: /sc/arion/projects/DiseaseGeneCell/Huang_lab_project/wangcDrugRepoProject/TRACE_Kin_Results_v4_mapgnn/EITLEM_dataset/EITLEM_km_MUTAPLM_embedding_cold_protein/test_prediction_seed3.csv; checkpoint: /sc/arion/projects/DiseaseGeneCell/Huang_lab_project/wangcDrugRepoProject/TRACE_Kin_Results_v4_mapgnn/EITLEM_dataset/EITLEM_km_MUTAPLM_embedding_cold_protein/save_model_seed3/model.pt

==========================================
Array task 7/10: OK (EITLEM_km_MUTAPLM_embedding_cold_protein)
==========================================


PS:

Read file <242906676.7.stderr> for stderr output of this job.

