Sender: LSF System <lsfadmin@lg03e13>
Subject: Job 243004104[6]: <trace_kin_v5t_perfolder_s1[1-10]> in cluster <chimera> Done

Job <trace_kin_v5t_perfolder_s1[1-10]> was submitted from host <li04e03> by user <wangc40> in cluster <chimera> at Mon May 11 18:26:43 2026
Job was executed on host(s) <16*lg03e13>, in queue <gpu>, as user <wangc40> in cluster <chimera> at Mon May 11 18:26:45 2026
</hpc/users/wangc40> was used as the home directory.
</sc/arion/projects/DiseaseGeneCell/Huang_lab_project/wangcDrugRepoProject/TRACE-Kin> was used as the working directory.
Started at Mon May 11 18:26:45 2026
Terminated at Mon May 11 19:51:26 2026
Results reported at Mon May 11 19:51:26 2026

Your job looked like:

------------------------------------------------------------
# LSBATCH: User input
#!/bin/bash
#BSUB -J trace_kin_v5t_perfolder_s1[1-10]
#BSUB -P acc_DiseaseGeneCell
#BSUB -q gpu
#BSUB -R h100nvl
#BSUB -gpu num=1
#BSUB -n 16
#BSUB -R "rusage[mem=15000]"
#BSUB -R "span[hosts=1]"
#BSUB -W 48:00
#BSUB -o %J.%I.stdout
#BSUB -eo %J.%I.stderr
#BSUB -L /bin/bash

# =============================================================================
# TRACE-Kin v5t (Vanilla Transformer + Cross-Attention) PER-FOLDER — top-10 cells
# =============================================================================
# Submit with:
#     bsub < training/run_v5t_perfolder_s1.lsf
#
# v5t = Transformer: MutaPLM per-residue (4096) -> Linear(512) -> Transformer
# self-attention x4 with Rotary PE -> cross-attention with ligand atoms
# (PNA + MoLFormer) -> substrate-conditioned pooling -> regression head.
#
# All cells use MUTAPLM embedding.
#
# For seeds 2 and 3, submit:
#     bsub < training/run_v5t_perfolder_s2.lsf
#     bsub < training/run_v5t_perfolder_s3.lsf
# =============================================================================

# --- Environment -------------------------------------------------------------
ml purge
source ~/.bashrc
module load anaconda3/2024.06
source activate test
module load cuda/12.4.0
export RAYON_NUM_THREADS=4
export PYTORCH_CUDA_ALLOC_CONF=expandable_segments:True
export PYTHONPATH="$PWD${PYTHONPATH:+:$PYTHONPATH}"

# --- Knobs (env overrides) ---------------------------------------------------
ENZYME_BASE="${ENZYME_BASE:-/sc/arion/projects/DiseaseGeneCell/Huang_lab_project/drug_discovery/output/data/enzyme_embeddings_dataset}"
RESULT_BASE="${RESULT_BASE:-/sc/arion/projects/DiseaseGeneCell/Huang_lab_project/wangcDrugRepoProject/TRACE_Kin_Results_v5t_transformer}"
MOLFORMER_PATH="${MOLFORMER_PATH:-/sc/arion/projects/DiseaseGeneCell/Huang_lab_project/wangcDrugRepoProject/transformersmodels/ibm/MoLFormer-XL-both-10pct}"
CONFIG_PATH="${CONFIG_PATH:-training/config_v5t.json}"
EPOCHS="${EPOCHS:-100}"
BATCH_SIZE="${BATCH_SIZE:-16}"
SEED=1
LRATE="${LRATE:-3e-4}"

(... more ...)
------------------------------------------------------------

Successfully completed.

Resource usage summary:

    CPU time :                                   5611.00 sec.
    Max Memory :                                 25151 MB
    Average Memory :                             24510.97 MB
    Total Requested Memory :                     240000.00 MB
    Delta Memory :                               214849.00 MB
    Max Swap :                                   -
    Max Processes :                              21
    Max Threads :                                53
    Run time :                                   5081 sec.
    Turnaround time :                            5083 sec.

The output (if any) follows:

==========================================
TRACE-Kin v5t (Transformer) PER-FOLDER task 6/10
==========================================
Date:        Mon May 11 18:26:48 EDT 2026
Dataset:     /sc/arion/projects/DiseaseGeneCell/Huang_lab_project/drug_discovery/output/data/enzyme_embeddings_dataset/MPEK_dataset/MPEK_kcat_MUTAPLM_embedding_cold_protein
Result:      /sc/arion/projects/DiseaseGeneCell/Huang_lab_project/wangcDrugRepoProject/TRACE_Kin_Results_v5t_transformer/MPEK_dataset/MPEK_kcat_MUTAPLM_embedding_cold_protein
Config:      training/config_v5t.json
MoLFormer:   /sc/arion/projects/DiseaseGeneCell/Huang_lab_project/wangcDrugRepoProject/transformersmodels/ibm/MoLFormer-XL-both-10pct
Pool CSVs:   (none — per-folder)
Model:       v5t Transformer (Self-Attn x4 with RoPE + cross-attn + MoLFormer ctx)
Epochs:      100, batch=16, seed=1, lr=3e-4
==========================================
Python 3.12.2
Python: /sc/arion/work/wangc40/test-env/envs/test/bin/python
CUDA device: NVIDIA H100 80GB HBM3, sm_90
============================================================
TRACE-Kin training
============================================================
Datafolder:        /sc/arion/projects/DiseaseGeneCell/Huang_lab_project/drug_discovery/output/data/enzyme_embeddings_dataset/MPEK_dataset/MPEK_kcat_MUTAPLM_embedding_cold_protein
Result path:       /sc/arion/projects/DiseaseGeneCell/Huang_lab_project/wangcDrugRepoProject/TRACE_Kin_Results_v5t_transformer/MPEK_dataset/MPEK_kcat_MUTAPLM_embedding_cold_protein
Config:            training/config_v5t.json
Pool train CSVs:   (none)
============================================================
[mem] before load_split_dataframes             max RSS = 0.62 GB
Loading primary train (essential cols): /sc/arion/projects/DiseaseGeneCell/Huang_lab_project/drug_discovery/output/data/enzyme_embeddings_dataset/MPEK_dataset/MPEK_kcat_MUTAPLM_embedding_cold_protein/train.parquet
Loading primary test (essential cols): /sc/arion/projects/DiseaseGeneCell/Huang_lab_project/drug_discovery/output/data/enzyme_embeddings_dataset/MPEK_dataset/MPEK_kcat_MUTAPLM_embedding_cold_protein/test.parquet
Loading primary val (essential cols): /sc/arion/projects/DiseaseGeneCell/Huang_lab_project/drug_discovery/output/data/enzyme_embeddings_dataset/MPEK_dataset/MPEK_kcat_MUTAPLM_embedding_cold_protein/val.parquet
Detected prot_evo_channels = 4096 (1-row sample)
[mem] after load_split_dataframes (lite — feature cols not loaded) max RSS = 0.86 GB
model_version: v5t, use_swa: True
Reusing protein cache: /sc/arion/projects/DiseaseGeneCell/Huang_lab_project/drug_discovery/output/data/enzyme_embeddings_dataset/MPEK_dataset/MPEK_kcat_MUTAPLM_embedding_cold_protein/protein.pt
Reusing ligand cache: /sc/arion/projects/DiseaseGeneCell/Huang_lab_project/drug_discovery/output/data/enzyme_embeddings_dataset/MPEK_dataset/MPEK_kcat_MUTAPLM_embedding_cold_protein/ligand.pt
[mem] after preprocess                         max RSS = 23.19 GB
loaders ready: train=788 test=227 val=105
[mem] after make_loaders                       max RSS = 23.19 GB
Built TraceKinV5T with 55,451,140 parameters
[SWA] enabled: start_epoch=60, swa_lr=3.000e-05
[AMP] enabled: dtype=torch.bfloat16
[LR schedule] schedule_lr=True, lrate=0.0003, min_lrate=1e-06, warmup_iters=500, lr_decay_iters=78800, total_iters=78800
Not in terminal, reprint now using normal build-in print function.
                              
                              
----------------------------------------
Epoch 001 with LR 0.000300: Model Results
----------------------------------------
Train MSE Loss: 2.4051, Train CLS Loss: 0.0000, Train MCLS Loss: 0.0000
Protein Cluster Region Loss - Ortho Loss: 0.0000, Cluster Loss: 0.0000
                              
Validation Results: {
    "ci": 0.6408,
    "classification_loss": 0.0,
    "cluster_loss": 0.0,
    "mae": 1.0665,
    "mse": 2.05,
    "multiclassification_loss": 0.0,
    "ortho_loss": 0.0,
    "pearson": 0.4175,
    "regression_loss": 2.0472,
    "rm2": 0.1674,
    "rmse": 1.4318,
    "sd": 1.3676,
    "spearman": 0.4069,
    "spectral_loss": 0.0
}
                              
Test Results: {
    "ci": 0.6525,
    "classification_loss": 0.0,
    "cluster_loss": 0.0,
    "mae": 1.057,
    "mse": 1.9714,
    "multiclassification_loss": 0.0,
    "ortho_loss": 0.0,
    "pearson": 0.4423,
    "regression_loss": 1.9722,
    "rm2": 0.1875,
    "rmse": 1.4041,
    "sd": 1.35,
    "spearman": 0.4384,
    "spectral_loss": 0.0
}
                              
                              
----------------------------------------
Epoch 002 with LR 0.000300: Model Results
----------------------------------------
Train MSE Loss: 1.9007, Train CLS Loss: 0.0000, Train MCLS Loss: 0.0000
Protein Cluster Region Loss - Ortho Loss: 0.0000, Cluster Loss: 0.0000
                              
Validation Results: {
    "ci": 0.6587,
    "classification_loss": 0.0,
    "cluster_loss": 0.0,
    "mae": 1.1393,
    "mse": 2.2209,
    "multiclassification_loss": 0.0,
    "ortho_loss": 0.0,
    "pearson": 0.4632,
    "regression_loss": 2.2203,
    "rm2": 0.1857,
    "rmse": 1.4903,
    "sd": 1.3338,
    "spearman": 0.4519,
    "spectral_loss": 0.0
}
                              
Test Results: {
    "ci": 0.6525,
    "classification_loss": 0.0,
    "cluster_loss": 0.0,
    "mae": 1.057,
    "mse": 1.9714,
    "multiclassification_loss": 0.0,
    "ortho_loss": 0.0,
    "pearson": 0.4423,
    "regression_loss": 1.9722,
    "rm2": 0.1875,
    "rmse": 1.4041,
    "sd": 1.35,
    "spearman": 0.4384,
    "spectral_loss": 0.0
}
                              
                              
----------------------------------------
Epoch 003 with LR 0.000300: Model Results
----------------------------------------
Train MSE Loss: 1.5732, Train CLS Loss: 0.0000, Train MCLS Loss: 0.0000
Protein Cluster Region Loss - Ortho Loss: 0.0000, Cluster Loss: 0.0000
                              
Validation Results: {
    "ci": 0.6763,
    "classification_loss": 0.0,
    "cluster_loss": 0.0,
    "mae": 1.0567,
    "mse": 2.0635,
    "multiclassification_loss": 0.0,
    "ortho_loss": 0.0,
    "pearson": 0.5151,
    "regression_loss": 2.0601,
    "rm2": 0.2293,
    "rmse": 1.4365,
    "sd": 1.29,
    "spearman": 0.4994,
    "spectral_loss": 0.0
}
                              
Test Results: {
    "ci": 0.6525,
    "classification_loss": 0.0,
    "cluster_loss": 0.0,
    "mae": 1.057,
    "mse": 1.9714,
    "multiclassification_loss": 0.0,
    "ortho_loss": 0.0,
    "pearson": 0.4423,
    "regression_loss": 1.9722,
    "rm2": 0.1875,
    "rmse": 1.4041,
    "sd": 1.35,
    "spearman": 0.4384,
    "spectral_loss": 0.0
}
                              
                              
----------------------------------------
Epoch 004 with LR 0.000299: Model Results
----------------------------------------
Train MSE Loss: 1.4557, Train CLS Loss: 0.0000, Train MCLS Loss: 0.0000
Protein Cluster Region Loss - Ortho Loss: 0.0000, Cluster Loss: 0.0000
                              
Validation Results: {
    "ci": 0.6741,
    "classification_loss": 0.0,
    "cluster_loss": 0.0,
    "mae": 0.9813,
    "mse": 1.7704,
    "multiclassification_loss": 0.0,
    "ortho_loss": 0.0,
    "pearson": 0.5146,
    "regression_loss": 1.7682,
    "rm2": 0.2351,
    "rmse": 1.3306,
    "sd": 1.2905,
    "spearman": 0.4951,
    "spectral_loss": 0.0
}
                              
Test Results: {
    "ci": 0.6689,
    "classification_loss": 0.0,
    "cluster_loss": 0.0,
    "mae": 1.0154,
    "mse": 1.8205,
    "multiclassification_loss": 0.0,
    "ortho_loss": 0.0,
    "pearson": 0.5053,
    "regression_loss": 1.8246,
    "rm2": 0.2291,
    "rmse": 1.3493,
    "sd": 1.2989,
    "spearman": 0.4813,
    "spectral_loss": 0.0
}
                              
                              
----------------------------------------
Epoch 005 with LR 0.000299: Model Results
----------------------------------------
Train MSE Loss: 1.2878, Train CLS Loss: 0.0000, Train MCLS Loss: 0.0000
Protein Cluster Region Loss - Ortho Loss: 0.0000, Cluster Loss: 0.0000
                              
Validation Results: {
    "ci": 0.6659,
    "classification_loss": 0.0,
    "cluster_loss": 0.0,
    "mae": 1.0452,
    "mse": 1.8892,
    "multiclassification_loss": 0.0,
    "ortho_loss": 0.0,
    "pearson": 0.4675,
    "regression_loss": 1.8883,
    "rm2": 0.1888,
    "rmse": 1.3745,
    "sd": 1.3305,
    "spearman": 0.4699,
    "spectral_loss": 0.0
}
                              
Test Results: {
    "ci": 0.6689,
    "classification_loss": 0.0,
    "cluster_loss": 0.0,
    "mae": 1.0154,
    "mse": 1.8205,
    "multiclassification_loss": 0.0,
    "ortho_loss": 0.0,
    "pearson": 0.5053,
    "regression_loss": 1.8246,
    "rm2": 0.2291,
    "rmse": 1.3493,
    "sd": 1.2989,
    "spearman": 0.4813,
    "spectral_loss": 0.0
}
                              
                              
----------------------------------------
Epoch 006 with LR 0.000298: Model Results
----------------------------------------
Train MSE Loss: 1.2331, Train CLS Loss: 0.0000, Train MCLS Loss: 0.0000
Protein Cluster Region Loss - Ortho Loss: 0.0000, Cluster Loss: 0.0000
                              
Validation Results: {
    "ci": 0.6498,
    "classification_loss": 0.0,
    "cluster_loss": 0.0,
    "mae": 2.5365,
    "mse": 8.0034,
    "multiclassification_loss": 0.0,
    "ortho_loss": 0.0,
    "pearson": 0.3853,
    "regression_loss": 8.0116,
    "rm2": 0.1338,
    "rmse": 2.829,
    "sd": 1.3888,
    "spearman": 0.4292,
    "spectral_loss": 0.0
}
                              
Test Results: {
    "ci": 0.6689,
    "classification_loss": 0.0,
    "cluster_loss": 0.0,
    "mae": 1.0154,
    "mse": 1.8205,
    "multiclassification_loss": 0.0,
    "ortho_loss": 0.0,
    "pearson": 0.5053,
    "regression_loss": 1.8246,
    "rm2": 0.2291,
    "rmse": 1.3493,
    "sd": 1.2989,
    "spearman": 0.4813,
    "spectral_loss": 0.0
}
                              
                              
----------------------------------------
Epoch 007 with LR 0.000297: Model Results
----------------------------------------
Train MSE Loss: 1.2455, Train CLS Loss: 0.0000, Train MCLS Loss: 0.0000
Protein Cluster Region Loss - Ortho Loss: 0.0000, Cluster Loss: 0.0000
                              
Validation Results: {
    "ci": 0.6763,
    "classification_loss": 0.0,
    "cluster_loss": 0.0,
    "mae": 1.0413,
    "mse": 1.97,
    "multiclassification_loss": 0.0,
    "ortho_loss": 0.0,
    "pearson": 0.4993,
    "regression_loss": 1.9678,
    "rm2": 0.2349,
    "rmse": 1.4036,
    "sd": 1.304,
    "spearman": 0.499,
    "spectral_loss": 0.0
}
                              
Test Results: {
    "ci": 0.6689,
    "classification_loss": 0.0,
    "cluster_loss": 0.0,
    "mae": 1.0154,
    "mse": 1.8205,
    "multiclassification_loss": 0.0,
    "ortho_loss": 0.0,
    "pearson": 0.5053,
    "regression_loss": 1.8246,
    "rm2": 0.2291,
    "rmse": 1.3493,
    "sd": 1.2989,
    "spearman": 0.4813,
    "spectral_loss": 0.0
}
                              
                              
----------------------------------------
Epoch 008 with LR 0.000296: Model Results
----------------------------------------
Train MSE Loss: 1.1561, Train CLS Loss: 0.0000, Train MCLS Loss: 0.0000
Protein Cluster Region Loss - Ortho Loss: 0.0000, Cluster Loss: 0.0000
                              
Validation Results: {
    "ci": 0.6787,
    "classification_loss": 0.0,
    "cluster_loss": 0.0,
    "mae": 1.0957,
    "mse": 1.9868,
    "multiclassification_loss": 0.0,
    "ortho_loss": 0.0,
    "pearson": 0.497,
    "regression_loss": 1.987,
    "rm2": 0.2017,
    "rmse": 1.4095,
    "sd": 1.306,
    "spearman": 0.4996,
    "spectral_loss": 0.0
}
                              
Test Results: {
    "ci": 0.6689,
    "classification_loss": 0.0,
    "cluster_loss": 0.0,
    "mae": 1.0154,
    "mse": 1.8205,
    "multiclassification_loss": 0.0,
    "ortho_loss": 0.0,
    "pearson": 0.5053,
    "regression_loss": 1.8246,
    "rm2": 0.2291,
    "rmse": 1.3493,
    "sd": 1.2989,
    "spearman": 0.4813,
    "spectral_loss": 0.0
}
                              
                              
----------------------------------------
Epoch 009 with LR 0.000295: Model Results
----------------------------------------
Train MSE Loss: 1.1512, Train CLS Loss: 0.0000, Train MCLS Loss: 0.0000
Protein Cluster Region Loss - Ortho Loss: 0.0000, Cluster Loss: 0.0000
                              
Validation Results: {
    "ci": 0.6717,
    "classification_loss": 0.0,
    "cluster_loss": 0.0,
    "mae": 1.2482,
    "mse": 2.6844,
    "multiclassification_loss": 0.0,
    "ortho_loss": 0.0,
    "pearson": 0.4707,
    "regression_loss": 2.6793,
    "rm2": 0.2207,
    "rmse": 1.6384,
    "sd": 1.3279,
    "spearman": 0.485,
    "spectral_loss": 0.0
}
                              
Test Results: {
    "ci": 0.6689,
    "classification_loss": 0.0,
    "cluster_loss": 0.0,
    "mae": 1.0154,
    "mse": 1.8205,
    "multiclassification_loss": 0.0,
    "ortho_loss": 0.0,
    "pearson": 0.5053,
    "regression_loss": 1.8246,
    "rm2": 0.2291,
    "rmse": 1.3493,
    "sd": 1.2989,
    "spearman": 0.4813,
    "spectral_loss": 0.0
}
                              
                              
----------------------------------------
Epoch 010 with LR 0.000293: Model Results
----------------------------------------
Train MSE Loss: 1.1458, Train CLS Loss: 0.0000, Train MCLS Loss: 0.0000
Protein Cluster Region Loss - Ortho Loss: 0.0000, Cluster Loss: 0.0000
                              
Validation Results: {
    "ci": 0.6753,
    "classification_loss": 0.0,
    "cluster_loss": 0.0,
    "mae": 1.0308,
    "mse": 1.8658,
    "multiclassification_loss": 0.0,
    "ortho_loss": 0.0,
    "pearson": 0.5007,
    "regression_loss": 1.8648,
    "rm2": 0.2184,
    "rmse": 1.3659,
    "sd": 1.3028,
    "spearman": 0.4943,
    "spectral_loss": 0.0
}
                              
Test Results: {
    "ci": 0.6689,
    "classification_loss": 0.0,
    "cluster_loss": 0.0,
    "mae": 1.0154,
    "mse": 1.8205,
    "multiclassification_loss": 0.0,
    "ortho_loss": 0.0,
    "pearson": 0.5053,
    "regression_loss": 1.8246,
    "rm2": 0.2291,
    "rmse": 1.3493,
    "sd": 1.2989,
    "spearman": 0.4813,
    "spectral_loss": 0.0
}
                              
                              
----------------------------------------
Epoch 011 with LR 0.000292: Model Results
----------------------------------------
Train MSE Loss: 1.0773, Train CLS Loss: 0.0000, Train MCLS Loss: 0.0000
Protein Cluster Region Loss - Ortho Loss: 0.0000, Cluster Loss: 0.0000
                              
Validation Results: {
    "ci": 0.6714,
    "classification_loss": 0.0,
    "cluster_loss": 0.0,
    "mae": 1.1649,
    "mse": 2.1766,
    "multiclassification_loss": 0.0,
    "ortho_loss": 0.0,
    "pearson": 0.482,
    "regression_loss": 2.1771,
    "rm2": 0.181,
    "rmse": 1.4753,
    "sd": 1.3186,
    "spearman": 0.486,
    "spectral_loss": 0.0
}
                              
Test Results: {
    "ci": 0.6689,
    "classification_loss": 0.0,
    "cluster_loss": 0.0,
    "mae": 1.0154,
    "mse": 1.8205,
    "multiclassification_loss": 0.0,
    "ortho_loss": 0.0,
    "pearson": 0.5053,
    "regression_loss": 1.8246,
    "rm2": 0.2291,
    "rmse": 1.3493,
    "sd": 1.2989,
    "spearman": 0.4813,
    "spectral_loss": 0.0
}
                              
                              
----------------------------------------
Epoch 012 with LR 0.000290: Model Results
----------------------------------------
Train MSE Loss: 1.0910, Train CLS Loss: 0.0000, Train MCLS Loss: 0.0000
Protein Cluster Region Loss - Ortho Loss: 0.0000, Cluster Loss: 0.0000
                              
Validation Results: {
    "ci": 0.6795,
    "classification_loss": 0.0,
    "cluster_loss": 0.0,
    "mae": 1.0473,
    "mse": 1.785,
    "multiclassification_loss": 0.0,
    "ortho_loss": 0.0,
    "pearson": 0.5101,
    "regression_loss": 1.7852,
    "rm2": 0.2225,
    "rmse": 1.336,
    "sd": 1.2945,
    "spearman": 0.5068,
    "spectral_loss": 0.0
}
                              
Test Results: {
    "ci": 0.6689,
    "classification_loss": 0.0,
    "cluster_loss": 0.0,
    "mae": 1.0154,
    "mse": 1.8205,
    "multiclassification_loss": 0.0,
    "ortho_loss": 0.0,
    "pearson": 0.5053,
    "regression_loss": 1.8246,
    "rm2": 0.2291,
    "rmse": 1.3493,
    "sd": 1.2989,
    "spearman": 0.4813,
    "spectral_loss": 0.0
}
                              
                              
----------------------------------------
Epoch 013 with LR 0.000289: Model Results
----------------------------------------
Train MSE Loss: 1.0285, Train CLS Loss: 0.0000, Train MCLS Loss: 0.0000
Protein Cluster Region Loss - Ortho Loss: 0.0000, Cluster Loss: 0.0000
                              
Validation Results: {
    "ci": 0.6789,
    "classification_loss": 0.0,
    "cluster_loss": 0.0,
    "mae": 1.0225,
    "mse": 1.9077,
    "multiclassification_loss": 0.0,
    "ortho_loss": 0.0,
    "pearson": 0.5055,
    "regression_loss": 1.905,
    "rm2": 0.2535,
    "rmse": 1.3812,
    "sd": 1.2985,
    "spearman": 0.5042,
    "spectral_loss": 0.0
}
                              
Test Results: {
    "ci": 0.6689,
    "classification_loss": 0.0,
    "cluster_loss": 0.0,
    "mae": 1.0154,
    "mse": 1.8205,
    "multiclassification_loss": 0.0,
    "ortho_loss": 0.0,
    "pearson": 0.5053,
    "regression_loss": 1.8246,
    "rm2": 0.2291,
    "rmse": 1.3493,
    "sd": 1.2989,
    "spearman": 0.4813,
    "spectral_loss": 0.0
}
                              
                              
----------------------------------------
Epoch 014 with LR 0.000287: Model Results
----------------------------------------
Train MSE Loss: 1.0530, Train CLS Loss: 0.0000, Train MCLS Loss: 0.0000
Protein Cluster Region Loss - Ortho Loss: 0.0000, Cluster Loss: 0.0000
                              
Validation Results: {
    "ci": 0.6747,
    "classification_loss": 0.0,
    "cluster_loss": 0.0,
    "mae": 1.0389,
    "mse": 1.8996,
    "multiclassification_loss": 0.0,
    "ortho_loss": 0.0,
    "pearson": 0.4925,
    "regression_loss": 1.8995,
    "rm2": 0.2078,
    "rmse": 1.3783,
    "sd": 1.3098,
    "spearman": 0.4902,
    "spectral_loss": 0.0
}
                              
Test Results: {
    "ci": 0.6689,
    "classification_loss": 0.0,
    "cluster_loss": 0.0,
    "mae": 1.0154,
    "mse": 1.8205,
    "multiclassification_loss": 0.0,
    "ortho_loss": 0.0,
    "pearson": 0.5053,
    "regression_loss": 1.8246,
    "rm2": 0.2291,
    "rmse": 1.3493,
    "sd": 1.2989,
    "spearman": 0.4813,
    "spectral_loss": 0.0
}
                              
                              
----------------------------------------
Epoch 015 with LR 0.000285: Model Results
----------------------------------------
Train MSE Loss: 1.0345, Train CLS Loss: 0.0000, Train MCLS Loss: 0.0000
Protein Cluster Region Loss - Ortho Loss: 0.0000, Cluster Loss: 0.0000
                              
Validation Results: {
    "ci": 0.6816,
    "classification_loss": 0.0,
    "cluster_loss": 0.0,
    "mae": 1.1922,
    "mse": 2.4981,
    "multiclassification_loss": 0.0,
    "ortho_loss": 0.0,
    "pearson": 0.508,
    "regression_loss": 2.4937,
    "rm2": 0.2529,
    "rmse": 1.5805,
    "sd": 1.2963,
    "spearman": 0.5105,
    "spectral_loss": 0.0
}
                              
Test Results: {
    "ci": 0.6689,
    "classification_loss": 0.0,
    "cluster_loss": 0.0,
    "mae": 1.0154,
    "mse": 1.8205,
    "multiclassification_loss": 0.0,
    "ortho_loss": 0.0,
    "pearson": 0.5053,
    "regression_loss": 1.8246,
    "rm2": 0.2291,
    "rmse": 1.3493,
    "sd": 1.2989,
    "spearman": 0.4813,
    "spectral_loss": 0.0
}
                              
                              
----------------------------------------
Epoch 016 with LR 0.000283: Model Results
----------------------------------------
Train MSE Loss: 1.0029, Train CLS Loss: 0.0000, Train MCLS Loss: 0.0000
Protein Cluster Region Loss - Ortho Loss: 0.0000, Cluster Loss: 0.0000
                              
Validation Results: {
    "ci": 0.6748,
    "classification_loss": 0.0,
    "cluster_loss": 0.0,
    "mae": 1.0184,
    "mse": 1.8434,
    "multiclassification_loss": 0.0,
    "ortho_loss": 0.0,
    "pearson": 0.5129,
    "regression_loss": 1.8418,
    "rm2": 0.2432,
    "rmse": 1.3577,
    "sd": 1.2919,
    "spearman": 0.4945,
    "spectral_loss": 0.0
}
                              
Test Results: {
    "ci": 0.6689,
    "classification_loss": 0.0,
    "cluster_loss": 0.0,
    "mae": 1.0154,
    "mse": 1.8205,
    "multiclassification_loss": 0.0,
    "ortho_loss": 0.0,
    "pearson": 0.5053,
    "regression_loss": 1.8246,
    "rm2": 0.2291,
    "rmse": 1.3493,
    "sd": 1.2989,
    "spearman": 0.4813,
    "spectral_loss": 0.0
}
                              
                              
----------------------------------------
Epoch 017 with LR 0.000280: Model Results
----------------------------------------
Train MSE Loss: 0.9563, Train CLS Loss: 0.0000, Train MCLS Loss: 0.0000
Protein Cluster Region Loss - Ortho Loss: 0.0000, Cluster Loss: 0.0000
                              
Validation Results: {
    "ci": 0.6802,
    "classification_loss": 0.0,
    "cluster_loss": 0.0,
    "mae": 1.0637,
    "mse": 1.9825,
    "multiclassification_loss": 0.0,
    "ortho_loss": 0.0,
    "pearson": 0.5125,
    "regression_loss": 1.9831,
    "rm2": 0.2141,
    "rmse": 1.408,
    "sd": 1.2923,
    "spearman": 0.5059,
    "spectral_loss": 0.0
}
                              
Test Results: {
    "ci": 0.6689,
    "classification_loss": 0.0,
    "cluster_loss": 0.0,
    "mae": 1.0154,
    "mse": 1.8205,
    "multiclassification_loss": 0.0,
    "ortho_loss": 0.0,
    "pearson": 0.5053,
    "regression_loss": 1.8246,
    "rm2": 0.2291,
    "rmse": 1.3493,
    "sd": 1.2989,
    "spearman": 0.4813,
    "spectral_loss": 0.0
}
                              
                              
----------------------------------------
Epoch 018 with LR 0.000278: Model Results
----------------------------------------
Train MSE Loss: 0.9522, Train CLS Loss: 0.0000, Train MCLS Loss: 0.0000
Protein Cluster Region Loss - Ortho Loss: 0.0000, Cluster Loss: 0.0000
                              
Validation Results: {
    "ci": 0.6833,
    "classification_loss": 0.0,
    "cluster_loss": 0.0,
    "mae": 1.1148,
    "mse": 2.0268,
    "multiclassification_loss": 0.0,
    "ortho_loss": 0.0,
    "pearson": 0.5246,
    "regression_loss": 2.0284,
    "rm2": 0.2109,
    "rmse": 1.4236,
    "sd": 1.2813,
    "spearman": 0.5136,
    "spectral_loss": 0.0
}
                              
Test Results: {
    "ci": 0.6689,
    "classification_loss": 0.0,
    "cluster_loss": 0.0,
    "mae": 1.0154,
    "mse": 1.8205,
    "multiclassification_loss": 0.0,
    "ortho_loss": 0.0,
    "pearson": 0.5053,
    "regression_loss": 1.8246,
    "rm2": 0.2291,
    "rmse": 1.3493,
    "sd": 1.2989,
    "spearman": 0.4813,
    "spectral_loss": 0.0
}
                              
                              
----------------------------------------
Epoch 019 with LR 0.000276: Model Results
----------------------------------------
Train MSE Loss: 0.9435, Train CLS Loss: 0.0000, Train MCLS Loss: 0.0000
Protein Cluster Region Loss - Ortho Loss: 0.0000, Cluster Loss: 0.0000
                              
Validation Results: {
    "ci": 0.6806,
    "classification_loss": 0.0,
    "cluster_loss": 0.0,
    "mae": 1.1002,
    "mse": 2.0161,
    "multiclassification_loss": 0.0,
    "ortho_loss": 0.0,
    "pearson": 0.5054,
    "regression_loss": 2.0168,
    "rm2": 0.2025,
    "rmse": 1.4199,
    "sd": 1.2987,
    "spearman": 0.5078,
    "spectral_loss": 0.0
}
                              
Test Results: {
    "ci": 0.6689,
    "classification_loss": 0.0,
    "cluster_loss": 0.0,
    "mae": 1.0154,
    "mse": 1.8205,
    "multiclassification_loss": 0.0,
    "ortho_loss": 0.0,
    "pearson": 0.5053,
    "regression_loss": 1.8246,
    "rm2": 0.2291,
    "rmse": 1.3493,
    "sd": 1.2989,
    "spearman": 0.4813,
    "spectral_loss": 0.0
}
                              
                              
----------------------------------------
Epoch 020 with LR 0.000273: Model Results
----------------------------------------
Train MSE Loss: 0.9222, Train CLS Loss: 0.0000, Train MCLS Loss: 0.0000
Protein Cluster Region Loss - Ortho Loss: 0.0000, Cluster Loss: 0.0000
                              
Validation Results: {
    "ci": 0.6747,
    "classification_loss": 0.0,
    "cluster_loss": 0.0,
    "mae": 1.0417,
    "mse": 1.8968,
    "multiclassification_loss": 0.0,
    "ortho_loss": 0.0,
    "pearson": 0.5005,
    "regression_loss": 1.8966,
    "rm2": 0.216,
    "rmse": 1.3772,
    "sd": 1.3029,
    "spearman": 0.4913,
    "spectral_loss": 0.0
}
                              
Test Results: {
    "ci": 0.6689,
    "classification_loss": 0.0,
    "cluster_loss": 0.0,
    "mae": 1.0154,
    "mse": 1.8205,
    "multiclassification_loss": 0.0,
    "ortho_loss": 0.0,
    "pearson": 0.5053,
    "regression_loss": 1.8246,
    "rm2": 0.2291,
    "rmse": 1.3493,
    "sd": 1.2989,
    "spearman": 0.4813,
    "spectral_loss": 0.0
}
                              
                              
----------------------------------------
Epoch 021 with LR 0.000270: Model Results
----------------------------------------
Train MSE Loss: 0.9390, Train CLS Loss: 0.0000, Train MCLS Loss: 0.0000
Protein Cluster Region Loss - Ortho Loss: 0.0000, Cluster Loss: 0.0000
                              
Validation Results: {
    "ci": 0.6778,
    "classification_loss": 0.0,
    "cluster_loss": 0.0,
    "mae": 0.9808,
    "mse": 1.7606,
    "multiclassification_loss": 0.0,
    "ortho_loss": 0.0,
    "pearson": 0.5119,
    "regression_loss": 1.759,
    "rm2": 0.2466,
    "rmse": 1.3269,
    "sd": 1.2929,
    "spearman": 0.4978,
    "spectral_loss": 0.0
}
                              
Test Results: {
    "ci": 0.6811,
    "classification_loss": 0.0,
    "cluster_loss": 0.0,
    "mae": 0.9949,
    "mse": 1.7213,
    "multiclassification_loss": 0.0,
    "ortho_loss": 0.0,
    "pearson": 0.5274,
    "regression_loss": 1.7218,
    "rm2": 0.2665,
    "rmse": 1.312,
    "sd": 1.2789,
    "spearman": 0.513,
    "spectral_loss": 0.0
}
                              
                              
----------------------------------------
Epoch 022 with LR 0.000267: Model Results
----------------------------------------
Train MSE Loss: 0.9414, Train CLS Loss: 0.0000, Train MCLS Loss: 0.0000
Protein Cluster Region Loss - Ortho Loss: 0.0000, Cluster Loss: 0.0000
                              
Validation Results: {
    "ci": 0.6723,
    "classification_loss": 0.0,
    "cluster_loss": 0.0,
    "mae": 1.1203,
    "mse": 2.3052,
    "multiclassification_loss": 0.0,
    "ortho_loss": 0.0,
    "pearson": 0.4965,
    "regression_loss": 2.301,
    "rm2": 0.2317,
    "rmse": 1.5183,
    "sd": 1.3064,
    "spearman": 0.4815,
    "spectral_loss": 0.0
}
                              
Test Results: {
    "ci": 0.6811,
    "classification_loss": 0.0,
    "cluster_loss": 0.0,
    "mae": 0.9949,
    "mse": 1.7213,
    "multiclassification_loss": 0.0,
    "ortho_loss": 0.0,
    "pearson": 0.5274,
    "regression_loss": 1.7218,
    "rm2": 0.2665,
    "rmse": 1.312,
    "sd": 1.2789,
    "spearman": 0.513,
    "spectral_loss": 0.0
}
                              
                              
----------------------------------------
Epoch 023 with LR 0.000264: Model Results
----------------------------------------
Train MSE Loss: 1.0049, Train CLS Loss: 0.0000, Train MCLS Loss: 0.0000
Protein Cluster Region Loss - Ortho Loss: 0.0000, Cluster Loss: 0.0000
                              
Validation Results: {
    "ci": 0.6756,
    "classification_loss": 0.0,
    "cluster_loss": 0.0,
    "mae": 1.0293,
    "mse": 1.9109,
    "multiclassification_loss": 0.0,
    "ortho_loss": 0.0,
    "pearson": 0.4986,
    "regression_loss": 1.9111,
    "rm2": 0.2228,
    "rmse": 1.3823,
    "sd": 1.3046,
    "spearman": 0.4904,
    "spectral_loss": 0.0
}
                              
Test Results: {
    "ci": 0.6811,
    "classification_loss": 0.0,
    "cluster_loss": 0.0,
    "mae": 0.9949,
    "mse": 1.7213,
    "multiclassification_loss": 0.0,
    "ortho_loss": 0.0,
    "pearson": 0.5274,
    "regression_loss": 1.7218,
    "rm2": 0.2665,
    "rmse": 1.312,
    "sd": 1.2789,
    "spearman": 0.513,
    "spectral_loss": 0.0
}
                              
                              
----------------------------------------
Epoch 024 with LR 0.000261: Model Results
----------------------------------------
Train MSE Loss: 1.0420, Train CLS Loss: 0.0000, Train MCLS Loss: 0.0000
Protein Cluster Region Loss - Ortho Loss: 0.0000, Cluster Loss: 0.0000
                              
Validation Results: {
    "ci": 0.6876,
    "classification_loss": 0.0,
    "cluster_loss": 0.0,
    "mae": 0.9819,
    "mse": 1.7842,
    "multiclassification_loss": 0.0,
    "ortho_loss": 0.0,
    "pearson": 0.5397,
    "regression_loss": 1.7831,
    "rm2": 0.2728,
    "rmse": 1.3358,
    "sd": 1.267,
    "spearman": 0.5267,
    "spectral_loss": 0.0
}
                              
Test Results: {
    "ci": 0.6811,
    "classification_loss": 0.0,
    "cluster_loss": 0.0,
    "mae": 0.9949,
    "mse": 1.7213,
    "multiclassification_loss": 0.0,
    "ortho_loss": 0.0,
    "pearson": 0.5274,
    "regression_loss": 1.7218,
    "rm2": 0.2665,
    "rmse": 1.312,
    "sd": 1.2789,
    "spearman": 0.513,
    "spectral_loss": 0.0
}
                              
                              
----------------------------------------
Epoch 025 with LR 0.000258: Model Results
----------------------------------------
Train MSE Loss: 1.0128, Train CLS Loss: 0.0000, Train MCLS Loss: 0.0000
Protein Cluster Region Loss - Ortho Loss: 0.0000, Cluster Loss: 0.0000
                              
Validation Results: {
    "ci": 0.6682,
    "classification_loss": 0.0,
    "cluster_loss": 0.0,
    "mae": 1.0587,
    "mse": 2.0521,
    "multiclassification_loss": 0.0,
    "ortho_loss": 0.0,
    "pearson": 0.4804,
    "regression_loss": 2.0503,
    "rm2": 0.2267,
    "rmse": 1.4325,
    "sd": 1.32,
    "spearman": 0.4735,
    "spectral_loss": 0.0
}
                              
Test Results: {
    "ci": 0.6811,
    "classification_loss": 0.0,
    "cluster_loss": 0.0,
    "mae": 0.9949,
    "mse": 1.7213,
    "multiclassification_loss": 0.0,
    "ortho_loss": 0.0,
    "pearson": 0.5274,
    "regression_loss": 1.7218,
    "rm2": 0.2665,
    "rmse": 1.312,
    "sd": 1.2789,
    "spearman": 0.513,
    "spectral_loss": 0.0
}
                              
                              
----------------------------------------
Epoch 026 with LR 0.000254: Model Results
----------------------------------------
Train MSE Loss: 0.9942, Train CLS Loss: 0.0000, Train MCLS Loss: 0.0000
Protein Cluster Region Loss - Ortho Loss: 0.0000, Cluster Loss: 0.0000
                              
Validation Results: {
    "ci": 0.6697,
    "classification_loss": 0.0,
    "cluster_loss": 0.0,
    "mae": 1.4993,
    "mse": 3.5909,
    "multiclassification_loss": 0.0,
    "ortho_loss": 0.0,
    "pearson": 0.4825,
    "regression_loss": 3.5833,
    "rm2": 0.1977,
    "rmse": 1.895,
    "sd": 1.3183,
    "spearman": 0.4782,
    "spectral_loss": 0.0
}
                              
Test Results: {
    "ci": 0.6811,
    "classification_loss": 0.0,
    "cluster_loss": 0.0,
    "mae": 0.9949,
    "mse": 1.7213,
    "multiclassification_loss": 0.0,
    "ortho_loss": 0.0,
    "pearson": 0.5274,
    "regression_loss": 1.7218,
    "rm2": 0.2665,
    "rmse": 1.312,
    "sd": 1.2789,
    "spearman": 0.513,
    "spectral_loss": 0.0
}
                              
                              
----------------------------------------
Epoch 027 with LR 0.000251: Model Results
----------------------------------------
Train MSE Loss: 1.0014, Train CLS Loss: 0.0000, Train MCLS Loss: 0.0000
Protein Cluster Region Loss - Ortho Loss: 0.0000, Cluster Loss: 0.0000
                              
Validation Results: {
    "ci": 0.6768,
    "classification_loss": 0.0,
    "cluster_loss": 0.0,
    "mae": 1.0597,
    "mse": 2.0396,
    "multiclassification_loss": 0.0,
    "ortho_loss": 0.0,
    "pearson": 0.5126,
    "regression_loss": 2.0372,
    "rm2": 0.2422,
    "rmse": 1.4281,
    "sd": 1.2922,
    "spearman": 0.4984,
    "spectral_loss": 0.0
}
                              
Test Results: {
    "ci": 0.6811,
    "classification_loss": 0.0,
    "cluster_loss": 0.0,
    "mae": 0.9949,
    "mse": 1.7213,
    "multiclassification_loss": 0.0,
    "ortho_loss": 0.0,
    "pearson": 0.5274,
    "regression_loss": 1.7218,
    "rm2": 0.2665,
    "rmse": 1.312,
    "sd": 1.2789,
    "spearman": 0.513,
    "spectral_loss": 0.0
}
                              
                              
----------------------------------------
Epoch 028 with LR 0.000247: Model Results
----------------------------------------
Train MSE Loss: 0.9608, Train CLS Loss: 0.0000, Train MCLS Loss: 0.0000
Protein Cluster Region Loss - Ortho Loss: 0.0000, Cluster Loss: 0.0000
                              
Validation Results: {
    "ci": 0.6802,
    "classification_loss": 0.0,
    "cluster_loss": 0.0,
    "mae": 0.9592,
    "mse": 1.6756,
    "multiclassification_loss": 0.0,
    "ortho_loss": 0.0,
    "pearson": 0.5167,
    "regression_loss": 1.6752,
    "rm2": 0.2659,
    "rmse": 1.2945,
    "sd": 1.2885,
    "spearman": 0.508,
    "spectral_loss": 0.0
}
                              
Test Results: {
    "ci": 0.6877,
    "classification_loss": 0.0,
    "cluster_loss": 0.0,
    "mae": 0.966,
    "mse": 1.6488,
    "multiclassification_loss": 0.0,
    "ortho_loss": 0.0,
    "pearson": 0.5288,
    "regression_loss": 1.651,
    "rm2": 0.277,
    "rmse": 1.284,
    "sd": 1.2775,
    "spearman": 0.5285,
    "spectral_loss": 0.0
}
                              
                              
----------------------------------------
Epoch 029 with LR 0.000244: Model Results
----------------------------------------
Train MSE Loss: 0.9186, Train CLS Loss: 0.0000, Train MCLS Loss: 0.0000
Protein Cluster Region Loss - Ortho Loss: 0.0000, Cluster Loss: 0.0000
                              
Validation Results: {
    "ci": 0.6756,
    "classification_loss": 0.0,
    "cluster_loss": 0.0,
    "mae": 0.9961,
    "mse": 1.8004,
    "multiclassification_loss": 0.0,
    "ortho_loss": 0.0,
    "pearson": 0.5079,
    "regression_loss": 1.7991,
    "rm2": 0.2566,
    "rmse": 1.3418,
    "sd": 1.2965,
    "spearman": 0.4952,
    "spectral_loss": 0.0
}
                              
Test Results: {
    "ci": 0.6877,
    "classification_loss": 0.0,
    "cluster_loss": 0.0,
    "mae": 0.966,
    "mse": 1.6488,
    "multiclassification_loss": 0.0,
    "ortho_loss": 0.0,
    "pearson": 0.5288,
    "regression_loss": 1.651,
    "rm2": 0.277,
    "rmse": 1.284,
    "sd": 1.2775,
    "spearman": 0.5285,
    "spectral_loss": 0.0
}
                              
                              
----------------------------------------
Epoch 030 with LR 0.000240: Model Results
----------------------------------------
Train MSE Loss: 0.9797, Train CLS Loss: 0.0000, Train MCLS Loss: 0.0000
Protein Cluster Region Loss - Ortho Loss: 0.0000, Cluster Loss: 0.0000
                              
Validation Results: {
    "ci": 0.6711,
    "classification_loss": 0.0,
    "cluster_loss": 0.0,
    "mae": 1.0831,
    "mse": 2.1302,
    "multiclassification_loss": 0.0,
    "ortho_loss": 0.0,
    "pearson": 0.4869,
    "regression_loss": 2.1296,
    "rm2": 0.2197,
    "rmse": 1.4595,
    "sd": 1.3145,
    "spearman": 0.4808,
    "spectral_loss": 0.0
}
                              
Test Results: {
    "ci": 0.6877,
    "classification_loss": 0.0,
    "cluster_loss": 0.0,
    "mae": 0.966,
    "mse": 1.6488,
    "multiclassification_loss": 0.0,
    "ortho_loss": 0.0,
    "pearson": 0.5288,
    "regression_loss": 1.651,
    "rm2": 0.277,
    "rmse": 1.284,
    "sd": 1.2775,
    "spearman": 0.5285,
    "spectral_loss": 0.0
}
                              
                              
----------------------------------------
Epoch 031 with LR 0.000236: Model Results
----------------------------------------
Train MSE Loss: 1.1600, Train CLS Loss: 0.0000, Train MCLS Loss: 0.0000
Protein Cluster Region Loss - Ortho Loss: 0.0000, Cluster Loss: 0.0000
                              
Validation Results: {
    "ci": 0.6733,
    "classification_loss": 0.0,
    "cluster_loss": 0.0,
    "mae": 1.0122,
    "mse": 1.7515,
    "multiclassification_loss": 0.0,
    "ortho_loss": 0.0,
    "pearson": 0.4882,
    "regression_loss": 1.7527,
    "rm2": 0.2205,
    "rmse": 1.3234,
    "sd": 1.3135,
    "spearman": 0.4905,
    "spectral_loss": 0.0
}
                              
Test Results: {
    "ci": 0.6877,
    "classification_loss": 0.0,
    "cluster_loss": 0.0,
    "mae": 0.966,
    "mse": 1.6488,
    "multiclassification_loss": 0.0,
    "ortho_loss": 0.0,
    "pearson": 0.5288,
    "regression_loss": 1.651,
    "rm2": 0.277,
    "rmse": 1.284,
    "sd": 1.2775,
    "spearman": 0.5285,
    "spectral_loss": 0.0
}
                              
                              
----------------------------------------
Epoch 032 with LR 0.000232: Model Results
----------------------------------------
Train MSE Loss: 1.2335, Train CLS Loss: 0.0000, Train MCLS Loss: 0.0000
Protein Cluster Region Loss - Ortho Loss: 0.0000, Cluster Loss: 0.0000
                              
Validation Results: {
    "ci": 0.6478,
    "classification_loss": 0.0,
    "cluster_loss": 0.0,
    "mae": 1.1298,
    "mse": 2.0991,
    "multiclassification_loss": 0.0,
    "ortho_loss": 0.0,
    "pearson": 0.4319,
    "regression_loss": 2.0988,
    "rm2": 0.1577,
    "rmse": 1.4488,
    "sd": 1.3574,
    "spearman": 0.4278,
    "spectral_loss": 0.0
}
                              
Test Results: {
    "ci": 0.6877,
    "classification_loss": 0.0,
    "cluster_loss": 0.0,
    "mae": 0.966,
    "mse": 1.6488,
    "multiclassification_loss": 0.0,
    "ortho_loss": 0.0,
    "pearson": 0.5288,
    "regression_loss": 1.651,
    "rm2": 0.277,
    "rmse": 1.284,
    "sd": 1.2775,
    "spearman": 0.5285,
    "spectral_loss": 0.0
}
                              
                              
----------------------------------------
Epoch 033 with LR 0.000228: Model Results
----------------------------------------
Train MSE Loss: 1.3848, Train CLS Loss: 0.0000, Train MCLS Loss: 0.0000
Protein Cluster Region Loss - Ortho Loss: 0.0000, Cluster Loss: 0.0000
                              
Validation Results: {
    "ci": 0.6125,
    "classification_loss": 0.0,
    "cluster_loss": 0.0,
    "mae": 1.6334,
    "mse": 3.7695,
    "multiclassification_loss": 0.0,
    "ortho_loss": 0.0,
    "pearson": 0.3534,
    "regression_loss": 3.7726,
    "rm2": 0.1198,
    "rmse": 1.9415,
    "sd": 1.4079,
    "spearman": 0.3296,
    "spectral_loss": 0.0
}
                              
Test Results: {
    "ci": 0.6877,
    "classification_loss": 0.0,
    "cluster_loss": 0.0,
    "mae": 0.966,
    "mse": 1.6488,
    "multiclassification_loss": 0.0,
    "ortho_loss": 0.0,
    "pearson": 0.5288,
    "regression_loss": 1.651,
    "rm2": 0.277,
    "rmse": 1.284,
    "sd": 1.2775,
    "spearman": 0.5285,
    "spectral_loss": 0.0
}
                              
                              
----------------------------------------
Epoch 034 with LR 0.000224: Model Results
----------------------------------------
Train MSE Loss: 1.3649, Train CLS Loss: 0.0000, Train MCLS Loss: 0.0000
Protein Cluster Region Loss - Ortho Loss: 0.0000, Cluster Loss: 0.0000
                              
Validation Results: {
    "ci": 0.6606,
    "classification_loss": 0.0,
    "cluster_loss": 0.0,
    "mae": 1.5966,
    "mse": 3.5744,
    "multiclassification_loss": 0.0,
    "ortho_loss": 0.0,
    "pearson": 0.4582,
    "regression_loss": 3.5811,
    "rm2": 0.1744,
    "rmse": 1.8906,
    "sd": 1.3377,
    "spearman": 0.4611,
    "spectral_loss": 0.0
}
                              
Test Results: {
    "ci": 0.6877,
    "classification_loss": 0.0,
    "cluster_loss": 0.0,
    "mae": 0.966,
    "mse": 1.6488,
    "multiclassification_loss": 0.0,
    "ortho_loss": 0.0,
    "pearson": 0.5288,
    "regression_loss": 1.651,
    "rm2": 0.277,
    "rmse": 1.284,
    "sd": 1.2775,
    "spearman": 0.5285,
    "spectral_loss": 0.0
}
                              
                              
----------------------------------------
Epoch 035 with LR 0.000220: Model Results
----------------------------------------
Train MSE Loss: 1.2341, Train CLS Loss: 0.0000, Train MCLS Loss: 0.0000
Protein Cluster Region Loss - Ortho Loss: 0.0000, Cluster Loss: 0.0000
                              
Validation Results: {
    "ci": 0.6474,
    "classification_loss": 0.0,
    "cluster_loss": 0.0,
    "mae": 1.3834,
    "mse": 2.7792,
    "multiclassification_loss": 0.0,
    "ortho_loss": 0.0,
    "pearson": 0.431,
    "regression_loss": 2.7835,
    "rm2": 0.1539,
    "rmse": 1.6671,
    "sd": 1.358,
    "spearman": 0.4287,
    "spectral_loss": 0.0
}
                              
Test Results: {
    "ci": 0.6877,
    "classification_loss": 0.0,
    "cluster_loss": 0.0,
    "mae": 0.966,
    "mse": 1.6488,
    "multiclassification_loss": 0.0,
    "ortho_loss": 0.0,
    "pearson": 0.5288,
    "regression_loss": 1.651,
    "rm2": 0.277,
    "rmse": 1.284,
    "sd": 1.2775,
    "spearman": 0.5285,
    "spectral_loss": 0.0
}
                              
                              
----------------------------------------
Epoch 036 with LR 0.000216: Model Results
----------------------------------------
Train MSE Loss: 1.5849, Train CLS Loss: 0.0000, Train MCLS Loss: 0.0000
Protein Cluster Region Loss - Ortho Loss: 0.0000, Cluster Loss: 0.0000
                              
Validation Results: {
    "ci": 0.6167,
    "classification_loss": 0.0,
    "cluster_loss": 0.0,
    "mae": 1.3423,
    "mse": 2.6836,
    "multiclassification_loss": 0.0,
    "ortho_loss": 0.0,
    "pearson": 0.3568,
    "regression_loss": 2.6851,
    "rm2": 0.1157,
    "rmse": 1.6382,
    "sd": 1.406,
    "spearman": 0.3447,
    "spectral_loss": 0.0
}
                              
Test Results: {
    "ci": 0.6877,
    "classification_loss": 0.0,
    "cluster_loss": 0.0,
    "mae": 0.966,
    "mse": 1.6488,
    "multiclassification_loss": 0.0,
    "ortho_loss": 0.0,
    "pearson": 0.5288,
    "regression_loss": 1.651,
    "rm2": 0.277,
    "rmse": 1.284,
    "sd": 1.2775,
    "spearman": 0.5285,
    "spectral_loss": 0.0
}
                              
                              
----------------------------------------
Epoch 037 with LR 0.000212: Model Results
----------------------------------------
Train MSE Loss: 1.4567, Train CLS Loss: 0.0000, Train MCLS Loss: 0.0000
Protein Cluster Region Loss - Ortho Loss: 0.0000, Cluster Loss: 0.0000
                              
Validation Results: {
    "ci": 0.6348,
    "classification_loss": 0.0,
    "cluster_loss": 0.0,
    "mae": 1.7899,
    "mse": 4.3159,
    "multiclassification_loss": 0.0,
    "ortho_loss": 0.0,
    "pearson": 0.4045,
    "regression_loss": 4.3219,
    "rm2": 0.1479,
    "rmse": 2.0775,
    "sd": 1.3764,
    "spearman": 0.3955,
    "spectral_loss": 0.0
}
                              
Test Results: {
    "ci": 0.6877,
    "classification_loss": 0.0,
    "cluster_loss": 0.0,
    "mae": 0.966,
    "mse": 1.6488,
    "multiclassification_loss": 0.0,
    "ortho_loss": 0.0,
    "pearson": 0.5288,
    "regression_loss": 1.651,
    "rm2": 0.277,
    "rmse": 1.284,
    "sd": 1.2775,
    "spearman": 0.5285,
    "spectral_loss": 0.0
}
                              
                              
----------------------------------------
Epoch 038 with LR 0.000207: Model Results
----------------------------------------
Train MSE Loss: 1.3374, Train CLS Loss: 0.0000, Train MCLS Loss: 0.0000
Protein Cluster Region Loss - Ortho Loss: 0.0000, Cluster Loss: 0.0000
                              
Validation Results: {
    "ci": 0.658,
    "classification_loss": 0.0,
    "cluster_loss": 0.0,
    "mae": 1.3191,
    "mse": 2.5914,
    "multiclassification_loss": 0.0,
    "ortho_loss": 0.0,
    "pearson": 0.4635,
    "regression_loss": 2.5941,
    "rm2": 0.1707,
    "rmse": 1.6098,
    "sd": 1.3336,
    "spearman": 0.4526,
    "spectral_loss": 0.0
}
                              
Test Results: {
    "ci": 0.6877,
    "classification_loss": 0.0,
    "cluster_loss": 0.0,
    "mae": 0.966,
    "mse": 1.6488,
    "multiclassification_loss": 0.0,
    "ortho_loss": 0.0,
    "pearson": 0.5288,
    "regression_loss": 1.651,
    "rm2": 0.277,
    "rmse": 1.284,
    "sd": 1.2775,
    "spearman": 0.5285,
    "spectral_loss": 0.0
}
                              
                              
----------------------------------------
Epoch 039 with LR 0.000203: Model Results
----------------------------------------
Train MSE Loss: 1.2203, Train CLS Loss: 0.0000, Train MCLS Loss: 0.0000
Protein Cluster Region Loss - Ortho Loss: 0.0000, Cluster Loss: 0.0000
                              
Validation Results: {
    "ci": 0.6714,
    "classification_loss": 0.0,
    "cluster_loss": 0.0,
    "mae": 1.2438,
    "mse": 2.3637,
    "multiclassification_loss": 0.0,
    "ortho_loss": 0.0,
    "pearson": 0.4892,
    "regression_loss": 2.367,
    "rm2": 0.1821,
    "rmse": 1.5374,
    "sd": 1.3126,
    "spearman": 0.4882,
    "spectral_loss": 0.0
}
                              
Test Results: {
    "ci": 0.6877,
    "classification_loss": 0.0,
    "cluster_loss": 0.0,
    "mae": 0.966,
    "mse": 1.6488,
    "multiclassification_loss": 0.0,
    "ortho_loss": 0.0,
    "pearson": 0.5288,
    "regression_loss": 1.651,
    "rm2": 0.277,
    "rmse": 1.284,
    "sd": 1.2775,
    "spearman": 0.5285,
    "spectral_loss": 0.0
}
                              
                              
----------------------------------------
Epoch 040 with LR 0.000198: Model Results
----------------------------------------
Train MSE Loss: 1.1232, Train CLS Loss: 0.0000, Train MCLS Loss: 0.0000
Protein Cluster Region Loss - Ortho Loss: 0.0000, Cluster Loss: 0.0000
                              
Validation Results: {
    "ci": 0.6814,
    "classification_loss": 0.0,
    "cluster_loss": 0.0,
    "mae": 1.1013,
    "mse": 1.9676,
    "multiclassification_loss": 0.0,
    "ortho_loss": 0.0,
    "pearson": 0.5136,
    "regression_loss": 1.9707,
    "rm2": 0.2044,
    "rmse": 1.4027,
    "sd": 1.2913,
    "spearman": 0.5128,
    "spectral_loss": 0.0
}
                              
Test Results: {
    "ci": 0.6877,
    "classification_loss": 0.0,
    "cluster_loss": 0.0,
    "mae": 0.966,
    "mse": 1.6488,
    "multiclassification_loss": 0.0,
    "ortho_loss": 0.0,
    "pearson": 0.5288,
    "regression_loss": 1.651,
    "rm2": 0.277,
    "rmse": 1.284,
    "sd": 1.2775,
    "spearman": 0.5285,
    "spectral_loss": 0.0
}
                              
                              
----------------------------------------
Epoch 041 with LR 0.000194: Model Results
----------------------------------------
Train MSE Loss: 1.0523, Train CLS Loss: 0.0000, Train MCLS Loss: 0.0000
Protein Cluster Region Loss - Ortho Loss: 0.0000, Cluster Loss: 0.0000
                              
Validation Results: {
    "ci": 0.6881,
    "classification_loss": 0.0,
    "cluster_loss": 0.0,
    "mae": 0.95,
    "mse": 1.6707,
    "multiclassification_loss": 0.0,
    "ortho_loss": 0.0,
    "pearson": 0.5347,
    "regression_loss": 1.67,
    "rm2": 0.2603,
    "rmse": 1.2925,
    "sd": 1.2718,
    "spearman": 0.5282,
    "spectral_loss": 0.0
}
                              
Test Results: {
    "ci": 0.6854,
    "classification_loss": 0.0,
    "cluster_loss": 0.0,
    "mae": 0.9845,
    "mse": 1.7078,
    "multiclassification_loss": 0.0,
    "ortho_loss": 0.0,
    "pearson": 0.5273,
    "regression_loss": 1.7098,
    "rm2": 0.251,
    "rmse": 1.3068,
    "sd": 1.279,
    "spearman": 0.5224,
    "spectral_loss": 0.0
}
                              
                              
----------------------------------------
Epoch 042 with LR 0.000189: Model Results
----------------------------------------
Train MSE Loss: 0.9692, Train CLS Loss: 0.0000, Train MCLS Loss: 0.0000
Protein Cluster Region Loss - Ortho Loss: 0.0000, Cluster Loss: 0.0000
                              
Validation Results: {
    "ci": 0.6851,
    "classification_loss": 0.0,
    "cluster_loss": 0.0,
    "mae": 1.1547,
    "mse": 2.0854,
    "multiclassification_loss": 0.0,
    "ortho_loss": 0.0,
    "pearson": 0.5262,
    "regression_loss": 2.0886,
    "rm2": 0.2036,
    "rmse": 1.4441,
    "sd": 1.2798,
    "spearman": 0.5201,
    "spectral_loss": 0.0
}
                              
Test Results: {
    "ci": 0.6854,
    "classification_loss": 0.0,
    "cluster_loss": 0.0,
    "mae": 0.9845,
    "mse": 1.7078,
    "multiclassification_loss": 0.0,
    "ortho_loss": 0.0,
    "pearson": 0.5273,
    "regression_loss": 1.7098,
    "rm2": 0.251,
    "rmse": 1.3068,
    "sd": 1.279,
    "spearman": 0.5224,
    "spectral_loss": 0.0
}
                              
                              
----------------------------------------
Epoch 043 with LR 0.000185: Model Results
----------------------------------------
Train MSE Loss: 0.9919, Train CLS Loss: 0.0000, Train MCLS Loss: 0.0000
Protein Cluster Region Loss - Ortho Loss: 0.0000, Cluster Loss: 0.0000
                              
Validation Results: {
    "ci": 0.6884,
    "classification_loss": 0.0,
    "cluster_loss": 0.0,
    "mae": 1.0588,
    "mse": 1.827,
    "multiclassification_loss": 0.0,
    "ortho_loss": 0.0,
    "pearson": 0.5326,
    "regression_loss": 1.8287,
    "rm2": 0.2259,
    "rmse": 1.3517,
    "sd": 1.2738,
    "spearman": 0.5276,
    "spectral_loss": 0.0
}
                              
Test Results: {
    "ci": 0.6854,
    "classification_loss": 0.0,
    "cluster_loss": 0.0,
    "mae": 0.9845,
    "mse": 1.7078,
    "multiclassification_loss": 0.0,
    "ortho_loss": 0.0,
    "pearson": 0.5273,
    "regression_loss": 1.7098,
    "rm2": 0.251,
    "rmse": 1.3068,
    "sd": 1.279,
    "spearman": 0.5224,
    "spectral_loss": 0.0
}
                              
                              
----------------------------------------
Epoch 044 with LR 0.000180: Model Results
----------------------------------------
Train MSE Loss: 1.0004, Train CLS Loss: 0.0000, Train MCLS Loss: 0.0000
Protein Cluster Region Loss - Ortho Loss: 0.0000, Cluster Loss: 0.0000
                              
Validation Results: {
    "ci": 0.6841,
    "classification_loss": 0.0,
    "cluster_loss": 0.0,
    "mae": 1.1607,
    "mse": 2.1348,
    "multiclassification_loss": 0.0,
    "ortho_loss": 0.0,
    "pearson": 0.5192,
    "regression_loss": 2.1377,
    "rm2": 0.1999,
    "rmse": 1.4611,
    "sd": 1.2863,
    "spearman": 0.5161,
    "spectral_loss": 0.0
}
                              
Test Results: {
    "ci": 0.6854,
    "classification_loss": 0.0,
    "cluster_loss": 0.0,
    "mae": 0.9845,
    "mse": 1.7078,
    "multiclassification_loss": 0.0,
    "ortho_loss": 0.0,
    "pearson": 0.5273,
    "regression_loss": 1.7098,
    "rm2": 0.251,
    "rmse": 1.3068,
    "sd": 1.279,
    "spearman": 0.5224,
    "spectral_loss": 0.0
}
                              
                              
----------------------------------------
Epoch 045 with LR 0.000176: Model Results
----------------------------------------
Train MSE Loss: 0.8923, Train CLS Loss: 0.0000, Train MCLS Loss: 0.0000
Protein Cluster Region Loss - Ortho Loss: 0.0000, Cluster Loss: 0.0000
                              
Validation Results: {
    "ci": 0.681,
    "classification_loss": 0.0,
    "cluster_loss": 0.0,
    "mae": 1.0319,
    "mse": 1.8101,
    "multiclassification_loss": 0.0,
    "ortho_loss": 0.0,
    "pearson": 0.5138,
    "regression_loss": 1.811,
    "rm2": 0.2196,
    "rmse": 1.3454,
    "sd": 1.2911,
    "spearman": 0.5104,
    "spectral_loss": 0.0
}
                              
Test Results: {
    "ci": 0.6854,
    "classification_loss": 0.0,
    "cluster_loss": 0.0,
    "mae": 0.9845,
    "mse": 1.7078,
    "multiclassification_loss": 0.0,
    "ortho_loss": 0.0,
    "pearson": 0.5273,
    "regression_loss": 1.7098,
    "rm2": 0.251,
    "rmse": 1.3068,
    "sd": 1.279,
    "spearman": 0.5224,
    "spectral_loss": 0.0
}
                              
                              
----------------------------------------
Epoch 046 with LR 0.000171: Model Results
----------------------------------------
Train MSE Loss: 1.0296, Train CLS Loss: 0.0000, Train MCLS Loss: 0.0000
Protein Cluster Region Loss - Ortho Loss: 0.0000, Cluster Loss: 0.0000
                              
Validation Results: {
    "ci": 0.6781,
    "classification_loss": 0.0,
    "cluster_loss": 0.0,
    "mae": 0.964,
    "mse": 1.695,
    "multiclassification_loss": 0.0,
    "ortho_loss": 0.0,
    "pearson": 0.517,
    "regression_loss": 1.6938,
    "rm2": 0.251,
    "rmse": 1.3019,
    "sd": 1.2883,
    "spearman": 0.5009,
    "spectral_loss": 0.0
}
                              
Test Results: {
    "ci": 0.6854,
    "classification_loss": 0.0,
    "cluster_loss": 0.0,
    "mae": 0.9845,
    "mse": 1.7078,
    "multiclassification_loss": 0.0,
    "ortho_loss": 0.0,
    "pearson": 0.5273,
    "regression_loss": 1.7098,
    "rm2": 0.251,
    "rmse": 1.3068,
    "sd": 1.279,
    "spearman": 0.5224,
    "spectral_loss": 0.0
}
                              
                              
----------------------------------------
Epoch 047 with LR 0.000166: Model Results
----------------------------------------
Train MSE Loss: 0.9661, Train CLS Loss: 0.0000, Train MCLS Loss: 0.0000
Protein Cluster Region Loss - Ortho Loss: 0.0000, Cluster Loss: 0.0000
                              
Validation Results: {
    "ci": 0.6816,
    "classification_loss": 0.0,
    "cluster_loss": 0.0,
    "mae": 1.0124,
    "mse": 1.8031,
    "multiclassification_loss": 0.0,
    "ortho_loss": 0.0,
    "pearson": 0.518,
    "regression_loss": 1.8037,
    "rm2": 0.23,
    "rmse": 1.3428,
    "sd": 1.2874,
    "spearman": 0.513,
    "spectral_loss": 0.0
}
                              
Test Results: {
    "ci": 0.6854,
    "classification_loss": 0.0,
    "cluster_loss": 0.0,
    "mae": 0.9845,
    "mse": 1.7078,
    "multiclassification_loss": 0.0,
    "ortho_loss": 0.0,
    "pearson": 0.5273,
    "regression_loss": 1.7098,
    "rm2": 0.251,
    "rmse": 1.3068,
    "sd": 1.279,
    "spearman": 0.5224,
    "spectral_loss": 0.0
}
                              
                              
----------------------------------------
Epoch 048 with LR 0.000161: Model Results
----------------------------------------
Train MSE Loss: 0.8932, Train CLS Loss: 0.0000, Train MCLS Loss: 0.0000
Protein Cluster Region Loss - Ortho Loss: 0.0000, Cluster Loss: 0.0000
                              
Validation Results: {
    "ci": 0.6833,
    "classification_loss": 0.0,
    "cluster_loss": 0.0,
    "mae": 1.1425,
    "mse": 2.1049,
    "multiclassification_loss": 0.0,
    "ortho_loss": 0.0,
    "pearson": 0.5213,
    "regression_loss": 2.1076,
    "rm2": 0.2031,
    "rmse": 1.4508,
    "sd": 1.2843,
    "spearman": 0.5151,
    "spectral_loss": 0.0
}
                              
Test Results: {
    "ci": 0.6854,
    "classification_loss": 0.0,
    "cluster_loss": 0.0,
    "mae": 0.9845,
    "mse": 1.7078,
    "multiclassification_loss": 0.0,
    "ortho_loss": 0.0,
    "pearson": 0.5273,
    "regression_loss": 1.7098,
    "rm2": 0.251,
    "rmse": 1.3068,
    "sd": 1.279,
    "spearman": 0.5224,
    "spectral_loss": 0.0
}
                              
                              
----------------------------------------
Epoch 049 with LR 0.000157: Model Results
----------------------------------------
Train MSE Loss: 0.9468, Train CLS Loss: 0.0000, Train MCLS Loss: 0.0000
Protein Cluster Region Loss - Ortho Loss: 0.0000, Cluster Loss: 0.0000
                              
Validation Results: {
    "ci": 0.6794,
    "classification_loss": 0.0,
    "cluster_loss": 0.0,
    "mae": 1.0007,
    "mse": 1.8489,
    "multiclassification_loss": 0.0,
    "ortho_loss": 0.0,
    "pearson": 0.514,
    "regression_loss": 1.8467,
    "rm2": 0.2428,
    "rmse": 1.3598,
    "sd": 1.2909,
    "spearman": 0.5072,
    "spectral_loss": 0.0
}
                              
Test Results: {
    "ci": 0.6854,
    "classification_loss": 0.0,
    "cluster_loss": 0.0,
    "mae": 0.9845,
    "mse": 1.7078,
    "multiclassification_loss": 0.0,
    "ortho_loss": 0.0,
    "pearson": 0.5273,
    "regression_loss": 1.7098,
    "rm2": 0.251,
    "rmse": 1.3068,
    "sd": 1.279,
    "spearman": 0.5224,
    "spectral_loss": 0.0
}
                              
                              
----------------------------------------
Epoch 050 with LR 0.000152: Model Results
----------------------------------------
Train MSE Loss: 0.9117, Train CLS Loss: 0.0000, Train MCLS Loss: 0.0000
Protein Cluster Region Loss - Ortho Loss: 0.0000, Cluster Loss: 0.0000
                              
Validation Results: {
    "ci": 0.6802,
    "classification_loss": 0.0,
    "cluster_loss": 0.0,
    "mae": 1.0127,
    "mse": 1.7994,
    "multiclassification_loss": 0.0,
    "ortho_loss": 0.0,
    "pearson": 0.5102,
    "regression_loss": 1.8,
    "rm2": 0.2266,
    "rmse": 1.3414,
    "sd": 1.2944,
    "spearman": 0.5065,
    "spectral_loss": 0.0
}
                              
Test Results: {
    "ci": 0.6854,
    "classification_loss": 0.0,
    "cluster_loss": 0.0,
    "mae": 0.9845,
    "mse": 1.7078,
    "multiclassification_loss": 0.0,
    "ortho_loss": 0.0,
    "pearson": 0.5273,
    "regression_loss": 1.7098,
    "rm2": 0.251,
    "rmse": 1.3068,
    "sd": 1.279,
    "spearman": 0.5224,
    "spectral_loss": 0.0
}
                              
                              
----------------------------------------
Epoch 051 with LR 0.000147: Model Results
----------------------------------------
Train MSE Loss: 0.8914, Train CLS Loss: 0.0000, Train MCLS Loss: 0.0000
Protein Cluster Region Loss - Ortho Loss: 0.0000, Cluster Loss: 0.0000
                              
Validation Results: {
    "ci": 0.6829,
    "classification_loss": 0.0,
    "cluster_loss": 0.0,
    "mae": 1.0053,
    "mse": 1.7762,
    "multiclassification_loss": 0.0,
    "ortho_loss": 0.0,
    "pearson": 0.5179,
    "regression_loss": 1.7763,
    "rm2": 0.2335,
    "rmse": 1.3328,
    "sd": 1.2875,
    "spearman": 0.5133,
    "spectral_loss": 0.0
}
                              
Test Results: {
    "ci": 0.6854,
    "classification_loss": 0.0,
    "cluster_loss": 0.0,
    "mae": 0.9845,
    "mse": 1.7078,
    "multiclassification_loss": 0.0,
    "ortho_loss": 0.0,
    "pearson": 0.5273,
    "regression_loss": 1.7098,
    "rm2": 0.251,
    "rmse": 1.3068,
    "sd": 1.279,
    "spearman": 0.5224,
    "spectral_loss": 0.0
}
                              
                              
----------------------------------------
Epoch 052 with LR 0.000143: Model Results
----------------------------------------
Train MSE Loss: 0.8590, Train CLS Loss: 0.0000, Train MCLS Loss: 0.0000
Protein Cluster Region Loss - Ortho Loss: 0.0000, Cluster Loss: 0.0000
                              
Validation Results: {
    "ci": 0.6822,
    "classification_loss": 0.0,
    "cluster_loss": 0.0,
    "mae": 1.1687,
    "mse": 2.1622,
    "multiclassification_loss": 0.0,
    "ortho_loss": 0.0,
    "pearson": 0.5162,
    "regression_loss": 2.165,
    "rm2": 0.1981,
    "rmse": 1.4704,
    "sd": 1.289,
    "spearman": 0.5114,
    "spectral_loss": 0.0
}
                              
Test Results: {
    "ci": 0.6854,
    "classification_loss": 0.0,
    "cluster_loss": 0.0,
    "mae": 0.9845,
    "mse": 1.7078,
    "multiclassification_loss": 0.0,
    "ortho_loss": 0.0,
    "pearson": 0.5273,
    "regression_loss": 1.7098,
    "rm2": 0.251,
    "rmse": 1.3068,
    "sd": 1.279,
    "spearman": 0.5224,
    "spectral_loss": 0.0
}
                              
                              
----------------------------------------
Epoch 053 with LR 0.000138: Model Results
----------------------------------------
Train MSE Loss: 0.8827, Train CLS Loss: 0.0000, Train MCLS Loss: 0.0000
Protein Cluster Region Loss - Ortho Loss: 0.0000, Cluster Loss: 0.0000
                              
Validation Results: {
    "ci": 0.6788,
    "classification_loss": 0.0,
    "cluster_loss": 0.0,
    "mae": 1.2135,
    "mse": 2.3759,
    "multiclassification_loss": 0.0,
    "ortho_loss": 0.0,
    "pearson": 0.5101,
    "regression_loss": 2.3784,
    "rm2": 0.1949,
    "rmse": 1.5414,
    "sd": 1.2945,
    "spearman": 0.5035,
    "spectral_loss": 0.0
}
                              
Test Results: {
    "ci": 0.6854,
    "classification_loss": 0.0,
    "cluster_loss": 0.0,
    "mae": 0.9845,
    "mse": 1.7078,
    "multiclassification_loss": 0.0,
    "ortho_loss": 0.0,
    "pearson": 0.5273,
    "regression_loss": 1.7098,
    "rm2": 0.251,
    "rmse": 1.3068,
    "sd": 1.279,
    "spearman": 0.5224,
    "spectral_loss": 0.0
}
                              
                              
----------------------------------------
Epoch 054 with LR 0.000133: Model Results
----------------------------------------
Train MSE Loss: 0.8876, Train CLS Loss: 0.0000, Train MCLS Loss: 0.0000
Protein Cluster Region Loss - Ortho Loss: 0.0000, Cluster Loss: 0.0000
                              
Validation Results: {
    "ci": 0.6811,
    "classification_loss": 0.0,
    "cluster_loss": 0.0,
    "mae": 0.9896,
    "mse": 1.7403,
    "multiclassification_loss": 0.0,
    "ortho_loss": 0.0,
    "pearson": 0.5161,
    "regression_loss": 1.7398,
    "rm2": 0.2436,
    "rmse": 1.3192,
    "sd": 1.289,
    "spearman": 0.5104,
    "spectral_loss": 0.0
}
                              
Test Results: {
    "ci": 0.6854,
    "classification_loss": 0.0,
    "cluster_loss": 0.0,
    "mae": 0.9845,
    "mse": 1.7078,
    "multiclassification_loss": 0.0,
    "ortho_loss": 0.0,
    "pearson": 0.5273,
    "regression_loss": 1.7098,
    "rm2": 0.251,
    "rmse": 1.3068,
    "sd": 1.279,
    "spearman": 0.5224,
    "spectral_loss": 0.0
}
                              
                              
----------------------------------------
Epoch 055 with LR 0.000128: Model Results
----------------------------------------
Train MSE Loss: 0.8253, Train CLS Loss: 0.0000, Train MCLS Loss: 0.0000
Protein Cluster Region Loss - Ortho Loss: 0.0000, Cluster Loss: 0.0000
                              
Validation Results: {
    "ci": 0.6862,
    "classification_loss": 0.0,
    "cluster_loss": 0.0,
    "mae": 0.981,
    "mse": 1.7245,
    "multiclassification_loss": 0.0,
    "ortho_loss": 0.0,
    "pearson": 0.525,
    "regression_loss": 1.7248,
    "rm2": 0.2453,
    "rmse": 1.3132,
    "sd": 1.2809,
    "spearman": 0.5212,
    "spectral_loss": 0.0
}
                              
Test Results: {
    "ci": 0.6854,
    "classification_loss": 0.0,
    "cluster_loss": 0.0,
    "mae": 0.9845,
    "mse": 1.7078,
    "multiclassification_loss": 0.0,
    "ortho_loss": 0.0,
    "pearson": 0.5273,
    "regression_loss": 1.7098,
    "rm2": 0.251,
    "rmse": 1.3068,
    "sd": 1.279,
    "spearman": 0.5224,
    "spectral_loss": 0.0
}
                              
                              
----------------------------------------
Epoch 056 with LR 0.000124: Model Results
----------------------------------------
Train MSE Loss: 0.8119, Train CLS Loss: 0.0000, Train MCLS Loss: 0.0000
Protein Cluster Region Loss - Ortho Loss: 0.0000, Cluster Loss: 0.0000
                              
Validation Results: {
    "ci": 0.6823,
    "classification_loss": 0.0,
    "cluster_loss": 0.0,
    "mae": 0.9712,
    "mse": 1.7146,
    "multiclassification_loss": 0.0,
    "ortho_loss": 0.0,
    "pearson": 0.5223,
    "regression_loss": 1.7134,
    "rm2": 0.2625,
    "rmse": 1.3094,
    "sd": 1.2834,
    "spearman": 0.5111,
    "spectral_loss": 0.0
}
                              
Test Results: {
    "ci": 0.6854,
    "classification_loss": 0.0,
    "cluster_loss": 0.0,
    "mae": 0.9845,
    "mse": 1.7078,
    "multiclassification_loss": 0.0,
    "ortho_loss": 0.0,
    "pearson": 0.5273,
    "regression_loss": 1.7098,
    "rm2": 0.251,
    "rmse": 1.3068,
    "sd": 1.279,
    "spearman": 0.5224,
    "spectral_loss": 0.0
}
                              
                              
----------------------------------------
Epoch 057 with LR 0.000119: Model Results
----------------------------------------
Train MSE Loss: 0.8369, Train CLS Loss: 0.0000, Train MCLS Loss: 0.0000
Protein Cluster Region Loss - Ortho Loss: 0.0000, Cluster Loss: 0.0000
                              
Validation Results: {
    "ci": 0.685,
    "classification_loss": 0.0,
    "cluster_loss": 0.0,
    "mae": 1.0252,
    "mse": 1.8107,
    "multiclassification_loss": 0.0,
    "ortho_loss": 0.0,
    "pearson": 0.524,
    "regression_loss": 1.8114,
    "rm2": 0.2283,
    "rmse": 1.3456,
    "sd": 1.2818,
    "spearman": 0.5179,
    "spectral_loss": 0.0
}
                              
Test Results: {
    "ci": 0.6854,
    "classification_loss": 0.0,
    "cluster_loss": 0.0,
    "mae": 0.9845,
    "mse": 1.7078,
    "multiclassification_loss": 0.0,
    "ortho_loss": 0.0,
    "pearson": 0.5273,
    "regression_loss": 1.7098,
    "rm2": 0.251,
    "rmse": 1.3068,
    "sd": 1.279,
    "spearman": 0.5224,
    "spectral_loss": 0.0
}
                              
                              
----------------------------------------
Epoch 058 with LR 0.000115: Model Results
----------------------------------------
Train MSE Loss: 0.7969, Train CLS Loss: 0.0000, Train MCLS Loss: 0.0000
Protein Cluster Region Loss - Ortho Loss: 0.0000, Cluster Loss: 0.0000
                              
Validation Results: {
    "ci": 0.6818,
    "classification_loss": 0.0,
    "cluster_loss": 0.0,
    "mae": 0.9911,
    "mse": 1.7841,
    "multiclassification_loss": 0.0,
    "ortho_loss": 0.0,
    "pearson": 0.5139,
    "regression_loss": 1.7822,
    "rm2": 0.2587,
    "rmse": 1.3357,
    "sd": 1.2911,
    "spearman": 0.5112,
    "spectral_loss": 0.0
}
                              
Test Results: {
    "ci": 0.6854,
    "classification_loss": 0.0,
    "cluster_loss": 0.0,
    "mae": 0.9845,
    "mse": 1.7078,
    "multiclassification_loss": 0.0,
    "ortho_loss": 0.0,
    "pearson": 0.5273,
    "regression_loss": 1.7098,
    "rm2": 0.251,
    "rmse": 1.3068,
    "sd": 1.279,
    "spearman": 0.5224,
    "spectral_loss": 0.0
}
                              
                              
----------------------------------------
Epoch 059 with LR 0.000110: Model Results
----------------------------------------
Train MSE Loss: 0.7910, Train CLS Loss: 0.0000, Train MCLS Loss: 0.0000
Protein Cluster Region Loss - Ortho Loss: 0.0000, Cluster Loss: 0.0000
                              
Validation Results: {
    "ci": 0.678,
    "classification_loss": 0.0,
    "cluster_loss": 0.0,
    "mae": 0.9956,
    "mse": 1.7701,
    "multiclassification_loss": 0.0,
    "ortho_loss": 0.0,
    "pearson": 0.5063,
    "regression_loss": 1.7686,
    "rm2": 0.2346,
    "rmse": 1.3305,
    "sd": 1.2979,
    "spearman": 0.4998,
    "spectral_loss": 0.0
}
                              
Test Results: {
    "ci": 0.6854,
    "classification_loss": 0.0,
    "cluster_loss": 0.0,
    "mae": 0.9845,
    "mse": 1.7078,
    "multiclassification_loss": 0.0,
    "ortho_loss": 0.0,
    "pearson": 0.5273,
    "regression_loss": 1.7098,
    "rm2": 0.251,
    "rmse": 1.3068,
    "sd": 1.279,
    "spearman": 0.5224,
    "spectral_loss": 0.0
}
                              
                              
----------------------------------------
Epoch 060 with LR 0.000105: Model Results
----------------------------------------
Train MSE Loss: 0.7966, Train CLS Loss: 0.0000, Train MCLS Loss: 0.0000
Protein Cluster Region Loss - Ortho Loss: 0.0000, Cluster Loss: 0.0000
                              
Validation Results: {
    "ci": 0.677,
    "classification_loss": 0.0,
    "cluster_loss": 0.0,
    "mae": 1.1095,
    "mse": 2.1178,
    "multiclassification_loss": 0.0,
    "ortho_loss": 0.0,
    "pearson": 0.5005,
    "regression_loss": 2.1197,
    "rm2": 0.1968,
    "rmse": 1.4553,
    "sd": 1.3029,
    "spearman": 0.4973,
    "spectral_loss": 0.0
}
                              
Test Results: {
    "ci": 0.6854,
    "classification_loss": 0.0,
    "cluster_loss": 0.0,
    "mae": 0.9845,
    "mse": 1.7078,
    "multiclassification_loss": 0.0,
    "ortho_loss": 0.0,
    "pearson": 0.5273,
    "regression_loss": 1.7098,
    "rm2": 0.251,
    "rmse": 1.3068,
    "sd": 1.279,
    "spearman": 0.5224,
    "spectral_loss": 0.0
}
                              
                              
----------------------------------------
Epoch 061 with LR 0.000101: Model Results
----------------------------------------
Train MSE Loss: 0.7926, Train CLS Loss: 0.0000, Train MCLS Loss: 0.0000
Protein Cluster Region Loss - Ortho Loss: 0.0000, Cluster Loss: 0.0000
                              
Validation Results: {
    "ci": 0.6777,
    "classification_loss": 0.0,
    "cluster_loss": 0.0,
    "mae": 1.1637,
    "mse": 2.3177,
    "multiclassification_loss": 0.0,
    "ortho_loss": 0.0,
    "pearson": 0.4944,
    "regression_loss": 2.3186,
    "rm2": 0.1892,
    "rmse": 1.5224,
    "sd": 1.3082,
    "spearman": 0.498,
    "spectral_loss": 0.0
}
                              
Test Results: {
    "ci": 0.6854,
    "classification_loss": 0.0,
    "cluster_loss": 0.0,
    "mae": 0.9845,
    "mse": 1.7078,
    "multiclassification_loss": 0.0,
    "ortho_loss": 0.0,
    "pearson": 0.5273,
    "regression_loss": 1.7098,
    "rm2": 0.251,
    "rmse": 1.3068,
    "sd": 1.279,
    "spearman": 0.5224,
    "spectral_loss": 0.0
}

Early stopping at epoch 61 (no improvement for 20 epochs)
[SWA] discarding averaged weights: rmse=1.487583347197396 vs best per-epoch 1.2925
[best epoch] epoch=41, best_rmse=1.2925, lr_at_best=1.939e-04
                              
                              
----------------------------------------
Epoch 061 with LR 0.000101: Model Results
----------------------------------------
Train MSE Loss: 0.7926, Train CLS Loss: 0.0000, Train MCLS Loss: 0.0000
Protein Cluster Region Loss - Ortho Loss: 0.0000, Cluster Loss: 0.0000
                              
Validation Results: {
    "ci": 0.6777,
    "classification_loss": 0.0,
    "cluster_loss": 0.0,
    "mae": 1.1637,
    "mse": 2.3177,
    "multiclassification_loss": 0.0,
    "ortho_loss": 0.0,
    "pearson": 0.4944,
    "regression_loss": 2.3186,
    "rm2": 0.1892,
    "rmse": 1.5224,
    "sd": 1.3082,
    "spearman": 0.498,
    "spectral_loss": 0.0
}
                              
Test Results: {
    "ci": 0.6854,
    "classification_loss": 0.0,
    "cluster_loss": 0.0,
    "mae": 0.9845,
    "mse": 1.7078,
    "multiclassification_loss": 0.0,
    "ortho_loss": 0.0,
    "pearson": 0.5273,
    "regression_loss": 1.7098,
    "rm2": 0.251,
    "rmse": 1.3068,
    "sd": 1.279,
    "spearman": 0.5224,
    "spectral_loss": 0.0
}
Final test metrics: rmse=1.3085, pearson=0.5265, r2_proxy(mse)=1.7121
Done. Predictions: /sc/arion/projects/DiseaseGeneCell/Huang_lab_project/wangcDrugRepoProject/TRACE_Kin_Results_v5t_transformer/MPEK_dataset/MPEK_kcat_MUTAPLM_embedding_cold_protein/test_prediction_seed1.csv; checkpoint: /sc/arion/projects/DiseaseGeneCell/Huang_lab_project/wangcDrugRepoProject/TRACE_Kin_Results_v5t_transformer/MPEK_dataset/MPEK_kcat_MUTAPLM_embedding_cold_protein/save_model_seed1/model.pt

==========================================
Array task 6/10: OK (MPEK_kcat_MUTAPLM_embedding_cold_protein)
==========================================


PS:

Read file <243004104.6.stderr> for stderr output of this job.

