Sender: LSF System <lsfadmin@lg03e10>
Subject: Job 243012710[5]: <trace_kin_v6c_perfolder_s2[1-10]> in cluster <chimera> Done

Job <trace_kin_v6c_perfolder_s2[1-10]> was submitted from host <li04e03> by user <wangc40> in cluster <chimera> at Mon May 11 21:29:31 2026
Job was executed on host(s) <16*lg03e10>, in queue <gpu>, as user <wangc40> in cluster <chimera> at Mon May 11 21:29:35 2026
</hpc/users/wangc40> was used as the home directory.
</sc/arion/projects/DiseaseGeneCell/Huang_lab_project/wangcDrugRepoProject/TRACE-Kin> was used as the working directory.
Started at Mon May 11 21:29:35 2026
Terminated at Mon May 11 23:47:42 2026
Results reported at Mon May 11 23:47:42 2026

Your job looked like:

------------------------------------------------------------
# LSBATCH: User input
#!/bin/bash
#BSUB -J trace_kin_v6c_perfolder_s2[1-10]
#BSUB -P acc_DiseaseGeneCell
#BSUB -q gpu
#BSUB -R h100nvl
#BSUB -gpu num=1
#BSUB -n 16
#BSUB -R "rusage[mem=15000]"
#BSUB -R "span[hosts=1]"
#BSUB -W 48:00
#BSUB -o %J.%I.stdout
#BSUB -eo %J.%I.stderr
#BSUB -L /bin/bash

# =============================================================================
# TRACE-Kin v6c PER-FOLDER — seed 2
# =============================================================================

# --- Environment -------------------------------------------------------------
ml purge
source ~/.bashrc
module load anaconda3/2024.06
source activate test
module load cuda/12.4.0
export RAYON_NUM_THREADS=4
export PYTORCH_CUDA_ALLOC_CONF=expandable_segments:True
export PYTHONPATH="$PWD${PYTHONPATH:+:$PYTHONPATH}"

# --- Knobs (env overrides) ---------------------------------------------------
ENZYME_BASE="${ENZYME_BASE:-/sc/arion/projects/DiseaseGeneCell/Huang_lab_project/drug_discovery/output/data/enzyme_embeddings_dataset}"
RESULT_BASE="${RESULT_BASE:-/sc/arion/projects/DiseaseGeneCell/Huang_lab_project/wangcDrugRepoProject/TRACE_Kin_Results_v6c_pocket_graph}"
MOLFORMER_PATH="${MOLFORMER_PATH:-/sc/arion/projects/DiseaseGeneCell/Huang_lab_project/wangcDrugRepoProject/transformersmodels/ibm/MoLFormer-XL-both-10pct}"
CONFIG_PATH="${CONFIG_PATH:-training/config_v6c.json}"
EPOCHS="${EPOCHS:-100}"
BATCH_SIZE="${BATCH_SIZE:-32}"
SEED=2
LRATE="${LRATE:-3e-4}"

# --- Per-array-index table (10 cells, MUTAPLM embedding) ---------------------
JOBS=(
    "EITLEM_dataset|EITLEM_kkm_MUTAPLM_embedding_cold_drug|"
    "catpred_dataset|catpred_kcat_MUTAPLM_embedding_random|"
    "inhouse_dataset|inhouse_Kd_MUTAPLM_embedding_random|"
    "EITLEM_dataset|EITLEM_kkm_MUTAPLM_embedding_random|"
    "EITLEM_dataset|EITLEM_kcat_MUTAPLM_embedding_cold_drug|"
    "MPEK_dataset|MPEK_kcat_MUTAPLM_embedding_cold_protein|"
    "EITLEM_dataset|EITLEM_km_MUTAPLM_embedding_cold_protein|"
    "catpred_dataset|catpred_ki_MUTAPLM_embedding_cold_protein|"
    "EITLEM_dataset|EITLEM_kkm_MUTAPLM_embedding_cold_protein|"
    "EITLEM_dataset|EITLEM_kcat_MUTAPLM_embedding_cold_protein|"

(... more ...)
------------------------------------------------------------

Successfully completed.

Resource usage summary:

    CPU time :                                   10235.00 sec.
    Max Memory :                                 55683 MB
    Average Memory :                             54222.51 MB
    Total Requested Memory :                     240000.00 MB
    Delta Memory :                               184317.00 MB
    Max Swap :                                   -
    Max Processes :                              21
    Max Threads :                                53
    Run time :                                   8287 sec.
    Turnaround time :                            8291 sec.

The output (if any) follows:

==========================================
TRACE-Kin v6c PER-FOLDER task 5/10 (seed=2)
==========================================
Date:        Mon May 11 21:29:38 EDT 2026
Dataset:     /sc/arion/projects/DiseaseGeneCell/Huang_lab_project/drug_discovery/output/data/enzyme_embeddings_dataset/EITLEM_dataset/EITLEM_kcat_MUTAPLM_embedding_cold_drug
Result:      /sc/arion/projects/DiseaseGeneCell/Huang_lab_project/wangcDrugRepoProject/TRACE_Kin_Results_v6c_pocket_graph/EITLEM_dataset/EITLEM_kcat_MUTAPLM_embedding_cold_drug
Config:      training/config_v6c.json
Epochs:      100, batch=32, seed=2, lr=3e-4
==========================================
Python 3.12.2
CUDA device: NVIDIA H100 80GB HBM3, sm_90
============================================================
TRACE-Kin training
============================================================
Datafolder:        /sc/arion/projects/DiseaseGeneCell/Huang_lab_project/drug_discovery/output/data/enzyme_embeddings_dataset/EITLEM_dataset/EITLEM_kcat_MUTAPLM_embedding_cold_drug
Result path:       /sc/arion/projects/DiseaseGeneCell/Huang_lab_project/wangcDrugRepoProject/TRACE_Kin_Results_v6c_pocket_graph/EITLEM_dataset/EITLEM_kcat_MUTAPLM_embedding_cold_drug
Config:            training/config_v6c.json
Pool train CSVs:   (none)
============================================================
[mem] before load_split_dataframes             max RSS = 0.62 GB
Loading primary train (essential cols): /sc/arion/projects/DiseaseGeneCell/Huang_lab_project/drug_discovery/output/data/enzyme_embeddings_dataset/EITLEM_dataset/EITLEM_kcat_MUTAPLM_embedding_cold_drug/train.parquet
Loading primary test (essential cols): /sc/arion/projects/DiseaseGeneCell/Huang_lab_project/drug_discovery/output/data/enzyme_embeddings_dataset/EITLEM_dataset/EITLEM_kcat_MUTAPLM_embedding_cold_drug/test.parquet
Loading primary val (essential cols): /sc/arion/projects/DiseaseGeneCell/Huang_lab_project/drug_discovery/output/data/enzyme_embeddings_dataset/EITLEM_dataset/EITLEM_kcat_MUTAPLM_embedding_cold_drug/val.parquet
Detected prot_evo_channels = 4096 (1-row sample)
[mem] after load_split_dataframes (lite — feature cols not loaded) max RSS = 1.06 GB
model_version: v6c, use_swa: False
Reusing protein cache: /sc/arion/projects/DiseaseGeneCell/Huang_lab_project/drug_discovery/output/data/enzyme_embeddings_dataset/EITLEM_dataset/EITLEM_kcat_MUTAPLM_embedding_cold_drug/protein.pt
Reusing ligand cache: /sc/arion/projects/DiseaseGeneCell/Huang_lab_project/drug_discovery/output/data/enzyme_embeddings_dataset/EITLEM_dataset/EITLEM_kcat_MUTAPLM_embedding_cold_drug/ligand.pt
[mem] after preprocess                         max RSS = 52.51 GB
loaders ready: train=774 test=227 val=99
[mem] after make_loaders                       max RSS = 52.51 GB
Built TraceKinV6C with 50,012,934 parameters
[AMP] enabled: dtype=torch.bfloat16
[LR schedule] schedule_lr=True, lrate=0.0003, min_lrate=1e-06, warmup_iters=0, lr_decay_iters=77400, total_iters=77400
Not in terminal, reprint now using normal build-in print function.
                              
                              
----------------------------------------
Epoch 001 with LR 0.000300: Model Results
----------------------------------------
Train MSE Loss: 2.4498, Train CLS Loss: 0.0000, Train MCLS Loss: 0.0000
Protein Cluster Region Loss - Ortho Loss: 0.0000, Cluster Loss: 0.0000
                              
Validation Results: {
    "ci": 0.6398,
    "classification_loss": 0.0,
    "cluster_loss": 0.0,
    "mae": 1.1589,
    "mse": 2.2882,
    "multiclassification_loss": 0.0,
    "ortho_loss": 0.0,
    "pearson": 0.3956,
    "regression_loss": 2.2864,
    "rm2": 0.1422,
    "rmse": 1.5127,
    "sd": 1.483,
    "spearman": 0.4062,
    "spectral_loss": 0.0
}
                              
Test Results: {
    "ci": 0.6321,
    "classification_loss": 0.0,
    "cluster_loss": 0.0,
    "mae": 1.085,
    "mse": 1.9343,
    "multiclassification_loss": 0.0,
    "ortho_loss": 0.0,
    "pearson": 0.3938,
    "regression_loss": 1.9285,
    "rm2": 0.1452,
    "rmse": 1.3908,
    "sd": 1.3687,
    "spearman": 0.3856,
    "spectral_loss": 0.0
}
                              
                              
----------------------------------------
Epoch 002 with LR 0.000300: Model Results
----------------------------------------
Train MSE Loss: 1.8693, Train CLS Loss: 0.0000, Train MCLS Loss: 0.0000
Protein Cluster Region Loss - Ortho Loss: 0.0000, Cluster Loss: 0.0000
                              
Validation Results: {
    "ci": 0.636,
    "classification_loss": 0.0,
    "cluster_loss": 0.0,
    "mae": 1.2212,
    "mse": 2.5759,
    "multiclassification_loss": 0.0,
    "ortho_loss": 0.0,
    "pearson": 0.3977,
    "regression_loss": 2.5877,
    "rm2": 0.1574,
    "rmse": 1.605,
    "sd": 1.4816,
    "spearman": 0.3938,
    "spectral_loss": 0.0
}
                              
Test Results: {
    "ci": 0.6321,
    "classification_loss": 0.0,
    "cluster_loss": 0.0,
    "mae": 1.085,
    "mse": 1.9343,
    "multiclassification_loss": 0.0,
    "ortho_loss": 0.0,
    "pearson": 0.3938,
    "regression_loss": 1.9285,
    "rm2": 0.1452,
    "rmse": 1.3908,
    "sd": 1.3687,
    "spearman": 0.3856,
    "spectral_loss": 0.0
}
                              
                              
----------------------------------------
Epoch 003 with LR 0.000299: Model Results
----------------------------------------
Train MSE Loss: 1.7069, Train CLS Loss: 0.0000, Train MCLS Loss: 0.0000
Protein Cluster Region Loss - Ortho Loss: 0.0000, Cluster Loss: 0.0000
                              
Validation Results: {
    "ci": 0.6551,
    "classification_loss": 0.0,
    "cluster_loss": 0.0,
    "mae": 1.1732,
    "mse": 2.2942,
    "multiclassification_loss": 0.0,
    "ortho_loss": 0.0,
    "pearson": 0.4536,
    "regression_loss": 2.2993,
    "rm2": 0.1836,
    "rmse": 1.5147,
    "sd": 1.4391,
    "spearman": 0.4461,
    "spectral_loss": 0.0
}
                              
Test Results: {
    "ci": 0.6321,
    "classification_loss": 0.0,
    "cluster_loss": 0.0,
    "mae": 1.085,
    "mse": 1.9343,
    "multiclassification_loss": 0.0,
    "ortho_loss": 0.0,
    "pearson": 0.3938,
    "regression_loss": 1.9285,
    "rm2": 0.1452,
    "rmse": 1.3908,
    "sd": 1.3687,
    "spearman": 0.3856,
    "spectral_loss": 0.0
}
                              
                              
----------------------------------------
Epoch 004 with LR 0.000299: Model Results
----------------------------------------
Train MSE Loss: 1.5266, Train CLS Loss: 0.0000, Train MCLS Loss: 0.0000
Protein Cluster Region Loss - Ortho Loss: 0.0000, Cluster Loss: 0.0000
                              
Validation Results: {
    "ci": 0.6682,
    "classification_loss": 0.0,
    "cluster_loss": 0.0,
    "mae": 1.0895,
    "mse": 2.0999,
    "multiclassification_loss": 0.0,
    "ortho_loss": 0.0,
    "pearson": 0.4779,
    "regression_loss": 2.122,
    "rm2": 0.2172,
    "rmse": 1.4491,
    "sd": 1.4184,
    "spearman": 0.482,
    "spectral_loss": 0.0
}
                              
Test Results: {
    "ci": 0.6694,
    "classification_loss": 0.0,
    "cluster_loss": 0.0,
    "mae": 1.0284,
    "mse": 1.8621,
    "multiclassification_loss": 0.0,
    "ortho_loss": 0.0,
    "pearson": 0.4936,
    "regression_loss": 1.8556,
    "rm2": 0.2212,
    "rmse": 1.3646,
    "sd": 1.295,
    "spearman": 0.4838,
    "spectral_loss": 0.0
}
                              
                              
----------------------------------------
Epoch 005 with LR 0.000298: Model Results
----------------------------------------
Train MSE Loss: 1.4122, Train CLS Loss: 0.0000, Train MCLS Loss: 0.0000
Protein Cluster Region Loss - Ortho Loss: 0.0000, Cluster Loss: 0.0000
                              
Validation Results: {
    "ci": 0.6779,
    "classification_loss": 0.0,
    "cluster_loss": 0.0,
    "mae": 1.0773,
    "mse": 2.0446,
    "multiclassification_loss": 0.0,
    "ortho_loss": 0.0,
    "pearson": 0.4902,
    "regression_loss": 2.0504,
    "rm2": 0.2162,
    "rmse": 1.4299,
    "sd": 1.4074,
    "spearman": 0.5055,
    "spectral_loss": 0.0
}
                              
Test Results: {
    "ci": 0.6734,
    "classification_loss": 0.0,
    "cluster_loss": 0.0,
    "mae": 1.0012,
    "mse": 1.6772,
    "multiclassification_loss": 0.0,
    "ortho_loss": 0.0,
    "pearson": 0.4996,
    "regression_loss": 1.6723,
    "rm2": 0.2359,
    "rmse": 1.295,
    "sd": 1.2899,
    "spearman": 0.4926,
    "spectral_loss": 0.0
}
                              
                              
----------------------------------------
Epoch 006 with LR 0.000297: Model Results
----------------------------------------
Train MSE Loss: 1.3619, Train CLS Loss: 0.0000, Train MCLS Loss: 0.0000
Protein Cluster Region Loss - Ortho Loss: 0.0000, Cluster Loss: 0.0000
                              
Validation Results: {
    "ci": 0.6854,
    "classification_loss": 0.0,
    "cluster_loss": 0.0,
    "mae": 1.0328,
    "mse": 1.9415,
    "multiclassification_loss": 0.0,
    "ortho_loss": 0.0,
    "pearson": 0.5059,
    "regression_loss": 1.9515,
    "rm2": 0.253,
    "rmse": 1.3934,
    "sd": 1.3929,
    "spearman": 0.5274,
    "spectral_loss": 0.0
}
                              
Test Results: {
    "ci": 0.6852,
    "classification_loss": 0.0,
    "cluster_loss": 0.0,
    "mae": 0.9594,
    "mse": 1.5891,
    "multiclassification_loss": 0.0,
    "ortho_loss": 0.0,
    "pearson": 0.5408,
    "regression_loss": 1.5841,
    "rm2": 0.273,
    "rmse": 1.2606,
    "sd": 1.2525,
    "spearman": 0.5255,
    "spectral_loss": 0.0
}
                              
                              
----------------------------------------
Epoch 007 with LR 0.000296: Model Results
----------------------------------------
Train MSE Loss: 1.2746, Train CLS Loss: 0.0000, Train MCLS Loss: 0.0000
Protein Cluster Region Loss - Ortho Loss: 0.0000, Cluster Loss: 0.0000
                              
Validation Results: {
    "ci": 0.6853,
    "classification_loss": 0.0,
    "cluster_loss": 0.0,
    "mae": 1.0265,
    "mse": 1.9275,
    "multiclassification_loss": 0.0,
    "ortho_loss": 0.0,
    "pearson": 0.5144,
    "regression_loss": 1.9384,
    "rm2": 0.2536,
    "rmse": 1.3883,
    "sd": 1.3847,
    "spearman": 0.5236,
    "spectral_loss": 0.0
}
                              
Test Results: {
    "ci": 0.6854,
    "classification_loss": 0.0,
    "cluster_loss": 0.0,
    "mae": 0.9529,
    "mse": 1.5727,
    "multiclassification_loss": 0.0,
    "ortho_loss": 0.0,
    "pearson": 0.5396,
    "regression_loss": 1.5676,
    "rm2": 0.2886,
    "rmse": 1.2541,
    "sd": 1.2537,
    "spearman": 0.5229,
    "spectral_loss": 0.0
}
                              
                              
----------------------------------------
Epoch 008 with LR 0.000295: Model Results
----------------------------------------
Train MSE Loss: 1.2217, Train CLS Loss: 0.0000, Train MCLS Loss: 0.0000
Protein Cluster Region Loss - Ortho Loss: 0.0000, Cluster Loss: 0.0000
                              
Validation Results: {
    "ci": 0.6878,
    "classification_loss": 0.0,
    "cluster_loss": 0.0,
    "mae": 1.0341,
    "mse": 1.9848,
    "multiclassification_loss": 0.0,
    "ortho_loss": 0.0,
    "pearson": 0.5164,
    "regression_loss": 1.9966,
    "rm2": 0.2638,
    "rmse": 1.4088,
    "sd": 1.3828,
    "spearman": 0.5298,
    "spectral_loss": 0.0
}
                              
Test Results: {
    "ci": 0.6854,
    "classification_loss": 0.0,
    "cluster_loss": 0.0,
    "mae": 0.9529,
    "mse": 1.5727,
    "multiclassification_loss": 0.0,
    "ortho_loss": 0.0,
    "pearson": 0.5396,
    "regression_loss": 1.5676,
    "rm2": 0.2886,
    "rmse": 1.2541,
    "sd": 1.2537,
    "spearman": 0.5229,
    "spectral_loss": 0.0
}
                              
                              
----------------------------------------
Epoch 009 with LR 0.000294: Model Results
----------------------------------------
Train MSE Loss: 1.1697, Train CLS Loss: 0.0000, Train MCLS Loss: 0.0000
Protein Cluster Region Loss - Ortho Loss: 0.0000, Cluster Loss: 0.0000
                              
Validation Results: {
    "ci": 0.6816,
    "classification_loss": 0.0,
    "cluster_loss": 0.0,
    "mae": 1.0654,
    "mse": 2.0704,
    "multiclassification_loss": 0.0,
    "ortho_loss": 0.0,
    "pearson": 0.5073,
    "regression_loss": 2.0846,
    "rm2": 0.2366,
    "rmse": 1.4389,
    "sd": 1.3916,
    "spearman": 0.5136,
    "spectral_loss": 0.0
}
                              
Test Results: {
    "ci": 0.6854,
    "classification_loss": 0.0,
    "cluster_loss": 0.0,
    "mae": 0.9529,
    "mse": 1.5727,
    "multiclassification_loss": 0.0,
    "ortho_loss": 0.0,
    "pearson": 0.5396,
    "regression_loss": 1.5676,
    "rm2": 0.2886,
    "rmse": 1.2541,
    "sd": 1.2537,
    "spearman": 0.5229,
    "spectral_loss": 0.0
}
                              
                              
----------------------------------------
Epoch 010 with LR 0.000293: Model Results
----------------------------------------
Train MSE Loss: 1.1457, Train CLS Loss: 0.0000, Train MCLS Loss: 0.0000
Protein Cluster Region Loss - Ortho Loss: 0.0000, Cluster Loss: 0.0000
                              
Validation Results: {
    "ci": 0.6951,
    "classification_loss": 0.0,
    "cluster_loss": 0.0,
    "mae": 1.0138,
    "mse": 1.8827,
    "multiclassification_loss": 0.0,
    "ortho_loss": 0.0,
    "pearson": 0.5401,
    "regression_loss": 1.905,
    "rm2": 0.272,
    "rmse": 1.3721,
    "sd": 1.359,
    "spearman": 0.5482,
    "spectral_loss": 0.0
}
                              
Test Results: {
    "ci": 0.6945,
    "classification_loss": 0.0,
    "cluster_loss": 0.0,
    "mae": 0.9401,
    "mse": 1.5766,
    "multiclassification_loss": 0.0,
    "ortho_loss": 0.0,
    "pearson": 0.556,
    "regression_loss": 1.5734,
    "rm2": 0.3029,
    "rmse": 1.2556,
    "sd": 1.2377,
    "spearman": 0.5454,
    "spectral_loss": 0.0
}
                              
                              
----------------------------------------
Epoch 011 with LR 0.000291: Model Results
----------------------------------------
Train MSE Loss: 1.1163, Train CLS Loss: 0.0000, Train MCLS Loss: 0.0000
Protein Cluster Region Loss - Ortho Loss: 0.0000, Cluster Loss: 0.0000
                              
Validation Results: {
    "ci": 0.6984,
    "classification_loss": 0.0,
    "cluster_loss": 0.0,
    "mae": 1.0086,
    "mse": 1.8934,
    "multiclassification_loss": 0.0,
    "ortho_loss": 0.0,
    "pearson": 0.5332,
    "regression_loss": 1.9046,
    "rm2": 0.2804,
    "rmse": 1.376,
    "sd": 1.3661,
    "spearman": 0.5553,
    "spectral_loss": 0.0
}
                              
Test Results: {
    "ci": 0.6945,
    "classification_loss": 0.0,
    "cluster_loss": 0.0,
    "mae": 0.9401,
    "mse": 1.5766,
    "multiclassification_loss": 0.0,
    "ortho_loss": 0.0,
    "pearson": 0.556,
    "regression_loss": 1.5734,
    "rm2": 0.3029,
    "rmse": 1.2556,
    "sd": 1.2377,
    "spearman": 0.5454,
    "spectral_loss": 0.0
}
                              
                              
----------------------------------------
Epoch 012 with LR 0.000290: Model Results
----------------------------------------
Train MSE Loss: 1.0690, Train CLS Loss: 0.0000, Train MCLS Loss: 0.0000
Protein Cluster Region Loss - Ortho Loss: 0.0000, Cluster Loss: 0.0000
                              
Validation Results: {
    "ci": 0.6946,
    "classification_loss": 0.0,
    "cluster_loss": 0.0,
    "mae": 1.0677,
    "mse": 2.0689,
    "multiclassification_loss": 0.0,
    "ortho_loss": 0.0,
    "pearson": 0.5373,
    "regression_loss": 2.0832,
    "rm2": 0.2714,
    "rmse": 1.4384,
    "sd": 1.3618,
    "spearman": 0.5466,
    "spectral_loss": 0.0
}
                              
Test Results: {
    "ci": 0.6945,
    "classification_loss": 0.0,
    "cluster_loss": 0.0,
    "mae": 0.9401,
    "mse": 1.5766,
    "multiclassification_loss": 0.0,
    "ortho_loss": 0.0,
    "pearson": 0.556,
    "regression_loss": 1.5734,
    "rm2": 0.3029,
    "rmse": 1.2556,
    "sd": 1.2377,
    "spearman": 0.5454,
    "spectral_loss": 0.0
}
                              
                              
----------------------------------------
Epoch 013 with LR 0.000288: Model Results
----------------------------------------
Train MSE Loss: 1.0473, Train CLS Loss: 0.0000, Train MCLS Loss: 0.0000
Protein Cluster Region Loss - Ortho Loss: 0.0000, Cluster Loss: 0.0000
                              
Validation Results: {
    "ci": 0.706,
    "classification_loss": 0.0,
    "cluster_loss": 0.0,
    "mae": 0.9956,
    "mse": 1.8673,
    "multiclassification_loss": 0.0,
    "ortho_loss": 0.0,
    "pearson": 0.5687,
    "regression_loss": 1.8754,
    "rm2": 0.3068,
    "rmse": 1.3665,
    "sd": 1.3282,
    "spearman": 0.5737,
    "spectral_loss": 0.0
}
                              
Test Results: {
    "ci": 0.7002,
    "classification_loss": 0.0,
    "cluster_loss": 0.0,
    "mae": 0.9458,
    "mse": 1.6514,
    "multiclassification_loss": 0.0,
    "ortho_loss": 0.0,
    "pearson": 0.5704,
    "regression_loss": 1.6481,
    "rm2": 0.3242,
    "rmse": 1.2851,
    "sd": 1.2231,
    "spearman": 0.5558,
    "spectral_loss": 0.0
}
                              
                              
----------------------------------------
Epoch 014 with LR 0.000286: Model Results
----------------------------------------
Train MSE Loss: 1.0093, Train CLS Loss: 0.0000, Train MCLS Loss: 0.0000
Protein Cluster Region Loss - Ortho Loss: 0.0000, Cluster Loss: 0.0000
                              
Validation Results: {
    "ci": 0.6987,
    "classification_loss": 0.0,
    "cluster_loss": 0.0,
    "mae": 0.9973,
    "mse": 1.8727,
    "multiclassification_loss": 0.0,
    "ortho_loss": 0.0,
    "pearson": 0.5498,
    "regression_loss": 1.8915,
    "rm2": 0.2811,
    "rmse": 1.3685,
    "sd": 1.3488,
    "spearman": 0.5551,
    "spectral_loss": 0.0
}
                              
Test Results: {
    "ci": 0.7002,
    "classification_loss": 0.0,
    "cluster_loss": 0.0,
    "mae": 0.9458,
    "mse": 1.6514,
    "multiclassification_loss": 0.0,
    "ortho_loss": 0.0,
    "pearson": 0.5704,
    "regression_loss": 1.6481,
    "rm2": 0.3242,
    "rmse": 1.2851,
    "sd": 1.2231,
    "spearman": 0.5558,
    "spectral_loss": 0.0
}
                              
                              
----------------------------------------
Epoch 015 with LR 0.000284: Model Results
----------------------------------------
Train MSE Loss: 0.9696, Train CLS Loss: 0.0000, Train MCLS Loss: 0.0000
Protein Cluster Region Loss - Ortho Loss: 0.0000, Cluster Loss: 0.0000
                              
Validation Results: {
    "ci": 0.7071,
    "classification_loss": 0.0,
    "cluster_loss": 0.0,
    "mae": 0.9974,
    "mse": 1.852,
    "multiclassification_loss": 0.0,
    "ortho_loss": 0.0,
    "pearson": 0.5779,
    "regression_loss": 1.8609,
    "rm2": 0.3315,
    "rmse": 1.3609,
    "sd": 1.3179,
    "spearman": 0.5762,
    "spectral_loss": 0.0
}
                              
Test Results: {
    "ci": 0.7027,
    "classification_loss": 0.0,
    "cluster_loss": 0.0,
    "mae": 0.9458,
    "mse": 1.6456,
    "multiclassification_loss": 0.0,
    "ortho_loss": 0.0,
    "pearson": 0.5819,
    "regression_loss": 1.6431,
    "rm2": 0.3258,
    "rmse": 1.2828,
    "sd": 1.211,
    "spearman": 0.5645,
    "spectral_loss": 0.0
}
                              
                              
----------------------------------------
Epoch 016 with LR 0.000282: Model Results
----------------------------------------
Train MSE Loss: 0.9610, Train CLS Loss: 0.0000, Train MCLS Loss: 0.0000
Protein Cluster Region Loss - Ortho Loss: 0.0000, Cluster Loss: 0.0000
                              
Validation Results: {
    "ci": 0.711,
    "classification_loss": 0.0,
    "cluster_loss": 0.0,
    "mae": 1.0014,
    "mse": 1.8626,
    "multiclassification_loss": 0.0,
    "ortho_loss": 0.0,
    "pearson": 0.5781,
    "regression_loss": 1.8647,
    "rm2": 0.296,
    "rmse": 1.3648,
    "sd": 1.3175,
    "spearman": 0.5866,
    "spectral_loss": 0.0
}
                              
Test Results: {
    "ci": 0.7027,
    "classification_loss": 0.0,
    "cluster_loss": 0.0,
    "mae": 0.9458,
    "mse": 1.6456,
    "multiclassification_loss": 0.0,
    "ortho_loss": 0.0,
    "pearson": 0.5819,
    "regression_loss": 1.6431,
    "rm2": 0.3258,
    "rmse": 1.2828,
    "sd": 1.211,
    "spearman": 0.5645,
    "spectral_loss": 0.0
}
                              
                              
----------------------------------------
Epoch 017 with LR 0.000279: Model Results
----------------------------------------
Train MSE Loss: 0.9370, Train CLS Loss: 0.0000, Train MCLS Loss: 0.0000
Protein Cluster Region Loss - Ortho Loss: 0.0000, Cluster Loss: 0.0000
                              
Validation Results: {
    "ci": 0.7085,
    "classification_loss": 0.0,
    "cluster_loss": 0.0,
    "mae": 0.9671,
    "mse": 1.7784,
    "multiclassification_loss": 0.0,
    "ortho_loss": 0.0,
    "pearson": 0.5715,
    "regression_loss": 1.7863,
    "rm2": 0.3184,
    "rmse": 1.3336,
    "sd": 1.325,
    "spearman": 0.5799,
    "spectral_loss": 0.0
}
                              
Test Results: {
    "ci": 0.7068,
    "classification_loss": 0.0,
    "cluster_loss": 0.0,
    "mae": 0.9095,
    "mse": 1.5302,
    "multiclassification_loss": 0.0,
    "ortho_loss": 0.0,
    "pearson": 0.5868,
    "regression_loss": 1.5272,
    "rm2": 0.3178,
    "rmse": 1.237,
    "sd": 1.2057,
    "spearman": 0.5733,
    "spectral_loss": 0.0
}
                              
                              
----------------------------------------
Epoch 018 with LR 0.000277: Model Results
----------------------------------------
Train MSE Loss: 0.9169, Train CLS Loss: 0.0000, Train MCLS Loss: 0.0000
Protein Cluster Region Loss - Ortho Loss: 0.0000, Cluster Loss: 0.0000
                              
Validation Results: {
    "ci": 0.7102,
    "classification_loss": 0.0,
    "cluster_loss": 0.0,
    "mae": 0.9908,
    "mse": 1.8727,
    "multiclassification_loss": 0.0,
    "ortho_loss": 0.0,
    "pearson": 0.5703,
    "regression_loss": 1.8834,
    "rm2": 0.3168,
    "rmse": 1.3685,
    "sd": 1.3264,
    "spearman": 0.5807,
    "spectral_loss": 0.0
}
                              
Test Results: {
    "ci": 0.7068,
    "classification_loss": 0.0,
    "cluster_loss": 0.0,
    "mae": 0.9095,
    "mse": 1.5302,
    "multiclassification_loss": 0.0,
    "ortho_loss": 0.0,
    "pearson": 0.5868,
    "regression_loss": 1.5272,
    "rm2": 0.3178,
    "rmse": 1.237,
    "sd": 1.2057,
    "spearman": 0.5733,
    "spectral_loss": 0.0
}
                              
                              
----------------------------------------
Epoch 019 with LR 0.000274: Model Results
----------------------------------------
Train MSE Loss: 0.9035, Train CLS Loss: 0.0000, Train MCLS Loss: 0.0000
Protein Cluster Region Loss - Ortho Loss: 0.0000, Cluster Loss: 0.0000
                              
Validation Results: {
    "ci": 0.7074,
    "classification_loss": 0.0,
    "cluster_loss": 0.0,
    "mae": 1.0253,
    "mse": 1.9807,
    "multiclassification_loss": 0.0,
    "ortho_loss": 0.0,
    "pearson": 0.564,
    "regression_loss": 1.9863,
    "rm2": 0.2885,
    "rmse": 1.4074,
    "sd": 1.3334,
    "spearman": 0.575,
    "spectral_loss": 0.0
}
                              
Test Results: {
    "ci": 0.7068,
    "classification_loss": 0.0,
    "cluster_loss": 0.0,
    "mae": 0.9095,
    "mse": 1.5302,
    "multiclassification_loss": 0.0,
    "ortho_loss": 0.0,
    "pearson": 0.5868,
    "regression_loss": 1.5272,
    "rm2": 0.3178,
    "rmse": 1.237,
    "sd": 1.2057,
    "spearman": 0.5733,
    "spectral_loss": 0.0
}
                              
                              
----------------------------------------
Epoch 020 with LR 0.000271: Model Results
----------------------------------------
Train MSE Loss: 0.8923, Train CLS Loss: 0.0000, Train MCLS Loss: 0.0000
Protein Cluster Region Loss - Ortho Loss: 0.0000, Cluster Loss: 0.0000
                              
Validation Results: {
    "ci": 0.7078,
    "classification_loss": 0.0,
    "cluster_loss": 0.0,
    "mae": 1.0079,
    "mse": 1.8612,
    "multiclassification_loss": 0.0,
    "ortho_loss": 0.0,
    "pearson": 0.5777,
    "regression_loss": 1.8643,
    "rm2": 0.2906,
    "rmse": 1.3642,
    "sd": 1.3181,
    "spearman": 0.5768,
    "spectral_loss": 0.0
}
                              
Test Results: {
    "ci": 0.7068,
    "classification_loss": 0.0,
    "cluster_loss": 0.0,
    "mae": 0.9095,
    "mse": 1.5302,
    "multiclassification_loss": 0.0,
    "ortho_loss": 0.0,
    "pearson": 0.5868,
    "regression_loss": 1.5272,
    "rm2": 0.3178,
    "rmse": 1.237,
    "sd": 1.2057,
    "spearman": 0.5733,
    "spectral_loss": 0.0
}
                              
                              
----------------------------------------
Epoch 021 with LR 0.000269: Model Results
----------------------------------------
Train MSE Loss: 0.8900, Train CLS Loss: 0.0000, Train MCLS Loss: 0.0000
Protein Cluster Region Loss - Ortho Loss: 0.0000, Cluster Loss: 0.0000
                              
Validation Results: {
    "ci": 0.7106,
    "classification_loss": 0.0,
    "cluster_loss": 0.0,
    "mae": 0.9762,
    "mse": 1.8129,
    "multiclassification_loss": 0.0,
    "ortho_loss": 0.0,
    "pearson": 0.5813,
    "regression_loss": 1.8182,
    "rm2": 0.3019,
    "rmse": 1.3464,
    "sd": 1.3139,
    "spearman": 0.5833,
    "spectral_loss": 0.0
}
                              
Test Results: {
    "ci": 0.7068,
    "classification_loss": 0.0,
    "cluster_loss": 0.0,
    "mae": 0.9095,
    "mse": 1.5302,
    "multiclassification_loss": 0.0,
    "ortho_loss": 0.0,
    "pearson": 0.5868,
    "regression_loss": 1.5272,
    "rm2": 0.3178,
    "rmse": 1.237,
    "sd": 1.2057,
    "spearman": 0.5733,
    "spectral_loss": 0.0
}
                              
                              
----------------------------------------
Epoch 022 with LR 0.000266: Model Results
----------------------------------------
Train MSE Loss: 0.8596, Train CLS Loss: 0.0000, Train MCLS Loss: 0.0000
Protein Cluster Region Loss - Ortho Loss: 0.0000, Cluster Loss: 0.0000
                              
Validation Results: {
    "ci": 0.7146,
    "classification_loss": 0.0,
    "cluster_loss": 0.0,
    "mae": 0.957,
    "mse": 1.7439,
    "multiclassification_loss": 0.0,
    "ortho_loss": 0.0,
    "pearson": 0.5935,
    "regression_loss": 1.755,
    "rm2": 0.3354,
    "rmse": 1.3206,
    "sd": 1.2997,
    "spearman": 0.5939,
    "spectral_loss": 0.0
}
                              
Test Results: {
    "ci": 0.7037,
    "classification_loss": 0.0,
    "cluster_loss": 0.0,
    "mae": 0.9247,
    "mse": 1.5902,
    "multiclassification_loss": 0.0,
    "ortho_loss": 0.0,
    "pearson": 0.584,
    "regression_loss": 1.5882,
    "rm2": 0.3127,
    "rmse": 1.261,
    "sd": 1.2088,
    "spearman": 0.5655,
    "spectral_loss": 0.0
}
                              
                              
----------------------------------------
Epoch 023 with LR 0.000263: Model Results
----------------------------------------
Train MSE Loss: 0.8389, Train CLS Loss: 0.0000, Train MCLS Loss: 0.0000
Protein Cluster Region Loss - Ortho Loss: 0.0000, Cluster Loss: 0.0000
                              
Validation Results: {
    "ci": 0.7113,
    "classification_loss": 0.0,
    "cluster_loss": 0.0,
    "mae": 0.9959,
    "mse": 1.8675,
    "multiclassification_loss": 0.0,
    "ortho_loss": 0.0,
    "pearson": 0.5783,
    "regression_loss": 1.8879,
    "rm2": 0.3244,
    "rmse": 1.3665,
    "sd": 1.3173,
    "spearman": 0.5852,
    "spectral_loss": 0.0
}
                              
Test Results: {
    "ci": 0.7037,
    "classification_loss": 0.0,
    "cluster_loss": 0.0,
    "mae": 0.9247,
    "mse": 1.5902,
    "multiclassification_loss": 0.0,
    "ortho_loss": 0.0,
    "pearson": 0.584,
    "regression_loss": 1.5882,
    "rm2": 0.3127,
    "rmse": 1.261,
    "sd": 1.2088,
    "spearman": 0.5655,
    "spectral_loss": 0.0
}
                              
                              
----------------------------------------
Epoch 024 with LR 0.000259: Model Results
----------------------------------------
Train MSE Loss: 0.8318, Train CLS Loss: 0.0000, Train MCLS Loss: 0.0000
Protein Cluster Region Loss - Ortho Loss: 0.0000, Cluster Loss: 0.0000
                              
Validation Results: {
    "ci": 0.7107,
    "classification_loss": 0.0,
    "cluster_loss": 0.0,
    "mae": 0.9966,
    "mse": 1.8893,
    "multiclassification_loss": 0.0,
    "ortho_loss": 0.0,
    "pearson": 0.5709,
    "regression_loss": 1.8955,
    "rm2": 0.3075,
    "rmse": 1.3745,
    "sd": 1.3258,
    "spearman": 0.5842,
    "spectral_loss": 0.0
}
                              
Test Results: {
    "ci": 0.7037,
    "classification_loss": 0.0,
    "cluster_loss": 0.0,
    "mae": 0.9247,
    "mse": 1.5902,
    "multiclassification_loss": 0.0,
    "ortho_loss": 0.0,
    "pearson": 0.584,
    "regression_loss": 1.5882,
    "rm2": 0.3127,
    "rmse": 1.261,
    "sd": 1.2088,
    "spearman": 0.5655,
    "spectral_loss": 0.0
}
                              
                              
----------------------------------------
Epoch 025 with LR 0.000256: Model Results
----------------------------------------
Train MSE Loss: 0.8198, Train CLS Loss: 0.0000, Train MCLS Loss: 0.0000
Protein Cluster Region Loss - Ortho Loss: 0.0000, Cluster Loss: 0.0000
                              
Validation Results: {
    "ci": 0.7168,
    "classification_loss": 0.0,
    "cluster_loss": 0.0,
    "mae": 0.9679,
    "mse": 1.7851,
    "multiclassification_loss": 0.0,
    "ortho_loss": 0.0,
    "pearson": 0.5905,
    "regression_loss": 1.7925,
    "rm2": 0.3236,
    "rmse": 1.3361,
    "sd": 1.3031,
    "spearman": 0.5974,
    "spectral_loss": 0.0
}
                              
Test Results: {
    "ci": 0.7037,
    "classification_loss": 0.0,
    "cluster_loss": 0.0,
    "mae": 0.9247,
    "mse": 1.5902,
    "multiclassification_loss": 0.0,
    "ortho_loss": 0.0,
    "pearson": 0.584,
    "regression_loss": 1.5882,
    "rm2": 0.3127,
    "rmse": 1.261,
    "sd": 1.2088,
    "spearman": 0.5655,
    "spectral_loss": 0.0
}
                              
                              
----------------------------------------
Epoch 026 with LR 0.000253: Model Results
----------------------------------------
Train MSE Loss: 0.8072, Train CLS Loss: 0.0000, Train MCLS Loss: 0.0000
Protein Cluster Region Loss - Ortho Loss: 0.0000, Cluster Loss: 0.0000
                              
Validation Results: {
    "ci": 0.7192,
    "classification_loss": 0.0,
    "cluster_loss": 0.0,
    "mae": 0.9772,
    "mse": 1.7798,
    "multiclassification_loss": 0.0,
    "ortho_loss": 0.0,
    "pearson": 0.5988,
    "regression_loss": 1.7834,
    "rm2": 0.3163,
    "rmse": 1.3341,
    "sd": 1.2933,
    "spearman": 0.6032,
    "spectral_loss": 0.0
}
                              
Test Results: {
    "ci": 0.7037,
    "classification_loss": 0.0,
    "cluster_loss": 0.0,
    "mae": 0.9247,
    "mse": 1.5902,
    "multiclassification_loss": 0.0,
    "ortho_loss": 0.0,
    "pearson": 0.584,
    "regression_loss": 1.5882,
    "rm2": 0.3127,
    "rmse": 1.261,
    "sd": 1.2088,
    "spearman": 0.5655,
    "spectral_loss": 0.0
}
                              
                              
----------------------------------------
Epoch 027 with LR 0.000249: Model Results
----------------------------------------
Train MSE Loss: 0.7974, Train CLS Loss: 0.0000, Train MCLS Loss: 0.0000
Protein Cluster Region Loss - Ortho Loss: 0.0000, Cluster Loss: 0.0000
                              
Validation Results: {
    "ci": 0.7244,
    "classification_loss": 0.0,
    "cluster_loss": 0.0,
    "mae": 0.9262,
    "mse": 1.6378,
    "multiclassification_loss": 0.0,
    "ortho_loss": 0.0,
    "pearson": 0.6111,
    "regression_loss": 1.6532,
    "rm2": 0.3709,
    "rmse": 1.2798,
    "sd": 1.2781,
    "spearman": 0.6167,
    "spectral_loss": 0.0
}
                              
Test Results: {
    "ci": 0.718,
    "classification_loss": 0.0,
    "cluster_loss": 0.0,
    "mae": 0.8716,
    "mse": 1.4409,
    "multiclassification_loss": 0.0,
    "ortho_loss": 0.0,
    "pearson": 0.6077,
    "regression_loss": 1.4381,
    "rm2": 0.3509,
    "rmse": 1.2004,
    "sd": 1.1825,
    "spearman": 0.5982,
    "spectral_loss": 0.0
}
                              
                              
----------------------------------------
Epoch 028 with LR 0.000246: Model Results
----------------------------------------
Train MSE Loss: 0.7792, Train CLS Loss: 0.0000, Train MCLS Loss: 0.0000
Protein Cluster Region Loss - Ortho Loss: 0.0000, Cluster Loss: 0.0000
                              
Validation Results: {
    "ci": 0.7191,
    "classification_loss": 0.0,
    "cluster_loss": 0.0,
    "mae": 0.9459,
    "mse": 1.7199,
    "multiclassification_loss": 0.0,
    "ortho_loss": 0.0,
    "pearson": 0.5997,
    "regression_loss": 1.7263,
    "rm2": 0.3466,
    "rmse": 1.3114,
    "sd": 1.2921,
    "spearman": 0.6055,
    "spectral_loss": 0.0
}
                              
Test Results: {
    "ci": 0.718,
    "classification_loss": 0.0,
    "cluster_loss": 0.0,
    "mae": 0.8716,
    "mse": 1.4409,
    "multiclassification_loss": 0.0,
    "ortho_loss": 0.0,
    "pearson": 0.6077,
    "regression_loss": 1.4381,
    "rm2": 0.3509,
    "rmse": 1.2004,
    "sd": 1.1825,
    "spearman": 0.5982,
    "spectral_loss": 0.0
}
                              
                              
----------------------------------------
Epoch 029 with LR 0.000242: Model Results
----------------------------------------
Train MSE Loss: 0.7748, Train CLS Loss: 0.0000, Train MCLS Loss: 0.0000
Protein Cluster Region Loss - Ortho Loss: 0.0000, Cluster Loss: 0.0000
                              
Validation Results: {
    "ci": 0.7087,
    "classification_loss": 0.0,
    "cluster_loss": 0.0,
    "mae": 1.0004,
    "mse": 1.8856,
    "multiclassification_loss": 0.0,
    "ortho_loss": 0.0,
    "pearson": 0.5811,
    "regression_loss": 1.8873,
    "rm2": 0.305,
    "rmse": 1.3732,
    "sd": 1.3142,
    "spearman": 0.576,
    "spectral_loss": 0.0
}
                              
Test Results: {
    "ci": 0.718,
    "classification_loss": 0.0,
    "cluster_loss": 0.0,
    "mae": 0.8716,
    "mse": 1.4409,
    "multiclassification_loss": 0.0,
    "ortho_loss": 0.0,
    "pearson": 0.6077,
    "regression_loss": 1.4381,
    "rm2": 0.3509,
    "rmse": 1.2004,
    "sd": 1.1825,
    "spearman": 0.5982,
    "spectral_loss": 0.0
}
                              
                              
----------------------------------------
Epoch 030 with LR 0.000238: Model Results
----------------------------------------
Train MSE Loss: 0.7683, Train CLS Loss: 0.0000, Train MCLS Loss: 0.0000
Protein Cluster Region Loss - Ortho Loss: 0.0000, Cluster Loss: 0.0000
                              
Validation Results: {
    "ci": 0.7231,
    "classification_loss": 0.0,
    "cluster_loss": 0.0,
    "mae": 0.9586,
    "mse": 1.7428,
    "multiclassification_loss": 0.0,
    "ortho_loss": 0.0,
    "pearson": 0.6122,
    "regression_loss": 1.7473,
    "rm2": 0.3719,
    "rmse": 1.3201,
    "sd": 1.2768,
    "spearman": 0.6138,
    "spectral_loss": 0.0
}
                              
Test Results: {
    "ci": 0.718,
    "classification_loss": 0.0,
    "cluster_loss": 0.0,
    "mae": 0.8716,
    "mse": 1.4409,
    "multiclassification_loss": 0.0,
    "ortho_loss": 0.0,
    "pearson": 0.6077,
    "regression_loss": 1.4381,
    "rm2": 0.3509,
    "rmse": 1.2004,
    "sd": 1.1825,
    "spearman": 0.5982,
    "spectral_loss": 0.0
}
                              
                              
----------------------------------------
Epoch 031 with LR 0.000235: Model Results
----------------------------------------
Train MSE Loss: 0.7513, Train CLS Loss: 0.0000, Train MCLS Loss: 0.0000
Protein Cluster Region Loss - Ortho Loss: 0.0000, Cluster Loss: 0.0000
                              
Validation Results: {
    "ci": 0.7161,
    "classification_loss": 0.0,
    "cluster_loss": 0.0,
    "mae": 0.9801,
    "mse": 1.7986,
    "multiclassification_loss": 0.0,
    "ortho_loss": 0.0,
    "pearson": 0.5909,
    "regression_loss": 1.8049,
    "rm2": 0.3447,
    "rmse": 1.3411,
    "sd": 1.3027,
    "spearman": 0.5956,
    "spectral_loss": 0.0
}
                              
Test Results: {
    "ci": 0.718,
    "classification_loss": 0.0,
    "cluster_loss": 0.0,
    "mae": 0.8716,
    "mse": 1.4409,
    "multiclassification_loss": 0.0,
    "ortho_loss": 0.0,
    "pearson": 0.6077,
    "regression_loss": 1.4381,
    "rm2": 0.3509,
    "rmse": 1.2004,
    "sd": 1.1825,
    "spearman": 0.5982,
    "spectral_loss": 0.0
}
                              
                              
----------------------------------------
Epoch 032 with LR 0.000231: Model Results
----------------------------------------
Train MSE Loss: 0.7373, Train CLS Loss: 0.0000, Train MCLS Loss: 0.0000
Protein Cluster Region Loss - Ortho Loss: 0.0000, Cluster Loss: 0.0000
                              
Validation Results: {
    "ci": 0.7227,
    "classification_loss": 0.0,
    "cluster_loss": 0.0,
    "mae": 0.9405,
    "mse": 1.7173,
    "multiclassification_loss": 0.0,
    "ortho_loss": 0.0,
    "pearson": 0.6077,
    "regression_loss": 1.7217,
    "rm2": 0.3411,
    "rmse": 1.3105,
    "sd": 1.2823,
    "spearman": 0.6116,
    "spectral_loss": 0.0
}
                              
Test Results: {
    "ci": 0.718,
    "classification_loss": 0.0,
    "cluster_loss": 0.0,
    "mae": 0.8716,
    "mse": 1.4409,
    "multiclassification_loss": 0.0,
    "ortho_loss": 0.0,
    "pearson": 0.6077,
    "regression_loss": 1.4381,
    "rm2": 0.3509,
    "rmse": 1.2004,
    "sd": 1.1825,
    "spearman": 0.5982,
    "spectral_loss": 0.0
}
                              
                              
----------------------------------------
Epoch 033 with LR 0.000227: Model Results
----------------------------------------
Train MSE Loss: 0.7380, Train CLS Loss: 0.0000, Train MCLS Loss: 0.0000
Protein Cluster Region Loss - Ortho Loss: 0.0000, Cluster Loss: 0.0000
                              
Validation Results: {
    "ci": 0.7216,
    "classification_loss": 0.0,
    "cluster_loss": 0.0,
    "mae": 0.9751,
    "mse": 1.819,
    "multiclassification_loss": 0.0,
    "ortho_loss": 0.0,
    "pearson": 0.6008,
    "regression_loss": 1.825,
    "rm2": 0.3073,
    "rmse": 1.3487,
    "sd": 1.2909,
    "spearman": 0.6097,
    "spectral_loss": 0.0
}
                              
Test Results: {
    "ci": 0.718,
    "classification_loss": 0.0,
    "cluster_loss": 0.0,
    "mae": 0.8716,
    "mse": 1.4409,
    "multiclassification_loss": 0.0,
    "ortho_loss": 0.0,
    "pearson": 0.6077,
    "regression_loss": 1.4381,
    "rm2": 0.3509,
    "rmse": 1.2004,
    "sd": 1.1825,
    "spearman": 0.5982,
    "spectral_loss": 0.0
}
                              
                              
----------------------------------------
Epoch 034 with LR 0.000223: Model Results
----------------------------------------
Train MSE Loss: 0.7233, Train CLS Loss: 0.0000, Train MCLS Loss: 0.0000
Protein Cluster Region Loss - Ortho Loss: 0.0000, Cluster Loss: 0.0000
                              
Validation Results: {
    "ci": 0.714,
    "classification_loss": 0.0,
    "cluster_loss": 0.0,
    "mae": 0.9786,
    "mse": 1.8362,
    "multiclassification_loss": 0.0,
    "ortho_loss": 0.0,
    "pearson": 0.5871,
    "regression_loss": 1.8437,
    "rm2": 0.3308,
    "rmse": 1.3551,
    "sd": 1.3072,
    "spearman": 0.5891,
    "spectral_loss": 0.0
}
                              
Test Results: {
    "ci": 0.718,
    "classification_loss": 0.0,
    "cluster_loss": 0.0,
    "mae": 0.8716,
    "mse": 1.4409,
    "multiclassification_loss": 0.0,
    "ortho_loss": 0.0,
    "pearson": 0.6077,
    "regression_loss": 1.4381,
    "rm2": 0.3509,
    "rmse": 1.2004,
    "sd": 1.1825,
    "spearman": 0.5982,
    "spectral_loss": 0.0
}
                              
                              
----------------------------------------
Epoch 035 with LR 0.000218: Model Results
----------------------------------------
Train MSE Loss: 0.7237, Train CLS Loss: 0.0000, Train MCLS Loss: 0.0000
Protein Cluster Region Loss - Ortho Loss: 0.0000, Cluster Loss: 0.0000
                              
Validation Results: {
    "ci": 0.7203,
    "classification_loss": 0.0,
    "cluster_loss": 0.0,
    "mae": 0.9573,
    "mse": 1.7663,
    "multiclassification_loss": 0.0,
    "ortho_loss": 0.0,
    "pearson": 0.5962,
    "regression_loss": 1.7782,
    "rm2": 0.3371,
    "rmse": 1.329,
    "sd": 1.2964,
    "spearman": 0.6058,
    "spectral_loss": 0.0
}
                              
Test Results: {
    "ci": 0.718,
    "classification_loss": 0.0,
    "cluster_loss": 0.0,
    "mae": 0.8716,
    "mse": 1.4409,
    "multiclassification_loss": 0.0,
    "ortho_loss": 0.0,
    "pearson": 0.6077,
    "regression_loss": 1.4381,
    "rm2": 0.3509,
    "rmse": 1.2004,
    "sd": 1.1825,
    "spearman": 0.5982,
    "spectral_loss": 0.0
}
                              
                              
----------------------------------------
Epoch 036 with LR 0.000214: Model Results
----------------------------------------
Train MSE Loss: 0.7052, Train CLS Loss: 0.0000, Train MCLS Loss: 0.0000
Protein Cluster Region Loss - Ortho Loss: 0.0000, Cluster Loss: 0.0000
                              
Validation Results: {
    "ci": 0.7213,
    "classification_loss": 0.0,
    "cluster_loss": 0.0,
    "mae": 0.9779,
    "mse": 1.8231,
    "multiclassification_loss": 0.0,
    "ortho_loss": 0.0,
    "pearson": 0.6073,
    "regression_loss": 1.8251,
    "rm2": 0.3311,
    "rmse": 1.3502,
    "sd": 1.2829,
    "spearman": 0.6066,
    "spectral_loss": 0.0
}
                              
Test Results: {
    "ci": 0.718,
    "classification_loss": 0.0,
    "cluster_loss": 0.0,
    "mae": 0.8716,
    "mse": 1.4409,
    "multiclassification_loss": 0.0,
    "ortho_loss": 0.0,
    "pearson": 0.6077,
    "regression_loss": 1.4381,
    "rm2": 0.3509,
    "rmse": 1.2004,
    "sd": 1.1825,
    "spearman": 0.5982,
    "spectral_loss": 0.0
}
                              
                              
----------------------------------------
Epoch 037 with LR 0.000210: Model Results
----------------------------------------
Train MSE Loss: 0.6986, Train CLS Loss: 0.0000, Train MCLS Loss: 0.0000
Protein Cluster Region Loss - Ortho Loss: 0.0000, Cluster Loss: 0.0000
                              
Validation Results: {
    "ci": 0.7293,
    "classification_loss": 0.0,
    "cluster_loss": 0.0,
    "mae": 0.9454,
    "mse": 1.7247,
    "multiclassification_loss": 0.0,
    "ortho_loss": 0.0,
    "pearson": 0.6201,
    "regression_loss": 1.7468,
    "rm2": 0.3578,
    "rmse": 1.3133,
    "sd": 1.2668,
    "spearman": 0.625,
    "spectral_loss": 0.0
}
                              
Test Results: {
    "ci": 0.718,
    "classification_loss": 0.0,
    "cluster_loss": 0.0,
    "mae": 0.8716,
    "mse": 1.4409,
    "multiclassification_loss": 0.0,
    "ortho_loss": 0.0,
    "pearson": 0.6077,
    "regression_loss": 1.4381,
    "rm2": 0.3509,
    "rmse": 1.2004,
    "sd": 1.1825,
    "spearman": 0.5982,
    "spectral_loss": 0.0
}
                              
                              
----------------------------------------
Epoch 038 with LR 0.000206: Model Results
----------------------------------------
Train MSE Loss: 0.6917, Train CLS Loss: 0.0000, Train MCLS Loss: 0.0000
Protein Cluster Region Loss - Ortho Loss: 0.0000, Cluster Loss: 0.0000
                              
Validation Results: {
    "ci": 0.7237,
    "classification_loss": 0.0,
    "cluster_loss": 0.0,
    "mae": 0.9633,
    "mse": 1.7854,
    "multiclassification_loss": 0.0,
    "ortho_loss": 0.0,
    "pearson": 0.6113,
    "regression_loss": 1.7914,
    "rm2": 0.3731,
    "rmse": 1.3362,
    "sd": 1.278,
    "spearman": 0.6128,
    "spectral_loss": 0.0
}
                              
Test Results: {
    "ci": 0.718,
    "classification_loss": 0.0,
    "cluster_loss": 0.0,
    "mae": 0.8716,
    "mse": 1.4409,
    "multiclassification_loss": 0.0,
    "ortho_loss": 0.0,
    "pearson": 0.6077,
    "regression_loss": 1.4381,
    "rm2": 0.3509,
    "rmse": 1.2004,
    "sd": 1.1825,
    "spearman": 0.5982,
    "spectral_loss": 0.0
}
                              
                              
----------------------------------------
Epoch 039 with LR 0.000201: Model Results
----------------------------------------
Train MSE Loss: 0.6920, Train CLS Loss: 0.0000, Train MCLS Loss: 0.0000
Protein Cluster Region Loss - Ortho Loss: 0.0000, Cluster Loss: 0.0000
                              
Validation Results: {
    "ci": 0.7278,
    "classification_loss": 0.0,
    "cluster_loss": 0.0,
    "mae": 0.9201,
    "mse": 1.6476,
    "multiclassification_loss": 0.0,
    "ortho_loss": 0.0,
    "pearson": 0.6175,
    "regression_loss": 1.6539,
    "rm2": 0.3653,
    "rmse": 1.2836,
    "sd": 1.2701,
    "spearman": 0.6233,
    "spectral_loss": 0.0
}
                              
Test Results: {
    "ci": 0.718,
    "classification_loss": 0.0,
    "cluster_loss": 0.0,
    "mae": 0.8716,
    "mse": 1.4409,
    "multiclassification_loss": 0.0,
    "ortho_loss": 0.0,
    "pearson": 0.6077,
    "regression_loss": 1.4381,
    "rm2": 0.3509,
    "rmse": 1.2004,
    "sd": 1.1825,
    "spearman": 0.5982,
    "spectral_loss": 0.0
}
                              
                              
----------------------------------------
Epoch 040 with LR 0.000197: Model Results
----------------------------------------
Train MSE Loss: 0.6678, Train CLS Loss: 0.0000, Train MCLS Loss: 0.0000
Protein Cluster Region Loss - Ortho Loss: 0.0000, Cluster Loss: 0.0000
                              
Validation Results: {
    "ci": 0.7268,
    "classification_loss": 0.0,
    "cluster_loss": 0.0,
    "mae": 0.9204,
    "mse": 1.6716,
    "multiclassification_loss": 0.0,
    "ortho_loss": 0.0,
    "pearson": 0.6138,
    "regression_loss": 1.6769,
    "rm2": 0.3424,
    "rmse": 1.2929,
    "sd": 1.2748,
    "spearman": 0.618,
    "spectral_loss": 0.0
}
                              
Test Results: {
    "ci": 0.718,
    "classification_loss": 0.0,
    "cluster_loss": 0.0,
    "mae": 0.8716,
    "mse": 1.4409,
    "multiclassification_loss": 0.0,
    "ortho_loss": 0.0,
    "pearson": 0.6077,
    "regression_loss": 1.4381,
    "rm2": 0.3509,
    "rmse": 1.2004,
    "sd": 1.1825,
    "spearman": 0.5982,
    "spectral_loss": 0.0
}
                              
                              
----------------------------------------
Epoch 041 with LR 0.000192: Model Results
----------------------------------------
Train MSE Loss: 0.6727, Train CLS Loss: 0.0000, Train MCLS Loss: 0.0000
Protein Cluster Region Loss - Ortho Loss: 0.0000, Cluster Loss: 0.0000
                              
Validation Results: {
    "ci": 0.7256,
    "classification_loss": 0.0,
    "cluster_loss": 0.0,
    "mae": 0.919,
    "mse": 1.6506,
    "multiclassification_loss": 0.0,
    "ortho_loss": 0.0,
    "pearson": 0.6163,
    "regression_loss": 1.664,
    "rm2": 0.3779,
    "rmse": 1.2848,
    "sd": 1.2717,
    "spearman": 0.6172,
    "spectral_loss": 0.0
}
                              
Test Results: {
    "ci": 0.718,
    "classification_loss": 0.0,
    "cluster_loss": 0.0,
    "mae": 0.8716,
    "mse": 1.4409,
    "multiclassification_loss": 0.0,
    "ortho_loss": 0.0,
    "pearson": 0.6077,
    "regression_loss": 1.4381,
    "rm2": 0.3509,
    "rmse": 1.2004,
    "sd": 1.1825,
    "spearman": 0.5982,
    "spectral_loss": 0.0
}
                              
                              
----------------------------------------
Epoch 042 with LR 0.000188: Model Results
----------------------------------------
Train MSE Loss: 0.6574, Train CLS Loss: 0.0000, Train MCLS Loss: 0.0000
Protein Cluster Region Loss - Ortho Loss: 0.0000, Cluster Loss: 0.0000
                              
Validation Results: {
    "ci": 0.7241,
    "classification_loss": 0.0,
    "cluster_loss": 0.0,
    "mae": 0.9265,
    "mse": 1.6786,
    "multiclassification_loss": 0.0,
    "ortho_loss": 0.0,
    "pearson": 0.6103,
    "regression_loss": 1.6913,
    "rm2": 0.3635,
    "rmse": 1.2956,
    "sd": 1.2791,
    "spearman": 0.6118,
    "spectral_loss": 0.0
}
                              
Test Results: {
    "ci": 0.718,
    "classification_loss": 0.0,
    "cluster_loss": 0.0,
    "mae": 0.8716,
    "mse": 1.4409,
    "multiclassification_loss": 0.0,
    "ortho_loss": 0.0,
    "pearson": 0.6077,
    "regression_loss": 1.4381,
    "rm2": 0.3509,
    "rmse": 1.2004,
    "sd": 1.1825,
    "spearman": 0.5982,
    "spectral_loss": 0.0
}

Early stopping at epoch 42 (no improvement for 15 epochs)
[best epoch] epoch=27, best_rmse=1.2798, lr_at_best=2.494e-04
                              
                              
----------------------------------------
Epoch 042 with LR 0.000188: Model Results
----------------------------------------
Train MSE Loss: 0.6574, Train CLS Loss: 0.0000, Train MCLS Loss: 0.0000
Protein Cluster Region Loss - Ortho Loss: 0.0000, Cluster Loss: 0.0000
                              
Validation Results: {
    "ci": 0.7241,
    "classification_loss": 0.0,
    "cluster_loss": 0.0,
    "mae": 0.9265,
    "mse": 1.6786,
    "multiclassification_loss": 0.0,
    "ortho_loss": 0.0,
    "pearson": 0.6103,
    "regression_loss": 1.6913,
    "rm2": 0.3635,
    "rmse": 1.2956,
    "sd": 1.2791,
    "spearman": 0.6118,
    "spectral_loss": 0.0
}
                              
Test Results: {
    "ci": 0.718,
    "classification_loss": 0.0,
    "cluster_loss": 0.0,
    "mae": 0.8716,
    "mse": 1.4409,
    "multiclassification_loss": 0.0,
    "ortho_loss": 0.0,
    "pearson": 0.6077,
    "regression_loss": 1.4381,
    "rm2": 0.3509,
    "rmse": 1.2004,
    "sd": 1.1825,
    "spearman": 0.5982,
    "spectral_loss": 0.0
}
Final test metrics: rmse=1.2008, pearson=0.6077, r2_proxy(mse)=1.4419
Done. Predictions: /sc/arion/projects/DiseaseGeneCell/Huang_lab_project/wangcDrugRepoProject/TRACE_Kin_Results_v6c_pocket_graph/EITLEM_dataset/EITLEM_kcat_MUTAPLM_embedding_cold_drug/test_prediction_seed2.csv; checkpoint: /sc/arion/projects/DiseaseGeneCell/Huang_lab_project/wangcDrugRepoProject/TRACE_Kin_Results_v6c_pocket_graph/EITLEM_dataset/EITLEM_kcat_MUTAPLM_embedding_cold_drug/save_model_seed2/model.pt

Array task 5/10: OK (EITLEM_kcat_MUTAPLM_embedding_cold_drug)


PS:

Read file <243012710.5.stderr> for stderr output of this job.

