Sender: LSF System <lsfadmin@lg03e11>
Subject: Job 243012710[8]: <trace_kin_v6c_perfolder_s2[1-10]> in cluster <chimera> Done

Job <trace_kin_v6c_perfolder_s2[1-10]> was submitted from host <li04e03> by user <wangc40> in cluster <chimera> at Mon May 11 21:29:31 2026
Job was executed on host(s) <16*lg03e11>, in queue <gpu>, as user <wangc40> in cluster <chimera> at Mon May 11 21:29:35 2026
</hpc/users/wangc40> was used as the home directory.
</sc/arion/projects/DiseaseGeneCell/Huang_lab_project/wangcDrugRepoProject/TRACE-Kin> was used as the working directory.
Started at Mon May 11 21:29:35 2026
Terminated at Mon May 11 21:48:23 2026
Results reported at Mon May 11 21:48:23 2026

Your job looked like:

------------------------------------------------------------
# LSBATCH: User input
#!/bin/bash
#BSUB -J trace_kin_v6c_perfolder_s2[1-10]
#BSUB -P acc_DiseaseGeneCell
#BSUB -q gpu
#BSUB -R h100nvl
#BSUB -gpu num=1
#BSUB -n 16
#BSUB -R "rusage[mem=15000]"
#BSUB -R "span[hosts=1]"
#BSUB -W 48:00
#BSUB -o %J.%I.stdout
#BSUB -eo %J.%I.stderr
#BSUB -L /bin/bash

# =============================================================================
# TRACE-Kin v6c PER-FOLDER — seed 2
# =============================================================================

# --- Environment -------------------------------------------------------------
ml purge
source ~/.bashrc
module load anaconda3/2024.06
source activate test
module load cuda/12.4.0
export RAYON_NUM_THREADS=4
export PYTORCH_CUDA_ALLOC_CONF=expandable_segments:True
export PYTHONPATH="$PWD${PYTHONPATH:+:$PYTHONPATH}"

# --- Knobs (env overrides) ---------------------------------------------------
ENZYME_BASE="${ENZYME_BASE:-/sc/arion/projects/DiseaseGeneCell/Huang_lab_project/drug_discovery/output/data/enzyme_embeddings_dataset}"
RESULT_BASE="${RESULT_BASE:-/sc/arion/projects/DiseaseGeneCell/Huang_lab_project/wangcDrugRepoProject/TRACE_Kin_Results_v6c_pocket_graph}"
MOLFORMER_PATH="${MOLFORMER_PATH:-/sc/arion/projects/DiseaseGeneCell/Huang_lab_project/wangcDrugRepoProject/transformersmodels/ibm/MoLFormer-XL-both-10pct}"
CONFIG_PATH="${CONFIG_PATH:-training/config_v6c.json}"
EPOCHS="${EPOCHS:-100}"
BATCH_SIZE="${BATCH_SIZE:-32}"
SEED=2
LRATE="${LRATE:-3e-4}"

# --- Per-array-index table (10 cells, MUTAPLM embedding) ---------------------
JOBS=(
    "EITLEM_dataset|EITLEM_kkm_MUTAPLM_embedding_cold_drug|"
    "catpred_dataset|catpred_kcat_MUTAPLM_embedding_random|"
    "inhouse_dataset|inhouse_Kd_MUTAPLM_embedding_random|"
    "EITLEM_dataset|EITLEM_kkm_MUTAPLM_embedding_random|"
    "EITLEM_dataset|EITLEM_kcat_MUTAPLM_embedding_cold_drug|"
    "MPEK_dataset|MPEK_kcat_MUTAPLM_embedding_cold_protein|"
    "EITLEM_dataset|EITLEM_km_MUTAPLM_embedding_cold_protein|"
    "catpred_dataset|catpred_ki_MUTAPLM_embedding_cold_protein|"
    "EITLEM_dataset|EITLEM_kkm_MUTAPLM_embedding_cold_protein|"
    "EITLEM_dataset|EITLEM_kcat_MUTAPLM_embedding_cold_protein|"

(... more ...)
------------------------------------------------------------

Successfully completed.

Resource usage summary:

    CPU time :                                   1228.00 sec.
    Max Memory :                                 13001 MB
    Average Memory :                             12107.52 MB
    Total Requested Memory :                     240000.00 MB
    Delta Memory :                               226999.00 MB
    Max Swap :                                   -
    Max Processes :                              21
    Max Threads :                                54
    Run time :                                   1128 sec.
    Turnaround time :                            1132 sec.

The output (if any) follows:

==========================================
TRACE-Kin v6c PER-FOLDER task 8/10 (seed=2)
==========================================
Date:        Mon May 11 21:29:38 EDT 2026
Dataset:     /sc/arion/projects/DiseaseGeneCell/Huang_lab_project/drug_discovery/output/data/enzyme_embeddings_dataset/catpred_dataset/catpred_ki_MUTAPLM_embedding_cold_protein
Result:      /sc/arion/projects/DiseaseGeneCell/Huang_lab_project/wangcDrugRepoProject/TRACE_Kin_Results_v6c_pocket_graph/catpred_dataset/catpred_ki_MUTAPLM_embedding_cold_protein
Config:      training/config_v6c.json
Epochs:      100, batch=32, seed=2, lr=3e-4
==========================================
Python 3.12.2
CUDA device: NVIDIA H100 80GB HBM3, sm_90
============================================================
TRACE-Kin training
============================================================
Datafolder:        /sc/arion/projects/DiseaseGeneCell/Huang_lab_project/drug_discovery/output/data/enzyme_embeddings_dataset/catpred_dataset/catpred_ki_MUTAPLM_embedding_cold_protein
Result path:       /sc/arion/projects/DiseaseGeneCell/Huang_lab_project/wangcDrugRepoProject/TRACE_Kin_Results_v6c_pocket_graph/catpred_dataset/catpred_ki_MUTAPLM_embedding_cold_protein
Config:            training/config_v6c.json
Pool train CSVs:   (none)
============================================================
[mem] before load_split_dataframes             max RSS = 0.62 GB
Loading primary train (essential cols): /sc/arion/projects/DiseaseGeneCell/Huang_lab_project/drug_discovery/output/data/enzyme_embeddings_dataset/catpred_dataset/catpred_ki_MUTAPLM_embedding_cold_protein/train.parquet
Loading primary test (essential cols): /sc/arion/projects/DiseaseGeneCell/Huang_lab_project/drug_discovery/output/data/enzyme_embeddings_dataset/catpred_dataset/catpred_ki_MUTAPLM_embedding_cold_protein/test.parquet
Loading primary val (essential cols): /sc/arion/projects/DiseaseGeneCell/Huang_lab_project/drug_discovery/output/data/enzyme_embeddings_dataset/catpred_dataset/catpred_ki_MUTAPLM_embedding_cold_protein/val.parquet
Detected prot_evo_channels = 4096 (1-row sample)
[mem] after load_split_dataframes (lite — feature cols not loaded) max RSS = 0.78 GB
model_version: v6c, use_swa: False
Reusing protein cache: /sc/arion/projects/DiseaseGeneCell/Huang_lab_project/drug_discovery/output/data/enzyme_embeddings_dataset/catpred_dataset/catpred_ki_MUTAPLM_embedding_cold_protein/protein.pt
Reusing ligand cache: /sc/arion/projects/DiseaseGeneCell/Huang_lab_project/drug_discovery/output/data/enzyme_embeddings_dataset/catpred_dataset/catpred_ki_MUTAPLM_embedding_cold_protein/ligand.pt
[mem] after preprocess                         max RSS = 11.10 GB
WARN: dropping 1 train rows with missing protein/ligand graphs.
loaders ready: train=259 test=74 val=41
[mem] after make_loaders                       max RSS = 11.10 GB
Built TraceKinV6C with 50,012,934 parameters
[AMP] enabled: dtype=torch.bfloat16
[LR schedule] schedule_lr=True, lrate=0.0003, min_lrate=1e-06, warmup_iters=0, lr_decay_iters=25900, total_iters=25900
Not in terminal, reprint now using normal build-in print function.
                              
                              
----------------------------------------
Epoch 001 with LR 0.000300: Model Results
----------------------------------------
Train MSE Loss: 3.6237, Train CLS Loss: 0.0000, Train MCLS Loss: 0.0000
Protein Cluster Region Loss - Ortho Loss: 0.0000, Cluster Loss: 0.0000
                              
Validation Results: {
    "ci": 0.7057,
    "classification_loss": 0.0,
    "cluster_loss": 0.0,
    "mae": 1.4225,
    "mse": 3.0708,
    "multiclassification_loss": 0.0,
    "ortho_loss": 0.0,
    "pearson": 0.5901,
    "regression_loss": 3.0726,
    "rm2": 0.334,
    "rmse": 1.7524,
    "sd": 1.5112,
    "spearman": 0.5853,
    "spectral_loss": 0.0
}
                              
Test Results: {
    "ci": 0.6758,
    "classification_loss": 0.0,
    "cluster_loss": 0.0,
    "mae": 1.4928,
    "mse": 3.5011,
    "multiclassification_loss": 0.0,
    "ortho_loss": 0.0,
    "pearson": 0.5022,
    "regression_loss": 3.5019,
    "rm2": 0.2359,
    "rmse": 1.8711,
    "sd": 1.6175,
    "spearman": 0.5053,
    "spectral_loss": 0.0
}
                              
                              
----------------------------------------
Epoch 002 with LR 0.000300: Model Results
----------------------------------------
Train MSE Loss: 2.5494, Train CLS Loss: 0.0000, Train MCLS Loss: 0.0000
Protein Cluster Region Loss - Ortho Loss: 0.0000, Cluster Loss: 0.0000
                              
Validation Results: {
    "ci": 0.7035,
    "classification_loss": 0.0,
    "cluster_loss": 0.0,
    "mae": 1.2709,
    "mse": 2.4559,
    "multiclassification_loss": 0.0,
    "ortho_loss": 0.0,
    "pearson": 0.5829,
    "regression_loss": 2.4612,
    "rm2": 0.331,
    "rmse": 1.5671,
    "sd": 1.5209,
    "spearman": 0.5761,
    "spectral_loss": 0.0
}
                              
Test Results: {
    "ci": 0.6625,
    "classification_loss": 0.0,
    "cluster_loss": 0.0,
    "mae": 1.4108,
    "mse": 3.2034,
    "multiclassification_loss": 0.0,
    "ortho_loss": 0.0,
    "pearson": 0.437,
    "regression_loss": 3.2017,
    "rm2": 0.1734,
    "rmse": 1.7898,
    "sd": 1.6824,
    "spearman": 0.4719,
    "spectral_loss": 0.0
}
                              
                              
----------------------------------------
Epoch 003 with LR 0.000299: Model Results
----------------------------------------
Train MSE Loss: 2.4138, Train CLS Loss: 0.0000, Train MCLS Loss: 0.0000
Protein Cluster Region Loss - Ortho Loss: 0.0000, Cluster Loss: 0.0000
                              
Validation Results: {
    "ci": 0.7134,
    "classification_loss": 0.0,
    "cluster_loss": 0.0,
    "mae": 1.2222,
    "mse": 2.3079,
    "multiclassification_loss": 0.0,
    "ortho_loss": 0.0,
    "pearson": 0.6026,
    "regression_loss": 2.3119,
    "rm2": 0.3608,
    "rmse": 1.5192,
    "sd": 1.4938,
    "spearman": 0.603,
    "spectral_loss": 0.0
}
                              
Test Results: {
    "ci": 0.6884,
    "classification_loss": 0.0,
    "cluster_loss": 0.0,
    "mae": 1.3213,
    "mse": 2.7828,
    "multiclassification_loss": 0.0,
    "ortho_loss": 0.0,
    "pearson": 0.5322,
    "regression_loss": 2.787,
    "rm2": 0.2762,
    "rmse": 1.6682,
    "sd": 1.5836,
    "spearman": 0.538,
    "spectral_loss": 0.0
}
                              
                              
----------------------------------------
Epoch 004 with LR 0.000299: Model Results
----------------------------------------
Train MSE Loss: 2.2194, Train CLS Loss: 0.0000, Train MCLS Loss: 0.0000
Protein Cluster Region Loss - Ortho Loss: 0.0000, Cluster Loss: 0.0000
                              
Validation Results: {
    "ci": 0.7156,
    "classification_loss": 0.0,
    "cluster_loss": 0.0,
    "mae": 1.1757,
    "mse": 2.1787,
    "multiclassification_loss": 0.0,
    "ortho_loss": 0.0,
    "pearson": 0.6195,
    "regression_loss": 2.1832,
    "rm2": 0.3709,
    "rmse": 1.476,
    "sd": 1.4694,
    "spearman": 0.6062,
    "spectral_loss": 0.0
}
                              
Test Results: {
    "ci": 0.6848,
    "classification_loss": 0.0,
    "cluster_loss": 0.0,
    "mae": 1.2533,
    "mse": 2.5863,
    "multiclassification_loss": 0.0,
    "ortho_loss": 0.0,
    "pearson": 0.5232,
    "regression_loss": 2.5845,
    "rm2": 0.252,
    "rmse": 1.6082,
    "sd": 1.594,
    "spearman": 0.5258,
    "spectral_loss": 0.0
}
                              
                              
----------------------------------------
Epoch 005 with LR 0.000298: Model Results
----------------------------------------
Train MSE Loss: 2.0351, Train CLS Loss: 0.0000, Train MCLS Loss: 0.0000
Protein Cluster Region Loss - Ortho Loss: 0.0000, Cluster Loss: 0.0000
                              
Validation Results: {
    "ci": 0.7165,
    "classification_loss": 0.0,
    "cluster_loss": 0.0,
    "mae": 1.2101,
    "mse": 2.3058,
    "multiclassification_loss": 0.0,
    "ortho_loss": 0.0,
    "pearson": 0.6198,
    "regression_loss": 2.313,
    "rm2": 0.3165,
    "rmse": 1.5185,
    "sd": 1.469,
    "spearman": 0.6108,
    "spectral_loss": 0.0
}
                              
Test Results: {
    "ci": 0.6848,
    "classification_loss": 0.0,
    "cluster_loss": 0.0,
    "mae": 1.2533,
    "mse": 2.5863,
    "multiclassification_loss": 0.0,
    "ortho_loss": 0.0,
    "pearson": 0.5232,
    "regression_loss": 2.5845,
    "rm2": 0.252,
    "rmse": 1.6082,
    "sd": 1.594,
    "spearman": 0.5258,
    "spectral_loss": 0.0
}
                              
                              
----------------------------------------
Epoch 006 with LR 0.000297: Model Results
----------------------------------------
Train MSE Loss: 1.9303, Train CLS Loss: 0.0000, Train MCLS Loss: 0.0000
Protein Cluster Region Loss - Ortho Loss: 0.0000, Cluster Loss: 0.0000
                              
Validation Results: {
    "ci": 0.7139,
    "classification_loss": 0.0,
    "cluster_loss": 0.0,
    "mae": 1.1719,
    "mse": 2.1575,
    "multiclassification_loss": 0.0,
    "ortho_loss": 0.0,
    "pearson": 0.6197,
    "regression_loss": 2.163,
    "rm2": 0.3796,
    "rmse": 1.4688,
    "sd": 1.4691,
    "spearman": 0.5993,
    "spectral_loss": 0.0
}
                              
Test Results: {
    "ci": 0.6718,
    "classification_loss": 0.0,
    "cluster_loss": 0.0,
    "mae": 1.3377,
    "mse": 2.8888,
    "multiclassification_loss": 0.0,
    "ortho_loss": 0.0,
    "pearson": 0.4703,
    "regression_loss": 2.8864,
    "rm2": 0.2053,
    "rmse": 1.6996,
    "sd": 1.6507,
    "spearman": 0.493,
    "spectral_loss": 0.0
}
                              
                              
----------------------------------------
Epoch 007 with LR 0.000296: Model Results
----------------------------------------
Train MSE Loss: 1.8662, Train CLS Loss: 0.0000, Train MCLS Loss: 0.0000
Protein Cluster Region Loss - Ortho Loss: 0.0000, Cluster Loss: 0.0000
                              
Validation Results: {
    "ci": 0.6943,
    "classification_loss": 0.0,
    "cluster_loss": 0.0,
    "mae": 1.2689,
    "mse": 2.5136,
    "multiclassification_loss": 0.0,
    "ortho_loss": 0.0,
    "pearson": 0.5485,
    "regression_loss": 2.5225,
    "rm2": 0.2975,
    "rmse": 1.5854,
    "sd": 1.5651,
    "spearman": 0.551,
    "spectral_loss": 0.0
}
                              
Test Results: {
    "ci": 0.6718,
    "classification_loss": 0.0,
    "cluster_loss": 0.0,
    "mae": 1.3377,
    "mse": 2.8888,
    "multiclassification_loss": 0.0,
    "ortho_loss": 0.0,
    "pearson": 0.4703,
    "regression_loss": 2.8864,
    "rm2": 0.2053,
    "rmse": 1.6996,
    "sd": 1.6507,
    "spearman": 0.493,
    "spectral_loss": 0.0
}
                              
                              
----------------------------------------
Epoch 008 with LR 0.000295: Model Results
----------------------------------------
Train MSE Loss: 1.8193, Train CLS Loss: 0.0000, Train MCLS Loss: 0.0000
Protein Cluster Region Loss - Ortho Loss: 0.0000, Cluster Loss: 0.0000
                              
Validation Results: {
    "ci": 0.7131,
    "classification_loss": 0.0,
    "cluster_loss": 0.0,
    "mae": 1.1999,
    "mse": 2.2669,
    "multiclassification_loss": 0.0,
    "ortho_loss": 0.0,
    "pearson": 0.6019,
    "regression_loss": 2.2735,
    "rm2": 0.3506,
    "rmse": 1.5056,
    "sd": 1.4948,
    "spearman": 0.6034,
    "spectral_loss": 0.0
}
                              
Test Results: {
    "ci": 0.6718,
    "classification_loss": 0.0,
    "cluster_loss": 0.0,
    "mae": 1.3377,
    "mse": 2.8888,
    "multiclassification_loss": 0.0,
    "ortho_loss": 0.0,
    "pearson": 0.4703,
    "regression_loss": 2.8864,
    "rm2": 0.2053,
    "rmse": 1.6996,
    "sd": 1.6507,
    "spearman": 0.493,
    "spectral_loss": 0.0
}
                              
                              
----------------------------------------
Epoch 009 with LR 0.000294: Model Results
----------------------------------------
Train MSE Loss: 1.7464, Train CLS Loss: 0.0000, Train MCLS Loss: 0.0000
Protein Cluster Region Loss - Ortho Loss: 0.0000, Cluster Loss: 0.0000
                              
Validation Results: {
    "ci": 0.709,
    "classification_loss": 0.0,
    "cluster_loss": 0.0,
    "mae": 1.1839,
    "mse": 2.2305,
    "multiclassification_loss": 0.0,
    "ortho_loss": 0.0,
    "pearson": 0.6029,
    "regression_loss": 2.2377,
    "rm2": 0.356,
    "rmse": 1.4935,
    "sd": 1.4934,
    "spearman": 0.5891,
    "spectral_loss": 0.0
}
                              
Test Results: {
    "ci": 0.6718,
    "classification_loss": 0.0,
    "cluster_loss": 0.0,
    "mae": 1.3377,
    "mse": 2.8888,
    "multiclassification_loss": 0.0,
    "ortho_loss": 0.0,
    "pearson": 0.4703,
    "regression_loss": 2.8864,
    "rm2": 0.2053,
    "rmse": 1.6996,
    "sd": 1.6507,
    "spearman": 0.493,
    "spectral_loss": 0.0
}
                              
                              
----------------------------------------
Epoch 010 with LR 0.000293: Model Results
----------------------------------------
Train MSE Loss: 1.6874, Train CLS Loss: 0.0000, Train MCLS Loss: 0.0000
Protein Cluster Region Loss - Ortho Loss: 0.0000, Cluster Loss: 0.0000
                              
Validation Results: {
    "ci": 0.7032,
    "classification_loss": 0.0,
    "cluster_loss": 0.0,
    "mae": 1.4115,
    "mse": 2.9915,
    "multiclassification_loss": 0.0,
    "ortho_loss": 0.0,
    "pearson": 0.5929,
    "regression_loss": 2.9964,
    "rm2": 0.331,
    "rmse": 1.7296,
    "sd": 1.5074,
    "spearman": 0.5753,
    "spectral_loss": 0.0
}
                              
Test Results: {
    "ci": 0.6718,
    "classification_loss": 0.0,
    "cluster_loss": 0.0,
    "mae": 1.3377,
    "mse": 2.8888,
    "multiclassification_loss": 0.0,
    "ortho_loss": 0.0,
    "pearson": 0.4703,
    "regression_loss": 2.8864,
    "rm2": 0.2053,
    "rmse": 1.6996,
    "sd": 1.6507,
    "spearman": 0.493,
    "spectral_loss": 0.0
}
                              
                              
----------------------------------------
Epoch 011 with LR 0.000291: Model Results
----------------------------------------
Train MSE Loss: 1.6587, Train CLS Loss: 0.0000, Train MCLS Loss: 0.0000
Protein Cluster Region Loss - Ortho Loss: 0.0000, Cluster Loss: 0.0000
                              
Validation Results: {
    "ci": 0.7097,
    "classification_loss": 0.0,
    "cluster_loss": 0.0,
    "mae": 1.1984,
    "mse": 2.3624,
    "multiclassification_loss": 0.0,
    "ortho_loss": 0.0,
    "pearson": 0.5945,
    "regression_loss": 2.3731,
    "rm2": 0.305,
    "rmse": 1.537,
    "sd": 1.5051,
    "spearman": 0.5902,
    "spectral_loss": 0.0
}
                              
Test Results: {
    "ci": 0.6718,
    "classification_loss": 0.0,
    "cluster_loss": 0.0,
    "mae": 1.3377,
    "mse": 2.8888,
    "multiclassification_loss": 0.0,
    "ortho_loss": 0.0,
    "pearson": 0.4703,
    "regression_loss": 2.8864,
    "rm2": 0.2053,
    "rmse": 1.6996,
    "sd": 1.6507,
    "spearman": 0.493,
    "spectral_loss": 0.0
}
                              
                              
----------------------------------------
Epoch 012 with LR 0.000290: Model Results
----------------------------------------
Train MSE Loss: 1.6525, Train CLS Loss: 0.0000, Train MCLS Loss: 0.0000
Protein Cluster Region Loss - Ortho Loss: 0.0000, Cluster Loss: 0.0000
                              
Validation Results: {
    "ci": 0.717,
    "classification_loss": 0.0,
    "cluster_loss": 0.0,
    "mae": 1.2074,
    "mse": 2.2468,
    "multiclassification_loss": 0.0,
    "ortho_loss": 0.0,
    "pearson": 0.6188,
    "regression_loss": 2.2502,
    "rm2": 0.3317,
    "rmse": 1.4989,
    "sd": 1.4704,
    "spearman": 0.6096,
    "spectral_loss": 0.0
}
                              
Test Results: {
    "ci": 0.6718,
    "classification_loss": 0.0,
    "cluster_loss": 0.0,
    "mae": 1.3377,
    "mse": 2.8888,
    "multiclassification_loss": 0.0,
    "ortho_loss": 0.0,
    "pearson": 0.4703,
    "regression_loss": 2.8864,
    "rm2": 0.2053,
    "rmse": 1.6996,
    "sd": 1.6507,
    "spearman": 0.493,
    "spectral_loss": 0.0
}
                              
                              
----------------------------------------
Epoch 013 with LR 0.000288: Model Results
----------------------------------------
Train MSE Loss: 1.6307, Train CLS Loss: 0.0000, Train MCLS Loss: 0.0000
Protein Cluster Region Loss - Ortho Loss: 0.0000, Cluster Loss: 0.0000
                              
Validation Results: {
    "ci": 0.7242,
    "classification_loss": 0.0,
    "cluster_loss": 0.0,
    "mae": 1.1881,
    "mse": 2.3572,
    "multiclassification_loss": 0.0,
    "ortho_loss": 0.0,
    "pearson": 0.6334,
    "regression_loss": 2.3643,
    "rm2": 0.3318,
    "rmse": 1.5353,
    "sd": 1.4485,
    "spearman": 0.6252,
    "spectral_loss": 0.0
}
                              
Test Results: {
    "ci": 0.6718,
    "classification_loss": 0.0,
    "cluster_loss": 0.0,
    "mae": 1.3377,
    "mse": 2.8888,
    "multiclassification_loss": 0.0,
    "ortho_loss": 0.0,
    "pearson": 0.4703,
    "regression_loss": 2.8864,
    "rm2": 0.2053,
    "rmse": 1.6996,
    "sd": 1.6507,
    "spearman": 0.493,
    "spectral_loss": 0.0
}
                              
                              
----------------------------------------
Epoch 014 with LR 0.000286: Model Results
----------------------------------------
Train MSE Loss: 1.5342, Train CLS Loss: 0.0000, Train MCLS Loss: 0.0000
Protein Cluster Region Loss - Ortho Loss: 0.0000, Cluster Loss: 0.0000
                              
Validation Results: {
    "ci": 0.7105,
    "classification_loss": 0.0,
    "cluster_loss": 0.0,
    "mae": 1.2494,
    "mse": 2.5606,
    "multiclassification_loss": 0.0,
    "ortho_loss": 0.0,
    "pearson": 0.6028,
    "regression_loss": 2.5691,
    "rm2": 0.283,
    "rmse": 1.6002,
    "sd": 1.4935,
    "spearman": 0.594,
    "spectral_loss": 0.0
}
                              
Test Results: {
    "ci": 0.6718,
    "classification_loss": 0.0,
    "cluster_loss": 0.0,
    "mae": 1.3377,
    "mse": 2.8888,
    "multiclassification_loss": 0.0,
    "ortho_loss": 0.0,
    "pearson": 0.4703,
    "regression_loss": 2.8864,
    "rm2": 0.2053,
    "rmse": 1.6996,
    "sd": 1.6507,
    "spearman": 0.493,
    "spectral_loss": 0.0
}
                              
                              
----------------------------------------
Epoch 015 with LR 0.000284: Model Results
----------------------------------------
Train MSE Loss: 1.5037, Train CLS Loss: 0.0000, Train MCLS Loss: 0.0000
Protein Cluster Region Loss - Ortho Loss: 0.0000, Cluster Loss: 0.0000
                              
Validation Results: {
    "ci": 0.6912,
    "classification_loss": 0.0,
    "cluster_loss": 0.0,
    "mae": 1.3086,
    "mse": 2.826,
    "multiclassification_loss": 0.0,
    "ortho_loss": 0.0,
    "pearson": 0.5536,
    "regression_loss": 2.8368,
    "rm2": 0.2371,
    "rmse": 1.6811,
    "sd": 1.5589,
    "spearman": 0.5467,
    "spectral_loss": 0.0
}
                              
Test Results: {
    "ci": 0.6718,
    "classification_loss": 0.0,
    "cluster_loss": 0.0,
    "mae": 1.3377,
    "mse": 2.8888,
    "multiclassification_loss": 0.0,
    "ortho_loss": 0.0,
    "pearson": 0.4703,
    "regression_loss": 2.8864,
    "rm2": 0.2053,
    "rmse": 1.6996,
    "sd": 1.6507,
    "spearman": 0.493,
    "spectral_loss": 0.0
}
                              
                              
----------------------------------------
Epoch 016 with LR 0.000282: Model Results
----------------------------------------
Train MSE Loss: 1.5110, Train CLS Loss: 0.0000, Train MCLS Loss: 0.0000
Protein Cluster Region Loss - Ortho Loss: 0.0000, Cluster Loss: 0.0000
                              
Validation Results: {
    "ci": 0.6974,
    "classification_loss": 0.0,
    "cluster_loss": 0.0,
    "mae": 1.2821,
    "mse": 2.6922,
    "multiclassification_loss": 0.0,
    "ortho_loss": 0.0,
    "pearson": 0.5666,
    "regression_loss": 2.7023,
    "rm2": 0.2508,
    "rmse": 1.6408,
    "sd": 1.5424,
    "spearman": 0.5661,
    "spectral_loss": 0.0
}
                              
Test Results: {
    "ci": 0.6718,
    "classification_loss": 0.0,
    "cluster_loss": 0.0,
    "mae": 1.3377,
    "mse": 2.8888,
    "multiclassification_loss": 0.0,
    "ortho_loss": 0.0,
    "pearson": 0.4703,
    "regression_loss": 2.8864,
    "rm2": 0.2053,
    "rmse": 1.6996,
    "sd": 1.6507,
    "spearman": 0.493,
    "spectral_loss": 0.0
}
                              
                              
----------------------------------------
Epoch 017 with LR 0.000279: Model Results
----------------------------------------
Train MSE Loss: 1.4490, Train CLS Loss: 0.0000, Train MCLS Loss: 0.0000
Protein Cluster Region Loss - Ortho Loss: 0.0000, Cluster Loss: 0.0000
                              
Validation Results: {
    "ci": 0.6973,
    "classification_loss": 0.0,
    "cluster_loss": 0.0,
    "mae": 1.2482,
    "mse": 2.4699,
    "multiclassification_loss": 0.0,
    "ortho_loss": 0.0,
    "pearson": 0.5752,
    "regression_loss": 2.478,
    "rm2": 0.2941,
    "rmse": 1.5716,
    "sd": 1.5312,
    "spearman": 0.5619,
    "spectral_loss": 0.0
}
                              
Test Results: {
    "ci": 0.6718,
    "classification_loss": 0.0,
    "cluster_loss": 0.0,
    "mae": 1.3377,
    "mse": 2.8888,
    "multiclassification_loss": 0.0,
    "ortho_loss": 0.0,
    "pearson": 0.4703,
    "regression_loss": 2.8864,
    "rm2": 0.2053,
    "rmse": 1.6996,
    "sd": 1.6507,
    "spearman": 0.493,
    "spectral_loss": 0.0
}
                              
                              
----------------------------------------
Epoch 018 with LR 0.000277: Model Results
----------------------------------------
Train MSE Loss: 1.4092, Train CLS Loss: 0.0000, Train MCLS Loss: 0.0000
Protein Cluster Region Loss - Ortho Loss: 0.0000, Cluster Loss: 0.0000
                              
Validation Results: {
    "ci": 0.6968,
    "classification_loss": 0.0,
    "cluster_loss": 0.0,
    "mae": 1.2559,
    "mse": 2.5806,
    "multiclassification_loss": 0.0,
    "ortho_loss": 0.0,
    "pearson": 0.5786,
    "regression_loss": 2.5897,
    "rm2": 0.2666,
    "rmse": 1.6064,
    "sd": 1.5267,
    "spearman": 0.5611,
    "spectral_loss": 0.0
}
                              
Test Results: {
    "ci": 0.6718,
    "classification_loss": 0.0,
    "cluster_loss": 0.0,
    "mae": 1.3377,
    "mse": 2.8888,
    "multiclassification_loss": 0.0,
    "ortho_loss": 0.0,
    "pearson": 0.4703,
    "regression_loss": 2.8864,
    "rm2": 0.2053,
    "rmse": 1.6996,
    "sd": 1.6507,
    "spearman": 0.493,
    "spectral_loss": 0.0
}
                              
                              
----------------------------------------
Epoch 019 with LR 0.000274: Model Results
----------------------------------------
Train MSE Loss: 1.4242, Train CLS Loss: 0.0000, Train MCLS Loss: 0.0000
Protein Cluster Region Loss - Ortho Loss: 0.0000, Cluster Loss: 0.0000
                              
Validation Results: {
    "ci": 0.7038,
    "classification_loss": 0.0,
    "cluster_loss": 0.0,
    "mae": 1.2327,
    "mse": 2.3823,
    "multiclassification_loss": 0.0,
    "ortho_loss": 0.0,
    "pearson": 0.5919,
    "regression_loss": 2.3901,
    "rm2": 0.3262,
    "rmse": 1.5435,
    "sd": 1.5087,
    "spearman": 0.5812,
    "spectral_loss": 0.0
}
                              
Test Results: {
    "ci": 0.6718,
    "classification_loss": 0.0,
    "cluster_loss": 0.0,
    "mae": 1.3377,
    "mse": 2.8888,
    "multiclassification_loss": 0.0,
    "ortho_loss": 0.0,
    "pearson": 0.4703,
    "regression_loss": 2.8864,
    "rm2": 0.2053,
    "rmse": 1.6996,
    "sd": 1.6507,
    "spearman": 0.493,
    "spectral_loss": 0.0
}
                              
                              
----------------------------------------
Epoch 020 with LR 0.000271: Model Results
----------------------------------------
Train MSE Loss: 1.3945, Train CLS Loss: 0.0000, Train MCLS Loss: 0.0000
Protein Cluster Region Loss - Ortho Loss: 0.0000, Cluster Loss: 0.0000
                              
Validation Results: {
    "ci": 0.7152,
    "classification_loss": 0.0,
    "cluster_loss": 0.0,
    "mae": 1.2142,
    "mse": 2.2946,
    "multiclassification_loss": 0.0,
    "ortho_loss": 0.0,
    "pearson": 0.6124,
    "regression_loss": 2.2994,
    "rm2": 0.3652,
    "rmse": 1.5148,
    "sd": 1.4798,
    "spearman": 0.6088,
    "spectral_loss": 0.0
}
                              
Test Results: {
    "ci": 0.6718,
    "classification_loss": 0.0,
    "cluster_loss": 0.0,
    "mae": 1.3377,
    "mse": 2.8888,
    "multiclassification_loss": 0.0,
    "ortho_loss": 0.0,
    "pearson": 0.4703,
    "regression_loss": 2.8864,
    "rm2": 0.2053,
    "rmse": 1.6996,
    "sd": 1.6507,
    "spearman": 0.493,
    "spectral_loss": 0.0
}
                              
                              
----------------------------------------
Epoch 021 with LR 0.000269: Model Results
----------------------------------------
Train MSE Loss: 1.3305, Train CLS Loss: 0.0000, Train MCLS Loss: 0.0000
Protein Cluster Region Loss - Ortho Loss: 0.0000, Cluster Loss: 0.0000
                              
Validation Results: {
    "ci": 0.7048,
    "classification_loss": 0.0,
    "cluster_loss": 0.0,
    "mae": 1.2593,
    "mse": 2.4098,
    "multiclassification_loss": 0.0,
    "ortho_loss": 0.0,
    "pearson": 0.5925,
    "regression_loss": 2.4161,
    "rm2": 0.3407,
    "rmse": 1.5524,
    "sd": 1.5079,
    "spearman": 0.5847,
    "spectral_loss": 0.0
}
                              
Test Results: {
    "ci": 0.6718,
    "classification_loss": 0.0,
    "cluster_loss": 0.0,
    "mae": 1.3377,
    "mse": 2.8888,
    "multiclassification_loss": 0.0,
    "ortho_loss": 0.0,
    "pearson": 0.4703,
    "regression_loss": 2.8864,
    "rm2": 0.2053,
    "rmse": 1.6996,
    "sd": 1.6507,
    "spearman": 0.493,
    "spectral_loss": 0.0
}

Early stopping at epoch 21 (no improvement for 15 epochs)
[best epoch] epoch=6, best_rmse=1.4688, lr_at_best=2.974e-04
                              
                              
----------------------------------------
Epoch 021 with LR 0.000269: Model Results
----------------------------------------
Train MSE Loss: 1.3305, Train CLS Loss: 0.0000, Train MCLS Loss: 0.0000
Protein Cluster Region Loss - Ortho Loss: 0.0000, Cluster Loss: 0.0000
                              
Validation Results: {
    "ci": 0.7048,
    "classification_loss": 0.0,
    "cluster_loss": 0.0,
    "mae": 1.2593,
    "mse": 2.4098,
    "multiclassification_loss": 0.0,
    "ortho_loss": 0.0,
    "pearson": 0.5925,
    "regression_loss": 2.4161,
    "rm2": 0.3407,
    "rmse": 1.5524,
    "sd": 1.5079,
    "spearman": 0.5847,
    "spectral_loss": 0.0
}
                              
Test Results: {
    "ci": 0.6718,
    "classification_loss": 0.0,
    "cluster_loss": 0.0,
    "mae": 1.3377,
    "mse": 2.8888,
    "multiclassification_loss": 0.0,
    "ortho_loss": 0.0,
    "pearson": 0.4703,
    "regression_loss": 2.8864,
    "rm2": 0.2053,
    "rmse": 1.6996,
    "sd": 1.6507,
    "spearman": 0.493,
    "spectral_loss": 0.0
}
Final test metrics: rmse=1.7000, pearson=0.4703, r2_proxy(mse)=2.8899
Done. Predictions: /sc/arion/projects/DiseaseGeneCell/Huang_lab_project/wangcDrugRepoProject/TRACE_Kin_Results_v6c_pocket_graph/catpred_dataset/catpred_ki_MUTAPLM_embedding_cold_protein/test_prediction_seed2.csv; checkpoint: /sc/arion/projects/DiseaseGeneCell/Huang_lab_project/wangcDrugRepoProject/TRACE_Kin_Results_v6c_pocket_graph/catpred_dataset/catpred_ki_MUTAPLM_embedding_cold_protein/save_model_seed2/model.pt

Array task 8/10: OK (catpred_ki_MUTAPLM_embedding_cold_protein)


PS:

Read file <243012710.8.stderr> for stderr output of this job.

