Sender: LSF System <lsfadmin@lg02e10>
Subject: Job 243012710[9]: <trace_kin_v6c_perfolder_s2[1-10]> in cluster <chimera> Done

Job <trace_kin_v6c_perfolder_s2[1-10]> was submitted from host <li04e03> by user <wangc40> in cluster <chimera> at Mon May 11 21:29:31 2026
Job was executed on host(s) <16*lg02e10>, in queue <gpu>, as user <wangc40> in cluster <chimera> at Mon May 11 21:29:35 2026
</hpc/users/wangc40> was used as the home directory.
</sc/arion/projects/DiseaseGeneCell/Huang_lab_project/wangcDrugRepoProject/TRACE-Kin> was used as the working directory.
Started at Mon May 11 21:29:35 2026
Terminated at Mon May 11 21:49:05 2026
Results reported at Mon May 11 21:49:05 2026

Your job looked like:

------------------------------------------------------------
# LSBATCH: User input
#!/bin/bash
#BSUB -J trace_kin_v6c_perfolder_s2[1-10]
#BSUB -P acc_DiseaseGeneCell
#BSUB -q gpu
#BSUB -R h100nvl
#BSUB -gpu num=1
#BSUB -n 16
#BSUB -R "rusage[mem=15000]"
#BSUB -R "span[hosts=1]"
#BSUB -W 48:00
#BSUB -o %J.%I.stdout
#BSUB -eo %J.%I.stderr
#BSUB -L /bin/bash

# =============================================================================
# TRACE-Kin v6c PER-FOLDER — seed 2
# =============================================================================

# --- Environment -------------------------------------------------------------
ml purge
source ~/.bashrc
module load anaconda3/2024.06
source activate test
module load cuda/12.4.0
export RAYON_NUM_THREADS=4
export PYTORCH_CUDA_ALLOC_CONF=expandable_segments:True
export PYTHONPATH="$PWD${PYTHONPATH:+:$PYTHONPATH}"

# --- Knobs (env overrides) ---------------------------------------------------
ENZYME_BASE="${ENZYME_BASE:-/sc/arion/projects/DiseaseGeneCell/Huang_lab_project/drug_discovery/output/data/enzyme_embeddings_dataset}"
RESULT_BASE="${RESULT_BASE:-/sc/arion/projects/DiseaseGeneCell/Huang_lab_project/wangcDrugRepoProject/TRACE_Kin_Results_v6c_pocket_graph}"
MOLFORMER_PATH="${MOLFORMER_PATH:-/sc/arion/projects/DiseaseGeneCell/Huang_lab_project/wangcDrugRepoProject/transformersmodels/ibm/MoLFormer-XL-both-10pct}"
CONFIG_PATH="${CONFIG_PATH:-training/config_v6c.json}"
EPOCHS="${EPOCHS:-100}"
BATCH_SIZE="${BATCH_SIZE:-32}"
SEED=2
LRATE="${LRATE:-3e-4}"

# --- Per-array-index table (10 cells, MUTAPLM embedding) ---------------------
JOBS=(
    "EITLEM_dataset|EITLEM_kkm_MUTAPLM_embedding_cold_drug|"
    "catpred_dataset|catpred_kcat_MUTAPLM_embedding_random|"
    "inhouse_dataset|inhouse_Kd_MUTAPLM_embedding_random|"
    "EITLEM_dataset|EITLEM_kkm_MUTAPLM_embedding_random|"
    "EITLEM_dataset|EITLEM_kcat_MUTAPLM_embedding_cold_drug|"
    "MPEK_dataset|MPEK_kcat_MUTAPLM_embedding_cold_protein|"
    "EITLEM_dataset|EITLEM_km_MUTAPLM_embedding_cold_protein|"
    "catpred_dataset|catpred_ki_MUTAPLM_embedding_cold_protein|"
    "EITLEM_dataset|EITLEM_kkm_MUTAPLM_embedding_cold_protein|"
    "EITLEM_dataset|EITLEM_kcat_MUTAPLM_embedding_cold_protein|"

(... more ...)
------------------------------------------------------------

Successfully completed.

Resource usage summary:

    CPU time :                                   1252.00 sec.
    Max Memory :                                 25220 MB
    Average Memory :                             22866.08 MB
    Total Requested Memory :                     240000.00 MB
    Delta Memory :                               214780.00 MB
    Max Swap :                                   -
    Max Processes :                              21
    Max Threads :                                53
    Run time :                                   1170 sec.
    Turnaround time :                            1174 sec.

The output (if any) follows:

==========================================
TRACE-Kin v6c PER-FOLDER task 9/10 (seed=2)
==========================================
Date:        Mon May 11 21:29:38 EDT 2026
Dataset:     /sc/arion/projects/DiseaseGeneCell/Huang_lab_project/drug_discovery/output/data/enzyme_embeddings_dataset/EITLEM_dataset/EITLEM_kkm_MUTAPLM_embedding_cold_protein
Result:      /sc/arion/projects/DiseaseGeneCell/Huang_lab_project/wangcDrugRepoProject/TRACE_Kin_Results_v6c_pocket_graph/EITLEM_dataset/EITLEM_kkm_MUTAPLM_embedding_cold_protein
Config:      training/config_v6c.json
Epochs:      100, batch=32, seed=2, lr=3e-4
==========================================
Python 3.12.2
CUDA device: NVIDIA H100 80GB HBM3, sm_90
============================================================
TRACE-Kin training
============================================================
Datafolder:        /sc/arion/projects/DiseaseGeneCell/Huang_lab_project/drug_discovery/output/data/enzyme_embeddings_dataset/EITLEM_dataset/EITLEM_kkm_MUTAPLM_embedding_cold_protein
Result path:       /sc/arion/projects/DiseaseGeneCell/Huang_lab_project/wangcDrugRepoProject/TRACE_Kin_Results_v6c_pocket_graph/EITLEM_dataset/EITLEM_kkm_MUTAPLM_embedding_cold_protein
Config:            training/config_v6c.json
Pool train CSVs:   (none)
============================================================
[mem] before load_split_dataframes             max RSS = 0.62 GB
Loading primary train (essential cols): /sc/arion/projects/DiseaseGeneCell/Huang_lab_project/drug_discovery/output/data/enzyme_embeddings_dataset/EITLEM_dataset/EITLEM_kkm_MUTAPLM_embedding_cold_protein/train.parquet
Loading primary test (essential cols): /sc/arion/projects/DiseaseGeneCell/Huang_lab_project/drug_discovery/output/data/enzyme_embeddings_dataset/EITLEM_dataset/EITLEM_kkm_MUTAPLM_embedding_cold_protein/test.parquet
Loading primary val (essential cols): /sc/arion/projects/DiseaseGeneCell/Huang_lab_project/drug_discovery/output/data/enzyme_embeddings_dataset/EITLEM_dataset/EITLEM_kkm_MUTAPLM_embedding_cold_protein/val.parquet
Detected prot_evo_channels = 4096 (1-row sample)
[mem] after load_split_dataframes (lite — feature cols not loaded) max RSS = 0.81 GB
model_version: v6c, use_swa: False
Reusing protein cache: /sc/arion/projects/DiseaseGeneCell/Huang_lab_project/drug_discovery/output/data/enzyme_embeddings_dataset/EITLEM_dataset/EITLEM_kkm_MUTAPLM_embedding_cold_protein/protein.pt
Reusing ligand cache: /sc/arion/projects/DiseaseGeneCell/Huang_lab_project/drug_discovery/output/data/enzyme_embeddings_dataset/EITLEM_dataset/EITLEM_kkm_MUTAPLM_embedding_cold_protein/ligand.pt
[mem] after preprocess                         max RSS = 23.00 GB
loaders ready: train=300 test=86 val=44
[mem] after make_loaders                       max RSS = 23.00 GB
Built TraceKinV6C with 50,012,934 parameters
[AMP] enabled: dtype=torch.bfloat16
[LR schedule] schedule_lr=True, lrate=0.0003, min_lrate=1e-06, warmup_iters=0, lr_decay_iters=30000, total_iters=30000
Not in terminal, reprint now using normal build-in print function.
                              
                              
----------------------------------------
Epoch 001 with LR 0.000300: Model Results
----------------------------------------
Train MSE Loss: 3.7925, Train CLS Loss: 0.0000, Train MCLS Loss: 0.0000
Protein Cluster Region Loss - Ortho Loss: 0.0000, Cluster Loss: 0.0000
                              
Validation Results: {
    "ci": 0.6101,
    "classification_loss": 0.0,
    "cluster_loss": 0.0,
    "mae": 1.3126,
    "mse": 2.7776,
    "multiclassification_loss": 0.0,
    "ortho_loss": 0.0,
    "pearson": 0.3078,
    "regression_loss": 2.7786,
    "rm2": 0.0931,
    "rmse": 1.6666,
    "sd": 1.6498,
    "spearman": 0.3221,
    "spectral_loss": 0.0
}
                              
Test Results: {
    "ci": 0.6015,
    "classification_loss": 0.0,
    "cluster_loss": 0.0,
    "mae": 1.2954,
    "mse": 2.8277,
    "multiclassification_loss": 0.0,
    "ortho_loss": 0.0,
    "pearson": 0.3041,
    "regression_loss": 2.8087,
    "rm2": 0.0917,
    "rmse": 1.6816,
    "sd": 1.6529,
    "spearman": 0.2967,
    "spectral_loss": 0.0
}
                              
                              
----------------------------------------
Epoch 002 with LR 0.000300: Model Results
----------------------------------------
Train MSE Loss: 3.0877, Train CLS Loss: 0.0000, Train MCLS Loss: 0.0000
Protein Cluster Region Loss - Ortho Loss: 0.0000, Cluster Loss: 0.0000
                              
Validation Results: {
    "ci": 0.6186,
    "classification_loss": 0.0,
    "cluster_loss": 0.0,
    "mae": 1.4195,
    "mse": 3.1676,
    "multiclassification_loss": 0.0,
    "ortho_loss": 0.0,
    "pearson": 0.3363,
    "regression_loss": 3.1678,
    "rm2": 0.1013,
    "rmse": 1.7798,
    "sd": 1.633,
    "spearman": 0.3464,
    "spectral_loss": 0.0
}
                              
Test Results: {
    "ci": 0.6015,
    "classification_loss": 0.0,
    "cluster_loss": 0.0,
    "mae": 1.2954,
    "mse": 2.8277,
    "multiclassification_loss": 0.0,
    "ortho_loss": 0.0,
    "pearson": 0.3041,
    "regression_loss": 2.8087,
    "rm2": 0.0917,
    "rmse": 1.6816,
    "sd": 1.6529,
    "spearman": 0.2967,
    "spectral_loss": 0.0
}
                              
                              
----------------------------------------
Epoch 003 with LR 0.000299: Model Results
----------------------------------------
Train MSE Loss: 2.6555, Train CLS Loss: 0.0000, Train MCLS Loss: 0.0000
Protein Cluster Region Loss - Ortho Loss: 0.0000, Cluster Loss: 0.0000
                              
Validation Results: {
    "ci": 0.6254,
    "classification_loss": 0.0,
    "cluster_loss": 0.0,
    "mae": 1.4057,
    "mse": 3.1427,
    "multiclassification_loss": 0.0,
    "ortho_loss": 0.0,
    "pearson": 0.3329,
    "regression_loss": 3.143,
    "rm2": 0.0992,
    "rmse": 1.7728,
    "sd": 1.6351,
    "spearman": 0.3671,
    "spectral_loss": 0.0
}
                              
Test Results: {
    "ci": 0.6015,
    "classification_loss": 0.0,
    "cluster_loss": 0.0,
    "mae": 1.2954,
    "mse": 2.8277,
    "multiclassification_loss": 0.0,
    "ortho_loss": 0.0,
    "pearson": 0.3041,
    "regression_loss": 2.8087,
    "rm2": 0.0917,
    "rmse": 1.6816,
    "sd": 1.6529,
    "spearman": 0.2967,
    "spectral_loss": 0.0
}
                              
                              
----------------------------------------
Epoch 004 with LR 0.000299: Model Results
----------------------------------------
Train MSE Loss: 2.4526, Train CLS Loss: 0.0000, Train MCLS Loss: 0.0000
Protein Cluster Region Loss - Ortho Loss: 0.0000, Cluster Loss: 0.0000
                              
Validation Results: {
    "ci": 0.6323,
    "classification_loss": 0.0,
    "cluster_loss": 0.0,
    "mae": 1.3038,
    "mse": 2.8531,
    "multiclassification_loss": 0.0,
    "ortho_loss": 0.0,
    "pearson": 0.3634,
    "regression_loss": 2.8539,
    "rm2": 0.1219,
    "rmse": 1.6891,
    "sd": 1.6154,
    "spearman": 0.3862,
    "spectral_loss": 0.0
}
                              
Test Results: {
    "ci": 0.6015,
    "classification_loss": 0.0,
    "cluster_loss": 0.0,
    "mae": 1.2954,
    "mse": 2.8277,
    "multiclassification_loss": 0.0,
    "ortho_loss": 0.0,
    "pearson": 0.3041,
    "regression_loss": 2.8087,
    "rm2": 0.0917,
    "rmse": 1.6816,
    "sd": 1.6529,
    "spearman": 0.2967,
    "spectral_loss": 0.0
}
                              
                              
----------------------------------------
Epoch 005 with LR 0.000298: Model Results
----------------------------------------
Train MSE Loss: 2.2363, Train CLS Loss: 0.0000, Train MCLS Loss: 0.0000
Protein Cluster Region Loss - Ortho Loss: 0.0000, Cluster Loss: 0.0000
                              
Validation Results: {
    "ci": 0.6421,
    "classification_loss": 0.0,
    "cluster_loss": 0.0,
    "mae": 1.2526,
    "mse": 2.5537,
    "multiclassification_loss": 0.0,
    "ortho_loss": 0.0,
    "pearson": 0.3999,
    "regression_loss": 2.554,
    "rm2": 0.1511,
    "rmse": 1.598,
    "sd": 1.5893,
    "spearman": 0.4125,
    "spectral_loss": 0.0
}
                              
Test Results: {
    "ci": 0.6461,
    "classification_loss": 0.0,
    "cluster_loss": 0.0,
    "mae": 1.2113,
    "mse": 2.4391,
    "multiclassification_loss": 0.0,
    "ortho_loss": 0.0,
    "pearson": 0.4374,
    "regression_loss": 2.4304,
    "rm2": 0.1864,
    "rmse": 1.5617,
    "sd": 1.5603,
    "spearman": 0.4192,
    "spectral_loss": 0.0
}
                              
                              
----------------------------------------
Epoch 006 with LR 0.000297: Model Results
----------------------------------------
Train MSE Loss: 2.1250, Train CLS Loss: 0.0000, Train MCLS Loss: 0.0000
Protein Cluster Region Loss - Ortho Loss: 0.0000, Cluster Loss: 0.0000
                              
Validation Results: {
    "ci": 0.6269,
    "classification_loss": 0.0,
    "cluster_loss": 0.0,
    "mae": 1.5482,
    "mse": 3.9639,
    "multiclassification_loss": 0.0,
    "ortho_loss": 0.0,
    "pearson": 0.3606,
    "regression_loss": 3.9659,
    "rm2": 0.1196,
    "rmse": 1.991,
    "sd": 1.6173,
    "spearman": 0.3705,
    "spectral_loss": 0.0
}
                              
Test Results: {
    "ci": 0.6461,
    "classification_loss": 0.0,
    "cluster_loss": 0.0,
    "mae": 1.2113,
    "mse": 2.4391,
    "multiclassification_loss": 0.0,
    "ortho_loss": 0.0,
    "pearson": 0.4374,
    "regression_loss": 2.4304,
    "rm2": 0.1864,
    "rmse": 1.5617,
    "sd": 1.5603,
    "spearman": 0.4192,
    "spectral_loss": 0.0
}
                              
                              
----------------------------------------
Epoch 007 with LR 0.000296: Model Results
----------------------------------------
Train MSE Loss: 2.0227, Train CLS Loss: 0.0000, Train MCLS Loss: 0.0000
Protein Cluster Region Loss - Ortho Loss: 0.0000, Cluster Loss: 0.0000
                              
Validation Results: {
    "ci": 0.6368,
    "classification_loss": 0.0,
    "cluster_loss": 0.0,
    "mae": 1.3148,
    "mse": 2.7814,
    "multiclassification_loss": 0.0,
    "ortho_loss": 0.0,
    "pearson": 0.4012,
    "regression_loss": 2.7817,
    "rm2": 0.1413,
    "rmse": 1.6678,
    "sd": 1.5883,
    "spearman": 0.3981,
    "spectral_loss": 0.0
}
                              
Test Results: {
    "ci": 0.6461,
    "classification_loss": 0.0,
    "cluster_loss": 0.0,
    "mae": 1.2113,
    "mse": 2.4391,
    "multiclassification_loss": 0.0,
    "ortho_loss": 0.0,
    "pearson": 0.4374,
    "regression_loss": 2.4304,
    "rm2": 0.1864,
    "rmse": 1.5617,
    "sd": 1.5603,
    "spearman": 0.4192,
    "spectral_loss": 0.0
}
                              
                              
----------------------------------------
Epoch 008 with LR 0.000295: Model Results
----------------------------------------
Train MSE Loss: 1.9004, Train CLS Loss: 0.0000, Train MCLS Loss: 0.0000
Protein Cluster Region Loss - Ortho Loss: 0.0000, Cluster Loss: 0.0000
                              
Validation Results: {
    "ci": 0.632,
    "classification_loss": 0.0,
    "cluster_loss": 0.0,
    "mae": 1.3684,
    "mse": 3.0753,
    "multiclassification_loss": 0.0,
    "ortho_loss": 0.0,
    "pearson": 0.3774,
    "regression_loss": 3.0755,
    "rm2": 0.1254,
    "rmse": 1.7536,
    "sd": 1.6057,
    "spearman": 0.3828,
    "spectral_loss": 0.0
}
                              
Test Results: {
    "ci": 0.6461,
    "classification_loss": 0.0,
    "cluster_loss": 0.0,
    "mae": 1.2113,
    "mse": 2.4391,
    "multiclassification_loss": 0.0,
    "ortho_loss": 0.0,
    "pearson": 0.4374,
    "regression_loss": 2.4304,
    "rm2": 0.1864,
    "rmse": 1.5617,
    "sd": 1.5603,
    "spearman": 0.4192,
    "spectral_loss": 0.0
}
                              
                              
----------------------------------------
Epoch 009 with LR 0.000294: Model Results
----------------------------------------
Train MSE Loss: 1.7557, Train CLS Loss: 0.0000, Train MCLS Loss: 0.0000
Protein Cluster Region Loss - Ortho Loss: 0.0000, Cluster Loss: 0.0000
                              
Validation Results: {
    "ci": 0.6403,
    "classification_loss": 0.0,
    "cluster_loss": 0.0,
    "mae": 1.3776,
    "mse": 3.1675,
    "multiclassification_loss": 0.0,
    "ortho_loss": 0.0,
    "pearson": 0.3963,
    "regression_loss": 3.1691,
    "rm2": 0.1494,
    "rmse": 1.7798,
    "sd": 1.592,
    "spearman": 0.4073,
    "spectral_loss": 0.0
}
                              
Test Results: {
    "ci": 0.6461,
    "classification_loss": 0.0,
    "cluster_loss": 0.0,
    "mae": 1.2113,
    "mse": 2.4391,
    "multiclassification_loss": 0.0,
    "ortho_loss": 0.0,
    "pearson": 0.4374,
    "regression_loss": 2.4304,
    "rm2": 0.1864,
    "rmse": 1.5617,
    "sd": 1.5603,
    "spearman": 0.4192,
    "spectral_loss": 0.0
}
                              
                              
----------------------------------------
Epoch 010 with LR 0.000293: Model Results
----------------------------------------
Train MSE Loss: 1.6840, Train CLS Loss: 0.0000, Train MCLS Loss: 0.0000
Protein Cluster Region Loss - Ortho Loss: 0.0000, Cluster Loss: 0.0000
                              
Validation Results: {
    "ci": 0.6479,
    "classification_loss": 0.0,
    "cluster_loss": 0.0,
    "mae": 1.2623,
    "mse": 2.5976,
    "multiclassification_loss": 0.0,
    "ortho_loss": 0.0,
    "pearson": 0.4202,
    "regression_loss": 2.5979,
    "rm2": 0.1617,
    "rmse": 1.6117,
    "sd": 1.5735,
    "spearman": 0.4277,
    "spectral_loss": 0.0
}
                              
Test Results: {
    "ci": 0.6461,
    "classification_loss": 0.0,
    "cluster_loss": 0.0,
    "mae": 1.2113,
    "mse": 2.4391,
    "multiclassification_loss": 0.0,
    "ortho_loss": 0.0,
    "pearson": 0.4374,
    "regression_loss": 2.4304,
    "rm2": 0.1864,
    "rmse": 1.5617,
    "sd": 1.5603,
    "spearman": 0.4192,
    "spectral_loss": 0.0
}
                              
                              
----------------------------------------
Epoch 011 with LR 0.000291: Model Results
----------------------------------------
Train MSE Loss: 1.6158, Train CLS Loss: 0.0000, Train MCLS Loss: 0.0000
Protein Cluster Region Loss - Ortho Loss: 0.0000, Cluster Loss: 0.0000
                              
Validation Results: {
    "ci": 0.6434,
    "classification_loss": 0.0,
    "cluster_loss": 0.0,
    "mae": 1.3246,
    "mse": 2.8909,
    "multiclassification_loss": 0.0,
    "ortho_loss": 0.0,
    "pearson": 0.4085,
    "regression_loss": 2.8914,
    "rm2": 0.1456,
    "rmse": 1.7003,
    "sd": 1.5827,
    "spearman": 0.415,
    "spectral_loss": 0.0
}
                              
Test Results: {
    "ci": 0.6461,
    "classification_loss": 0.0,
    "cluster_loss": 0.0,
    "mae": 1.2113,
    "mse": 2.4391,
    "multiclassification_loss": 0.0,
    "ortho_loss": 0.0,
    "pearson": 0.4374,
    "regression_loss": 2.4304,
    "rm2": 0.1864,
    "rmse": 1.5617,
    "sd": 1.5603,
    "spearman": 0.4192,
    "spectral_loss": 0.0
}
                              
                              
----------------------------------------
Epoch 012 with LR 0.000290: Model Results
----------------------------------------
Train MSE Loss: 1.5822, Train CLS Loss: 0.0000, Train MCLS Loss: 0.0000
Protein Cluster Region Loss - Ortho Loss: 0.0000, Cluster Loss: 0.0000
                              
Validation Results: {
    "ci": 0.6444,
    "classification_loss": 0.0,
    "cluster_loss": 0.0,
    "mae": 1.2785,
    "mse": 2.719,
    "multiclassification_loss": 0.0,
    "ortho_loss": 0.0,
    "pearson": 0.4087,
    "regression_loss": 2.7191,
    "rm2": 0.1498,
    "rmse": 1.6489,
    "sd": 1.5826,
    "spearman": 0.4165,
    "spectral_loss": 0.0
}
                              
Test Results: {
    "ci": 0.6461,
    "classification_loss": 0.0,
    "cluster_loss": 0.0,
    "mae": 1.2113,
    "mse": 2.4391,
    "multiclassification_loss": 0.0,
    "ortho_loss": 0.0,
    "pearson": 0.4374,
    "regression_loss": 2.4304,
    "rm2": 0.1864,
    "rmse": 1.5617,
    "sd": 1.5603,
    "spearman": 0.4192,
    "spectral_loss": 0.0
}
                              
                              
----------------------------------------
Epoch 013 with LR 0.000288: Model Results
----------------------------------------
Train MSE Loss: 1.5513, Train CLS Loss: 0.0000, Train MCLS Loss: 0.0000
Protein Cluster Region Loss - Ortho Loss: 0.0000, Cluster Loss: 0.0000
                              
Validation Results: {
    "ci": 0.6461,
    "classification_loss": 0.0,
    "cluster_loss": 0.0,
    "mae": 1.4779,
    "mse": 3.598,
    "multiclassification_loss": 0.0,
    "ortho_loss": 0.0,
    "pearson": 0.4167,
    "regression_loss": 3.5997,
    "rm2": 0.1728,
    "rmse": 1.8968,
    "sd": 1.5763,
    "spearman": 0.4236,
    "spectral_loss": 0.0
}
                              
Test Results: {
    "ci": 0.6461,
    "classification_loss": 0.0,
    "cluster_loss": 0.0,
    "mae": 1.2113,
    "mse": 2.4391,
    "multiclassification_loss": 0.0,
    "ortho_loss": 0.0,
    "pearson": 0.4374,
    "regression_loss": 2.4304,
    "rm2": 0.1864,
    "rmse": 1.5617,
    "sd": 1.5603,
    "spearman": 0.4192,
    "spectral_loss": 0.0
}
                              
                              
----------------------------------------
Epoch 014 with LR 0.000286: Model Results
----------------------------------------
Train MSE Loss: 1.4846, Train CLS Loss: 0.0000, Train MCLS Loss: 0.0000
Protein Cluster Region Loss - Ortho Loss: 0.0000, Cluster Loss: 0.0000
                              
Validation Results: {
    "ci": 0.6446,
    "classification_loss": 0.0,
    "cluster_loss": 0.0,
    "mae": 1.3291,
    "mse": 3.015,
    "multiclassification_loss": 0.0,
    "ortho_loss": 0.0,
    "pearson": 0.4013,
    "regression_loss": 3.0149,
    "rm2": 0.1399,
    "rmse": 1.7364,
    "sd": 1.5882,
    "spearman": 0.4154,
    "spectral_loss": 0.0
}
                              
Test Results: {
    "ci": 0.6461,
    "classification_loss": 0.0,
    "cluster_loss": 0.0,
    "mae": 1.2113,
    "mse": 2.4391,
    "multiclassification_loss": 0.0,
    "ortho_loss": 0.0,
    "pearson": 0.4374,
    "regression_loss": 2.4304,
    "rm2": 0.1864,
    "rmse": 1.5617,
    "sd": 1.5603,
    "spearman": 0.4192,
    "spectral_loss": 0.0
}
                              
                              
----------------------------------------
Epoch 015 with LR 0.000284: Model Results
----------------------------------------
Train MSE Loss: 1.4400, Train CLS Loss: 0.0000, Train MCLS Loss: 0.0000
Protein Cluster Region Loss - Ortho Loss: 0.0000, Cluster Loss: 0.0000
                              
Validation Results: {
    "ci": 0.6527,
    "classification_loss": 0.0,
    "cluster_loss": 0.0,
    "mae": 1.2599,
    "mse": 2.6238,
    "multiclassification_loss": 0.0,
    "ortho_loss": 0.0,
    "pearson": 0.4196,
    "regression_loss": 2.6247,
    "rm2": 0.1729,
    "rmse": 1.6198,
    "sd": 1.5739,
    "spearman": 0.4391,
    "spectral_loss": 0.0
}
                              
Test Results: {
    "ci": 0.6461,
    "classification_loss": 0.0,
    "cluster_loss": 0.0,
    "mae": 1.2113,
    "mse": 2.4391,
    "multiclassification_loss": 0.0,
    "ortho_loss": 0.0,
    "pearson": 0.4374,
    "regression_loss": 2.4304,
    "rm2": 0.1864,
    "rmse": 1.5617,
    "sd": 1.5603,
    "spearman": 0.4192,
    "spectral_loss": 0.0
}
                              
                              
----------------------------------------
Epoch 016 with LR 0.000282: Model Results
----------------------------------------
Train MSE Loss: 1.3881, Train CLS Loss: 0.0000, Train MCLS Loss: 0.0000
Protein Cluster Region Loss - Ortho Loss: 0.0000, Cluster Loss: 0.0000
                              
Validation Results: {
    "ci": 0.6454,
    "classification_loss": 0.0,
    "cluster_loss": 0.0,
    "mae": 1.3461,
    "mse": 3.0171,
    "multiclassification_loss": 0.0,
    "ortho_loss": 0.0,
    "pearson": 0.3915,
    "regression_loss": 3.0167,
    "rm2": 0.1307,
    "rmse": 1.737,
    "sd": 1.5956,
    "spearman": 0.4191,
    "spectral_loss": 0.0
}
                              
Test Results: {
    "ci": 0.6461,
    "classification_loss": 0.0,
    "cluster_loss": 0.0,
    "mae": 1.2113,
    "mse": 2.4391,
    "multiclassification_loss": 0.0,
    "ortho_loss": 0.0,
    "pearson": 0.4374,
    "regression_loss": 2.4304,
    "rm2": 0.1864,
    "rmse": 1.5617,
    "sd": 1.5603,
    "spearman": 0.4192,
    "spectral_loss": 0.0
}
                              
                              
----------------------------------------
Epoch 017 with LR 0.000279: Model Results
----------------------------------------
Train MSE Loss: 1.3504, Train CLS Loss: 0.0000, Train MCLS Loss: 0.0000
Protein Cluster Region Loss - Ortho Loss: 0.0000, Cluster Loss: 0.0000
                              
Validation Results: {
    "ci": 0.6456,
    "classification_loss": 0.0,
    "cluster_loss": 0.0,
    "mae": 1.2829,
    "mse": 2.8016,
    "multiclassification_loss": 0.0,
    "ortho_loss": 0.0,
    "pearson": 0.3962,
    "regression_loss": 2.8023,
    "rm2": 0.1452,
    "rmse": 1.6738,
    "sd": 1.5921,
    "spearman": 0.4181,
    "spectral_loss": 0.0
}
                              
Test Results: {
    "ci": 0.6461,
    "classification_loss": 0.0,
    "cluster_loss": 0.0,
    "mae": 1.2113,
    "mse": 2.4391,
    "multiclassification_loss": 0.0,
    "ortho_loss": 0.0,
    "pearson": 0.4374,
    "regression_loss": 2.4304,
    "rm2": 0.1864,
    "rmse": 1.5617,
    "sd": 1.5603,
    "spearman": 0.4192,
    "spectral_loss": 0.0
}
                              
                              
----------------------------------------
Epoch 018 with LR 0.000277: Model Results
----------------------------------------
Train MSE Loss: 1.3150, Train CLS Loss: 0.0000, Train MCLS Loss: 0.0000
Protein Cluster Region Loss - Ortho Loss: 0.0000, Cluster Loss: 0.0000
                              
Validation Results: {
    "ci": 0.6571,
    "classification_loss": 0.0,
    "cluster_loss": 0.0,
    "mae": 1.2973,
    "mse": 2.9175,
    "multiclassification_loss": 0.0,
    "ortho_loss": 0.0,
    "pearson": 0.4295,
    "regression_loss": 2.9181,
    "rm2": 0.1663,
    "rmse": 1.7081,
    "sd": 1.5659,
    "spearman": 0.449,
    "spectral_loss": 0.0
}
                              
Test Results: {
    "ci": 0.6461,
    "classification_loss": 0.0,
    "cluster_loss": 0.0,
    "mae": 1.2113,
    "mse": 2.4391,
    "multiclassification_loss": 0.0,
    "ortho_loss": 0.0,
    "pearson": 0.4374,
    "regression_loss": 2.4304,
    "rm2": 0.1864,
    "rmse": 1.5617,
    "sd": 1.5603,
    "spearman": 0.4192,
    "spectral_loss": 0.0
}
                              
                              
----------------------------------------
Epoch 019 with LR 0.000274: Model Results
----------------------------------------
Train MSE Loss: 1.2952, Train CLS Loss: 0.0000, Train MCLS Loss: 0.0000
Protein Cluster Region Loss - Ortho Loss: 0.0000, Cluster Loss: 0.0000
                              
Validation Results: {
    "ci": 0.6495,
    "classification_loss": 0.0,
    "cluster_loss": 0.0,
    "mae": 1.2801,
    "mse": 2.7974,
    "multiclassification_loss": 0.0,
    "ortho_loss": 0.0,
    "pearson": 0.412,
    "regression_loss": 2.7984,
    "rm2": 0.163,
    "rmse": 1.6725,
    "sd": 1.58,
    "spearman": 0.4281,
    "spectral_loss": 0.0
}
                              
Test Results: {
    "ci": 0.6461,
    "classification_loss": 0.0,
    "cluster_loss": 0.0,
    "mae": 1.2113,
    "mse": 2.4391,
    "multiclassification_loss": 0.0,
    "ortho_loss": 0.0,
    "pearson": 0.4374,
    "regression_loss": 2.4304,
    "rm2": 0.1864,
    "rmse": 1.5617,
    "sd": 1.5603,
    "spearman": 0.4192,
    "spectral_loss": 0.0
}
                              
                              
----------------------------------------
Epoch 020 with LR 0.000271: Model Results
----------------------------------------
Train MSE Loss: 1.2655, Train CLS Loss: 0.0000, Train MCLS Loss: 0.0000
Protein Cluster Region Loss - Ortho Loss: 0.0000, Cluster Loss: 0.0000
                              
Validation Results: {
    "ci": 0.632,
    "classification_loss": 0.0,
    "cluster_loss": 0.0,
    "mae": 1.4348,
    "mse": 3.4593,
    "multiclassification_loss": 0.0,
    "ortho_loss": 0.0,
    "pearson": 0.3701,
    "regression_loss": 3.4587,
    "rm2": 0.1183,
    "rmse": 1.8599,
    "sd": 1.6108,
    "spearman": 0.3801,
    "spectral_loss": 0.0
}
                              
Test Results: {
    "ci": 0.6461,
    "classification_loss": 0.0,
    "cluster_loss": 0.0,
    "mae": 1.2113,
    "mse": 2.4391,
    "multiclassification_loss": 0.0,
    "ortho_loss": 0.0,
    "pearson": 0.4374,
    "regression_loss": 2.4304,
    "rm2": 0.1864,
    "rmse": 1.5617,
    "sd": 1.5603,
    "spearman": 0.4192,
    "spectral_loss": 0.0
}

Early stopping at epoch 20 (no improvement for 15 epochs)
[best epoch] epoch=5, best_rmse=1.598, lr_at_best=2.982e-04
                              
                              
----------------------------------------
Epoch 020 with LR 0.000271: Model Results
----------------------------------------
Train MSE Loss: 1.2655, Train CLS Loss: 0.0000, Train MCLS Loss: 0.0000
Protein Cluster Region Loss - Ortho Loss: 0.0000, Cluster Loss: 0.0000
                              
Validation Results: {
    "ci": 0.632,
    "classification_loss": 0.0,
    "cluster_loss": 0.0,
    "mae": 1.4348,
    "mse": 3.4593,
    "multiclassification_loss": 0.0,
    "ortho_loss": 0.0,
    "pearson": 0.3701,
    "regression_loss": 3.4587,
    "rm2": 0.1183,
    "rmse": 1.8599,
    "sd": 1.6108,
    "spearman": 0.3801,
    "spectral_loss": 0.0
}
                              
Test Results: {
    "ci": 0.6461,
    "classification_loss": 0.0,
    "cluster_loss": 0.0,
    "mae": 1.2113,
    "mse": 2.4391,
    "multiclassification_loss": 0.0,
    "ortho_loss": 0.0,
    "pearson": 0.4374,
    "regression_loss": 2.4304,
    "rm2": 0.1864,
    "rmse": 1.5617,
    "sd": 1.5603,
    "spearman": 0.4192,
    "spectral_loss": 0.0
}
Final test metrics: rmse=1.5617, pearson=0.4375, r2_proxy(mse)=2.4390
Done. Predictions: /sc/arion/projects/DiseaseGeneCell/Huang_lab_project/wangcDrugRepoProject/TRACE_Kin_Results_v6c_pocket_graph/EITLEM_dataset/EITLEM_kkm_MUTAPLM_embedding_cold_protein/test_prediction_seed2.csv; checkpoint: /sc/arion/projects/DiseaseGeneCell/Huang_lab_project/wangcDrugRepoProject/TRACE_Kin_Results_v6c_pocket_graph/EITLEM_dataset/EITLEM_kkm_MUTAPLM_embedding_cold_protein/save_model_seed2/model.pt

Array task 9/10: OK (EITLEM_kkm_MUTAPLM_embedding_cold_protein)


PS:

Read file <243012710.9.stderr> for stderr output of this job.

