Sender: LSF System <lsfadmin@lg03e10>
Subject: Job 243012710[6]: <trace_kin_v6c_perfolder_s2[1-10]> in cluster <chimera> Done

Job <trace_kin_v6c_perfolder_s2[1-10]> was submitted from host <li04e03> by user <wangc40> in cluster <chimera> at Mon May 11 21:29:31 2026
Job was executed on host(s) <16*lg03e10>, in queue <gpu>, as user <wangc40> in cluster <chimera> at Mon May 11 21:29:35 2026
</hpc/users/wangc40> was used as the home directory.
</sc/arion/projects/DiseaseGeneCell/Huang_lab_project/wangcDrugRepoProject/TRACE-Kin> was used as the working directory.
Started at Mon May 11 21:29:35 2026
Terminated at Mon May 11 21:32:52 2026
Results reported at Mon May 11 21:32:52 2026

Your job looked like:

------------------------------------------------------------
# LSBATCH: User input
#!/bin/bash
#BSUB -J trace_kin_v6c_perfolder_s2[1-10]
#BSUB -P acc_DiseaseGeneCell
#BSUB -q gpu
#BSUB -R h100nvl
#BSUB -gpu num=1
#BSUB -n 16
#BSUB -R "rusage[mem=15000]"
#BSUB -R "span[hosts=1]"
#BSUB -W 48:00
#BSUB -o %J.%I.stdout
#BSUB -eo %J.%I.stderr
#BSUB -L /bin/bash

# =============================================================================
# TRACE-Kin v6c PER-FOLDER — seed 2
# =============================================================================

# --- Environment -------------------------------------------------------------
ml purge
source ~/.bashrc
module load anaconda3/2024.06
source activate test
module load cuda/12.4.0
export RAYON_NUM_THREADS=4
export PYTORCH_CUDA_ALLOC_CONF=expandable_segments:True
export PYTHONPATH="$PWD${PYTHONPATH:+:$PYTHONPATH}"

# --- Knobs (env overrides) ---------------------------------------------------
ENZYME_BASE="${ENZYME_BASE:-/sc/arion/projects/DiseaseGeneCell/Huang_lab_project/drug_discovery/output/data/enzyme_embeddings_dataset}"
RESULT_BASE="${RESULT_BASE:-/sc/arion/projects/DiseaseGeneCell/Huang_lab_project/wangcDrugRepoProject/TRACE_Kin_Results_v6c_pocket_graph}"
MOLFORMER_PATH="${MOLFORMER_PATH:-/sc/arion/projects/DiseaseGeneCell/Huang_lab_project/wangcDrugRepoProject/transformersmodels/ibm/MoLFormer-XL-both-10pct}"
CONFIG_PATH="${CONFIG_PATH:-training/config_v6c.json}"
EPOCHS="${EPOCHS:-100}"
BATCH_SIZE="${BATCH_SIZE:-32}"
SEED=2
LRATE="${LRATE:-3e-4}"

# --- Per-array-index table (10 cells, MUTAPLM embedding) ---------------------
JOBS=(
    "EITLEM_dataset|EITLEM_kkm_MUTAPLM_embedding_cold_drug|"
    "catpred_dataset|catpred_kcat_MUTAPLM_embedding_random|"
    "inhouse_dataset|inhouse_Kd_MUTAPLM_embedding_random|"
    "EITLEM_dataset|EITLEM_kkm_MUTAPLM_embedding_random|"
    "EITLEM_dataset|EITLEM_kcat_MUTAPLM_embedding_cold_drug|"
    "MPEK_dataset|MPEK_kcat_MUTAPLM_embedding_cold_protein|"
    "EITLEM_dataset|EITLEM_km_MUTAPLM_embedding_cold_protein|"
    "catpred_dataset|catpred_ki_MUTAPLM_embedding_cold_protein|"
    "EITLEM_dataset|EITLEM_kkm_MUTAPLM_embedding_cold_protein|"
    "EITLEM_dataset|EITLEM_kcat_MUTAPLM_embedding_cold_protein|"

(... more ...)
------------------------------------------------------------

Successfully completed.

Resource usage summary:

    CPU time :                                   81.00 sec.
    Max Memory :                                 25145 MB
    Average Memory :                             15033.93 MB
    Total Requested Memory :                     240000.00 MB
    Delta Memory :                               214855.00 MB
    Max Swap :                                   -
    Max Processes :                              21
    Max Threads :                                53
    Run time :                                   197 sec.
    Turnaround time :                            201 sec.

The output (if any) follows:

==========================================
TRACE-Kin v6c PER-FOLDER task 6/10 (seed=2)
==========================================
Date:        Mon May 11 21:29:38 EDT 2026
Dataset:     /sc/arion/projects/DiseaseGeneCell/Huang_lab_project/drug_discovery/output/data/enzyme_embeddings_dataset/MPEK_dataset/MPEK_kcat_MUTAPLM_embedding_cold_protein
Result:      /sc/arion/projects/DiseaseGeneCell/Huang_lab_project/wangcDrugRepoProject/TRACE_Kin_Results_v6c_pocket_graph/MPEK_dataset/MPEK_kcat_MUTAPLM_embedding_cold_protein
Config:      training/config_v6c.json
Epochs:      100, batch=32, seed=2, lr=3e-4
==========================================
Python 3.12.2
CUDA device: NVIDIA H100 80GB HBM3, sm_90
============================================================
TRACE-Kin training
============================================================
Datafolder:        /sc/arion/projects/DiseaseGeneCell/Huang_lab_project/drug_discovery/output/data/enzyme_embeddings_dataset/MPEK_dataset/MPEK_kcat_MUTAPLM_embedding_cold_protein
Result path:       /sc/arion/projects/DiseaseGeneCell/Huang_lab_project/wangcDrugRepoProject/TRACE_Kin_Results_v6c_pocket_graph/MPEK_dataset/MPEK_kcat_MUTAPLM_embedding_cold_protein
Config:            training/config_v6c.json
Pool train CSVs:   (none)
============================================================
[mem] before load_split_dataframes             max RSS = 0.62 GB
Loading primary train (essential cols): /sc/arion/projects/DiseaseGeneCell/Huang_lab_project/drug_discovery/output/data/enzyme_embeddings_dataset/MPEK_dataset/MPEK_kcat_MUTAPLM_embedding_cold_protein/train.parquet
Loading primary test (essential cols): /sc/arion/projects/DiseaseGeneCell/Huang_lab_project/drug_discovery/output/data/enzyme_embeddings_dataset/MPEK_dataset/MPEK_kcat_MUTAPLM_embedding_cold_protein/test.parquet
Loading primary val (essential cols): /sc/arion/projects/DiseaseGeneCell/Huang_lab_project/drug_discovery/output/data/enzyme_embeddings_dataset/MPEK_dataset/MPEK_kcat_MUTAPLM_embedding_cold_protein/val.parquet
Detected prot_evo_channels = 4096 (1-row sample)
[mem] after load_split_dataframes (lite — feature cols not loaded) max RSS = 0.86 GB
model_version: v6c, use_swa: False
Reusing protein cache: /sc/arion/projects/DiseaseGeneCell/Huang_lab_project/drug_discovery/output/data/enzyme_embeddings_dataset/MPEK_dataset/MPEK_kcat_MUTAPLM_embedding_cold_protein/protein.pt
Reusing ligand cache: /sc/arion/projects/DiseaseGeneCell/Huang_lab_project/drug_discovery/output/data/enzyme_embeddings_dataset/MPEK_dataset/MPEK_kcat_MUTAPLM_embedding_cold_protein/ligand.pt
[mem] after preprocess                         max RSS = 23.19 GB
loaders ready: train=394 test=114 val=53
[mem] after make_loaders                       max RSS = 23.19 GB
Built TraceKinV6C with 50,012,934 parameters
[AMP] enabled: dtype=torch.bfloat16
[LR schedule] schedule_lr=True, lrate=0.0003, min_lrate=1e-06, warmup_iters=0, lr_decay_iters=39400, total_iters=39400
Not in terminal, reprint now using normal build-in print function.












Array task 6/10: OK (MPEK_kcat_MUTAPLM_embedding_cold_protein)


PS:

Read file <243012710.6.stderr> for stderr output of this job.

