Sender: LSF System <lsfadmin@lg03e11>
Subject: Job 243012710[7]: <trace_kin_v6c_perfolder_s2[1-10]> in cluster <chimera> Done

Job <trace_kin_v6c_perfolder_s2[1-10]> was submitted from host <li04e03> by user <wangc40> in cluster <chimera> at Mon May 11 21:29:31 2026
Job was executed on host(s) <16*lg03e11>, in queue <gpu>, as user <wangc40> in cluster <chimera> at Mon May 11 21:29:35 2026
</hpc/users/wangc40> was used as the home directory.
</sc/arion/projects/DiseaseGeneCell/Huang_lab_project/wangcDrugRepoProject/TRACE-Kin> was used as the working directory.
Started at Mon May 11 21:29:35 2026
Terminated at Mon May 11 22:47:50 2026
Results reported at Mon May 11 22:47:50 2026

Your job looked like:

------------------------------------------------------------
# LSBATCH: User input
#!/bin/bash
#BSUB -J trace_kin_v6c_perfolder_s2[1-10]
#BSUB -P acc_DiseaseGeneCell
#BSUB -q gpu
#BSUB -R h100nvl
#BSUB -gpu num=1
#BSUB -n 16
#BSUB -R "rusage[mem=15000]"
#BSUB -R "span[hosts=1]"
#BSUB -W 48:00
#BSUB -o %J.%I.stdout
#BSUB -eo %J.%I.stderr
#BSUB -L /bin/bash

# =============================================================================
# TRACE-Kin v6c PER-FOLDER — seed 2
# =============================================================================

# --- Environment -------------------------------------------------------------
ml purge
source ~/.bashrc
module load anaconda3/2024.06
source activate test
module load cuda/12.4.0
export RAYON_NUM_THREADS=4
export PYTORCH_CUDA_ALLOC_CONF=expandable_segments:True
export PYTHONPATH="$PWD${PYTHONPATH:+:$PYTHONPATH}"

# --- Knobs (env overrides) ---------------------------------------------------
ENZYME_BASE="${ENZYME_BASE:-/sc/arion/projects/DiseaseGeneCell/Huang_lab_project/drug_discovery/output/data/enzyme_embeddings_dataset}"
RESULT_BASE="${RESULT_BASE:-/sc/arion/projects/DiseaseGeneCell/Huang_lab_project/wangcDrugRepoProject/TRACE_Kin_Results_v6c_pocket_graph}"
MOLFORMER_PATH="${MOLFORMER_PATH:-/sc/arion/projects/DiseaseGeneCell/Huang_lab_project/wangcDrugRepoProject/transformersmodels/ibm/MoLFormer-XL-both-10pct}"
CONFIG_PATH="${CONFIG_PATH:-training/config_v6c.json}"
EPOCHS="${EPOCHS:-100}"
BATCH_SIZE="${BATCH_SIZE:-32}"
SEED=2
LRATE="${LRATE:-3e-4}"

# --- Per-array-index table (10 cells, MUTAPLM embedding) ---------------------
JOBS=(
    "EITLEM_dataset|EITLEM_kkm_MUTAPLM_embedding_cold_drug|"
    "catpred_dataset|catpred_kcat_MUTAPLM_embedding_random|"
    "inhouse_dataset|inhouse_Kd_MUTAPLM_embedding_random|"
    "EITLEM_dataset|EITLEM_kkm_MUTAPLM_embedding_random|"
    "EITLEM_dataset|EITLEM_kcat_MUTAPLM_embedding_cold_drug|"
    "MPEK_dataset|MPEK_kcat_MUTAPLM_embedding_cold_protein|"
    "EITLEM_dataset|EITLEM_km_MUTAPLM_embedding_cold_protein|"
    "catpred_dataset|catpred_ki_MUTAPLM_embedding_cold_protein|"
    "EITLEM_dataset|EITLEM_kkm_MUTAPLM_embedding_cold_protein|"
    "EITLEM_dataset|EITLEM_kcat_MUTAPLM_embedding_cold_protein|"

(... more ...)
------------------------------------------------------------

Successfully completed.

Resource usage summary:

    CPU time :                                   5401.00 sec.
    Max Memory :                                 52698 MB
    Average Memory :                             50492.61 MB
    Total Requested Memory :                     240000.00 MB
    Delta Memory :                               187302.00 MB
    Max Swap :                                   -
    Max Processes :                              21
    Max Threads :                                53
    Run time :                                   4695 sec.
    Turnaround time :                            4699 sec.

The output (if any) follows:

==========================================
TRACE-Kin v6c PER-FOLDER task 7/10 (seed=2)
==========================================
Date:        Mon May 11 21:29:38 EDT 2026
Dataset:     /sc/arion/projects/DiseaseGeneCell/Huang_lab_project/drug_discovery/output/data/enzyme_embeddings_dataset/EITLEM_dataset/EITLEM_km_MUTAPLM_embedding_cold_protein
Result:      /sc/arion/projects/DiseaseGeneCell/Huang_lab_project/wangcDrugRepoProject/TRACE_Kin_Results_v6c_pocket_graph/EITLEM_dataset/EITLEM_km_MUTAPLM_embedding_cold_protein
Config:      training/config_v6c.json
Epochs:      100, batch=32, seed=2, lr=3e-4
==========================================
Python 3.12.2
CUDA device: NVIDIA H100 80GB HBM3, sm_90
============================================================
TRACE-Kin training
============================================================
Datafolder:        /sc/arion/projects/DiseaseGeneCell/Huang_lab_project/drug_discovery/output/data/enzyme_embeddings_dataset/EITLEM_dataset/EITLEM_km_MUTAPLM_embedding_cold_protein
Result path:       /sc/arion/projects/DiseaseGeneCell/Huang_lab_project/wangcDrugRepoProject/TRACE_Kin_Results_v6c_pocket_graph/EITLEM_dataset/EITLEM_km_MUTAPLM_embedding_cold_protein
Config:            training/config_v6c.json
Pool train CSVs:   (none)
============================================================
[mem] before load_split_dataframes             max RSS = 0.62 GB
Loading primary train (essential cols): /sc/arion/projects/DiseaseGeneCell/Huang_lab_project/drug_discovery/output/data/enzyme_embeddings_dataset/EITLEM_dataset/EITLEM_km_MUTAPLM_embedding_cold_protein/train.parquet
Loading primary test (essential cols): /sc/arion/projects/DiseaseGeneCell/Huang_lab_project/drug_discovery/output/data/enzyme_embeddings_dataset/EITLEM_dataset/EITLEM_km_MUTAPLM_embedding_cold_protein/test.parquet
Loading primary val (essential cols): /sc/arion/projects/DiseaseGeneCell/Huang_lab_project/drug_discovery/output/data/enzyme_embeddings_dataset/EITLEM_dataset/EITLEM_km_MUTAPLM_embedding_cold_protein/val.parquet
Detected prot_evo_channels = 4096 (1-row sample)
[mem] after load_split_dataframes (lite — feature cols not loaded) max RSS = 0.99 GB
model_version: v6c, use_swa: False
Reusing protein cache: /sc/arion/projects/DiseaseGeneCell/Huang_lab_project/drug_discovery/output/data/enzyme_embeddings_dataset/EITLEM_dataset/EITLEM_km_MUTAPLM_embedding_cold_protein/protein.pt
Reusing ligand cache: /sc/arion/projects/DiseaseGeneCell/Huang_lab_project/drug_discovery/output/data/enzyme_embeddings_dataset/EITLEM_dataset/EITLEM_km_MUTAPLM_embedding_cold_protein/ligand.pt
[mem] after preprocess                         max RSS = 49.31 GB
loaders ready: train=642 test=184 val=92
[mem] after make_loaders                       max RSS = 49.31 GB
Built TraceKinV6C with 50,012,934 parameters
[AMP] enabled: dtype=torch.bfloat16
[LR schedule] schedule_lr=True, lrate=0.0003, min_lrate=1e-06, warmup_iters=0, lr_decay_iters=64200, total_iters=64200
Not in terminal, reprint now using normal build-in print function.
                              
                              
----------------------------------------
Epoch 001 with LR 0.000300: Model Results
----------------------------------------
Train MSE Loss: 1.6189, Train CLS Loss: 0.0000, Train MCLS Loss: 0.0000
Protein Cluster Region Loss - Ortho Loss: 0.0000, Cluster Loss: 0.0000
                              
Validation Results: {
    "ci": 0.6898,
    "classification_loss": 0.0,
    "cluster_loss": 0.0,
    "mae": 0.9079,
    "mse": 1.3746,
    "multiclassification_loss": 0.0,
    "ortho_loss": 0.0,
    "pearson": 0.5298,
    "regression_loss": 1.3766,
    "rm2": 0.2518,
    "rmse": 1.1724,
    "sd": 1.1184,
    "spearman": 0.5407,
    "spectral_loss": 0.0
}
                              
Test Results: {
    "ci": 0.6824,
    "classification_loss": 0.0,
    "cluster_loss": 0.0,
    "mae": 0.9149,
    "mse": 1.3606,
    "multiclassification_loss": 0.0,
    "ortho_loss": 0.0,
    "pearson": 0.5256,
    "regression_loss": 1.3598,
    "rm2": 0.2512,
    "rmse": 1.1665,
    "sd": 1.1022,
    "spearman": 0.5197,
    "spectral_loss": 0.0
}
                              
                              
----------------------------------------
Epoch 002 with LR 0.000300: Model Results
----------------------------------------
Train MSE Loss: 1.2283, Train CLS Loss: 0.0000, Train MCLS Loss: 0.0000
Protein Cluster Region Loss - Ortho Loss: 0.0000, Cluster Loss: 0.0000
                              
Validation Results: {
    "ci": 0.7067,
    "classification_loss": 0.0,
    "cluster_loss": 0.0,
    "mae": 0.9266,
    "mse": 1.3977,
    "multiclassification_loss": 0.0,
    "ortho_loss": 0.0,
    "pearson": 0.5708,
    "regression_loss": 1.4019,
    "rm2": 0.2746,
    "rmse": 1.1823,
    "sd": 1.0827,
    "spearman": 0.5855,
    "spectral_loss": 0.0
}
                              
Test Results: {
    "ci": 0.6824,
    "classification_loss": 0.0,
    "cluster_loss": 0.0,
    "mae": 0.9149,
    "mse": 1.3606,
    "multiclassification_loss": 0.0,
    "ortho_loss": 0.0,
    "pearson": 0.5256,
    "regression_loss": 1.3598,
    "rm2": 0.2512,
    "rmse": 1.1665,
    "sd": 1.1022,
    "spearman": 0.5197,
    "spectral_loss": 0.0
}
                              
                              
----------------------------------------
Epoch 003 with LR 0.000299: Model Results
----------------------------------------
Train MSE Loss: 1.1062, Train CLS Loss: 0.0000, Train MCLS Loss: 0.0000
Protein Cluster Region Loss - Ortho Loss: 0.0000, Cluster Loss: 0.0000
                              
Validation Results: {
    "ci": 0.7084,
    "classification_loss": 0.0,
    "cluster_loss": 0.0,
    "mae": 0.851,
    "mse": 1.2407,
    "multiclassification_loss": 0.0,
    "ortho_loss": 0.0,
    "pearson": 0.5784,
    "regression_loss": 1.2458,
    "rm2": 0.2782,
    "rmse": 1.1139,
    "sd": 1.0757,
    "spearman": 0.5878,
    "spectral_loss": 0.0
}
                              
Test Results: {
    "ci": 0.6985,
    "classification_loss": 0.0,
    "cluster_loss": 0.0,
    "mae": 0.8542,
    "mse": 1.2141,
    "multiclassification_loss": 0.0,
    "ortho_loss": 0.0,
    "pearson": 0.5702,
    "regression_loss": 1.2155,
    "rm2": 0.2751,
    "rmse": 1.1018,
    "sd": 1.0643,
    "spearman": 0.5598,
    "spectral_loss": 0.0
}
                              
                              
----------------------------------------
Epoch 004 with LR 0.000299: Model Results
----------------------------------------
Train MSE Loss: 0.9946, Train CLS Loss: 0.0000, Train MCLS Loss: 0.0000
Protein Cluster Region Loss - Ortho Loss: 0.0000, Cluster Loss: 0.0000
                              
Validation Results: {
    "ci": 0.7147,
    "classification_loss": 0.0,
    "cluster_loss": 0.0,
    "mae": 0.8426,
    "mse": 1.2223,
    "multiclassification_loss": 0.0,
    "ortho_loss": 0.0,
    "pearson": 0.5896,
    "regression_loss": 1.2262,
    "rm2": 0.3095,
    "rmse": 1.1056,
    "sd": 1.065,
    "spearman": 0.6036,
    "spectral_loss": 0.0
}
                              
Test Results: {
    "ci": 0.7068,
    "classification_loss": 0.0,
    "cluster_loss": 0.0,
    "mae": 0.8335,
    "mse": 1.1699,
    "multiclassification_loss": 0.0,
    "ortho_loss": 0.0,
    "pearson": 0.5864,
    "regression_loss": 1.1698,
    "rm2": 0.3096,
    "rmse": 1.0816,
    "sd": 1.0494,
    "spearman": 0.5812,
    "spectral_loss": 0.0
}
                              
                              
----------------------------------------
Epoch 005 with LR 0.000298: Model Results
----------------------------------------
Train MSE Loss: 1.2028, Train CLS Loss: 0.0000, Train MCLS Loss: 0.0000
Protein Cluster Region Loss - Ortho Loss: 0.0000, Cluster Loss: 0.0000
                              
Validation Results: {
    "ci": 0.7168,
    "classification_loss": 0.0,
    "cluster_loss": 0.0,
    "mae": 0.8475,
    "mse": 1.2124,
    "multiclassification_loss": 0.0,
    "ortho_loss": 0.0,
    "pearson": 0.5873,
    "regression_loss": 1.2153,
    "rm2": 0.2882,
    "rmse": 1.1011,
    "sd": 1.0673,
    "spearman": 0.6069,
    "spectral_loss": 0.0
}
                              
Test Results: {
    "ci": 0.7011,
    "classification_loss": 0.0,
    "cluster_loss": 0.0,
    "mae": 0.8496,
    "mse": 1.2071,
    "multiclassification_loss": 0.0,
    "ortho_loss": 0.0,
    "pearson": 0.5566,
    "regression_loss": 1.2067,
    "rm2": 0.2708,
    "rmse": 1.0987,
    "sd": 1.0763,
    "spearman": 0.5627,
    "spectral_loss": 0.0
}
                              
                              
----------------------------------------
Epoch 006 with LR 0.000297: Model Results
----------------------------------------
Train MSE Loss: 0.9951, Train CLS Loss: 0.0000, Train MCLS Loss: 0.0000
Protein Cluster Region Loss - Ortho Loss: 0.0000, Cluster Loss: 0.0000
                              
Validation Results: {
    "ci": 0.7213,
    "classification_loss": 0.0,
    "cluster_loss": 0.0,
    "mae": 0.7972,
    "mse": 1.1034,
    "multiclassification_loss": 0.0,
    "ortho_loss": 0.0,
    "pearson": 0.6087,
    "regression_loss": 1.1054,
    "rm2": 0.3652,
    "rmse": 1.0504,
    "sd": 1.0462,
    "spearman": 0.6178,
    "spectral_loss": 0.0
}
                              
Test Results: {
    "ci": 0.7138,
    "classification_loss": 0.0,
    "cluster_loss": 0.0,
    "mae": 0.7993,
    "mse": 1.0861,
    "multiclassification_loss": 0.0,
    "ortho_loss": 0.0,
    "pearson": 0.6011,
    "regression_loss": 1.0872,
    "rm2": 0.3581,
    "rmse": 1.0422,
    "sd": 1.0354,
    "spearman": 0.5965,
    "spectral_loss": 0.0
}
                              
                              
----------------------------------------
Epoch 007 with LR 0.000296: Model Results
----------------------------------------
Train MSE Loss: 0.8713, Train CLS Loss: 0.0000, Train MCLS Loss: 0.0000
Protein Cluster Region Loss - Ortho Loss: 0.0000, Cluster Loss: 0.0000
                              
Validation Results: {
    "ci": 0.7292,
    "classification_loss": 0.0,
    "cluster_loss": 0.0,
    "mae": 0.7844,
    "mse": 1.076,
    "multiclassification_loss": 0.0,
    "ortho_loss": 0.0,
    "pearson": 0.6304,
    "regression_loss": 1.0802,
    "rm2": 0.3625,
    "rmse": 1.0373,
    "sd": 1.0236,
    "spearman": 0.6374,
    "spectral_loss": 0.0
}
                              
Test Results: {
    "ci": 0.7261,
    "classification_loss": 0.0,
    "cluster_loss": 0.0,
    "mae": 0.7775,
    "mse": 1.0302,
    "multiclassification_loss": 0.0,
    "ortho_loss": 0.0,
    "pearson": 0.6324,
    "regression_loss": 1.0327,
    "rm2": 0.3647,
    "rmse": 1.015,
    "sd": 1.0036,
    "spearman": 0.6257,
    "spectral_loss": 0.0
}
                              
                              
----------------------------------------
Epoch 008 with LR 0.000295: Model Results
----------------------------------------
Train MSE Loss: 0.8113, Train CLS Loss: 0.0000, Train MCLS Loss: 0.0000
Protein Cluster Region Loss - Ortho Loss: 0.0000, Cluster Loss: 0.0000
                              
Validation Results: {
    "ci": 0.7259,
    "classification_loss": 0.0,
    "cluster_loss": 0.0,
    "mae": 0.7996,
    "mse": 1.1083,
    "multiclassification_loss": 0.0,
    "ortho_loss": 0.0,
    "pearson": 0.6223,
    "regression_loss": 1.112,
    "rm2": 0.3349,
    "rmse": 1.0527,
    "sd": 1.0322,
    "spearman": 0.6275,
    "spectral_loss": 0.0
}
                              
Test Results: {
    "ci": 0.7261,
    "classification_loss": 0.0,
    "cluster_loss": 0.0,
    "mae": 0.7775,
    "mse": 1.0302,
    "multiclassification_loss": 0.0,
    "ortho_loss": 0.0,
    "pearson": 0.6324,
    "regression_loss": 1.0327,
    "rm2": 0.3647,
    "rmse": 1.015,
    "sd": 1.0036,
    "spearman": 0.6257,
    "spectral_loss": 0.0
}
                              
                              
----------------------------------------
Epoch 009 with LR 0.000294: Model Results
----------------------------------------
Train MSE Loss: 0.7680, Train CLS Loss: 0.0000, Train MCLS Loss: 0.0000
Protein Cluster Region Loss - Ortho Loss: 0.0000, Cluster Loss: 0.0000
                              
Validation Results: {
    "ci": 0.7218,
    "classification_loss": 0.0,
    "cluster_loss": 0.0,
    "mae": 0.8118,
    "mse": 1.2101,
    "multiclassification_loss": 0.0,
    "ortho_loss": 0.0,
    "pearson": 0.5919,
    "regression_loss": 1.2123,
    "rm2": 0.2895,
    "rmse": 1.1001,
    "sd": 1.0628,
    "spearman": 0.6172,
    "spectral_loss": 0.0
}
                              
Test Results: {
    "ci": 0.7261,
    "classification_loss": 0.0,
    "cluster_loss": 0.0,
    "mae": 0.7775,
    "mse": 1.0302,
    "multiclassification_loss": 0.0,
    "ortho_loss": 0.0,
    "pearson": 0.6324,
    "regression_loss": 1.0327,
    "rm2": 0.3647,
    "rmse": 1.015,
    "sd": 1.0036,
    "spearman": 0.6257,
    "spectral_loss": 0.0
}
                              
                              
----------------------------------------
Epoch 010 with LR 0.000293: Model Results
----------------------------------------
Train MSE Loss: 0.7458, Train CLS Loss: 0.0000, Train MCLS Loss: 0.0000
Protein Cluster Region Loss - Ortho Loss: 0.0000, Cluster Loss: 0.0000
                              
Validation Results: {
    "ci": 0.7256,
    "classification_loss": 0.0,
    "cluster_loss": 0.0,
    "mae": 0.8062,
    "mse": 1.1481,
    "multiclassification_loss": 0.0,
    "ortho_loss": 0.0,
    "pearson": 0.6124,
    "regression_loss": 1.1489,
    "rm2": 0.3672,
    "rmse": 1.0715,
    "sd": 1.0424,
    "spearman": 0.6269,
    "spectral_loss": 0.0
}
                              
Test Results: {
    "ci": 0.7261,
    "classification_loss": 0.0,
    "cluster_loss": 0.0,
    "mae": 0.7775,
    "mse": 1.0302,
    "multiclassification_loss": 0.0,
    "ortho_loss": 0.0,
    "pearson": 0.6324,
    "regression_loss": 1.0327,
    "rm2": 0.3647,
    "rmse": 1.015,
    "sd": 1.0036,
    "spearman": 0.6257,
    "spectral_loss": 0.0
}
                              
                              
----------------------------------------
Epoch 011 with LR 0.000291: Model Results
----------------------------------------
Train MSE Loss: 0.7081, Train CLS Loss: 0.0000, Train MCLS Loss: 0.0000
Protein Cluster Region Loss - Ortho Loss: 0.0000, Cluster Loss: 0.0000
                              
Validation Results: {
    "ci": 0.7272,
    "classification_loss": 0.0,
    "cluster_loss": 0.0,
    "mae": 0.7807,
    "mse": 1.0729,
    "multiclassification_loss": 0.0,
    "ortho_loss": 0.0,
    "pearson": 0.6265,
    "regression_loss": 1.0748,
    "rm2": 0.3762,
    "rmse": 1.0358,
    "sd": 1.0277,
    "spearman": 0.6281,
    "spectral_loss": 0.0
}
                              
Test Results: {
    "ci": 0.7276,
    "classification_loss": 0.0,
    "cluster_loss": 0.0,
    "mae": 0.7719,
    "mse": 1.0403,
    "multiclassification_loss": 0.0,
    "ortho_loss": 0.0,
    "pearson": 0.6275,
    "regression_loss": 1.0408,
    "rm2": 0.3723,
    "rmse": 1.02,
    "sd": 1.0087,
    "spearman": 0.6271,
    "spectral_loss": 0.0
}
                              
                              
----------------------------------------
Epoch 012 with LR 0.000290: Model Results
----------------------------------------
Train MSE Loss: 0.7007, Train CLS Loss: 0.0000, Train MCLS Loss: 0.0000
Protein Cluster Region Loss - Ortho Loss: 0.0000, Cluster Loss: 0.0000
                              
Validation Results: {
    "ci": 0.7089,
    "classification_loss": 0.0,
    "cluster_loss": 0.0,
    "mae": 0.827,
    "mse": 1.2124,
    "multiclassification_loss": 0.0,
    "ortho_loss": 0.0,
    "pearson": 0.5833,
    "regression_loss": 1.2125,
    "rm2": 0.3156,
    "rmse": 1.1011,
    "sd": 1.0711,
    "spearman": 0.5855,
    "spectral_loss": 0.0
}
                              
Test Results: {
    "ci": 0.7276,
    "classification_loss": 0.0,
    "cluster_loss": 0.0,
    "mae": 0.7719,
    "mse": 1.0403,
    "multiclassification_loss": 0.0,
    "ortho_loss": 0.0,
    "pearson": 0.6275,
    "regression_loss": 1.0408,
    "rm2": 0.3723,
    "rmse": 1.02,
    "sd": 1.0087,
    "spearman": 0.6271,
    "spectral_loss": 0.0
}
                              
                              
----------------------------------------
Epoch 013 with LR 0.000288: Model Results
----------------------------------------
Train MSE Loss: 0.6693, Train CLS Loss: 0.0000, Train MCLS Loss: 0.0000
Protein Cluster Region Loss - Ortho Loss: 0.0000, Cluster Loss: 0.0000
                              
Validation Results: {
    "ci": 0.7137,
    "classification_loss": 0.0,
    "cluster_loss": 0.0,
    "mae": 0.826,
    "mse": 1.2067,
    "multiclassification_loss": 0.0,
    "ortho_loss": 0.0,
    "pearson": 0.5942,
    "regression_loss": 1.2083,
    "rm2": 0.2961,
    "rmse": 1.0985,
    "sd": 1.0606,
    "spearman": 0.5937,
    "spectral_loss": 0.0
}
                              
Test Results: {
    "ci": 0.7276,
    "classification_loss": 0.0,
    "cluster_loss": 0.0,
    "mae": 0.7719,
    "mse": 1.0403,
    "multiclassification_loss": 0.0,
    "ortho_loss": 0.0,
    "pearson": 0.6275,
    "regression_loss": 1.0408,
    "rm2": 0.3723,
    "rmse": 1.02,
    "sd": 1.0087,
    "spearman": 0.6271,
    "spectral_loss": 0.0
}
                              
                              
----------------------------------------
Epoch 014 with LR 0.000286: Model Results
----------------------------------------
Train MSE Loss: 0.6536, Train CLS Loss: 0.0000, Train MCLS Loss: 0.0000
Protein Cluster Region Loss - Ortho Loss: 0.0000, Cluster Loss: 0.0000
                              
Validation Results: {
    "ci": 0.7321,
    "classification_loss": 0.0,
    "cluster_loss": 0.0,
    "mae": 0.7833,
    "mse": 1.0845,
    "multiclassification_loss": 0.0,
    "ortho_loss": 0.0,
    "pearson": 0.6366,
    "regression_loss": 1.0873,
    "rm2": 0.346,
    "rmse": 1.0414,
    "sd": 1.0169,
    "spearman": 0.6387,
    "spectral_loss": 0.0
}
                              
Test Results: {
    "ci": 0.7276,
    "classification_loss": 0.0,
    "cluster_loss": 0.0,
    "mae": 0.7719,
    "mse": 1.0403,
    "multiclassification_loss": 0.0,
    "ortho_loss": 0.0,
    "pearson": 0.6275,
    "regression_loss": 1.0408,
    "rm2": 0.3723,
    "rmse": 1.02,
    "sd": 1.0087,
    "spearman": 0.6271,
    "spectral_loss": 0.0
}
                              
                              
----------------------------------------
Epoch 015 with LR 0.000284: Model Results
----------------------------------------
Train MSE Loss: 0.6484, Train CLS Loss: 0.0000, Train MCLS Loss: 0.0000
Protein Cluster Region Loss - Ortho Loss: 0.0000, Cluster Loss: 0.0000
                              
Validation Results: {
    "ci": 0.731,
    "classification_loss": 0.0,
    "cluster_loss": 0.0,
    "mae": 0.7729,
    "mse": 1.0684,
    "multiclassification_loss": 0.0,
    "ortho_loss": 0.0,
    "pearson": 0.6384,
    "regression_loss": 1.0701,
    "rm2": 0.3776,
    "rmse": 1.0336,
    "sd": 1.0149,
    "spearman": 0.6348,
    "spectral_loss": 0.0
}
                              
Test Results: {
    "ci": 0.7277,
    "classification_loss": 0.0,
    "cluster_loss": 0.0,
    "mae": 0.7663,
    "mse": 1.0505,
    "multiclassification_loss": 0.0,
    "ortho_loss": 0.0,
    "pearson": 0.631,
    "regression_loss": 1.0522,
    "rm2": 0.376,
    "rmse": 1.0249,
    "sd": 1.005,
    "spearman": 0.6238,
    "spectral_loss": 0.0
}
                              
                              
----------------------------------------
Epoch 016 with LR 0.000282: Model Results
----------------------------------------
Train MSE Loss: 0.6294, Train CLS Loss: 0.0000, Train MCLS Loss: 0.0000
Protein Cluster Region Loss - Ortho Loss: 0.0000, Cluster Loss: 0.0000
                              
Validation Results: {
    "ci": 0.7263,
    "classification_loss": 0.0,
    "cluster_loss": 0.0,
    "mae": 0.7865,
    "mse": 1.1051,
    "multiclassification_loss": 0.0,
    "ortho_loss": 0.0,
    "pearson": 0.6285,
    "regression_loss": 1.1059,
    "rm2": 0.377,
    "rmse": 1.0512,
    "sd": 1.0257,
    "spearman": 0.6257,
    "spectral_loss": 0.0
}
                              
Test Results: {
    "ci": 0.7277,
    "classification_loss": 0.0,
    "cluster_loss": 0.0,
    "mae": 0.7663,
    "mse": 1.0505,
    "multiclassification_loss": 0.0,
    "ortho_loss": 0.0,
    "pearson": 0.631,
    "regression_loss": 1.0522,
    "rm2": 0.376,
    "rmse": 1.0249,
    "sd": 1.005,
    "spearman": 0.6238,
    "spectral_loss": 0.0
}
                              
                              
----------------------------------------
Epoch 017 with LR 0.000279: Model Results
----------------------------------------
Train MSE Loss: 0.6107, Train CLS Loss: 0.0000, Train MCLS Loss: 0.0000
Protein Cluster Region Loss - Ortho Loss: 0.0000, Cluster Loss: 0.0000
                              
Validation Results: {
    "ci": 0.7239,
    "classification_loss": 0.0,
    "cluster_loss": 0.0,
    "mae": 0.86,
    "mse": 1.2886,
    "multiclassification_loss": 0.0,
    "ortho_loss": 0.0,
    "pearson": 0.6218,
    "regression_loss": 1.2918,
    "rm2": 0.2823,
    "rmse": 1.1352,
    "sd": 1.0327,
    "spearman": 0.6172,
    "spectral_loss": 0.0
}
                              
Test Results: {
    "ci": 0.7277,
    "classification_loss": 0.0,
    "cluster_loss": 0.0,
    "mae": 0.7663,
    "mse": 1.0505,
    "multiclassification_loss": 0.0,
    "ortho_loss": 0.0,
    "pearson": 0.631,
    "regression_loss": 1.0522,
    "rm2": 0.376,
    "rmse": 1.0249,
    "sd": 1.005,
    "spearman": 0.6238,
    "spectral_loss": 0.0
}
                              
                              
----------------------------------------
Epoch 018 with LR 0.000277: Model Results
----------------------------------------
Train MSE Loss: 0.6059, Train CLS Loss: 0.0000, Train MCLS Loss: 0.0000
Protein Cluster Region Loss - Ortho Loss: 0.0000, Cluster Loss: 0.0000
                              
Validation Results: {
    "ci": 0.7168,
    "classification_loss": 0.0,
    "cluster_loss": 0.0,
    "mae": 0.798,
    "mse": 1.145,
    "multiclassification_loss": 0.0,
    "ortho_loss": 0.0,
    "pearson": 0.6064,
    "regression_loss": 1.1474,
    "rm2": 0.346,
    "rmse": 1.0701,
    "sd": 1.0486,
    "spearman": 0.6,
    "spectral_loss": 0.0
}
                              
Test Results: {
    "ci": 0.7277,
    "classification_loss": 0.0,
    "cluster_loss": 0.0,
    "mae": 0.7663,
    "mse": 1.0505,
    "multiclassification_loss": 0.0,
    "ortho_loss": 0.0,
    "pearson": 0.631,
    "regression_loss": 1.0522,
    "rm2": 0.376,
    "rmse": 1.0249,
    "sd": 1.005,
    "spearman": 0.6238,
    "spectral_loss": 0.0
}
                              
                              
----------------------------------------
Epoch 019 with LR 0.000274: Model Results
----------------------------------------
Train MSE Loss: 0.5916, Train CLS Loss: 0.0000, Train MCLS Loss: 0.0000
Protein Cluster Region Loss - Ortho Loss: 0.0000, Cluster Loss: 0.0000
                              
Validation Results: {
    "ci": 0.7335,
    "classification_loss": 0.0,
    "cluster_loss": 0.0,
    "mae": 0.7764,
    "mse": 1.0882,
    "multiclassification_loss": 0.0,
    "ortho_loss": 0.0,
    "pearson": 0.6489,
    "regression_loss": 1.0898,
    "rm2": 0.4141,
    "rmse": 1.0432,
    "sd": 1.0033,
    "spearman": 0.6412,
    "spectral_loss": 0.0
}
                              
Test Results: {
    "ci": 0.7277,
    "classification_loss": 0.0,
    "cluster_loss": 0.0,
    "mae": 0.7663,
    "mse": 1.0505,
    "multiclassification_loss": 0.0,
    "ortho_loss": 0.0,
    "pearson": 0.631,
    "regression_loss": 1.0522,
    "rm2": 0.376,
    "rmse": 1.0249,
    "sd": 1.005,
    "spearman": 0.6238,
    "spectral_loss": 0.0
}
                              
                              
----------------------------------------
Epoch 020 with LR 0.000271: Model Results
----------------------------------------
Train MSE Loss: 0.5707, Train CLS Loss: 0.0000, Train MCLS Loss: 0.0000
Protein Cluster Region Loss - Ortho Loss: 0.0000, Cluster Loss: 0.0000
                              
Validation Results: {
    "ci": 0.7339,
    "classification_loss": 0.0,
    "cluster_loss": 0.0,
    "mae": 0.7628,
    "mse": 1.0466,
    "multiclassification_loss": 0.0,
    "ortho_loss": 0.0,
    "pearson": 0.6509,
    "regression_loss": 1.0474,
    "rm2": 0.4125,
    "rmse": 1.023,
    "sd": 1.0011,
    "spearman": 0.6423,
    "spectral_loss": 0.0
}
                              
Test Results: {
    "ci": 0.7326,
    "classification_loss": 0.0,
    "cluster_loss": 0.0,
    "mae": 0.7579,
    "mse": 1.0291,
    "multiclassification_loss": 0.0,
    "ortho_loss": 0.0,
    "pearson": 0.6411,
    "regression_loss": 1.0298,
    "rm2": 0.4045,
    "rmse": 1.0144,
    "sd": 0.9943,
    "spearman": 0.6365,
    "spectral_loss": 0.0
}
                              
                              
----------------------------------------
Epoch 021 with LR 0.000269: Model Results
----------------------------------------
Train MSE Loss: 0.5782, Train CLS Loss: 0.0000, Train MCLS Loss: 0.0000
Protein Cluster Region Loss - Ortho Loss: 0.0000, Cluster Loss: 0.0000
                              
Validation Results: {
    "ci": 0.727,
    "classification_loss": 0.0,
    "cluster_loss": 0.0,
    "mae": 0.7761,
    "mse": 1.076,
    "multiclassification_loss": 0.0,
    "ortho_loss": 0.0,
    "pearson": 0.6351,
    "regression_loss": 1.0779,
    "rm2": 0.3654,
    "rmse": 1.0373,
    "sd": 1.0186,
    "spearman": 0.6248,
    "spectral_loss": 0.0
}
                              
Test Results: {
    "ci": 0.7326,
    "classification_loss": 0.0,
    "cluster_loss": 0.0,
    "mae": 0.7579,
    "mse": 1.0291,
    "multiclassification_loss": 0.0,
    "ortho_loss": 0.0,
    "pearson": 0.6411,
    "regression_loss": 1.0298,
    "rm2": 0.4045,
    "rmse": 1.0144,
    "sd": 0.9943,
    "spearman": 0.6365,
    "spectral_loss": 0.0
}
                              
                              
----------------------------------------
Epoch 022 with LR 0.000266: Model Results
----------------------------------------
Train MSE Loss: 0.5721, Train CLS Loss: 0.0000, Train MCLS Loss: 0.0000
Protein Cluster Region Loss - Ortho Loss: 0.0000, Cluster Loss: 0.0000
                              
Validation Results: {
    "ci": 0.7353,
    "classification_loss": 0.0,
    "cluster_loss": 0.0,
    "mae": 0.7854,
    "mse": 1.1222,
    "multiclassification_loss": 0.0,
    "ortho_loss": 0.0,
    "pearson": 0.6411,
    "regression_loss": 1.1238,
    "rm2": 0.3476,
    "rmse": 1.0594,
    "sd": 1.012,
    "spearman": 0.6457,
    "spectral_loss": 0.0
}
                              
Test Results: {
    "ci": 0.7326,
    "classification_loss": 0.0,
    "cluster_loss": 0.0,
    "mae": 0.7579,
    "mse": 1.0291,
    "multiclassification_loss": 0.0,
    "ortho_loss": 0.0,
    "pearson": 0.6411,
    "regression_loss": 1.0298,
    "rm2": 0.4045,
    "rmse": 1.0144,
    "sd": 0.9943,
    "spearman": 0.6365,
    "spectral_loss": 0.0
}
                              
                              
----------------------------------------
Epoch 023 with LR 0.000263: Model Results
----------------------------------------
Train MSE Loss: 0.5675, Train CLS Loss: 0.0000, Train MCLS Loss: 0.0000
Protein Cluster Region Loss - Ortho Loss: 0.0000, Cluster Loss: 0.0000
                              
Validation Results: {
    "ci": 0.7362,
    "classification_loss": 0.0,
    "cluster_loss": 0.0,
    "mae": 0.7495,
    "mse": 1.0001,
    "multiclassification_loss": 0.0,
    "ortho_loss": 0.0,
    "pearson": 0.6573,
    "regression_loss": 1.0024,
    "rm2": 0.4165,
    "rmse": 1.0001,
    "sd": 0.9938,
    "spearman": 0.645,
    "spectral_loss": 0.0
}
                              
Test Results: {
    "ci": 0.7281,
    "classification_loss": 0.0,
    "cluster_loss": 0.0,
    "mae": 0.7602,
    "mse": 1.0298,
    "multiclassification_loss": 0.0,
    "ortho_loss": 0.0,
    "pearson": 0.6308,
    "regression_loss": 1.0309,
    "rm2": 0.3861,
    "rmse": 1.0148,
    "sd": 1.0053,
    "spearman": 0.6241,
    "spectral_loss": 0.0
}
                              
                              
----------------------------------------
Epoch 024 with LR 0.000259: Model Results
----------------------------------------
Train MSE Loss: 0.5480, Train CLS Loss: 0.0000, Train MCLS Loss: 0.0000
Protein Cluster Region Loss - Ortho Loss: 0.0000, Cluster Loss: 0.0000
                              
Validation Results: {
    "ci": 0.7322,
    "classification_loss": 0.0,
    "cluster_loss": 0.0,
    "mae": 0.7636,
    "mse": 1.0604,
    "multiclassification_loss": 0.0,
    "ortho_loss": 0.0,
    "pearson": 0.6466,
    "regression_loss": 1.0621,
    "rm2": 0.3716,
    "rmse": 1.0298,
    "sd": 1.0059,
    "spearman": 0.6352,
    "spectral_loss": 0.0
}
                              
Test Results: {
    "ci": 0.7281,
    "classification_loss": 0.0,
    "cluster_loss": 0.0,
    "mae": 0.7602,
    "mse": 1.0298,
    "multiclassification_loss": 0.0,
    "ortho_loss": 0.0,
    "pearson": 0.6308,
    "regression_loss": 1.0309,
    "rm2": 0.3861,
    "rmse": 1.0148,
    "sd": 1.0053,
    "spearman": 0.6241,
    "spectral_loss": 0.0
}
                              
                              
----------------------------------------
Epoch 025 with LR 0.000256: Model Results
----------------------------------------
Train MSE Loss: 0.5364, Train CLS Loss: 0.0000, Train MCLS Loss: 0.0000
Protein Cluster Region Loss - Ortho Loss: 0.0000, Cluster Loss: 0.0000
                              
Validation Results: {
    "ci": 0.7219,
    "classification_loss": 0.0,
    "cluster_loss": 0.0,
    "mae": 0.791,
    "mse": 1.1565,
    "multiclassification_loss": 0.0,
    "ortho_loss": 0.0,
    "pearson": 0.6168,
    "regression_loss": 1.1592,
    "rm2": 0.3465,
    "rmse": 1.0754,
    "sd": 1.0379,
    "spearman": 0.6078,
    "spectral_loss": 0.0
}
                              
Test Results: {
    "ci": 0.7281,
    "classification_loss": 0.0,
    "cluster_loss": 0.0,
    "mae": 0.7602,
    "mse": 1.0298,
    "multiclassification_loss": 0.0,
    "ortho_loss": 0.0,
    "pearson": 0.6308,
    "regression_loss": 1.0309,
    "rm2": 0.3861,
    "rmse": 1.0148,
    "sd": 1.0053,
    "spearman": 0.6241,
    "spectral_loss": 0.0
}
                              
                              
----------------------------------------
Epoch 026 with LR 0.000253: Model Results
----------------------------------------
Train MSE Loss: 0.5286, Train CLS Loss: 0.0000, Train MCLS Loss: 0.0000
Protein Cluster Region Loss - Ortho Loss: 0.0000, Cluster Loss: 0.0000
                              
Validation Results: {
    "ci": 0.7251,
    "classification_loss": 0.0,
    "cluster_loss": 0.0,
    "mae": 0.7753,
    "mse": 1.1124,
    "multiclassification_loss": 0.0,
    "ortho_loss": 0.0,
    "pearson": 0.624,
    "regression_loss": 1.1158,
    "rm2": 0.3627,
    "rmse": 1.0547,
    "sd": 1.0304,
    "spearman": 0.6169,
    "spectral_loss": 0.0
}
                              
Test Results: {
    "ci": 0.7281,
    "classification_loss": 0.0,
    "cluster_loss": 0.0,
    "mae": 0.7602,
    "mse": 1.0298,
    "multiclassification_loss": 0.0,
    "ortho_loss": 0.0,
    "pearson": 0.6308,
    "regression_loss": 1.0309,
    "rm2": 0.3861,
    "rmse": 1.0148,
    "sd": 1.0053,
    "spearman": 0.6241,
    "spectral_loss": 0.0
}
                              
                              
----------------------------------------
Epoch 027 with LR 0.000249: Model Results
----------------------------------------
Train MSE Loss: 0.5344, Train CLS Loss: 0.0000, Train MCLS Loss: 0.0000
Protein Cluster Region Loss - Ortho Loss: 0.0000, Cluster Loss: 0.0000
                              
Validation Results: {
    "ci": 0.7232,
    "classification_loss": 0.0,
    "cluster_loss": 0.0,
    "mae": 0.7717,
    "mse": 1.0953,
    "multiclassification_loss": 0.0,
    "ortho_loss": 0.0,
    "pearson": 0.6231,
    "regression_loss": 1.097,
    "rm2": 0.3731,
    "rmse": 1.0466,
    "sd": 1.0313,
    "spearman": 0.6126,
    "spectral_loss": 0.0
}
                              
Test Results: {
    "ci": 0.7281,
    "classification_loss": 0.0,
    "cluster_loss": 0.0,
    "mae": 0.7602,
    "mse": 1.0298,
    "multiclassification_loss": 0.0,
    "ortho_loss": 0.0,
    "pearson": 0.6308,
    "regression_loss": 1.0309,
    "rm2": 0.3861,
    "rmse": 1.0148,
    "sd": 1.0053,
    "spearman": 0.6241,
    "spectral_loss": 0.0
}
                              
                              
----------------------------------------
Epoch 028 with LR 0.000246: Model Results
----------------------------------------
Train MSE Loss: 0.5272, Train CLS Loss: 0.0000, Train MCLS Loss: 0.0000
Protein Cluster Region Loss - Ortho Loss: 0.0000, Cluster Loss: 0.0000
                              
Validation Results: {
    "ci": 0.7186,
    "classification_loss": 0.0,
    "cluster_loss": 0.0,
    "mae": 0.8055,
    "mse": 1.2133,
    "multiclassification_loss": 0.0,
    "ortho_loss": 0.0,
    "pearson": 0.6102,
    "regression_loss": 1.2151,
    "rm2": 0.3652,
    "rmse": 1.1015,
    "sd": 1.0446,
    "spearman": 0.5974,
    "spectral_loss": 0.0
}
                              
Test Results: {
    "ci": 0.7281,
    "classification_loss": 0.0,
    "cluster_loss": 0.0,
    "mae": 0.7602,
    "mse": 1.0298,
    "multiclassification_loss": 0.0,
    "ortho_loss": 0.0,
    "pearson": 0.6308,
    "regression_loss": 1.0309,
    "rm2": 0.3861,
    "rmse": 1.0148,
    "sd": 1.0053,
    "spearman": 0.6241,
    "spectral_loss": 0.0
}
                              
                              
----------------------------------------
Epoch 029 with LR 0.000242: Model Results
----------------------------------------
Train MSE Loss: 0.5110, Train CLS Loss: 0.0000, Train MCLS Loss: 0.0000
Protein Cluster Region Loss - Ortho Loss: 0.0000, Cluster Loss: 0.0000
                              
Validation Results: {
    "ci": 0.7207,
    "classification_loss": 0.0,
    "cluster_loss": 0.0,
    "mae": 0.7865,
    "mse": 1.1669,
    "multiclassification_loss": 0.0,
    "ortho_loss": 0.0,
    "pearson": 0.6119,
    "regression_loss": 1.1665,
    "rm2": 0.3471,
    "rmse": 1.0802,
    "sd": 1.043,
    "spearman": 0.6015,
    "spectral_loss": 0.0
}
                              
Test Results: {
    "ci": 0.7281,
    "classification_loss": 0.0,
    "cluster_loss": 0.0,
    "mae": 0.7602,
    "mse": 1.0298,
    "multiclassification_loss": 0.0,
    "ortho_loss": 0.0,
    "pearson": 0.6308,
    "regression_loss": 1.0309,
    "rm2": 0.3861,
    "rmse": 1.0148,
    "sd": 1.0053,
    "spearman": 0.6241,
    "spectral_loss": 0.0
}
                              
                              
----------------------------------------
Epoch 030 with LR 0.000238: Model Results
----------------------------------------
Train MSE Loss: 0.5083, Train CLS Loss: 0.0000, Train MCLS Loss: 0.0000
Protein Cluster Region Loss - Ortho Loss: 0.0000, Cluster Loss: 0.0000
                              
Validation Results: {
    "ci": 0.7388,
    "classification_loss": 0.0,
    "cluster_loss": 0.0,
    "mae": 0.7539,
    "mse": 1.0011,
    "multiclassification_loss": 0.0,
    "ortho_loss": 0.0,
    "pearson": 0.6668,
    "regression_loss": 1.0041,
    "rm2": 0.3899,
    "rmse": 1.0006,
    "sd": 0.9827,
    "spearman": 0.6519,
    "spectral_loss": 0.0
}
                              
Test Results: {
    "ci": 0.7281,
    "classification_loss": 0.0,
    "cluster_loss": 0.0,
    "mae": 0.7602,
    "mse": 1.0298,
    "multiclassification_loss": 0.0,
    "ortho_loss": 0.0,
    "pearson": 0.6308,
    "regression_loss": 1.0309,
    "rm2": 0.3861,
    "rmse": 1.0148,
    "sd": 1.0053,
    "spearman": 0.6241,
    "spectral_loss": 0.0
}
                              
                              
----------------------------------------
Epoch 031 with LR 0.000235: Model Results
----------------------------------------
Train MSE Loss: 0.4947, Train CLS Loss: 0.0000, Train MCLS Loss: 0.0000
Protein Cluster Region Loss - Ortho Loss: 0.0000, Cluster Loss: 0.0000
                              
Validation Results: {
    "ci": 0.736,
    "classification_loss": 0.0,
    "cluster_loss": 0.0,
    "mae": 0.7688,
    "mse": 1.0919,
    "multiclassification_loss": 0.0,
    "ortho_loss": 0.0,
    "pearson": 0.6506,
    "regression_loss": 1.0926,
    "rm2": 0.3898,
    "rmse": 1.045,
    "sd": 1.0014,
    "spearman": 0.644,
    "spectral_loss": 0.0
}
                              
Test Results: {
    "ci": 0.7281,
    "classification_loss": 0.0,
    "cluster_loss": 0.0,
    "mae": 0.7602,
    "mse": 1.0298,
    "multiclassification_loss": 0.0,
    "ortho_loss": 0.0,
    "pearson": 0.6308,
    "regression_loss": 1.0309,
    "rm2": 0.3861,
    "rmse": 1.0148,
    "sd": 1.0053,
    "spearman": 0.6241,
    "spectral_loss": 0.0
}
                              
                              
----------------------------------------
Epoch 032 with LR 0.000231: Model Results
----------------------------------------
Train MSE Loss: 0.5022, Train CLS Loss: 0.0000, Train MCLS Loss: 0.0000
Protein Cluster Region Loss - Ortho Loss: 0.0000, Cluster Loss: 0.0000
                              
Validation Results: {
    "ci": 0.7185,
    "classification_loss": 0.0,
    "cluster_loss": 0.0,
    "mae": 0.786,
    "mse": 1.119,
    "multiclassification_loss": 0.0,
    "ortho_loss": 0.0,
    "pearson": 0.6191,
    "regression_loss": 1.1228,
    "rm2": 0.3476,
    "rmse": 1.0578,
    "sd": 1.0355,
    "spearman": 0.6,
    "spectral_loss": 0.0
}
                              
Test Results: {
    "ci": 0.7281,
    "classification_loss": 0.0,
    "cluster_loss": 0.0,
    "mae": 0.7602,
    "mse": 1.0298,
    "multiclassification_loss": 0.0,
    "ortho_loss": 0.0,
    "pearson": 0.6308,
    "regression_loss": 1.0309,
    "rm2": 0.3861,
    "rmse": 1.0148,
    "sd": 1.0053,
    "spearman": 0.6241,
    "spectral_loss": 0.0
}
                              
                              
----------------------------------------
Epoch 033 with LR 0.000227: Model Results
----------------------------------------
Train MSE Loss: 0.5030, Train CLS Loss: 0.0000, Train MCLS Loss: 0.0000
Protein Cluster Region Loss - Ortho Loss: 0.0000, Cluster Loss: 0.0000
                              
Validation Results: {
    "ci": 0.7306,
    "classification_loss": 0.0,
    "cluster_loss": 0.0,
    "mae": 0.7666,
    "mse": 1.0734,
    "multiclassification_loss": 0.0,
    "ortho_loss": 0.0,
    "pearson": 0.6435,
    "regression_loss": 1.0744,
    "rm2": 0.396,
    "rmse": 1.036,
    "sd": 1.0093,
    "spearman": 0.6304,
    "spectral_loss": 0.0
}
                              
Test Results: {
    "ci": 0.7281,
    "classification_loss": 0.0,
    "cluster_loss": 0.0,
    "mae": 0.7602,
    "mse": 1.0298,
    "multiclassification_loss": 0.0,
    "ortho_loss": 0.0,
    "pearson": 0.6308,
    "regression_loss": 1.0309,
    "rm2": 0.3861,
    "rmse": 1.0148,
    "sd": 1.0053,
    "spearman": 0.6241,
    "spectral_loss": 0.0
}
                              
                              
----------------------------------------
Epoch 034 with LR 0.000223: Model Results
----------------------------------------
Train MSE Loss: 0.4864, Train CLS Loss: 0.0000, Train MCLS Loss: 0.0000
Protein Cluster Region Loss - Ortho Loss: 0.0000, Cluster Loss: 0.0000
                              
Validation Results: {
    "ci": 0.7284,
    "classification_loss": 0.0,
    "cluster_loss": 0.0,
    "mae": 0.7886,
    "mse": 1.1367,
    "multiclassification_loss": 0.0,
    "ortho_loss": 0.0,
    "pearson": 0.64,
    "regression_loss": 1.1405,
    "rm2": 0.3707,
    "rmse": 1.0662,
    "sd": 1.0132,
    "spearman": 0.6251,
    "spectral_loss": 0.0
}
                              
Test Results: {
    "ci": 0.7281,
    "classification_loss": 0.0,
    "cluster_loss": 0.0,
    "mae": 0.7602,
    "mse": 1.0298,
    "multiclassification_loss": 0.0,
    "ortho_loss": 0.0,
    "pearson": 0.6308,
    "regression_loss": 1.0309,
    "rm2": 0.3861,
    "rmse": 1.0148,
    "sd": 1.0053,
    "spearman": 0.6241,
    "spectral_loss": 0.0
}
                              
                              
----------------------------------------
Epoch 035 with LR 0.000218: Model Results
----------------------------------------
Train MSE Loss: 0.4897, Train CLS Loss: 0.0000, Train MCLS Loss: 0.0000
Protein Cluster Region Loss - Ortho Loss: 0.0000, Cluster Loss: 0.0000
                              
Validation Results: {
    "ci": 0.7263,
    "classification_loss": 0.0,
    "cluster_loss": 0.0,
    "mae": 0.7645,
    "mse": 1.0663,
    "multiclassification_loss": 0.0,
    "ortho_loss": 0.0,
    "pearson": 0.627,
    "regression_loss": 1.0684,
    "rm2": 0.3806,
    "rmse": 1.0326,
    "sd": 1.0273,
    "spearman": 0.6176,
    "spectral_loss": 0.0
}
                              
Test Results: {
    "ci": 0.7281,
    "classification_loss": 0.0,
    "cluster_loss": 0.0,
    "mae": 0.7602,
    "mse": 1.0298,
    "multiclassification_loss": 0.0,
    "ortho_loss": 0.0,
    "pearson": 0.6308,
    "regression_loss": 1.0309,
    "rm2": 0.3861,
    "rmse": 1.0148,
    "sd": 1.0053,
    "spearman": 0.6241,
    "spectral_loss": 0.0
}
                              
                              
----------------------------------------
Epoch 036 with LR 0.000214: Model Results
----------------------------------------
Train MSE Loss: 0.4721, Train CLS Loss: 0.0000, Train MCLS Loss: 0.0000
Protein Cluster Region Loss - Ortho Loss: 0.0000, Cluster Loss: 0.0000
                              
Validation Results: {
    "ci": 0.7254,
    "classification_loss": 0.0,
    "cluster_loss": 0.0,
    "mae": 0.7714,
    "mse": 1.1193,
    "multiclassification_loss": 0.0,
    "ortho_loss": 0.0,
    "pearson": 0.6261,
    "regression_loss": 1.1242,
    "rm2": 0.3748,
    "rmse": 1.058,
    "sd": 1.0282,
    "spearman": 0.6133,
    "spectral_loss": 0.0
}
                              
Test Results: {
    "ci": 0.7281,
    "classification_loss": 0.0,
    "cluster_loss": 0.0,
    "mae": 0.7602,
    "mse": 1.0298,
    "multiclassification_loss": 0.0,
    "ortho_loss": 0.0,
    "pearson": 0.6308,
    "regression_loss": 1.0309,
    "rm2": 0.3861,
    "rmse": 1.0148,
    "sd": 1.0053,
    "spearman": 0.6241,
    "spectral_loss": 0.0
}
                              
                              
----------------------------------------
Epoch 037 with LR 0.000210: Model Results
----------------------------------------
Train MSE Loss: 0.4678, Train CLS Loss: 0.0000, Train MCLS Loss: 0.0000
Protein Cluster Region Loss - Ortho Loss: 0.0000, Cluster Loss: 0.0000
                              
Validation Results: {
    "ci": 0.7372,
    "classification_loss": 0.0,
    "cluster_loss": 0.0,
    "mae": 0.7387,
    "mse": 1.0004,
    "multiclassification_loss": 0.0,
    "ortho_loss": 0.0,
    "pearson": 0.6555,
    "regression_loss": 1.0024,
    "rm2": 0.4104,
    "rmse": 1.0002,
    "sd": 0.9958,
    "spearman": 0.6493,
    "spectral_loss": 0.0
}
                              
Test Results: {
    "ci": 0.7281,
    "classification_loss": 0.0,
    "cluster_loss": 0.0,
    "mae": 0.7602,
    "mse": 1.0298,
    "multiclassification_loss": 0.0,
    "ortho_loss": 0.0,
    "pearson": 0.6308,
    "regression_loss": 1.0309,
    "rm2": 0.3861,
    "rmse": 1.0148,
    "sd": 1.0053,
    "spearman": 0.6241,
    "spectral_loss": 0.0
}
                              
                              
----------------------------------------
Epoch 038 with LR 0.000206: Model Results
----------------------------------------
Train MSE Loss: 0.4689, Train CLS Loss: 0.0000, Train MCLS Loss: 0.0000
Protein Cluster Region Loss - Ortho Loss: 0.0000, Cluster Loss: 0.0000
                              
Validation Results: {
    "ci": 0.7358,
    "classification_loss": 0.0,
    "cluster_loss": 0.0,
    "mae": 0.7654,
    "mse": 1.0621,
    "multiclassification_loss": 0.0,
    "ortho_loss": 0.0,
    "pearson": 0.6583,
    "regression_loss": 1.0647,
    "rm2": 0.4126,
    "rmse": 1.0306,
    "sd": 0.9926,
    "spearman": 0.6428,
    "spectral_loss": 0.0
}
                              
Test Results: {
    "ci": 0.7281,
    "classification_loss": 0.0,
    "cluster_loss": 0.0,
    "mae": 0.7602,
    "mse": 1.0298,
    "multiclassification_loss": 0.0,
    "ortho_loss": 0.0,
    "pearson": 0.6308,
    "regression_loss": 1.0309,
    "rm2": 0.3861,
    "rmse": 1.0148,
    "sd": 1.0053,
    "spearman": 0.6241,
    "spectral_loss": 0.0
}

Early stopping at epoch 38 (no improvement for 15 epochs)
[best epoch] epoch=23, best_rmse=1.0001, lr_at_best=2.626e-04
                              
                              
----------------------------------------
Epoch 038 with LR 0.000206: Model Results
----------------------------------------
Train MSE Loss: 0.4689, Train CLS Loss: 0.0000, Train MCLS Loss: 0.0000
Protein Cluster Region Loss - Ortho Loss: 0.0000, Cluster Loss: 0.0000
                              
Validation Results: {
    "ci": 0.7358,
    "classification_loss": 0.0,
    "cluster_loss": 0.0,
    "mae": 0.7654,
    "mse": 1.0621,
    "multiclassification_loss": 0.0,
    "ortho_loss": 0.0,
    "pearson": 0.6583,
    "regression_loss": 1.0647,
    "rm2": 0.4126,
    "rmse": 1.0306,
    "sd": 0.9926,
    "spearman": 0.6428,
    "spectral_loss": 0.0
}
                              
Test Results: {
    "ci": 0.7281,
    "classification_loss": 0.0,
    "cluster_loss": 0.0,
    "mae": 0.7602,
    "mse": 1.0298,
    "multiclassification_loss": 0.0,
    "ortho_loss": 0.0,
    "pearson": 0.6308,
    "regression_loss": 1.0309,
    "rm2": 0.3861,
    "rmse": 1.0148,
    "sd": 1.0053,
    "spearman": 0.6241,
    "spectral_loss": 0.0
}
Final test metrics: rmse=1.0150, pearson=0.6308, r2_proxy(mse)=1.0302
Done. Predictions: /sc/arion/projects/DiseaseGeneCell/Huang_lab_project/wangcDrugRepoProject/TRACE_Kin_Results_v6c_pocket_graph/EITLEM_dataset/EITLEM_km_MUTAPLM_embedding_cold_protein/test_prediction_seed2.csv; checkpoint: /sc/arion/projects/DiseaseGeneCell/Huang_lab_project/wangcDrugRepoProject/TRACE_Kin_Results_v6c_pocket_graph/EITLEM_dataset/EITLEM_km_MUTAPLM_embedding_cold_protein/save_model_seed2/model.pt

Array task 7/10: OK (EITLEM_km_MUTAPLM_embedding_cold_protein)


PS:

Read file <243012710.7.stderr> for stderr output of this job.

