Sender: LSF System <lsfadmin@lg03e10>
Subject: Job 243008020[7]: <trace_kin_v6c_perfolder_s1[1-10]> in cluster <chimera> Exited

Job <trace_kin_v6c_perfolder_s1[1-10]> was submitted from host <li04e03> by user <wangc40> in cluster <chimera> at Mon May 11 20:33:43 2026
Job was executed on host(s) <16*lg03e10>, in queue <gpu>, as user <wangc40> in cluster <chimera> at Mon May 11 20:33:44 2026
</hpc/users/wangc40> was used as the home directory.
</sc/arion/projects/DiseaseGeneCell/Huang_lab_project/wangcDrugRepoProject/TRACE-Kin> was used as the working directory.
Started at Mon May 11 20:33:44 2026
Terminated at Mon May 11 20:42:21 2026
Results reported at Mon May 11 20:42:21 2026

Your job looked like:

------------------------------------------------------------
# LSBATCH: User input
#!/bin/bash
#BSUB -J trace_kin_v6c_perfolder_s1[1-10]
#BSUB -P acc_DiseaseGeneCell
#BSUB -q gpu
#BSUB -R h100nvl
#BSUB -gpu num=1
#BSUB -n 16
#BSUB -R "rusage[mem=15000]"
#BSUB -R "span[hosts=1]"
#BSUB -W 48:00
#BSUB -o %J.%I.stdout
#BSUB -eo %J.%I.stderr
#BSUB -L /bin/bash

# =============================================================================
# TRACE-Kin v6c (Hierarchical Pocket Graph + MMCAF) PER-FOLDER — top-10 cells
# =============================================================================
# Submit with:
#     bsub < training/run_v6c_perfolder_s1.lsf
#
# v6c = Pocket Graph: MutaPLM per-residue (4096) -> Linear(512) -> GATv2 on
# contact-map graph (3 layers, 8 heads) -> dynamic pocket identification
# (top-64 residues via cross-attn) -> MMCAF at pocket level -> hierarchical
# pooling (gated pocket + global fusion) -> regression head.
# Ligand: PNA GNN + MoLFormer-XL (768-d) context.
#
# All cells use MUTAPLM embedding.
#
# For seeds 2 and 3, submit:
#     bsub < training/run_v6c_perfolder_s2.lsf
#     bsub < training/run_v6c_perfolder_s3.lsf
# =============================================================================

# --- Environment -------------------------------------------------------------
ml purge
source ~/.bashrc
module load anaconda3/2024.06
source activate test
module load cuda/12.4.0
export RAYON_NUM_THREADS=4
export PYTORCH_CUDA_ALLOC_CONF=expandable_segments:True
export PYTHONPATH="$PWD${PYTHONPATH:+:$PYTHONPATH}"

# --- Knobs (env overrides) ---------------------------------------------------
ENZYME_BASE="${ENZYME_BASE:-/sc/arion/projects/DiseaseGeneCell/Huang_lab_project/drug_discovery/output/data/enzyme_embeddings_dataset}"
RESULT_BASE="${RESULT_BASE:-/sc/arion/projects/DiseaseGeneCell/Huang_lab_project/wangcDrugRepoProject/TRACE_Kin_Results_v6c_pocket_graph}"
MOLFORMER_PATH="${MOLFORMER_PATH:-/sc/arion/projects/DiseaseGeneCell/Huang_lab_project/wangcDrugRepoProject/transformersmodels/ibm/MoLFormer-XL-both-10pct}"
CONFIG_PATH="${CONFIG_PATH:-training/config_v6c.json}"
EPOCHS="${EPOCHS:-100}"
BATCH_SIZE="${BATCH_SIZE:-32}"

(... more ...)
------------------------------------------------------------

Exited with exit code 1.

Resource usage summary:

    CPU time :                                   564.00 sec.
    Max Memory :                                 52438 MB
    Average Memory :                             41182.16 MB
    Total Requested Memory :                     240000.00 MB
    Delta Memory :                               187562.00 MB
    Max Swap :                                   -
    Max Processes :                              21
    Max Threads :                                53
    Run time :                                   517 sec.
    Turnaround time :                            518 sec.

The output (if any) follows:

==========================================
TRACE-Kin v6c (Pocket Graph + MMCAF) PER-FOLDER task 7/10
==========================================
Date:        Mon May 11 20:33:48 EDT 2026
Dataset:     /sc/arion/projects/DiseaseGeneCell/Huang_lab_project/drug_discovery/output/data/enzyme_embeddings_dataset/EITLEM_dataset/EITLEM_km_MUTAPLM_embedding_cold_protein
Result:      /sc/arion/projects/DiseaseGeneCell/Huang_lab_project/wangcDrugRepoProject/TRACE_Kin_Results_v6c_pocket_graph/EITLEM_dataset/EITLEM_km_MUTAPLM_embedding_cold_protein
Config:      training/config_v6c.json
MoLFormer:   /sc/arion/projects/DiseaseGeneCell/Huang_lab_project/wangcDrugRepoProject/transformersmodels/ibm/MoLFormer-XL-both-10pct
Pool CSVs:   (none — per-folder)
Model:       v6c Pocket Graph (GATv2 x3 + Dynamic Pocket + MMCAF + Hierarchical Pool)
Epochs:      100, batch=32, seed=1, lr=3e-4
==========================================
Python 3.12.2
Python: /sc/arion/work/wangc40/test-env/envs/test/bin/python
CUDA device: NVIDIA H100 80GB HBM3, sm_90
============================================================
TRACE-Kin training
============================================================
Datafolder:        /sc/arion/projects/DiseaseGeneCell/Huang_lab_project/drug_discovery/output/data/enzyme_embeddings_dataset/EITLEM_dataset/EITLEM_km_MUTAPLM_embedding_cold_protein
Result path:       /sc/arion/projects/DiseaseGeneCell/Huang_lab_project/wangcDrugRepoProject/TRACE_Kin_Results_v6c_pocket_graph/EITLEM_dataset/EITLEM_km_MUTAPLM_embedding_cold_protein
Config:            training/config_v6c.json
Pool train CSVs:   (none)
============================================================
[mem] before load_split_dataframes             max RSS = 0.62 GB
Loading primary train (essential cols): /sc/arion/projects/DiseaseGeneCell/Huang_lab_project/drug_discovery/output/data/enzyme_embeddings_dataset/EITLEM_dataset/EITLEM_km_MUTAPLM_embedding_cold_protein/train.parquet
Loading primary test (essential cols): /sc/arion/projects/DiseaseGeneCell/Huang_lab_project/drug_discovery/output/data/enzyme_embeddings_dataset/EITLEM_dataset/EITLEM_km_MUTAPLM_embedding_cold_protein/test.parquet
Loading primary val (essential cols): /sc/arion/projects/DiseaseGeneCell/Huang_lab_project/drug_discovery/output/data/enzyme_embeddings_dataset/EITLEM_dataset/EITLEM_km_MUTAPLM_embedding_cold_protein/val.parquet
Detected prot_evo_channels = 4096 (1-row sample)
[mem] after load_split_dataframes (lite — feature cols not loaded) max RSS = 0.99 GB
model_version: v6c, use_swa: False
Reusing protein cache: /sc/arion/projects/DiseaseGeneCell/Huang_lab_project/drug_discovery/output/data/enzyme_embeddings_dataset/EITLEM_dataset/EITLEM_km_MUTAPLM_embedding_cold_protein/protein.pt
Reusing ligand cache: /sc/arion/projects/DiseaseGeneCell/Huang_lab_project/drug_discovery/output/data/enzyme_embeddings_dataset/EITLEM_dataset/EITLEM_km_MUTAPLM_embedding_cold_protein/ligand.pt
[mem] after preprocess                         max RSS = 49.31 GB
loaders ready: train=642 test=184 val=92
[mem] after make_loaders                       max RSS = 49.31 GB
Built TraceKinV6C with 50,012,934 parameters
[AMP] enabled: dtype=torch.bfloat16
[LR schedule] schedule_lr=True, lrate=0.0003, min_lrate=1e-06, warmup_iters=0, lr_decay_iters=64200, total_iters=64200
Not in terminal, reprint now using normal build-in print function.
                              
                              
----------------------------------------
Epoch 001 with LR 0.000300: Model Results
----------------------------------------
Train MSE Loss: 1.6186, Train CLS Loss: 0.0000, Train MCLS Loss: 0.0000
Protein Cluster Region Loss - Ortho Loss: 0.0000, Cluster Loss: 0.0000
                              
Validation Results: {
    "ci": 0.7076,
    "classification_loss": 0.0,
    "cluster_loss": 0.0,
    "mae": 0.9427,
    "mse": 1.446,
    "multiclassification_loss": 0.0,
    "ortho_loss": 0.0,
    "pearson": 0.5673,
    "regression_loss": 1.4487,
    "rm2": 0.2603,
    "rmse": 1.2025,
    "sd": 1.0859,
    "spearman": 0.5862,
    "spectral_loss": 0.0
}
                              
Test Results: {
    "ci": 0.6855,
    "classification_loss": 0.0,
    "cluster_loss": 0.0,
    "mae": 0.9622,
    "mse": 1.4873,
    "multiclassification_loss": 0.0,
    "ortho_loss": 0.0,
    "pearson": 0.5209,
    "regression_loss": 1.4848,
    "rm2": 0.2332,
    "rmse": 1.2196,
    "sd": 1.1059,
    "spearman": 0.5257,
    "spectral_loss": 0.0
}
                              
                              
----------------------------------------
Epoch 002 with LR 0.000300: Model Results
----------------------------------------
Train MSE Loss: 1.2686, Train CLS Loss: 0.0000, Train MCLS Loss: 0.0000
Protein Cluster Region Loss - Ortho Loss: 0.0000, Cluster Loss: 0.0000
                              
Validation Results: {
    "ci": 0.7117,
    "classification_loss": 0.0,
    "cluster_loss": 0.0,
    "mae": 0.846,
    "mse": 1.2136,
    "multiclassification_loss": 0.0,
    "ortho_loss": 0.0,
    "pearson": 0.5811,
    "regression_loss": 1.2169,
    "rm2": 0.296,
    "rmse": 1.1017,
    "sd": 1.0731,
    "spearman": 0.5966,
    "spectral_loss": 0.0
}
                              
Test Results: {
    "ci": 0.7004,
    "classification_loss": 0.0,
    "cluster_loss": 0.0,
    "mae": 0.8571,
    "mse": 1.214,
    "multiclassification_loss": 0.0,
    "ortho_loss": 0.0,
    "pearson": 0.5618,
    "regression_loss": 1.2125,
    "rm2": 0.2829,
    "rmse": 1.1018,
    "sd": 1.0717,
    "spearman": 0.567,
    "spectral_loss": 0.0
}
                              
                              
----------------------------------------
Epoch 002 with LR 0.000300: Model Results
----------------------------------------
Train MSE Loss: 1.2686, Train CLS Loss: 0.0000, Train MCLS Loss: 0.0000
Protein Cluster Region Loss - Ortho Loss: 0.0000, Cluster Loss: 0.0000
                              
Validation Results: {
    "ci": 0.7117,
    "classification_loss": 0.0,
    "cluster_loss": 0.0,
    "mae": 0.846,
    "mse": 1.2136,
    "multiclassification_loss": 0.0,
    "ortho_loss": 0.0,
    "pearson": 0.5811,
    "regression_loss": 1.2169,
    "rm2": 0.296,
    "rmse": 1.1017,
    "sd": 1.0731,
    "spearman": 0.5966,
    "spectral_loss": 0.0
}
                              
Test Results: {
    "ci": 0.7004,
    "classification_loss": 0.0,
    "cluster_loss": 0.0,
    "mae": 0.8571,
    "mse": 1.214,
    "multiclassification_loss": 0.0,
    "ortho_loss": 0.0,
    "pearson": 0.5618,
    "regression_loss": 1.2125,
    "rm2": 0.2829,
    "rmse": 1.1018,
    "sd": 1.0717,
    "spearman": 0.567,
    "spectral_loss": 0.0
}

==========================================
Array task 7/10: FAIL (EITLEM_km_MUTAPLM_embedding_cold_protein)
No test_prediction CSV found. Check stderr.
==========================================


PS:

Read file <243008020.7.stderr> for stderr output of this job.

