Sender: LSF System <lsfadmin@lg02e07>
Subject: Job 243012710[4]: <trace_kin_v6c_perfolder_s2[1-10]> in cluster <chimera> Done

Job <trace_kin_v6c_perfolder_s2[1-10]> was submitted from host <li04e03> by user <wangc40> in cluster <chimera> at Mon May 11 21:29:31 2026
Job was executed on host(s) <16*lg02e07>, in queue <gpu>, as user <wangc40> in cluster <chimera> at Mon May 11 21:29:35 2026
</hpc/users/wangc40> was used as the home directory.
</sc/arion/projects/DiseaseGeneCell/Huang_lab_project/wangcDrugRepoProject/TRACE-Kin> was used as the working directory.
Started at Mon May 11 21:29:35 2026
Terminated at Mon May 11 22:53:25 2026
Results reported at Mon May 11 22:53:25 2026

Your job looked like:

------------------------------------------------------------
# LSBATCH: User input
#!/bin/bash
#BSUB -J trace_kin_v6c_perfolder_s2[1-10]
#BSUB -P acc_DiseaseGeneCell
#BSUB -q gpu
#BSUB -R h100nvl
#BSUB -gpu num=1
#BSUB -n 16
#BSUB -R "rusage[mem=15000]"
#BSUB -R "span[hosts=1]"
#BSUB -W 48:00
#BSUB -o %J.%I.stdout
#BSUB -eo %J.%I.stderr
#BSUB -L /bin/bash

# =============================================================================
# TRACE-Kin v6c PER-FOLDER — seed 2
# =============================================================================

# --- Environment -------------------------------------------------------------
ml purge
source ~/.bashrc
module load anaconda3/2024.06
source activate test
module load cuda/12.4.0
export RAYON_NUM_THREADS=4
export PYTORCH_CUDA_ALLOC_CONF=expandable_segments:True
export PYTHONPATH="$PWD${PYTHONPATH:+:$PYTHONPATH}"

# --- Knobs (env overrides) ---------------------------------------------------
ENZYME_BASE="${ENZYME_BASE:-/sc/arion/projects/DiseaseGeneCell/Huang_lab_project/drug_discovery/output/data/enzyme_embeddings_dataset}"
RESULT_BASE="${RESULT_BASE:-/sc/arion/projects/DiseaseGeneCell/Huang_lab_project/wangcDrugRepoProject/TRACE_Kin_Results_v6c_pocket_graph}"
MOLFORMER_PATH="${MOLFORMER_PATH:-/sc/arion/projects/DiseaseGeneCell/Huang_lab_project/wangcDrugRepoProject/transformersmodels/ibm/MoLFormer-XL-both-10pct}"
CONFIG_PATH="${CONFIG_PATH:-training/config_v6c.json}"
EPOCHS="${EPOCHS:-100}"
BATCH_SIZE="${BATCH_SIZE:-32}"
SEED=2
LRATE="${LRATE:-3e-4}"

# --- Per-array-index table (10 cells, MUTAPLM embedding) ---------------------
JOBS=(
    "EITLEM_dataset|EITLEM_kkm_MUTAPLM_embedding_cold_drug|"
    "catpred_dataset|catpred_kcat_MUTAPLM_embedding_random|"
    "inhouse_dataset|inhouse_Kd_MUTAPLM_embedding_random|"
    "EITLEM_dataset|EITLEM_kkm_MUTAPLM_embedding_random|"
    "EITLEM_dataset|EITLEM_kcat_MUTAPLM_embedding_cold_drug|"
    "MPEK_dataset|MPEK_kcat_MUTAPLM_embedding_cold_protein|"
    "EITLEM_dataset|EITLEM_km_MUTAPLM_embedding_cold_protein|"
    "catpred_dataset|catpred_ki_MUTAPLM_embedding_cold_protein|"
    "EITLEM_dataset|EITLEM_kkm_MUTAPLM_embedding_cold_protein|"
    "EITLEM_dataset|EITLEM_kcat_MUTAPLM_embedding_cold_protein|"

(... more ...)
------------------------------------------------------------

Successfully completed.

Resource usage summary:

    CPU time :                                   5641.00 sec.
    Max Memory :                                 25181 MB
    Average Memory :                             24462.41 MB
    Total Requested Memory :                     240000.00 MB
    Delta Memory :                               214819.00 MB
    Max Swap :                                   -
    Max Processes :                              21
    Max Threads :                                53
    Run time :                                   5029 sec.
    Turnaround time :                            5034 sec.

The output (if any) follows:

==========================================
TRACE-Kin v6c PER-FOLDER task 4/10 (seed=2)
==========================================
Date:        Mon May 11 21:29:38 EDT 2026
Dataset:     /sc/arion/projects/DiseaseGeneCell/Huang_lab_project/drug_discovery/output/data/enzyme_embeddings_dataset/EITLEM_dataset/EITLEM_kkm_MUTAPLM_embedding_random
Result:      /sc/arion/projects/DiseaseGeneCell/Huang_lab_project/wangcDrugRepoProject/TRACE_Kin_Results_v6c_pocket_graph/EITLEM_dataset/EITLEM_kkm_MUTAPLM_embedding_random
Config:      training/config_v6c.json
Epochs:      100, batch=32, seed=2, lr=3e-4
==========================================
Python 3.12.2
CUDA device: NVIDIA H100 80GB HBM3, sm_90
============================================================
TRACE-Kin training
============================================================
Datafolder:        /sc/arion/projects/DiseaseGeneCell/Huang_lab_project/drug_discovery/output/data/enzyme_embeddings_dataset/EITLEM_dataset/EITLEM_kkm_MUTAPLM_embedding_random
Result path:       /sc/arion/projects/DiseaseGeneCell/Huang_lab_project/wangcDrugRepoProject/TRACE_Kin_Results_v6c_pocket_graph/EITLEM_dataset/EITLEM_kkm_MUTAPLM_embedding_random
Config:            training/config_v6c.json
Pool train CSVs:   (none)
============================================================
[mem] before load_split_dataframes             max RSS = 0.62 GB
Loading primary train (essential cols): /sc/arion/projects/DiseaseGeneCell/Huang_lab_project/drug_discovery/output/data/enzyme_embeddings_dataset/EITLEM_dataset/EITLEM_kkm_MUTAPLM_embedding_random/train.parquet
Loading primary test (essential cols): /sc/arion/projects/DiseaseGeneCell/Huang_lab_project/drug_discovery/output/data/enzyme_embeddings_dataset/EITLEM_dataset/EITLEM_kkm_MUTAPLM_embedding_random/test.parquet
Loading primary val (essential cols): /sc/arion/projects/DiseaseGeneCell/Huang_lab_project/drug_discovery/output/data/enzyme_embeddings_dataset/EITLEM_dataset/EITLEM_kkm_MUTAPLM_embedding_random/val.parquet
Detected prot_evo_channels = 4096 (1-row sample)
[mem] after load_split_dataframes (lite — feature cols not loaded) max RSS = 0.84 GB
model_version: v6c, use_swa: False
Reusing protein cache: /sc/arion/projects/DiseaseGeneCell/Huang_lab_project/drug_discovery/output/data/enzyme_embeddings_dataset/EITLEM_dataset/EITLEM_kkm_MUTAPLM_embedding_random/protein.pt
Reusing ligand cache: /sc/arion/projects/DiseaseGeneCell/Huang_lab_project/drug_discovery/output/data/enzyme_embeddings_dataset/EITLEM_dataset/EITLEM_kkm_MUTAPLM_embedding_random/ligand.pt
[mem] after preprocess                         max RSS = 23.00 GB
loaders ready: train=343 test=43 val=43
[mem] after make_loaders                       max RSS = 23.00 GB
Built TraceKinV6C with 50,012,934 parameters
[AMP] enabled: dtype=torch.bfloat16
[LR schedule] schedule_lr=True, lrate=0.0003, min_lrate=1e-06, warmup_iters=0, lr_decay_iters=34300, total_iters=34300
Not in terminal, reprint now using normal build-in print function.
                              
                              
----------------------------------------
Epoch 001 with LR 0.000300: Model Results
----------------------------------------
Train MSE Loss: 4.0416, Train CLS Loss: 0.0000, Train MCLS Loss: 0.0000
Protein Cluster Region Loss - Ortho Loss: 0.0000, Cluster Loss: 0.0000
                              
Validation Results: {
    "ci": 0.5762,
    "classification_loss": 0.0,
    "cluster_loss": 0.0,
    "mae": 1.4706,
    "mse": 3.3239,
    "multiclassification_loss": 0.0,
    "ortho_loss": 0.0,
    "pearson": 0.2351,
    "regression_loss": 3.3248,
    "rm2": 0.0525,
    "rmse": 1.8231,
    "sd": 1.7556,
    "spearman": 0.2269,
    "spectral_loss": 0.0
}
                              
Test Results: {
    "ci": 0.563,
    "classification_loss": 0.0,
    "cluster_loss": 0.0,
    "mae": 1.4887,
    "mse": 3.5163,
    "multiclassification_loss": 0.0,
    "ortho_loss": 0.0,
    "pearson": 0.1993,
    "regression_loss": 3.5154,
    "rm2": 0.0381,
    "rmse": 1.8752,
    "sd": 1.8185,
    "spearman": 0.1864,
    "spectral_loss": 0.0
}
                              
                              
----------------------------------------
Epoch 002 with LR 0.000300: Model Results
----------------------------------------
Train MSE Loss: 3.3329, Train CLS Loss: 0.0000, Train MCLS Loss: 0.0000
Protein Cluster Region Loss - Ortho Loss: 0.0000, Cluster Loss: 0.0000
                              
Validation Results: {
    "ci": 0.5995,
    "classification_loss": 0.0,
    "cluster_loss": 0.0,
    "mae": 1.5035,
    "mse": 3.8071,
    "multiclassification_loss": 0.0,
    "ortho_loss": 0.0,
    "pearson": 0.2864,
    "regression_loss": 3.804,
    "rm2": 0.0775,
    "rmse": 1.9512,
    "sd": 1.7306,
    "spearman": 0.2921,
    "spectral_loss": 0.0
}
                              
Test Results: {
    "ci": 0.563,
    "classification_loss": 0.0,
    "cluster_loss": 0.0,
    "mae": 1.4887,
    "mse": 3.5163,
    "multiclassification_loss": 0.0,
    "ortho_loss": 0.0,
    "pearson": 0.1993,
    "regression_loss": 3.5154,
    "rm2": 0.0381,
    "rmse": 1.8752,
    "sd": 1.8185,
    "spearman": 0.1864,
    "spectral_loss": 0.0
}
                              
                              
----------------------------------------
Epoch 003 with LR 0.000299: Model Results
----------------------------------------
Train MSE Loss: 3.0612, Train CLS Loss: 0.0000, Train MCLS Loss: 0.0000
Protein Cluster Region Loss - Ortho Loss: 0.0000, Cluster Loss: 0.0000
                              
Validation Results: {
    "ci": 0.6035,
    "classification_loss": 0.0,
    "cluster_loss": 0.0,
    "mae": 1.4118,
    "mse": 3.3435,
    "multiclassification_loss": 0.0,
    "ortho_loss": 0.0,
    "pearson": 0.2916,
    "regression_loss": 3.3406,
    "rm2": 0.0812,
    "rmse": 1.8285,
    "sd": 1.7277,
    "spearman": 0.3025,
    "spectral_loss": 0.0
}
                              
Test Results: {
    "ci": 0.563,
    "classification_loss": 0.0,
    "cluster_loss": 0.0,
    "mae": 1.4887,
    "mse": 3.5163,
    "multiclassification_loss": 0.0,
    "ortho_loss": 0.0,
    "pearson": 0.1993,
    "regression_loss": 3.5154,
    "rm2": 0.0381,
    "rmse": 1.8752,
    "sd": 1.8185,
    "spearman": 0.1864,
    "spectral_loss": 0.0
}
                              
                              
----------------------------------------
Epoch 004 with LR 0.000299: Model Results
----------------------------------------
Train MSE Loss: 2.9536, Train CLS Loss: 0.0000, Train MCLS Loss: 0.0000
Protein Cluster Region Loss - Ortho Loss: 0.0000, Cluster Loss: 0.0000
                              
Validation Results: {
    "ci": 0.6021,
    "classification_loss": 0.0,
    "cluster_loss": 0.0,
    "mae": 1.3713,
    "mse": 2.9986,
    "multiclassification_loss": 0.0,
    "ortho_loss": 0.0,
    "pearson": 0.2865,
    "regression_loss": 2.997,
    "rm2": 0.0807,
    "rmse": 1.7316,
    "sd": 1.7306,
    "spearman": 0.2979,
    "spectral_loss": 0.0
}
                              
Test Results: {
    "ci": 0.5987,
    "classification_loss": 0.0,
    "cluster_loss": 0.0,
    "mae": 1.3827,
    "mse": 3.1382,
    "multiclassification_loss": 0.0,
    "ortho_loss": 0.0,
    "pearson": 0.3054,
    "regression_loss": 3.1376,
    "rm2": 0.0904,
    "rmse": 1.7715,
    "sd": 1.7671,
    "spearman": 0.2915,
    "spectral_loss": 0.0
}
                              
                              
----------------------------------------
Epoch 005 with LR 0.000298: Model Results
----------------------------------------
Train MSE Loss: 3.2661, Train CLS Loss: 0.0000, Train MCLS Loss: 0.0000
Protein Cluster Region Loss - Ortho Loss: 0.0000, Cluster Loss: 0.0000
                              
Validation Results: {
    "ci": 0.6097,
    "classification_loss": 0.0,
    "cluster_loss": 0.0,
    "mae": 1.3523,
    "mse": 2.937,
    "multiclassification_loss": 0.0,
    "ortho_loss": 0.0,
    "pearson": 0.3182,
    "regression_loss": 2.9361,
    "rm2": 0.0992,
    "rmse": 1.7138,
    "sd": 1.7124,
    "spearman": 0.3202,
    "spectral_loss": 0.0
}
                              
Test Results: {
    "ci": 0.6034,
    "classification_loss": 0.0,
    "cluster_loss": 0.0,
    "mae": 1.3752,
    "mse": 3.0938,
    "multiclassification_loss": 0.0,
    "ortho_loss": 0.0,
    "pearson": 0.3189,
    "regression_loss": 3.0929,
    "rm2": 0.1005,
    "rmse": 1.7589,
    "sd": 1.7589,
    "spearman": 0.3037,
    "spectral_loss": 0.0
}
                              
                              
----------------------------------------
Epoch 006 with LR 0.000297: Model Results
----------------------------------------
Train MSE Loss: 2.7662, Train CLS Loss: 0.0000, Train MCLS Loss: 0.0000
Protein Cluster Region Loss - Ortho Loss: 0.0000, Cluster Loss: 0.0000
                              
Validation Results: {
    "ci": 0.649,
    "classification_loss": 0.0,
    "cluster_loss": 0.0,
    "mae": 1.3544,
    "mse": 2.879,
    "multiclassification_loss": 0.0,
    "ortho_loss": 0.0,
    "pearson": 0.4265,
    "regression_loss": 2.8779,
    "rm2": 0.1612,
    "rmse": 1.6968,
    "sd": 1.6337,
    "spearman": 0.4297,
    "spectral_loss": 0.0
}
                              
Test Results: {
    "ci": 0.6411,
    "classification_loss": 0.0,
    "cluster_loss": 0.0,
    "mae": 1.3807,
    "mse": 3.0589,
    "multiclassification_loss": 0.0,
    "ortho_loss": 0.0,
    "pearson": 0.4073,
    "regression_loss": 3.0593,
    "rm2": 0.1479,
    "rmse": 1.749,
    "sd": 1.6949,
    "spearman": 0.4141,
    "spectral_loss": 0.0
}
                              
                              
----------------------------------------
Epoch 007 with LR 0.000296: Model Results
----------------------------------------
Train MSE Loss: 2.6596, Train CLS Loss: 0.0000, Train MCLS Loss: 0.0000
Protein Cluster Region Loss - Ortho Loss: 0.0000, Cluster Loss: 0.0000
                              
Validation Results: {
    "ci": 0.648,
    "classification_loss": 0.0,
    "cluster_loss": 0.0,
    "mae": 1.258,
    "mse": 2.708,
    "multiclassification_loss": 0.0,
    "ortho_loss": 0.0,
    "pearson": 0.4229,
    "regression_loss": 2.7067,
    "rm2": 0.1758,
    "rmse": 1.6456,
    "sd": 1.6368,
    "spearman": 0.4274,
    "spectral_loss": 0.0
}
                              
Test Results: {
    "ci": 0.6451,
    "classification_loss": 0.0,
    "cluster_loss": 0.0,
    "mae": 1.3035,
    "mse": 2.8622,
    "multiclassification_loss": 0.0,
    "ortho_loss": 0.0,
    "pearson": 0.4196,
    "regression_loss": 2.8621,
    "rm2": 0.1736,
    "rmse": 1.6918,
    "sd": 1.6845,
    "spearman": 0.4236,
    "spectral_loss": 0.0
}
                              
                              
----------------------------------------
Epoch 008 with LR 0.000295: Model Results
----------------------------------------
Train MSE Loss: 2.3701, Train CLS Loss: 0.0000, Train MCLS Loss: 0.0000
Protein Cluster Region Loss - Ortho Loss: 0.0000, Cluster Loss: 0.0000
                              
Validation Results: {
    "ci": 0.6827,
    "classification_loss": 0.0,
    "cluster_loss": 0.0,
    "mae": 1.2043,
    "mse": 2.4758,
    "multiclassification_loss": 0.0,
    "ortho_loss": 0.0,
    "pearson": 0.5202,
    "regression_loss": 2.4729,
    "rm2": 0.2463,
    "rmse": 1.5735,
    "sd": 1.5427,
    "spearman": 0.5167,
    "spectral_loss": 0.0
}
                              
Test Results: {
    "ci": 0.6785,
    "classification_loss": 0.0,
    "cluster_loss": 0.0,
    "mae": 1.2641,
    "mse": 2.6521,
    "multiclassification_loss": 0.0,
    "ortho_loss": 0.0,
    "pearson": 0.5114,
    "regression_loss": 2.6516,
    "rm2": 0.2365,
    "rmse": 1.6285,
    "sd": 1.5947,
    "spearman": 0.5107,
    "spectral_loss": 0.0
}
                              
                              
----------------------------------------
Epoch 009 with LR 0.000294: Model Results
----------------------------------------
Train MSE Loss: 2.1447, Train CLS Loss: 0.0000, Train MCLS Loss: 0.0000
Protein Cluster Region Loss - Ortho Loss: 0.0000, Cluster Loss: 0.0000
                              
Validation Results: {
    "ci": 0.6963,
    "classification_loss": 0.0,
    "cluster_loss": 0.0,
    "mae": 1.1774,
    "mse": 2.3962,
    "multiclassification_loss": 0.0,
    "ortho_loss": 0.0,
    "pearson": 0.56,
    "regression_loss": 2.3942,
    "rm2": 0.2802,
    "rmse": 1.548,
    "sd": 1.4964,
    "spearman": 0.5519,
    "spectral_loss": 0.0
}
                              
Test Results: {
    "ci": 0.6944,
    "classification_loss": 0.0,
    "cluster_loss": 0.0,
    "mae": 1.2235,
    "mse": 2.5565,
    "multiclassification_loss": 0.0,
    "ortho_loss": 0.0,
    "pearson": 0.5554,
    "regression_loss": 2.5564,
    "rm2": 0.2741,
    "rmse": 1.5989,
    "sd": 1.5433,
    "spearman": 0.5501,
    "spectral_loss": 0.0
}
                              
                              
----------------------------------------
Epoch 010 with LR 0.000293: Model Results
----------------------------------------
Train MSE Loss: 2.0214, Train CLS Loss: 0.0000, Train MCLS Loss: 0.0000
Protein Cluster Region Loss - Ortho Loss: 0.0000, Cluster Loss: 0.0000
                              
Validation Results: {
    "ci": 0.6973,
    "classification_loss": 0.0,
    "cluster_loss": 0.0,
    "mae": 1.2327,
    "mse": 2.6662,
    "multiclassification_loss": 0.0,
    "ortho_loss": 0.0,
    "pearson": 0.5425,
    "regression_loss": 2.6638,
    "rm2": 0.2928,
    "rmse": 1.6329,
    "sd": 1.5173,
    "spearman": 0.5527,
    "spectral_loss": 0.0
}
                              
Test Results: {
    "ci": 0.6944,
    "classification_loss": 0.0,
    "cluster_loss": 0.0,
    "mae": 1.2235,
    "mse": 2.5565,
    "multiclassification_loss": 0.0,
    "ortho_loss": 0.0,
    "pearson": 0.5554,
    "regression_loss": 2.5564,
    "rm2": 0.2741,
    "rmse": 1.5989,
    "sd": 1.5433,
    "spearman": 0.5501,
    "spectral_loss": 0.0
}
                              
                              
----------------------------------------
Epoch 011 with LR 0.000291: Model Results
----------------------------------------
Train MSE Loss: 1.8312, Train CLS Loss: 0.0000, Train MCLS Loss: 0.0000
Protein Cluster Region Loss - Ortho Loss: 0.0000, Cluster Loss: 0.0000
                              
Validation Results: {
    "ci": 0.7028,
    "classification_loss": 0.0,
    "cluster_loss": 0.0,
    "mae": 1.2207,
    "mse": 2.6869,
    "multiclassification_loss": 0.0,
    "ortho_loss": 0.0,
    "pearson": 0.5672,
    "regression_loss": 2.6853,
    "rm2": 0.2897,
    "rmse": 1.6392,
    "sd": 1.4876,
    "spearman": 0.5626,
    "spectral_loss": 0.0
}
                              
Test Results: {
    "ci": 0.6944,
    "classification_loss": 0.0,
    "cluster_loss": 0.0,
    "mae": 1.2235,
    "mse": 2.5565,
    "multiclassification_loss": 0.0,
    "ortho_loss": 0.0,
    "pearson": 0.5554,
    "regression_loss": 2.5564,
    "rm2": 0.2741,
    "rmse": 1.5989,
    "sd": 1.5433,
    "spearman": 0.5501,
    "spectral_loss": 0.0
}
                              
                              
----------------------------------------
Epoch 012 with LR 0.000290: Model Results
----------------------------------------
Train MSE Loss: 1.7569, Train CLS Loss: 0.0000, Train MCLS Loss: 0.0000
Protein Cluster Region Loss - Ortho Loss: 0.0000, Cluster Loss: 0.0000
                              
Validation Results: {
    "ci": 0.6994,
    "classification_loss": 0.0,
    "cluster_loss": 0.0,
    "mae": 1.1589,
    "mse": 2.4315,
    "multiclassification_loss": 0.0,
    "ortho_loss": 0.0,
    "pearson": 0.5536,
    "regression_loss": 2.43,
    "rm2": 0.2769,
    "rmse": 1.5593,
    "sd": 1.5042,
    "spearman": 0.5556,
    "spectral_loss": 0.0
}
                              
Test Results: {
    "ci": 0.6944,
    "classification_loss": 0.0,
    "cluster_loss": 0.0,
    "mae": 1.2235,
    "mse": 2.5565,
    "multiclassification_loss": 0.0,
    "ortho_loss": 0.0,
    "pearson": 0.5554,
    "regression_loss": 2.5564,
    "rm2": 0.2741,
    "rmse": 1.5989,
    "sd": 1.5433,
    "spearman": 0.5501,
    "spectral_loss": 0.0
}
                              
                              
----------------------------------------
Epoch 013 with LR 0.000288: Model Results
----------------------------------------
Train MSE Loss: 1.6595, Train CLS Loss: 0.0000, Train MCLS Loss: 0.0000
Protein Cluster Region Loss - Ortho Loss: 0.0000, Cluster Loss: 0.0000
                              
Validation Results: {
    "ci": 0.7176,
    "classification_loss": 0.0,
    "cluster_loss": 0.0,
    "mae": 1.0939,
    "mse": 2.1896,
    "multiclassification_loss": 0.0,
    "ortho_loss": 0.0,
    "pearson": 0.6093,
    "regression_loss": 2.1887,
    "rm2": 0.3583,
    "rmse": 1.4797,
    "sd": 1.4323,
    "spearman": 0.6014,
    "spectral_loss": 0.0
}
                              
Test Results: {
    "ci": 0.7134,
    "classification_loss": 0.0,
    "cluster_loss": 0.0,
    "mae": 1.1262,
    "mse": 2.3474,
    "multiclassification_loss": 0.0,
    "ortho_loss": 0.0,
    "pearson": 0.5959,
    "regression_loss": 2.348,
    "rm2": 0.3469,
    "rmse": 1.5321,
    "sd": 1.4903,
    "spearman": 0.5906,
    "spectral_loss": 0.0
}
                              
                              
----------------------------------------
Epoch 014 with LR 0.000286: Model Results
----------------------------------------
Train MSE Loss: 1.6066, Train CLS Loss: 0.0000, Train MCLS Loss: 0.0000
Protein Cluster Region Loss - Ortho Loss: 0.0000, Cluster Loss: 0.0000
                              
Validation Results: {
    "ci": 0.719,
    "classification_loss": 0.0,
    "cluster_loss": 0.0,
    "mae": 1.0789,
    "mse": 2.142,
    "multiclassification_loss": 0.0,
    "ortho_loss": 0.0,
    "pearson": 0.6082,
    "regression_loss": 2.141,
    "rm2": 0.3552,
    "rmse": 1.4635,
    "sd": 1.4338,
    "spearman": 0.6036,
    "spectral_loss": 0.0
}
                              
Test Results: {
    "ci": 0.7135,
    "classification_loss": 0.0,
    "cluster_loss": 0.0,
    "mae": 1.1306,
    "mse": 2.2886,
    "multiclassification_loss": 0.0,
    "ortho_loss": 0.0,
    "pearson": 0.6015,
    "regression_loss": 2.2891,
    "rm2": 0.3438,
    "rmse": 1.5128,
    "sd": 1.4825,
    "spearman": 0.5928,
    "spectral_loss": 0.0
}
                              
                              
----------------------------------------
Epoch 015 with LR 0.000284: Model Results
----------------------------------------
Train MSE Loss: 1.5648, Train CLS Loss: 0.0000, Train MCLS Loss: 0.0000
Protein Cluster Region Loss - Ortho Loss: 0.0000, Cluster Loss: 0.0000
                              
Validation Results: {
    "ci": 0.7246,
    "classification_loss": 0.0,
    "cluster_loss": 0.0,
    "mae": 1.0701,
    "mse": 2.0778,
    "multiclassification_loss": 0.0,
    "ortho_loss": 0.0,
    "pearson": 0.621,
    "regression_loss": 2.078,
    "rm2": 0.3712,
    "rmse": 1.4414,
    "sd": 1.4158,
    "spearman": 0.6207,
    "spectral_loss": 0.0
}
                              
Test Results: {
    "ci": 0.7219,
    "classification_loss": 0.0,
    "cluster_loss": 0.0,
    "mae": 1.0952,
    "mse": 2.1691,
    "multiclassification_loss": 0.0,
    "ortho_loss": 0.0,
    "pearson": 0.6229,
    "regression_loss": 2.1694,
    "rm2": 0.378,
    "rmse": 1.4728,
    "sd": 1.4518,
    "spearman": 0.613,
    "spectral_loss": 0.0
}
                              
                              
----------------------------------------
Epoch 016 with LR 0.000282: Model Results
----------------------------------------
Train MSE Loss: 1.5057, Train CLS Loss: 0.0000, Train MCLS Loss: 0.0000
Protein Cluster Region Loss - Ortho Loss: 0.0000, Cluster Loss: 0.0000
                              
Validation Results: {
    "ci": 0.7231,
    "classification_loss": 0.0,
    "cluster_loss": 0.0,
    "mae": 1.0608,
    "mse": 2.0415,
    "multiclassification_loss": 0.0,
    "ortho_loss": 0.0,
    "pearson": 0.6221,
    "regression_loss": 2.0408,
    "rm2": 0.3557,
    "rmse": 1.4288,
    "sd": 1.4142,
    "spearman": 0.6121,
    "spectral_loss": 0.0
}
                              
Test Results: {
    "ci": 0.7242,
    "classification_loss": 0.0,
    "cluster_loss": 0.0,
    "mae": 1.0961,
    "mse": 2.1466,
    "multiclassification_loss": 0.0,
    "ortho_loss": 0.0,
    "pearson": 0.6265,
    "regression_loss": 2.1469,
    "rm2": 0.3561,
    "rmse": 1.4651,
    "sd": 1.4463,
    "spearman": 0.6162,
    "spectral_loss": 0.0
}
                              
                              
----------------------------------------
Epoch 017 with LR 0.000279: Model Results
----------------------------------------
Train MSE Loss: 1.4708, Train CLS Loss: 0.0000, Train MCLS Loss: 0.0000
Protein Cluster Region Loss - Ortho Loss: 0.0000, Cluster Loss: 0.0000
                              
Validation Results: {
    "ci": 0.7267,
    "classification_loss": 0.0,
    "cluster_loss": 0.0,
    "mae": 1.0494,
    "mse": 2.0344,
    "multiclassification_loss": 0.0,
    "ortho_loss": 0.0,
    "pearson": 0.6261,
    "regression_loss": 2.0342,
    "rm2": 0.3697,
    "rmse": 1.4263,
    "sd": 1.4084,
    "spearman": 0.6211,
    "spectral_loss": 0.0
}
                              
Test Results: {
    "ci": 0.7233,
    "classification_loss": 0.0,
    "cluster_loss": 0.0,
    "mae": 1.0982,
    "mse": 2.178,
    "multiclassification_loss": 0.0,
    "ortho_loss": 0.0,
    "pearson": 0.6209,
    "regression_loss": 2.1782,
    "rm2": 0.3566,
    "rmse": 1.4758,
    "sd": 1.4547,
    "spearman": 0.6146,
    "spectral_loss": 0.0
}
                              
                              
----------------------------------------
Epoch 018 with LR 0.000277: Model Results
----------------------------------------
Train MSE Loss: 1.4107, Train CLS Loss: 0.0000, Train MCLS Loss: 0.0000
Protein Cluster Region Loss - Ortho Loss: 0.0000, Cluster Loss: 0.0000
                              
Validation Results: {
    "ci": 0.726,
    "classification_loss": 0.0,
    "cluster_loss": 0.0,
    "mae": 1.0752,
    "mse": 2.0906,
    "multiclassification_loss": 0.0,
    "ortho_loss": 0.0,
    "pearson": 0.6253,
    "regression_loss": 2.0907,
    "rm2": 0.3623,
    "rmse": 1.4459,
    "sd": 1.4096,
    "spearman": 0.6229,
    "spectral_loss": 0.0
}
                              
Test Results: {
    "ci": 0.7233,
    "classification_loss": 0.0,
    "cluster_loss": 0.0,
    "mae": 1.0982,
    "mse": 2.178,
    "multiclassification_loss": 0.0,
    "ortho_loss": 0.0,
    "pearson": 0.6209,
    "regression_loss": 2.1782,
    "rm2": 0.3566,
    "rmse": 1.4758,
    "sd": 1.4547,
    "spearman": 0.6146,
    "spectral_loss": 0.0
}
                              
                              
----------------------------------------
Epoch 019 with LR 0.000274: Model Results
----------------------------------------
Train MSE Loss: 1.3852, Train CLS Loss: 0.0000, Train MCLS Loss: 0.0000
Protein Cluster Region Loss - Ortho Loss: 0.0000, Cluster Loss: 0.0000
                              
Validation Results: {
    "ci": 0.7333,
    "classification_loss": 0.0,
    "cluster_loss": 0.0,
    "mae": 1.0999,
    "mse": 2.2123,
    "multiclassification_loss": 0.0,
    "ortho_loss": 0.0,
    "pearson": 0.6304,
    "regression_loss": 2.2113,
    "rm2": 0.3683,
    "rmse": 1.4874,
    "sd": 1.4022,
    "spearman": 0.6389,
    "spectral_loss": 0.0
}
                              
Test Results: {
    "ci": 0.7233,
    "classification_loss": 0.0,
    "cluster_loss": 0.0,
    "mae": 1.0982,
    "mse": 2.178,
    "multiclassification_loss": 0.0,
    "ortho_loss": 0.0,
    "pearson": 0.6209,
    "regression_loss": 2.1782,
    "rm2": 0.3566,
    "rmse": 1.4758,
    "sd": 1.4547,
    "spearman": 0.6146,
    "spectral_loss": 0.0
}
                              
                              
----------------------------------------
Epoch 020 with LR 0.000271: Model Results
----------------------------------------
Train MSE Loss: 1.3430, Train CLS Loss: 0.0000, Train MCLS Loss: 0.0000
Protein Cluster Region Loss - Ortho Loss: 0.0000, Cluster Loss: 0.0000
                              
Validation Results: {
    "ci": 0.7222,
    "classification_loss": 0.0,
    "cluster_loss": 0.0,
    "mae": 1.1014,
    "mse": 2.2556,
    "multiclassification_loss": 0.0,
    "ortho_loss": 0.0,
    "pearson": 0.5996,
    "regression_loss": 2.2558,
    "rm2": 0.3395,
    "rmse": 1.5019,
    "sd": 1.4456,
    "spearman": 0.6119,
    "spectral_loss": 0.0
}
                              
Test Results: {
    "ci": 0.7233,
    "classification_loss": 0.0,
    "cluster_loss": 0.0,
    "mae": 1.0982,
    "mse": 2.178,
    "multiclassification_loss": 0.0,
    "ortho_loss": 0.0,
    "pearson": 0.6209,
    "regression_loss": 2.1782,
    "rm2": 0.3566,
    "rmse": 1.4758,
    "sd": 1.4547,
    "spearman": 0.6146,
    "spectral_loss": 0.0
}
                              
                              
----------------------------------------
Epoch 021 with LR 0.000269: Model Results
----------------------------------------
Train MSE Loss: 1.3518, Train CLS Loss: 0.0000, Train MCLS Loss: 0.0000
Protein Cluster Region Loss - Ortho Loss: 0.0000, Cluster Loss: 0.0000
                              
Validation Results: {
    "ci": 0.7279,
    "classification_loss": 0.0,
    "cluster_loss": 0.0,
    "mae": 1.0629,
    "mse": 2.105,
    "multiclassification_loss": 0.0,
    "ortho_loss": 0.0,
    "pearson": 0.6245,
    "regression_loss": 2.1047,
    "rm2": 0.3595,
    "rmse": 1.4509,
    "sd": 1.4107,
    "spearman": 0.6248,
    "spectral_loss": 0.0
}
                              
Test Results: {
    "ci": 0.7233,
    "classification_loss": 0.0,
    "cluster_loss": 0.0,
    "mae": 1.0982,
    "mse": 2.178,
    "multiclassification_loss": 0.0,
    "ortho_loss": 0.0,
    "pearson": 0.6209,
    "regression_loss": 2.1782,
    "rm2": 0.3566,
    "rmse": 1.4758,
    "sd": 1.4547,
    "spearman": 0.6146,
    "spectral_loss": 0.0
}
                              
                              
----------------------------------------
Epoch 022 with LR 0.000266: Model Results
----------------------------------------
Train MSE Loss: 1.2903, Train CLS Loss: 0.0000, Train MCLS Loss: 0.0000
Protein Cluster Region Loss - Ortho Loss: 0.0000, Cluster Loss: 0.0000
                              
Validation Results: {
    "ci": 0.7294,
    "classification_loss": 0.0,
    "cluster_loss": 0.0,
    "mae": 1.0484,
    "mse": 2.0916,
    "multiclassification_loss": 0.0,
    "ortho_loss": 0.0,
    "pearson": 0.6241,
    "regression_loss": 2.091,
    "rm2": 0.3875,
    "rmse": 1.4462,
    "sd": 1.4113,
    "spearman": 0.6267,
    "spectral_loss": 0.0
}
                              
Test Results: {
    "ci": 0.7233,
    "classification_loss": 0.0,
    "cluster_loss": 0.0,
    "mae": 1.0982,
    "mse": 2.178,
    "multiclassification_loss": 0.0,
    "ortho_loss": 0.0,
    "pearson": 0.6209,
    "regression_loss": 2.1782,
    "rm2": 0.3566,
    "rmse": 1.4758,
    "sd": 1.4547,
    "spearman": 0.6146,
    "spectral_loss": 0.0
}
                              
                              
----------------------------------------
Epoch 023 with LR 0.000263: Model Results
----------------------------------------
Train MSE Loss: 1.2662, Train CLS Loss: 0.0000, Train MCLS Loss: 0.0000
Protein Cluster Region Loss - Ortho Loss: 0.0000, Cluster Loss: 0.0000
                              
Validation Results: {
    "ci": 0.7388,
    "classification_loss": 0.0,
    "cluster_loss": 0.0,
    "mae": 1.0152,
    "mse": 1.9659,
    "multiclassification_loss": 0.0,
    "ortho_loss": 0.0,
    "pearson": 0.6475,
    "regression_loss": 1.9663,
    "rm2": 0.38,
    "rmse": 1.4021,
    "sd": 1.3765,
    "spearman": 0.6483,
    "spectral_loss": 0.0
}
                              
Test Results: {
    "ci": 0.7363,
    "classification_loss": 0.0,
    "cluster_loss": 0.0,
    "mae": 1.0609,
    "mse": 2.0079,
    "multiclassification_loss": 0.0,
    "ortho_loss": 0.0,
    "pearson": 0.6621,
    "regression_loss": 2.0077,
    "rm2": 0.3912,
    "rmse": 1.417,
    "sd": 1.3907,
    "spearman": 0.6449,
    "spectral_loss": 0.0
}
                              
                              
----------------------------------------
Epoch 024 with LR 0.000259: Model Results
----------------------------------------
Train MSE Loss: 1.2637, Train CLS Loss: 0.0000, Train MCLS Loss: 0.0000
Protein Cluster Region Loss - Ortho Loss: 0.0000, Cluster Loss: 0.0000
                              
Validation Results: {
    "ci": 0.7296,
    "classification_loss": 0.0,
    "cluster_loss": 0.0,
    "mae": 1.0595,
    "mse": 2.1324,
    "multiclassification_loss": 0.0,
    "ortho_loss": 0.0,
    "pearson": 0.6259,
    "regression_loss": 2.1326,
    "rm2": 0.3552,
    "rmse": 1.4603,
    "sd": 1.4087,
    "spearman": 0.6275,
    "spectral_loss": 0.0
}
                              
Test Results: {
    "ci": 0.7363,
    "classification_loss": 0.0,
    "cluster_loss": 0.0,
    "mae": 1.0609,
    "mse": 2.0079,
    "multiclassification_loss": 0.0,
    "ortho_loss": 0.0,
    "pearson": 0.6621,
    "regression_loss": 2.0077,
    "rm2": 0.3912,
    "rmse": 1.417,
    "sd": 1.3907,
    "spearman": 0.6449,
    "spectral_loss": 0.0
}
                              
                              
----------------------------------------
Epoch 025 with LR 0.000256: Model Results
----------------------------------------
Train MSE Loss: 1.2395, Train CLS Loss: 0.0000, Train MCLS Loss: 0.0000
Protein Cluster Region Loss - Ortho Loss: 0.0000, Cluster Loss: 0.0000
                              
Validation Results: {
    "ci": 0.7358,
    "classification_loss": 0.0,
    "cluster_loss": 0.0,
    "mae": 1.0298,
    "mse": 2.0042,
    "multiclassification_loss": 0.0,
    "ortho_loss": 0.0,
    "pearson": 0.6438,
    "regression_loss": 2.0046,
    "rm2": 0.3965,
    "rmse": 1.4157,
    "sd": 1.3821,
    "spearman": 0.6428,
    "spectral_loss": 0.0
}
                              
Test Results: {
    "ci": 0.7363,
    "classification_loss": 0.0,
    "cluster_loss": 0.0,
    "mae": 1.0609,
    "mse": 2.0079,
    "multiclassification_loss": 0.0,
    "ortho_loss": 0.0,
    "pearson": 0.6621,
    "regression_loss": 2.0077,
    "rm2": 0.3912,
    "rmse": 1.417,
    "sd": 1.3907,
    "spearman": 0.6449,
    "spectral_loss": 0.0
}
                              
                              
----------------------------------------
Epoch 026 with LR 0.000253: Model Results
----------------------------------------
Train MSE Loss: 1.2318, Train CLS Loss: 0.0000, Train MCLS Loss: 0.0000
Protein Cluster Region Loss - Ortho Loss: 0.0000, Cluster Loss: 0.0000
                              
Validation Results: {
    "ci": 0.7329,
    "classification_loss": 0.0,
    "cluster_loss": 0.0,
    "mae": 1.0563,
    "mse": 2.0554,
    "multiclassification_loss": 0.0,
    "ortho_loss": 0.0,
    "pearson": 0.6376,
    "regression_loss": 2.0551,
    "rm2": 0.3465,
    "rmse": 1.4337,
    "sd": 1.3915,
    "spearman": 0.6354,
    "spectral_loss": 0.0
}
                              
Test Results: {
    "ci": 0.7363,
    "classification_loss": 0.0,
    "cluster_loss": 0.0,
    "mae": 1.0609,
    "mse": 2.0079,
    "multiclassification_loss": 0.0,
    "ortho_loss": 0.0,
    "pearson": 0.6621,
    "regression_loss": 2.0077,
    "rm2": 0.3912,
    "rmse": 1.417,
    "sd": 1.3907,
    "spearman": 0.6449,
    "spectral_loss": 0.0
}
                              
                              
----------------------------------------
Epoch 027 with LR 0.000249: Model Results
----------------------------------------
Train MSE Loss: 1.2122, Train CLS Loss: 0.0000, Train MCLS Loss: 0.0000
Protein Cluster Region Loss - Ortho Loss: 0.0000, Cluster Loss: 0.0000
                              
Validation Results: {
    "ci": 0.7337,
    "classification_loss": 0.0,
    "cluster_loss": 0.0,
    "mae": 1.0238,
    "mse": 1.9688,
    "multiclassification_loss": 0.0,
    "ortho_loss": 0.0,
    "pearson": 0.6326,
    "regression_loss": 1.9687,
    "rm2": 0.3935,
    "rmse": 1.4031,
    "sd": 1.3989,
    "spearman": 0.6357,
    "spectral_loss": 0.0
}
                              
Test Results: {
    "ci": 0.7363,
    "classification_loss": 0.0,
    "cluster_loss": 0.0,
    "mae": 1.0609,
    "mse": 2.0079,
    "multiclassification_loss": 0.0,
    "ortho_loss": 0.0,
    "pearson": 0.6621,
    "regression_loss": 2.0077,
    "rm2": 0.3912,
    "rmse": 1.417,
    "sd": 1.3907,
    "spearman": 0.6449,
    "spectral_loss": 0.0
}
                              
                              
----------------------------------------
Epoch 028 with LR 0.000246: Model Results
----------------------------------------
Train MSE Loss: 1.1790, Train CLS Loss: 0.0000, Train MCLS Loss: 0.0000
Protein Cluster Region Loss - Ortho Loss: 0.0000, Cluster Loss: 0.0000
                              
Validation Results: {
    "ci": 0.7334,
    "classification_loss": 0.0,
    "cluster_loss": 0.0,
    "mae": 1.1207,
    "mse": 2.3104,
    "multiclassification_loss": 0.0,
    "ortho_loss": 0.0,
    "pearson": 0.6199,
    "regression_loss": 2.3093,
    "rm2": 0.3021,
    "rmse": 1.52,
    "sd": 1.4174,
    "spearman": 0.6354,
    "spectral_loss": 0.0
}
                              
Test Results: {
    "ci": 0.7363,
    "classification_loss": 0.0,
    "cluster_loss": 0.0,
    "mae": 1.0609,
    "mse": 2.0079,
    "multiclassification_loss": 0.0,
    "ortho_loss": 0.0,
    "pearson": 0.6621,
    "regression_loss": 2.0077,
    "rm2": 0.3912,
    "rmse": 1.417,
    "sd": 1.3907,
    "spearman": 0.6449,
    "spectral_loss": 0.0
}
                              
                              
----------------------------------------
Epoch 029 with LR 0.000242: Model Results
----------------------------------------
Train MSE Loss: 1.1886, Train CLS Loss: 0.0000, Train MCLS Loss: 0.0000
Protein Cluster Region Loss - Ortho Loss: 0.0000, Cluster Loss: 0.0000
                              
Validation Results: {
    "ci": 0.7346,
    "classification_loss": 0.0,
    "cluster_loss": 0.0,
    "mae": 1.023,
    "mse": 1.9708,
    "multiclassification_loss": 0.0,
    "ortho_loss": 0.0,
    "pearson": 0.636,
    "regression_loss": 1.9704,
    "rm2": 0.3875,
    "rmse": 1.4039,
    "sd": 1.3938,
    "spearman": 0.639,
    "spectral_loss": 0.0
}
                              
Test Results: {
    "ci": 0.7363,
    "classification_loss": 0.0,
    "cluster_loss": 0.0,
    "mae": 1.0609,
    "mse": 2.0079,
    "multiclassification_loss": 0.0,
    "ortho_loss": 0.0,
    "pearson": 0.6621,
    "regression_loss": 2.0077,
    "rm2": 0.3912,
    "rmse": 1.417,
    "sd": 1.3907,
    "spearman": 0.6449,
    "spectral_loss": 0.0
}
                              
                              
----------------------------------------
Epoch 030 with LR 0.000238: Model Results
----------------------------------------
Train MSE Loss: 1.1845, Train CLS Loss: 0.0000, Train MCLS Loss: 0.0000
Protein Cluster Region Loss - Ortho Loss: 0.0000, Cluster Loss: 0.0000
                              
Validation Results: {
    "ci": 0.7376,
    "classification_loss": 0.0,
    "cluster_loss": 0.0,
    "mae": 1.0114,
    "mse": 1.9551,
    "multiclassification_loss": 0.0,
    "ortho_loss": 0.0,
    "pearson": 0.6481,
    "regression_loss": 1.9553,
    "rm2": 0.4121,
    "rmse": 1.3983,
    "sd": 1.3756,
    "spearman": 0.6436,
    "spectral_loss": 0.0
}
                              
Test Results: {
    "ci": 0.7375,
    "classification_loss": 0.0,
    "cluster_loss": 0.0,
    "mae": 1.0329,
    "mse": 1.9472,
    "multiclassification_loss": 0.0,
    "ortho_loss": 0.0,
    "pearson": 0.6683,
    "regression_loss": 1.9469,
    "rm2": 0.4363,
    "rmse": 1.3954,
    "sd": 1.3805,
    "spearman": 0.6479,
    "spectral_loss": 0.0
}
                              
                              
----------------------------------------
Epoch 031 with LR 0.000235: Model Results
----------------------------------------
Train MSE Loss: 1.1590, Train CLS Loss: 0.0000, Train MCLS Loss: 0.0000
Protein Cluster Region Loss - Ortho Loss: 0.0000, Cluster Loss: 0.0000
                              
Validation Results: {
    "ci": 0.7285,
    "classification_loss": 0.0,
    "cluster_loss": 0.0,
    "mae": 1.0978,
    "mse": 2.3121,
    "multiclassification_loss": 0.0,
    "ortho_loss": 0.0,
    "pearson": 0.62,
    "regression_loss": 2.3122,
    "rm2": 0.3379,
    "rmse": 1.5206,
    "sd": 1.4172,
    "spearman": 0.6206,
    "spectral_loss": 0.0
}
                              
Test Results: {
    "ci": 0.7375,
    "classification_loss": 0.0,
    "cluster_loss": 0.0,
    "mae": 1.0329,
    "mse": 1.9472,
    "multiclassification_loss": 0.0,
    "ortho_loss": 0.0,
    "pearson": 0.6683,
    "regression_loss": 1.9469,
    "rm2": 0.4363,
    "rmse": 1.3954,
    "sd": 1.3805,
    "spearman": 0.6479,
    "spectral_loss": 0.0
}
                              
                              
----------------------------------------
Epoch 032 with LR 0.000231: Model Results
----------------------------------------
Train MSE Loss: 1.1300, Train CLS Loss: 0.0000, Train MCLS Loss: 0.0000
Protein Cluster Region Loss - Ortho Loss: 0.0000, Cluster Loss: 0.0000
                              
Validation Results: {
    "ci": 0.7422,
    "classification_loss": 0.0,
    "cluster_loss": 0.0,
    "mae": 1.0357,
    "mse": 2.0152,
    "multiclassification_loss": 0.0,
    "ortho_loss": 0.0,
    "pearson": 0.6553,
    "regression_loss": 2.0156,
    "rm2": 0.374,
    "rmse": 1.4196,
    "sd": 1.3644,
    "spearman": 0.6566,
    "spectral_loss": 0.0
}
                              
Test Results: {
    "ci": 0.7375,
    "classification_loss": 0.0,
    "cluster_loss": 0.0,
    "mae": 1.0329,
    "mse": 1.9472,
    "multiclassification_loss": 0.0,
    "ortho_loss": 0.0,
    "pearson": 0.6683,
    "regression_loss": 1.9469,
    "rm2": 0.4363,
    "rmse": 1.3954,
    "sd": 1.3805,
    "spearman": 0.6479,
    "spectral_loss": 0.0
}
                              
                              
----------------------------------------
Epoch 033 with LR 0.000227: Model Results
----------------------------------------
Train MSE Loss: 1.1019, Train CLS Loss: 0.0000, Train MCLS Loss: 0.0000
Protein Cluster Region Loss - Ortho Loss: 0.0000, Cluster Loss: 0.0000
                              
Validation Results: {
    "ci": 0.7367,
    "classification_loss": 0.0,
    "cluster_loss": 0.0,
    "mae": 1.0156,
    "mse": 2.0376,
    "multiclassification_loss": 0.0,
    "ortho_loss": 0.0,
    "pearson": 0.6341,
    "regression_loss": 2.0373,
    "rm2": 0.397,
    "rmse": 1.4274,
    "sd": 1.3967,
    "spearman": 0.6392,
    "spectral_loss": 0.0
}
                              
Test Results: {
    "ci": 0.7375,
    "classification_loss": 0.0,
    "cluster_loss": 0.0,
    "mae": 1.0329,
    "mse": 1.9472,
    "multiclassification_loss": 0.0,
    "ortho_loss": 0.0,
    "pearson": 0.6683,
    "regression_loss": 1.9469,
    "rm2": 0.4363,
    "rmse": 1.3954,
    "sd": 1.3805,
    "spearman": 0.6479,
    "spectral_loss": 0.0
}
                              
                              
----------------------------------------
Epoch 034 with LR 0.000223: Model Results
----------------------------------------
Train MSE Loss: 1.0753, Train CLS Loss: 0.0000, Train MCLS Loss: 0.0000
Protein Cluster Region Loss - Ortho Loss: 0.0000, Cluster Loss: 0.0000
                              
Validation Results: {
    "ci": 0.7369,
    "classification_loss": 0.0,
    "cluster_loss": 0.0,
    "mae": 1.0514,
    "mse": 2.1645,
    "multiclassification_loss": 0.0,
    "ortho_loss": 0.0,
    "pearson": 0.6294,
    "regression_loss": 2.1648,
    "rm2": 0.3938,
    "rmse": 1.4712,
    "sd": 1.4036,
    "spearman": 0.6417,
    "spectral_loss": 0.0
}
                              
Test Results: {
    "ci": 0.7375,
    "classification_loss": 0.0,
    "cluster_loss": 0.0,
    "mae": 1.0329,
    "mse": 1.9472,
    "multiclassification_loss": 0.0,
    "ortho_loss": 0.0,
    "pearson": 0.6683,
    "regression_loss": 1.9469,
    "rm2": 0.4363,
    "rmse": 1.3954,
    "sd": 1.3805,
    "spearman": 0.6479,
    "spectral_loss": 0.0
}
                              
                              
----------------------------------------
Epoch 035 with LR 0.000218: Model Results
----------------------------------------
Train MSE Loss: 1.0621, Train CLS Loss: 0.0000, Train MCLS Loss: 0.0000
Protein Cluster Region Loss - Ortho Loss: 0.0000, Cluster Loss: 0.0000
                              
Validation Results: {
    "ci": 0.7415,
    "classification_loss": 0.0,
    "cluster_loss": 0.0,
    "mae": 1.0108,
    "mse": 1.938,
    "multiclassification_loss": 0.0,
    "ortho_loss": 0.0,
    "pearson": 0.6523,
    "regression_loss": 1.9384,
    "rm2": 0.3987,
    "rmse": 1.3921,
    "sd": 1.369,
    "spearman": 0.6528,
    "spectral_loss": 0.0
}
                              
Test Results: {
    "ci": 0.7408,
    "classification_loss": 0.0,
    "cluster_loss": 0.0,
    "mae": 1.0275,
    "mse": 1.9005,
    "multiclassification_loss": 0.0,
    "ortho_loss": 0.0,
    "pearson": 0.6796,
    "regression_loss": 1.9009,
    "rm2": 0.4267,
    "rmse": 1.3786,
    "sd": 1.3613,
    "spearman": 0.6533,
    "spectral_loss": 0.0
}
                              
                              
----------------------------------------
Epoch 036 with LR 0.000214: Model Results
----------------------------------------
Train MSE Loss: 1.1051, Train CLS Loss: 0.0000, Train MCLS Loss: 0.0000
Protein Cluster Region Loss - Ortho Loss: 0.0000, Cluster Loss: 0.0000
                              
Validation Results: {
    "ci": 0.7402,
    "classification_loss": 0.0,
    "cluster_loss": 0.0,
    "mae": 1.0597,
    "mse": 2.2036,
    "multiclassification_loss": 0.0,
    "ortho_loss": 0.0,
    "pearson": 0.6356,
    "regression_loss": 2.2036,
    "rm2": 0.3764,
    "rmse": 1.4844,
    "sd": 1.3944,
    "spearman": 0.647,
    "spectral_loss": 0.0
}
                              
Test Results: {
    "ci": 0.7408,
    "classification_loss": 0.0,
    "cluster_loss": 0.0,
    "mae": 1.0275,
    "mse": 1.9005,
    "multiclassification_loss": 0.0,
    "ortho_loss": 0.0,
    "pearson": 0.6796,
    "regression_loss": 1.9009,
    "rm2": 0.4267,
    "rmse": 1.3786,
    "sd": 1.3613,
    "spearman": 0.6533,
    "spectral_loss": 0.0
}
                              
                              
----------------------------------------
Epoch 037 with LR 0.000210: Model Results
----------------------------------------
Train MSE Loss: 1.0417, Train CLS Loss: 0.0000, Train MCLS Loss: 0.0000
Protein Cluster Region Loss - Ortho Loss: 0.0000, Cluster Loss: 0.0000
                              
Validation Results: {
    "ci": 0.7406,
    "classification_loss": 0.0,
    "cluster_loss": 0.0,
    "mae": 1.0096,
    "mse": 2.0137,
    "multiclassification_loss": 0.0,
    "ortho_loss": 0.0,
    "pearson": 0.644,
    "regression_loss": 2.0136,
    "rm2": 0.4108,
    "rmse": 1.4191,
    "sd": 1.3818,
    "spearman": 0.6504,
    "spectral_loss": 0.0
}
                              
Test Results: {
    "ci": 0.7408,
    "classification_loss": 0.0,
    "cluster_loss": 0.0,
    "mae": 1.0275,
    "mse": 1.9005,
    "multiclassification_loss": 0.0,
    "ortho_loss": 0.0,
    "pearson": 0.6796,
    "regression_loss": 1.9009,
    "rm2": 0.4267,
    "rmse": 1.3786,
    "sd": 1.3613,
    "spearman": 0.6533,
    "spectral_loss": 0.0
}
                              
                              
----------------------------------------
Epoch 038 with LR 0.000206: Model Results
----------------------------------------
Train MSE Loss: 1.0212, Train CLS Loss: 0.0000, Train MCLS Loss: 0.0000
Protein Cluster Region Loss - Ortho Loss: 0.0000, Cluster Loss: 0.0000
                              
Validation Results: {
    "ci": 0.7454,
    "classification_loss": 0.0,
    "cluster_loss": 0.0,
    "mae": 0.9945,
    "mse": 1.9126,
    "multiclassification_loss": 0.0,
    "ortho_loss": 0.0,
    "pearson": 0.6587,
    "regression_loss": 1.9126,
    "rm2": 0.4322,
    "rmse": 1.383,
    "sd": 1.359,
    "spearman": 0.6615,
    "spectral_loss": 0.0
}
                              
Test Results: {
    "ci": 0.7436,
    "classification_loss": 0.0,
    "cluster_loss": 0.0,
    "mae": 1.0138,
    "mse": 1.9226,
    "multiclassification_loss": 0.0,
    "ortho_loss": 0.0,
    "pearson": 0.6772,
    "regression_loss": 1.9224,
    "rm2": 0.4509,
    "rmse": 1.3866,
    "sd": 1.3655,
    "spearman": 0.6607,
    "spectral_loss": 0.0
}
                              
                              
----------------------------------------
Epoch 039 with LR 0.000201: Model Results
----------------------------------------
Train MSE Loss: 1.0146, Train CLS Loss: 0.0000, Train MCLS Loss: 0.0000
Protein Cluster Region Loss - Ortho Loss: 0.0000, Cluster Loss: 0.0000
                              
Validation Results: {
    "ci": 0.7416,
    "classification_loss": 0.0,
    "cluster_loss": 0.0,
    "mae": 1.0436,
    "mse": 2.1157,
    "multiclassification_loss": 0.0,
    "ortho_loss": 0.0,
    "pearson": 0.6477,
    "regression_loss": 2.116,
    "rm2": 0.4115,
    "rmse": 1.4545,
    "sd": 1.3762,
    "spearman": 0.6532,
    "spectral_loss": 0.0
}
                              
Test Results: {
    "ci": 0.7436,
    "classification_loss": 0.0,
    "cluster_loss": 0.0,
    "mae": 1.0138,
    "mse": 1.9226,
    "multiclassification_loss": 0.0,
    "ortho_loss": 0.0,
    "pearson": 0.6772,
    "regression_loss": 1.9224,
    "rm2": 0.4509,
    "rmse": 1.3866,
    "sd": 1.3655,
    "spearman": 0.6607,
    "spectral_loss": 0.0
}
                              
                              
----------------------------------------
Epoch 040 with LR 0.000197: Model Results
----------------------------------------
Train MSE Loss: 1.0206, Train CLS Loss: 0.0000, Train MCLS Loss: 0.0000
Protein Cluster Region Loss - Ortho Loss: 0.0000, Cluster Loss: 0.0000
                              
Validation Results: {
    "ci": 0.7451,
    "classification_loss": 0.0,
    "cluster_loss": 0.0,
    "mae": 1.0287,
    "mse": 2.0632,
    "multiclassification_loss": 0.0,
    "ortho_loss": 0.0,
    "pearson": 0.6526,
    "regression_loss": 2.0638,
    "rm2": 0.4208,
    "rmse": 1.4364,
    "sd": 1.3686,
    "spearman": 0.6616,
    "spectral_loss": 0.0
}
                              
Test Results: {
    "ci": 0.7436,
    "classification_loss": 0.0,
    "cluster_loss": 0.0,
    "mae": 1.0138,
    "mse": 1.9226,
    "multiclassification_loss": 0.0,
    "ortho_loss": 0.0,
    "pearson": 0.6772,
    "regression_loss": 1.9224,
    "rm2": 0.4509,
    "rmse": 1.3866,
    "sd": 1.3655,
    "spearman": 0.6607,
    "spectral_loss": 0.0
}
                              
                              
----------------------------------------
Epoch 041 with LR 0.000192: Model Results
----------------------------------------
Train MSE Loss: 0.9936, Train CLS Loss: 0.0000, Train MCLS Loss: 0.0000
Protein Cluster Region Loss - Ortho Loss: 0.0000, Cluster Loss: 0.0000
                              
Validation Results: {
    "ci": 0.742,
    "classification_loss": 0.0,
    "cluster_loss": 0.0,
    "mae": 1.0438,
    "mse": 2.1271,
    "multiclassification_loss": 0.0,
    "ortho_loss": 0.0,
    "pearson": 0.6449,
    "regression_loss": 2.1274,
    "rm2": 0.4154,
    "rmse": 1.4584,
    "sd": 1.3804,
    "spearman": 0.6535,
    "spectral_loss": 0.0
}
                              
Test Results: {
    "ci": 0.7436,
    "classification_loss": 0.0,
    "cluster_loss": 0.0,
    "mae": 1.0138,
    "mse": 1.9226,
    "multiclassification_loss": 0.0,
    "ortho_loss": 0.0,
    "pearson": 0.6772,
    "regression_loss": 1.9224,
    "rm2": 0.4509,
    "rmse": 1.3866,
    "sd": 1.3655,
    "spearman": 0.6607,
    "spectral_loss": 0.0
}
                              
                              
----------------------------------------
Epoch 042 with LR 0.000188: Model Results
----------------------------------------
Train MSE Loss: 1.0072, Train CLS Loss: 0.0000, Train MCLS Loss: 0.0000
Protein Cluster Region Loss - Ortho Loss: 0.0000, Cluster Loss: 0.0000
                              
Validation Results: {
    "ci": 0.7438,
    "classification_loss": 0.0,
    "cluster_loss": 0.0,
    "mae": 0.999,
    "mse": 1.9928,
    "multiclassification_loss": 0.0,
    "ortho_loss": 0.0,
    "pearson": 0.6441,
    "regression_loss": 1.993,
    "rm2": 0.3821,
    "rmse": 1.4117,
    "sd": 1.3817,
    "spearman": 0.6545,
    "spectral_loss": 0.0
}
                              
Test Results: {
    "ci": 0.7436,
    "classification_loss": 0.0,
    "cluster_loss": 0.0,
    "mae": 1.0138,
    "mse": 1.9226,
    "multiclassification_loss": 0.0,
    "ortho_loss": 0.0,
    "pearson": 0.6772,
    "regression_loss": 1.9224,
    "rm2": 0.4509,
    "rmse": 1.3866,
    "sd": 1.3655,
    "spearman": 0.6607,
    "spectral_loss": 0.0
}
                              
                              
----------------------------------------
Epoch 043 with LR 0.000183: Model Results
----------------------------------------
Train MSE Loss: 0.9914, Train CLS Loss: 0.0000, Train MCLS Loss: 0.0000
Protein Cluster Region Loss - Ortho Loss: 0.0000, Cluster Loss: 0.0000
                              
Validation Results: {
    "ci": 0.7435,
    "classification_loss": 0.0,
    "cluster_loss": 0.0,
    "mae": 1.0199,
    "mse": 2.0956,
    "multiclassification_loss": 0.0,
    "ortho_loss": 0.0,
    "pearson": 0.6462,
    "regression_loss": 2.0958,
    "rm2": 0.4029,
    "rmse": 1.4476,
    "sd": 1.3785,
    "spearman": 0.6547,
    "spectral_loss": 0.0
}
                              
Test Results: {
    "ci": 0.7436,
    "classification_loss": 0.0,
    "cluster_loss": 0.0,
    "mae": 1.0138,
    "mse": 1.9226,
    "multiclassification_loss": 0.0,
    "ortho_loss": 0.0,
    "pearson": 0.6772,
    "regression_loss": 1.9224,
    "rm2": 0.4509,
    "rmse": 1.3866,
    "sd": 1.3655,
    "spearman": 0.6607,
    "spectral_loss": 0.0
}
                              
                              
----------------------------------------
Epoch 044 with LR 0.000179: Model Results
----------------------------------------
Train MSE Loss: 0.9788, Train CLS Loss: 0.0000, Train MCLS Loss: 0.0000
Protein Cluster Region Loss - Ortho Loss: 0.0000, Cluster Loss: 0.0000
                              
Validation Results: {
    "ci": 0.7456,
    "classification_loss": 0.0,
    "cluster_loss": 0.0,
    "mae": 1.0914,
    "mse": 2.302,
    "multiclassification_loss": 0.0,
    "ortho_loss": 0.0,
    "pearson": 0.6484,
    "regression_loss": 2.3031,
    "rm2": 0.403,
    "rmse": 1.5172,
    "sd": 1.3752,
    "spearman": 0.6625,
    "spectral_loss": 0.0
}
                              
Test Results: {
    "ci": 0.7436,
    "classification_loss": 0.0,
    "cluster_loss": 0.0,
    "mae": 1.0138,
    "mse": 1.9226,
    "multiclassification_loss": 0.0,
    "ortho_loss": 0.0,
    "pearson": 0.6772,
    "regression_loss": 1.9224,
    "rm2": 0.4509,
    "rmse": 1.3866,
    "sd": 1.3655,
    "spearman": 0.6607,
    "spectral_loss": 0.0
}
                              
                              
----------------------------------------
Epoch 045 with LR 0.000174: Model Results
----------------------------------------
Train MSE Loss: 0.9472, Train CLS Loss: 0.0000, Train MCLS Loss: 0.0000
Protein Cluster Region Loss - Ortho Loss: 0.0000, Cluster Loss: 0.0000
                              
Validation Results: {
    "ci": 0.7454,
    "classification_loss": 0.0,
    "cluster_loss": 0.0,
    "mae": 1.0091,
    "mse": 2.009,
    "multiclassification_loss": 0.0,
    "ortho_loss": 0.0,
    "pearson": 0.6501,
    "regression_loss": 2.008,
    "rm2": 0.384,
    "rmse": 1.4174,
    "sd": 1.3725,
    "spearman": 0.6603,
    "spectral_loss": 0.0
}
                              
Test Results: {
    "ci": 0.7436,
    "classification_loss": 0.0,
    "cluster_loss": 0.0,
    "mae": 1.0138,
    "mse": 1.9226,
    "multiclassification_loss": 0.0,
    "ortho_loss": 0.0,
    "pearson": 0.6772,
    "regression_loss": 1.9224,
    "rm2": 0.4509,
    "rmse": 1.3866,
    "sd": 1.3655,
    "spearman": 0.6607,
    "spectral_loss": 0.0
}
                              
                              
----------------------------------------
Epoch 046 with LR 0.000169: Model Results
----------------------------------------
Train MSE Loss: 0.9454, Train CLS Loss: 0.0000, Train MCLS Loss: 0.0000
Protein Cluster Region Loss - Ortho Loss: 0.0000, Cluster Loss: 0.0000
                              
Validation Results: {
    "ci": 0.7458,
    "classification_loss": 0.0,
    "cluster_loss": 0.0,
    "mae": 1.005,
    "mse": 2.0054,
    "multiclassification_loss": 0.0,
    "ortho_loss": 0.0,
    "pearson": 0.6507,
    "regression_loss": 2.0056,
    "rm2": 0.4003,
    "rmse": 1.4161,
    "sd": 1.3715,
    "spearman": 0.6609,
    "spectral_loss": 0.0
}
                              
Test Results: {
    "ci": 0.7436,
    "classification_loss": 0.0,
    "cluster_loss": 0.0,
    "mae": 1.0138,
    "mse": 1.9226,
    "multiclassification_loss": 0.0,
    "ortho_loss": 0.0,
    "pearson": 0.6772,
    "regression_loss": 1.9224,
    "rm2": 0.4509,
    "rmse": 1.3866,
    "sd": 1.3655,
    "spearman": 0.6607,
    "spectral_loss": 0.0
}
                              
                              
----------------------------------------
Epoch 047 with LR 0.000165: Model Results
----------------------------------------
Train MSE Loss: 0.9137, Train CLS Loss: 0.0000, Train MCLS Loss: 0.0000
Protein Cluster Region Loss - Ortho Loss: 0.0000, Cluster Loss: 0.0000
                              
Validation Results: {
    "ci": 0.7484,
    "classification_loss": 0.0,
    "cluster_loss": 0.0,
    "mae": 1.0013,
    "mse": 1.9943,
    "multiclassification_loss": 0.0,
    "ortho_loss": 0.0,
    "pearson": 0.6632,
    "regression_loss": 1.9947,
    "rm2": 0.4256,
    "rmse": 1.4122,
    "sd": 1.3518,
    "spearman": 0.667,
    "spectral_loss": 0.0
}
                              
Test Results: {
    "ci": 0.7436,
    "classification_loss": 0.0,
    "cluster_loss": 0.0,
    "mae": 1.0138,
    "mse": 1.9226,
    "multiclassification_loss": 0.0,
    "ortho_loss": 0.0,
    "pearson": 0.6772,
    "regression_loss": 1.9224,
    "rm2": 0.4509,
    "rmse": 1.3866,
    "sd": 1.3655,
    "spearman": 0.6607,
    "spectral_loss": 0.0
}
                              
                              
----------------------------------------
Epoch 048 with LR 0.000160: Model Results
----------------------------------------
Train MSE Loss: 0.9282, Train CLS Loss: 0.0000, Train MCLS Loss: 0.0000
Protein Cluster Region Loss - Ortho Loss: 0.0000, Cluster Loss: 0.0000
                              
Validation Results: {
    "ci": 0.7472,
    "classification_loss": 0.0,
    "cluster_loss": 0.0,
    "mae": 1.0065,
    "mse": 1.9894,
    "multiclassification_loss": 0.0,
    "ortho_loss": 0.0,
    "pearson": 0.6624,
    "regression_loss": 1.9894,
    "rm2": 0.43,
    "rmse": 1.4105,
    "sd": 1.3532,
    "spearman": 0.6641,
    "spectral_loss": 0.0
}
                              
Test Results: {
    "ci": 0.7436,
    "classification_loss": 0.0,
    "cluster_loss": 0.0,
    "mae": 1.0138,
    "mse": 1.9226,
    "multiclassification_loss": 0.0,
    "ortho_loss": 0.0,
    "pearson": 0.6772,
    "regression_loss": 1.9224,
    "rm2": 0.4509,
    "rmse": 1.3866,
    "sd": 1.3655,
    "spearman": 0.6607,
    "spectral_loss": 0.0
}
                              
                              
----------------------------------------
Epoch 049 with LR 0.000155: Model Results
----------------------------------------
Train MSE Loss: 0.9165, Train CLS Loss: 0.0000, Train MCLS Loss: 0.0000
Protein Cluster Region Loss - Ortho Loss: 0.0000, Cluster Loss: 0.0000
                              
Validation Results: {
    "ci": 0.7475,
    "classification_loss": 0.0,
    "cluster_loss": 0.0,
    "mae": 1.015,
    "mse": 2.0534,
    "multiclassification_loss": 0.0,
    "ortho_loss": 0.0,
    "pearson": 0.6558,
    "regression_loss": 2.0535,
    "rm2": 0.3852,
    "rmse": 1.433,
    "sd": 1.3637,
    "spearman": 0.6633,
    "spectral_loss": 0.0
}
                              
Test Results: {
    "ci": 0.7436,
    "classification_loss": 0.0,
    "cluster_loss": 0.0,
    "mae": 1.0138,
    "mse": 1.9226,
    "multiclassification_loss": 0.0,
    "ortho_loss": 0.0,
    "pearson": 0.6772,
    "regression_loss": 1.9224,
    "rm2": 0.4509,
    "rmse": 1.3866,
    "sd": 1.3655,
    "spearman": 0.6607,
    "spectral_loss": 0.0
}
                              
                              
----------------------------------------
Epoch 050 with LR 0.000151: Model Results
----------------------------------------
Train MSE Loss: 0.9207, Train CLS Loss: 0.0000, Train MCLS Loss: 0.0000
Protein Cluster Region Loss - Ortho Loss: 0.0000, Cluster Loss: 0.0000
                              
Validation Results: {
    "ci": 0.7422,
    "classification_loss": 0.0,
    "cluster_loss": 0.0,
    "mae": 1.0294,
    "mse": 2.0659,
    "multiclassification_loss": 0.0,
    "ortho_loss": 0.0,
    "pearson": 0.646,
    "regression_loss": 2.0662,
    "rm2": 0.4146,
    "rmse": 1.4373,
    "sd": 1.3788,
    "spearman": 0.6538,
    "spectral_loss": 0.0
}
                              
Test Results: {
    "ci": 0.7436,
    "classification_loss": 0.0,
    "cluster_loss": 0.0,
    "mae": 1.0138,
    "mse": 1.9226,
    "multiclassification_loss": 0.0,
    "ortho_loss": 0.0,
    "pearson": 0.6772,
    "regression_loss": 1.9224,
    "rm2": 0.4509,
    "rmse": 1.3866,
    "sd": 1.3655,
    "spearman": 0.6607,
    "spectral_loss": 0.0
}
                              
                              
----------------------------------------
Epoch 051 with LR 0.000146: Model Results
----------------------------------------
Train MSE Loss: 0.8920, Train CLS Loss: 0.0000, Train MCLS Loss: 0.0000
Protein Cluster Region Loss - Ortho Loss: 0.0000, Cluster Loss: 0.0000
                              
Validation Results: {
    "ci": 0.7482,
    "classification_loss": 0.0,
    "cluster_loss": 0.0,
    "mae": 0.9811,
    "mse": 1.8673,
    "multiclassification_loss": 0.0,
    "ortho_loss": 0.0,
    "pearson": 0.6641,
    "regression_loss": 1.8684,
    "rm2": 0.435,
    "rmse": 1.3665,
    "sd": 1.3504,
    "spearman": 0.6669,
    "spectral_loss": 0.0
}
                              
Test Results: {
    "ci": 0.7513,
    "classification_loss": 0.0,
    "cluster_loss": 0.0,
    "mae": 0.9963,
    "mse": 1.8756,
    "multiclassification_loss": 0.0,
    "ortho_loss": 0.0,
    "pearson": 0.6821,
    "regression_loss": 1.8757,
    "rm2": 0.4646,
    "rmse": 1.3695,
    "sd": 1.357,
    "spearman": 0.6776,
    "spectral_loss": 0.0
}
                              
                              
----------------------------------------
Epoch 052 with LR 0.000141: Model Results
----------------------------------------
Train MSE Loss: 0.8815, Train CLS Loss: 0.0000, Train MCLS Loss: 0.0000
Protein Cluster Region Loss - Ortho Loss: 0.0000, Cluster Loss: 0.0000
                              
Validation Results: {
    "ci": 0.74,
    "classification_loss": 0.0,
    "cluster_loss": 0.0,
    "mae": 1.0549,
    "mse": 2.2721,
    "multiclassification_loss": 0.0,
    "ortho_loss": 0.0,
    "pearson": 0.6271,
    "regression_loss": 2.2716,
    "rm2": 0.3471,
    "rmse": 1.5074,
    "sd": 1.407,
    "spearman": 0.6439,
    "spectral_loss": 0.0
}
                              
Test Results: {
    "ci": 0.7513,
    "classification_loss": 0.0,
    "cluster_loss": 0.0,
    "mae": 0.9963,
    "mse": 1.8756,
    "multiclassification_loss": 0.0,
    "ortho_loss": 0.0,
    "pearson": 0.6821,
    "regression_loss": 1.8757,
    "rm2": 0.4646,
    "rmse": 1.3695,
    "sd": 1.357,
    "spearman": 0.6776,
    "spectral_loss": 0.0
}
                              
                              
----------------------------------------
Epoch 053 with LR 0.000136: Model Results
----------------------------------------
Train MSE Loss: 0.8716, Train CLS Loss: 0.0000, Train MCLS Loss: 0.0000
Protein Cluster Region Loss - Ortho Loss: 0.0000, Cluster Loss: 0.0000
                              
Validation Results: {
    "ci": 0.7429,
    "classification_loss": 0.0,
    "cluster_loss": 0.0,
    "mae": 1.0632,
    "mse": 2.246,
    "multiclassification_loss": 0.0,
    "ortho_loss": 0.0,
    "pearson": 0.643,
    "regression_loss": 2.2458,
    "rm2": 0.3402,
    "rmse": 1.4987,
    "sd": 1.3833,
    "spearman": 0.6525,
    "spectral_loss": 0.0
}
                              
Test Results: {
    "ci": 0.7513,
    "classification_loss": 0.0,
    "cluster_loss": 0.0,
    "mae": 0.9963,
    "mse": 1.8756,
    "multiclassification_loss": 0.0,
    "ortho_loss": 0.0,
    "pearson": 0.6821,
    "regression_loss": 1.8757,
    "rm2": 0.4646,
    "rmse": 1.3695,
    "sd": 1.357,
    "spearman": 0.6776,
    "spectral_loss": 0.0
}
                              
                              
----------------------------------------
Epoch 054 with LR 0.000132: Model Results
----------------------------------------
Train MSE Loss: 0.8602, Train CLS Loss: 0.0000, Train MCLS Loss: 0.0000
Protein Cluster Region Loss - Ortho Loss: 0.0000, Cluster Loss: 0.0000
                              
Validation Results: {
    "ci": 0.7454,
    "classification_loss": 0.0,
    "cluster_loss": 0.0,
    "mae": 1.0163,
    "mse": 2.089,
    "multiclassification_loss": 0.0,
    "ortho_loss": 0.0,
    "pearson": 0.6498,
    "regression_loss": 2.0888,
    "rm2": 0.3723,
    "rmse": 1.4453,
    "sd": 1.373,
    "spearman": 0.6569,
    "spectral_loss": 0.0
}
                              
Test Results: {
    "ci": 0.7513,
    "classification_loss": 0.0,
    "cluster_loss": 0.0,
    "mae": 0.9963,
    "mse": 1.8756,
    "multiclassification_loss": 0.0,
    "ortho_loss": 0.0,
    "pearson": 0.6821,
    "regression_loss": 1.8757,
    "rm2": 0.4646,
    "rmse": 1.3695,
    "sd": 1.357,
    "spearman": 0.6776,
    "spectral_loss": 0.0
}
                              
                              
----------------------------------------
Epoch 055 with LR 0.000127: Model Results
----------------------------------------
Train MSE Loss: 0.8376, Train CLS Loss: 0.0000, Train MCLS Loss: 0.0000
Protein Cluster Region Loss - Ortho Loss: 0.0000, Cluster Loss: 0.0000
                              
Validation Results: {
    "ci": 0.7434,
    "classification_loss": 0.0,
    "cluster_loss": 0.0,
    "mae": 0.9988,
    "mse": 2.0174,
    "multiclassification_loss": 0.0,
    "ortho_loss": 0.0,
    "pearson": 0.6395,
    "regression_loss": 2.0177,
    "rm2": 0.382,
    "rmse": 1.4204,
    "sd": 1.3887,
    "spearman": 0.6541,
    "spectral_loss": 0.0
}
                              
Test Results: {
    "ci": 0.7513,
    "classification_loss": 0.0,
    "cluster_loss": 0.0,
    "mae": 0.9963,
    "mse": 1.8756,
    "multiclassification_loss": 0.0,
    "ortho_loss": 0.0,
    "pearson": 0.6821,
    "regression_loss": 1.8757,
    "rm2": 0.4646,
    "rmse": 1.3695,
    "sd": 1.357,
    "spearman": 0.6776,
    "spectral_loss": 0.0
}
                              
                              
----------------------------------------
Epoch 056 with LR 0.000122: Model Results
----------------------------------------
Train MSE Loss: 0.8367, Train CLS Loss: 0.0000, Train MCLS Loss: 0.0000
Protein Cluster Region Loss - Ortho Loss: 0.0000, Cluster Loss: 0.0000
                              
Validation Results: {
    "ci": 0.7489,
    "classification_loss": 0.0,
    "cluster_loss": 0.0,
    "mae": 0.9925,
    "mse": 1.9719,
    "multiclassification_loss": 0.0,
    "ortho_loss": 0.0,
    "pearson": 0.6611,
    "regression_loss": 1.9726,
    "rm2": 0.4036,
    "rmse": 1.4042,
    "sd": 1.3553,
    "spearman": 0.6661,
    "spectral_loss": 0.0
}
                              
Test Results: {
    "ci": 0.7513,
    "classification_loss": 0.0,
    "cluster_loss": 0.0,
    "mae": 0.9963,
    "mse": 1.8756,
    "multiclassification_loss": 0.0,
    "ortho_loss": 0.0,
    "pearson": 0.6821,
    "regression_loss": 1.8757,
    "rm2": 0.4646,
    "rmse": 1.3695,
    "sd": 1.357,
    "spearman": 0.6776,
    "spectral_loss": 0.0
}
                              
                              
----------------------------------------
Epoch 057 with LR 0.000118: Model Results
----------------------------------------
Train MSE Loss: 0.8440, Train CLS Loss: 0.0000, Train MCLS Loss: 0.0000
Protein Cluster Region Loss - Ortho Loss: 0.0000, Cluster Loss: 0.0000
                              
Validation Results: {
    "ci": 0.7501,
    "classification_loss": 0.0,
    "cluster_loss": 0.0,
    "mae": 0.9965,
    "mse": 1.9232,
    "multiclassification_loss": 0.0,
    "ortho_loss": 0.0,
    "pearson": 0.6688,
    "regression_loss": 1.9241,
    "rm2": 0.4468,
    "rmse": 1.3868,
    "sd": 1.3428,
    "spearman": 0.6715,
    "spectral_loss": 0.0
}
                              
Test Results: {
    "ci": 0.7513,
    "classification_loss": 0.0,
    "cluster_loss": 0.0,
    "mae": 0.9963,
    "mse": 1.8756,
    "multiclassification_loss": 0.0,
    "ortho_loss": 0.0,
    "pearson": 0.6821,
    "regression_loss": 1.8757,
    "rm2": 0.4646,
    "rmse": 1.3695,
    "sd": 1.357,
    "spearman": 0.6776,
    "spectral_loss": 0.0
}
                              
                              
----------------------------------------
Epoch 058 with LR 0.000113: Model Results
----------------------------------------
Train MSE Loss: 0.8246, Train CLS Loss: 0.0000, Train MCLS Loss: 0.0000
Protein Cluster Region Loss - Ortho Loss: 0.0000, Cluster Loss: 0.0000
                              
Validation Results: {
    "ci": 0.7468,
    "classification_loss": 0.0,
    "cluster_loss": 0.0,
    "mae": 1.0325,
    "mse": 2.0902,
    "multiclassification_loss": 0.0,
    "ortho_loss": 0.0,
    "pearson": 0.6592,
    "regression_loss": 2.0902,
    "rm2": 0.3745,
    "rmse": 1.4458,
    "sd": 1.3583,
    "spearman": 0.6618,
    "spectral_loss": 0.0
}
                              
Test Results: {
    "ci": 0.7513,
    "classification_loss": 0.0,
    "cluster_loss": 0.0,
    "mae": 0.9963,
    "mse": 1.8756,
    "multiclassification_loss": 0.0,
    "ortho_loss": 0.0,
    "pearson": 0.6821,
    "regression_loss": 1.8757,
    "rm2": 0.4646,
    "rmse": 1.3695,
    "sd": 1.357,
    "spearman": 0.6776,
    "spectral_loss": 0.0
}
                              
                              
----------------------------------------
Epoch 059 with LR 0.000109: Model Results
----------------------------------------
Train MSE Loss: 0.8236, Train CLS Loss: 0.0000, Train MCLS Loss: 0.0000
Protein Cluster Region Loss - Ortho Loss: 0.0000, Cluster Loss: 0.0000
                              
Validation Results: {
    "ci": 0.7552,
    "classification_loss": 0.0,
    "cluster_loss": 0.0,
    "mae": 0.9677,
    "mse": 1.8367,
    "multiclassification_loss": 0.0,
    "ortho_loss": 0.0,
    "pearson": 0.6819,
    "regression_loss": 1.8374,
    "rm2": 0.4138,
    "rmse": 1.3552,
    "sd": 1.3212,
    "spearman": 0.6802,
    "spectral_loss": 0.0
}
                              
Test Results: {
    "ci": 0.7535,
    "classification_loss": 0.0,
    "cluster_loss": 0.0,
    "mae": 1.0136,
    "mse": 1.922,
    "multiclassification_loss": 0.0,
    "ortho_loss": 0.0,
    "pearson": 0.6894,
    "regression_loss": 1.9214,
    "rm2": 0.4147,
    "rmse": 1.3864,
    "sd": 1.3442,
    "spearman": 0.6815,
    "spectral_loss": 0.0
}
                              
                              
----------------------------------------
Epoch 060 with LR 0.000104: Model Results
----------------------------------------
Train MSE Loss: 0.8145, Train CLS Loss: 0.0000, Train MCLS Loss: 0.0000
Protein Cluster Region Loss - Ortho Loss: 0.0000, Cluster Loss: 0.0000
                              
Validation Results: {
    "ci": 0.7474,
    "classification_loss": 0.0,
    "cluster_loss": 0.0,
    "mae": 0.9839,
    "mse": 1.9504,
    "multiclassification_loss": 0.0,
    "ortho_loss": 0.0,
    "pearson": 0.6575,
    "regression_loss": 1.951,
    "rm2": 0.3962,
    "rmse": 1.3966,
    "sd": 1.361,
    "spearman": 0.6616,
    "spectral_loss": 0.0
}
                              
Test Results: {
    "ci": 0.7535,
    "classification_loss": 0.0,
    "cluster_loss": 0.0,
    "mae": 1.0136,
    "mse": 1.922,
    "multiclassification_loss": 0.0,
    "ortho_loss": 0.0,
    "pearson": 0.6894,
    "regression_loss": 1.9214,
    "rm2": 0.4147,
    "rmse": 1.3864,
    "sd": 1.3442,
    "spearman": 0.6815,
    "spectral_loss": 0.0
}
                              
                              
----------------------------------------
Epoch 061 with LR 0.000100: Model Results
----------------------------------------
Train MSE Loss: 0.8067, Train CLS Loss: 0.0000, Train MCLS Loss: 0.0000
Protein Cluster Region Loss - Ortho Loss: 0.0000, Cluster Loss: 0.0000
                              
Validation Results: {
    "ci": 0.7545,
    "classification_loss": 0.0,
    "cluster_loss": 0.0,
    "mae": 0.9698,
    "mse": 1.8949,
    "multiclassification_loss": 0.0,
    "ortho_loss": 0.0,
    "pearson": 0.6739,
    "regression_loss": 1.896,
    "rm2": 0.4215,
    "rmse": 1.3766,
    "sd": 1.3345,
    "spearman": 0.6791,
    "spectral_loss": 0.0
}
                              
Test Results: {
    "ci": 0.7535,
    "classification_loss": 0.0,
    "cluster_loss": 0.0,
    "mae": 1.0136,
    "mse": 1.922,
    "multiclassification_loss": 0.0,
    "ortho_loss": 0.0,
    "pearson": 0.6894,
    "regression_loss": 1.9214,
    "rm2": 0.4147,
    "rmse": 1.3864,
    "sd": 1.3442,
    "spearman": 0.6815,
    "spectral_loss": 0.0
}
                              
                              
----------------------------------------
Epoch 062 with LR 0.000095: Model Results
----------------------------------------
Train MSE Loss: 0.7879, Train CLS Loss: 0.0000, Train MCLS Loss: 0.0000
Protein Cluster Region Loss - Ortho Loss: 0.0000, Cluster Loss: 0.0000
                              
Validation Results: {
    "ci": 0.7531,
    "classification_loss": 0.0,
    "cluster_loss": 0.0,
    "mae": 1.005,
    "mse": 1.9851,
    "multiclassification_loss": 0.0,
    "ortho_loss": 0.0,
    "pearson": 0.6708,
    "regression_loss": 1.9862,
    "rm2": 0.41,
    "rmse": 1.4089,
    "sd": 1.3396,
    "spearman": 0.6773,
    "spectral_loss": 0.0
}
                              
Test Results: {
    "ci": 0.7535,
    "classification_loss": 0.0,
    "cluster_loss": 0.0,
    "mae": 1.0136,
    "mse": 1.922,
    "multiclassification_loss": 0.0,
    "ortho_loss": 0.0,
    "pearson": 0.6894,
    "regression_loss": 1.9214,
    "rm2": 0.4147,
    "rmse": 1.3864,
    "sd": 1.3442,
    "spearman": 0.6815,
    "spectral_loss": 0.0
}
                              
                              
----------------------------------------
Epoch 063 with LR 0.000091: Model Results
----------------------------------------
Train MSE Loss: 0.7736, Train CLS Loss: 0.0000, Train MCLS Loss: 0.0000
Protein Cluster Region Loss - Ortho Loss: 0.0000, Cluster Loss: 0.0000
                              
Validation Results: {
    "ci": 0.7534,
    "classification_loss": 0.0,
    "cluster_loss": 0.0,
    "mae": 0.9757,
    "mse": 1.8925,
    "multiclassification_loss": 0.0,
    "ortho_loss": 0.0,
    "pearson": 0.6727,
    "regression_loss": 1.8931,
    "rm2": 0.4241,
    "rmse": 1.3757,
    "sd": 1.3364,
    "spearman": 0.6767,
    "spectral_loss": 0.0
}
                              
Test Results: {
    "ci": 0.7535,
    "classification_loss": 0.0,
    "cluster_loss": 0.0,
    "mae": 1.0136,
    "mse": 1.922,
    "multiclassification_loss": 0.0,
    "ortho_loss": 0.0,
    "pearson": 0.6894,
    "regression_loss": 1.9214,
    "rm2": 0.4147,
    "rmse": 1.3864,
    "sd": 1.3442,
    "spearman": 0.6815,
    "spectral_loss": 0.0
}
                              
                              
----------------------------------------
Epoch 064 with LR 0.000087: Model Results
----------------------------------------
Train MSE Loss: 0.7806, Train CLS Loss: 0.0000, Train MCLS Loss: 0.0000
Protein Cluster Region Loss - Ortho Loss: 0.0000, Cluster Loss: 0.0000
                              
Validation Results: {
    "ci": 0.7497,
    "classification_loss": 0.0,
    "cluster_loss": 0.0,
    "mae": 1.0259,
    "mse": 2.0706,
    "multiclassification_loss": 0.0,
    "ortho_loss": 0.0,
    "pearson": 0.6628,
    "regression_loss": 2.0716,
    "rm2": 0.4262,
    "rmse": 1.439,
    "sd": 1.3526,
    "spearman": 0.6675,
    "spectral_loss": 0.0
}
                              
Test Results: {
    "ci": 0.7535,
    "classification_loss": 0.0,
    "cluster_loss": 0.0,
    "mae": 1.0136,
    "mse": 1.922,
    "multiclassification_loss": 0.0,
    "ortho_loss": 0.0,
    "pearson": 0.6894,
    "regression_loss": 1.9214,
    "rm2": 0.4147,
    "rmse": 1.3864,
    "sd": 1.3442,
    "spearman": 0.6815,
    "spectral_loss": 0.0
}
                              
                              
----------------------------------------
Epoch 065 with LR 0.000083: Model Results
----------------------------------------
Train MSE Loss: 0.7736, Train CLS Loss: 0.0000, Train MCLS Loss: 0.0000
Protein Cluster Region Loss - Ortho Loss: 0.0000, Cluster Loss: 0.0000
                              
Validation Results: {
    "ci": 0.7534,
    "classification_loss": 0.0,
    "cluster_loss": 0.0,
    "mae": 0.9909,
    "mse": 1.9537,
    "multiclassification_loss": 0.0,
    "ortho_loss": 0.0,
    "pearson": 0.673,
    "regression_loss": 1.9541,
    "rm2": 0.3889,
    "rmse": 1.3978,
    "sd": 1.336,
    "spearman": 0.6767,
    "spectral_loss": 0.0
}
                              
Test Results: {
    "ci": 0.7535,
    "classification_loss": 0.0,
    "cluster_loss": 0.0,
    "mae": 1.0136,
    "mse": 1.922,
    "multiclassification_loss": 0.0,
    "ortho_loss": 0.0,
    "pearson": 0.6894,
    "regression_loss": 1.9214,
    "rm2": 0.4147,
    "rmse": 1.3864,
    "sd": 1.3442,
    "spearman": 0.6815,
    "spectral_loss": 0.0
}
                              
                              
----------------------------------------
Epoch 066 with LR 0.000078: Model Results
----------------------------------------
Train MSE Loss: 0.7564, Train CLS Loss: 0.0000, Train MCLS Loss: 0.0000
Protein Cluster Region Loss - Ortho Loss: 0.0000, Cluster Loss: 0.0000
                              
Validation Results: {
    "ci": 0.7543,
    "classification_loss": 0.0,
    "cluster_loss": 0.0,
    "mae": 0.9738,
    "mse": 1.866,
    "multiclassification_loss": 0.0,
    "ortho_loss": 0.0,
    "pearson": 0.6771,
    "regression_loss": 1.8667,
    "rm2": 0.4418,
    "rmse": 1.366,
    "sd": 1.3293,
    "spearman": 0.6798,
    "spectral_loss": 0.0
}
                              
Test Results: {
    "ci": 0.7535,
    "classification_loss": 0.0,
    "cluster_loss": 0.0,
    "mae": 1.0136,
    "mse": 1.922,
    "multiclassification_loss": 0.0,
    "ortho_loss": 0.0,
    "pearson": 0.6894,
    "regression_loss": 1.9214,
    "rm2": 0.4147,
    "rmse": 1.3864,
    "sd": 1.3442,
    "spearman": 0.6815,
    "spectral_loss": 0.0
}
                              
                              
----------------------------------------
Epoch 067 with LR 0.000074: Model Results
----------------------------------------
Train MSE Loss: 0.7535, Train CLS Loss: 0.0000, Train MCLS Loss: 0.0000
Protein Cluster Region Loss - Ortho Loss: 0.0000, Cluster Loss: 0.0000
                              
Validation Results: {
    "ci": 0.7504,
    "classification_loss": 0.0,
    "cluster_loss": 0.0,
    "mae": 0.9924,
    "mse": 1.9993,
    "multiclassification_loss": 0.0,
    "ortho_loss": 0.0,
    "pearson": 0.657,
    "regression_loss": 1.9998,
    "rm2": 0.408,
    "rmse": 1.414,
    "sd": 1.3618,
    "spearman": 0.6688,
    "spectral_loss": 0.0
}
                              
Test Results: {
    "ci": 0.7535,
    "classification_loss": 0.0,
    "cluster_loss": 0.0,
    "mae": 1.0136,
    "mse": 1.922,
    "multiclassification_loss": 0.0,
    "ortho_loss": 0.0,
    "pearson": 0.6894,
    "regression_loss": 1.9214,
    "rm2": 0.4147,
    "rmse": 1.3864,
    "sd": 1.3442,
    "spearman": 0.6815,
    "spectral_loss": 0.0
}
                              
                              
----------------------------------------
Epoch 068 with LR 0.000070: Model Results
----------------------------------------
Train MSE Loss: 0.7430, Train CLS Loss: 0.0000, Train MCLS Loss: 0.0000
Protein Cluster Region Loss - Ortho Loss: 0.0000, Cluster Loss: 0.0000
                              
Validation Results: {
    "ci": 0.749,
    "classification_loss": 0.0,
    "cluster_loss": 0.0,
    "mae": 1.0174,
    "mse": 2.1101,
    "multiclassification_loss": 0.0,
    "ortho_loss": 0.0,
    "pearson": 0.6491,
    "regression_loss": 2.1102,
    "rm2": 0.382,
    "rmse": 1.4526,
    "sd": 1.374,
    "spearman": 0.6647,
    "spectral_loss": 0.0
}
                              
Test Results: {
    "ci": 0.7535,
    "classification_loss": 0.0,
    "cluster_loss": 0.0,
    "mae": 1.0136,
    "mse": 1.922,
    "multiclassification_loss": 0.0,
    "ortho_loss": 0.0,
    "pearson": 0.6894,
    "regression_loss": 1.9214,
    "rm2": 0.4147,
    "rmse": 1.3864,
    "sd": 1.3442,
    "spearman": 0.6815,
    "spectral_loss": 0.0
}
                              
                              
----------------------------------------
Epoch 069 with LR 0.000066: Model Results
----------------------------------------
Train MSE Loss: 0.7395, Train CLS Loss: 0.0000, Train MCLS Loss: 0.0000
Protein Cluster Region Loss - Ortho Loss: 0.0000, Cluster Loss: 0.0000
                              
Validation Results: {
    "ci": 0.7522,
    "classification_loss": 0.0,
    "cluster_loss": 0.0,
    "mae": 0.9872,
    "mse": 1.929,
    "multiclassification_loss": 0.0,
    "ortho_loss": 0.0,
    "pearson": 0.6704,
    "regression_loss": 1.9299,
    "rm2": 0.4057,
    "rmse": 1.3889,
    "sd": 1.3402,
    "spearman": 0.6738,
    "spectral_loss": 0.0
}
                              
Test Results: {
    "ci": 0.7535,
    "classification_loss": 0.0,
    "cluster_loss": 0.0,
    "mae": 1.0136,
    "mse": 1.922,
    "multiclassification_loss": 0.0,
    "ortho_loss": 0.0,
    "pearson": 0.6894,
    "regression_loss": 1.9214,
    "rm2": 0.4147,
    "rmse": 1.3864,
    "sd": 1.3442,
    "spearman": 0.6815,
    "spectral_loss": 0.0
}
                              
                              
----------------------------------------
Epoch 070 with LR 0.000063: Model Results
----------------------------------------
Train MSE Loss: 0.7258, Train CLS Loss: 0.0000, Train MCLS Loss: 0.0000
Protein Cluster Region Loss - Ortho Loss: 0.0000, Cluster Loss: 0.0000
                              
Validation Results: {
    "ci": 0.7488,
    "classification_loss": 0.0,
    "cluster_loss": 0.0,
    "mae": 1.0497,
    "mse": 2.1662,
    "multiclassification_loss": 0.0,
    "ortho_loss": 0.0,
    "pearson": 0.6621,
    "regression_loss": 2.1669,
    "rm2": 0.3981,
    "rmse": 1.4718,
    "sd": 1.3537,
    "spearman": 0.6673,
    "spectral_loss": 0.0
}
                              
Test Results: {
    "ci": 0.7535,
    "classification_loss": 0.0,
    "cluster_loss": 0.0,
    "mae": 1.0136,
    "mse": 1.922,
    "multiclassification_loss": 0.0,
    "ortho_loss": 0.0,
    "pearson": 0.6894,
    "regression_loss": 1.9214,
    "rm2": 0.4147,
    "rmse": 1.3864,
    "sd": 1.3442,
    "spearman": 0.6815,
    "spectral_loss": 0.0
}
                              
                              
----------------------------------------
Epoch 071 with LR 0.000059: Model Results
----------------------------------------
Train MSE Loss: 0.7206, Train CLS Loss: 0.0000, Train MCLS Loss: 0.0000
Protein Cluster Region Loss - Ortho Loss: 0.0000, Cluster Loss: 0.0000
                              
Validation Results: {
    "ci": 0.753,
    "classification_loss": 0.0,
    "cluster_loss": 0.0,
    "mae": 1.0193,
    "mse": 2.0651,
    "multiclassification_loss": 0.0,
    "ortho_loss": 0.0,
    "pearson": 0.67,
    "regression_loss": 2.0661,
    "rm2": 0.4264,
    "rmse": 1.437,
    "sd": 1.3408,
    "spearman": 0.6752,
    "spectral_loss": 0.0
}
                              
Test Results: {
    "ci": 0.7535,
    "classification_loss": 0.0,
    "cluster_loss": 0.0,
    "mae": 1.0136,
    "mse": 1.922,
    "multiclassification_loss": 0.0,
    "ortho_loss": 0.0,
    "pearson": 0.6894,
    "regression_loss": 1.9214,
    "rm2": 0.4147,
    "rmse": 1.3864,
    "sd": 1.3442,
    "spearman": 0.6815,
    "spectral_loss": 0.0
}
                              
                              
----------------------------------------
Epoch 072 with LR 0.000055: Model Results
----------------------------------------
Train MSE Loss: 0.7294, Train CLS Loss: 0.0000, Train MCLS Loss: 0.0000
Protein Cluster Region Loss - Ortho Loss: 0.0000, Cluster Loss: 0.0000
                              
Validation Results: {
    "ci": 0.7529,
    "classification_loss": 0.0,
    "cluster_loss": 0.0,
    "mae": 0.9912,
    "mse": 1.9651,
    "multiclassification_loss": 0.0,
    "ortho_loss": 0.0,
    "pearson": 0.6693,
    "regression_loss": 1.9659,
    "rm2": 0.4113,
    "rmse": 1.4018,
    "sd": 1.342,
    "spearman": 0.6754,
    "spectral_loss": 0.0
}
                              
Test Results: {
    "ci": 0.7535,
    "classification_loss": 0.0,
    "cluster_loss": 0.0,
    "mae": 1.0136,
    "mse": 1.922,
    "multiclassification_loss": 0.0,
    "ortho_loss": 0.0,
    "pearson": 0.6894,
    "regression_loss": 1.9214,
    "rm2": 0.4147,
    "rmse": 1.3864,
    "sd": 1.3442,
    "spearman": 0.6815,
    "spectral_loss": 0.0
}
                              
                              
----------------------------------------
Epoch 073 with LR 0.000052: Model Results
----------------------------------------
Train MSE Loss: 0.7130, Train CLS Loss: 0.0000, Train MCLS Loss: 0.0000
Protein Cluster Region Loss - Ortho Loss: 0.0000, Cluster Loss: 0.0000
                              
Validation Results: {
    "ci": 0.7531,
    "classification_loss": 0.0,
    "cluster_loss": 0.0,
    "mae": 0.9918,
    "mse": 1.9868,
    "multiclassification_loss": 0.0,
    "ortho_loss": 0.0,
    "pearson": 0.6667,
    "regression_loss": 1.9874,
    "rm2": 0.4104,
    "rmse": 1.4095,
    "sd": 1.3462,
    "spearman": 0.6758,
    "spectral_loss": 0.0
}
                              
Test Results: {
    "ci": 0.7535,
    "classification_loss": 0.0,
    "cluster_loss": 0.0,
    "mae": 1.0136,
    "mse": 1.922,
    "multiclassification_loss": 0.0,
    "ortho_loss": 0.0,
    "pearson": 0.6894,
    "regression_loss": 1.9214,
    "rm2": 0.4147,
    "rmse": 1.3864,
    "sd": 1.3442,
    "spearman": 0.6815,
    "spectral_loss": 0.0
}
                              
                              
----------------------------------------
Epoch 074 with LR 0.000048: Model Results
----------------------------------------
Train MSE Loss: 0.7149, Train CLS Loss: 0.0000, Train MCLS Loss: 0.0000
Protein Cluster Region Loss - Ortho Loss: 0.0000, Cluster Loss: 0.0000
                              
Validation Results: {
    "ci": 0.7549,
    "classification_loss": 0.0,
    "cluster_loss": 0.0,
    "mae": 0.9833,
    "mse": 1.9351,
    "multiclassification_loss": 0.0,
    "ortho_loss": 0.0,
    "pearson": 0.6739,
    "regression_loss": 1.9359,
    "rm2": 0.4208,
    "rmse": 1.3911,
    "sd": 1.3344,
    "spearman": 0.6795,
    "spectral_loss": 0.0
}
                              
Test Results: {
    "ci": 0.7535,
    "classification_loss": 0.0,
    "cluster_loss": 0.0,
    "mae": 1.0136,
    "mse": 1.922,
    "multiclassification_loss": 0.0,
    "ortho_loss": 0.0,
    "pearson": 0.6894,
    "regression_loss": 1.9214,
    "rm2": 0.4147,
    "rmse": 1.3864,
    "sd": 1.3442,
    "spearman": 0.6815,
    "spectral_loss": 0.0
}

Early stopping at epoch 74 (no improvement for 15 epochs)
[best epoch] epoch=59, best_rmse=1.3552, lr_at_best=1.088e-04
                              
                              
----------------------------------------
Epoch 074 with LR 0.000048: Model Results
----------------------------------------
Train MSE Loss: 0.7149, Train CLS Loss: 0.0000, Train MCLS Loss: 0.0000
Protein Cluster Region Loss - Ortho Loss: 0.0000, Cluster Loss: 0.0000
                              
Validation Results: {
    "ci": 0.7549,
    "classification_loss": 0.0,
    "cluster_loss": 0.0,
    "mae": 0.9833,
    "mse": 1.9351,
    "multiclassification_loss": 0.0,
    "ortho_loss": 0.0,
    "pearson": 0.6739,
    "regression_loss": 1.9359,
    "rm2": 0.4208,
    "rmse": 1.3911,
    "sd": 1.3344,
    "spearman": 0.6795,
    "spectral_loss": 0.0
}
                              
Test Results: {
    "ci": 0.7535,
    "classification_loss": 0.0,
    "cluster_loss": 0.0,
    "mae": 1.0136,
    "mse": 1.922,
    "multiclassification_loss": 0.0,
    "ortho_loss": 0.0,
    "pearson": 0.6894,
    "regression_loss": 1.9214,
    "rm2": 0.4147,
    "rmse": 1.3864,
    "sd": 1.3442,
    "spearman": 0.6815,
    "spectral_loss": 0.0
}
Final test metrics: rmse=1.3883, pearson=0.6890, r2_proxy(mse)=1.9273
Done. Predictions: /sc/arion/projects/DiseaseGeneCell/Huang_lab_project/wangcDrugRepoProject/TRACE_Kin_Results_v6c_pocket_graph/EITLEM_dataset/EITLEM_kkm_MUTAPLM_embedding_random/test_prediction_seed2.csv; checkpoint: /sc/arion/projects/DiseaseGeneCell/Huang_lab_project/wangcDrugRepoProject/TRACE_Kin_Results_v6c_pocket_graph/EITLEM_dataset/EITLEM_kkm_MUTAPLM_embedding_random/save_model_seed2/model.pt

Array task 4/10: OK (EITLEM_kkm_MUTAPLM_embedding_random)


PS:

Read file <243012710.4.stderr> for stderr output of this job.

