Sender: LSF System <lsfadmin@lg03e15>
Subject: Job 243012710[1]: <trace_kin_v6c_perfolder_s2[1-10]> in cluster <chimera> Done

Job <trace_kin_v6c_perfolder_s2[1-10]> was submitted from host <li04e03> by user <wangc40> in cluster <chimera> at Mon May 11 21:29:31 2026
Job was executed on host(s) <16*lg03e15>, in queue <gpu>, as user <wangc40> in cluster <chimera> at Mon May 11 21:29:35 2026
</hpc/users/wangc40> was used as the home directory.
</sc/arion/projects/DiseaseGeneCell/Huang_lab_project/wangcDrugRepoProject/TRACE-Kin> was used as the working directory.
Started at Mon May 11 21:29:35 2026
Terminated at Mon May 11 22:21:54 2026
Results reported at Mon May 11 22:21:54 2026

Your job looked like:

------------------------------------------------------------
# LSBATCH: User input
#!/bin/bash
#BSUB -J trace_kin_v6c_perfolder_s2[1-10]
#BSUB -P acc_DiseaseGeneCell
#BSUB -q gpu
#BSUB -R h100nvl
#BSUB -gpu num=1
#BSUB -n 16
#BSUB -R "rusage[mem=15000]"
#BSUB -R "span[hosts=1]"
#BSUB -W 48:00
#BSUB -o %J.%I.stdout
#BSUB -eo %J.%I.stderr
#BSUB -L /bin/bash

# =============================================================================
# TRACE-Kin v6c PER-FOLDER — seed 2
# =============================================================================

# --- Environment -------------------------------------------------------------
ml purge
source ~/.bashrc
module load anaconda3/2024.06
source activate test
module load cuda/12.4.0
export RAYON_NUM_THREADS=4
export PYTORCH_CUDA_ALLOC_CONF=expandable_segments:True
export PYTHONPATH="$PWD${PYTHONPATH:+:$PYTHONPATH}"

# --- Knobs (env overrides) ---------------------------------------------------
ENZYME_BASE="${ENZYME_BASE:-/sc/arion/projects/DiseaseGeneCell/Huang_lab_project/drug_discovery/output/data/enzyme_embeddings_dataset}"
RESULT_BASE="${RESULT_BASE:-/sc/arion/projects/DiseaseGeneCell/Huang_lab_project/wangcDrugRepoProject/TRACE_Kin_Results_v6c_pocket_graph}"
MOLFORMER_PATH="${MOLFORMER_PATH:-/sc/arion/projects/DiseaseGeneCell/Huang_lab_project/wangcDrugRepoProject/transformersmodels/ibm/MoLFormer-XL-both-10pct}"
CONFIG_PATH="${CONFIG_PATH:-training/config_v6c.json}"
EPOCHS="${EPOCHS:-100}"
BATCH_SIZE="${BATCH_SIZE:-32}"
SEED=2
LRATE="${LRATE:-3e-4}"

# --- Per-array-index table (10 cells, MUTAPLM embedding) ---------------------
JOBS=(
    "EITLEM_dataset|EITLEM_kkm_MUTAPLM_embedding_cold_drug|"
    "catpred_dataset|catpred_kcat_MUTAPLM_embedding_random|"
    "inhouse_dataset|inhouse_Kd_MUTAPLM_embedding_random|"
    "EITLEM_dataset|EITLEM_kkm_MUTAPLM_embedding_random|"
    "EITLEM_dataset|EITLEM_kcat_MUTAPLM_embedding_cold_drug|"
    "MPEK_dataset|MPEK_kcat_MUTAPLM_embedding_cold_protein|"
    "EITLEM_dataset|EITLEM_km_MUTAPLM_embedding_cold_protein|"
    "catpred_dataset|catpred_ki_MUTAPLM_embedding_cold_protein|"
    "EITLEM_dataset|EITLEM_kkm_MUTAPLM_embedding_cold_protein|"
    "EITLEM_dataset|EITLEM_kcat_MUTAPLM_embedding_cold_protein|"

(... more ...)
------------------------------------------------------------

Successfully completed.

Resource usage summary:

    CPU time :                                   3629.00 sec.
    Max Memory :                                 25528 MB
    Average Memory :                             23824.46 MB
    Total Requested Memory :                     240000.00 MB
    Delta Memory :                               214472.00 MB
    Max Swap :                                   -
    Max Processes :                              21
    Max Threads :                                53
    Run time :                                   3139 sec.
    Turnaround time :                            3143 sec.

The output (if any) follows:

==========================================
TRACE-Kin v6c PER-FOLDER task 1/10 (seed=2)
==========================================
Date:        Mon May 11 21:29:38 EDT 2026
Dataset:     /sc/arion/projects/DiseaseGeneCell/Huang_lab_project/drug_discovery/output/data/enzyme_embeddings_dataset/EITLEM_dataset/EITLEM_kkm_MUTAPLM_embedding_cold_drug
Result:      /sc/arion/projects/DiseaseGeneCell/Huang_lab_project/wangcDrugRepoProject/TRACE_Kin_Results_v6c_pocket_graph/EITLEM_dataset/EITLEM_kkm_MUTAPLM_embedding_cold_drug
Config:      training/config_v6c.json
Epochs:      100, batch=32, seed=2, lr=3e-4
==========================================
Python 3.12.2
CUDA device: NVIDIA H100 80GB HBM3, sm_90
============================================================
TRACE-Kin training
============================================================
Datafolder:        /sc/arion/projects/DiseaseGeneCell/Huang_lab_project/drug_discovery/output/data/enzyme_embeddings_dataset/EITLEM_dataset/EITLEM_kkm_MUTAPLM_embedding_cold_drug
Result path:       /sc/arion/projects/DiseaseGeneCell/Huang_lab_project/wangcDrugRepoProject/TRACE_Kin_Results_v6c_pocket_graph/EITLEM_dataset/EITLEM_kkm_MUTAPLM_embedding_cold_drug
Config:            training/config_v6c.json
Pool train CSVs:   (none)
============================================================
[mem] before load_split_dataframes             max RSS = 0.62 GB
Loading primary train (essential cols): /sc/arion/projects/DiseaseGeneCell/Huang_lab_project/drug_discovery/output/data/enzyme_embeddings_dataset/EITLEM_dataset/EITLEM_kkm_MUTAPLM_embedding_cold_drug/train.parquet
Loading primary test (essential cols): /sc/arion/projects/DiseaseGeneCell/Huang_lab_project/drug_discovery/output/data/enzyme_embeddings_dataset/EITLEM_dataset/EITLEM_kkm_MUTAPLM_embedding_cold_drug/test.parquet
Loading primary val (essential cols): /sc/arion/projects/DiseaseGeneCell/Huang_lab_project/drug_discovery/output/data/enzyme_embeddings_dataset/EITLEM_dataset/EITLEM_kkm_MUTAPLM_embedding_cold_drug/val.parquet
Detected prot_evo_channels = 4096 (1-row sample)
[mem] after load_split_dataframes (lite — feature cols not loaded) max RSS = 0.82 GB
model_version: v6c, use_swa: False
Reusing protein cache: /sc/arion/projects/DiseaseGeneCell/Huang_lab_project/drug_discovery/output/data/enzyme_embeddings_dataset/EITLEM_dataset/EITLEM_kkm_MUTAPLM_embedding_cold_drug/protein.pt
Reusing ligand cache: /sc/arion/projects/DiseaseGeneCell/Huang_lab_project/drug_discovery/output/data/enzyme_embeddings_dataset/EITLEM_dataset/EITLEM_kkm_MUTAPLM_embedding_cold_drug/ligand.pt
[mem] after preprocess                         max RSS = 23.00 GB
loaders ready: train=305 test=78 val=47
[mem] after make_loaders                       max RSS = 23.00 GB
Built TraceKinV6C with 50,012,934 parameters
[AMP] enabled: dtype=torch.bfloat16
[LR schedule] schedule_lr=True, lrate=0.0003, min_lrate=1e-06, warmup_iters=0, lr_decay_iters=30500, total_iters=30500
Not in terminal, reprint now using normal build-in print function.
                              
                              
----------------------------------------
Epoch 001 with LR 0.000300: Model Results
----------------------------------------
Train MSE Loss: 3.7526, Train CLS Loss: 0.0000, Train MCLS Loss: 0.0000
Protein Cluster Region Loss - Ortho Loss: 0.0000, Cluster Loss: 0.0000
                              
Validation Results: {
    "ci": 0.6094,
    "classification_loss": 0.0,
    "cluster_loss": 0.0,
    "mae": 1.3853,
    "mse": 3.0348,
    "multiclassification_loss": 0.0,
    "ortho_loss": 0.0,
    "pearson": 0.3186,
    "regression_loss": 3.1034,
    "rm2": 0.1001,
    "rmse": 1.7421,
    "sd": 1.7214,
    "spearman": 0.3261,
    "spectral_loss": 0.0
}
                              
Test Results: {
    "ci": 0.5789,
    "classification_loss": 0.0,
    "cluster_loss": 0.0,
    "mae": 1.3038,
    "mse": 2.7152,
    "multiclassification_loss": 0.0,
    "ortho_loss": 0.0,
    "pearson": 0.2471,
    "regression_loss": 2.7112,
    "rm2": 0.0589,
    "rmse": 1.6478,
    "sd": 1.6347,
    "spearman": 0.2325,
    "spectral_loss": 0.0
}
                              
                              
----------------------------------------
Epoch 002 with LR 0.000300: Model Results
----------------------------------------
Train MSE Loss: 3.0760, Train CLS Loss: 0.0000, Train MCLS Loss: 0.0000
Protein Cluster Region Loss - Ortho Loss: 0.0000, Cluster Loss: 0.0000
                              
Validation Results: {
    "ci": 0.6211,
    "classification_loss": 0.0,
    "cluster_loss": 0.0,
    "mae": 1.376,
    "mse": 3.0178,
    "multiclassification_loss": 0.0,
    "ortho_loss": 0.0,
    "pearson": 0.3527,
    "regression_loss": 3.0871,
    "rm2": 0.1169,
    "rmse": 1.7372,
    "sd": 1.6994,
    "spearman": 0.357,
    "spectral_loss": 0.0
}
                              
Test Results: {
    "ci": 0.6088,
    "classification_loss": 0.0,
    "cluster_loss": 0.0,
    "mae": 1.3131,
    "mse": 2.7073,
    "multiclassification_loss": 0.0,
    "ortho_loss": 0.0,
    "pearson": 0.3137,
    "regression_loss": 2.7041,
    "rm2": 0.0903,
    "rmse": 1.6454,
    "sd": 1.6018,
    "spearman": 0.3164,
    "spectral_loss": 0.0
}
                              
                              
----------------------------------------
Epoch 003 with LR 0.000299: Model Results
----------------------------------------
Train MSE Loss: 2.8852, Train CLS Loss: 0.0000, Train MCLS Loss: 0.0000
Protein Cluster Region Loss - Ortho Loss: 0.0000, Cluster Loss: 0.0000
                              
Validation Results: {
    "ci": 0.6363,
    "classification_loss": 0.0,
    "cluster_loss": 0.0,
    "mae": 1.2984,
    "mse": 2.7493,
    "multiclassification_loss": 0.0,
    "ortho_loss": 0.0,
    "pearson": 0.4168,
    "regression_loss": 2.7667,
    "rm2": 0.1648,
    "rmse": 1.6581,
    "sd": 1.6508,
    "spearman": 0.3989,
    "spectral_loss": 0.0
}
                              
Test Results: {
    "ci": 0.6135,
    "classification_loss": 0.0,
    "cluster_loss": 0.0,
    "mae": 1.2564,
    "mse": 2.5349,
    "multiclassification_loss": 0.0,
    "ortho_loss": 0.0,
    "pearson": 0.3506,
    "regression_loss": 2.5327,
    "rm2": 0.1176,
    "rmse": 1.5921,
    "sd": 1.5799,
    "spearman": 0.331,
    "spectral_loss": 0.0
}
                              
                              
----------------------------------------
Epoch 004 with LR 0.000299: Model Results
----------------------------------------
Train MSE Loss: 2.6675, Train CLS Loss: 0.0000, Train MCLS Loss: 0.0000
Protein Cluster Region Loss - Ortho Loss: 0.0000, Cluster Loss: 0.0000
                              
Validation Results: {
    "ci": 0.6534,
    "classification_loss": 0.0,
    "cluster_loss": 0.0,
    "mae": 1.2618,
    "mse": 2.6114,
    "multiclassification_loss": 0.0,
    "ortho_loss": 0.0,
    "pearson": 0.4565,
    "regression_loss": 2.6319,
    "rm2": 0.2051,
    "rmse": 1.616,
    "sd": 1.6158,
    "spearman": 0.4433,
    "spectral_loss": 0.0
}
                              
Test Results: {
    "ci": 0.6205,
    "classification_loss": 0.0,
    "cluster_loss": 0.0,
    "mae": 1.2274,
    "mse": 2.4818,
    "multiclassification_loss": 0.0,
    "ortho_loss": 0.0,
    "pearson": 0.3672,
    "regression_loss": 2.4807,
    "rm2": 0.1348,
    "rmse": 1.5754,
    "sd": 1.5691,
    "spearman": 0.3505,
    "spectral_loss": 0.0
}
                              
                              
----------------------------------------
Epoch 005 with LR 0.000298: Model Results
----------------------------------------
Train MSE Loss: 2.4617, Train CLS Loss: 0.0000, Train MCLS Loss: 0.0000
Protein Cluster Region Loss - Ortho Loss: 0.0000, Cluster Loss: 0.0000
                              
Validation Results: {
    "ci": 0.6602,
    "classification_loss": 0.0,
    "cluster_loss": 0.0,
    "mae": 1.3056,
    "mse": 2.8001,
    "multiclassification_loss": 0.0,
    "ortho_loss": 0.0,
    "pearson": 0.4705,
    "regression_loss": 2.903,
    "rm2": 0.1904,
    "rmse": 1.6734,
    "sd": 1.6025,
    "spearman": 0.4618,
    "spectral_loss": 0.0
}
                              
Test Results: {
    "ci": 0.6205,
    "classification_loss": 0.0,
    "cluster_loss": 0.0,
    "mae": 1.2274,
    "mse": 2.4818,
    "multiclassification_loss": 0.0,
    "ortho_loss": 0.0,
    "pearson": 0.3672,
    "regression_loss": 2.4807,
    "rm2": 0.1348,
    "rmse": 1.5754,
    "sd": 1.5691,
    "spearman": 0.3505,
    "spectral_loss": 0.0
}
                              
                              
----------------------------------------
Epoch 006 with LR 0.000297: Model Results
----------------------------------------
Train MSE Loss: 2.1424, Train CLS Loss: 0.0000, Train MCLS Loss: 0.0000
Protein Cluster Region Loss - Ortho Loss: 0.0000, Cluster Loss: 0.0000
                              
Validation Results: {
    "ci": 0.6571,
    "classification_loss": 0.0,
    "cluster_loss": 0.0,
    "mae": 1.2557,
    "mse": 2.6369,
    "multiclassification_loss": 0.0,
    "ortho_loss": 0.0,
    "pearson": 0.4776,
    "regression_loss": 2.6823,
    "rm2": 0.2141,
    "rmse": 1.6238,
    "sd": 1.5956,
    "spearman": 0.4554,
    "spectral_loss": 0.0
}
                              
Test Results: {
    "ci": 0.6205,
    "classification_loss": 0.0,
    "cluster_loss": 0.0,
    "mae": 1.2274,
    "mse": 2.4818,
    "multiclassification_loss": 0.0,
    "ortho_loss": 0.0,
    "pearson": 0.3672,
    "regression_loss": 2.4807,
    "rm2": 0.1348,
    "rmse": 1.5754,
    "sd": 1.5691,
    "spearman": 0.3505,
    "spectral_loss": 0.0
}
                              
                              
----------------------------------------
Epoch 007 with LR 0.000296: Model Results
----------------------------------------
Train MSE Loss: 2.0424, Train CLS Loss: 0.0000, Train MCLS Loss: 0.0000
Protein Cluster Region Loss - Ortho Loss: 0.0000, Cluster Loss: 0.0000
                              
Validation Results: {
    "ci": 0.6725,
    "classification_loss": 0.0,
    "cluster_loss": 0.0,
    "mae": 1.2669,
    "mse": 2.72,
    "multiclassification_loss": 0.0,
    "ortho_loss": 0.0,
    "pearson": 0.4989,
    "regression_loss": 2.7994,
    "rm2": 0.2283,
    "rmse": 1.6492,
    "sd": 1.5739,
    "spearman": 0.4977,
    "spectral_loss": 0.0
}
                              
Test Results: {
    "ci": 0.6205,
    "classification_loss": 0.0,
    "cluster_loss": 0.0,
    "mae": 1.2274,
    "mse": 2.4818,
    "multiclassification_loss": 0.0,
    "ortho_loss": 0.0,
    "pearson": 0.3672,
    "regression_loss": 2.4807,
    "rm2": 0.1348,
    "rmse": 1.5754,
    "sd": 1.5691,
    "spearman": 0.3505,
    "spectral_loss": 0.0
}
                              
                              
----------------------------------------
Epoch 008 with LR 0.000295: Model Results
----------------------------------------
Train MSE Loss: 1.9176, Train CLS Loss: 0.0000, Train MCLS Loss: 0.0000
Protein Cluster Region Loss - Ortho Loss: 0.0000, Cluster Loss: 0.0000
                              
Validation Results: {
    "ci": 0.652,
    "classification_loss": 0.0,
    "cluster_loss": 0.0,
    "mae": 1.3341,
    "mse": 2.9827,
    "multiclassification_loss": 0.0,
    "ortho_loss": 0.0,
    "pearson": 0.4599,
    "regression_loss": 3.0529,
    "rm2": 0.2003,
    "rmse": 1.727,
    "sd": 1.6126,
    "spearman": 0.4391,
    "spectral_loss": 0.0
}
                              
Test Results: {
    "ci": 0.6205,
    "classification_loss": 0.0,
    "cluster_loss": 0.0,
    "mae": 1.2274,
    "mse": 2.4818,
    "multiclassification_loss": 0.0,
    "ortho_loss": 0.0,
    "pearson": 0.3672,
    "regression_loss": 2.4807,
    "rm2": 0.1348,
    "rmse": 1.5754,
    "sd": 1.5691,
    "spearman": 0.3505,
    "spectral_loss": 0.0
}
                              
                              
----------------------------------------
Epoch 009 with LR 0.000294: Model Results
----------------------------------------
Train MSE Loss: 1.8343, Train CLS Loss: 0.0000, Train MCLS Loss: 0.0000
Protein Cluster Region Loss - Ortho Loss: 0.0000, Cluster Loss: 0.0000
                              
Validation Results: {
    "ci": 0.6723,
    "classification_loss": 0.0,
    "cluster_loss": 0.0,
    "mae": 1.199,
    "mse": 2.4278,
    "multiclassification_loss": 0.0,
    "ortho_loss": 0.0,
    "pearson": 0.5177,
    "regression_loss": 2.475,
    "rm2": 0.2669,
    "rmse": 1.5581,
    "sd": 1.5538,
    "spearman": 0.4967,
    "spectral_loss": 0.0
}
                              
Test Results: {
    "ci": 0.6403,
    "classification_loss": 0.0,
    "cluster_loss": 0.0,
    "mae": 1.2023,
    "mse": 2.4079,
    "multiclassification_loss": 0.0,
    "ortho_loss": 0.0,
    "pearson": 0.433,
    "regression_loss": 2.4085,
    "rm2": 0.1869,
    "rmse": 1.5517,
    "sd": 1.5206,
    "spearman": 0.4033,
    "spectral_loss": 0.0
}
                              
                              
----------------------------------------
Epoch 010 with LR 0.000293: Model Results
----------------------------------------
Train MSE Loss: 1.7643, Train CLS Loss: 0.0000, Train MCLS Loss: 0.0000
Protein Cluster Region Loss - Ortho Loss: 0.0000, Cluster Loss: 0.0000
                              
Validation Results: {
    "ci": 0.6734,
    "classification_loss": 0.0,
    "cluster_loss": 0.0,
    "mae": 1.225,
    "mse": 2.598,
    "multiclassification_loss": 0.0,
    "ortho_loss": 0.0,
    "pearson": 0.5059,
    "regression_loss": 2.7051,
    "rm2": 0.222,
    "rmse": 1.6118,
    "sd": 1.5666,
    "spearman": 0.4981,
    "spectral_loss": 0.0
}
                              
Test Results: {
    "ci": 0.6403,
    "classification_loss": 0.0,
    "cluster_loss": 0.0,
    "mae": 1.2023,
    "mse": 2.4079,
    "multiclassification_loss": 0.0,
    "ortho_loss": 0.0,
    "pearson": 0.433,
    "regression_loss": 2.4085,
    "rm2": 0.1869,
    "rmse": 1.5517,
    "sd": 1.5206,
    "spearman": 0.4033,
    "spectral_loss": 0.0
}
                              
                              
----------------------------------------
Epoch 011 with LR 0.000291: Model Results
----------------------------------------
Train MSE Loss: 1.6942, Train CLS Loss: 0.0000, Train MCLS Loss: 0.0000
Protein Cluster Region Loss - Ortho Loss: 0.0000, Cluster Loss: 0.0000
                              
Validation Results: {
    "ci": 0.6752,
    "classification_loss": 0.0,
    "cluster_loss": 0.0,
    "mae": 1.2155,
    "mse": 2.5258,
    "multiclassification_loss": 0.0,
    "ortho_loss": 0.0,
    "pearson": 0.5123,
    "regression_loss": 2.5239,
    "rm2": 0.2617,
    "rmse": 1.5893,
    "sd": 1.5597,
    "spearman": 0.5043,
    "spectral_loss": 0.0
}
                              
Test Results: {
    "ci": 0.6403,
    "classification_loss": 0.0,
    "cluster_loss": 0.0,
    "mae": 1.2023,
    "mse": 2.4079,
    "multiclassification_loss": 0.0,
    "ortho_loss": 0.0,
    "pearson": 0.433,
    "regression_loss": 2.4085,
    "rm2": 0.1869,
    "rmse": 1.5517,
    "sd": 1.5206,
    "spearman": 0.4033,
    "spectral_loss": 0.0
}
                              
                              
----------------------------------------
Epoch 012 with LR 0.000290: Model Results
----------------------------------------
Train MSE Loss: 1.6691, Train CLS Loss: 0.0000, Train MCLS Loss: 0.0000
Protein Cluster Region Loss - Ortho Loss: 0.0000, Cluster Loss: 0.0000
                              
Validation Results: {
    "ci": 0.6768,
    "classification_loss": 0.0,
    "cluster_loss": 0.0,
    "mae": 1.204,
    "mse": 2.4849,
    "multiclassification_loss": 0.0,
    "ortho_loss": 0.0,
    "pearson": 0.5231,
    "regression_loss": 2.5105,
    "rm2": 0.2607,
    "rmse": 1.5763,
    "sd": 1.5478,
    "spearman": 0.5071,
    "spectral_loss": 0.0
}
                              
Test Results: {
    "ci": 0.6403,
    "classification_loss": 0.0,
    "cluster_loss": 0.0,
    "mae": 1.2023,
    "mse": 2.4079,
    "multiclassification_loss": 0.0,
    "ortho_loss": 0.0,
    "pearson": 0.433,
    "regression_loss": 2.4085,
    "rm2": 0.1869,
    "rmse": 1.5517,
    "sd": 1.5206,
    "spearman": 0.4033,
    "spectral_loss": 0.0
}
                              
                              
----------------------------------------
Epoch 013 with LR 0.000288: Model Results
----------------------------------------
Train MSE Loss: 1.5907, Train CLS Loss: 0.0000, Train MCLS Loss: 0.0000
Protein Cluster Region Loss - Ortho Loss: 0.0000, Cluster Loss: 0.0000
                              
Validation Results: {
    "ci": 0.6658,
    "classification_loss": 0.0,
    "cluster_loss": 0.0,
    "mae": 1.2875,
    "mse": 2.9008,
    "multiclassification_loss": 0.0,
    "ortho_loss": 0.0,
    "pearson": 0.4828,
    "regression_loss": 2.8947,
    "rm2": 0.2328,
    "rmse": 1.7032,
    "sd": 1.5904,
    "spearman": 0.473,
    "spectral_loss": 0.0
}
                              
Test Results: {
    "ci": 0.6403,
    "classification_loss": 0.0,
    "cluster_loss": 0.0,
    "mae": 1.2023,
    "mse": 2.4079,
    "multiclassification_loss": 0.0,
    "ortho_loss": 0.0,
    "pearson": 0.433,
    "regression_loss": 2.4085,
    "rm2": 0.1869,
    "rmse": 1.5517,
    "sd": 1.5206,
    "spearman": 0.4033,
    "spectral_loss": 0.0
}
                              
                              
----------------------------------------
Epoch 014 with LR 0.000286: Model Results
----------------------------------------
Train MSE Loss: 1.5916, Train CLS Loss: 0.0000, Train MCLS Loss: 0.0000
Protein Cluster Region Loss - Ortho Loss: 0.0000, Cluster Loss: 0.0000
                              
Validation Results: {
    "ci": 0.6758,
    "classification_loss": 0.0,
    "cluster_loss": 0.0,
    "mae": 1.1906,
    "mse": 2.4657,
    "multiclassification_loss": 0.0,
    "ortho_loss": 0.0,
    "pearson": 0.5242,
    "regression_loss": 2.5339,
    "rm2": 0.2518,
    "rmse": 1.5702,
    "sd": 1.5466,
    "spearman": 0.5013,
    "spectral_loss": 0.0
}
                              
Test Results: {
    "ci": 0.6403,
    "classification_loss": 0.0,
    "cluster_loss": 0.0,
    "mae": 1.2023,
    "mse": 2.4079,
    "multiclassification_loss": 0.0,
    "ortho_loss": 0.0,
    "pearson": 0.433,
    "regression_loss": 2.4085,
    "rm2": 0.1869,
    "rmse": 1.5517,
    "sd": 1.5206,
    "spearman": 0.4033,
    "spectral_loss": 0.0
}
                              
                              
----------------------------------------
Epoch 015 with LR 0.000284: Model Results
----------------------------------------
Train MSE Loss: 1.4651, Train CLS Loss: 0.0000, Train MCLS Loss: 0.0000
Protein Cluster Region Loss - Ortho Loss: 0.0000, Cluster Loss: 0.0000
                              
Validation Results: {
    "ci": 0.6818,
    "classification_loss": 0.0,
    "cluster_loss": 0.0,
    "mae": 1.2219,
    "mse": 2.5214,
    "multiclassification_loss": 0.0,
    "ortho_loss": 0.0,
    "pearson": 0.5399,
    "regression_loss": 2.6246,
    "rm2": 0.2414,
    "rmse": 1.5879,
    "sd": 1.5287,
    "spearman": 0.5203,
    "spectral_loss": 0.0
}
                              
Test Results: {
    "ci": 0.6403,
    "classification_loss": 0.0,
    "cluster_loss": 0.0,
    "mae": 1.2023,
    "mse": 2.4079,
    "multiclassification_loss": 0.0,
    "ortho_loss": 0.0,
    "pearson": 0.433,
    "regression_loss": 2.4085,
    "rm2": 0.1869,
    "rmse": 1.5517,
    "sd": 1.5206,
    "spearman": 0.4033,
    "spectral_loss": 0.0
}
                              
                              
----------------------------------------
Epoch 016 with LR 0.000282: Model Results
----------------------------------------
Train MSE Loss: 1.4242, Train CLS Loss: 0.0000, Train MCLS Loss: 0.0000
Protein Cluster Region Loss - Ortho Loss: 0.0000, Cluster Loss: 0.0000
                              
Validation Results: {
    "ci": 0.6708,
    "classification_loss": 0.0,
    "cluster_loss": 0.0,
    "mae": 1.2531,
    "mse": 2.7272,
    "multiclassification_loss": 0.0,
    "ortho_loss": 0.0,
    "pearson": 0.5071,
    "regression_loss": 2.7697,
    "rm2": 0.2326,
    "rmse": 1.6514,
    "sd": 1.5652,
    "spearman": 0.4848,
    "spectral_loss": 0.0
}
                              
Test Results: {
    "ci": 0.6403,
    "classification_loss": 0.0,
    "cluster_loss": 0.0,
    "mae": 1.2023,
    "mse": 2.4079,
    "multiclassification_loss": 0.0,
    "ortho_loss": 0.0,
    "pearson": 0.433,
    "regression_loss": 2.4085,
    "rm2": 0.1869,
    "rmse": 1.5517,
    "sd": 1.5206,
    "spearman": 0.4033,
    "spectral_loss": 0.0
}
                              
                              
----------------------------------------
Epoch 017 with LR 0.000279: Model Results
----------------------------------------
Train MSE Loss: 1.4389, Train CLS Loss: 0.0000, Train MCLS Loss: 0.0000
Protein Cluster Region Loss - Ortho Loss: 0.0000, Cluster Loss: 0.0000
                              
Validation Results: {
    "ci": 0.6833,
    "classification_loss": 0.0,
    "cluster_loss": 0.0,
    "mae": 1.171,
    "mse": 2.3785,
    "multiclassification_loss": 0.0,
    "ortho_loss": 0.0,
    "pearson": 0.5492,
    "regression_loss": 2.438,
    "rm2": 0.2762,
    "rmse": 1.5423,
    "sd": 1.5177,
    "spearman": 0.5198,
    "spectral_loss": 0.0
}
                              
Test Results: {
    "ci": 0.6464,
    "classification_loss": 0.0,
    "cluster_loss": 0.0,
    "mae": 1.1976,
    "mse": 2.4484,
    "multiclassification_loss": 0.0,
    "ortho_loss": 0.0,
    "pearson": 0.4497,
    "regression_loss": 2.4492,
    "rm2": 0.1875,
    "rmse": 1.5647,
    "sd": 1.5068,
    "spearman": 0.4162,
    "spectral_loss": 0.0
}
                              
                              
----------------------------------------
Epoch 018 with LR 0.000277: Model Results
----------------------------------------
Train MSE Loss: 1.3937, Train CLS Loss: 0.0000, Train MCLS Loss: 0.0000
Protein Cluster Region Loss - Ortho Loss: 0.0000, Cluster Loss: 0.0000
                              
Validation Results: {
    "ci": 0.6719,
    "classification_loss": 0.0,
    "cluster_loss": 0.0,
    "mae": 1.2133,
    "mse": 2.552,
    "multiclassification_loss": 0.0,
    "ortho_loss": 0.0,
    "pearson": 0.5174,
    "regression_loss": 2.6071,
    "rm2": 0.2364,
    "rmse": 1.5975,
    "sd": 1.5541,
    "spearman": 0.4887,
    "spectral_loss": 0.0
}
                              
Test Results: {
    "ci": 0.6464,
    "classification_loss": 0.0,
    "cluster_loss": 0.0,
    "mae": 1.1976,
    "mse": 2.4484,
    "multiclassification_loss": 0.0,
    "ortho_loss": 0.0,
    "pearson": 0.4497,
    "regression_loss": 2.4492,
    "rm2": 0.1875,
    "rmse": 1.5647,
    "sd": 1.5068,
    "spearman": 0.4162,
    "spectral_loss": 0.0
}
                              
                              
----------------------------------------
Epoch 019 with LR 0.000274: Model Results
----------------------------------------
Train MSE Loss: 1.3379, Train CLS Loss: 0.0000, Train MCLS Loss: 0.0000
Protein Cluster Region Loss - Ortho Loss: 0.0000, Cluster Loss: 0.0000
                              
Validation Results: {
    "ci": 0.6774,
    "classification_loss": 0.0,
    "cluster_loss": 0.0,
    "mae": 1.2063,
    "mse": 2.4784,
    "multiclassification_loss": 0.0,
    "ortho_loss": 0.0,
    "pearson": 0.5334,
    "regression_loss": 2.5867,
    "rm2": 0.2452,
    "rmse": 1.5743,
    "sd": 1.5361,
    "spearman": 0.508,
    "spectral_loss": 0.0
}
                              
Test Results: {
    "ci": 0.6464,
    "classification_loss": 0.0,
    "cluster_loss": 0.0,
    "mae": 1.1976,
    "mse": 2.4484,
    "multiclassification_loss": 0.0,
    "ortho_loss": 0.0,
    "pearson": 0.4497,
    "regression_loss": 2.4492,
    "rm2": 0.1875,
    "rmse": 1.5647,
    "sd": 1.5068,
    "spearman": 0.4162,
    "spectral_loss": 0.0
}
                              
                              
----------------------------------------
Epoch 020 with LR 0.000271: Model Results
----------------------------------------
Train MSE Loss: 1.3101, Train CLS Loss: 0.0000, Train MCLS Loss: 0.0000
Protein Cluster Region Loss - Ortho Loss: 0.0000, Cluster Loss: 0.0000
                              
Validation Results: {
    "ci": 0.6741,
    "classification_loss": 0.0,
    "cluster_loss": 0.0,
    "mae": 1.252,
    "mse": 2.6934,
    "multiclassification_loss": 0.0,
    "ortho_loss": 0.0,
    "pearson": 0.5226,
    "regression_loss": 2.9557,
    "rm2": 0.242,
    "rmse": 1.6412,
    "sd": 1.5484,
    "spearman": 0.4955,
    "spectral_loss": 0.0
}
                              
Test Results: {
    "ci": 0.6464,
    "classification_loss": 0.0,
    "cluster_loss": 0.0,
    "mae": 1.1976,
    "mse": 2.4484,
    "multiclassification_loss": 0.0,
    "ortho_loss": 0.0,
    "pearson": 0.4497,
    "regression_loss": 2.4492,
    "rm2": 0.1875,
    "rmse": 1.5647,
    "sd": 1.5068,
    "spearman": 0.4162,
    "spectral_loss": 0.0
}
                              
                              
----------------------------------------
Epoch 021 with LR 0.000269: Model Results
----------------------------------------
Train MSE Loss: 1.2802, Train CLS Loss: 0.0000, Train MCLS Loss: 0.0000
Protein Cluster Region Loss - Ortho Loss: 0.0000, Cluster Loss: 0.0000
                              
Validation Results: {
    "ci": 0.6752,
    "classification_loss": 0.0,
    "cluster_loss": 0.0,
    "mae": 1.1954,
    "mse": 2.415,
    "multiclassification_loss": 0.0,
    "ortho_loss": 0.0,
    "pearson": 0.5292,
    "regression_loss": 2.4893,
    "rm2": 0.2595,
    "rmse": 1.554,
    "sd": 1.541,
    "spearman": 0.5009,
    "spectral_loss": 0.0
}
                              
Test Results: {
    "ci": 0.6464,
    "classification_loss": 0.0,
    "cluster_loss": 0.0,
    "mae": 1.1976,
    "mse": 2.4484,
    "multiclassification_loss": 0.0,
    "ortho_loss": 0.0,
    "pearson": 0.4497,
    "regression_loss": 2.4492,
    "rm2": 0.1875,
    "rmse": 1.5647,
    "sd": 1.5068,
    "spearman": 0.4162,
    "spectral_loss": 0.0
}
                              
                              
----------------------------------------
Epoch 022 with LR 0.000266: Model Results
----------------------------------------
Train MSE Loss: 1.2855, Train CLS Loss: 0.0000, Train MCLS Loss: 0.0000
Protein Cluster Region Loss - Ortho Loss: 0.0000, Cluster Loss: 0.0000
                              
Validation Results: {
    "ci": 0.6723,
    "classification_loss": 0.0,
    "cluster_loss": 0.0,
    "mae": 1.2276,
    "mse": 2.5396,
    "multiclassification_loss": 0.0,
    "ortho_loss": 0.0,
    "pearson": 0.5184,
    "regression_loss": 2.6,
    "rm2": 0.2562,
    "rmse": 1.5936,
    "sd": 1.5529,
    "spearman": 0.4911,
    "spectral_loss": 0.0
}
                              
Test Results: {
    "ci": 0.6464,
    "classification_loss": 0.0,
    "cluster_loss": 0.0,
    "mae": 1.1976,
    "mse": 2.4484,
    "multiclassification_loss": 0.0,
    "ortho_loss": 0.0,
    "pearson": 0.4497,
    "regression_loss": 2.4492,
    "rm2": 0.1875,
    "rmse": 1.5647,
    "sd": 1.5068,
    "spearman": 0.4162,
    "spectral_loss": 0.0
}
                              
                              
----------------------------------------
Epoch 023 with LR 0.000263: Model Results
----------------------------------------
Train MSE Loss: 1.2516, Train CLS Loss: 0.0000, Train MCLS Loss: 0.0000
Protein Cluster Region Loss - Ortho Loss: 0.0000, Cluster Loss: 0.0000
                              
Validation Results: {
    "ci": 0.6867,
    "classification_loss": 0.0,
    "cluster_loss": 0.0,
    "mae": 1.2836,
    "mse": 2.8651,
    "multiclassification_loss": 0.0,
    "ortho_loss": 0.0,
    "pearson": 0.5444,
    "regression_loss": 2.9836,
    "rm2": 0.2293,
    "rmse": 1.6927,
    "sd": 1.5233,
    "spearman": 0.5301,
    "spectral_loss": 0.0
}
                              
Test Results: {
    "ci": 0.6464,
    "classification_loss": 0.0,
    "cluster_loss": 0.0,
    "mae": 1.1976,
    "mse": 2.4484,
    "multiclassification_loss": 0.0,
    "ortho_loss": 0.0,
    "pearson": 0.4497,
    "regression_loss": 2.4492,
    "rm2": 0.1875,
    "rmse": 1.5647,
    "sd": 1.5068,
    "spearman": 0.4162,
    "spectral_loss": 0.0
}
                              
                              
----------------------------------------
Epoch 024 with LR 0.000259: Model Results
----------------------------------------
Train MSE Loss: 1.1755, Train CLS Loss: 0.0000, Train MCLS Loss: 0.0000
Protein Cluster Region Loss - Ortho Loss: 0.0000, Cluster Loss: 0.0000
                              
Validation Results: {
    "ci": 0.692,
    "classification_loss": 0.0,
    "cluster_loss": 0.0,
    "mae": 1.1687,
    "mse": 2.3836,
    "multiclassification_loss": 0.0,
    "ortho_loss": 0.0,
    "pearson": 0.562,
    "regression_loss": 2.4598,
    "rm2": 0.2707,
    "rmse": 1.5439,
    "sd": 1.5022,
    "spearman": 0.5433,
    "spectral_loss": 0.0
}
                              
Test Results: {
    "ci": 0.6464,
    "classification_loss": 0.0,
    "cluster_loss": 0.0,
    "mae": 1.1976,
    "mse": 2.4484,
    "multiclassification_loss": 0.0,
    "ortho_loss": 0.0,
    "pearson": 0.4497,
    "regression_loss": 2.4492,
    "rm2": 0.1875,
    "rmse": 1.5647,
    "sd": 1.5068,
    "spearman": 0.4162,
    "spectral_loss": 0.0
}
                              
                              
----------------------------------------
Epoch 025 with LR 0.000256: Model Results
----------------------------------------
Train MSE Loss: 1.1789, Train CLS Loss: 0.0000, Train MCLS Loss: 0.0000
Protein Cluster Region Loss - Ortho Loss: 0.0000, Cluster Loss: 0.0000
                              
Validation Results: {
    "ci": 0.6829,
    "classification_loss": 0.0,
    "cluster_loss": 0.0,
    "mae": 1.2051,
    "mse": 2.5568,
    "multiclassification_loss": 0.0,
    "ortho_loss": 0.0,
    "pearson": 0.5314,
    "regression_loss": 2.6615,
    "rm2": 0.2405,
    "rmse": 1.599,
    "sd": 1.5384,
    "spearman": 0.5175,
    "spectral_loss": 0.0
}
                              
Test Results: {
    "ci": 0.6464,
    "classification_loss": 0.0,
    "cluster_loss": 0.0,
    "mae": 1.1976,
    "mse": 2.4484,
    "multiclassification_loss": 0.0,
    "ortho_loss": 0.0,
    "pearson": 0.4497,
    "regression_loss": 2.4492,
    "rm2": 0.1875,
    "rmse": 1.5647,
    "sd": 1.5068,
    "spearman": 0.4162,
    "spectral_loss": 0.0
}
                              
                              
----------------------------------------
Epoch 026 with LR 0.000253: Model Results
----------------------------------------
Train MSE Loss: 1.1448, Train CLS Loss: 0.0000, Train MCLS Loss: 0.0000
Protein Cluster Region Loss - Ortho Loss: 0.0000, Cluster Loss: 0.0000
                              
Validation Results: {
    "ci": 0.6851,
    "classification_loss": 0.0,
    "cluster_loss": 0.0,
    "mae": 1.2273,
    "mse": 2.6114,
    "multiclassification_loss": 0.0,
    "ortho_loss": 0.0,
    "pearson": 0.5524,
    "regression_loss": 2.6098,
    "rm2": 0.3046,
    "rmse": 1.616,
    "sd": 1.5139,
    "spearman": 0.5246,
    "spectral_loss": 0.0
}
                              
Test Results: {
    "ci": 0.6464,
    "classification_loss": 0.0,
    "cluster_loss": 0.0,
    "mae": 1.1976,
    "mse": 2.4484,
    "multiclassification_loss": 0.0,
    "ortho_loss": 0.0,
    "pearson": 0.4497,
    "regression_loss": 2.4492,
    "rm2": 0.1875,
    "rmse": 1.5647,
    "sd": 1.5068,
    "spearman": 0.4162,
    "spectral_loss": 0.0
}
                              
                              
----------------------------------------
Epoch 027 with LR 0.000249: Model Results
----------------------------------------
Train MSE Loss: 1.1355, Train CLS Loss: 0.0000, Train MCLS Loss: 0.0000
Protein Cluster Region Loss - Ortho Loss: 0.0000, Cluster Loss: 0.0000
                              
Validation Results: {
    "ci": 0.6794,
    "classification_loss": 0.0,
    "cluster_loss": 0.0,
    "mae": 1.2388,
    "mse": 2.6618,
    "multiclassification_loss": 0.0,
    "ortho_loss": 0.0,
    "pearson": 0.5198,
    "regression_loss": 2.787,
    "rm2": 0.2311,
    "rmse": 1.6315,
    "sd": 1.5515,
    "spearman": 0.5076,
    "spectral_loss": 0.0
}
                              
Test Results: {
    "ci": 0.6464,
    "classification_loss": 0.0,
    "cluster_loss": 0.0,
    "mae": 1.1976,
    "mse": 2.4484,
    "multiclassification_loss": 0.0,
    "ortho_loss": 0.0,
    "pearson": 0.4497,
    "regression_loss": 2.4492,
    "rm2": 0.1875,
    "rmse": 1.5647,
    "sd": 1.5068,
    "spearman": 0.4162,
    "spectral_loss": 0.0
}
                              
                              
----------------------------------------
Epoch 028 with LR 0.000246: Model Results
----------------------------------------
Train MSE Loss: 1.1333, Train CLS Loss: 0.0000, Train MCLS Loss: 0.0000
Protein Cluster Region Loss - Ortho Loss: 0.0000, Cluster Loss: 0.0000
                              
Validation Results: {
    "ci": 0.6747,
    "classification_loss": 0.0,
    "cluster_loss": 0.0,
    "mae": 1.2692,
    "mse": 2.9367,
    "multiclassification_loss": 0.0,
    "ortho_loss": 0.0,
    "pearson": 0.4987,
    "regression_loss": 3.0165,
    "rm2": 0.2136,
    "rmse": 1.7137,
    "sd": 1.5742,
    "spearman": 0.4896,
    "spectral_loss": 0.0
}
                              
Test Results: {
    "ci": 0.6464,
    "classification_loss": 0.0,
    "cluster_loss": 0.0,
    "mae": 1.1976,
    "mse": 2.4484,
    "multiclassification_loss": 0.0,
    "ortho_loss": 0.0,
    "pearson": 0.4497,
    "regression_loss": 2.4492,
    "rm2": 0.1875,
    "rmse": 1.5647,
    "sd": 1.5068,
    "spearman": 0.4162,
    "spectral_loss": 0.0
}
                              
                              
----------------------------------------
Epoch 029 with LR 0.000242: Model Results
----------------------------------------
Train MSE Loss: 1.1249, Train CLS Loss: 0.0000, Train MCLS Loss: 0.0000
Protein Cluster Region Loss - Ortho Loss: 0.0000, Cluster Loss: 0.0000
                              
Validation Results: {
    "ci": 0.6933,
    "classification_loss": 0.0,
    "cluster_loss": 0.0,
    "mae": 1.1593,
    "mse": 2.3586,
    "multiclassification_loss": 0.0,
    "ortho_loss": 0.0,
    "pearson": 0.5658,
    "regression_loss": 2.4867,
    "rm2": 0.2784,
    "rmse": 1.5358,
    "sd": 1.4974,
    "spearman": 0.5456,
    "spectral_loss": 0.0
}
                              
Test Results: {
    "ci": 0.6543,
    "classification_loss": 0.0,
    "cluster_loss": 0.0,
    "mae": 1.1783,
    "mse": 2.3821,
    "multiclassification_loss": 0.0,
    "ortho_loss": 0.0,
    "pearson": 0.4764,
    "regression_loss": 2.3806,
    "rm2": 0.2041,
    "rmse": 1.5434,
    "sd": 1.4833,
    "spearman": 0.4379,
    "spectral_loss": 0.0
}
                              
                              
----------------------------------------
Epoch 030 with LR 0.000238: Model Results
----------------------------------------
Train MSE Loss: 1.0993, Train CLS Loss: 0.0000, Train MCLS Loss: 0.0000
Protein Cluster Region Loss - Ortho Loss: 0.0000, Cluster Loss: 0.0000
                              
Validation Results: {
    "ci": 0.6835,
    "classification_loss": 0.0,
    "cluster_loss": 0.0,
    "mae": 1.1852,
    "mse": 2.4553,
    "multiclassification_loss": 0.0,
    "ortho_loss": 0.0,
    "pearson": 0.5424,
    "regression_loss": 2.5559,
    "rm2": 0.2756,
    "rmse": 1.567,
    "sd": 1.5257,
    "spearman": 0.5205,
    "spectral_loss": 0.0
}
                              
Test Results: {
    "ci": 0.6543,
    "classification_loss": 0.0,
    "cluster_loss": 0.0,
    "mae": 1.1783,
    "mse": 2.3821,
    "multiclassification_loss": 0.0,
    "ortho_loss": 0.0,
    "pearson": 0.4764,
    "regression_loss": 2.3806,
    "rm2": 0.2041,
    "rmse": 1.5434,
    "sd": 1.4833,
    "spearman": 0.4379,
    "spectral_loss": 0.0
}
                              
                              
----------------------------------------
Epoch 031 with LR 0.000235: Model Results
----------------------------------------
Train MSE Loss: 1.0637, Train CLS Loss: 0.0000, Train MCLS Loss: 0.0000
Protein Cluster Region Loss - Ortho Loss: 0.0000, Cluster Loss: 0.0000
                              
Validation Results: {
    "ci": 0.678,
    "classification_loss": 0.0,
    "cluster_loss": 0.0,
    "mae": 1.2266,
    "mse": 2.6944,
    "multiclassification_loss": 0.0,
    "ortho_loss": 0.0,
    "pearson": 0.5218,
    "regression_loss": 2.7902,
    "rm2": 0.2338,
    "rmse": 1.6415,
    "sd": 1.5492,
    "spearman": 0.5019,
    "spectral_loss": 0.0
}
                              
Test Results: {
    "ci": 0.6543,
    "classification_loss": 0.0,
    "cluster_loss": 0.0,
    "mae": 1.1783,
    "mse": 2.3821,
    "multiclassification_loss": 0.0,
    "ortho_loss": 0.0,
    "pearson": 0.4764,
    "regression_loss": 2.3806,
    "rm2": 0.2041,
    "rmse": 1.5434,
    "sd": 1.4833,
    "spearman": 0.4379,
    "spectral_loss": 0.0
}
                              
                              
----------------------------------------
Epoch 032 with LR 0.000231: Model Results
----------------------------------------
Train MSE Loss: 1.0934, Train CLS Loss: 0.0000, Train MCLS Loss: 0.0000
Protein Cluster Region Loss - Ortho Loss: 0.0000, Cluster Loss: 0.0000
                              
Validation Results: {
    "ci": 0.6877,
    "classification_loss": 0.0,
    "cluster_loss": 0.0,
    "mae": 1.3246,
    "mse": 2.8569,
    "multiclassification_loss": 0.0,
    "ortho_loss": 0.0,
    "pearson": 0.5648,
    "regression_loss": 3.0874,
    "rm2": 0.2289,
    "rmse": 1.6902,
    "sd": 1.4987,
    "spearman": 0.5304,
    "spectral_loss": 0.0
}
                              
Test Results: {
    "ci": 0.6543,
    "classification_loss": 0.0,
    "cluster_loss": 0.0,
    "mae": 1.1783,
    "mse": 2.3821,
    "multiclassification_loss": 0.0,
    "ortho_loss": 0.0,
    "pearson": 0.4764,
    "regression_loss": 2.3806,
    "rm2": 0.2041,
    "rmse": 1.5434,
    "sd": 1.4833,
    "spearman": 0.4379,
    "spectral_loss": 0.0
}
                              
                              
----------------------------------------
Epoch 033 with LR 0.000227: Model Results
----------------------------------------
Train MSE Loss: 1.0675, Train CLS Loss: 0.0000, Train MCLS Loss: 0.0000
Protein Cluster Region Loss - Ortho Loss: 0.0000, Cluster Loss: 0.0000
                              
Validation Results: {
    "ci": 0.6889,
    "classification_loss": 0.0,
    "cluster_loss": 0.0,
    "mae": 1.152,
    "mse": 2.3148,
    "multiclassification_loss": 0.0,
    "ortho_loss": 0.0,
    "pearson": 0.5608,
    "regression_loss": 2.4009,
    "rm2": 0.2954,
    "rmse": 1.5214,
    "sd": 1.5037,
    "spearman": 0.5317,
    "spectral_loss": 0.0
}
                              
Test Results: {
    "ci": 0.6553,
    "classification_loss": 0.0,
    "cluster_loss": 0.0,
    "mae": 1.1741,
    "mse": 2.3622,
    "multiclassification_loss": 0.0,
    "ortho_loss": 0.0,
    "pearson": 0.4777,
    "regression_loss": 2.3604,
    "rm2": 0.2137,
    "rmse": 1.5369,
    "sd": 1.4821,
    "spearman": 0.4405,
    "spectral_loss": 0.0
}
                              
                              
----------------------------------------
Epoch 034 with LR 0.000223: Model Results
----------------------------------------
Train MSE Loss: 1.0530, Train CLS Loss: 0.0000, Train MCLS Loss: 0.0000
Protein Cluster Region Loss - Ortho Loss: 0.0000, Cluster Loss: 0.0000
                              
Validation Results: {
    "ci": 0.6899,
    "classification_loss": 0.0,
    "cluster_loss": 0.0,
    "mae": 1.2032,
    "mse": 2.5177,
    "multiclassification_loss": 0.0,
    "ortho_loss": 0.0,
    "pearson": 0.5598,
    "regression_loss": 2.5801,
    "rm2": 0.2868,
    "rmse": 1.5867,
    "sd": 1.5049,
    "spearman": 0.5345,
    "spectral_loss": 0.0
}
                              
Test Results: {
    "ci": 0.6553,
    "classification_loss": 0.0,
    "cluster_loss": 0.0,
    "mae": 1.1741,
    "mse": 2.3622,
    "multiclassification_loss": 0.0,
    "ortho_loss": 0.0,
    "pearson": 0.4777,
    "regression_loss": 2.3604,
    "rm2": 0.2137,
    "rmse": 1.5369,
    "sd": 1.4821,
    "spearman": 0.4405,
    "spectral_loss": 0.0
}
                              
                              
----------------------------------------
Epoch 035 with LR 0.000218: Model Results
----------------------------------------
Train MSE Loss: 1.0110, Train CLS Loss: 0.0000, Train MCLS Loss: 0.0000
Protein Cluster Region Loss - Ortho Loss: 0.0000, Cluster Loss: 0.0000
                              
Validation Results: {
    "ci": 0.6813,
    "classification_loss": 0.0,
    "cluster_loss": 0.0,
    "mae": 1.2019,
    "mse": 2.4636,
    "multiclassification_loss": 0.0,
    "ortho_loss": 0.0,
    "pearson": 0.5473,
    "regression_loss": 2.5529,
    "rm2": 0.2634,
    "rmse": 1.5696,
    "sd": 1.5199,
    "spearman": 0.516,
    "spectral_loss": 0.0
}
                              
Test Results: {
    "ci": 0.6553,
    "classification_loss": 0.0,
    "cluster_loss": 0.0,
    "mae": 1.1741,
    "mse": 2.3622,
    "multiclassification_loss": 0.0,
    "ortho_loss": 0.0,
    "pearson": 0.4777,
    "regression_loss": 2.3604,
    "rm2": 0.2137,
    "rmse": 1.5369,
    "sd": 1.4821,
    "spearman": 0.4405,
    "spectral_loss": 0.0
}
                              
                              
----------------------------------------
Epoch 036 with LR 0.000214: Model Results
----------------------------------------
Train MSE Loss: 1.0064, Train CLS Loss: 0.0000, Train MCLS Loss: 0.0000
Protein Cluster Region Loss - Ortho Loss: 0.0000, Cluster Loss: 0.0000
                              
Validation Results: {
    "ci": 0.6862,
    "classification_loss": 0.0,
    "cluster_loss": 0.0,
    "mae": 1.175,
    "mse": 2.4281,
    "multiclassification_loss": 0.0,
    "ortho_loss": 0.0,
    "pearson": 0.5561,
    "regression_loss": 2.5775,
    "rm2": 0.2823,
    "rmse": 1.5582,
    "sd": 1.5093,
    "spearman": 0.5239,
    "spectral_loss": 0.0
}
                              
Test Results: {
    "ci": 0.6553,
    "classification_loss": 0.0,
    "cluster_loss": 0.0,
    "mae": 1.1741,
    "mse": 2.3622,
    "multiclassification_loss": 0.0,
    "ortho_loss": 0.0,
    "pearson": 0.4777,
    "regression_loss": 2.3604,
    "rm2": 0.2137,
    "rmse": 1.5369,
    "sd": 1.4821,
    "spearman": 0.4405,
    "spectral_loss": 0.0
}
                              
                              
----------------------------------------
Epoch 037 with LR 0.000210: Model Results
----------------------------------------
Train MSE Loss: 0.9798, Train CLS Loss: 0.0000, Train MCLS Loss: 0.0000
Protein Cluster Region Loss - Ortho Loss: 0.0000, Cluster Loss: 0.0000
                              
Validation Results: {
    "ci": 0.6893,
    "classification_loss": 0.0,
    "cluster_loss": 0.0,
    "mae": 1.2167,
    "mse": 2.5786,
    "multiclassification_loss": 0.0,
    "ortho_loss": 0.0,
    "pearson": 0.5621,
    "regression_loss": 2.7545,
    "rm2": 0.2706,
    "rmse": 1.6058,
    "sd": 1.502,
    "spearman": 0.5346,
    "spectral_loss": 0.0
}
                              
Test Results: {
    "ci": 0.6553,
    "classification_loss": 0.0,
    "cluster_loss": 0.0,
    "mae": 1.1741,
    "mse": 2.3622,
    "multiclassification_loss": 0.0,
    "ortho_loss": 0.0,
    "pearson": 0.4777,
    "regression_loss": 2.3604,
    "rm2": 0.2137,
    "rmse": 1.5369,
    "sd": 1.4821,
    "spearman": 0.4405,
    "spectral_loss": 0.0
}
                              
                              
----------------------------------------
Epoch 038 with LR 0.000206: Model Results
----------------------------------------
Train MSE Loss: 0.9981, Train CLS Loss: 0.0000, Train MCLS Loss: 0.0000
Protein Cluster Region Loss - Ortho Loss: 0.0000, Cluster Loss: 0.0000
                              
Validation Results: {
    "ci": 0.6896,
    "classification_loss": 0.0,
    "cluster_loss": 0.0,
    "mae": 1.2063,
    "mse": 2.4721,
    "multiclassification_loss": 0.0,
    "ortho_loss": 0.0,
    "pearson": 0.5722,
    "regression_loss": 2.6517,
    "rm2": 0.2627,
    "rmse": 1.5723,
    "sd": 1.4894,
    "spearman": 0.5356,
    "spectral_loss": 0.0
}
                              
Test Results: {
    "ci": 0.6553,
    "classification_loss": 0.0,
    "cluster_loss": 0.0,
    "mae": 1.1741,
    "mse": 2.3622,
    "multiclassification_loss": 0.0,
    "ortho_loss": 0.0,
    "pearson": 0.4777,
    "regression_loss": 2.3604,
    "rm2": 0.2137,
    "rmse": 1.5369,
    "sd": 1.4821,
    "spearman": 0.4405,
    "spectral_loss": 0.0
}
                              
                              
----------------------------------------
Epoch 039 with LR 0.000201: Model Results
----------------------------------------
Train MSE Loss: 0.9696, Train CLS Loss: 0.0000, Train MCLS Loss: 0.0000
Protein Cluster Region Loss - Ortho Loss: 0.0000, Cluster Loss: 0.0000
                              
Validation Results: {
    "ci": 0.6948,
    "classification_loss": 0.0,
    "cluster_loss": 0.0,
    "mae": 1.1535,
    "mse": 2.3633,
    "multiclassification_loss": 0.0,
    "ortho_loss": 0.0,
    "pearson": 0.5768,
    "regression_loss": 2.4933,
    "rm2": 0.2992,
    "rmse": 1.5373,
    "sd": 1.4836,
    "spearman": 0.5457,
    "spectral_loss": 0.0
}
                              
Test Results: {
    "ci": 0.6553,
    "classification_loss": 0.0,
    "cluster_loss": 0.0,
    "mae": 1.1741,
    "mse": 2.3622,
    "multiclassification_loss": 0.0,
    "ortho_loss": 0.0,
    "pearson": 0.4777,
    "regression_loss": 2.3604,
    "rm2": 0.2137,
    "rmse": 1.5369,
    "sd": 1.4821,
    "spearman": 0.4405,
    "spectral_loss": 0.0
}
                              
                              
----------------------------------------
Epoch 040 with LR 0.000197: Model Results
----------------------------------------
Train MSE Loss: 0.9792, Train CLS Loss: 0.0000, Train MCLS Loss: 0.0000
Protein Cluster Region Loss - Ortho Loss: 0.0000, Cluster Loss: 0.0000
                              
Validation Results: {
    "ci": 0.6932,
    "classification_loss": 0.0,
    "cluster_loss": 0.0,
    "mae": 1.2353,
    "mse": 2.6494,
    "multiclassification_loss": 0.0,
    "ortho_loss": 0.0,
    "pearson": 0.5618,
    "regression_loss": 2.9241,
    "rm2": 0.2422,
    "rmse": 1.6277,
    "sd": 1.5024,
    "spearman": 0.5424,
    "spectral_loss": 0.0
}
                              
Test Results: {
    "ci": 0.6553,
    "classification_loss": 0.0,
    "cluster_loss": 0.0,
    "mae": 1.1741,
    "mse": 2.3622,
    "multiclassification_loss": 0.0,
    "ortho_loss": 0.0,
    "pearson": 0.4777,
    "regression_loss": 2.3604,
    "rm2": 0.2137,
    "rmse": 1.5369,
    "sd": 1.4821,
    "spearman": 0.4405,
    "spectral_loss": 0.0
}
                              
                              
----------------------------------------
Epoch 041 with LR 0.000192: Model Results
----------------------------------------
Train MSE Loss: 0.9418, Train CLS Loss: 0.0000, Train MCLS Loss: 0.0000
Protein Cluster Region Loss - Ortho Loss: 0.0000, Cluster Loss: 0.0000
                              
Validation Results: {
    "ci": 0.6908,
    "classification_loss": 0.0,
    "cluster_loss": 0.0,
    "mae": 1.1598,
    "mse": 2.3597,
    "multiclassification_loss": 0.0,
    "ortho_loss": 0.0,
    "pearson": 0.5634,
    "regression_loss": 2.5438,
    "rm2": 0.2846,
    "rmse": 1.5361,
    "sd": 1.5004,
    "spearman": 0.5368,
    "spectral_loss": 0.0
}
                              
Test Results: {
    "ci": 0.6553,
    "classification_loss": 0.0,
    "cluster_loss": 0.0,
    "mae": 1.1741,
    "mse": 2.3622,
    "multiclassification_loss": 0.0,
    "ortho_loss": 0.0,
    "pearson": 0.4777,
    "regression_loss": 2.3604,
    "rm2": 0.2137,
    "rmse": 1.5369,
    "sd": 1.4821,
    "spearman": 0.4405,
    "spectral_loss": 0.0
}
                              
                              
----------------------------------------
Epoch 042 with LR 0.000188: Model Results
----------------------------------------
Train MSE Loss: 0.9509, Train CLS Loss: 0.0000, Train MCLS Loss: 0.0000
Protein Cluster Region Loss - Ortho Loss: 0.0000, Cluster Loss: 0.0000
                              
Validation Results: {
    "ci": 0.6868,
    "classification_loss": 0.0,
    "cluster_loss": 0.0,
    "mae": 1.2102,
    "mse": 2.542,
    "multiclassification_loss": 0.0,
    "ortho_loss": 0.0,
    "pearson": 0.5537,
    "regression_loss": 2.687,
    "rm2": 0.2682,
    "rmse": 1.5944,
    "sd": 1.5122,
    "spearman": 0.5285,
    "spectral_loss": 0.0
}
                              
Test Results: {
    "ci": 0.6553,
    "classification_loss": 0.0,
    "cluster_loss": 0.0,
    "mae": 1.1741,
    "mse": 2.3622,
    "multiclassification_loss": 0.0,
    "ortho_loss": 0.0,
    "pearson": 0.4777,
    "regression_loss": 2.3604,
    "rm2": 0.2137,
    "rmse": 1.5369,
    "sd": 1.4821,
    "spearman": 0.4405,
    "spectral_loss": 0.0
}
                              
                              
----------------------------------------
Epoch 043 with LR 0.000183: Model Results
----------------------------------------
Train MSE Loss: 0.9407, Train CLS Loss: 0.0000, Train MCLS Loss: 0.0000
Protein Cluster Region Loss - Ortho Loss: 0.0000, Cluster Loss: 0.0000
                              
Validation Results: {
    "ci": 0.6887,
    "classification_loss": 0.0,
    "cluster_loss": 0.0,
    "mae": 1.2073,
    "mse": 2.5748,
    "multiclassification_loss": 0.0,
    "ortho_loss": 0.0,
    "pearson": 0.5565,
    "regression_loss": 2.8459,
    "rm2": 0.2588,
    "rmse": 1.6046,
    "sd": 1.5088,
    "spearman": 0.5306,
    "spectral_loss": 0.0
}
                              
Test Results: {
    "ci": 0.6553,
    "classification_loss": 0.0,
    "cluster_loss": 0.0,
    "mae": 1.1741,
    "mse": 2.3622,
    "multiclassification_loss": 0.0,
    "ortho_loss": 0.0,
    "pearson": 0.4777,
    "regression_loss": 2.3604,
    "rm2": 0.2137,
    "rmse": 1.5369,
    "sd": 1.4821,
    "spearman": 0.4405,
    "spectral_loss": 0.0
}
                              
                              
----------------------------------------
Epoch 044 with LR 0.000179: Model Results
----------------------------------------
Train MSE Loss: 0.9111, Train CLS Loss: 0.0000, Train MCLS Loss: 0.0000
Protein Cluster Region Loss - Ortho Loss: 0.0000, Cluster Loss: 0.0000
                              
Validation Results: {
    "ci": 0.6848,
    "classification_loss": 0.0,
    "cluster_loss": 0.0,
    "mae": 1.204,
    "mse": 2.6322,
    "multiclassification_loss": 0.0,
    "ortho_loss": 0.0,
    "pearson": 0.5515,
    "regression_loss": 2.8704,
    "rm2": 0.2751,
    "rmse": 1.6224,
    "sd": 1.515,
    "spearman": 0.5174,
    "spectral_loss": 0.0
}
                              
Test Results: {
    "ci": 0.6553,
    "classification_loss": 0.0,
    "cluster_loss": 0.0,
    "mae": 1.1741,
    "mse": 2.3622,
    "multiclassification_loss": 0.0,
    "ortho_loss": 0.0,
    "pearson": 0.4777,
    "regression_loss": 2.3604,
    "rm2": 0.2137,
    "rmse": 1.5369,
    "sd": 1.4821,
    "spearman": 0.4405,
    "spectral_loss": 0.0
}
                              
                              
----------------------------------------
Epoch 045 with LR 0.000174: Model Results
----------------------------------------
Train MSE Loss: 0.8931, Train CLS Loss: 0.0000, Train MCLS Loss: 0.0000
Protein Cluster Region Loss - Ortho Loss: 0.0000, Cluster Loss: 0.0000
                              
Validation Results: {
    "ci": 0.6896,
    "classification_loss": 0.0,
    "cluster_loss": 0.0,
    "mae": 1.2446,
    "mse": 2.7389,
    "multiclassification_loss": 0.0,
    "ortho_loss": 0.0,
    "pearson": 0.5562,
    "regression_loss": 3.017,
    "rm2": 0.2456,
    "rmse": 1.655,
    "sd": 1.5093,
    "spearman": 0.5341,
    "spectral_loss": 0.0
}
                              
Test Results: {
    "ci": 0.6553,
    "classification_loss": 0.0,
    "cluster_loss": 0.0,
    "mae": 1.1741,
    "mse": 2.3622,
    "multiclassification_loss": 0.0,
    "ortho_loss": 0.0,
    "pearson": 0.4777,
    "regression_loss": 2.3604,
    "rm2": 0.2137,
    "rmse": 1.5369,
    "sd": 1.4821,
    "spearman": 0.4405,
    "spectral_loss": 0.0
}
                              
                              
----------------------------------------
Epoch 046 with LR 0.000169: Model Results
----------------------------------------
Train MSE Loss: 0.9034, Train CLS Loss: 0.0000, Train MCLS Loss: 0.0000
Protein Cluster Region Loss - Ortho Loss: 0.0000, Cluster Loss: 0.0000
                              
Validation Results: {
    "ci": 0.6912,
    "classification_loss": 0.0,
    "cluster_loss": 0.0,
    "mae": 1.2262,
    "mse": 2.7096,
    "multiclassification_loss": 0.0,
    "ortho_loss": 0.0,
    "pearson": 0.5539,
    "regression_loss": 2.8179,
    "rm2": 0.2596,
    "rmse": 1.6461,
    "sd": 1.512,
    "spearman": 0.5382,
    "spectral_loss": 0.0
}
                              
Test Results: {
    "ci": 0.6553,
    "classification_loss": 0.0,
    "cluster_loss": 0.0,
    "mae": 1.1741,
    "mse": 2.3622,
    "multiclassification_loss": 0.0,
    "ortho_loss": 0.0,
    "pearson": 0.4777,
    "regression_loss": 2.3604,
    "rm2": 0.2137,
    "rmse": 1.5369,
    "sd": 1.4821,
    "spearman": 0.4405,
    "spectral_loss": 0.0
}
                              
                              
----------------------------------------
Epoch 047 with LR 0.000165: Model Results
----------------------------------------
Train MSE Loss: 0.8789, Train CLS Loss: 0.0000, Train MCLS Loss: 0.0000
Protein Cluster Region Loss - Ortho Loss: 0.0000, Cluster Loss: 0.0000
                              
Validation Results: {
    "ci": 0.6857,
    "classification_loss": 0.0,
    "cluster_loss": 0.0,
    "mae": 1.1977,
    "mse": 2.5319,
    "multiclassification_loss": 0.0,
    "ortho_loss": 0.0,
    "pearson": 0.5535,
    "regression_loss": 2.614,
    "rm2": 0.2734,
    "rmse": 1.5912,
    "sd": 1.5125,
    "spearman": 0.5239,
    "spectral_loss": 0.0
}
                              
Test Results: {
    "ci": 0.6553,
    "classification_loss": 0.0,
    "cluster_loss": 0.0,
    "mae": 1.1741,
    "mse": 2.3622,
    "multiclassification_loss": 0.0,
    "ortho_loss": 0.0,
    "pearson": 0.4777,
    "regression_loss": 2.3604,
    "rm2": 0.2137,
    "rmse": 1.5369,
    "sd": 1.4821,
    "spearman": 0.4405,
    "spectral_loss": 0.0
}
                              
                              
----------------------------------------
Epoch 048 with LR 0.000160: Model Results
----------------------------------------
Train MSE Loss: 0.8934, Train CLS Loss: 0.0000, Train MCLS Loss: 0.0000
Protein Cluster Region Loss - Ortho Loss: 0.0000, Cluster Loss: 0.0000
                              
Validation Results: {
    "ci": 0.6862,
    "classification_loss": 0.0,
    "cluster_loss": 0.0,
    "mae": 1.2467,
    "mse": 2.8416,
    "multiclassification_loss": 0.0,
    "ortho_loss": 0.0,
    "pearson": 0.5492,
    "regression_loss": 2.9332,
    "rm2": 0.2587,
    "rmse": 1.6857,
    "sd": 1.5177,
    "spearman": 0.5242,
    "spectral_loss": 0.0
}
                              
Test Results: {
    "ci": 0.6553,
    "classification_loss": 0.0,
    "cluster_loss": 0.0,
    "mae": 1.1741,
    "mse": 2.3622,
    "multiclassification_loss": 0.0,
    "ortho_loss": 0.0,
    "pearson": 0.4777,
    "regression_loss": 2.3604,
    "rm2": 0.2137,
    "rmse": 1.5369,
    "sd": 1.4821,
    "spearman": 0.4405,
    "spectral_loss": 0.0
}

Early stopping at epoch 48 (no improvement for 15 epochs)
[best epoch] epoch=33, best_rmse=1.5214, lr_at_best=2.266e-04
                              
                              
----------------------------------------
Epoch 048 with LR 0.000160: Model Results
----------------------------------------
Train MSE Loss: 0.8934, Train CLS Loss: 0.0000, Train MCLS Loss: 0.0000
Protein Cluster Region Loss - Ortho Loss: 0.0000, Cluster Loss: 0.0000
                              
Validation Results: {
    "ci": 0.6862,
    "classification_loss": 0.0,
    "cluster_loss": 0.0,
    "mae": 1.2467,
    "mse": 2.8416,
    "multiclassification_loss": 0.0,
    "ortho_loss": 0.0,
    "pearson": 0.5492,
    "regression_loss": 2.9332,
    "rm2": 0.2587,
    "rmse": 1.6857,
    "sd": 1.5177,
    "spearman": 0.5242,
    "spectral_loss": 0.0
}
                              
Test Results: {
    "ci": 0.6553,
    "classification_loss": 0.0,
    "cluster_loss": 0.0,
    "mae": 1.1741,
    "mse": 2.3622,
    "multiclassification_loss": 0.0,
    "ortho_loss": 0.0,
    "pearson": 0.4777,
    "regression_loss": 2.3604,
    "rm2": 0.2137,
    "rmse": 1.5369,
    "sd": 1.4821,
    "spearman": 0.4405,
    "spectral_loss": 0.0
}
Final test metrics: rmse=1.5367, pearson=0.4783, r2_proxy(mse)=2.3615
Done. Predictions: /sc/arion/projects/DiseaseGeneCell/Huang_lab_project/wangcDrugRepoProject/TRACE_Kin_Results_v6c_pocket_graph/EITLEM_dataset/EITLEM_kkm_MUTAPLM_embedding_cold_drug/test_prediction_seed2.csv; checkpoint: /sc/arion/projects/DiseaseGeneCell/Huang_lab_project/wangcDrugRepoProject/TRACE_Kin_Results_v6c_pocket_graph/EITLEM_dataset/EITLEM_kkm_MUTAPLM_embedding_cold_drug/save_model_seed2/model.pt

Array task 1/10: OK (EITLEM_kkm_MUTAPLM_embedding_cold_drug)


PS:

Read file <243012710.1.stderr> for stderr output of this job.

