Sender: LSF System <lsfadmin@lg02e03>
Subject: Job 243004104[2]: <trace_kin_v5t_perfolder_s1[1-10]> in cluster <chimera> Done

Job <trace_kin_v5t_perfolder_s1[1-10]> was submitted from host <li04e03> by user <wangc40> in cluster <chimera> at Mon May 11 18:26:43 2026
Job was executed on host(s) <16*lg02e03>, in queue <gpu>, as user <wangc40> in cluster <chimera> at Mon May 11 18:26:45 2026
</hpc/users/wangc40> was used as the home directory.
</sc/arion/projects/DiseaseGeneCell/Huang_lab_project/wangcDrugRepoProject/TRACE-Kin> was used as the working directory.
Started at Mon May 11 18:26:45 2026
Terminated at Mon May 11 19:52:38 2026
Results reported at Mon May 11 19:52:38 2026

Your job looked like:

------------------------------------------------------------
# LSBATCH: User input
#!/bin/bash
#BSUB -J trace_kin_v5t_perfolder_s1[1-10]
#BSUB -P acc_DiseaseGeneCell
#BSUB -q gpu
#BSUB -R h100nvl
#BSUB -gpu num=1
#BSUB -n 16
#BSUB -R "rusage[mem=15000]"
#BSUB -R "span[hosts=1]"
#BSUB -W 48:00
#BSUB -o %J.%I.stdout
#BSUB -eo %J.%I.stderr
#BSUB -L /bin/bash

# =============================================================================
# TRACE-Kin v5t (Vanilla Transformer + Cross-Attention) PER-FOLDER — top-10 cells
# =============================================================================
# Submit with:
#     bsub < training/run_v5t_perfolder_s1.lsf
#
# v5t = Transformer: MutaPLM per-residue (4096) -> Linear(512) -> Transformer
# self-attention x4 with Rotary PE -> cross-attention with ligand atoms
# (PNA + MoLFormer) -> substrate-conditioned pooling -> regression head.
#
# All cells use MUTAPLM embedding.
#
# For seeds 2 and 3, submit:
#     bsub < training/run_v5t_perfolder_s2.lsf
#     bsub < training/run_v5t_perfolder_s3.lsf
# =============================================================================

# --- Environment -------------------------------------------------------------
ml purge
source ~/.bashrc
module load anaconda3/2024.06
source activate test
module load cuda/12.4.0
export RAYON_NUM_THREADS=4
export PYTORCH_CUDA_ALLOC_CONF=expandable_segments:True
export PYTHONPATH="$PWD${PYTHONPATH:+:$PYTHONPATH}"

# --- Knobs (env overrides) ---------------------------------------------------
ENZYME_BASE="${ENZYME_BASE:-/sc/arion/projects/DiseaseGeneCell/Huang_lab_project/drug_discovery/output/data/enzyme_embeddings_dataset}"
RESULT_BASE="${RESULT_BASE:-/sc/arion/projects/DiseaseGeneCell/Huang_lab_project/wangcDrugRepoProject/TRACE_Kin_Results_v5t_transformer}"
MOLFORMER_PATH="${MOLFORMER_PATH:-/sc/arion/projects/DiseaseGeneCell/Huang_lab_project/wangcDrugRepoProject/transformersmodels/ibm/MoLFormer-XL-both-10pct}"
CONFIG_PATH="${CONFIG_PATH:-training/config_v5t.json}"
EPOCHS="${EPOCHS:-100}"
BATCH_SIZE="${BATCH_SIZE:-16}"
SEED=1
LRATE="${LRATE:-3e-4}"

(... more ...)
------------------------------------------------------------

Successfully completed.

Resource usage summary:

    CPU time :                                   5605.00 sec.
    Max Memory :                                 27526 MB
    Average Memory :                             26872.18 MB
    Total Requested Memory :                     240000.00 MB
    Delta Memory :                               212474.00 MB
    Max Swap :                                   -
    Max Processes :                              21
    Max Threads :                                54
    Run time :                                   5153 sec.
    Turnaround time :                            5155 sec.

The output (if any) follows:

==========================================
TRACE-Kin v5t (Transformer) PER-FOLDER task 2/10
==========================================
Date:        Mon May 11 18:26:48 EDT 2026
Dataset:     /sc/arion/projects/DiseaseGeneCell/Huang_lab_project/drug_discovery/output/data/enzyme_embeddings_dataset/catpred_dataset/catpred_kcat_MUTAPLM_embedding_random
Result:      /sc/arion/projects/DiseaseGeneCell/Huang_lab_project/wangcDrugRepoProject/TRACE_Kin_Results_v5t_transformer/catpred_dataset/catpred_kcat_MUTAPLM_embedding_random
Config:      training/config_v5t.json
MoLFormer:   /sc/arion/projects/DiseaseGeneCell/Huang_lab_project/wangcDrugRepoProject/transformersmodels/ibm/MoLFormer-XL-both-10pct
Pool CSVs:   (none — per-folder)
Model:       v5t Transformer (Self-Attn x4 with RoPE + cross-attn + MoLFormer ctx)
Epochs:      100, batch=16, seed=1, lr=3e-4
==========================================
Python 3.12.2
Python: /sc/arion/work/wangc40/test-env/envs/test/bin/python
CUDA device: NVIDIA H100 80GB HBM3, sm_90
============================================================
TRACE-Kin training
============================================================
Datafolder:        /sc/arion/projects/DiseaseGeneCell/Huang_lab_project/drug_discovery/output/data/enzyme_embeddings_dataset/catpred_dataset/catpred_kcat_MUTAPLM_embedding_random
Result path:       /sc/arion/projects/DiseaseGeneCell/Huang_lab_project/wangcDrugRepoProject/TRACE_Kin_Results_v5t_transformer/catpred_dataset/catpred_kcat_MUTAPLM_embedding_random
Config:            training/config_v5t.json
Pool train CSVs:   (none)
============================================================
[mem] before load_split_dataframes             max RSS = 0.62 GB
Loading primary train (essential cols): /sc/arion/projects/DiseaseGeneCell/Huang_lab_project/drug_discovery/output/data/enzyme_embeddings_dataset/catpred_dataset/catpred_kcat_MUTAPLM_embedding_random/train.parquet
Loading primary test (essential cols): /sc/arion/projects/DiseaseGeneCell/Huang_lab_project/drug_discovery/output/data/enzyme_embeddings_dataset/catpred_dataset/catpred_kcat_MUTAPLM_embedding_random/test.parquet
Loading primary val (essential cols): /sc/arion/projects/DiseaseGeneCell/Huang_lab_project/drug_discovery/output/data/enzyme_embeddings_dataset/catpred_dataset/catpred_kcat_MUTAPLM_embedding_random/val.parquet
Detected prot_evo_channels = 4096 (1-row sample)
[mem] after load_split_dataframes (lite — feature cols not loaded) max RSS = 0.96 GB
model_version: v5t, use_swa: True
Reusing protein cache: /sc/arion/projects/DiseaseGeneCell/Huang_lab_project/drug_discovery/output/data/enzyme_embeddings_dataset/catpred_dataset/catpred_kcat_MUTAPLM_embedding_random/protein.pt
Reusing ligand cache: /sc/arion/projects/DiseaseGeneCell/Huang_lab_project/drug_discovery/output/data/enzyme_embeddings_dataset/catpred_dataset/catpred_kcat_MUTAPLM_embedding_random/ligand.pt
[mem] after preprocess                         max RSS = 25.72 GB
loaders ready: train=1158 test=145 val=145
[mem] after make_loaders                       max RSS = 25.72 GB
Built TraceKinV5T with 55,451,140 parameters
[SWA] enabled: start_epoch=60, swa_lr=3.000e-05
[AMP] enabled: dtype=torch.bfloat16
[LR schedule] schedule_lr=True, lrate=0.0003, min_lrate=1e-06, warmup_iters=500, lr_decay_iters=115800, total_iters=115800
Not in terminal, reprint now using normal build-in print function.
                              
                              
----------------------------------------
Epoch 001 with LR 0.000300: Model Results
----------------------------------------
Train MSE Loss: 3.0392, Train CLS Loss: 0.0000, Train MCLS Loss: 0.0000
Protein Cluster Region Loss - Ortho Loss: 0.0000, Cluster Loss: 0.0000
                              
Validation Results: {
    "ci": 0.6401,
    "classification_loss": 0.0,
    "cluster_loss": 0.0,
    "mae": 1.3472,
    "mse": 2.9144,
    "multiclassification_loss": 0.0,
    "ortho_loss": 0.0,
    "pearson": 0.446,
    "regression_loss": 2.9113,
    "rm2": 0.1704,
    "rmse": 1.7072,
    "sd": 1.4666,
    "spearman": 0.4054,
    "spectral_loss": 0.0
}
                              
Test Results: {
    "ci": 0.6421,
    "classification_loss": 0.0,
    "cluster_loss": 0.0,
    "mae": 1.322,
    "mse": 2.8195,
    "multiclassification_loss": 0.0,
    "ortho_loss": 0.0,
    "pearson": 0.4358,
    "regression_loss": 2.8183,
    "rm2": 0.1661,
    "rmse": 1.6791,
    "sd": 1.4817,
    "spearman": 0.4103,
    "spectral_loss": 0.0
}
                              
                              
----------------------------------------
Epoch 002 with LR 0.000300: Model Results
----------------------------------------
Train MSE Loss: 2.4285, Train CLS Loss: 0.0000, Train MCLS Loss: 0.0000
Protein Cluster Region Loss - Ortho Loss: 0.0000, Cluster Loss: 0.0000
                              
Validation Results: {
    "ci": 0.6546,
    "classification_loss": 0.0,
    "cluster_loss": 0.0,
    "mae": 1.1101,
    "mse": 2.0877,
    "multiclassification_loss": 0.0,
    "ortho_loss": 0.0,
    "pearson": 0.4754,
    "regression_loss": 2.0874,
    "rm2": 0.2251,
    "rmse": 1.4449,
    "sd": 1.4416,
    "spearman": 0.4444,
    "spectral_loss": 0.0
}
                              
Test Results: {
    "ci": 0.6606,
    "classification_loss": 0.0,
    "cluster_loss": 0.0,
    "mae": 1.092,
    "mse": 2.0738,
    "multiclassification_loss": 0.0,
    "ortho_loss": 0.0,
    "pearson": 0.4856,
    "regression_loss": 2.0755,
    "rm2": 0.2309,
    "rmse": 1.4401,
    "sd": 1.4391,
    "spearman": 0.4601,
    "spectral_loss": 0.0
}
                              
                              
----------------------------------------
Epoch 003 with LR 0.000300: Model Results
----------------------------------------
Train MSE Loss: 2.1819, Train CLS Loss: 0.0000, Train MCLS Loss: 0.0000
Protein Cluster Region Loss - Ortho Loss: 0.0000, Cluster Loss: 0.0000
                              
Validation Results: {
    "ci": 0.6699,
    "classification_loss": 0.0,
    "cluster_loss": 0.0,
    "mae": 1.1057,
    "mse": 2.0866,
    "multiclassification_loss": 0.0,
    "ortho_loss": 0.0,
    "pearson": 0.5166,
    "regression_loss": 2.0857,
    "rm2": 0.2303,
    "rmse": 1.4445,
    "sd": 1.4031,
    "spearman": 0.4827,
    "spectral_loss": 0.0
}
                              
Test Results: {
    "ci": 0.677,
    "classification_loss": 0.0,
    "cluster_loss": 0.0,
    "mae": 1.1022,
    "mse": 2.0895,
    "multiclassification_loss": 0.0,
    "ortho_loss": 0.0,
    "pearson": 0.5284,
    "regression_loss": 2.092,
    "rm2": 0.2356,
    "rmse": 1.4455,
    "sd": 1.3976,
    "spearman": 0.5037,
    "spectral_loss": 0.0
}
                              
                              
----------------------------------------
Epoch 004 with LR 0.000299: Model Results
----------------------------------------
Train MSE Loss: 2.0306, Train CLS Loss: 0.0000, Train MCLS Loss: 0.0000
Protein Cluster Region Loss - Ortho Loss: 0.0000, Cluster Loss: 0.0000
                              
Validation Results: {
    "ci": 0.6727,
    "classification_loss": 0.0,
    "cluster_loss": 0.0,
    "mae": 1.1093,
    "mse": 2.1176,
    "multiclassification_loss": 0.0,
    "ortho_loss": 0.0,
    "pearson": 0.5252,
    "regression_loss": 2.1167,
    "rm2": 0.2455,
    "rmse": 1.4552,
    "sd": 1.3944,
    "spearman": 0.4879,
    "spectral_loss": 0.0
}
                              
Test Results: {
    "ci": 0.677,
    "classification_loss": 0.0,
    "cluster_loss": 0.0,
    "mae": 1.1022,
    "mse": 2.0895,
    "multiclassification_loss": 0.0,
    "ortho_loss": 0.0,
    "pearson": 0.5284,
    "regression_loss": 2.092,
    "rm2": 0.2356,
    "rmse": 1.4455,
    "sd": 1.3976,
    "spearman": 0.5037,
    "spectral_loss": 0.0
}
                              
                              
----------------------------------------
Epoch 005 with LR 0.000298: Model Results
----------------------------------------
Train MSE Loss: 1.9318, Train CLS Loss: 0.0000, Train MCLS Loss: 0.0000
Protein Cluster Region Loss - Ortho Loss: 0.0000, Cluster Loss: 0.0000
                              
Validation Results: {
    "ci": 0.6744,
    "classification_loss": 0.0,
    "cluster_loss": 0.0,
    "mae": 1.0811,
    "mse": 2.0158,
    "multiclassification_loss": 0.0,
    "ortho_loss": 0.0,
    "pearson": 0.5265,
    "regression_loss": 2.0149,
    "rm2": 0.2592,
    "rmse": 1.4198,
    "sd": 1.3932,
    "spearman": 0.4943,
    "spectral_loss": 0.0
}
                              
Test Results: {
    "ci": 0.685,
    "classification_loss": 0.0,
    "cluster_loss": 0.0,
    "mae": 1.0568,
    "mse": 1.945,
    "multiclassification_loss": 0.0,
    "ortho_loss": 0.0,
    "pearson": 0.5529,
    "regression_loss": 1.9475,
    "rm2": 0.2815,
    "rmse": 1.3946,
    "sd": 1.3717,
    "spearman": 0.5207,
    "spectral_loss": 0.0
}
                              
                              
----------------------------------------
Epoch 006 with LR 0.000298: Model Results
----------------------------------------
Train MSE Loss: 1.9248, Train CLS Loss: 0.0000, Train MCLS Loss: 0.0000
Protein Cluster Region Loss - Ortho Loss: 0.0000, Cluster Loss: 0.0000
                              
Validation Results: {
    "ci": 0.6832,
    "classification_loss": 0.0,
    "cluster_loss": 0.0,
    "mae": 1.0431,
    "mse": 1.8971,
    "multiclassification_loss": 0.0,
    "ortho_loss": 0.0,
    "pearson": 0.5524,
    "regression_loss": 1.8974,
    "rm2": 0.2808,
    "rmse": 1.3774,
    "sd": 1.366,
    "spearman": 0.516,
    "spectral_loss": 0.0
}
                              
Test Results: {
    "ci": 0.696,
    "classification_loss": 0.0,
    "cluster_loss": 0.0,
    "mae": 1.0395,
    "mse": 1.8676,
    "multiclassification_loss": 0.0,
    "ortho_loss": 0.0,
    "pearson": 0.5747,
    "regression_loss": 1.8708,
    "rm2": 0.2983,
    "rmse": 1.3666,
    "sd": 1.3472,
    "spearman": 0.5494,
    "spectral_loss": 0.0
}
                              
                              
----------------------------------------
Epoch 007 with LR 0.000297: Model Results
----------------------------------------
Train MSE Loss: 1.8445, Train CLS Loss: 0.0000, Train MCLS Loss: 0.0000
Protein Cluster Region Loss - Ortho Loss: 0.0000, Cluster Loss: 0.0000
                              
Validation Results: {
    "ci": 0.6795,
    "classification_loss": 0.0,
    "cluster_loss": 0.0,
    "mae": 1.1335,
    "mse": 2.1543,
    "multiclassification_loss": 0.0,
    "ortho_loss": 0.0,
    "pearson": 0.5359,
    "regression_loss": 2.1527,
    "rm2": 0.2434,
    "rmse": 1.4677,
    "sd": 1.3835,
    "spearman": 0.5054,
    "spectral_loss": 0.0
}
                              
Test Results: {
    "ci": 0.696,
    "classification_loss": 0.0,
    "cluster_loss": 0.0,
    "mae": 1.0395,
    "mse": 1.8676,
    "multiclassification_loss": 0.0,
    "ortho_loss": 0.0,
    "pearson": 0.5747,
    "regression_loss": 1.8708,
    "rm2": 0.2983,
    "rmse": 1.3666,
    "sd": 1.3472,
    "spearman": 0.5494,
    "spectral_loss": 0.0
}
                              
                              
----------------------------------------
Epoch 008 with LR 0.000296: Model Results
----------------------------------------
Train MSE Loss: 1.7479, Train CLS Loss: 0.0000, Train MCLS Loss: 0.0000
Protein Cluster Region Loss - Ortho Loss: 0.0000, Cluster Loss: 0.0000
                              
Validation Results: {
    "ci": 0.6863,
    "classification_loss": 0.0,
    "cluster_loss": 0.0,
    "mae": 1.0348,
    "mse": 1.8492,
    "multiclassification_loss": 0.0,
    "ortho_loss": 0.0,
    "pearson": 0.5667,
    "regression_loss": 1.8487,
    "rm2": 0.3098,
    "rmse": 1.3598,
    "sd": 1.3502,
    "spearman": 0.5224,
    "spectral_loss": 0.0
}
                              
Test Results: {
    "ci": 0.6989,
    "classification_loss": 0.0,
    "cluster_loss": 0.0,
    "mae": 1.0201,
    "mse": 1.8238,
    "multiclassification_loss": 0.0,
    "ortho_loss": 0.0,
    "pearson": 0.5832,
    "regression_loss": 1.8263,
    "rm2": 0.3339,
    "rmse": 1.3505,
    "sd": 1.3373,
    "spearman": 0.5545,
    "spectral_loss": 0.0
}
                              
                              
----------------------------------------
Epoch 009 with LR 0.000295: Model Results
----------------------------------------
Train MSE Loss: 1.8054, Train CLS Loss: 0.0000, Train MCLS Loss: 0.0000
Protein Cluster Region Loss - Ortho Loss: 0.0000, Cluster Loss: 0.0000
                              
Validation Results: {
    "ci": 0.6687,
    "classification_loss": 0.0,
    "cluster_loss": 0.0,
    "mae": 1.1504,
    "mse": 2.2865,
    "multiclassification_loss": 0.0,
    "ortho_loss": 0.0,
    "pearson": 0.4777,
    "regression_loss": 2.2872,
    "rm2": 0.2127,
    "rmse": 1.5121,
    "sd": 1.4396,
    "spearman": 0.4797,
    "spectral_loss": 0.0
}
                              
Test Results: {
    "ci": 0.6989,
    "classification_loss": 0.0,
    "cluster_loss": 0.0,
    "mae": 1.0201,
    "mse": 1.8238,
    "multiclassification_loss": 0.0,
    "ortho_loss": 0.0,
    "pearson": 0.5832,
    "regression_loss": 1.8263,
    "rm2": 0.3339,
    "rmse": 1.3505,
    "sd": 1.3373,
    "spearman": 0.5545,
    "spectral_loss": 0.0
}
                              
                              
----------------------------------------
Epoch 010 with LR 0.000293: Model Results
----------------------------------------
Train MSE Loss: 1.7263, Train CLS Loss: 0.0000, Train MCLS Loss: 0.0000
Protein Cluster Region Loss - Ortho Loss: 0.0000, Cluster Loss: 0.0000
                              
Validation Results: {
    "ci": 0.6843,
    "classification_loss": 0.0,
    "cluster_loss": 0.0,
    "mae": 1.1083,
    "mse": 2.145,
    "multiclassification_loss": 0.0,
    "ortho_loss": 0.0,
    "pearson": 0.5534,
    "regression_loss": 2.1428,
    "rm2": 0.2826,
    "rmse": 1.4646,
    "sd": 1.3648,
    "spearman": 0.516,
    "spectral_loss": 0.0
}
                              
Test Results: {
    "ci": 0.6989,
    "classification_loss": 0.0,
    "cluster_loss": 0.0,
    "mae": 1.0201,
    "mse": 1.8238,
    "multiclassification_loss": 0.0,
    "ortho_loss": 0.0,
    "pearson": 0.5832,
    "regression_loss": 1.8263,
    "rm2": 0.3339,
    "rmse": 1.3505,
    "sd": 1.3373,
    "spearman": 0.5545,
    "spectral_loss": 0.0
}
                              
                              
----------------------------------------
Epoch 011 with LR 0.000292: Model Results
----------------------------------------
Train MSE Loss: 1.7026, Train CLS Loss: 0.0000, Train MCLS Loss: 0.0000
Protein Cluster Region Loss - Ortho Loss: 0.0000, Cluster Loss: 0.0000
                              
Validation Results: {
    "ci": 0.6909,
    "classification_loss": 0.0,
    "cluster_loss": 0.0,
    "mae": 1.0258,
    "mse": 1.8512,
    "multiclassification_loss": 0.0,
    "ortho_loss": 0.0,
    "pearson": 0.5746,
    "regression_loss": 1.8507,
    "rm2": 0.3069,
    "rmse": 1.3606,
    "sd": 1.3411,
    "spearman": 0.5342,
    "spectral_loss": 0.0
}
                              
Test Results: {
    "ci": 0.6989,
    "classification_loss": 0.0,
    "cluster_loss": 0.0,
    "mae": 1.0201,
    "mse": 1.8238,
    "multiclassification_loss": 0.0,
    "ortho_loss": 0.0,
    "pearson": 0.5832,
    "regression_loss": 1.8263,
    "rm2": 0.3339,
    "rmse": 1.3505,
    "sd": 1.3373,
    "spearman": 0.5545,
    "spectral_loss": 0.0
}
                              
                              
----------------------------------------
Epoch 012 with LR 0.000290: Model Results
----------------------------------------
Train MSE Loss: 1.5971, Train CLS Loss: 0.0000, Train MCLS Loss: 0.0000
Protein Cluster Region Loss - Ortho Loss: 0.0000, Cluster Loss: 0.0000
                              
Validation Results: {
    "ci": 0.6846,
    "classification_loss": 0.0,
    "cluster_loss": 0.0,
    "mae": 1.0329,
    "mse": 1.9011,
    "multiclassification_loss": 0.0,
    "ortho_loss": 0.0,
    "pearson": 0.5719,
    "regression_loss": 1.8999,
    "rm2": 0.303,
    "rmse": 1.3788,
    "sd": 1.3442,
    "spearman": 0.5171,
    "spectral_loss": 0.0
}
                              
Test Results: {
    "ci": 0.6989,
    "classification_loss": 0.0,
    "cluster_loss": 0.0,
    "mae": 1.0201,
    "mse": 1.8238,
    "multiclassification_loss": 0.0,
    "ortho_loss": 0.0,
    "pearson": 0.5832,
    "regression_loss": 1.8263,
    "rm2": 0.3339,
    "rmse": 1.3505,
    "sd": 1.3373,
    "spearman": 0.5545,
    "spectral_loss": 0.0
}
                              
                              
----------------------------------------
Epoch 013 with LR 0.000288: Model Results
----------------------------------------
Train MSE Loss: 1.6105, Train CLS Loss: 0.0000, Train MCLS Loss: 0.0000
Protein Cluster Region Loss - Ortho Loss: 0.0000, Cluster Loss: 0.0000
                              
Validation Results: {
    "ci": 0.6895,
    "classification_loss": 0.0,
    "cluster_loss": 0.0,
    "mae": 1.0197,
    "mse": 1.8509,
    "multiclassification_loss": 0.0,
    "ortho_loss": 0.0,
    "pearson": 0.5805,
    "regression_loss": 1.8493,
    "rm2": 0.3103,
    "rmse": 1.3605,
    "sd": 1.3343,
    "spearman": 0.5288,
    "spectral_loss": 0.0
}
                              
Test Results: {
    "ci": 0.6989,
    "classification_loss": 0.0,
    "cluster_loss": 0.0,
    "mae": 1.0201,
    "mse": 1.8238,
    "multiclassification_loss": 0.0,
    "ortho_loss": 0.0,
    "pearson": 0.5832,
    "regression_loss": 1.8263,
    "rm2": 0.3339,
    "rmse": 1.3505,
    "sd": 1.3373,
    "spearman": 0.5545,
    "spectral_loss": 0.0
}
                              
                              
----------------------------------------
Epoch 014 with LR 0.000287: Model Results
----------------------------------------
Train MSE Loss: 1.5905, Train CLS Loss: 0.0000, Train MCLS Loss: 0.0000
Protein Cluster Region Loss - Ortho Loss: 0.0000, Cluster Loss: 0.0000
                              
Validation Results: {
    "ci": 0.6849,
    "classification_loss": 0.0,
    "cluster_loss": 0.0,
    "mae": 1.0252,
    "mse": 1.8644,
    "multiclassification_loss": 0.0,
    "ortho_loss": 0.0,
    "pearson": 0.5717,
    "regression_loss": 1.8635,
    "rm2": 0.3033,
    "rmse": 1.3654,
    "sd": 1.3445,
    "spearman": 0.5176,
    "spectral_loss": 0.0
}
                              
Test Results: {
    "ci": 0.6989,
    "classification_loss": 0.0,
    "cluster_loss": 0.0,
    "mae": 1.0201,
    "mse": 1.8238,
    "multiclassification_loss": 0.0,
    "ortho_loss": 0.0,
    "pearson": 0.5832,
    "regression_loss": 1.8263,
    "rm2": 0.3339,
    "rmse": 1.3505,
    "sd": 1.3373,
    "spearman": 0.5545,
    "spectral_loss": 0.0
}
                              
                              
----------------------------------------
Epoch 015 with LR 0.000284: Model Results
----------------------------------------
Train MSE Loss: 1.5613, Train CLS Loss: 0.0000, Train MCLS Loss: 0.0000
Protein Cluster Region Loss - Ortho Loss: 0.0000, Cluster Loss: 0.0000
                              
Validation Results: {
    "ci": 0.6876,
    "classification_loss": 0.0,
    "cluster_loss": 0.0,
    "mae": 1.0459,
    "mse": 1.9423,
    "multiclassification_loss": 0.0,
    "ortho_loss": 0.0,
    "pearson": 0.5633,
    "regression_loss": 1.9417,
    "rm2": 0.2693,
    "rmse": 1.3937,
    "sd": 1.354,
    "spearman": 0.5226,
    "spectral_loss": 0.0
}
                              
Test Results: {
    "ci": 0.6989,
    "classification_loss": 0.0,
    "cluster_loss": 0.0,
    "mae": 1.0201,
    "mse": 1.8238,
    "multiclassification_loss": 0.0,
    "ortho_loss": 0.0,
    "pearson": 0.5832,
    "regression_loss": 1.8263,
    "rm2": 0.3339,
    "rmse": 1.3505,
    "sd": 1.3373,
    "spearman": 0.5545,
    "spectral_loss": 0.0
}
                              
                              
----------------------------------------
Epoch 016 with LR 0.000282: Model Results
----------------------------------------
Train MSE Loss: 1.7364, Train CLS Loss: 0.0000, Train MCLS Loss: 0.0000
Protein Cluster Region Loss - Ortho Loss: 0.0000, Cluster Loss: 0.0000
                              
Validation Results: {
    "ci": 0.6644,
    "classification_loss": 0.0,
    "cluster_loss": 0.0,
    "mae": 1.1364,
    "mse": 2.16,
    "multiclassification_loss": 0.0,
    "ortho_loss": 0.0,
    "pearson": 0.5116,
    "regression_loss": 2.159,
    "rm2": 0.2546,
    "rmse": 1.4697,
    "sd": 1.4079,
    "spearman": 0.4702,
    "spectral_loss": 0.0
}
                              
Test Results: {
    "ci": 0.6989,
    "classification_loss": 0.0,
    "cluster_loss": 0.0,
    "mae": 1.0201,
    "mse": 1.8238,
    "multiclassification_loss": 0.0,
    "ortho_loss": 0.0,
    "pearson": 0.5832,
    "regression_loss": 1.8263,
    "rm2": 0.3339,
    "rmse": 1.3505,
    "sd": 1.3373,
    "spearman": 0.5545,
    "spectral_loss": 0.0
}
                              
                              
----------------------------------------
Epoch 017 with LR 0.000280: Model Results
----------------------------------------
Train MSE Loss: 1.9132, Train CLS Loss: 0.0000, Train MCLS Loss: 0.0000
Protein Cluster Region Loss - Ortho Loss: 0.0000, Cluster Loss: 0.0000
                              
Validation Results: {
    "ci": 0.6467,
    "classification_loss": 0.0,
    "cluster_loss": 0.0,
    "mae": 1.1226,
    "mse": 2.1412,
    "multiclassification_loss": 0.0,
    "ortho_loss": 0.0,
    "pearson": 0.4664,
    "regression_loss": 2.1405,
    "rm2": 0.2005,
    "rmse": 1.4633,
    "sd": 1.4496,
    "spearman": 0.4244,
    "spectral_loss": 0.0
}
                              
Test Results: {
    "ci": 0.6989,
    "classification_loss": 0.0,
    "cluster_loss": 0.0,
    "mae": 1.0201,
    "mse": 1.8238,
    "multiclassification_loss": 0.0,
    "ortho_loss": 0.0,
    "pearson": 0.5832,
    "regression_loss": 1.8263,
    "rm2": 0.3339,
    "rmse": 1.3505,
    "sd": 1.3373,
    "spearman": 0.5545,
    "spectral_loss": 0.0
}
                              
                              
----------------------------------------
Epoch 018 with LR 0.000278: Model Results
----------------------------------------
Train MSE Loss: 2.1199, Train CLS Loss: 0.0000, Train MCLS Loss: 0.0000
Protein Cluster Region Loss - Ortho Loss: 0.0000, Cluster Loss: 0.0000
                              
Validation Results: {
    "ci": 0.6359,
    "classification_loss": 0.0,
    "cluster_loss": 0.0,
    "mae": 1.2045,
    "mse": 2.4328,
    "multiclassification_loss": 0.0,
    "ortho_loss": 0.0,
    "pearson": 0.434,
    "regression_loss": 2.4312,
    "rm2": 0.1644,
    "rmse": 1.5598,
    "sd": 1.4763,
    "spearman": 0.3936,
    "spectral_loss": 0.0
}
                              
Test Results: {
    "ci": 0.6989,
    "classification_loss": 0.0,
    "cluster_loss": 0.0,
    "mae": 1.0201,
    "mse": 1.8238,
    "multiclassification_loss": 0.0,
    "ortho_loss": 0.0,
    "pearson": 0.5832,
    "regression_loss": 1.8263,
    "rm2": 0.3339,
    "rmse": 1.3505,
    "sd": 1.3373,
    "spearman": 0.5545,
    "spectral_loss": 0.0
}
                              
                              
----------------------------------------
Epoch 019 with LR 0.000275: Model Results
----------------------------------------
Train MSE Loss: 2.2362, Train CLS Loss: 0.0000, Train MCLS Loss: 0.0000
Protein Cluster Region Loss - Ortho Loss: 0.0000, Cluster Loss: 0.0000
                              
Validation Results: {
    "ci": 0.6528,
    "classification_loss": 0.0,
    "cluster_loss": 0.0,
    "mae": 1.1243,
    "mse": 2.1279,
    "multiclassification_loss": 0.0,
    "ortho_loss": 0.0,
    "pearson": 0.4795,
    "regression_loss": 2.1268,
    "rm2": 0.2112,
    "rmse": 1.4587,
    "sd": 1.438,
    "spearman": 0.4392,
    "spectral_loss": 0.0
}
                              
Test Results: {
    "ci": 0.6989,
    "classification_loss": 0.0,
    "cluster_loss": 0.0,
    "mae": 1.0201,
    "mse": 1.8238,
    "multiclassification_loss": 0.0,
    "ortho_loss": 0.0,
    "pearson": 0.5832,
    "regression_loss": 1.8263,
    "rm2": 0.3339,
    "rmse": 1.3505,
    "sd": 1.3373,
    "spearman": 0.5545,
    "spectral_loss": 0.0
}
                              
                              
----------------------------------------
Epoch 020 with LR 0.000272: Model Results
----------------------------------------
Train MSE Loss: 2.1178, Train CLS Loss: 0.0000, Train MCLS Loss: 0.0000
Protein Cluster Region Loss - Ortho Loss: 0.0000, Cluster Loss: 0.0000
                              
Validation Results: {
    "ci": 0.6664,
    "classification_loss": 0.0,
    "cluster_loss": 0.0,
    "mae": 1.2938,
    "mse": 2.6846,
    "multiclassification_loss": 0.0,
    "ortho_loss": 0.0,
    "pearson": 0.5137,
    "regression_loss": 2.6824,
    "rm2": 0.21,
    "rmse": 1.6385,
    "sd": 1.4059,
    "spearman": 0.4761,
    "spectral_loss": 0.0
}
                              
Test Results: {
    "ci": 0.6989,
    "classification_loss": 0.0,
    "cluster_loss": 0.0,
    "mae": 1.0201,
    "mse": 1.8238,
    "multiclassification_loss": 0.0,
    "ortho_loss": 0.0,
    "pearson": 0.5832,
    "regression_loss": 1.8263,
    "rm2": 0.3339,
    "rmse": 1.3505,
    "sd": 1.3373,
    "spearman": 0.5545,
    "spectral_loss": 0.0
}
                              
                              
----------------------------------------
Epoch 021 with LR 0.000270: Model Results
----------------------------------------
Train MSE Loss: 2.0462, Train CLS Loss: 0.0000, Train MCLS Loss: 0.0000
Protein Cluster Region Loss - Ortho Loss: 0.0000, Cluster Loss: 0.0000
                              
Validation Results: {
    "ci": 0.6779,
    "classification_loss": 0.0,
    "cluster_loss": 0.0,
    "mae": 1.0694,
    "mse": 1.9413,
    "multiclassification_loss": 0.0,
    "ortho_loss": 0.0,
    "pearson": 0.5385,
    "regression_loss": 1.9422,
    "rm2": 0.2654,
    "rmse": 1.3933,
    "sd": 1.3808,
    "spearman": 0.5057,
    "spectral_loss": 0.0
}
                              
Test Results: {
    "ci": 0.6989,
    "classification_loss": 0.0,
    "cluster_loss": 0.0,
    "mae": 1.0201,
    "mse": 1.8238,
    "multiclassification_loss": 0.0,
    "ortho_loss": 0.0,
    "pearson": 0.5832,
    "regression_loss": 1.8263,
    "rm2": 0.3339,
    "rmse": 1.3505,
    "sd": 1.3373,
    "spearman": 0.5545,
    "spectral_loss": 0.0
}
                              
                              
----------------------------------------
Epoch 022 with LR 0.000267: Model Results
----------------------------------------
Train MSE Loss: 1.8453, Train CLS Loss: 0.0000, Train MCLS Loss: 0.0000
Protein Cluster Region Loss - Ortho Loss: 0.0000, Cluster Loss: 0.0000
                              
Validation Results: {
    "ci": 0.6844,
    "classification_loss": 0.0,
    "cluster_loss": 0.0,
    "mae": 1.0423,
    "mse": 1.8545,
    "multiclassification_loss": 0.0,
    "ortho_loss": 0.0,
    "pearson": 0.5592,
    "regression_loss": 1.8543,
    "rm2": 0.2998,
    "rmse": 1.3618,
    "sd": 1.3585,
    "spearman": 0.5196,
    "spectral_loss": 0.0
}
                              
Test Results: {
    "ci": 0.6989,
    "classification_loss": 0.0,
    "cluster_loss": 0.0,
    "mae": 1.0201,
    "mse": 1.8238,
    "multiclassification_loss": 0.0,
    "ortho_loss": 0.0,
    "pearson": 0.5832,
    "regression_loss": 1.8263,
    "rm2": 0.3339,
    "rmse": 1.3505,
    "sd": 1.3373,
    "spearman": 0.5545,
    "spectral_loss": 0.0
}
                              
                              
----------------------------------------
Epoch 023 with LR 0.000264: Model Results
----------------------------------------
Train MSE Loss: 1.8308, Train CLS Loss: 0.0000, Train MCLS Loss: 0.0000
Protein Cluster Region Loss - Ortho Loss: 0.0000, Cluster Loss: 0.0000
                              
Validation Results: {
    "ci": 0.6882,
    "classification_loss": 0.0,
    "cluster_loss": 0.0,
    "mae": 1.0317,
    "mse": 1.8419,
    "multiclassification_loss": 0.0,
    "ortho_loss": 0.0,
    "pearson": 0.5658,
    "regression_loss": 1.8412,
    "rm2": 0.3195,
    "rmse": 1.3572,
    "sd": 1.3511,
    "spearman": 0.5293,
    "spectral_loss": 0.0
}
                              
Test Results: {
    "ci": 0.6988,
    "classification_loss": 0.0,
    "cluster_loss": 0.0,
    "mae": 1.0203,
    "mse": 1.8373,
    "multiclassification_loss": 0.0,
    "ortho_loss": 0.0,
    "pearson": 0.5764,
    "regression_loss": 1.8386,
    "rm2": 0.3254,
    "rmse": 1.3555,
    "sd": 1.3452,
    "spearman": 0.5565,
    "spectral_loss": 0.0
}
                              
                              
----------------------------------------
Epoch 024 with LR 0.000261: Model Results
----------------------------------------
Train MSE Loss: 1.8789, Train CLS Loss: 0.0000, Train MCLS Loss: 0.0000
Protein Cluster Region Loss - Ortho Loss: 0.0000, Cluster Loss: 0.0000
                              
Validation Results: {
    "ci": 0.6685,
    "classification_loss": 0.0,
    "cluster_loss": 0.0,
    "mae": 1.295,
    "mse": 2.7321,
    "multiclassification_loss": 0.0,
    "ortho_loss": 0.0,
    "pearson": 0.5305,
    "regression_loss": 2.7297,
    "rm2": 0.248,
    "rmse": 1.6529,
    "sd": 1.3891,
    "spearman": 0.4795,
    "spectral_loss": 0.0
}
                              
Test Results: {
    "ci": 0.6988,
    "classification_loss": 0.0,
    "cluster_loss": 0.0,
    "mae": 1.0203,
    "mse": 1.8373,
    "multiclassification_loss": 0.0,
    "ortho_loss": 0.0,
    "pearson": 0.5764,
    "regression_loss": 1.8386,
    "rm2": 0.3254,
    "rmse": 1.3555,
    "sd": 1.3452,
    "spearman": 0.5565,
    "spectral_loss": 0.0
}
                              
                              
----------------------------------------
Epoch 025 with LR 0.000257: Model Results
----------------------------------------
Train MSE Loss: 1.8511, Train CLS Loss: 0.0000, Train MCLS Loss: 0.0000
Protein Cluster Region Loss - Ortho Loss: 0.0000, Cluster Loss: 0.0000
                              
Validation Results: {
    "ci": 0.6789,
    "classification_loss": 0.0,
    "cluster_loss": 0.0,
    "mae": 1.0633,
    "mse": 1.94,
    "multiclassification_loss": 0.0,
    "ortho_loss": 0.0,
    "pearson": 0.5477,
    "regression_loss": 1.9386,
    "rm2": 0.2958,
    "rmse": 1.3928,
    "sd": 1.371,
    "spearman": 0.506,
    "spectral_loss": 0.0
}
                              
Test Results: {
    "ci": 0.6988,
    "classification_loss": 0.0,
    "cluster_loss": 0.0,
    "mae": 1.0203,
    "mse": 1.8373,
    "multiclassification_loss": 0.0,
    "ortho_loss": 0.0,
    "pearson": 0.5764,
    "regression_loss": 1.8386,
    "rm2": 0.3254,
    "rmse": 1.3555,
    "sd": 1.3452,
    "spearman": 0.5565,
    "spectral_loss": 0.0
}
                              
                              
----------------------------------------
Epoch 026 with LR 0.000254: Model Results
----------------------------------------
Train MSE Loss: 1.7736, Train CLS Loss: 0.0000, Train MCLS Loss: 0.0000
Protein Cluster Region Loss - Ortho Loss: 0.0000, Cluster Loss: 0.0000
                              
Validation Results: {
    "ci": 0.6818,
    "classification_loss": 0.0,
    "cluster_loss": 0.0,
    "mae": 1.0829,
    "mse": 2.0327,
    "multiclassification_loss": 0.0,
    "ortho_loss": 0.0,
    "pearson": 0.5572,
    "regression_loss": 2.0316,
    "rm2": 0.2934,
    "rmse": 1.4257,
    "sd": 1.3607,
    "spearman": 0.5128,
    "spectral_loss": 0.0
}
                              
Test Results: {
    "ci": 0.6988,
    "classification_loss": 0.0,
    "cluster_loss": 0.0,
    "mae": 1.0203,
    "mse": 1.8373,
    "multiclassification_loss": 0.0,
    "ortho_loss": 0.0,
    "pearson": 0.5764,
    "regression_loss": 1.8386,
    "rm2": 0.3254,
    "rmse": 1.3555,
    "sd": 1.3452,
    "spearman": 0.5565,
    "spectral_loss": 0.0
}
                              
                              
----------------------------------------
Epoch 027 with LR 0.000250: Model Results
----------------------------------------
Train MSE Loss: 1.7334, Train CLS Loss: 0.0000, Train MCLS Loss: 0.0000
Protein Cluster Region Loss - Ortho Loss: 0.0000, Cluster Loss: 0.0000
                              
Validation Results: {
    "ci": 0.675,
    "classification_loss": 0.0,
    "cluster_loss": 0.0,
    "mae": 1.4947,
    "mse": 3.4019,
    "multiclassification_loss": 0.0,
    "ortho_loss": 0.0,
    "pearson": 0.5469,
    "regression_loss": 3.3975,
    "rm2": 0.2431,
    "rmse": 1.8444,
    "sd": 1.3719,
    "spearman": 0.4947,
    "spectral_loss": 0.0
}
                              
Test Results: {
    "ci": 0.6988,
    "classification_loss": 0.0,
    "cluster_loss": 0.0,
    "mae": 1.0203,
    "mse": 1.8373,
    "multiclassification_loss": 0.0,
    "ortho_loss": 0.0,
    "pearson": 0.5764,
    "regression_loss": 1.8386,
    "rm2": 0.3254,
    "rmse": 1.3555,
    "sd": 1.3452,
    "spearman": 0.5565,
    "spectral_loss": 0.0
}
                              
                              
----------------------------------------
Epoch 028 with LR 0.000247: Model Results
----------------------------------------
Train MSE Loss: 1.6885, Train CLS Loss: 0.0000, Train MCLS Loss: 0.0000
Protein Cluster Region Loss - Ortho Loss: 0.0000, Cluster Loss: 0.0000
                              
Validation Results: {
    "ci": 0.6774,
    "classification_loss": 0.0,
    "cluster_loss": 0.0,
    "mae": 1.1235,
    "mse": 2.1556,
    "multiclassification_loss": 0.0,
    "ortho_loss": 0.0,
    "pearson": 0.5374,
    "regression_loss": 2.1547,
    "rm2": 0.2334,
    "rmse": 1.4682,
    "sd": 1.3819,
    "spearman": 0.5015,
    "spectral_loss": 0.0
}
                              
Test Results: {
    "ci": 0.6988,
    "classification_loss": 0.0,
    "cluster_loss": 0.0,
    "mae": 1.0203,
    "mse": 1.8373,
    "multiclassification_loss": 0.0,
    "ortho_loss": 0.0,
    "pearson": 0.5764,
    "regression_loss": 1.8386,
    "rm2": 0.3254,
    "rmse": 1.3555,
    "sd": 1.3452,
    "spearman": 0.5565,
    "spectral_loss": 0.0
}
                              
                              
----------------------------------------
Epoch 029 with LR 0.000243: Model Results
----------------------------------------
Train MSE Loss: 1.7299, Train CLS Loss: 0.0000, Train MCLS Loss: 0.0000
Protein Cluster Region Loss - Ortho Loss: 0.0000, Cluster Loss: 0.0000
                              
Validation Results: {
    "ci": 0.6869,
    "classification_loss": 0.0,
    "cluster_loss": 0.0,
    "mae": 1.1731,
    "mse": 2.3708,
    "multiclassification_loss": 0.0,
    "ortho_loss": 0.0,
    "pearson": 0.567,
    "regression_loss": 2.3693,
    "rm2": 0.3157,
    "rmse": 1.5397,
    "sd": 1.3498,
    "spearman": 0.5238,
    "spectral_loss": 0.0
}
                              
Test Results: {
    "ci": 0.6988,
    "classification_loss": 0.0,
    "cluster_loss": 0.0,
    "mae": 1.0203,
    "mse": 1.8373,
    "multiclassification_loss": 0.0,
    "ortho_loss": 0.0,
    "pearson": 0.5764,
    "regression_loss": 1.8386,
    "rm2": 0.3254,
    "rmse": 1.3555,
    "sd": 1.3452,
    "spearman": 0.5565,
    "spectral_loss": 0.0
}
                              
                              
----------------------------------------
Epoch 030 with LR 0.000240: Model Results
----------------------------------------
Train MSE Loss: 1.6480, Train CLS Loss: 0.0000, Train MCLS Loss: 0.0000
Protein Cluster Region Loss - Ortho Loss: 0.0000, Cluster Loss: 0.0000
                              
Validation Results: {
    "ci": 0.6829,
    "classification_loss": 0.0,
    "cluster_loss": 0.0,
    "mae": 1.1133,
    "mse": 2.1381,
    "multiclassification_loss": 0.0,
    "ortho_loss": 0.0,
    "pearson": 0.563,
    "regression_loss": 2.1361,
    "rm2": 0.3152,
    "rmse": 1.4622,
    "sd": 1.3543,
    "spearman": 0.5147,
    "spectral_loss": 0.0
}
                              
Test Results: {
    "ci": 0.6988,
    "classification_loss": 0.0,
    "cluster_loss": 0.0,
    "mae": 1.0203,
    "mse": 1.8373,
    "multiclassification_loss": 0.0,
    "ortho_loss": 0.0,
    "pearson": 0.5764,
    "regression_loss": 1.8386,
    "rm2": 0.3254,
    "rmse": 1.3555,
    "sd": 1.3452,
    "spearman": 0.5565,
    "spectral_loss": 0.0
}
                              
                              
----------------------------------------
Epoch 031 with LR 0.000236: Model Results
----------------------------------------
Train MSE Loss: 1.6327, Train CLS Loss: 0.0000, Train MCLS Loss: 0.0000
Protein Cluster Region Loss - Ortho Loss: 0.0000, Cluster Loss: 0.0000
                              
Validation Results: {
    "ci": 0.6733,
    "classification_loss": 0.0,
    "cluster_loss": 0.0,
    "mae": 1.1954,
    "mse": 2.3742,
    "multiclassification_loss": 0.0,
    "ortho_loss": 0.0,
    "pearson": 0.5445,
    "regression_loss": 2.3714,
    "rm2": 0.2515,
    "rmse": 1.5409,
    "sd": 1.3744,
    "spearman": 0.4899,
    "spectral_loss": 0.0
}
                              
Test Results: {
    "ci": 0.6988,
    "classification_loss": 0.0,
    "cluster_loss": 0.0,
    "mae": 1.0203,
    "mse": 1.8373,
    "multiclassification_loss": 0.0,
    "ortho_loss": 0.0,
    "pearson": 0.5764,
    "regression_loss": 1.8386,
    "rm2": 0.3254,
    "rmse": 1.3555,
    "sd": 1.3452,
    "spearman": 0.5565,
    "spectral_loss": 0.0
}
                              
                              
----------------------------------------
Epoch 032 with LR 0.000232: Model Results
----------------------------------------
Train MSE Loss: 1.6993, Train CLS Loss: 0.0000, Train MCLS Loss: 0.0000
Protein Cluster Region Loss - Ortho Loss: 0.0000, Cluster Loss: 0.0000
                              
Validation Results: {
    "ci": 0.663,
    "classification_loss": 0.0,
    "cluster_loss": 0.0,
    "mae": 1.2537,
    "mse": 2.6464,
    "multiclassification_loss": 0.0,
    "ortho_loss": 0.0,
    "pearson": 0.5065,
    "regression_loss": 2.644,
    "rm2": 0.2547,
    "rmse": 1.6268,
    "sd": 1.4129,
    "spearman": 0.4633,
    "spectral_loss": 0.0
}
                              
Test Results: {
    "ci": 0.6988,
    "classification_loss": 0.0,
    "cluster_loss": 0.0,
    "mae": 1.0203,
    "mse": 1.8373,
    "multiclassification_loss": 0.0,
    "ortho_loss": 0.0,
    "pearson": 0.5764,
    "regression_loss": 1.8386,
    "rm2": 0.3254,
    "rmse": 1.3555,
    "sd": 1.3452,
    "spearman": 0.5565,
    "spectral_loss": 0.0
}
                              
                              
----------------------------------------
Epoch 033 with LR 0.000228: Model Results
----------------------------------------
Train MSE Loss: 1.8228, Train CLS Loss: 0.0000, Train MCLS Loss: 0.0000
Protein Cluster Region Loss - Ortho Loss: 0.0000, Cluster Loss: 0.0000
                              
Validation Results: {
    "ci": 0.6564,
    "classification_loss": 0.0,
    "cluster_loss": 0.0,
    "mae": 1.5755,
    "mse": 3.7707,
    "multiclassification_loss": 0.0,
    "ortho_loss": 0.0,
    "pearson": 0.4765,
    "regression_loss": 3.772,
    "rm2": 0.2197,
    "rmse": 1.9418,
    "sd": 1.4406,
    "spearman": 0.4469,
    "spectral_loss": 0.0
}
                              
Test Results: {
    "ci": 0.6988,
    "classification_loss": 0.0,
    "cluster_loss": 0.0,
    "mae": 1.0203,
    "mse": 1.8373,
    "multiclassification_loss": 0.0,
    "ortho_loss": 0.0,
    "pearson": 0.5764,
    "regression_loss": 1.8386,
    "rm2": 0.3254,
    "rmse": 1.3555,
    "sd": 1.3452,
    "spearman": 0.5565,
    "spectral_loss": 0.0
}
                              
                              
----------------------------------------
Epoch 034 with LR 0.000224: Model Results
----------------------------------------
Train MSE Loss: 1.8286, Train CLS Loss: 0.0000, Train MCLS Loss: 0.0000
Protein Cluster Region Loss - Ortho Loss: 0.0000, Cluster Loss: 0.0000
                              
Validation Results: {
    "ci": 0.6684,
    "classification_loss": 0.0,
    "cluster_loss": 0.0,
    "mae": 1.5167,
    "mse": 3.5283,
    "multiclassification_loss": 0.0,
    "ortho_loss": 0.0,
    "pearson": 0.5338,
    "regression_loss": 3.5241,
    "rm2": 0.2182,
    "rmse": 1.8784,
    "sd": 1.3857,
    "spearman": 0.4791,
    "spectral_loss": 0.0
}
                              
Test Results: {
    "ci": 0.6988,
    "classification_loss": 0.0,
    "cluster_loss": 0.0,
    "mae": 1.0203,
    "mse": 1.8373,
    "multiclassification_loss": 0.0,
    "ortho_loss": 0.0,
    "pearson": 0.5764,
    "regression_loss": 1.8386,
    "rm2": 0.3254,
    "rmse": 1.3555,
    "sd": 1.3452,
    "spearman": 0.5565,
    "spectral_loss": 0.0
}
                              
                              
----------------------------------------
Epoch 035 with LR 0.000220: Model Results
----------------------------------------
Train MSE Loss: 1.6462, Train CLS Loss: 0.0000, Train MCLS Loss: 0.0000
Protein Cluster Region Loss - Ortho Loss: 0.0000, Cluster Loss: 0.0000
                              
Validation Results: {
    "ci": 0.6515,
    "classification_loss": 0.0,
    "cluster_loss": 0.0,
    "mae": 1.3542,
    "mse": 2.9907,
    "multiclassification_loss": 0.0,
    "ortho_loss": 0.0,
    "pearson": 0.4882,
    "regression_loss": 2.9868,
    "rm2": 0.2011,
    "rmse": 1.7294,
    "sd": 1.4301,
    "spearman": 0.4338,
    "spectral_loss": 0.0
}
                              
Test Results: {
    "ci": 0.6988,
    "classification_loss": 0.0,
    "cluster_loss": 0.0,
    "mae": 1.0203,
    "mse": 1.8373,
    "multiclassification_loss": 0.0,
    "ortho_loss": 0.0,
    "pearson": 0.5764,
    "regression_loss": 1.8386,
    "rm2": 0.3254,
    "rmse": 1.3555,
    "sd": 1.3452,
    "spearman": 0.5565,
    "spectral_loss": 0.0
}
                              
                              
----------------------------------------
Epoch 036 with LR 0.000215: Model Results
----------------------------------------
Train MSE Loss: 1.6599, Train CLS Loss: 0.0000, Train MCLS Loss: 0.0000
Protein Cluster Region Loss - Ortho Loss: 0.0000, Cluster Loss: 0.0000
                              
Validation Results: {
    "ci": 0.6716,
    "classification_loss": 0.0,
    "cluster_loss": 0.0,
    "mae": 1.3315,
    "mse": 2.8444,
    "multiclassification_loss": 0.0,
    "ortho_loss": 0.0,
    "pearson": 0.528,
    "regression_loss": 2.8431,
    "rm2": 0.2011,
    "rmse": 1.6865,
    "sd": 1.3917,
    "spearman": 0.4844,
    "spectral_loss": 0.0
}
                              
Test Results: {
    "ci": 0.6988,
    "classification_loss": 0.0,
    "cluster_loss": 0.0,
    "mae": 1.0203,
    "mse": 1.8373,
    "multiclassification_loss": 0.0,
    "ortho_loss": 0.0,
    "pearson": 0.5764,
    "regression_loss": 1.8386,
    "rm2": 0.3254,
    "rmse": 1.3555,
    "sd": 1.3452,
    "spearman": 0.5565,
    "spectral_loss": 0.0
}
                              
                              
----------------------------------------
Epoch 037 with LR 0.000211: Model Results
----------------------------------------
Train MSE Loss: 1.9297, Train CLS Loss: 0.0000, Train MCLS Loss: 0.0000
Protein Cluster Region Loss - Ortho Loss: 0.0000, Cluster Loss: 0.0000
                              
Validation Results: {
    "ci": 0.6624,
    "classification_loss": 0.0,
    "cluster_loss": 0.0,
    "mae": 1.1157,
    "mse": 2.1106,
    "multiclassification_loss": 0.0,
    "ortho_loss": 0.0,
    "pearson": 0.5033,
    "regression_loss": 2.1118,
    "rm2": 0.2308,
    "rmse": 1.4528,
    "sd": 1.416,
    "spearman": 0.4639,
    "spectral_loss": 0.0
}
                              
Test Results: {
    "ci": 0.6988,
    "classification_loss": 0.0,
    "cluster_loss": 0.0,
    "mae": 1.0203,
    "mse": 1.8373,
    "multiclassification_loss": 0.0,
    "ortho_loss": 0.0,
    "pearson": 0.5764,
    "regression_loss": 1.8386,
    "rm2": 0.3254,
    "rmse": 1.3555,
    "sd": 1.3452,
    "spearman": 0.5565,
    "spectral_loss": 0.0
}
                              
                              
----------------------------------------
Epoch 038 with LR 0.000207: Model Results
----------------------------------------
Train MSE Loss: 1.8173, Train CLS Loss: 0.0000, Train MCLS Loss: 0.0000
Protein Cluster Region Loss - Ortho Loss: 0.0000, Cluster Loss: 0.0000
                              
Validation Results: {
    "ci": 0.6747,
    "classification_loss": 0.0,
    "cluster_loss": 0.0,
    "mae": 1.0884,
    "mse": 2.0483,
    "multiclassification_loss": 0.0,
    "ortho_loss": 0.0,
    "pearson": 0.5321,
    "regression_loss": 2.0491,
    "rm2": 0.2669,
    "rmse": 1.4312,
    "sd": 1.3875,
    "spearman": 0.4934,
    "spectral_loss": 0.0
}
                              
Test Results: {
    "ci": 0.6988,
    "classification_loss": 0.0,
    "cluster_loss": 0.0,
    "mae": 1.0203,
    "mse": 1.8373,
    "multiclassification_loss": 0.0,
    "ortho_loss": 0.0,
    "pearson": 0.5764,
    "regression_loss": 1.8386,
    "rm2": 0.3254,
    "rmse": 1.3555,
    "sd": 1.3452,
    "spearman": 0.5565,
    "spectral_loss": 0.0
}
                              
                              
----------------------------------------
Epoch 039 with LR 0.000202: Model Results
----------------------------------------
Train MSE Loss: 1.8643, Train CLS Loss: 0.0000, Train MCLS Loss: 0.0000
Protein Cluster Region Loss - Ortho Loss: 0.0000, Cluster Loss: 0.0000
                              
Validation Results: {
    "ci": 0.6617,
    "classification_loss": 0.0,
    "cluster_loss": 0.0,
    "mae": 1.0939,
    "mse": 1.9961,
    "multiclassification_loss": 0.0,
    "ortho_loss": 0.0,
    "pearson": 0.5159,
    "regression_loss": 1.9968,
    "rm2": 0.2505,
    "rmse": 1.4128,
    "sd": 1.4038,
    "spearman": 0.4613,
    "spectral_loss": 0.0
}
                              
Test Results: {
    "ci": 0.6988,
    "classification_loss": 0.0,
    "cluster_loss": 0.0,
    "mae": 1.0203,
    "mse": 1.8373,
    "multiclassification_loss": 0.0,
    "ortho_loss": 0.0,
    "pearson": 0.5764,
    "regression_loss": 1.8386,
    "rm2": 0.3254,
    "rmse": 1.3555,
    "sd": 1.3452,
    "spearman": 0.5565,
    "spectral_loss": 0.0
}
                              
                              
----------------------------------------
Epoch 040 with LR 0.000198: Model Results
----------------------------------------
Train MSE Loss: 1.8408, Train CLS Loss: 0.0000, Train MCLS Loss: 0.0000
Protein Cluster Region Loss - Ortho Loss: 0.0000, Cluster Loss: 0.0000
                              
Validation Results: {
    "ci": 0.6751,
    "classification_loss": 0.0,
    "cluster_loss": 0.0,
    "mae": 1.0674,
    "mse": 1.9251,
    "multiclassification_loss": 0.0,
    "ortho_loss": 0.0,
    "pearson": 0.5419,
    "regression_loss": 1.9242,
    "rm2": 0.2787,
    "rmse": 1.3875,
    "sd": 1.3772,
    "spearman": 0.4965,
    "spectral_loss": 0.0
}
                              
Test Results: {
    "ci": 0.6988,
    "classification_loss": 0.0,
    "cluster_loss": 0.0,
    "mae": 1.0203,
    "mse": 1.8373,
    "multiclassification_loss": 0.0,
    "ortho_loss": 0.0,
    "pearson": 0.5764,
    "regression_loss": 1.8386,
    "rm2": 0.3254,
    "rmse": 1.3555,
    "sd": 1.3452,
    "spearman": 0.5565,
    "spectral_loss": 0.0
}
                              
                              
----------------------------------------
Epoch 041 with LR 0.000193: Model Results
----------------------------------------
Train MSE Loss: 1.8248, Train CLS Loss: 0.0000, Train MCLS Loss: 0.0000
Protein Cluster Region Loss - Ortho Loss: 0.0000, Cluster Loss: 0.0000
                              
Validation Results: {
    "ci": 0.6794,
    "classification_loss": 0.0,
    "cluster_loss": 0.0,
    "mae": 1.0959,
    "mse": 2.029,
    "multiclassification_loss": 0.0,
    "ortho_loss": 0.0,
    "pearson": 0.5559,
    "regression_loss": 2.0276,
    "rm2": 0.2672,
    "rmse": 1.4244,
    "sd": 1.3621,
    "spearman": 0.507,
    "spectral_loss": 0.0
}
                              
Test Results: {
    "ci": 0.6988,
    "classification_loss": 0.0,
    "cluster_loss": 0.0,
    "mae": 1.0203,
    "mse": 1.8373,
    "multiclassification_loss": 0.0,
    "ortho_loss": 0.0,
    "pearson": 0.5764,
    "regression_loss": 1.8386,
    "rm2": 0.3254,
    "rmse": 1.3555,
    "sd": 1.3452,
    "spearman": 0.5565,
    "spectral_loss": 0.0
}
                              
                              
----------------------------------------
Epoch 042 with LR 0.000189: Model Results
----------------------------------------
Train MSE Loss: 1.7966, Train CLS Loss: 0.0000, Train MCLS Loss: 0.0000
Protein Cluster Region Loss - Ortho Loss: 0.0000, Cluster Loss: 0.0000
                              
Validation Results: {
    "ci": 0.6802,
    "classification_loss": 0.0,
    "cluster_loss": 0.0,
    "mae": 1.0498,
    "mse": 1.8735,
    "multiclassification_loss": 0.0,
    "ortho_loss": 0.0,
    "pearson": 0.5541,
    "regression_loss": 1.8729,
    "rm2": 0.2921,
    "rmse": 1.3687,
    "sd": 1.3641,
    "spearman": 0.5098,
    "spectral_loss": 0.0
}
                              
Test Results: {
    "ci": 0.6988,
    "classification_loss": 0.0,
    "cluster_loss": 0.0,
    "mae": 1.0203,
    "mse": 1.8373,
    "multiclassification_loss": 0.0,
    "ortho_loss": 0.0,
    "pearson": 0.5764,
    "regression_loss": 1.8386,
    "rm2": 0.3254,
    "rmse": 1.3555,
    "sd": 1.3452,
    "spearman": 0.5565,
    "spectral_loss": 0.0
}
                              
                              
----------------------------------------
Epoch 043 with LR 0.000184: Model Results
----------------------------------------
Train MSE Loss: 1.7221, Train CLS Loss: 0.0000, Train MCLS Loss: 0.0000
Protein Cluster Region Loss - Ortho Loss: 0.0000, Cluster Loss: 0.0000
                              
Validation Results: {
    "ci": 0.6828,
    "classification_loss": 0.0,
    "cluster_loss": 0.0,
    "mae": 1.0436,
    "mse": 1.8739,
    "multiclassification_loss": 0.0,
    "ortho_loss": 0.0,
    "pearson": 0.5544,
    "regression_loss": 1.8743,
    "rm2": 0.2939,
    "rmse": 1.3689,
    "sd": 1.3638,
    "spearman": 0.5155,
    "spectral_loss": 0.0
}
                              
Test Results: {
    "ci": 0.6988,
    "classification_loss": 0.0,
    "cluster_loss": 0.0,
    "mae": 1.0203,
    "mse": 1.8373,
    "multiclassification_loss": 0.0,
    "ortho_loss": 0.0,
    "pearson": 0.5764,
    "regression_loss": 1.8386,
    "rm2": 0.3254,
    "rmse": 1.3555,
    "sd": 1.3452,
    "spearman": 0.5565,
    "spectral_loss": 0.0
}

Early stopping at epoch 43 (no improvement for 20 epochs)
[SWA] discarding averaged weights: rmse=2.4612625149650373 vs best per-epoch 1.3572
[best epoch] epoch=23, best_rmse=1.3572, lr_at_best=2.637e-04
                              
                              
----------------------------------------
Epoch 043 with LR 0.000184: Model Results
----------------------------------------
Train MSE Loss: 1.7221, Train CLS Loss: 0.0000, Train MCLS Loss: 0.0000
Protein Cluster Region Loss - Ortho Loss: 0.0000, Cluster Loss: 0.0000
                              
Validation Results: {
    "ci": 0.6828,
    "classification_loss": 0.0,
    "cluster_loss": 0.0,
    "mae": 1.0436,
    "mse": 1.8739,
    "multiclassification_loss": 0.0,
    "ortho_loss": 0.0,
    "pearson": 0.5544,
    "regression_loss": 1.8743,
    "rm2": 0.2939,
    "rmse": 1.3689,
    "sd": 1.3638,
    "spearman": 0.5155,
    "spectral_loss": 0.0
}
                              
Test Results: {
    "ci": 0.6988,
    "classification_loss": 0.0,
    "cluster_loss": 0.0,
    "mae": 1.0203,
    "mse": 1.8373,
    "multiclassification_loss": 0.0,
    "ortho_loss": 0.0,
    "pearson": 0.5764,
    "regression_loss": 1.8386,
    "rm2": 0.3254,
    "rmse": 1.3555,
    "sd": 1.3452,
    "spearman": 0.5565,
    "spectral_loss": 0.0
}
Final test metrics: rmse=1.3554, pearson=0.5763, r2_proxy(mse)=1.8371
Done. Predictions: /sc/arion/projects/DiseaseGeneCell/Huang_lab_project/wangcDrugRepoProject/TRACE_Kin_Results_v5t_transformer/catpred_dataset/catpred_kcat_MUTAPLM_embedding_random/test_prediction_seed1.csv; checkpoint: /sc/arion/projects/DiseaseGeneCell/Huang_lab_project/wangcDrugRepoProject/TRACE_Kin_Results_v5t_transformer/catpred_dataset/catpred_kcat_MUTAPLM_embedding_random/save_model_seed1/model.pt

==========================================
Array task 2/10: OK (catpred_kcat_MUTAPLM_embedding_random)
==========================================


PS:

Read file <243004104.2.stderr> for stderr output of this job.

