Sender: LSF System <lsfadmin@lg03e08>
Subject: Job 243004104[5]: <trace_kin_v5t_perfolder_s1[1-10]> in cluster <chimera> Done

Job <trace_kin_v5t_perfolder_s1[1-10]> was submitted from host <li04e03> by user <wangc40> in cluster <chimera> at Mon May 11 18:26:43 2026
Job was executed on host(s) <16*lg03e08>, in queue <gpu>, as user <wangc40> in cluster <chimera> at Mon May 11 18:26:45 2026
</hpc/users/wangc40> was used as the home directory.
</sc/arion/projects/DiseaseGeneCell/Huang_lab_project/wangcDrugRepoProject/TRACE-Kin> was used as the working directory.
Started at Mon May 11 18:26:45 2026
Terminated at Mon May 11 20:20:07 2026
Results reported at Mon May 11 20:20:07 2026

Your job looked like:

------------------------------------------------------------
# LSBATCH: User input
#!/bin/bash
#BSUB -J trace_kin_v5t_perfolder_s1[1-10]
#BSUB -P acc_DiseaseGeneCell
#BSUB -q gpu
#BSUB -R h100nvl
#BSUB -gpu num=1
#BSUB -n 16
#BSUB -R "rusage[mem=15000]"
#BSUB -R "span[hosts=1]"
#BSUB -W 48:00
#BSUB -o %J.%I.stdout
#BSUB -eo %J.%I.stderr
#BSUB -L /bin/bash

# =============================================================================
# TRACE-Kin v5t (Vanilla Transformer + Cross-Attention) PER-FOLDER — top-10 cells
# =============================================================================
# Submit with:
#     bsub < training/run_v5t_perfolder_s1.lsf
#
# v5t = Transformer: MutaPLM per-residue (4096) -> Linear(512) -> Transformer
# self-attention x4 with Rotary PE -> cross-attention with ligand atoms
# (PNA + MoLFormer) -> substrate-conditioned pooling -> regression head.
#
# All cells use MUTAPLM embedding.
#
# For seeds 2 and 3, submit:
#     bsub < training/run_v5t_perfolder_s2.lsf
#     bsub < training/run_v5t_perfolder_s3.lsf
# =============================================================================

# --- Environment -------------------------------------------------------------
ml purge
source ~/.bashrc
module load anaconda3/2024.06
source activate test
module load cuda/12.4.0
export RAYON_NUM_THREADS=4
export PYTORCH_CUDA_ALLOC_CONF=expandable_segments:True
export PYTHONPATH="$PWD${PYTHONPATH:+:$PYTHONPATH}"

# --- Knobs (env overrides) ---------------------------------------------------
ENZYME_BASE="${ENZYME_BASE:-/sc/arion/projects/DiseaseGeneCell/Huang_lab_project/drug_discovery/output/data/enzyme_embeddings_dataset}"
RESULT_BASE="${RESULT_BASE:-/sc/arion/projects/DiseaseGeneCell/Huang_lab_project/wangcDrugRepoProject/TRACE_Kin_Results_v5t_transformer}"
MOLFORMER_PATH="${MOLFORMER_PATH:-/sc/arion/projects/DiseaseGeneCell/Huang_lab_project/wangcDrugRepoProject/transformersmodels/ibm/MoLFormer-XL-both-10pct}"
CONFIG_PATH="${CONFIG_PATH:-training/config_v5t.json}"
EPOCHS="${EPOCHS:-100}"
BATCH_SIZE="${BATCH_SIZE:-16}"
SEED=1
LRATE="${LRATE:-3e-4}"

(... more ...)
------------------------------------------------------------

Successfully completed.

Resource usage summary:

    CPU time :                                   7954.00 sec.
    Max Memory :                                 55353 MB
    Average Memory :                             53868.15 MB
    Total Requested Memory :                     240000.00 MB
    Delta Memory :                               184647.00 MB
    Max Swap :                                   -
    Max Processes :                              21
    Max Threads :                                53
    Run time :                                   6802 sec.
    Turnaround time :                            6804 sec.

The output (if any) follows:

==========================================
TRACE-Kin v5t (Transformer) PER-FOLDER task 5/10
==========================================
Date:        Mon May 11 18:26:48 EDT 2026
Dataset:     /sc/arion/projects/DiseaseGeneCell/Huang_lab_project/drug_discovery/output/data/enzyme_embeddings_dataset/EITLEM_dataset/EITLEM_kcat_MUTAPLM_embedding_cold_drug
Result:      /sc/arion/projects/DiseaseGeneCell/Huang_lab_project/wangcDrugRepoProject/TRACE_Kin_Results_v5t_transformer/EITLEM_dataset/EITLEM_kcat_MUTAPLM_embedding_cold_drug
Config:      training/config_v5t.json
MoLFormer:   /sc/arion/projects/DiseaseGeneCell/Huang_lab_project/wangcDrugRepoProject/transformersmodels/ibm/MoLFormer-XL-both-10pct
Pool CSVs:   (none — per-folder)
Model:       v5t Transformer (Self-Attn x4 with RoPE + cross-attn + MoLFormer ctx)
Epochs:      100, batch=16, seed=1, lr=3e-4
==========================================
Python 3.12.2
Python: /sc/arion/work/wangc40/test-env/envs/test/bin/python
CUDA device: NVIDIA H100 80GB HBM3, sm_90
============================================================
TRACE-Kin training
============================================================
Datafolder:        /sc/arion/projects/DiseaseGeneCell/Huang_lab_project/drug_discovery/output/data/enzyme_embeddings_dataset/EITLEM_dataset/EITLEM_kcat_MUTAPLM_embedding_cold_drug
Result path:       /sc/arion/projects/DiseaseGeneCell/Huang_lab_project/wangcDrugRepoProject/TRACE_Kin_Results_v5t_transformer/EITLEM_dataset/EITLEM_kcat_MUTAPLM_embedding_cold_drug
Config:            training/config_v5t.json
Pool train CSVs:   (none)
============================================================
[mem] before load_split_dataframes             max RSS = 0.62 GB
Loading primary train (essential cols): /sc/arion/projects/DiseaseGeneCell/Huang_lab_project/drug_discovery/output/data/enzyme_embeddings_dataset/EITLEM_dataset/EITLEM_kcat_MUTAPLM_embedding_cold_drug/train.parquet
Loading primary test (essential cols): /sc/arion/projects/DiseaseGeneCell/Huang_lab_project/drug_discovery/output/data/enzyme_embeddings_dataset/EITLEM_dataset/EITLEM_kcat_MUTAPLM_embedding_cold_drug/test.parquet
Loading primary val (essential cols): /sc/arion/projects/DiseaseGeneCell/Huang_lab_project/drug_discovery/output/data/enzyme_embeddings_dataset/EITLEM_dataset/EITLEM_kcat_MUTAPLM_embedding_cold_drug/val.parquet
Detected prot_evo_channels = 4096 (1-row sample)
[mem] after load_split_dataframes (lite — feature cols not loaded) max RSS = 1.06 GB
model_version: v5t, use_swa: True
Reusing protein cache: /sc/arion/projects/DiseaseGeneCell/Huang_lab_project/drug_discovery/output/data/enzyme_embeddings_dataset/EITLEM_dataset/EITLEM_kcat_MUTAPLM_embedding_cold_drug/protein.pt
Reusing ligand cache: /sc/arion/projects/DiseaseGeneCell/Huang_lab_project/drug_discovery/output/data/enzyme_embeddings_dataset/EITLEM_dataset/EITLEM_kcat_MUTAPLM_embedding_cold_drug/ligand.pt
[mem] after preprocess                         max RSS = 52.51 GB
loaders ready: train=1548 test=453 val=197
[mem] after make_loaders                       max RSS = 52.51 GB
Built TraceKinV5T with 55,451,140 parameters
[SWA] enabled: start_epoch=60, swa_lr=3.000e-05
[AMP] enabled: dtype=torch.bfloat16
[LR schedule] schedule_lr=True, lrate=0.0003, min_lrate=1e-06, warmup_iters=500, lr_decay_iters=154800, total_iters=154800
Not in terminal, reprint now using normal build-in print function.
                              
                              
----------------------------------------
Epoch 001 with LR 0.000300: Model Results
----------------------------------------
Train MSE Loss: 2.4125, Train CLS Loss: 0.0000, Train MCLS Loss: 0.0000
Protein Cluster Region Loss - Ortho Loss: 0.0000, Cluster Loss: 0.0000
                              
Validation Results: {
    "ci": 0.6322,
    "classification_loss": 0.0,
    "cluster_loss": 0.0,
    "mae": 1.1652,
    "mse": 2.3462,
    "multiclassification_loss": 0.0,
    "ortho_loss": 0.0,
    "pearson": 0.3978,
    "regression_loss": 2.3475,
    "rm2": 0.1565,
    "rmse": 1.5317,
    "sd": 1.4815,
    "spearman": 0.3845,
    "spectral_loss": 0.0
}
                              
Test Results: {
    "ci": 0.6346,
    "classification_loss": 0.0,
    "cluster_loss": 0.0,
    "mae": 1.1006,
    "mse": 2.0794,
    "multiclassification_loss": 0.0,
    "ortho_loss": 0.0,
    "pearson": 0.4091,
    "regression_loss": 2.0766,
    "rm2": 0.1609,
    "rmse": 1.442,
    "sd": 1.3587,
    "spearman": 0.3901,
    "spectral_loss": 0.0
}
                              
                              
----------------------------------------
Epoch 002 with LR 0.000300: Model Results
----------------------------------------
Train MSE Loss: 1.7863, Train CLS Loss: 0.0000, Train MCLS Loss: 0.0000
Protein Cluster Region Loss - Ortho Loss: 0.0000, Cluster Loss: 0.0000
                              
Validation Results: {
    "ci": 0.6501,
    "classification_loss": 0.0,
    "cluster_loss": 0.0,
    "mae": 1.1583,
    "mse": 2.3518,
    "multiclassification_loss": 0.0,
    "ortho_loss": 0.0,
    "pearson": 0.4365,
    "regression_loss": 2.3581,
    "rm2": 0.1756,
    "rmse": 1.5336,
    "sd": 1.4528,
    "spearman": 0.434,
    "spectral_loss": 0.0
}
                              
Test Results: {
    "ci": 0.6346,
    "classification_loss": 0.0,
    "cluster_loss": 0.0,
    "mae": 1.1006,
    "mse": 2.0794,
    "multiclassification_loss": 0.0,
    "ortho_loss": 0.0,
    "pearson": 0.4091,
    "regression_loss": 2.0766,
    "rm2": 0.1609,
    "rmse": 1.442,
    "sd": 1.3587,
    "spearman": 0.3901,
    "spectral_loss": 0.0
}
                              
                              
----------------------------------------
Epoch 003 with LR 0.000299: Model Results
----------------------------------------
Train MSE Loss: 1.6812, Train CLS Loss: 0.0000, Train MCLS Loss: 0.0000
Protein Cluster Region Loss - Ortho Loss: 0.0000, Cluster Loss: 0.0000
                              
Validation Results: {
    "ci": 0.6537,
    "classification_loss": 0.0,
    "cluster_loss": 0.0,
    "mae": 1.166,
    "mse": 2.39,
    "multiclassification_loss": 0.0,
    "ortho_loss": 0.0,
    "pearson": 0.4466,
    "regression_loss": 2.3991,
    "rm2": 0.189,
    "rmse": 1.546,
    "sd": 1.4448,
    "spearman": 0.4429,
    "spectral_loss": 0.0
}
                              
Test Results: {
    "ci": 0.6346,
    "classification_loss": 0.0,
    "cluster_loss": 0.0,
    "mae": 1.1006,
    "mse": 2.0794,
    "multiclassification_loss": 0.0,
    "ortho_loss": 0.0,
    "pearson": 0.4091,
    "regression_loss": 2.0766,
    "rm2": 0.1609,
    "rmse": 1.442,
    "sd": 1.3587,
    "spearman": 0.3901,
    "spectral_loss": 0.0
}
                              
                              
----------------------------------------
Epoch 004 with LR 0.000299: Model Results
----------------------------------------
Train MSE Loss: 1.5826, Train CLS Loss: 0.0000, Train MCLS Loss: 0.0000
Protein Cluster Region Loss - Ortho Loss: 0.0000, Cluster Loss: 0.0000
                              
Validation Results: {
    "ci": 0.6654,
    "classification_loss": 0.0,
    "cluster_loss": 0.0,
    "mae": 1.1157,
    "mse": 2.1614,
    "multiclassification_loss": 0.0,
    "ortho_loss": 0.0,
    "pearson": 0.4684,
    "regression_loss": 2.1671,
    "rm2": 0.1953,
    "rmse": 1.4702,
    "sd": 1.4266,
    "spearman": 0.4756,
    "spectral_loss": 0.0
}
                              
Test Results: {
    "ci": 0.6668,
    "classification_loss": 0.0,
    "cluster_loss": 0.0,
    "mae": 1.0364,
    "mse": 1.8336,
    "multiclassification_loss": 0.0,
    "ortho_loss": 0.0,
    "pearson": 0.4846,
    "regression_loss": 1.8315,
    "rm2": 0.2164,
    "rmse": 1.3541,
    "sd": 1.3025,
    "spearman": 0.4791,
    "spectral_loss": 0.0
}
                              
                              
----------------------------------------
Epoch 005 with LR 0.000298: Model Results
----------------------------------------
Train MSE Loss: 1.5739, Train CLS Loss: 0.0000, Train MCLS Loss: 0.0000
Protein Cluster Region Loss - Ortho Loss: 0.0000, Cluster Loss: 0.0000
                              
Validation Results: {
    "ci": 0.673,
    "classification_loss": 0.0,
    "cluster_loss": 0.0,
    "mae": 1.0903,
    "mse": 2.0923,
    "multiclassification_loss": 0.0,
    "ortho_loss": 0.0,
    "pearson": 0.4833,
    "regression_loss": 2.0958,
    "rm2": 0.2047,
    "rmse": 1.4465,
    "sd": 1.4137,
    "spearman": 0.4934,
    "spectral_loss": 0.0
}
                              
Test Results: {
    "ci": 0.6685,
    "classification_loss": 0.0,
    "cluster_loss": 0.0,
    "mae": 1.0177,
    "mse": 1.728,
    "multiclassification_loss": 0.0,
    "ortho_loss": 0.0,
    "pearson": 0.4874,
    "regression_loss": 1.726,
    "rm2": 0.2171,
    "rmse": 1.3145,
    "sd": 1.3002,
    "spearman": 0.4842,
    "spectral_loss": 0.0
}
                              
                              
----------------------------------------
Epoch 006 with LR 0.000298: Model Results
----------------------------------------
Train MSE Loss: 1.5418, Train CLS Loss: 0.0000, Train MCLS Loss: 0.0000
Protein Cluster Region Loss - Ortho Loss: 0.0000, Cluster Loss: 0.0000
                              
Validation Results: {
    "ci": 0.6716,
    "classification_loss": 0.0,
    "cluster_loss": 0.0,
    "mae": 1.4691,
    "mse": 3.2586,
    "multiclassification_loss": 0.0,
    "ortho_loss": 0.0,
    "pearson": 0.4691,
    "regression_loss": 3.2555,
    "rm2": 0.177,
    "rmse": 1.8052,
    "sd": 1.4261,
    "spearman": 0.4899,
    "spectral_loss": 0.0
}
                              
Test Results: {
    "ci": 0.6685,
    "classification_loss": 0.0,
    "cluster_loss": 0.0,
    "mae": 1.0177,
    "mse": 1.728,
    "multiclassification_loss": 0.0,
    "ortho_loss": 0.0,
    "pearson": 0.4874,
    "regression_loss": 1.726,
    "rm2": 0.2171,
    "rmse": 1.3145,
    "sd": 1.3002,
    "spearman": 0.4842,
    "spectral_loss": 0.0
}
                              
                              
----------------------------------------
Epoch 007 with LR 0.000297: Model Results
----------------------------------------
Train MSE Loss: 1.5480, Train CLS Loss: 0.0000, Train MCLS Loss: 0.0000
Protein Cluster Region Loss - Ortho Loss: 0.0000, Cluster Loss: 0.0000
                              
Validation Results: {
    "ci": 0.6695,
    "classification_loss": 0.0,
    "cluster_loss": 0.0,
    "mae": 1.0603,
    "mse": 2.0161,
    "multiclassification_loss": 0.0,
    "ortho_loss": 0.0,
    "pearson": 0.4803,
    "regression_loss": 2.0211,
    "rm2": 0.2215,
    "rmse": 1.4199,
    "sd": 1.4163,
    "spearman": 0.4832,
    "spectral_loss": 0.0
}
                              
Test Results: {
    "ci": 0.669,
    "classification_loss": 0.0,
    "cluster_loss": 0.0,
    "mae": 0.9939,
    "mse": 1.6829,
    "multiclassification_loss": 0.0,
    "ortho_loss": 0.0,
    "pearson": 0.4923,
    "regression_loss": 1.6808,
    "rm2": 0.2421,
    "rmse": 1.2973,
    "sd": 1.2961,
    "spearman": 0.4848,
    "spectral_loss": 0.0
}
                              
                              
----------------------------------------
Epoch 008 with LR 0.000296: Model Results
----------------------------------------
Train MSE Loss: 1.5069, Train CLS Loss: 0.0000, Train MCLS Loss: 0.0000
Protein Cluster Region Loss - Ortho Loss: 0.0000, Cluster Loss: 0.0000
                              
Validation Results: {
    "ci": 0.6676,
    "classification_loss": 0.0,
    "cluster_loss": 0.0,
    "mae": 1.0917,
    "mse": 2.1075,
    "multiclassification_loss": 0.0,
    "ortho_loss": 0.0,
    "pearson": 0.4663,
    "regression_loss": 2.1154,
    "rm2": 0.2036,
    "rmse": 1.4517,
    "sd": 1.4284,
    "spearman": 0.4799,
    "spectral_loss": 0.0
}
                              
Test Results: {
    "ci": 0.669,
    "classification_loss": 0.0,
    "cluster_loss": 0.0,
    "mae": 0.9939,
    "mse": 1.6829,
    "multiclassification_loss": 0.0,
    "ortho_loss": 0.0,
    "pearson": 0.4923,
    "regression_loss": 1.6808,
    "rm2": 0.2421,
    "rmse": 1.2973,
    "sd": 1.2961,
    "spearman": 0.4848,
    "spectral_loss": 0.0
}
                              
                              
----------------------------------------
Epoch 009 with LR 0.000294: Model Results
----------------------------------------
Train MSE Loss: 1.4627, Train CLS Loss: 0.0000, Train MCLS Loss: 0.0000
Protein Cluster Region Loss - Ortho Loss: 0.0000, Cluster Loss: 0.0000
                              
Validation Results: {
    "ci": 0.6737,
    "classification_loss": 0.0,
    "cluster_loss": 0.0,
    "mae": 1.1277,
    "mse": 2.1996,
    "multiclassification_loss": 0.0,
    "ortho_loss": 0.0,
    "pearson": 0.4877,
    "regression_loss": 2.2026,
    "rm2": 0.1984,
    "rmse": 1.4831,
    "sd": 1.4097,
    "spearman": 0.4964,
    "spectral_loss": 0.0
}
                              
Test Results: {
    "ci": 0.669,
    "classification_loss": 0.0,
    "cluster_loss": 0.0,
    "mae": 0.9939,
    "mse": 1.6829,
    "multiclassification_loss": 0.0,
    "ortho_loss": 0.0,
    "pearson": 0.4923,
    "regression_loss": 1.6808,
    "rm2": 0.2421,
    "rmse": 1.2973,
    "sd": 1.2961,
    "spearman": 0.4848,
    "spectral_loss": 0.0
}
                              
                              
----------------------------------------
Epoch 010 with LR 0.000293: Model Results
----------------------------------------
Train MSE Loss: 1.4735, Train CLS Loss: 0.0000, Train MCLS Loss: 0.0000
Protein Cluster Region Loss - Ortho Loss: 0.0000, Cluster Loss: 0.0000
                              
Validation Results: {
    "ci": 0.6732,
    "classification_loss": 0.0,
    "cluster_loss": 0.0,
    "mae": 1.296,
    "mse": 2.8062,
    "multiclassification_loss": 0.0,
    "ortho_loss": 0.0,
    "pearson": 0.479,
    "regression_loss": 2.8064,
    "rm2": 0.1811,
    "rmse": 1.6752,
    "sd": 1.4175,
    "spearman": 0.4972,
    "spectral_loss": 0.0
}
                              
Test Results: {
    "ci": 0.669,
    "classification_loss": 0.0,
    "cluster_loss": 0.0,
    "mae": 0.9939,
    "mse": 1.6829,
    "multiclassification_loss": 0.0,
    "ortho_loss": 0.0,
    "pearson": 0.4923,
    "regression_loss": 1.6808,
    "rm2": 0.2421,
    "rmse": 1.2973,
    "sd": 1.2961,
    "spearman": 0.4848,
    "spectral_loss": 0.0
}
                              
                              
----------------------------------------
Epoch 011 with LR 0.000292: Model Results
----------------------------------------
Train MSE Loss: 1.4375, Train CLS Loss: 0.0000, Train MCLS Loss: 0.0000
Protein Cluster Region Loss - Ortho Loss: 0.0000, Cluster Loss: 0.0000
                              
Validation Results: {
    "ci": 0.6723,
    "classification_loss": 0.0,
    "cluster_loss": 0.0,
    "mae": 1.1444,
    "mse": 2.2659,
    "multiclassification_loss": 0.0,
    "ortho_loss": 0.0,
    "pearson": 0.4782,
    "regression_loss": 2.2706,
    "rm2": 0.1911,
    "rmse": 1.5053,
    "sd": 1.4182,
    "spearman": 0.4911,
    "spectral_loss": 0.0
}
                              
Test Results: {
    "ci": 0.669,
    "classification_loss": 0.0,
    "cluster_loss": 0.0,
    "mae": 0.9939,
    "mse": 1.6829,
    "multiclassification_loss": 0.0,
    "ortho_loss": 0.0,
    "pearson": 0.4923,
    "regression_loss": 1.6808,
    "rm2": 0.2421,
    "rmse": 1.2973,
    "sd": 1.2961,
    "spearman": 0.4848,
    "spectral_loss": 0.0
}
                              
                              
----------------------------------------
Epoch 012 with LR 0.000290: Model Results
----------------------------------------
Train MSE Loss: 1.5693, Train CLS Loss: 0.0000, Train MCLS Loss: 0.0000
Protein Cluster Region Loss - Ortho Loss: 0.0000, Cluster Loss: 0.0000
                              
Validation Results: {
    "ci": 0.6305,
    "classification_loss": 0.0,
    "cluster_loss": 0.0,
    "mae": 1.5273,
    "mse": 3.5433,
    "multiclassification_loss": 0.0,
    "ortho_loss": 0.0,
    "pearson": 0.374,
    "regression_loss": 3.5392,
    "rm2": 0.1334,
    "rmse": 1.8824,
    "sd": 1.4976,
    "spearman": 0.3804,
    "spectral_loss": 0.0
}
                              
Test Results: {
    "ci": 0.669,
    "classification_loss": 0.0,
    "cluster_loss": 0.0,
    "mae": 0.9939,
    "mse": 1.6829,
    "multiclassification_loss": 0.0,
    "ortho_loss": 0.0,
    "pearson": 0.4923,
    "regression_loss": 1.6808,
    "rm2": 0.2421,
    "rmse": 1.2973,
    "sd": 1.2961,
    "spearman": 0.4848,
    "spectral_loss": 0.0
}
                              
                              
----------------------------------------
Epoch 013 with LR 0.000288: Model Results
----------------------------------------
Train MSE Loss: 1.5641, Train CLS Loss: 0.0000, Train MCLS Loss: 0.0000
Protein Cluster Region Loss - Ortho Loss: 0.0000, Cluster Loss: 0.0000
                              
Validation Results: {
    "ci": 0.6586,
    "classification_loss": 0.0,
    "cluster_loss": 0.0,
    "mae": 1.276,
    "mse": 2.6524,
    "multiclassification_loss": 0.0,
    "ortho_loss": 0.0,
    "pearson": 0.4426,
    "regression_loss": 2.6511,
    "rm2": 0.1576,
    "rmse": 1.6286,
    "sd": 1.448,
    "spearman": 0.4581,
    "spectral_loss": 0.0
}
                              
Test Results: {
    "ci": 0.669,
    "classification_loss": 0.0,
    "cluster_loss": 0.0,
    "mae": 0.9939,
    "mse": 1.6829,
    "multiclassification_loss": 0.0,
    "ortho_loss": 0.0,
    "pearson": 0.4923,
    "regression_loss": 1.6808,
    "rm2": 0.2421,
    "rmse": 1.2973,
    "sd": 1.2961,
    "spearman": 0.4848,
    "spectral_loss": 0.0
}
                              
                              
----------------------------------------
Epoch 014 with LR 0.000286: Model Results
----------------------------------------
Train MSE Loss: 1.4594, Train CLS Loss: 0.0000, Train MCLS Loss: 0.0000
Protein Cluster Region Loss - Ortho Loss: 0.0000, Cluster Loss: 0.0000
                              
Validation Results: {
    "ci": 0.6713,
    "classification_loss": 0.0,
    "cluster_loss": 0.0,
    "mae": 1.1498,
    "mse": 2.2581,
    "multiclassification_loss": 0.0,
    "ortho_loss": 0.0,
    "pearson": 0.4787,
    "regression_loss": 2.2586,
    "rm2": 0.1879,
    "rmse": 1.5027,
    "sd": 1.4177,
    "spearman": 0.4918,
    "spectral_loss": 0.0
}
                              
Test Results: {
    "ci": 0.669,
    "classification_loss": 0.0,
    "cluster_loss": 0.0,
    "mae": 0.9939,
    "mse": 1.6829,
    "multiclassification_loss": 0.0,
    "ortho_loss": 0.0,
    "pearson": 0.4923,
    "regression_loss": 1.6808,
    "rm2": 0.2421,
    "rmse": 1.2973,
    "sd": 1.2961,
    "spearman": 0.4848,
    "spectral_loss": 0.0
}
                              
                              
----------------------------------------
Epoch 015 with LR 0.000284: Model Results
----------------------------------------
Train MSE Loss: 1.5710, Train CLS Loss: 0.0000, Train MCLS Loss: 0.0000
Protein Cluster Region Loss - Ortho Loss: 0.0000, Cluster Loss: 0.0000
                              
Validation Results: {
    "ci": 0.651,
    "classification_loss": 0.0,
    "cluster_loss": 0.0,
    "mae": 1.1063,
    "mse": 2.1769,
    "multiclassification_loss": 0.0,
    "ortho_loss": 0.0,
    "pearson": 0.4334,
    "regression_loss": 2.1785,
    "rm2": 0.1807,
    "rmse": 1.4754,
    "sd": 1.4552,
    "spearman": 0.4331,
    "spectral_loss": 0.0
}
                              
Test Results: {
    "ci": 0.669,
    "classification_loss": 0.0,
    "cluster_loss": 0.0,
    "mae": 0.9939,
    "mse": 1.6829,
    "multiclassification_loss": 0.0,
    "ortho_loss": 0.0,
    "pearson": 0.4923,
    "regression_loss": 1.6808,
    "rm2": 0.2421,
    "rmse": 1.2973,
    "sd": 1.2961,
    "spearman": 0.4848,
    "spectral_loss": 0.0
}
                              
                              
----------------------------------------
Epoch 016 with LR 0.000282: Model Results
----------------------------------------
Train MSE Loss: 1.5207, Train CLS Loss: 0.0000, Train MCLS Loss: 0.0000
Protein Cluster Region Loss - Ortho Loss: 0.0000, Cluster Loss: 0.0000
                              
Validation Results: {
    "ci": 0.6403,
    "classification_loss": 0.0,
    "cluster_loss": 0.0,
    "mae": 1.7497,
    "mse": 4.4277,
    "multiclassification_loss": 0.0,
    "ortho_loss": 0.0,
    "pearson": 0.3972,
    "regression_loss": 4.4209,
    "rm2": 0.1442,
    "rmse": 2.1042,
    "sd": 1.4819,
    "spearman": 0.4062,
    "spectral_loss": 0.0
}
                              
Test Results: {
    "ci": 0.669,
    "classification_loss": 0.0,
    "cluster_loss": 0.0,
    "mae": 0.9939,
    "mse": 1.6829,
    "multiclassification_loss": 0.0,
    "ortho_loss": 0.0,
    "pearson": 0.4923,
    "regression_loss": 1.6808,
    "rm2": 0.2421,
    "rmse": 1.2973,
    "sd": 1.2961,
    "spearman": 0.4848,
    "spectral_loss": 0.0
}
                              
                              
----------------------------------------
Epoch 017 with LR 0.000280: Model Results
----------------------------------------
Train MSE Loss: 1.6229, Train CLS Loss: 0.0000, Train MCLS Loss: 0.0000
Protein Cluster Region Loss - Ortho Loss: 0.0000, Cluster Loss: 0.0000
                              
Validation Results: {
    "ci": 0.6613,
    "classification_loss": 0.0,
    "cluster_loss": 0.0,
    "mae": 1.3586,
    "mse": 2.9186,
    "multiclassification_loss": 0.0,
    "ortho_loss": 0.0,
    "pearson": 0.4506,
    "regression_loss": 2.9155,
    "rm2": 0.1621,
    "rmse": 1.7084,
    "sd": 1.4415,
    "spearman": 0.4662,
    "spectral_loss": 0.0
}
                              
Test Results: {
    "ci": 0.669,
    "classification_loss": 0.0,
    "cluster_loss": 0.0,
    "mae": 0.9939,
    "mse": 1.6829,
    "multiclassification_loss": 0.0,
    "ortho_loss": 0.0,
    "pearson": 0.4923,
    "regression_loss": 1.6808,
    "rm2": 0.2421,
    "rmse": 1.2973,
    "sd": 1.2961,
    "spearman": 0.4848,
    "spectral_loss": 0.0
}
                              
                              
----------------------------------------
Epoch 018 with LR 0.000277: Model Results
----------------------------------------
Train MSE Loss: 1.6412, Train CLS Loss: 0.0000, Train MCLS Loss: 0.0000
Protein Cluster Region Loss - Ortho Loss: 0.0000, Cluster Loss: 0.0000
                              
Validation Results: {
    "ci": 0.6341,
    "classification_loss": 0.0,
    "cluster_loss": 0.0,
    "mae": 1.9038,
    "mse": 5.0608,
    "multiclassification_loss": 0.0,
    "ortho_loss": 0.0,
    "pearson": 0.3869,
    "regression_loss": 5.0533,
    "rm2": 0.1363,
    "rmse": 2.2496,
    "sd": 1.489,
    "spearman": 0.3874,
    "spectral_loss": 0.0
}
                              
Test Results: {
    "ci": 0.669,
    "classification_loss": 0.0,
    "cluster_loss": 0.0,
    "mae": 0.9939,
    "mse": 1.6829,
    "multiclassification_loss": 0.0,
    "ortho_loss": 0.0,
    "pearson": 0.4923,
    "regression_loss": 1.6808,
    "rm2": 0.2421,
    "rmse": 1.2973,
    "sd": 1.2961,
    "spearman": 0.4848,
    "spectral_loss": 0.0
}
                              
                              
----------------------------------------
Epoch 019 with LR 0.000275: Model Results
----------------------------------------
Train MSE Loss: 1.5135, Train CLS Loss: 0.0000, Train MCLS Loss: 0.0000
Protein Cluster Region Loss - Ortho Loss: 0.0000, Cluster Loss: 0.0000
                              
Validation Results: {
    "ci": 0.6565,
    "classification_loss": 0.0,
    "cluster_loss": 0.0,
    "mae": 1.7084,
    "mse": 4.1878,
    "multiclassification_loss": 0.0,
    "ortho_loss": 0.0,
    "pearson": 0.45,
    "regression_loss": 4.1811,
    "rm2": 0.1706,
    "rmse": 2.0464,
    "sd": 1.442,
    "spearman": 0.4503,
    "spectral_loss": 0.0
}
                              
Test Results: {
    "ci": 0.669,
    "classification_loss": 0.0,
    "cluster_loss": 0.0,
    "mae": 0.9939,
    "mse": 1.6829,
    "multiclassification_loss": 0.0,
    "ortho_loss": 0.0,
    "pearson": 0.4923,
    "regression_loss": 1.6808,
    "rm2": 0.2421,
    "rmse": 1.2973,
    "sd": 1.2961,
    "spearman": 0.4848,
    "spectral_loss": 0.0
}
                              
                              
----------------------------------------
Epoch 020 with LR 0.000272: Model Results
----------------------------------------
Train MSE Loss: 1.7070, Train CLS Loss: 0.0000, Train MCLS Loss: 0.0000
Protein Cluster Region Loss - Ortho Loss: 0.0000, Cluster Loss: 0.0000
                              
Validation Results: {
    "ci": 0.6101,
    "classification_loss": 0.0,
    "cluster_loss": 0.0,
    "mae": 1.1785,
    "mse": 2.3491,
    "multiclassification_loss": 0.0,
    "ortho_loss": 0.0,
    "pearson": 0.3341,
    "regression_loss": 2.3533,
    "rm2": 0.1058,
    "rmse": 1.5327,
    "sd": 1.522,
    "spearman": 0.3238,
    "spectral_loss": 0.0
}
                              
Test Results: {
    "ci": 0.669,
    "classification_loss": 0.0,
    "cluster_loss": 0.0,
    "mae": 0.9939,
    "mse": 1.6829,
    "multiclassification_loss": 0.0,
    "ortho_loss": 0.0,
    "pearson": 0.4923,
    "regression_loss": 1.6808,
    "rm2": 0.2421,
    "rmse": 1.2973,
    "sd": 1.2961,
    "spearman": 0.4848,
    "spectral_loss": 0.0
}
                              
                              
----------------------------------------
Epoch 021 with LR 0.000269: Model Results
----------------------------------------
Train MSE Loss: 1.8527, Train CLS Loss: 0.0000, Train MCLS Loss: 0.0000
Protein Cluster Region Loss - Ortho Loss: 0.0000, Cluster Loss: 0.0000
                              
Validation Results: {
    "ci": 0.6432,
    "classification_loss": 0.0,
    "cluster_loss": 0.0,
    "mae": 1.1591,
    "mse": 2.3419,
    "multiclassification_loss": 0.0,
    "ortho_loss": 0.0,
    "pearson": 0.4115,
    "regression_loss": 2.3475,
    "rm2": 0.1509,
    "rmse": 1.5303,
    "sd": 1.4717,
    "spearman": 0.4163,
    "spectral_loss": 0.0
}
                              
Test Results: {
    "ci": 0.669,
    "classification_loss": 0.0,
    "cluster_loss": 0.0,
    "mae": 0.9939,
    "mse": 1.6829,
    "multiclassification_loss": 0.0,
    "ortho_loss": 0.0,
    "pearson": 0.4923,
    "regression_loss": 1.6808,
    "rm2": 0.2421,
    "rmse": 1.2973,
    "sd": 1.2961,
    "spearman": 0.4848,
    "spectral_loss": 0.0
}
                              
                              
----------------------------------------
Epoch 022 with LR 0.000266: Model Results
----------------------------------------
Train MSE Loss: 1.7983, Train CLS Loss: 0.0000, Train MCLS Loss: 0.0000
Protein Cluster Region Loss - Ortho Loss: 0.0000, Cluster Loss: 0.0000
                              
Validation Results: {
    "ci": 0.6261,
    "classification_loss": 0.0,
    "cluster_loss": 0.0,
    "mae": 1.1733,
    "mse": 2.3762,
    "multiclassification_loss": 0.0,
    "ortho_loss": 0.0,
    "pearson": 0.3663,
    "regression_loss": 2.3805,
    "rm2": 0.1225,
    "rmse": 1.5415,
    "sd": 1.5025,
    "spearman": 0.3692,
    "spectral_loss": 0.0
}
                              
Test Results: {
    "ci": 0.669,
    "classification_loss": 0.0,
    "cluster_loss": 0.0,
    "mae": 0.9939,
    "mse": 1.6829,
    "multiclassification_loss": 0.0,
    "ortho_loss": 0.0,
    "pearson": 0.4923,
    "regression_loss": 1.6808,
    "rm2": 0.2421,
    "rmse": 1.2973,
    "sd": 1.2961,
    "spearman": 0.4848,
    "spectral_loss": 0.0
}
                              
                              
----------------------------------------
Epoch 023 with LR 0.000263: Model Results
----------------------------------------
Train MSE Loss: 1.8556, Train CLS Loss: 0.0000, Train MCLS Loss: 0.0000
Protein Cluster Region Loss - Ortho Loss: 0.0000, Cluster Loss: 0.0000
                              
Validation Results: {
    "ci": 0.6216,
    "classification_loss": 0.0,
    "cluster_loss": 0.0,
    "mae": 1.1434,
    "mse": 2.2691,
    "multiclassification_loss": 0.0,
    "ortho_loss": 0.0,
    "pearson": 0.3618,
    "regression_loss": 2.2716,
    "rm2": 0.1289,
    "rmse": 1.5064,
    "sd": 1.5054,
    "spearman": 0.3532,
    "spectral_loss": 0.0
}
                              
Test Results: {
    "ci": 0.669,
    "classification_loss": 0.0,
    "cluster_loss": 0.0,
    "mae": 0.9939,
    "mse": 1.6829,
    "multiclassification_loss": 0.0,
    "ortho_loss": 0.0,
    "pearson": 0.4923,
    "regression_loss": 1.6808,
    "rm2": 0.2421,
    "rmse": 1.2973,
    "sd": 1.2961,
    "spearman": 0.4848,
    "spectral_loss": 0.0
}
                              
                              
----------------------------------------
Epoch 024 with LR 0.000260: Model Results
----------------------------------------
Train MSE Loss: 1.7831, Train CLS Loss: 0.0000, Train MCLS Loss: 0.0000
Protein Cluster Region Loss - Ortho Loss: 0.0000, Cluster Loss: 0.0000
                              
Validation Results: {
    "ci": 0.6464,
    "classification_loss": 0.0,
    "cluster_loss": 0.0,
    "mae": 1.4452,
    "mse": 3.3841,
    "multiclassification_loss": 0.0,
    "ortho_loss": 0.0,
    "pearson": 0.4109,
    "regression_loss": 3.3959,
    "rm2": 0.1449,
    "rmse": 1.8396,
    "sd": 1.4722,
    "spearman": 0.4248,
    "spectral_loss": 0.0
}
                              
Test Results: {
    "ci": 0.669,
    "classification_loss": 0.0,
    "cluster_loss": 0.0,
    "mae": 0.9939,
    "mse": 1.6829,
    "multiclassification_loss": 0.0,
    "ortho_loss": 0.0,
    "pearson": 0.4923,
    "regression_loss": 1.6808,
    "rm2": 0.2421,
    "rmse": 1.2973,
    "sd": 1.2961,
    "spearman": 0.4848,
    "spectral_loss": 0.0
}
                              
                              
----------------------------------------
Epoch 025 with LR 0.000257: Model Results
----------------------------------------
Train MSE Loss: 1.8556, Train CLS Loss: 0.0000, Train MCLS Loss: 0.0000
Protein Cluster Region Loss - Ortho Loss: 0.0000, Cluster Loss: 0.0000
                              
Validation Results: {
    "ci": 0.6322,
    "classification_loss": 0.0,
    "cluster_loss": 0.0,
    "mae": 1.2061,
    "mse": 2.5118,
    "multiclassification_loss": 0.0,
    "ortho_loss": 0.0,
    "pearson": 0.3812,
    "regression_loss": 2.5181,
    "rm2": 0.1309,
    "rmse": 1.5849,
    "sd": 1.4929,
    "spearman": 0.3862,
    "spectral_loss": 0.0
}
                              
Test Results: {
    "ci": 0.669,
    "classification_loss": 0.0,
    "cluster_loss": 0.0,
    "mae": 0.9939,
    "mse": 1.6829,
    "multiclassification_loss": 0.0,
    "ortho_loss": 0.0,
    "pearson": 0.4923,
    "regression_loss": 1.6808,
    "rm2": 0.2421,
    "rmse": 1.2973,
    "sd": 1.2961,
    "spearman": 0.4848,
    "spectral_loss": 0.0
}
                              
                              
----------------------------------------
Epoch 026 with LR 0.000254: Model Results
----------------------------------------
Train MSE Loss: 1.7903, Train CLS Loss: 0.0000, Train MCLS Loss: 0.0000
Protein Cluster Region Loss - Ortho Loss: 0.0000, Cluster Loss: 0.0000
                              
Validation Results: {
    "ci": 0.6422,
    "classification_loss": 0.0,
    "cluster_loss": 0.0,
    "mae": 1.1252,
    "mse": 2.2308,
    "multiclassification_loss": 0.0,
    "ortho_loss": 0.0,
    "pearson": 0.3931,
    "regression_loss": 2.2344,
    "rm2": 0.1467,
    "rmse": 1.4936,
    "sd": 1.4847,
    "spearman": 0.4122,
    "spectral_loss": 0.0
}
                              
Test Results: {
    "ci": 0.669,
    "classification_loss": 0.0,
    "cluster_loss": 0.0,
    "mae": 0.9939,
    "mse": 1.6829,
    "multiclassification_loss": 0.0,
    "ortho_loss": 0.0,
    "pearson": 0.4923,
    "regression_loss": 1.6808,
    "rm2": 0.2421,
    "rmse": 1.2973,
    "sd": 1.2961,
    "spearman": 0.4848,
    "spectral_loss": 0.0
}
                              
                              
----------------------------------------
Epoch 027 with LR 0.000250: Model Results
----------------------------------------
Train MSE Loss: 1.7601, Train CLS Loss: 0.0000, Train MCLS Loss: 0.0000
Protein Cluster Region Loss - Ortho Loss: 0.0000, Cluster Loss: 0.0000
                              
Validation Results: {
    "ci": 0.6402,
    "classification_loss": 0.0,
    "cluster_loss": 0.0,
    "mae": 1.1499,
    "mse": 2.2771,
    "multiclassification_loss": 0.0,
    "ortho_loss": 0.0,
    "pearson": 0.3938,
    "regression_loss": 2.2781,
    "rm2": 0.145,
    "rmse": 1.509,
    "sd": 1.4843,
    "spearman": 0.4069,
    "spectral_loss": 0.0
}
                              
Test Results: {
    "ci": 0.669,
    "classification_loss": 0.0,
    "cluster_loss": 0.0,
    "mae": 0.9939,
    "mse": 1.6829,
    "multiclassification_loss": 0.0,
    "ortho_loss": 0.0,
    "pearson": 0.4923,
    "regression_loss": 1.6808,
    "rm2": 0.2421,
    "rmse": 1.2973,
    "sd": 1.2961,
    "spearman": 0.4848,
    "spectral_loss": 0.0
}

Early stopping at epoch 27 (no improvement for 20 epochs)
[SWA] discarding averaged weights: rmse=2.2828744826365073 vs best per-epoch 1.4199
[best epoch] epoch=7, best_rmse=1.4199, lr_at_best=2.967e-04
                              
                              
----------------------------------------
Epoch 027 with LR 0.000250: Model Results
----------------------------------------
Train MSE Loss: 1.7601, Train CLS Loss: 0.0000, Train MCLS Loss: 0.0000
Protein Cluster Region Loss - Ortho Loss: 0.0000, Cluster Loss: 0.0000
                              
Validation Results: {
    "ci": 0.6402,
    "classification_loss": 0.0,
    "cluster_loss": 0.0,
    "mae": 1.1499,
    "mse": 2.2771,
    "multiclassification_loss": 0.0,
    "ortho_loss": 0.0,
    "pearson": 0.3938,
    "regression_loss": 2.2781,
    "rm2": 0.145,
    "rmse": 1.509,
    "sd": 1.4843,
    "spearman": 0.4069,
    "spectral_loss": 0.0
}
                              
Test Results: {
    "ci": 0.669,
    "classification_loss": 0.0,
    "cluster_loss": 0.0,
    "mae": 0.9939,
    "mse": 1.6829,
    "multiclassification_loss": 0.0,
    "ortho_loss": 0.0,
    "pearson": 0.4923,
    "regression_loss": 1.6808,
    "rm2": 0.2421,
    "rmse": 1.2973,
    "sd": 1.2961,
    "spearman": 0.4848,
    "spectral_loss": 0.0
}
Final test metrics: rmse=1.2976, pearson=0.4923, r2_proxy(mse)=1.6837
Done. Predictions: /sc/arion/projects/DiseaseGeneCell/Huang_lab_project/wangcDrugRepoProject/TRACE_Kin_Results_v5t_transformer/EITLEM_dataset/EITLEM_kcat_MUTAPLM_embedding_cold_drug/test_prediction_seed1.csv; checkpoint: /sc/arion/projects/DiseaseGeneCell/Huang_lab_project/wangcDrugRepoProject/TRACE_Kin_Results_v5t_transformer/EITLEM_dataset/EITLEM_kcat_MUTAPLM_embedding_cold_drug/save_model_seed1/model.pt

==========================================
Array task 5/10: OK (EITLEM_kcat_MUTAPLM_embedding_cold_drug)
==========================================


PS:

Read file <243004104.5.stderr> for stderr output of this job.

