Sender: LSF System <lsfadmin@lg03e01>
Subject: Job 243004104[1]: <trace_kin_v5t_perfolder_s1[1-10]> in cluster <chimera> Done

Job <trace_kin_v5t_perfolder_s1[1-10]> was submitted from host <li04e03> by user <wangc40> in cluster <chimera> at Mon May 11 18:26:43 2026
Job was executed on host(s) <16*lg03e01>, in queue <gpu>, as user <wangc40> in cluster <chimera> at Mon May 11 18:26:45 2026
</hpc/users/wangc40> was used as the home directory.
</sc/arion/projects/DiseaseGeneCell/Huang_lab_project/wangcDrugRepoProject/TRACE-Kin> was used as the working directory.
Started at Mon May 11 18:26:45 2026
Terminated at Mon May 11 19:46:48 2026
Results reported at Mon May 11 19:46:48 2026

Your job looked like:

------------------------------------------------------------
# LSBATCH: User input
#!/bin/bash
#BSUB -J trace_kin_v5t_perfolder_s1[1-10]
#BSUB -P acc_DiseaseGeneCell
#BSUB -q gpu
#BSUB -R h100nvl
#BSUB -gpu num=1
#BSUB -n 16
#BSUB -R "rusage[mem=15000]"
#BSUB -R "span[hosts=1]"
#BSUB -W 48:00
#BSUB -o %J.%I.stdout
#BSUB -eo %J.%I.stderr
#BSUB -L /bin/bash

# =============================================================================
# TRACE-Kin v5t (Vanilla Transformer + Cross-Attention) PER-FOLDER — top-10 cells
# =============================================================================
# Submit with:
#     bsub < training/run_v5t_perfolder_s1.lsf
#
# v5t = Transformer: MutaPLM per-residue (4096) -> Linear(512) -> Transformer
# self-attention x4 with Rotary PE -> cross-attention with ligand atoms
# (PNA + MoLFormer) -> substrate-conditioned pooling -> regression head.
#
# All cells use MUTAPLM embedding.
#
# For seeds 2 and 3, submit:
#     bsub < training/run_v5t_perfolder_s2.lsf
#     bsub < training/run_v5t_perfolder_s3.lsf
# =============================================================================

# --- Environment -------------------------------------------------------------
ml purge
source ~/.bashrc
module load anaconda3/2024.06
source activate test
module load cuda/12.4.0
export RAYON_NUM_THREADS=4
export PYTORCH_CUDA_ALLOC_CONF=expandable_segments:True
export PYTHONPATH="$PWD${PYTHONPATH:+:$PYTHONPATH}"

# --- Knobs (env overrides) ---------------------------------------------------
ENZYME_BASE="${ENZYME_BASE:-/sc/arion/projects/DiseaseGeneCell/Huang_lab_project/drug_discovery/output/data/enzyme_embeddings_dataset}"
RESULT_BASE="${RESULT_BASE:-/sc/arion/projects/DiseaseGeneCell/Huang_lab_project/wangcDrugRepoProject/TRACE_Kin_Results_v5t_transformer}"
MOLFORMER_PATH="${MOLFORMER_PATH:-/sc/arion/projects/DiseaseGeneCell/Huang_lab_project/wangcDrugRepoProject/transformersmodels/ibm/MoLFormer-XL-both-10pct}"
CONFIG_PATH="${CONFIG_PATH:-training/config_v5t.json}"
EPOCHS="${EPOCHS:-100}"
BATCH_SIZE="${BATCH_SIZE:-16}"
SEED=1
LRATE="${LRATE:-3e-4}"

(... more ...)
------------------------------------------------------------

Successfully completed.

Resource usage summary:

    CPU time :                                   5267.00 sec.
    Max Memory :                                 25113 MB
    Average Memory :                             24359.84 MB
    Total Requested Memory :                     240000.00 MB
    Delta Memory :                               214887.00 MB
    Max Swap :                                   -
    Max Processes :                              21
    Max Threads :                                53
    Run time :                                   4803 sec.
    Turnaround time :                            4805 sec.

The output (if any) follows:

==========================================
TRACE-Kin v5t (Transformer) PER-FOLDER task 1/10
==========================================
Date:        Mon May 11 18:26:48 EDT 2026
Dataset:     /sc/arion/projects/DiseaseGeneCell/Huang_lab_project/drug_discovery/output/data/enzyme_embeddings_dataset/EITLEM_dataset/EITLEM_kkm_MUTAPLM_embedding_cold_drug
Result:      /sc/arion/projects/DiseaseGeneCell/Huang_lab_project/wangcDrugRepoProject/TRACE_Kin_Results_v5t_transformer/EITLEM_dataset/EITLEM_kkm_MUTAPLM_embedding_cold_drug
Config:      training/config_v5t.json
MoLFormer:   /sc/arion/projects/DiseaseGeneCell/Huang_lab_project/wangcDrugRepoProject/transformersmodels/ibm/MoLFormer-XL-both-10pct
Pool CSVs:   (none — per-folder)
Model:       v5t Transformer (Self-Attn x4 with RoPE + cross-attn + MoLFormer ctx)
Epochs:      100, batch=16, seed=1, lr=3e-4
==========================================
Python 3.12.2
Python: /sc/arion/work/wangc40/test-env/envs/test/bin/python
CUDA device: NVIDIA H100 80GB HBM3, sm_90
============================================================
TRACE-Kin training
============================================================
Datafolder:        /sc/arion/projects/DiseaseGeneCell/Huang_lab_project/drug_discovery/output/data/enzyme_embeddings_dataset/EITLEM_dataset/EITLEM_kkm_MUTAPLM_embedding_cold_drug
Result path:       /sc/arion/projects/DiseaseGeneCell/Huang_lab_project/wangcDrugRepoProject/TRACE_Kin_Results_v5t_transformer/EITLEM_dataset/EITLEM_kkm_MUTAPLM_embedding_cold_drug
Config:            training/config_v5t.json
Pool train CSVs:   (none)
============================================================
[mem] before load_split_dataframes             max RSS = 0.61 GB
Loading primary train (essential cols): /sc/arion/projects/DiseaseGeneCell/Huang_lab_project/drug_discovery/output/data/enzyme_embeddings_dataset/EITLEM_dataset/EITLEM_kkm_MUTAPLM_embedding_cold_drug/train.parquet
Loading primary test (essential cols): /sc/arion/projects/DiseaseGeneCell/Huang_lab_project/drug_discovery/output/data/enzyme_embeddings_dataset/EITLEM_dataset/EITLEM_kkm_MUTAPLM_embedding_cold_drug/test.parquet
Loading primary val (essential cols): /sc/arion/projects/DiseaseGeneCell/Huang_lab_project/drug_discovery/output/data/enzyme_embeddings_dataset/EITLEM_dataset/EITLEM_kkm_MUTAPLM_embedding_cold_drug/val.parquet
Detected prot_evo_channels = 4096 (1-row sample)
[mem] after load_split_dataframes (lite — feature cols not loaded) max RSS = 0.81 GB
model_version: v5t, use_swa: True
Reusing protein cache: /sc/arion/projects/DiseaseGeneCell/Huang_lab_project/drug_discovery/output/data/enzyme_embeddings_dataset/EITLEM_dataset/EITLEM_kkm_MUTAPLM_embedding_cold_drug/protein.pt
Reusing ligand cache: /sc/arion/projects/DiseaseGeneCell/Huang_lab_project/drug_discovery/output/data/enzyme_embeddings_dataset/EITLEM_dataset/EITLEM_kkm_MUTAPLM_embedding_cold_drug/ligand.pt
[mem] after preprocess                         max RSS = 22.99 GB
loaders ready: train=610 test=156 val=93
[mem] after make_loaders                       max RSS = 23.00 GB
Built TraceKinV5T with 55,451,140 parameters
[SWA] enabled: start_epoch=60, swa_lr=3.000e-05
[AMP] enabled: dtype=torch.bfloat16
[LR schedule] schedule_lr=True, lrate=0.0003, min_lrate=1e-06, warmup_iters=500, lr_decay_iters=61000, total_iters=61000
Not in terminal, reprint now using normal build-in print function.
                              
                              
----------------------------------------
Epoch 001 with LR 0.000300: Model Results
----------------------------------------
Train MSE Loss: 3.5283, Train CLS Loss: 0.0000, Train MCLS Loss: 0.0000
Protein Cluster Region Loss - Ortho Loss: 0.0000, Cluster Loss: 0.0000
                              
Validation Results: {
    "ci": 0.6028,
    "classification_loss": 0.0,
    "cluster_loss": 0.0,
    "mae": 1.3488,
    "mse": 2.9972,
    "multiclassification_loss": 0.0,
    "ortho_loss": 0.0,
    "pearson": 0.3296,
    "regression_loss": 2.9892,
    "rm2": 0.105,
    "rmse": 1.7313,
    "sd": 1.7146,
    "spearman": 0.3049,
    "spectral_loss": 0.0
}
                              
Test Results: {
    "ci": 0.591,
    "classification_loss": 0.0,
    "cluster_loss": 0.0,
    "mae": 1.2952,
    "mse": 2.7523,
    "multiclassification_loss": 0.0,
    "ortho_loss": 0.0,
    "pearson": 0.2782,
    "regression_loss": 2.7462,
    "rm2": 0.0751,
    "rmse": 1.659,
    "sd": 1.6204,
    "spearman": 0.2678,
    "spectral_loss": 0.0
}
                              
                              
----------------------------------------
Epoch 002 with LR 0.000300: Model Results
----------------------------------------
Train MSE Loss: 3.0748, Train CLS Loss: 0.0000, Train MCLS Loss: 0.0000
Protein Cluster Region Loss - Ortho Loss: 0.0000, Cluster Loss: 0.0000
                              
Validation Results: {
    "ci": 0.6567,
    "classification_loss": 0.0,
    "cluster_loss": 0.0,
    "mae": 1.2582,
    "mse": 2.5957,
    "multiclassification_loss": 0.0,
    "ortho_loss": 0.0,
    "pearson": 0.4623,
    "regression_loss": 2.6,
    "rm2": 0.2129,
    "rmse": 1.6111,
    "sd": 1.6103,
    "spearman": 0.4555,
    "spectral_loss": 0.0
}
                              
Test Results: {
    "ci": 0.6171,
    "classification_loss": 0.0,
    "cluster_loss": 0.0,
    "mae": 1.2473,
    "mse": 2.5077,
    "multiclassification_loss": 0.0,
    "ortho_loss": 0.0,
    "pearson": 0.3645,
    "regression_loss": 2.5015,
    "rm2": 0.1289,
    "rmse": 1.5836,
    "sd": 1.571,
    "spearman": 0.3408,
    "spectral_loss": 0.0
}
                              
                              
----------------------------------------
Epoch 003 with LR 0.000300: Model Results
----------------------------------------
Train MSE Loss: 2.6419, Train CLS Loss: 0.0000, Train MCLS Loss: 0.0000
Protein Cluster Region Loss - Ortho Loss: 0.0000, Cluster Loss: 0.0000
                              
Validation Results: {
    "ci": 0.655,
    "classification_loss": 0.0,
    "cluster_loss": 0.0,
    "mae": 1.2818,
    "mse": 2.6821,
    "multiclassification_loss": 0.0,
    "ortho_loss": 0.0,
    "pearson": 0.4638,
    "regression_loss": 2.6834,
    "rm2": 0.1994,
    "rmse": 1.6377,
    "sd": 1.6089,
    "spearman": 0.4557,
    "spectral_loss": 0.0
}
                              
Test Results: {
    "ci": 0.6171,
    "classification_loss": 0.0,
    "cluster_loss": 0.0,
    "mae": 1.2473,
    "mse": 2.5077,
    "multiclassification_loss": 0.0,
    "ortho_loss": 0.0,
    "pearson": 0.3645,
    "regression_loss": 2.5015,
    "rm2": 0.1289,
    "rmse": 1.5836,
    "sd": 1.571,
    "spearman": 0.3408,
    "spectral_loss": 0.0
}
                              
                              
----------------------------------------
Epoch 004 with LR 0.000299: Model Results
----------------------------------------
Train MSE Loss: 2.5452, Train CLS Loss: 0.0000, Train MCLS Loss: 0.0000
Protein Cluster Region Loss - Ortho Loss: 0.0000, Cluster Loss: 0.0000
                              
Validation Results: {
    "ci": 0.6613,
    "classification_loss": 0.0,
    "cluster_loss": 0.0,
    "mae": 1.2434,
    "mse": 2.5561,
    "multiclassification_loss": 0.0,
    "ortho_loss": 0.0,
    "pearson": 0.4774,
    "regression_loss": 2.5934,
    "rm2": 0.2232,
    "rmse": 1.5988,
    "sd": 1.5957,
    "spearman": 0.4671,
    "spectral_loss": 0.0
}
                              
Test Results: {
    "ci": 0.6177,
    "classification_loss": 0.0,
    "cluster_loss": 0.0,
    "mae": 1.2414,
    "mse": 2.5107,
    "multiclassification_loss": 0.0,
    "ortho_loss": 0.0,
    "pearson": 0.3801,
    "regression_loss": 2.5041,
    "rm2": 0.139,
    "rmse": 1.5845,
    "sd": 1.5604,
    "spearman": 0.3416,
    "spectral_loss": 0.0
}
                              
                              
----------------------------------------
Epoch 005 with LR 0.000299: Model Results
----------------------------------------
Train MSE Loss: 2.3228, Train CLS Loss: 0.0000, Train MCLS Loss: 0.0000
Protein Cluster Region Loss - Ortho Loss: 0.0000, Cluster Loss: 0.0000
                              
Validation Results: {
    "ci": 0.6549,
    "classification_loss": 0.0,
    "cluster_loss": 0.0,
    "mae": 1.2893,
    "mse": 2.7369,
    "multiclassification_loss": 0.0,
    "ortho_loss": 0.0,
    "pearson": 0.4569,
    "regression_loss": 2.7446,
    "rm2": 0.1892,
    "rmse": 1.6544,
    "sd": 1.6155,
    "spearman": 0.4487,
    "spectral_loss": 0.0
}
                              
Test Results: {
    "ci": 0.6177,
    "classification_loss": 0.0,
    "cluster_loss": 0.0,
    "mae": 1.2414,
    "mse": 2.5107,
    "multiclassification_loss": 0.0,
    "ortho_loss": 0.0,
    "pearson": 0.3801,
    "regression_loss": 2.5041,
    "rm2": 0.139,
    "rmse": 1.5845,
    "sd": 1.5604,
    "spearman": 0.3416,
    "spectral_loss": 0.0
}
                              
                              
----------------------------------------
Epoch 006 with LR 0.000298: Model Results
----------------------------------------
Train MSE Loss: 2.0660, Train CLS Loss: 0.0000, Train MCLS Loss: 0.0000
Protein Cluster Region Loss - Ortho Loss: 0.0000, Cluster Loss: 0.0000
                              
Validation Results: {
    "ci": 0.6638,
    "classification_loss": 0.0,
    "cluster_loss": 0.0,
    "mae": 1.2791,
    "mse": 2.6843,
    "multiclassification_loss": 0.0,
    "ortho_loss": 0.0,
    "pearson": 0.4749,
    "regression_loss": 2.7152,
    "rm2": 0.2001,
    "rmse": 1.6384,
    "sd": 1.5982,
    "spearman": 0.4726,
    "spectral_loss": 0.0
}
                              
Test Results: {
    "ci": 0.6177,
    "classification_loss": 0.0,
    "cluster_loss": 0.0,
    "mae": 1.2414,
    "mse": 2.5107,
    "multiclassification_loss": 0.0,
    "ortho_loss": 0.0,
    "pearson": 0.3801,
    "regression_loss": 2.5041,
    "rm2": 0.139,
    "rmse": 1.5845,
    "sd": 1.5604,
    "spearman": 0.3416,
    "spectral_loss": 0.0
}
                              
                              
----------------------------------------
Epoch 007 with LR 0.000297: Model Results
----------------------------------------
Train MSE Loss: 1.9663, Train CLS Loss: 0.0000, Train MCLS Loss: 0.0000
Protein Cluster Region Loss - Ortho Loss: 0.0000, Cluster Loss: 0.0000
                              
Validation Results: {
    "ci": 0.6723,
    "classification_loss": 0.0,
    "cluster_loss": 0.0,
    "mae": 1.2299,
    "mse": 2.5274,
    "multiclassification_loss": 0.0,
    "ortho_loss": 0.0,
    "pearson": 0.5088,
    "regression_loss": 2.5709,
    "rm2": 0.2444,
    "rmse": 1.5898,
    "sd": 1.5635,
    "spearman": 0.4958,
    "spectral_loss": 0.0
}
                              
Test Results: {
    "ci": 0.6296,
    "classification_loss": 0.0,
    "cluster_loss": 0.0,
    "mae": 1.2462,
    "mse": 2.5856,
    "multiclassification_loss": 0.0,
    "ortho_loss": 0.0,
    "pearson": 0.4117,
    "regression_loss": 2.5903,
    "rm2": 0.1583,
    "rmse": 1.608,
    "sd": 1.5374,
    "spearman": 0.3734,
    "spectral_loss": 0.0
}
                              
                              
----------------------------------------
Epoch 008 with LR 0.000296: Model Results
----------------------------------------
Train MSE Loss: 1.8735, Train CLS Loss: 0.0000, Train MCLS Loss: 0.0000
Protein Cluster Region Loss - Ortho Loss: 0.0000, Cluster Loss: 0.0000
                              
Validation Results: {
    "ci": 0.6759,
    "classification_loss": 0.0,
    "cluster_loss": 0.0,
    "mae": 1.3885,
    "mse": 3.121,
    "multiclassification_loss": 0.0,
    "ortho_loss": 0.0,
    "pearson": 0.5087,
    "regression_loss": 3.2134,
    "rm2": 0.1945,
    "rmse": 1.7666,
    "sd": 1.5635,
    "spearman": 0.5009,
    "spectral_loss": 0.0
}
                              
Test Results: {
    "ci": 0.6296,
    "classification_loss": 0.0,
    "cluster_loss": 0.0,
    "mae": 1.2462,
    "mse": 2.5856,
    "multiclassification_loss": 0.0,
    "ortho_loss": 0.0,
    "pearson": 0.4117,
    "regression_loss": 2.5903,
    "rm2": 0.1583,
    "rmse": 1.608,
    "sd": 1.5374,
    "spearman": 0.3734,
    "spectral_loss": 0.0
}
                              
                              
----------------------------------------
Epoch 009 with LR 0.000295: Model Results
----------------------------------------
Train MSE Loss: 1.8449, Train CLS Loss: 0.0000, Train MCLS Loss: 0.0000
Protein Cluster Region Loss - Ortho Loss: 0.0000, Cluster Loss: 0.0000
                              
Validation Results: {
    "ci": 0.6716,
    "classification_loss": 0.0,
    "cluster_loss": 0.0,
    "mae": 1.7368,
    "mse": 4.6482,
    "multiclassification_loss": 0.0,
    "ortho_loss": 0.0,
    "pearson": 0.4846,
    "regression_loss": 4.7989,
    "rm2": 0.1917,
    "rmse": 2.156,
    "sd": 1.5885,
    "spearman": 0.4899,
    "spectral_loss": 0.0
}
                              
Test Results: {
    "ci": 0.6296,
    "classification_loss": 0.0,
    "cluster_loss": 0.0,
    "mae": 1.2462,
    "mse": 2.5856,
    "multiclassification_loss": 0.0,
    "ortho_loss": 0.0,
    "pearson": 0.4117,
    "regression_loss": 2.5903,
    "rm2": 0.1583,
    "rmse": 1.608,
    "sd": 1.5374,
    "spearman": 0.3734,
    "spectral_loss": 0.0
}
                              
                              
----------------------------------------
Epoch 010 with LR 0.000294: Model Results
----------------------------------------
Train MSE Loss: 1.7727, Train CLS Loss: 0.0000, Train MCLS Loss: 0.0000
Protein Cluster Region Loss - Ortho Loss: 0.0000, Cluster Loss: 0.0000
                              
Validation Results: {
    "ci": 0.6746,
    "classification_loss": 0.0,
    "cluster_loss": 0.0,
    "mae": 1.6427,
    "mse": 4.2422,
    "multiclassification_loss": 0.0,
    "ortho_loss": 0.0,
    "pearson": 0.5046,
    "regression_loss": 4.2093,
    "rm2": 0.2129,
    "rmse": 2.0597,
    "sd": 1.568,
    "spearman": 0.5005,
    "spectral_loss": 0.0
}
                              
Test Results: {
    "ci": 0.6296,
    "classification_loss": 0.0,
    "cluster_loss": 0.0,
    "mae": 1.2462,
    "mse": 2.5856,
    "multiclassification_loss": 0.0,
    "ortho_loss": 0.0,
    "pearson": 0.4117,
    "regression_loss": 2.5903,
    "rm2": 0.1583,
    "rmse": 1.608,
    "sd": 1.5374,
    "spearman": 0.3734,
    "spectral_loss": 0.0
}
                              
                              
----------------------------------------
Epoch 011 with LR 0.000292: Model Results
----------------------------------------
Train MSE Loss: 1.7651, Train CLS Loss: 0.0000, Train MCLS Loss: 0.0000
Protein Cluster Region Loss - Ortho Loss: 0.0000, Cluster Loss: 0.0000
                              
Validation Results: {
    "ci": 0.6733,
    "classification_loss": 0.0,
    "cluster_loss": 0.0,
    "mae": 1.584,
    "mse": 3.9794,
    "multiclassification_loss": 0.0,
    "ortho_loss": 0.0,
    "pearson": 0.502,
    "regression_loss": 3.9663,
    "rm2": 0.2306,
    "rmse": 1.9948,
    "sd": 1.5707,
    "spearman": 0.498,
    "spectral_loss": 0.0
}
                              
Test Results: {
    "ci": 0.6296,
    "classification_loss": 0.0,
    "cluster_loss": 0.0,
    "mae": 1.2462,
    "mse": 2.5856,
    "multiclassification_loss": 0.0,
    "ortho_loss": 0.0,
    "pearson": 0.4117,
    "regression_loss": 2.5903,
    "rm2": 0.1583,
    "rmse": 1.608,
    "sd": 1.5374,
    "spearman": 0.3734,
    "spectral_loss": 0.0
}
                              
                              
----------------------------------------
Epoch 012 with LR 0.000291: Model Results
----------------------------------------
Train MSE Loss: 1.7275, Train CLS Loss: 0.0000, Train MCLS Loss: 0.0000
Protein Cluster Region Loss - Ortho Loss: 0.0000, Cluster Loss: 0.0000
                              
Validation Results: {
    "ci": 0.677,
    "classification_loss": 0.0,
    "cluster_loss": 0.0,
    "mae": 1.3051,
    "mse": 2.8888,
    "multiclassification_loss": 0.0,
    "ortho_loss": 0.0,
    "pearson": 0.5103,
    "regression_loss": 2.8891,
    "rm2": 0.2586,
    "rmse": 1.6997,
    "sd": 1.5618,
    "spearman": 0.5066,
    "spectral_loss": 0.0
}
                              
Test Results: {
    "ci": 0.6296,
    "classification_loss": 0.0,
    "cluster_loss": 0.0,
    "mae": 1.2462,
    "mse": 2.5856,
    "multiclassification_loss": 0.0,
    "ortho_loss": 0.0,
    "pearson": 0.4117,
    "regression_loss": 2.5903,
    "rm2": 0.1583,
    "rmse": 1.608,
    "sd": 1.5374,
    "spearman": 0.3734,
    "spectral_loss": 0.0
}
                              
                              
----------------------------------------
Epoch 013 with LR 0.000289: Model Results
----------------------------------------
Train MSE Loss: 1.6581, Train CLS Loss: 0.0000, Train MCLS Loss: 0.0000
Protein Cluster Region Loss - Ortho Loss: 0.0000, Cluster Loss: 0.0000
                              
Validation Results: {
    "ci": 0.6667,
    "classification_loss": 0.0,
    "cluster_loss": 0.0,
    "mae": 1.3603,
    "mse": 2.9506,
    "multiclassification_loss": 0.0,
    "ortho_loss": 0.0,
    "pearson": 0.4832,
    "regression_loss": 2.9963,
    "rm2": 0.1848,
    "rmse": 1.7177,
    "sd": 1.59,
    "spearman": 0.4802,
    "spectral_loss": 0.0
}
                              
Test Results: {
    "ci": 0.6296,
    "classification_loss": 0.0,
    "cluster_loss": 0.0,
    "mae": 1.2462,
    "mse": 2.5856,
    "multiclassification_loss": 0.0,
    "ortho_loss": 0.0,
    "pearson": 0.4117,
    "regression_loss": 2.5903,
    "rm2": 0.1583,
    "rmse": 1.608,
    "sd": 1.5374,
    "spearman": 0.3734,
    "spectral_loss": 0.0
}
                              
                              
----------------------------------------
Epoch 014 with LR 0.000287: Model Results
----------------------------------------
Train MSE Loss: 1.6797, Train CLS Loss: 0.0000, Train MCLS Loss: 0.0000
Protein Cluster Region Loss - Ortho Loss: 0.0000, Cluster Loss: 0.0000
                              
Validation Results: {
    "ci": 0.6626,
    "classification_loss": 0.0,
    "cluster_loss": 0.0,
    "mae": 1.4878,
    "mse": 3.4767,
    "multiclassification_loss": 0.0,
    "ortho_loss": 0.0,
    "pearson": 0.4704,
    "regression_loss": 3.5443,
    "rm2": 0.1725,
    "rmse": 1.8646,
    "sd": 1.6026,
    "spearman": 0.469,
    "spectral_loss": 0.0
}
                              
Test Results: {
    "ci": 0.6296,
    "classification_loss": 0.0,
    "cluster_loss": 0.0,
    "mae": 1.2462,
    "mse": 2.5856,
    "multiclassification_loss": 0.0,
    "ortho_loss": 0.0,
    "pearson": 0.4117,
    "regression_loss": 2.5903,
    "rm2": 0.1583,
    "rmse": 1.608,
    "sd": 1.5374,
    "spearman": 0.3734,
    "spectral_loss": 0.0
}
                              
                              
----------------------------------------
Epoch 015 with LR 0.000285: Model Results
----------------------------------------
Train MSE Loss: 1.6464, Train CLS Loss: 0.0000, Train MCLS Loss: 0.0000
Protein Cluster Region Loss - Ortho Loss: 0.0000, Cluster Loss: 0.0000
                              
Validation Results: {
    "ci": 0.6782,
    "classification_loss": 0.0,
    "cluster_loss": 0.0,
    "mae": 1.3314,
    "mse": 2.9925,
    "multiclassification_loss": 0.0,
    "ortho_loss": 0.0,
    "pearson": 0.5222,
    "regression_loss": 3.0467,
    "rm2": 0.2565,
    "rmse": 1.7299,
    "sd": 1.5487,
    "spearman": 0.5091,
    "spectral_loss": 0.0
}
                              
Test Results: {
    "ci": 0.6296,
    "classification_loss": 0.0,
    "cluster_loss": 0.0,
    "mae": 1.2462,
    "mse": 2.5856,
    "multiclassification_loss": 0.0,
    "ortho_loss": 0.0,
    "pearson": 0.4117,
    "regression_loss": 2.5903,
    "rm2": 0.1583,
    "rmse": 1.608,
    "sd": 1.5374,
    "spearman": 0.3734,
    "spectral_loss": 0.0
}
                              
                              
----------------------------------------
Epoch 016 with LR 0.000283: Model Results
----------------------------------------
Train MSE Loss: 1.6796, Train CLS Loss: 0.0000, Train MCLS Loss: 0.0000
Protein Cluster Region Loss - Ortho Loss: 0.0000, Cluster Loss: 0.0000
                              
Validation Results: {
    "ci": 0.676,
    "classification_loss": 0.0,
    "cluster_loss": 0.0,
    "mae": 1.2301,
    "mse": 2.5306,
    "multiclassification_loss": 0.0,
    "ortho_loss": 0.0,
    "pearson": 0.5172,
    "regression_loss": 2.5433,
    "rm2": 0.2564,
    "rmse": 1.5908,
    "sd": 1.5543,
    "spearman": 0.5037,
    "spectral_loss": 0.0
}
                              
Test Results: {
    "ci": 0.6296,
    "classification_loss": 0.0,
    "cluster_loss": 0.0,
    "mae": 1.2462,
    "mse": 2.5856,
    "multiclassification_loss": 0.0,
    "ortho_loss": 0.0,
    "pearson": 0.4117,
    "regression_loss": 2.5903,
    "rm2": 0.1583,
    "rmse": 1.608,
    "sd": 1.5374,
    "spearman": 0.3734,
    "spectral_loss": 0.0
}
                              
                              
----------------------------------------
Epoch 017 with LR 0.000281: Model Results
----------------------------------------
Train MSE Loss: 1.5656, Train CLS Loss: 0.0000, Train MCLS Loss: 0.0000
Protein Cluster Region Loss - Ortho Loss: 0.0000, Cluster Loss: 0.0000
                              
Validation Results: {
    "ci": 0.681,
    "classification_loss": 0.0,
    "cluster_loss": 0.0,
    "mae": 1.3112,
    "mse": 2.8607,
    "multiclassification_loss": 0.0,
    "ortho_loss": 0.0,
    "pearson": 0.5331,
    "regression_loss": 2.8914,
    "rm2": 0.2839,
    "rmse": 1.6914,
    "sd": 1.5365,
    "spearman": 0.5149,
    "spectral_loss": 0.0
}
                              
Test Results: {
    "ci": 0.6296,
    "classification_loss": 0.0,
    "cluster_loss": 0.0,
    "mae": 1.2462,
    "mse": 2.5856,
    "multiclassification_loss": 0.0,
    "ortho_loss": 0.0,
    "pearson": 0.4117,
    "regression_loss": 2.5903,
    "rm2": 0.1583,
    "rmse": 1.608,
    "sd": 1.5374,
    "spearman": 0.3734,
    "spectral_loss": 0.0
}
                              
                              
----------------------------------------
Epoch 018 with LR 0.000278: Model Results
----------------------------------------
Train MSE Loss: 1.5660, Train CLS Loss: 0.0000, Train MCLS Loss: 0.0000
Protein Cluster Region Loss - Ortho Loss: 0.0000, Cluster Loss: 0.0000
                              
Validation Results: {
    "ci": 0.6817,
    "classification_loss": 0.0,
    "cluster_loss": 0.0,
    "mae": 1.3609,
    "mse": 3.0685,
    "multiclassification_loss": 0.0,
    "ortho_loss": 0.0,
    "pearson": 0.5375,
    "regression_loss": 3.0747,
    "rm2": 0.2762,
    "rmse": 1.7517,
    "sd": 1.5314,
    "spearman": 0.5184,
    "spectral_loss": 0.0
}
                              
Test Results: {
    "ci": 0.6296,
    "classification_loss": 0.0,
    "cluster_loss": 0.0,
    "mae": 1.2462,
    "mse": 2.5856,
    "multiclassification_loss": 0.0,
    "ortho_loss": 0.0,
    "pearson": 0.4117,
    "regression_loss": 2.5903,
    "rm2": 0.1583,
    "rmse": 1.608,
    "sd": 1.5374,
    "spearman": 0.3734,
    "spectral_loss": 0.0
}
                              
                              
----------------------------------------
Epoch 019 with LR 0.000276: Model Results
----------------------------------------
Train MSE Loss: 1.5394, Train CLS Loss: 0.0000, Train MCLS Loss: 0.0000
Protein Cluster Region Loss - Ortho Loss: 0.0000, Cluster Loss: 0.0000
                              
Validation Results: {
    "ci": 0.6781,
    "classification_loss": 0.0,
    "cluster_loss": 0.0,
    "mae": 1.3007,
    "mse": 2.8825,
    "multiclassification_loss": 0.0,
    "ortho_loss": 0.0,
    "pearson": 0.5214,
    "regression_loss": 2.9004,
    "rm2": 0.2579,
    "rmse": 1.6978,
    "sd": 1.5496,
    "spearman": 0.5105,
    "spectral_loss": 0.0
}
                              
Test Results: {
    "ci": 0.6296,
    "classification_loss": 0.0,
    "cluster_loss": 0.0,
    "mae": 1.2462,
    "mse": 2.5856,
    "multiclassification_loss": 0.0,
    "ortho_loss": 0.0,
    "pearson": 0.4117,
    "regression_loss": 2.5903,
    "rm2": 0.1583,
    "rmse": 1.608,
    "sd": 1.5374,
    "spearman": 0.3734,
    "spectral_loss": 0.0
}
                              
                              
----------------------------------------
Epoch 020 with LR 0.000273: Model Results
----------------------------------------
Train MSE Loss: 1.4852, Train CLS Loss: 0.0000, Train MCLS Loss: 0.0000
Protein Cluster Region Loss - Ortho Loss: 0.0000, Cluster Loss: 0.0000
                              
Validation Results: {
    "ci": 0.6697,
    "classification_loss": 0.0,
    "cluster_loss": 0.0,
    "mae": 1.6237,
    "mse": 4.2541,
    "multiclassification_loss": 0.0,
    "ortho_loss": 0.0,
    "pearson": 0.5014,
    "regression_loss": 4.3819,
    "rm2": 0.1894,
    "rmse": 2.0626,
    "sd": 1.5713,
    "spearman": 0.4852,
    "spectral_loss": 0.0
}
                              
Test Results: {
    "ci": 0.6296,
    "classification_loss": 0.0,
    "cluster_loss": 0.0,
    "mae": 1.2462,
    "mse": 2.5856,
    "multiclassification_loss": 0.0,
    "ortho_loss": 0.0,
    "pearson": 0.4117,
    "regression_loss": 2.5903,
    "rm2": 0.1583,
    "rmse": 1.608,
    "sd": 1.5374,
    "spearman": 0.3734,
    "spectral_loss": 0.0
}
                              
                              
----------------------------------------
Epoch 021 with LR 0.000270: Model Results
----------------------------------------
Train MSE Loss: 1.5057, Train CLS Loss: 0.0000, Train MCLS Loss: 0.0000
Protein Cluster Region Loss - Ortho Loss: 0.0000, Cluster Loss: 0.0000
                              
Validation Results: {
    "ci": 0.6648,
    "classification_loss": 0.0,
    "cluster_loss": 0.0,
    "mae": 1.3889,
    "mse": 3.2997,
    "multiclassification_loss": 0.0,
    "ortho_loss": 0.0,
    "pearson": 0.4711,
    "regression_loss": 3.3238,
    "rm2": 0.1852,
    "rmse": 1.8165,
    "sd": 1.6019,
    "spearman": 0.4739,
    "spectral_loss": 0.0
}
                              
Test Results: {
    "ci": 0.6296,
    "classification_loss": 0.0,
    "cluster_loss": 0.0,
    "mae": 1.2462,
    "mse": 2.5856,
    "multiclassification_loss": 0.0,
    "ortho_loss": 0.0,
    "pearson": 0.4117,
    "regression_loss": 2.5903,
    "rm2": 0.1583,
    "rmse": 1.608,
    "sd": 1.5374,
    "spearman": 0.3734,
    "spectral_loss": 0.0
}
                              
                              
----------------------------------------
Epoch 022 with LR 0.000268: Model Results
----------------------------------------
Train MSE Loss: 1.4818, Train CLS Loss: 0.0000, Train MCLS Loss: 0.0000
Protein Cluster Region Loss - Ortho Loss: 0.0000, Cluster Loss: 0.0000
                              
Validation Results: {
    "ci": 0.6749,
    "classification_loss": 0.0,
    "cluster_loss": 0.0,
    "mae": 1.2917,
    "mse": 2.8205,
    "multiclassification_loss": 0.0,
    "ortho_loss": 0.0,
    "pearson": 0.5235,
    "regression_loss": 2.8862,
    "rm2": 0.2266,
    "rmse": 1.6794,
    "sd": 1.5474,
    "spearman": 0.4984,
    "spectral_loss": 0.0
}
                              
Test Results: {
    "ci": 0.6296,
    "classification_loss": 0.0,
    "cluster_loss": 0.0,
    "mae": 1.2462,
    "mse": 2.5856,
    "multiclassification_loss": 0.0,
    "ortho_loss": 0.0,
    "pearson": 0.4117,
    "regression_loss": 2.5903,
    "rm2": 0.1583,
    "rmse": 1.608,
    "sd": 1.5374,
    "spearman": 0.3734,
    "spectral_loss": 0.0
}
                              
                              
----------------------------------------
Epoch 023 with LR 0.000265: Model Results
----------------------------------------
Train MSE Loss: 1.4380, Train CLS Loss: 0.0000, Train MCLS Loss: 0.0000
Protein Cluster Region Loss - Ortho Loss: 0.0000, Cluster Loss: 0.0000
                              
Validation Results: {
    "ci": 0.674,
    "classification_loss": 0.0,
    "cluster_loss": 0.0,
    "mae": 1.2933,
    "mse": 2.8412,
    "multiclassification_loss": 0.0,
    "ortho_loss": 0.0,
    "pearson": 0.5155,
    "regression_loss": 2.8762,
    "rm2": 0.2168,
    "rmse": 1.6856,
    "sd": 1.5561,
    "spearman": 0.4963,
    "spectral_loss": 0.0
}
                              
Test Results: {
    "ci": 0.6296,
    "classification_loss": 0.0,
    "cluster_loss": 0.0,
    "mae": 1.2462,
    "mse": 2.5856,
    "multiclassification_loss": 0.0,
    "ortho_loss": 0.0,
    "pearson": 0.4117,
    "regression_loss": 2.5903,
    "rm2": 0.1583,
    "rmse": 1.608,
    "sd": 1.5374,
    "spearman": 0.3734,
    "spectral_loss": 0.0
}
                              
                              
----------------------------------------
Epoch 024 with LR 0.000261: Model Results
----------------------------------------
Train MSE Loss: 1.4151, Train CLS Loss: 0.0000, Train MCLS Loss: 0.0000
Protein Cluster Region Loss - Ortho Loss: 0.0000, Cluster Loss: 0.0000
                              
Validation Results: {
    "ci": 0.6724,
    "classification_loss": 0.0,
    "cluster_loss": 0.0,
    "mae": 1.2508,
    "mse": 2.6172,
    "multiclassification_loss": 0.0,
    "ortho_loss": 0.0,
    "pearson": 0.5132,
    "regression_loss": 2.6326,
    "rm2": 0.2526,
    "rmse": 1.6178,
    "sd": 1.5587,
    "spearman": 0.4938,
    "spectral_loss": 0.0
}
                              
Test Results: {
    "ci": 0.6296,
    "classification_loss": 0.0,
    "cluster_loss": 0.0,
    "mae": 1.2462,
    "mse": 2.5856,
    "multiclassification_loss": 0.0,
    "ortho_loss": 0.0,
    "pearson": 0.4117,
    "regression_loss": 2.5903,
    "rm2": 0.1583,
    "rmse": 1.608,
    "sd": 1.5374,
    "spearman": 0.3734,
    "spectral_loss": 0.0
}
                              
                              
----------------------------------------
Epoch 025 with LR 0.000258: Model Results
----------------------------------------
Train MSE Loss: 1.4194, Train CLS Loss: 0.0000, Train MCLS Loss: 0.0000
Protein Cluster Region Loss - Ortho Loss: 0.0000, Cluster Loss: 0.0000
                              
Validation Results: {
    "ci": 0.6733,
    "classification_loss": 0.0,
    "cluster_loss": 0.0,
    "mae": 1.2746,
    "mse": 2.7643,
    "multiclassification_loss": 0.0,
    "ortho_loss": 0.0,
    "pearson": 0.5043,
    "regression_loss": 2.7731,
    "rm2": 0.2535,
    "rmse": 1.6626,
    "sd": 1.5682,
    "spearman": 0.4957,
    "spectral_loss": 0.0
}
                              
Test Results: {
    "ci": 0.6296,
    "classification_loss": 0.0,
    "cluster_loss": 0.0,
    "mae": 1.2462,
    "mse": 2.5856,
    "multiclassification_loss": 0.0,
    "ortho_loss": 0.0,
    "pearson": 0.4117,
    "regression_loss": 2.5903,
    "rm2": 0.1583,
    "rmse": 1.608,
    "sd": 1.5374,
    "spearman": 0.3734,
    "spectral_loss": 0.0
}
                              
                              
----------------------------------------
Epoch 026 with LR 0.000255: Model Results
----------------------------------------
Train MSE Loss: 1.3747, Train CLS Loss: 0.0000, Train MCLS Loss: 0.0000
Protein Cluster Region Loss - Ortho Loss: 0.0000, Cluster Loss: 0.0000
                              
Validation Results: {
    "ci": 0.6825,
    "classification_loss": 0.0,
    "cluster_loss": 0.0,
    "mae": 1.2537,
    "mse": 2.708,
    "multiclassification_loss": 0.0,
    "ortho_loss": 0.0,
    "pearson": 0.5346,
    "regression_loss": 2.7555,
    "rm2": 0.2421,
    "rmse": 1.6456,
    "sd": 1.5348,
    "spearman": 0.5192,
    "spectral_loss": 0.0
}
                              
Test Results: {
    "ci": 0.6296,
    "classification_loss": 0.0,
    "cluster_loss": 0.0,
    "mae": 1.2462,
    "mse": 2.5856,
    "multiclassification_loss": 0.0,
    "ortho_loss": 0.0,
    "pearson": 0.4117,
    "regression_loss": 2.5903,
    "rm2": 0.1583,
    "rmse": 1.608,
    "sd": 1.5374,
    "spearman": 0.3734,
    "spectral_loss": 0.0
}
                              
                              
----------------------------------------
Epoch 027 with LR 0.000251: Model Results
----------------------------------------
Train MSE Loss: 1.3322, Train CLS Loss: 0.0000, Train MCLS Loss: 0.0000
Protein Cluster Region Loss - Ortho Loss: 0.0000, Cluster Loss: 0.0000
                              
Validation Results: {
    "ci": 0.6798,
    "classification_loss": 0.0,
    "cluster_loss": 0.0,
    "mae": 1.1975,
    "mse": 2.4684,
    "multiclassification_loss": 0.0,
    "ortho_loss": 0.0,
    "pearson": 0.5315,
    "regression_loss": 2.5429,
    "rm2": 0.2463,
    "rmse": 1.5711,
    "sd": 1.5383,
    "spearman": 0.5107,
    "spectral_loss": 0.0
}
                              
Test Results: {
    "ci": 0.6426,
    "classification_loss": 0.0,
    "cluster_loss": 0.0,
    "mae": 1.2169,
    "mse": 2.4697,
    "multiclassification_loss": 0.0,
    "ortho_loss": 0.0,
    "pearson": 0.4373,
    "regression_loss": 2.4727,
    "rm2": 0.1703,
    "rmse": 1.5715,
    "sd": 1.5171,
    "spearman": 0.4074,
    "spectral_loss": 0.0
}
                              
                              
----------------------------------------
Epoch 028 with LR 0.000248: Model Results
----------------------------------------
Train MSE Loss: 1.4336, Train CLS Loss: 0.0000, Train MCLS Loss: 0.0000
Protein Cluster Region Loss - Ortho Loss: 0.0000, Cluster Loss: 0.0000
                              
Validation Results: {
    "ci": 0.6506,
    "classification_loss": 0.0,
    "cluster_loss": 0.0,
    "mae": 1.4371,
    "mse": 3.423,
    "multiclassification_loss": 0.0,
    "ortho_loss": 0.0,
    "pearson": 0.4612,
    "regression_loss": 3.5703,
    "rm2": 0.1675,
    "rmse": 1.8501,
    "sd": 1.6114,
    "spearman": 0.4322,
    "spectral_loss": 0.0
}
                              
Test Results: {
    "ci": 0.6426,
    "classification_loss": 0.0,
    "cluster_loss": 0.0,
    "mae": 1.2169,
    "mse": 2.4697,
    "multiclassification_loss": 0.0,
    "ortho_loss": 0.0,
    "pearson": 0.4373,
    "regression_loss": 2.4727,
    "rm2": 0.1703,
    "rmse": 1.5715,
    "sd": 1.5171,
    "spearman": 0.4074,
    "spectral_loss": 0.0
}
                              
                              
----------------------------------------
Epoch 029 with LR 0.000244: Model Results
----------------------------------------
Train MSE Loss: 1.7791, Train CLS Loss: 0.0000, Train MCLS Loss: 0.0000
Protein Cluster Region Loss - Ortho Loss: 0.0000, Cluster Loss: 0.0000
                              
Validation Results: {
    "ci": 0.6705,
    "classification_loss": 0.0,
    "cluster_loss": 0.0,
    "mae": 1.2759,
    "mse": 2.7352,
    "multiclassification_loss": 0.0,
    "ortho_loss": 0.0,
    "pearson": 0.5173,
    "regression_loss": 2.7522,
    "rm2": 0.2371,
    "rmse": 1.6538,
    "sd": 1.5542,
    "spearman": 0.4895,
    "spectral_loss": 0.0
}
                              
Test Results: {
    "ci": 0.6426,
    "classification_loss": 0.0,
    "cluster_loss": 0.0,
    "mae": 1.2169,
    "mse": 2.4697,
    "multiclassification_loss": 0.0,
    "ortho_loss": 0.0,
    "pearson": 0.4373,
    "regression_loss": 2.4727,
    "rm2": 0.1703,
    "rmse": 1.5715,
    "sd": 1.5171,
    "spearman": 0.4074,
    "spectral_loss": 0.0
}
                              
                              
----------------------------------------
Epoch 030 with LR 0.000241: Model Results
----------------------------------------
Train MSE Loss: 1.3519, Train CLS Loss: 0.0000, Train MCLS Loss: 0.0000
Protein Cluster Region Loss - Ortho Loss: 0.0000, Cluster Loss: 0.0000
                              
Validation Results: {
    "ci": 0.6791,
    "classification_loss": 0.0,
    "cluster_loss": 0.0,
    "mae": 1.2803,
    "mse": 2.7708,
    "multiclassification_loss": 0.0,
    "ortho_loss": 0.0,
    "pearson": 0.5334,
    "regression_loss": 2.7712,
    "rm2": 0.2726,
    "rmse": 1.6646,
    "sd": 1.5362,
    "spearman": 0.5104,
    "spectral_loss": 0.0
}
                              
Test Results: {
    "ci": 0.6426,
    "classification_loss": 0.0,
    "cluster_loss": 0.0,
    "mae": 1.2169,
    "mse": 2.4697,
    "multiclassification_loss": 0.0,
    "ortho_loss": 0.0,
    "pearson": 0.4373,
    "regression_loss": 2.4727,
    "rm2": 0.1703,
    "rmse": 1.5715,
    "sd": 1.5171,
    "spearman": 0.4074,
    "spectral_loss": 0.0
}
                              
                              
----------------------------------------
Epoch 031 with LR 0.000237: Model Results
----------------------------------------
Train MSE Loss: 1.3082, Train CLS Loss: 0.0000, Train MCLS Loss: 0.0000
Protein Cluster Region Loss - Ortho Loss: 0.0000, Cluster Loss: 0.0000
                              
Validation Results: {
    "ci": 0.6864,
    "classification_loss": 0.0,
    "cluster_loss": 0.0,
    "mae": 1.269,
    "mse": 2.7508,
    "multiclassification_loss": 0.0,
    "ortho_loss": 0.0,
    "pearson": 0.5446,
    "regression_loss": 2.8002,
    "rm2": 0.2345,
    "rmse": 1.6585,
    "sd": 1.5232,
    "spearman": 0.5268,
    "spectral_loss": 0.0
}
                              
Test Results: {
    "ci": 0.6426,
    "classification_loss": 0.0,
    "cluster_loss": 0.0,
    "mae": 1.2169,
    "mse": 2.4697,
    "multiclassification_loss": 0.0,
    "ortho_loss": 0.0,
    "pearson": 0.4373,
    "regression_loss": 2.4727,
    "rm2": 0.1703,
    "rmse": 1.5715,
    "sd": 1.5171,
    "spearman": 0.4074,
    "spectral_loss": 0.0
}
                              
                              
----------------------------------------
Epoch 032 with LR 0.000233: Model Results
----------------------------------------
Train MSE Loss: 1.3555, Train CLS Loss: 0.0000, Train MCLS Loss: 0.0000
Protein Cluster Region Loss - Ortho Loss: 0.0000, Cluster Loss: 0.0000
                              
Validation Results: {
    "ci": 0.6684,
    "classification_loss": 0.0,
    "cluster_loss": 0.0,
    "mae": 1.2734,
    "mse": 2.6935,
    "multiclassification_loss": 0.0,
    "ortho_loss": 0.0,
    "pearson": 0.5121,
    "regression_loss": 2.6887,
    "rm2": 0.2475,
    "rmse": 1.6412,
    "sd": 1.5599,
    "spearman": 0.4849,
    "spectral_loss": 0.0
}
                              
Test Results: {
    "ci": 0.6426,
    "classification_loss": 0.0,
    "cluster_loss": 0.0,
    "mae": 1.2169,
    "mse": 2.4697,
    "multiclassification_loss": 0.0,
    "ortho_loss": 0.0,
    "pearson": 0.4373,
    "regression_loss": 2.4727,
    "rm2": 0.1703,
    "rmse": 1.5715,
    "sd": 1.5171,
    "spearman": 0.4074,
    "spectral_loss": 0.0
}
                              
                              
----------------------------------------
Epoch 033 with LR 0.000229: Model Results
----------------------------------------
Train MSE Loss: 1.3288, Train CLS Loss: 0.0000, Train MCLS Loss: 0.0000
Protein Cluster Region Loss - Ortho Loss: 0.0000, Cluster Loss: 0.0000
                              
Validation Results: {
    "ci": 0.6778,
    "classification_loss": 0.0,
    "cluster_loss": 0.0,
    "mae": 1.1999,
    "mse": 2.4704,
    "multiclassification_loss": 0.0,
    "ortho_loss": 0.0,
    "pearson": 0.5318,
    "regression_loss": 2.4895,
    "rm2": 0.2754,
    "rmse": 1.5717,
    "sd": 1.5379,
    "spearman": 0.5071,
    "spectral_loss": 0.0
}
                              
Test Results: {
    "ci": 0.6426,
    "classification_loss": 0.0,
    "cluster_loss": 0.0,
    "mae": 1.2169,
    "mse": 2.4697,
    "multiclassification_loss": 0.0,
    "ortho_loss": 0.0,
    "pearson": 0.4373,
    "regression_loss": 2.4727,
    "rm2": 0.1703,
    "rmse": 1.5715,
    "sd": 1.5171,
    "spearman": 0.4074,
    "spectral_loss": 0.0
}
                              
                              
----------------------------------------
Epoch 034 with LR 0.000225: Model Results
----------------------------------------
Train MSE Loss: 1.2903, Train CLS Loss: 0.0000, Train MCLS Loss: 0.0000
Protein Cluster Region Loss - Ortho Loss: 0.0000, Cluster Loss: 0.0000
                              
Validation Results: {
    "ci": 0.6843,
    "classification_loss": 0.0,
    "cluster_loss": 0.0,
    "mae": 1.3174,
    "mse": 2.8857,
    "multiclassification_loss": 0.0,
    "ortho_loss": 0.0,
    "pearson": 0.5429,
    "regression_loss": 2.9741,
    "rm2": 0.2196,
    "rmse": 1.6987,
    "sd": 1.5251,
    "spearman": 0.5229,
    "spectral_loss": 0.0
}
                              
Test Results: {
    "ci": 0.6426,
    "classification_loss": 0.0,
    "cluster_loss": 0.0,
    "mae": 1.2169,
    "mse": 2.4697,
    "multiclassification_loss": 0.0,
    "ortho_loss": 0.0,
    "pearson": 0.4373,
    "regression_loss": 2.4727,
    "rm2": 0.1703,
    "rmse": 1.5715,
    "sd": 1.5171,
    "spearman": 0.4074,
    "spectral_loss": 0.0
}
                              
                              
----------------------------------------
Epoch 035 with LR 0.000221: Model Results
----------------------------------------
Train MSE Loss: 1.2830, Train CLS Loss: 0.0000, Train MCLS Loss: 0.0000
Protein Cluster Region Loss - Ortho Loss: 0.0000, Cluster Loss: 0.0000
                              
Validation Results: {
    "ci": 0.6823,
    "classification_loss": 0.0,
    "cluster_loss": 0.0,
    "mae": 1.246,
    "mse": 2.7094,
    "multiclassification_loss": 0.0,
    "ortho_loss": 0.0,
    "pearson": 0.5384,
    "regression_loss": 2.7715,
    "rm2": 0.2531,
    "rmse": 1.646,
    "sd": 1.5304,
    "spearman": 0.5173,
    "spectral_loss": 0.0
}
                              
Test Results: {
    "ci": 0.6426,
    "classification_loss": 0.0,
    "cluster_loss": 0.0,
    "mae": 1.2169,
    "mse": 2.4697,
    "multiclassification_loss": 0.0,
    "ortho_loss": 0.0,
    "pearson": 0.4373,
    "regression_loss": 2.4727,
    "rm2": 0.1703,
    "rmse": 1.5715,
    "sd": 1.5171,
    "spearman": 0.4074,
    "spectral_loss": 0.0
}
                              
                              
----------------------------------------
Epoch 036 with LR 0.000216: Model Results
----------------------------------------
Train MSE Loss: 1.2436, Train CLS Loss: 0.0000, Train MCLS Loss: 0.0000
Protein Cluster Region Loss - Ortho Loss: 0.0000, Cluster Loss: 0.0000
                              
Validation Results: {
    "ci": 0.6795,
    "classification_loss": 0.0,
    "cluster_loss": 0.0,
    "mae": 1.1978,
    "mse": 2.4101,
    "multiclassification_loss": 0.0,
    "ortho_loss": 0.0,
    "pearson": 0.5349,
    "regression_loss": 2.4549,
    "rm2": 0.2587,
    "rmse": 1.5524,
    "sd": 1.5344,
    "spearman": 0.5118,
    "spectral_loss": 0.0
}
                              
Test Results: {
    "ci": 0.6484,
    "classification_loss": 0.0,
    "cluster_loss": 0.0,
    "mae": 1.1914,
    "mse": 2.3749,
    "multiclassification_loss": 0.0,
    "ortho_loss": 0.0,
    "pearson": 0.4532,
    "regression_loss": 2.3732,
    "rm2": 0.1859,
    "rmse": 1.5411,
    "sd": 1.5038,
    "spearman": 0.4237,
    "spectral_loss": 0.0
}
                              
                              
----------------------------------------
Epoch 037 with LR 0.000212: Model Results
----------------------------------------
Train MSE Loss: 1.2631, Train CLS Loss: 0.0000, Train MCLS Loss: 0.0000
Protein Cluster Region Loss - Ortho Loss: 0.0000, Cluster Loss: 0.0000
                              
Validation Results: {
    "ci": 0.6783,
    "classification_loss": 0.0,
    "cluster_loss": 0.0,
    "mae": 1.2276,
    "mse": 2.5805,
    "multiclassification_loss": 0.0,
    "ortho_loss": 0.0,
    "pearson": 0.528,
    "regression_loss": 2.6129,
    "rm2": 0.2368,
    "rmse": 1.6064,
    "sd": 1.5423,
    "spearman": 0.5065,
    "spectral_loss": 0.0
}
                              
Test Results: {
    "ci": 0.6484,
    "classification_loss": 0.0,
    "cluster_loss": 0.0,
    "mae": 1.1914,
    "mse": 2.3749,
    "multiclassification_loss": 0.0,
    "ortho_loss": 0.0,
    "pearson": 0.4532,
    "regression_loss": 2.3732,
    "rm2": 0.1859,
    "rmse": 1.5411,
    "sd": 1.5038,
    "spearman": 0.4237,
    "spectral_loss": 0.0
}
                              
                              
----------------------------------------
Epoch 038 with LR 0.000208: Model Results
----------------------------------------
Train MSE Loss: 1.2684, Train CLS Loss: 0.0000, Train MCLS Loss: 0.0000
Protein Cluster Region Loss - Ortho Loss: 0.0000, Cluster Loss: 0.0000
                              
Validation Results: {
    "ci": 0.6754,
    "classification_loss": 0.0,
    "cluster_loss": 0.0,
    "mae": 1.3836,
    "mse": 3.3525,
    "multiclassification_loss": 0.0,
    "ortho_loss": 0.0,
    "pearson": 0.5161,
    "regression_loss": 3.3511,
    "rm2": 0.2309,
    "rmse": 1.831,
    "sd": 1.5555,
    "spearman": 0.4967,
    "spectral_loss": 0.0
}
                              
Test Results: {
    "ci": 0.6484,
    "classification_loss": 0.0,
    "cluster_loss": 0.0,
    "mae": 1.1914,
    "mse": 2.3749,
    "multiclassification_loss": 0.0,
    "ortho_loss": 0.0,
    "pearson": 0.4532,
    "regression_loss": 2.3732,
    "rm2": 0.1859,
    "rmse": 1.5411,
    "sd": 1.5038,
    "spearman": 0.4237,
    "spectral_loss": 0.0
}
                              
                              
----------------------------------------
Epoch 039 with LR 0.000203: Model Results
----------------------------------------
Train MSE Loss: 1.2931, Train CLS Loss: 0.0000, Train MCLS Loss: 0.0000
Protein Cluster Region Loss - Ortho Loss: 0.0000, Cluster Loss: 0.0000
                              
Validation Results: {
    "ci": 0.6783,
    "classification_loss": 0.0,
    "cluster_loss": 0.0,
    "mae": 1.2126,
    "mse": 2.5143,
    "multiclassification_loss": 0.0,
    "ortho_loss": 0.0,
    "pearson": 0.5361,
    "regression_loss": 2.561,
    "rm2": 0.2552,
    "rmse": 1.5857,
    "sd": 1.5331,
    "spearman": 0.5069,
    "spectral_loss": 0.0
}
                              
Test Results: {
    "ci": 0.6484,
    "classification_loss": 0.0,
    "cluster_loss": 0.0,
    "mae": 1.1914,
    "mse": 2.3749,
    "multiclassification_loss": 0.0,
    "ortho_loss": 0.0,
    "pearson": 0.4532,
    "regression_loss": 2.3732,
    "rm2": 0.1859,
    "rmse": 1.5411,
    "sd": 1.5038,
    "spearman": 0.4237,
    "spectral_loss": 0.0
}
                              
                              
----------------------------------------
Epoch 040 with LR 0.000199: Model Results
----------------------------------------
Train MSE Loss: 1.3175, Train CLS Loss: 0.0000, Train MCLS Loss: 0.0000
Protein Cluster Region Loss - Ortho Loss: 0.0000, Cluster Loss: 0.0000
                              
Validation Results: {
    "ci": 0.6718,
    "classification_loss": 0.0,
    "cluster_loss": 0.0,
    "mae": 1.2491,
    "mse": 2.6953,
    "multiclassification_loss": 0.0,
    "ortho_loss": 0.0,
    "pearson": 0.5181,
    "regression_loss": 2.7443,
    "rm2": 0.2301,
    "rmse": 1.6417,
    "sd": 1.5533,
    "spearman": 0.4894,
    "spectral_loss": 0.0
}
                              
Test Results: {
    "ci": 0.6484,
    "classification_loss": 0.0,
    "cluster_loss": 0.0,
    "mae": 1.1914,
    "mse": 2.3749,
    "multiclassification_loss": 0.0,
    "ortho_loss": 0.0,
    "pearson": 0.4532,
    "regression_loss": 2.3732,
    "rm2": 0.1859,
    "rmse": 1.5411,
    "sd": 1.5038,
    "spearman": 0.4237,
    "spectral_loss": 0.0
}
                              
                              
----------------------------------------
Epoch 041 with LR 0.000194: Model Results
----------------------------------------
Train MSE Loss: 1.2919, Train CLS Loss: 0.0000, Train MCLS Loss: 0.0000
Protein Cluster Region Loss - Ortho Loss: 0.0000, Cluster Loss: 0.0000
                              
Validation Results: {
    "ci": 0.677,
    "classification_loss": 0.0,
    "cluster_loss": 0.0,
    "mae": 1.3084,
    "mse": 3.0155,
    "multiclassification_loss": 0.0,
    "ortho_loss": 0.0,
    "pearson": 0.5213,
    "regression_loss": 3.0374,
    "rm2": 0.2341,
    "rmse": 1.7365,
    "sd": 1.5498,
    "spearman": 0.5035,
    "spectral_loss": 0.0
}
                              
Test Results: {
    "ci": 0.6484,
    "classification_loss": 0.0,
    "cluster_loss": 0.0,
    "mae": 1.1914,
    "mse": 2.3749,
    "multiclassification_loss": 0.0,
    "ortho_loss": 0.0,
    "pearson": 0.4532,
    "regression_loss": 2.3732,
    "rm2": 0.1859,
    "rmse": 1.5411,
    "sd": 1.5038,
    "spearman": 0.4237,
    "spectral_loss": 0.0
}
                              
                              
----------------------------------------
Epoch 042 with LR 0.000190: Model Results
----------------------------------------
Train MSE Loss: 1.2407, Train CLS Loss: 0.0000, Train MCLS Loss: 0.0000
Protein Cluster Region Loss - Ortho Loss: 0.0000, Cluster Loss: 0.0000
                              
Validation Results: {
    "ci": 0.6778,
    "classification_loss": 0.0,
    "cluster_loss": 0.0,
    "mae": 1.244,
    "mse": 2.6802,
    "multiclassification_loss": 0.0,
    "ortho_loss": 0.0,
    "pearson": 0.5298,
    "regression_loss": 2.7445,
    "rm2": 0.2345,
    "rmse": 1.6371,
    "sd": 1.5403,
    "spearman": 0.5072,
    "spectral_loss": 0.0
}
                              
Test Results: {
    "ci": 0.6484,
    "classification_loss": 0.0,
    "cluster_loss": 0.0,
    "mae": 1.1914,
    "mse": 2.3749,
    "multiclassification_loss": 0.0,
    "ortho_loss": 0.0,
    "pearson": 0.4532,
    "regression_loss": 2.3732,
    "rm2": 0.1859,
    "rmse": 1.5411,
    "sd": 1.5038,
    "spearman": 0.4237,
    "spectral_loss": 0.0
}
                              
                              
----------------------------------------
Epoch 043 with LR 0.000185: Model Results
----------------------------------------
Train MSE Loss: 1.2359, Train CLS Loss: 0.0000, Train MCLS Loss: 0.0000
Protein Cluster Region Loss - Ortho Loss: 0.0000, Cluster Loss: 0.0000
                              
Validation Results: {
    "ci": 0.6788,
    "classification_loss": 0.0,
    "cluster_loss": 0.0,
    "mae": 1.332,
    "mse": 2.9555,
    "multiclassification_loss": 0.0,
    "ortho_loss": 0.0,
    "pearson": 0.5301,
    "regression_loss": 3.0049,
    "rm2": 0.2136,
    "rmse": 1.7191,
    "sd": 1.54,
    "spearman": 0.5092,
    "spectral_loss": 0.0
}
                              
Test Results: {
    "ci": 0.6484,
    "classification_loss": 0.0,
    "cluster_loss": 0.0,
    "mae": 1.1914,
    "mse": 2.3749,
    "multiclassification_loss": 0.0,
    "ortho_loss": 0.0,
    "pearson": 0.4532,
    "regression_loss": 2.3732,
    "rm2": 0.1859,
    "rmse": 1.5411,
    "sd": 1.5038,
    "spearman": 0.4237,
    "spectral_loss": 0.0
}
                              
                              
----------------------------------------
Epoch 044 with LR 0.000181: Model Results
----------------------------------------
Train MSE Loss: 1.2214, Train CLS Loss: 0.0000, Train MCLS Loss: 0.0000
Protein Cluster Region Loss - Ortho Loss: 0.0000, Cluster Loss: 0.0000
                              
Validation Results: {
    "ci": 0.6811,
    "classification_loss": 0.0,
    "cluster_loss": 0.0,
    "mae": 1.2507,
    "mse": 2.7423,
    "multiclassification_loss": 0.0,
    "ortho_loss": 0.0,
    "pearson": 0.5402,
    "regression_loss": 2.7665,
    "rm2": 0.261,
    "rmse": 1.656,
    "sd": 1.5283,
    "spearman": 0.5142,
    "spectral_loss": 0.0
}
                              
Test Results: {
    "ci": 0.6484,
    "classification_loss": 0.0,
    "cluster_loss": 0.0,
    "mae": 1.1914,
    "mse": 2.3749,
    "multiclassification_loss": 0.0,
    "ortho_loss": 0.0,
    "pearson": 0.4532,
    "regression_loss": 2.3732,
    "rm2": 0.1859,
    "rmse": 1.5411,
    "sd": 1.5038,
    "spearman": 0.4237,
    "spectral_loss": 0.0
}
                              
                              
----------------------------------------
Epoch 045 with LR 0.000176: Model Results
----------------------------------------
Train MSE Loss: 1.2234, Train CLS Loss: 0.0000, Train MCLS Loss: 0.0000
Protein Cluster Region Loss - Ortho Loss: 0.0000, Cluster Loss: 0.0000
                              
Validation Results: {
    "ci": 0.6828,
    "classification_loss": 0.0,
    "cluster_loss": 0.0,
    "mae": 1.3639,
    "mse": 3.0871,
    "multiclassification_loss": 0.0,
    "ortho_loss": 0.0,
    "pearson": 0.5358,
    "regression_loss": 3.1922,
    "rm2": 0.2097,
    "rmse": 1.757,
    "sd": 1.5333,
    "spearman": 0.5198,
    "spectral_loss": 0.0
}
                              
Test Results: {
    "ci": 0.6484,
    "classification_loss": 0.0,
    "cluster_loss": 0.0,
    "mae": 1.1914,
    "mse": 2.3749,
    "multiclassification_loss": 0.0,
    "ortho_loss": 0.0,
    "pearson": 0.4532,
    "regression_loss": 2.3732,
    "rm2": 0.1859,
    "rmse": 1.5411,
    "sd": 1.5038,
    "spearman": 0.4237,
    "spectral_loss": 0.0
}
                              
                              
----------------------------------------
Epoch 046 with LR 0.000171: Model Results
----------------------------------------
Train MSE Loss: 1.1917, Train CLS Loss: 0.0000, Train MCLS Loss: 0.0000
Protein Cluster Region Loss - Ortho Loss: 0.0000, Cluster Loss: 0.0000
                              
Validation Results: {
    "ci": 0.6396,
    "classification_loss": 0.0,
    "cluster_loss": 0.0,
    "mae": 1.6692,
    "mse": 4.5286,
    "multiclassification_loss": 0.0,
    "ortho_loss": 0.0,
    "pearson": 0.4316,
    "regression_loss": 4.483,
    "rm2": 0.182,
    "rmse": 2.1281,
    "sd": 1.6382,
    "spearman": 0.4057,
    "spectral_loss": 0.0
}
                              
Test Results: {
    "ci": 0.6484,
    "classification_loss": 0.0,
    "cluster_loss": 0.0,
    "mae": 1.1914,
    "mse": 2.3749,
    "multiclassification_loss": 0.0,
    "ortho_loss": 0.0,
    "pearson": 0.4532,
    "regression_loss": 2.3732,
    "rm2": 0.1859,
    "rmse": 1.5411,
    "sd": 1.5038,
    "spearman": 0.4237,
    "spectral_loss": 0.0
}
                              
                              
----------------------------------------
Epoch 047 with LR 0.000167: Model Results
----------------------------------------
Train MSE Loss: 1.3564, Train CLS Loss: 0.0000, Train MCLS Loss: 0.0000
Protein Cluster Region Loss - Ortho Loss: 0.0000, Cluster Loss: 0.0000
                              
Validation Results: {
    "ci": 0.6757,
    "classification_loss": 0.0,
    "cluster_loss": 0.0,
    "mae": 1.2464,
    "mse": 2.6637,
    "multiclassification_loss": 0.0,
    "ortho_loss": 0.0,
    "pearson": 0.5296,
    "regression_loss": 2.6734,
    "rm2": 0.2688,
    "rmse": 1.6321,
    "sd": 1.5405,
    "spearman": 0.5007,
    "spectral_loss": 0.0
}
                              
Test Results: {
    "ci": 0.6484,
    "classification_loss": 0.0,
    "cluster_loss": 0.0,
    "mae": 1.1914,
    "mse": 2.3749,
    "multiclassification_loss": 0.0,
    "ortho_loss": 0.0,
    "pearson": 0.4532,
    "regression_loss": 2.3732,
    "rm2": 0.1859,
    "rmse": 1.5411,
    "sd": 1.5038,
    "spearman": 0.4237,
    "spectral_loss": 0.0
}
                              
                              
----------------------------------------
Epoch 048 with LR 0.000162: Model Results
----------------------------------------
Train MSE Loss: 1.2684, Train CLS Loss: 0.0000, Train MCLS Loss: 0.0000
Protein Cluster Region Loss - Ortho Loss: 0.0000, Cluster Loss: 0.0000
                              
Validation Results: {
    "ci": 0.6531,
    "classification_loss": 0.0,
    "cluster_loss": 0.0,
    "mae": 1.4971,
    "mse": 3.7032,
    "multiclassification_loss": 0.0,
    "ortho_loss": 0.0,
    "pearson": 0.479,
    "regression_loss": 3.6693,
    "rm2": 0.2102,
    "rmse": 1.9244,
    "sd": 1.5942,
    "spearman": 0.4418,
    "spectral_loss": 0.0
}
                              
Test Results: {
    "ci": 0.6484,
    "classification_loss": 0.0,
    "cluster_loss": 0.0,
    "mae": 1.1914,
    "mse": 2.3749,
    "multiclassification_loss": 0.0,
    "ortho_loss": 0.0,
    "pearson": 0.4532,
    "regression_loss": 2.3732,
    "rm2": 0.1859,
    "rmse": 1.5411,
    "sd": 1.5038,
    "spearman": 0.4237,
    "spectral_loss": 0.0
}
                              
                              
----------------------------------------
Epoch 049 with LR 0.000157: Model Results
----------------------------------------
Train MSE Loss: 1.2171, Train CLS Loss: 0.0000, Train MCLS Loss: 0.0000
Protein Cluster Region Loss - Ortho Loss: 0.0000, Cluster Loss: 0.0000
                              
Validation Results: {
    "ci": 0.6731,
    "classification_loss": 0.0,
    "cluster_loss": 0.0,
    "mae": 1.2341,
    "mse": 2.6188,
    "multiclassification_loss": 0.0,
    "ortho_loss": 0.0,
    "pearson": 0.514,
    "regression_loss": 2.6645,
    "rm2": 0.2266,
    "rmse": 1.6183,
    "sd": 1.5578,
    "spearman": 0.4946,
    "spectral_loss": 0.0
}
                              
Test Results: {
    "ci": 0.6484,
    "classification_loss": 0.0,
    "cluster_loss": 0.0,
    "mae": 1.1914,
    "mse": 2.3749,
    "multiclassification_loss": 0.0,
    "ortho_loss": 0.0,
    "pearson": 0.4532,
    "regression_loss": 2.3732,
    "rm2": 0.1859,
    "rmse": 1.5411,
    "sd": 1.5038,
    "spearman": 0.4237,
    "spectral_loss": 0.0
}
                              
                              
----------------------------------------
Epoch 050 with LR 0.000152: Model Results
----------------------------------------
Train MSE Loss: 1.2092, Train CLS Loss: 0.0000, Train MCLS Loss: 0.0000
Protein Cluster Region Loss - Ortho Loss: 0.0000, Cluster Loss: 0.0000
                              
Validation Results: {
    "ci": 0.6818,
    "classification_loss": 0.0,
    "cluster_loss": 0.0,
    "mae": 1.2282,
    "mse": 2.6274,
    "multiclassification_loss": 0.0,
    "ortho_loss": 0.0,
    "pearson": 0.5321,
    "regression_loss": 2.6525,
    "rm2": 0.2427,
    "rmse": 1.6209,
    "sd": 1.5376,
    "spearman": 0.5156,
    "spectral_loss": 0.0
}
                              
Test Results: {
    "ci": 0.6484,
    "classification_loss": 0.0,
    "cluster_loss": 0.0,
    "mae": 1.1914,
    "mse": 2.3749,
    "multiclassification_loss": 0.0,
    "ortho_loss": 0.0,
    "pearson": 0.4532,
    "regression_loss": 2.3732,
    "rm2": 0.1859,
    "rmse": 1.5411,
    "sd": 1.5038,
    "spearman": 0.4237,
    "spectral_loss": 0.0
}
                              
                              
----------------------------------------
Epoch 051 with LR 0.000148: Model Results
----------------------------------------
Train MSE Loss: 1.2149, Train CLS Loss: 0.0000, Train MCLS Loss: 0.0000
Protein Cluster Region Loss - Ortho Loss: 0.0000, Cluster Loss: 0.0000
                              
Validation Results: {
    "ci": 0.6806,
    "classification_loss": 0.0,
    "cluster_loss": 0.0,
    "mae": 1.2168,
    "mse": 2.5672,
    "multiclassification_loss": 0.0,
    "ortho_loss": 0.0,
    "pearson": 0.5299,
    "regression_loss": 2.5876,
    "rm2": 0.2667,
    "rmse": 1.6023,
    "sd": 1.5402,
    "spearman": 0.5129,
    "spectral_loss": 0.0
}
                              
Test Results: {
    "ci": 0.6484,
    "classification_loss": 0.0,
    "cluster_loss": 0.0,
    "mae": 1.1914,
    "mse": 2.3749,
    "multiclassification_loss": 0.0,
    "ortho_loss": 0.0,
    "pearson": 0.4532,
    "regression_loss": 2.3732,
    "rm2": 0.1859,
    "rmse": 1.5411,
    "sd": 1.5038,
    "spearman": 0.4237,
    "spectral_loss": 0.0
}
                              
                              
----------------------------------------
Epoch 052 with LR 0.000143: Model Results
----------------------------------------
Train MSE Loss: 1.2101, Train CLS Loss: 0.0000, Train MCLS Loss: 0.0000
Protein Cluster Region Loss - Ortho Loss: 0.0000, Cluster Loss: 0.0000
                              
Validation Results: {
    "ci": 0.6742,
    "classification_loss": 0.0,
    "cluster_loss": 0.0,
    "mae": 1.372,
    "mse": 3.1027,
    "multiclassification_loss": 0.0,
    "ortho_loss": 0.0,
    "pearson": 0.5128,
    "regression_loss": 3.1752,
    "rm2": 0.1995,
    "rmse": 1.7615,
    "sd": 1.5591,
    "spearman": 0.4996,
    "spectral_loss": 0.0
}
                              
Test Results: {
    "ci": 0.6484,
    "classification_loss": 0.0,
    "cluster_loss": 0.0,
    "mae": 1.1914,
    "mse": 2.3749,
    "multiclassification_loss": 0.0,
    "ortho_loss": 0.0,
    "pearson": 0.4532,
    "regression_loss": 2.3732,
    "rm2": 0.1859,
    "rmse": 1.5411,
    "sd": 1.5038,
    "spearman": 0.4237,
    "spectral_loss": 0.0
}
                              
                              
----------------------------------------
Epoch 053 with LR 0.000138: Model Results
----------------------------------------
Train MSE Loss: 1.1753, Train CLS Loss: 0.0000, Train MCLS Loss: 0.0000
Protein Cluster Region Loss - Ortho Loss: 0.0000, Cluster Loss: 0.0000
                              
Validation Results: {
    "ci": 0.6829,
    "classification_loss": 0.0,
    "cluster_loss": 0.0,
    "mae": 1.1758,
    "mse": 2.3852,
    "multiclassification_loss": 0.0,
    "ortho_loss": 0.0,
    "pearson": 0.5415,
    "regression_loss": 2.4226,
    "rm2": 0.2732,
    "rmse": 1.5444,
    "sd": 1.5268,
    "spearman": 0.5199,
    "spectral_loss": 0.0
}
                              
Test Results: {
    "ci": 0.6402,
    "classification_loss": 0.0,
    "cluster_loss": 0.0,
    "mae": 1.2103,
    "mse": 2.5015,
    "multiclassification_loss": 0.0,
    "ortho_loss": 0.0,
    "pearson": 0.4271,
    "regression_loss": 2.5062,
    "rm2": 0.1707,
    "rmse": 1.5816,
    "sd": 1.5254,
    "spearman": 0.4006,
    "spectral_loss": 0.0
}
                              
                              
----------------------------------------
Epoch 054 with LR 0.000134: Model Results
----------------------------------------
Train MSE Loss: 1.1645, Train CLS Loss: 0.0000, Train MCLS Loss: 0.0000
Protein Cluster Region Loss - Ortho Loss: 0.0000, Cluster Loss: 0.0000
                              
Validation Results: {
    "ci": 0.6822,
    "classification_loss": 0.0,
    "cluster_loss": 0.0,
    "mae": 1.4157,
    "mse": 3.3738,
    "multiclassification_loss": 0.0,
    "ortho_loss": 0.0,
    "pearson": 0.5382,
    "regression_loss": 3.4526,
    "rm2": 0.2132,
    "rmse": 1.8368,
    "sd": 1.5307,
    "spearman": 0.5177,
    "spectral_loss": 0.0
}
                              
Test Results: {
    "ci": 0.6402,
    "classification_loss": 0.0,
    "cluster_loss": 0.0,
    "mae": 1.2103,
    "mse": 2.5015,
    "multiclassification_loss": 0.0,
    "ortho_loss": 0.0,
    "pearson": 0.4271,
    "regression_loss": 2.5062,
    "rm2": 0.1707,
    "rmse": 1.5816,
    "sd": 1.5254,
    "spearman": 0.4006,
    "spectral_loss": 0.0
}
                              
                              
----------------------------------------
Epoch 055 with LR 0.000129: Model Results
----------------------------------------
Train MSE Loss: 1.1461, Train CLS Loss: 0.0000, Train MCLS Loss: 0.0000
Protein Cluster Region Loss - Ortho Loss: 0.0000, Cluster Loss: 0.0000
                              
Validation Results: {
    "ci": 0.6773,
    "classification_loss": 0.0,
    "cluster_loss": 0.0,
    "mae": 1.2055,
    "mse": 2.5405,
    "multiclassification_loss": 0.0,
    "ortho_loss": 0.0,
    "pearson": 0.5245,
    "regression_loss": 2.5752,
    "rm2": 0.2515,
    "rmse": 1.5939,
    "sd": 1.5462,
    "spearman": 0.5038,
    "spectral_loss": 0.0
}
                              
Test Results: {
    "ci": 0.6402,
    "classification_loss": 0.0,
    "cluster_loss": 0.0,
    "mae": 1.2103,
    "mse": 2.5015,
    "multiclassification_loss": 0.0,
    "ortho_loss": 0.0,
    "pearson": 0.4271,
    "regression_loss": 2.5062,
    "rm2": 0.1707,
    "rmse": 1.5816,
    "sd": 1.5254,
    "spearman": 0.4006,
    "spectral_loss": 0.0
}
                              
                              
----------------------------------------
Epoch 056 with LR 0.000124: Model Results
----------------------------------------
Train MSE Loss: 1.1213, Train CLS Loss: 0.0000, Train MCLS Loss: 0.0000
Protein Cluster Region Loss - Ortho Loss: 0.0000, Cluster Loss: 0.0000
                              
Validation Results: {
    "ci": 0.6783,
    "classification_loss": 0.0,
    "cluster_loss": 0.0,
    "mae": 1.2858,
    "mse": 2.9106,
    "multiclassification_loss": 0.0,
    "ortho_loss": 0.0,
    "pearson": 0.5219,
    "regression_loss": 2.9378,
    "rm2": 0.2223,
    "rmse": 1.706,
    "sd": 1.5491,
    "spearman": 0.5046,
    "spectral_loss": 0.0
}
                              
Test Results: {
    "ci": 0.6402,
    "classification_loss": 0.0,
    "cluster_loss": 0.0,
    "mae": 1.2103,
    "mse": 2.5015,
    "multiclassification_loss": 0.0,
    "ortho_loss": 0.0,
    "pearson": 0.4271,
    "regression_loss": 2.5062,
    "rm2": 0.1707,
    "rmse": 1.5816,
    "sd": 1.5254,
    "spearman": 0.4006,
    "spectral_loss": 0.0
}
                              
                              
----------------------------------------
Epoch 057 with LR 0.000120: Model Results
----------------------------------------
Train MSE Loss: 1.1811, Train CLS Loss: 0.0000, Train MCLS Loss: 0.0000
Protein Cluster Region Loss - Ortho Loss: 0.0000, Cluster Loss: 0.0000
                              
Validation Results: {
    "ci": 0.676,
    "classification_loss": 0.0,
    "cluster_loss": 0.0,
    "mae": 1.317,
    "mse": 2.9713,
    "multiclassification_loss": 0.0,
    "ortho_loss": 0.0,
    "pearson": 0.5142,
    "regression_loss": 3.0227,
    "rm2": 0.2143,
    "rmse": 1.7238,
    "sd": 1.5576,
    "spearman": 0.501,
    "spectral_loss": 0.0
}
                              
Test Results: {
    "ci": 0.6402,
    "classification_loss": 0.0,
    "cluster_loss": 0.0,
    "mae": 1.2103,
    "mse": 2.5015,
    "multiclassification_loss": 0.0,
    "ortho_loss": 0.0,
    "pearson": 0.4271,
    "regression_loss": 2.5062,
    "rm2": 0.1707,
    "rmse": 1.5816,
    "sd": 1.5254,
    "spearman": 0.4006,
    "spectral_loss": 0.0
}
                              
                              
----------------------------------------
Epoch 058 with LR 0.000115: Model Results
----------------------------------------
Train MSE Loss: 1.1355, Train CLS Loss: 0.0000, Train MCLS Loss: 0.0000
Protein Cluster Region Loss - Ortho Loss: 0.0000, Cluster Loss: 0.0000
                              
Validation Results: {
    "ci": 0.6778,
    "classification_loss": 0.0,
    "cluster_loss": 0.0,
    "mae": 1.243,
    "mse": 2.7168,
    "multiclassification_loss": 0.0,
    "ortho_loss": 0.0,
    "pearson": 0.5275,
    "regression_loss": 2.7585,
    "rm2": 0.2379,
    "rmse": 1.6483,
    "sd": 1.5429,
    "spearman": 0.5049,
    "spectral_loss": 0.0
}
                              
Test Results: {
    "ci": 0.6402,
    "classification_loss": 0.0,
    "cluster_loss": 0.0,
    "mae": 1.2103,
    "mse": 2.5015,
    "multiclassification_loss": 0.0,
    "ortho_loss": 0.0,
    "pearson": 0.4271,
    "regression_loss": 2.5062,
    "rm2": 0.1707,
    "rmse": 1.5816,
    "sd": 1.5254,
    "spearman": 0.4006,
    "spectral_loss": 0.0
}
                              
                              
----------------------------------------
Epoch 059 with LR 0.000110: Model Results
----------------------------------------
Train MSE Loss: 1.0989, Train CLS Loss: 0.0000, Train MCLS Loss: 0.0000
Protein Cluster Region Loss - Ortho Loss: 0.0000, Cluster Loss: 0.0000
                              
Validation Results: {
    "ci": 0.6836,
    "classification_loss": 0.0,
    "cluster_loss": 0.0,
    "mae": 1.2878,
    "mse": 2.8884,
    "multiclassification_loss": 0.0,
    "ortho_loss": 0.0,
    "pearson": 0.5412,
    "regression_loss": 2.9247,
    "rm2": 0.2568,
    "rmse": 1.6995,
    "sd": 1.5271,
    "spearman": 0.5202,
    "spectral_loss": 0.0
}
                              
Test Results: {
    "ci": 0.6402,
    "classification_loss": 0.0,
    "cluster_loss": 0.0,
    "mae": 1.2103,
    "mse": 2.5015,
    "multiclassification_loss": 0.0,
    "ortho_loss": 0.0,
    "pearson": 0.4271,
    "regression_loss": 2.5062,
    "rm2": 0.1707,
    "rmse": 1.5816,
    "sd": 1.5254,
    "spearman": 0.4006,
    "spectral_loss": 0.0
}
                              
                              
----------------------------------------
Epoch 060 with LR 0.000106: Model Results
----------------------------------------
Train MSE Loss: 1.1023, Train CLS Loss: 0.0000, Train MCLS Loss: 0.0000
Protein Cluster Region Loss - Ortho Loss: 0.0000, Cluster Loss: 0.0000
                              
Validation Results: {
    "ci": 0.6792,
    "classification_loss": 0.0,
    "cluster_loss": 0.0,
    "mae": 1.2615,
    "mse": 2.7906,
    "multiclassification_loss": 0.0,
    "ortho_loss": 0.0,
    "pearson": 0.5266,
    "regression_loss": 2.8255,
    "rm2": 0.2332,
    "rmse": 1.6705,
    "sd": 1.5438,
    "spearman": 0.5084,
    "spectral_loss": 0.0
}
                              
Test Results: {
    "ci": 0.6402,
    "classification_loss": 0.0,
    "cluster_loss": 0.0,
    "mae": 1.2103,
    "mse": 2.5015,
    "multiclassification_loss": 0.0,
    "ortho_loss": 0.0,
    "pearson": 0.4271,
    "regression_loss": 2.5062,
    "rm2": 0.1707,
    "rmse": 1.5816,
    "sd": 1.5254,
    "spearman": 0.4006,
    "spectral_loss": 0.0
}
                              
                              
----------------------------------------
Epoch 061 with LR 0.000101: Model Results
----------------------------------------
Train MSE Loss: 1.0994, Train CLS Loss: 0.0000, Train MCLS Loss: 0.0000
Protein Cluster Region Loss - Ortho Loss: 0.0000, Cluster Loss: 0.0000
                              
Validation Results: {
    "ci": 0.6776,
    "classification_loss": 0.0,
    "cluster_loss": 0.0,
    "mae": 1.3063,
    "mse": 2.902,
    "multiclassification_loss": 0.0,
    "ortho_loss": 0.0,
    "pearson": 0.5244,
    "regression_loss": 2.9545,
    "rm2": 0.211,
    "rmse": 1.7035,
    "sd": 1.5463,
    "spearman": 0.5039,
    "spectral_loss": 0.0
}
                              
Test Results: {
    "ci": 0.6402,
    "classification_loss": 0.0,
    "cluster_loss": 0.0,
    "mae": 1.2103,
    "mse": 2.5015,
    "multiclassification_loss": 0.0,
    "ortho_loss": 0.0,
    "pearson": 0.4271,
    "regression_loss": 2.5062,
    "rm2": 0.1707,
    "rmse": 1.5816,
    "sd": 1.5254,
    "spearman": 0.4006,
    "spectral_loss": 0.0
}
                              
                              
----------------------------------------
Epoch 062 with LR 0.000097: Model Results
----------------------------------------
Train MSE Loss: 1.0832, Train CLS Loss: 0.0000, Train MCLS Loss: 0.0000
Protein Cluster Region Loss - Ortho Loss: 0.0000, Cluster Loss: 0.0000
                              
Validation Results: {
    "ci": 0.6837,
    "classification_loss": 0.0,
    "cluster_loss": 0.0,
    "mae": 1.3441,
    "mse": 3.1294,
    "multiclassification_loss": 0.0,
    "ortho_loss": 0.0,
    "pearson": 0.5328,
    "regression_loss": 3.1748,
    "rm2": 0.217,
    "rmse": 1.769,
    "sd": 1.5368,
    "spearman": 0.518,
    "spectral_loss": 0.0
}
                              
Test Results: {
    "ci": 0.6402,
    "classification_loss": 0.0,
    "cluster_loss": 0.0,
    "mae": 1.2103,
    "mse": 2.5015,
    "multiclassification_loss": 0.0,
    "ortho_loss": 0.0,
    "pearson": 0.4271,
    "regression_loss": 2.5062,
    "rm2": 0.1707,
    "rmse": 1.5816,
    "sd": 1.5254,
    "spearman": 0.4006,
    "spectral_loss": 0.0
}
                              
                              
----------------------------------------
Epoch 063 with LR 0.000092: Model Results
----------------------------------------
Train MSE Loss: 1.1490, Train CLS Loss: 0.0000, Train MCLS Loss: 0.0000
Protein Cluster Region Loss - Ortho Loss: 0.0000, Cluster Loss: 0.0000
                              
Validation Results: {
    "ci": 0.6753,
    "classification_loss": 0.0,
    "cluster_loss": 0.0,
    "mae": 1.4915,
    "mse": 3.898,
    "multiclassification_loss": 0.0,
    "ortho_loss": 0.0,
    "pearson": 0.4901,
    "regression_loss": 4.0372,
    "rm2": 0.1868,
    "rmse": 1.9743,
    "sd": 1.583,
    "spearman": 0.4998,
    "spectral_loss": 0.0
}
                              
Test Results: {
    "ci": 0.6402,
    "classification_loss": 0.0,
    "cluster_loss": 0.0,
    "mae": 1.2103,
    "mse": 2.5015,
    "multiclassification_loss": 0.0,
    "ortho_loss": 0.0,
    "pearson": 0.4271,
    "regression_loss": 2.5062,
    "rm2": 0.1707,
    "rmse": 1.5816,
    "sd": 1.5254,
    "spearman": 0.4006,
    "spectral_loss": 0.0
}
                              
                              
----------------------------------------
Epoch 064 with LR 0.000088: Model Results
----------------------------------------
Train MSE Loss: 1.1157, Train CLS Loss: 0.0000, Train MCLS Loss: 0.0000
Protein Cluster Region Loss - Ortho Loss: 0.0000, Cluster Loss: 0.0000
                              
Validation Results: {
    "ci": 0.66,
    "classification_loss": 0.0,
    "cluster_loss": 0.0,
    "mae": 1.7156,
    "mse": 4.9597,
    "multiclassification_loss": 0.0,
    "ortho_loss": 0.0,
    "pearson": 0.4561,
    "regression_loss": 5.2134,
    "rm2": 0.1675,
    "rmse": 2.227,
    "sd": 1.6162,
    "spearman": 0.4606,
    "spectral_loss": 0.0
}
                              
Test Results: {
    "ci": 0.6402,
    "classification_loss": 0.0,
    "cluster_loss": 0.0,
    "mae": 1.2103,
    "mse": 2.5015,
    "multiclassification_loss": 0.0,
    "ortho_loss": 0.0,
    "pearson": 0.4271,
    "regression_loss": 2.5062,
    "rm2": 0.1707,
    "rmse": 1.5816,
    "sd": 1.5254,
    "spearman": 0.4006,
    "spectral_loss": 0.0
}
                              
                              
----------------------------------------
Epoch 065 with LR 0.000084: Model Results
----------------------------------------
Train MSE Loss: 1.1405, Train CLS Loss: 0.0000, Train MCLS Loss: 0.0000
Protein Cluster Region Loss - Ortho Loss: 0.0000, Cluster Loss: 0.0000
                              
Validation Results: {
    "ci": 0.6667,
    "classification_loss": 0.0,
    "cluster_loss": 0.0,
    "mae": 1.6815,
    "mse": 4.9867,
    "multiclassification_loss": 0.0,
    "ortho_loss": 0.0,
    "pearson": 0.4787,
    "regression_loss": 5.2082,
    "rm2": 0.1783,
    "rmse": 2.2331,
    "sd": 1.5945,
    "spearman": 0.4725,
    "spectral_loss": 0.0
}
                              
Test Results: {
    "ci": 0.6402,
    "classification_loss": 0.0,
    "cluster_loss": 0.0,
    "mae": 1.2103,
    "mse": 2.5015,
    "multiclassification_loss": 0.0,
    "ortho_loss": 0.0,
    "pearson": 0.4271,
    "regression_loss": 2.5062,
    "rm2": 0.1707,
    "rmse": 1.5816,
    "sd": 1.5254,
    "spearman": 0.4006,
    "spectral_loss": 0.0
}
                              
                              
----------------------------------------
Epoch 066 with LR 0.000080: Model Results
----------------------------------------
Train MSE Loss: 1.1835, Train CLS Loss: 0.0000, Train MCLS Loss: 0.0000
Protein Cluster Region Loss - Ortho Loss: 0.0000, Cluster Loss: 0.0000
                              
Validation Results: {
    "ci": 0.6579,
    "classification_loss": 0.0,
    "cluster_loss": 0.0,
    "mae": 1.4518,
    "mse": 3.4143,
    "multiclassification_loss": 0.0,
    "ortho_loss": 0.0,
    "pearson": 0.4708,
    "regression_loss": 3.5264,
    "rm2": 0.1726,
    "rmse": 1.8478,
    "sd": 1.6022,
    "spearman": 0.4534,
    "spectral_loss": 0.0
}
                              
Test Results: {
    "ci": 0.6402,
    "classification_loss": 0.0,
    "cluster_loss": 0.0,
    "mae": 1.2103,
    "mse": 2.5015,
    "multiclassification_loss": 0.0,
    "ortho_loss": 0.0,
    "pearson": 0.4271,
    "regression_loss": 2.5062,
    "rm2": 0.1707,
    "rmse": 1.5816,
    "sd": 1.5254,
    "spearman": 0.4006,
    "spectral_loss": 0.0
}
                              
                              
----------------------------------------
Epoch 067 with LR 0.000076: Model Results
----------------------------------------
Train MSE Loss: 1.1853, Train CLS Loss: 0.0000, Train MCLS Loss: 0.0000
Protein Cluster Region Loss - Ortho Loss: 0.0000, Cluster Loss: 0.0000
                              
Validation Results: {
    "ci": 0.6672,
    "classification_loss": 0.0,
    "cluster_loss": 0.0,
    "mae": 1.3902,
    "mse": 3.2782,
    "multiclassification_loss": 0.0,
    "ortho_loss": 0.0,
    "pearson": 0.4968,
    "regression_loss": 3.3896,
    "rm2": 0.1901,
    "rmse": 1.8106,
    "sd": 1.5761,
    "spearman": 0.4767,
    "spectral_loss": 0.0
}
                              
Test Results: {
    "ci": 0.6402,
    "classification_loss": 0.0,
    "cluster_loss": 0.0,
    "mae": 1.2103,
    "mse": 2.5015,
    "multiclassification_loss": 0.0,
    "ortho_loss": 0.0,
    "pearson": 0.4271,
    "regression_loss": 2.5062,
    "rm2": 0.1707,
    "rmse": 1.5816,
    "sd": 1.5254,
    "spearman": 0.4006,
    "spectral_loss": 0.0
}
                              
                              
----------------------------------------
Epoch 068 with LR 0.000071: Model Results
----------------------------------------
Train MSE Loss: 1.1561, Train CLS Loss: 0.0000, Train MCLS Loss: 0.0000
Protein Cluster Region Loss - Ortho Loss: 0.0000, Cluster Loss: 0.0000
                              
Validation Results: {
    "ci": 0.6746,
    "classification_loss": 0.0,
    "cluster_loss": 0.0,
    "mae": 1.4773,
    "mse": 3.7333,
    "multiclassification_loss": 0.0,
    "ortho_loss": 0.0,
    "pearson": 0.5138,
    "regression_loss": 3.889,
    "rm2": 0.1956,
    "rmse": 1.9322,
    "sd": 1.558,
    "spearman": 0.4924,
    "spectral_loss": 0.0
}
                              
Test Results: {
    "ci": 0.6402,
    "classification_loss": 0.0,
    "cluster_loss": 0.0,
    "mae": 1.2103,
    "mse": 2.5015,
    "multiclassification_loss": 0.0,
    "ortho_loss": 0.0,
    "pearson": 0.4271,
    "regression_loss": 2.5062,
    "rm2": 0.1707,
    "rmse": 1.5816,
    "sd": 1.5254,
    "spearman": 0.4006,
    "spectral_loss": 0.0
}
                              
                              
----------------------------------------
Epoch 069 with LR 0.000067: Model Results
----------------------------------------
Train MSE Loss: 1.1438, Train CLS Loss: 0.0000, Train MCLS Loss: 0.0000
Protein Cluster Region Loss - Ortho Loss: 0.0000, Cluster Loss: 0.0000
                              
Validation Results: {
    "ci": 0.6753,
    "classification_loss": 0.0,
    "cluster_loss": 0.0,
    "mae": 1.3222,
    "mse": 2.9965,
    "multiclassification_loss": 0.0,
    "ortho_loss": 0.0,
    "pearson": 0.5177,
    "regression_loss": 3.0926,
    "rm2": 0.2089,
    "rmse": 1.731,
    "sd": 1.5537,
    "spearman": 0.4968,
    "spectral_loss": 0.0
}
                              
Test Results: {
    "ci": 0.6402,
    "classification_loss": 0.0,
    "cluster_loss": 0.0,
    "mae": 1.2103,
    "mse": 2.5015,
    "multiclassification_loss": 0.0,
    "ortho_loss": 0.0,
    "pearson": 0.4271,
    "regression_loss": 2.5062,
    "rm2": 0.1707,
    "rmse": 1.5816,
    "sd": 1.5254,
    "spearman": 0.4006,
    "spectral_loss": 0.0
}
                              
                              
----------------------------------------
Epoch 070 with LR 0.000064: Model Results
----------------------------------------
Train MSE Loss: 1.1370, Train CLS Loss: 0.0000, Train MCLS Loss: 0.0000
Protein Cluster Region Loss - Ortho Loss: 0.0000, Cluster Loss: 0.0000
                              
Validation Results: {
    "ci": 0.6756,
    "classification_loss": 0.0,
    "cluster_loss": 0.0,
    "mae": 1.3406,
    "mse": 3.1258,
    "multiclassification_loss": 0.0,
    "ortho_loss": 0.0,
    "pearson": 0.5151,
    "regression_loss": 3.1991,
    "rm2": 0.2065,
    "rmse": 1.768,
    "sd": 1.5566,
    "spearman": 0.4981,
    "spectral_loss": 0.0
}
                              
Test Results: {
    "ci": 0.6402,
    "classification_loss": 0.0,
    "cluster_loss": 0.0,
    "mae": 1.2103,
    "mse": 2.5015,
    "multiclassification_loss": 0.0,
    "ortho_loss": 0.0,
    "pearson": 0.4271,
    "regression_loss": 2.5062,
    "rm2": 0.1707,
    "rmse": 1.5816,
    "sd": 1.5254,
    "spearman": 0.4006,
    "spectral_loss": 0.0
}
                              
                              
----------------------------------------
Epoch 071 with LR 0.000060: Model Results
----------------------------------------
Train MSE Loss: 1.1382, Train CLS Loss: 0.0000, Train MCLS Loss: 0.0000
Protein Cluster Region Loss - Ortho Loss: 0.0000, Cluster Loss: 0.0000
                              
Validation Results: {
    "ci": 0.6677,
    "classification_loss": 0.0,
    "cluster_loss": 0.0,
    "mae": 1.3181,
    "mse": 2.953,
    "multiclassification_loss": 0.0,
    "ortho_loss": 0.0,
    "pearson": 0.5016,
    "regression_loss": 3.0223,
    "rm2": 0.2037,
    "rmse": 1.7184,
    "sd": 1.5711,
    "spearman": 0.4788,
    "spectral_loss": 0.0
}
                              
Test Results: {
    "ci": 0.6402,
    "classification_loss": 0.0,
    "cluster_loss": 0.0,
    "mae": 1.2103,
    "mse": 2.5015,
    "multiclassification_loss": 0.0,
    "ortho_loss": 0.0,
    "pearson": 0.4271,
    "regression_loss": 2.5062,
    "rm2": 0.1707,
    "rmse": 1.5816,
    "sd": 1.5254,
    "spearman": 0.4006,
    "spectral_loss": 0.0
}
                              
                              
----------------------------------------
Epoch 072 with LR 0.000056: Model Results
----------------------------------------
Train MSE Loss: 1.1191, Train CLS Loss: 0.0000, Train MCLS Loss: 0.0000
Protein Cluster Region Loss - Ortho Loss: 0.0000, Cluster Loss: 0.0000
                              
Validation Results: {
    "ci": 0.6604,
    "classification_loss": 0.0,
    "cluster_loss": 0.0,
    "mae": 1.9602,
    "mse": 6.1957,
    "multiclassification_loss": 0.0,
    "ortho_loss": 0.0,
    "pearson": 0.4716,
    "regression_loss": 6.4405,
    "rm2": 0.1807,
    "rmse": 2.4891,
    "sd": 1.6014,
    "spearman": 0.4594,
    "spectral_loss": 0.0
}
                              
Test Results: {
    "ci": 0.6402,
    "classification_loss": 0.0,
    "cluster_loss": 0.0,
    "mae": 1.2103,
    "mse": 2.5015,
    "multiclassification_loss": 0.0,
    "ortho_loss": 0.0,
    "pearson": 0.4271,
    "regression_loss": 2.5062,
    "rm2": 0.1707,
    "rmse": 1.5816,
    "sd": 1.5254,
    "spearman": 0.4006,
    "spectral_loss": 0.0
}
                              
                              
----------------------------------------
Epoch 073 with LR 0.000052: Model Results
----------------------------------------
Train MSE Loss: 1.1223, Train CLS Loss: 0.0000, Train MCLS Loss: 0.0000
Protein Cluster Region Loss - Ortho Loss: 0.0000, Cluster Loss: 0.0000
                              
Validation Results: {
    "ci": 0.6692,
    "classification_loss": 0.0,
    "cluster_loss": 0.0,
    "mae": 1.6912,
    "mse": 4.8321,
    "multiclassification_loss": 0.0,
    "ortho_loss": 0.0,
    "pearson": 0.49,
    "regression_loss": 5.0024,
    "rm2": 0.1852,
    "rmse": 2.1982,
    "sd": 1.5831,
    "spearman": 0.482,
    "spectral_loss": 0.0
}
                              
Test Results: {
    "ci": 0.6402,
    "classification_loss": 0.0,
    "cluster_loss": 0.0,
    "mae": 1.2103,
    "mse": 2.5015,
    "multiclassification_loss": 0.0,
    "ortho_loss": 0.0,
    "pearson": 0.4271,
    "regression_loss": 2.5062,
    "rm2": 0.1707,
    "rmse": 1.5816,
    "sd": 1.5254,
    "spearman": 0.4006,
    "spectral_loss": 0.0
}

Early stopping at epoch 73 (no improvement for 20 epochs)
[SWA] discarding averaged weights: rmse=1.8060482559262847 vs best per-epoch 1.5444
[best epoch] epoch=53, best_rmse=1.5444, lr_at_best=1.383e-04
                              
                              
----------------------------------------
Epoch 073 with LR 0.000052: Model Results
----------------------------------------
Train MSE Loss: 1.1223, Train CLS Loss: 0.0000, Train MCLS Loss: 0.0000
Protein Cluster Region Loss - Ortho Loss: 0.0000, Cluster Loss: 0.0000
                              
Validation Results: {
    "ci": 0.6692,
    "classification_loss": 0.0,
    "cluster_loss": 0.0,
    "mae": 1.6912,
    "mse": 4.8321,
    "multiclassification_loss": 0.0,
    "ortho_loss": 0.0,
    "pearson": 0.49,
    "regression_loss": 5.0024,
    "rm2": 0.1852,
    "rmse": 2.1982,
    "sd": 1.5831,
    "spearman": 0.482,
    "spectral_loss": 0.0
}
                              
Test Results: {
    "ci": 0.6402,
    "classification_loss": 0.0,
    "cluster_loss": 0.0,
    "mae": 1.2103,
    "mse": 2.5015,
    "multiclassification_loss": 0.0,
    "ortho_loss": 0.0,
    "pearson": 0.4271,
    "regression_loss": 2.5062,
    "rm2": 0.1707,
    "rmse": 1.5816,
    "sd": 1.5254,
    "spearman": 0.4006,
    "spectral_loss": 0.0
}
Final test metrics: rmse=1.5813, pearson=0.4269, r2_proxy(mse)=2.5005
Done. Predictions: /sc/arion/projects/DiseaseGeneCell/Huang_lab_project/wangcDrugRepoProject/TRACE_Kin_Results_v5t_transformer/EITLEM_dataset/EITLEM_kkm_MUTAPLM_embedding_cold_drug/test_prediction_seed1.csv; checkpoint: /sc/arion/projects/DiseaseGeneCell/Huang_lab_project/wangcDrugRepoProject/TRACE_Kin_Results_v5t_transformer/EITLEM_dataset/EITLEM_kkm_MUTAPLM_embedding_cold_drug/save_model_seed1/model.pt

==========================================
Array task 1/10: OK (EITLEM_kkm_MUTAPLM_embedding_cold_drug)
==========================================


PS:

Read file <243004104.1.stderr> for stderr output of this job.

