Sender: LSF System <lsfadmin@lg02e15>
Subject: Job 243258508[1]: <trace_kin_v6c_perfolder_s3[1-10]> in cluster <chimera> Done

Job <trace_kin_v6c_perfolder_s3[1-10]> was submitted from host <li04e03> by user <wangc40> in cluster <chimera> at Mon May 11 23:27:09 2026
Job was executed on host(s) <16*lg02e15>, in queue <gpu>, as user <wangc40> in cluster <chimera> at Mon May 11 23:27:14 2026
</hpc/users/wangc40> was used as the home directory.
</sc/arion/projects/DiseaseGeneCell/Huang_lab_project/wangcDrugRepoProject/TRACE-Kin> was used as the working directory.
Started at Mon May 11 23:27:14 2026
Terminated at Tue May 12 00:24:00 2026
Results reported at Tue May 12 00:24:00 2026

Your job looked like:

------------------------------------------------------------
# LSBATCH: User input
#!/bin/bash
#BSUB -J trace_kin_v6c_perfolder_s3[1-10]
#BSUB -P acc_DiseaseGeneCell
#BSUB -q gpu
#BSUB -R h100nvl
#BSUB -gpu num=1
#BSUB -n 16
#BSUB -R "rusage[mem=15000]"
#BSUB -R "span[hosts=1]"
#BSUB -W 48:00
#BSUB -o %J.%I.stdout
#BSUB -eo %J.%I.stderr
#BSUB -L /bin/bash

# =============================================================================
# TRACE-Kin v6c PER-FOLDER — seed 3
# =============================================================================

# --- Environment -------------------------------------------------------------
ml purge
source ~/.bashrc
module load anaconda3/2024.06
source activate test
module load cuda/12.4.0
export RAYON_NUM_THREADS=4
export PYTORCH_CUDA_ALLOC_CONF=expandable_segments:True
export PYTHONPATH="$PWD${PYTHONPATH:+:$PYTHONPATH}"

# --- Knobs (env overrides) ---------------------------------------------------
ENZYME_BASE="${ENZYME_BASE:-/sc/arion/projects/DiseaseGeneCell/Huang_lab_project/drug_discovery/output/data/enzyme_embeddings_dataset}"
RESULT_BASE="${RESULT_BASE:-/sc/arion/projects/DiseaseGeneCell/Huang_lab_project/wangcDrugRepoProject/TRACE_Kin_Results_v6c_pocket_graph}"
MOLFORMER_PATH="${MOLFORMER_PATH:-/sc/arion/projects/DiseaseGeneCell/Huang_lab_project/wangcDrugRepoProject/transformersmodels/ibm/MoLFormer-XL-both-10pct}"
CONFIG_PATH="${CONFIG_PATH:-training/config_v6c.json}"
EPOCHS="${EPOCHS:-100}"
BATCH_SIZE="${BATCH_SIZE:-32}"
SEED=3
LRATE="${LRATE:-3e-4}"

# --- Per-array-index table (10 cells, MUTAPLM embedding) ---------------------
JOBS=(
    "EITLEM_dataset|EITLEM_kkm_MUTAPLM_embedding_cold_drug|"
    "catpred_dataset|catpred_kcat_MUTAPLM_embedding_random|"
    "inhouse_dataset|inhouse_Kd_MUTAPLM_embedding_random|"
    "EITLEM_dataset|EITLEM_kkm_MUTAPLM_embedding_random|"
    "EITLEM_dataset|EITLEM_kcat_MUTAPLM_embedding_cold_drug|"
    "MPEK_dataset|MPEK_kcat_MUTAPLM_embedding_cold_protein|"
    "EITLEM_dataset|EITLEM_km_MUTAPLM_embedding_cold_protein|"
    "catpred_dataset|catpred_ki_MUTAPLM_embedding_cold_protein|"
    "EITLEM_dataset|EITLEM_kkm_MUTAPLM_embedding_cold_protein|"
    "EITLEM_dataset|EITLEM_kcat_MUTAPLM_embedding_cold_protein|"

(... more ...)
------------------------------------------------------------

Successfully completed.

Resource usage summary:

    CPU time :                                   3889.00 sec.
    Max Memory :                                 25801 MB
    Average Memory :                             24228.35 MB
    Total Requested Memory :                     240000.00 MB
    Delta Memory :                               214199.00 MB
    Max Swap :                                   -
    Max Processes :                              21
    Max Threads :                                53
    Run time :                                   3406 sec.
    Turnaround time :                            3411 sec.

The output (if any) follows:

==========================================
TRACE-Kin v6c PER-FOLDER task 1/10 (seed=3)
==========================================
Date:        Mon May 11 23:27:17 EDT 2026
Dataset:     /sc/arion/projects/DiseaseGeneCell/Huang_lab_project/drug_discovery/output/data/enzyme_embeddings_dataset/EITLEM_dataset/EITLEM_kkm_MUTAPLM_embedding_cold_drug
Result:      /sc/arion/projects/DiseaseGeneCell/Huang_lab_project/wangcDrugRepoProject/TRACE_Kin_Results_v6c_pocket_graph/EITLEM_dataset/EITLEM_kkm_MUTAPLM_embedding_cold_drug
Config:      training/config_v6c.json
Epochs:      100, batch=32, seed=3, lr=3e-4
==========================================
Python 3.12.2
CUDA device: NVIDIA H100 80GB HBM3, sm_90
============================================================
TRACE-Kin training
============================================================
Datafolder:        /sc/arion/projects/DiseaseGeneCell/Huang_lab_project/drug_discovery/output/data/enzyme_embeddings_dataset/EITLEM_dataset/EITLEM_kkm_MUTAPLM_embedding_cold_drug
Result path:       /sc/arion/projects/DiseaseGeneCell/Huang_lab_project/wangcDrugRepoProject/TRACE_Kin_Results_v6c_pocket_graph/EITLEM_dataset/EITLEM_kkm_MUTAPLM_embedding_cold_drug
Config:            training/config_v6c.json
Pool train CSVs:   (none)
============================================================
[mem] before load_split_dataframes             max RSS = 0.62 GB
Loading primary train (essential cols): /sc/arion/projects/DiseaseGeneCell/Huang_lab_project/drug_discovery/output/data/enzyme_embeddings_dataset/EITLEM_dataset/EITLEM_kkm_MUTAPLM_embedding_cold_drug/train.parquet
Loading primary test (essential cols): /sc/arion/projects/DiseaseGeneCell/Huang_lab_project/drug_discovery/output/data/enzyme_embeddings_dataset/EITLEM_dataset/EITLEM_kkm_MUTAPLM_embedding_cold_drug/test.parquet
Loading primary val (essential cols): /sc/arion/projects/DiseaseGeneCell/Huang_lab_project/drug_discovery/output/data/enzyme_embeddings_dataset/EITLEM_dataset/EITLEM_kkm_MUTAPLM_embedding_cold_drug/val.parquet
Detected prot_evo_channels = 4096 (1-row sample)
[mem] after load_split_dataframes (lite — feature cols not loaded) max RSS = 0.82 GB
model_version: v6c, use_swa: False
Reusing protein cache: /sc/arion/projects/DiseaseGeneCell/Huang_lab_project/drug_discovery/output/data/enzyme_embeddings_dataset/EITLEM_dataset/EITLEM_kkm_MUTAPLM_embedding_cold_drug/protein.pt
Reusing ligand cache: /sc/arion/projects/DiseaseGeneCell/Huang_lab_project/drug_discovery/output/data/enzyme_embeddings_dataset/EITLEM_dataset/EITLEM_kkm_MUTAPLM_embedding_cold_drug/ligand.pt
[mem] after preprocess                         max RSS = 23.00 GB
loaders ready: train=305 test=78 val=47
[mem] after make_loaders                       max RSS = 23.00 GB
Built TraceKinV6C with 52,512,006 parameters
[AMP] enabled: dtype=torch.bfloat16
[LR schedule] schedule_lr=True, lrate=0.0003, min_lrate=1e-06, warmup_iters=500, lr_decay_iters=30500, total_iters=30500
Not in terminal, reprint now using normal build-in print function.
                              
                              
----------------------------------------
Epoch 001 with LR 0.000182: Model Results
----------------------------------------
Train MSE Loss: 3.2033, Train CLS Loss: 0.0000, Train MCLS Loss: 0.0000
Protein Cluster Region Loss - Ortho Loss: 0.0000, Cluster Loss: 0.0000
                              
Validation Results: {
    "ci": 0.6037,
    "classification_loss": 0.0,
    "cluster_loss": 0.0,
    "mae": 1.431,
    "mse": 3.2258,
    "multiclassification_loss": 0.0,
    "ortho_loss": 0.0,
    "pearson": 0.3219,
    "regression_loss": 3.2638,
    "rm2": 0.0948,
    "rmse": 1.7961,
    "sd": 1.7194,
    "spearman": 0.3018,
    "spectral_loss": 0.0
}
                              
Test Results: {
    "ci": 0.592,
    "classification_loss": 0.0,
    "cluster_loss": 0.0,
    "mae": 1.32,
    "mse": 2.7699,
    "multiclassification_loss": 0.0,
    "ortho_loss": 0.0,
    "pearson": 0.2796,
    "regression_loss": 2.7673,
    "rm2": 0.0731,
    "rmse": 1.6643,
    "sd": 1.6197,
    "spearman": 0.2716,
    "spectral_loss": 0.0
}
                              
                              
----------------------------------------
Epoch 002 with LR 0.000300: Model Results
----------------------------------------
Train MSE Loss: 2.8896, Train CLS Loss: 0.0000, Train MCLS Loss: 0.0000
Protein Cluster Region Loss - Ortho Loss: 0.0000, Cluster Loss: 0.0000
                              
Validation Results: {
    "ci": 0.6371,
    "classification_loss": 0.0,
    "cluster_loss": 0.0,
    "mae": 1.4311,
    "mse": 3.206,
    "multiclassification_loss": 0.0,
    "ortho_loss": 0.0,
    "pearson": 0.436,
    "regression_loss": 3.3875,
    "rm2": 0.1544,
    "rmse": 1.7905,
    "sd": 1.6344,
    "spearman": 0.399,
    "spectral_loss": 0.0
}
                              
Test Results: {
    "ci": 0.612,
    "classification_loss": 0.0,
    "cluster_loss": 0.0,
    "mae": 1.4364,
    "mse": 3.1681,
    "multiclassification_loss": 0.0,
    "ortho_loss": 0.0,
    "pearson": 0.3457,
    "regression_loss": 3.1666,
    "rm2": 0.109,
    "rmse": 1.7799,
    "sd": 1.583,
    "spearman": 0.3254,
    "spectral_loss": 0.0
}
                              
                              
----------------------------------------
Epoch 003 with LR 0.000300: Model Results
----------------------------------------
Train MSE Loss: 2.4833, Train CLS Loss: 0.0000, Train MCLS Loss: 0.0000
Protein Cluster Region Loss - Ortho Loss: 0.0000, Cluster Loss: 0.0000
                              
Validation Results: {
    "ci": 0.6713,
    "classification_loss": 0.0,
    "cluster_loss": 0.0,
    "mae": 1.2382,
    "mse": 2.5135,
    "multiclassification_loss": 0.0,
    "ortho_loss": 0.0,
    "pearson": 0.4958,
    "regression_loss": 2.5342,
    "rm2": 0.2334,
    "rmse": 1.5854,
    "sd": 1.5771,
    "spearman": 0.491,
    "spectral_loss": 0.0
}
                              
Test Results: {
    "ci": 0.629,
    "classification_loss": 0.0,
    "cluster_loss": 0.0,
    "mae": 1.2201,
    "mse": 2.4314,
    "multiclassification_loss": 0.0,
    "ortho_loss": 0.0,
    "pearson": 0.4089,
    "regression_loss": 2.4291,
    "rm2": 0.1652,
    "rmse": 1.5593,
    "sd": 1.5395,
    "spearman": 0.3744,
    "spectral_loss": 0.0
}
                              
                              
----------------------------------------
Epoch 004 with LR 0.000300: Model Results
----------------------------------------
Train MSE Loss: 2.1744, Train CLS Loss: 0.0000, Train MCLS Loss: 0.0000
Protein Cluster Region Loss - Ortho Loss: 0.0000, Cluster Loss: 0.0000
                              
Validation Results: {
    "ci": 0.6664,
    "classification_loss": 0.0,
    "cluster_loss": 0.0,
    "mae": 1.2565,
    "mse": 2.5631,
    "multiclassification_loss": 0.0,
    "ortho_loss": 0.0,
    "pearson": 0.4961,
    "regression_loss": 2.6265,
    "rm2": 0.234,
    "rmse": 1.601,
    "sd": 1.5768,
    "spearman": 0.4812,
    "spectral_loss": 0.0
}
                              
Test Results: {
    "ci": 0.629,
    "classification_loss": 0.0,
    "cluster_loss": 0.0,
    "mae": 1.2201,
    "mse": 2.4314,
    "multiclassification_loss": 0.0,
    "ortho_loss": 0.0,
    "pearson": 0.4089,
    "regression_loss": 2.4291,
    "rm2": 0.1652,
    "rmse": 1.5593,
    "sd": 1.5395,
    "spearman": 0.3744,
    "spectral_loss": 0.0
}
                              
                              
----------------------------------------
Epoch 005 with LR 0.000299: Model Results
----------------------------------------
Train MSE Loss: 2.0578, Train CLS Loss: 0.0000, Train MCLS Loss: 0.0000
Protein Cluster Region Loss - Ortho Loss: 0.0000, Cluster Loss: 0.0000
                              
Validation Results: {
    "ci": 0.6703,
    "classification_loss": 0.0,
    "cluster_loss": 0.0,
    "mae": 1.2092,
    "mse": 2.4531,
    "multiclassification_loss": 0.0,
    "ortho_loss": 0.0,
    "pearson": 0.5139,
    "regression_loss": 2.4766,
    "rm2": 0.259,
    "rmse": 1.5662,
    "sd": 1.5579,
    "spearman": 0.487,
    "spectral_loss": 0.0
}
                              
Test Results: {
    "ci": 0.6269,
    "classification_loss": 0.0,
    "cluster_loss": 0.0,
    "mae": 1.2314,
    "mse": 2.5184,
    "multiclassification_loss": 0.0,
    "ortho_loss": 0.0,
    "pearson": 0.4118,
    "regression_loss": 2.517,
    "rm2": 0.1627,
    "rmse": 1.587,
    "sd": 1.5373,
    "spearman": 0.3678,
    "spectral_loss": 0.0
}
                              
                              
----------------------------------------
Epoch 006 with LR 0.000299: Model Results
----------------------------------------
Train MSE Loss: 1.8231, Train CLS Loss: 0.0000, Train MCLS Loss: 0.0000
Protein Cluster Region Loss - Ortho Loss: 0.0000, Cluster Loss: 0.0000
                              
Validation Results: {
    "ci": 0.6538,
    "classification_loss": 0.0,
    "cluster_loss": 0.0,
    "mae": 1.4227,
    "mse": 3.3935,
    "multiclassification_loss": 0.0,
    "ortho_loss": 0.0,
    "pearson": 0.4593,
    "regression_loss": 3.3335,
    "rm2": 0.2007,
    "rmse": 1.8422,
    "sd": 1.6132,
    "spearman": 0.4453,
    "spectral_loss": 0.0
}
                              
Test Results: {
    "ci": 0.6269,
    "classification_loss": 0.0,
    "cluster_loss": 0.0,
    "mae": 1.2314,
    "mse": 2.5184,
    "multiclassification_loss": 0.0,
    "ortho_loss": 0.0,
    "pearson": 0.4118,
    "regression_loss": 2.517,
    "rm2": 0.1627,
    "rmse": 1.587,
    "sd": 1.5373,
    "spearman": 0.3678,
    "spectral_loss": 0.0
}
                              
                              
----------------------------------------
Epoch 007 with LR 0.000298: Model Results
----------------------------------------
Train MSE Loss: 1.6959, Train CLS Loss: 0.0000, Train MCLS Loss: 0.0000
Protein Cluster Region Loss - Ortho Loss: 0.0000, Cluster Loss: 0.0000
                              
Validation Results: {
    "ci": 0.6817,
    "classification_loss": 0.0,
    "cluster_loss": 0.0,
    "mae": 1.2084,
    "mse": 2.4805,
    "multiclassification_loss": 0.0,
    "ortho_loss": 0.0,
    "pearson": 0.5272,
    "regression_loss": 2.5716,
    "rm2": 0.2723,
    "rmse": 1.575,
    "sd": 1.5432,
    "spearman": 0.5163,
    "spectral_loss": 0.0
}
                              
Test Results: {
    "ci": 0.6269,
    "classification_loss": 0.0,
    "cluster_loss": 0.0,
    "mae": 1.2314,
    "mse": 2.5184,
    "multiclassification_loss": 0.0,
    "ortho_loss": 0.0,
    "pearson": 0.4118,
    "regression_loss": 2.517,
    "rm2": 0.1627,
    "rmse": 1.587,
    "sd": 1.5373,
    "spearman": 0.3678,
    "spectral_loss": 0.0
}
                              
                              
----------------------------------------
Epoch 008 with LR 0.000297: Model Results
----------------------------------------
Train MSE Loss: 1.6046, Train CLS Loss: 0.0000, Train MCLS Loss: 0.0000
Protein Cluster Region Loss - Ortho Loss: 0.0000, Cluster Loss: 0.0000
                              
Validation Results: {
    "ci": 0.6796,
    "classification_loss": 0.0,
    "cluster_loss": 0.0,
    "mae": 1.2106,
    "mse": 2.4198,
    "multiclassification_loss": 0.0,
    "ortho_loss": 0.0,
    "pearson": 0.5343,
    "regression_loss": 2.4888,
    "rm2": 0.2582,
    "rmse": 1.5556,
    "sd": 1.5351,
    "spearman": 0.5128,
    "spectral_loss": 0.0
}
                              
Test Results: {
    "ci": 0.6387,
    "classification_loss": 0.0,
    "cluster_loss": 0.0,
    "mae": 1.221,
    "mse": 2.4535,
    "multiclassification_loss": 0.0,
    "ortho_loss": 0.0,
    "pearson": 0.4361,
    "regression_loss": 2.4506,
    "rm2": 0.1669,
    "rmse": 1.5664,
    "sd": 1.5181,
    "spearman": 0.3978,
    "spectral_loss": 0.0
}
                              
                              
----------------------------------------
Epoch 009 with LR 0.000296: Model Results
----------------------------------------
Train MSE Loss: 1.5097, Train CLS Loss: 0.0000, Train MCLS Loss: 0.0000
Protein Cluster Region Loss - Ortho Loss: 0.0000, Cluster Loss: 0.0000
                              
Validation Results: {
    "ci": 0.6845,
    "classification_loss": 0.0,
    "cluster_loss": 0.0,
    "mae": 1.2477,
    "mse": 2.5995,
    "multiclassification_loss": 0.0,
    "ortho_loss": 0.0,
    "pearson": 0.5439,
    "regression_loss": 2.6673,
    "rm2": 0.2346,
    "rmse": 1.6123,
    "sd": 1.524,
    "spearman": 0.5186,
    "spectral_loss": 0.0
}
                              
Test Results: {
    "ci": 0.6387,
    "classification_loss": 0.0,
    "cluster_loss": 0.0,
    "mae": 1.221,
    "mse": 2.4535,
    "multiclassification_loss": 0.0,
    "ortho_loss": 0.0,
    "pearson": 0.4361,
    "regression_loss": 2.4506,
    "rm2": 0.1669,
    "rmse": 1.5664,
    "sd": 1.5181,
    "spearman": 0.3978,
    "spectral_loss": 0.0
}
                              
                              
----------------------------------------
Epoch 010 with LR 0.000295: Model Results
----------------------------------------
Train MSE Loss: 1.3820, Train CLS Loss: 0.0000, Train MCLS Loss: 0.0000
Protein Cluster Region Loss - Ortho Loss: 0.0000, Cluster Loss: 0.0000
                              
Validation Results: {
    "ci": 0.6893,
    "classification_loss": 0.0,
    "cluster_loss": 0.0,
    "mae": 1.1652,
    "mse": 2.3266,
    "multiclassification_loss": 0.0,
    "ortho_loss": 0.0,
    "pearson": 0.5461,
    "regression_loss": 2.3123,
    "rm2": 0.2959,
    "rmse": 1.5253,
    "sd": 1.5213,
    "spearman": 0.5333,
    "spectral_loss": 0.0
}
                              
Test Results: {
    "ci": 0.6477,
    "classification_loss": 0.0,
    "cluster_loss": 0.0,
    "mae": 1.1663,
    "mse": 2.2897,
    "multiclassification_loss": 0.0,
    "ortho_loss": 0.0,
    "pearson": 0.4753,
    "regression_loss": 2.2887,
    "rm2": 0.2237,
    "rmse": 1.5132,
    "sd": 1.4843,
    "spearman": 0.4224,
    "spectral_loss": 0.0
}
                              
                              
----------------------------------------
Epoch 011 with LR 0.000293: Model Results
----------------------------------------
Train MSE Loss: 1.3306, Train CLS Loss: 0.0000, Train MCLS Loss: 0.0000
Protein Cluster Region Loss - Ortho Loss: 0.0000, Cluster Loss: 0.0000
                              
Validation Results: {
    "ci": 0.6978,
    "classification_loss": 0.0,
    "cluster_loss": 0.0,
    "mae": 1.1405,
    "mse": 2.3019,
    "multiclassification_loss": 0.0,
    "ortho_loss": 0.0,
    "pearson": 0.5658,
    "regression_loss": 2.3556,
    "rm2": 0.3186,
    "rmse": 1.5172,
    "sd": 1.4974,
    "spearman": 0.5539,
    "spectral_loss": 0.0
}
                              
Test Results: {
    "ci": 0.645,
    "classification_loss": 0.0,
    "cluster_loss": 0.0,
    "mae": 1.2001,
    "mse": 2.4197,
    "multiclassification_loss": 0.0,
    "ortho_loss": 0.0,
    "pearson": 0.463,
    "regression_loss": 2.4206,
    "rm2": 0.2074,
    "rmse": 1.5555,
    "sd": 1.4953,
    "spearman": 0.4163,
    "spectral_loss": 0.0
}
                              
                              
----------------------------------------
Epoch 012 with LR 0.000292: Model Results
----------------------------------------
Train MSE Loss: 1.2670, Train CLS Loss: 0.0000, Train MCLS Loss: 0.0000
Protein Cluster Region Loss - Ortho Loss: 0.0000, Cluster Loss: 0.0000
                              
Validation Results: {
    "ci": 0.6939,
    "classification_loss": 0.0,
    "cluster_loss": 0.0,
    "mae": 1.1712,
    "mse": 2.3815,
    "multiclassification_loss": 0.0,
    "ortho_loss": 0.0,
    "pearson": 0.5515,
    "regression_loss": 2.3633,
    "rm2": 0.2871,
    "rmse": 1.5432,
    "sd": 1.5149,
    "spearman": 0.5446,
    "spectral_loss": 0.0
}
                              
Test Results: {
    "ci": 0.645,
    "classification_loss": 0.0,
    "cluster_loss": 0.0,
    "mae": 1.2001,
    "mse": 2.4197,
    "multiclassification_loss": 0.0,
    "ortho_loss": 0.0,
    "pearson": 0.463,
    "regression_loss": 2.4206,
    "rm2": 0.2074,
    "rmse": 1.5555,
    "sd": 1.4953,
    "spearman": 0.4163,
    "spectral_loss": 0.0
}
                              
                              
----------------------------------------
Epoch 013 with LR 0.000290: Model Results
----------------------------------------
Train MSE Loss: 1.2159, Train CLS Loss: 0.0000, Train MCLS Loss: 0.0000
Protein Cluster Region Loss - Ortho Loss: 0.0000, Cluster Loss: 0.0000
                              
Validation Results: {
    "ci": 0.699,
    "classification_loss": 0.0,
    "cluster_loss": 0.0,
    "mae": 1.1443,
    "mse": 2.3469,
    "multiclassification_loss": 0.0,
    "ortho_loss": 0.0,
    "pearson": 0.5811,
    "regression_loss": 2.3779,
    "rm2": 0.3365,
    "rmse": 1.532,
    "sd": 1.4779,
    "spearman": 0.5592,
    "spectral_loss": 0.0
}
                              
Test Results: {
    "ci": 0.645,
    "classification_loss": 0.0,
    "cluster_loss": 0.0,
    "mae": 1.2001,
    "mse": 2.4197,
    "multiclassification_loss": 0.0,
    "ortho_loss": 0.0,
    "pearson": 0.463,
    "regression_loss": 2.4206,
    "rm2": 0.2074,
    "rmse": 1.5555,
    "sd": 1.4953,
    "spearman": 0.4163,
    "spectral_loss": 0.0
}
                              
                              
----------------------------------------
Epoch 014 with LR 0.000289: Model Results
----------------------------------------
Train MSE Loss: 1.1566, Train CLS Loss: 0.0000, Train MCLS Loss: 0.0000
Protein Cluster Region Loss - Ortho Loss: 0.0000, Cluster Loss: 0.0000
                              
Validation Results: {
    "ci": 0.6959,
    "classification_loss": 0.0,
    "cluster_loss": 0.0,
    "mae": 1.1643,
    "mse": 2.3405,
    "multiclassification_loss": 0.0,
    "ortho_loss": 0.0,
    "pearson": 0.5771,
    "regression_loss": 2.3361,
    "rm2": 0.3158,
    "rmse": 1.5299,
    "sd": 1.4832,
    "spearman": 0.5523,
    "spectral_loss": 0.0
}
                              
Test Results: {
    "ci": 0.645,
    "classification_loss": 0.0,
    "cluster_loss": 0.0,
    "mae": 1.2001,
    "mse": 2.4197,
    "multiclassification_loss": 0.0,
    "ortho_loss": 0.0,
    "pearson": 0.463,
    "regression_loss": 2.4206,
    "rm2": 0.2074,
    "rmse": 1.5555,
    "sd": 1.4953,
    "spearman": 0.4163,
    "spectral_loss": 0.0
}
                              
                              
----------------------------------------
Epoch 015 with LR 0.000287: Model Results
----------------------------------------
Train MSE Loss: 1.1285, Train CLS Loss: 0.0000, Train MCLS Loss: 0.0000
Protein Cluster Region Loss - Ortho Loss: 0.0000, Cluster Loss: 0.0000
                              
Validation Results: {
    "ci": 0.6919,
    "classification_loss": 0.0,
    "cluster_loss": 0.0,
    "mae": 1.1796,
    "mse": 2.4419,
    "multiclassification_loss": 0.0,
    "ortho_loss": 0.0,
    "pearson": 0.5517,
    "regression_loss": 2.4216,
    "rm2": 0.2712,
    "rmse": 1.5627,
    "sd": 1.5146,
    "spearman": 0.5433,
    "spectral_loss": 0.0
}
                              
Test Results: {
    "ci": 0.645,
    "classification_loss": 0.0,
    "cluster_loss": 0.0,
    "mae": 1.2001,
    "mse": 2.4197,
    "multiclassification_loss": 0.0,
    "ortho_loss": 0.0,
    "pearson": 0.463,
    "regression_loss": 2.4206,
    "rm2": 0.2074,
    "rmse": 1.5555,
    "sd": 1.4953,
    "spearman": 0.4163,
    "spectral_loss": 0.0
}
                              
                              
----------------------------------------
Epoch 016 with LR 0.000285: Model Results
----------------------------------------
Train MSE Loss: 1.0736, Train CLS Loss: 0.0000, Train MCLS Loss: 0.0000
Protein Cluster Region Loss - Ortho Loss: 0.0000, Cluster Loss: 0.0000
                              
Validation Results: {
    "ci": 0.691,
    "classification_loss": 0.0,
    "cluster_loss": 0.0,
    "mae": 1.1942,
    "mse": 2.4263,
    "multiclassification_loss": 0.0,
    "ortho_loss": 0.0,
    "pearson": 0.5544,
    "regression_loss": 2.4269,
    "rm2": 0.2597,
    "rmse": 1.5577,
    "sd": 1.5115,
    "spearman": 0.5401,
    "spectral_loss": 0.0
}
                              
Test Results: {
    "ci": 0.645,
    "classification_loss": 0.0,
    "cluster_loss": 0.0,
    "mae": 1.2001,
    "mse": 2.4197,
    "multiclassification_loss": 0.0,
    "ortho_loss": 0.0,
    "pearson": 0.463,
    "regression_loss": 2.4206,
    "rm2": 0.2074,
    "rmse": 1.5555,
    "sd": 1.4953,
    "spearman": 0.4163,
    "spectral_loss": 0.0
}
                              
                              
----------------------------------------
Epoch 017 with LR 0.000282: Model Results
----------------------------------------
Train MSE Loss: 1.0321, Train CLS Loss: 0.0000, Train MCLS Loss: 0.0000
Protein Cluster Region Loss - Ortho Loss: 0.0000, Cluster Loss: 0.0000
                              
Validation Results: {
    "ci": 0.6925,
    "classification_loss": 0.0,
    "cluster_loss": 0.0,
    "mae": 1.14,
    "mse": 2.2776,
    "multiclassification_loss": 0.0,
    "ortho_loss": 0.0,
    "pearson": 0.572,
    "regression_loss": 2.2823,
    "rm2": 0.3152,
    "rmse": 1.5092,
    "sd": 1.4897,
    "spearman": 0.5431,
    "spectral_loss": 0.0
}
                              
Test Results: {
    "ci": 0.6578,
    "classification_loss": 0.0,
    "cluster_loss": 0.0,
    "mae": 1.1654,
    "mse": 2.3219,
    "multiclassification_loss": 0.0,
    "ortho_loss": 0.0,
    "pearson": 0.4991,
    "regression_loss": 2.3219,
    "rm2": 0.2336,
    "rmse": 1.5238,
    "sd": 1.4618,
    "spearman": 0.4489,
    "spectral_loss": 0.0
}
                              
                              
----------------------------------------
Epoch 018 with LR 0.000280: Model Results
----------------------------------------
Train MSE Loss: 1.0242, Train CLS Loss: 0.0000, Train MCLS Loss: 0.0000
Protein Cluster Region Loss - Ortho Loss: 0.0000, Cluster Loss: 0.0000
                              
Validation Results: {
    "ci": 0.6949,
    "classification_loss": 0.0,
    "cluster_loss": 0.0,
    "mae": 1.1379,
    "mse": 2.278,
    "multiclassification_loss": 0.0,
    "ortho_loss": 0.0,
    "pearson": 0.573,
    "regression_loss": 2.3463,
    "rm2": 0.2966,
    "rmse": 1.5093,
    "sd": 1.4884,
    "spearman": 0.543,
    "spectral_loss": 0.0
}
                              
Test Results: {
    "ci": 0.6578,
    "classification_loss": 0.0,
    "cluster_loss": 0.0,
    "mae": 1.1654,
    "mse": 2.3219,
    "multiclassification_loss": 0.0,
    "ortho_loss": 0.0,
    "pearson": 0.4991,
    "regression_loss": 2.3219,
    "rm2": 0.2336,
    "rmse": 1.5238,
    "sd": 1.4618,
    "spearman": 0.4489,
    "spectral_loss": 0.0
}
                              
                              
----------------------------------------
Epoch 019 with LR 0.000278: Model Results
----------------------------------------
Train MSE Loss: 1.0015, Train CLS Loss: 0.0000, Train MCLS Loss: 0.0000
Protein Cluster Region Loss - Ortho Loss: 0.0000, Cluster Loss: 0.0000
                              
Validation Results: {
    "ci": 0.6903,
    "classification_loss": 0.0,
    "cluster_loss": 0.0,
    "mae": 1.1515,
    "mse": 2.3353,
    "multiclassification_loss": 0.0,
    "ortho_loss": 0.0,
    "pearson": 0.5681,
    "regression_loss": 2.3467,
    "rm2": 0.2939,
    "rmse": 1.5282,
    "sd": 1.4945,
    "spearman": 0.537,
    "spectral_loss": 0.0
}
                              
Test Results: {
    "ci": 0.6578,
    "classification_loss": 0.0,
    "cluster_loss": 0.0,
    "mae": 1.1654,
    "mse": 2.3219,
    "multiclassification_loss": 0.0,
    "ortho_loss": 0.0,
    "pearson": 0.4991,
    "regression_loss": 2.3219,
    "rm2": 0.2336,
    "rmse": 1.5238,
    "sd": 1.4618,
    "spearman": 0.4489,
    "spectral_loss": 0.0
}
                              
                              
----------------------------------------
Epoch 020 with LR 0.000275: Model Results
----------------------------------------
Train MSE Loss: 0.9435, Train CLS Loss: 0.0000, Train MCLS Loss: 0.0000
Protein Cluster Region Loss - Ortho Loss: 0.0000, Cluster Loss: 0.0000
                              
Validation Results: {
    "ci": 0.7002,
    "classification_loss": 0.0,
    "cluster_loss": 0.0,
    "mae": 1.1254,
    "mse": 2.2924,
    "multiclassification_loss": 0.0,
    "ortho_loss": 0.0,
    "pearson": 0.5816,
    "regression_loss": 2.323,
    "rm2": 0.3047,
    "rmse": 1.5141,
    "sd": 1.4773,
    "spearman": 0.5592,
    "spectral_loss": 0.0
}
                              
Test Results: {
    "ci": 0.6578,
    "classification_loss": 0.0,
    "cluster_loss": 0.0,
    "mae": 1.1654,
    "mse": 2.3219,
    "multiclassification_loss": 0.0,
    "ortho_loss": 0.0,
    "pearson": 0.4991,
    "regression_loss": 2.3219,
    "rm2": 0.2336,
    "rmse": 1.5238,
    "sd": 1.4618,
    "spearman": 0.4489,
    "spectral_loss": 0.0
}
                              
                              
----------------------------------------
Epoch 021 with LR 0.000272: Model Results
----------------------------------------
Train MSE Loss: 0.9145, Train CLS Loss: 0.0000, Train MCLS Loss: 0.0000
Protein Cluster Region Loss - Ortho Loss: 0.0000, Cluster Loss: 0.0000
                              
Validation Results: {
    "ci": 0.699,
    "classification_loss": 0.0,
    "cluster_loss": 0.0,
    "mae": 1.1601,
    "mse": 2.3518,
    "multiclassification_loss": 0.0,
    "ortho_loss": 0.0,
    "pearson": 0.5721,
    "regression_loss": 2.3826,
    "rm2": 0.2935,
    "rmse": 1.5335,
    "sd": 1.4896,
    "spearman": 0.5606,
    "spectral_loss": 0.0
}
                              
Test Results: {
    "ci": 0.6578,
    "classification_loss": 0.0,
    "cluster_loss": 0.0,
    "mae": 1.1654,
    "mse": 2.3219,
    "multiclassification_loss": 0.0,
    "ortho_loss": 0.0,
    "pearson": 0.4991,
    "regression_loss": 2.3219,
    "rm2": 0.2336,
    "rmse": 1.5238,
    "sd": 1.4618,
    "spearman": 0.4489,
    "spectral_loss": 0.0
}
                              
                              
----------------------------------------
Epoch 022 with LR 0.000269: Model Results
----------------------------------------
Train MSE Loss: 0.9078, Train CLS Loss: 0.0000, Train MCLS Loss: 0.0000
Protein Cluster Region Loss - Ortho Loss: 0.0000, Cluster Loss: 0.0000
                              
Validation Results: {
    "ci": 0.7019,
    "classification_loss": 0.0,
    "cluster_loss": 0.0,
    "mae": 1.1535,
    "mse": 2.342,
    "multiclassification_loss": 0.0,
    "ortho_loss": 0.0,
    "pearson": 0.5857,
    "regression_loss": 2.3633,
    "rm2": 0.2812,
    "rmse": 1.5304,
    "sd": 1.472,
    "spearman": 0.5635,
    "spectral_loss": 0.0
}
                              
Test Results: {
    "ci": 0.6578,
    "classification_loss": 0.0,
    "cluster_loss": 0.0,
    "mae": 1.1654,
    "mse": 2.3219,
    "multiclassification_loss": 0.0,
    "ortho_loss": 0.0,
    "pearson": 0.4991,
    "regression_loss": 2.3219,
    "rm2": 0.2336,
    "rmse": 1.5238,
    "sd": 1.4618,
    "spearman": 0.4489,
    "spectral_loss": 0.0
}
                              
                              
----------------------------------------
Epoch 023 with LR 0.000267: Model Results
----------------------------------------
Train MSE Loss: 0.8856, Train CLS Loss: 0.0000, Train MCLS Loss: 0.0000
Protein Cluster Region Loss - Ortho Loss: 0.0000, Cluster Loss: 0.0000
                              
Validation Results: {
    "ci": 0.7022,
    "classification_loss": 0.0,
    "cluster_loss": 0.0,
    "mae": 1.1451,
    "mse": 2.2757,
    "multiclassification_loss": 0.0,
    "ortho_loss": 0.0,
    "pearson": 0.5865,
    "regression_loss": 2.3724,
    "rm2": 0.2938,
    "rmse": 1.5085,
    "sd": 1.471,
    "spearman": 0.5664,
    "spectral_loss": 0.0
}
                              
Test Results: {
    "ci": 0.659,
    "classification_loss": 0.0,
    "cluster_loss": 0.0,
    "mae": 1.1916,
    "mse": 2.3923,
    "multiclassification_loss": 0.0,
    "ortho_loss": 0.0,
    "pearson": 0.4958,
    "regression_loss": 2.3895,
    "rm2": 0.2089,
    "rmse": 1.5467,
    "sd": 1.465,
    "spearman": 0.4528,
    "spectral_loss": 0.0
}
                              
                              
----------------------------------------
Epoch 024 with LR 0.000263: Model Results
----------------------------------------
Train MSE Loss: 0.8507, Train CLS Loss: 0.0000, Train MCLS Loss: 0.0000
Protein Cluster Region Loss - Ortho Loss: 0.0000, Cluster Loss: 0.0000
                              
Validation Results: {
    "ci": 0.6994,
    "classification_loss": 0.0,
    "cluster_loss": 0.0,
    "mae": 1.1457,
    "mse": 2.2708,
    "multiclassification_loss": 0.0,
    "ortho_loss": 0.0,
    "pearson": 0.5781,
    "regression_loss": 2.3065,
    "rm2": 0.3005,
    "rmse": 1.5069,
    "sd": 1.4818,
    "spearman": 0.5592,
    "spectral_loss": 0.0
}
                              
Test Results: {
    "ci": 0.6548,
    "classification_loss": 0.0,
    "cluster_loss": 0.0,
    "mae": 1.2041,
    "mse": 2.4513,
    "multiclassification_loss": 0.0,
    "ortho_loss": 0.0,
    "pearson": 0.4791,
    "regression_loss": 2.4476,
    "rm2": 0.1996,
    "rmse": 1.5657,
    "sd": 1.4808,
    "spearman": 0.4409,
    "spectral_loss": 0.0
}
                              
                              
----------------------------------------
Epoch 025 with LR 0.000260: Model Results
----------------------------------------
Train MSE Loss: 0.8478, Train CLS Loss: 0.0000, Train MCLS Loss: 0.0000
Protein Cluster Region Loss - Ortho Loss: 0.0000, Cluster Loss: 0.0000
                              
Validation Results: {
    "ci": 0.704,
    "classification_loss": 0.0,
    "cluster_loss": 0.0,
    "mae": 1.1301,
    "mse": 2.2746,
    "multiclassification_loss": 0.0,
    "ortho_loss": 0.0,
    "pearson": 0.5848,
    "regression_loss": 2.3058,
    "rm2": 0.3284,
    "rmse": 1.5082,
    "sd": 1.4731,
    "spearman": 0.5723,
    "spectral_loss": 0.0
}
                              
Test Results: {
    "ci": 0.6548,
    "classification_loss": 0.0,
    "cluster_loss": 0.0,
    "mae": 1.2041,
    "mse": 2.4513,
    "multiclassification_loss": 0.0,
    "ortho_loss": 0.0,
    "pearson": 0.4791,
    "regression_loss": 2.4476,
    "rm2": 0.1996,
    "rmse": 1.5657,
    "sd": 1.4808,
    "spearman": 0.4409,
    "spectral_loss": 0.0
}
                              
                              
----------------------------------------
Epoch 026 with LR 0.000257: Model Results
----------------------------------------
Train MSE Loss: 0.8209, Train CLS Loss: 0.0000, Train MCLS Loss: 0.0000
Protein Cluster Region Loss - Ortho Loss: 0.0000, Cluster Loss: 0.0000
                              
Validation Results: {
    "ci": 0.6987,
    "classification_loss": 0.0,
    "cluster_loss": 0.0,
    "mae": 1.1543,
    "mse": 2.3214,
    "multiclassification_loss": 0.0,
    "ortho_loss": 0.0,
    "pearson": 0.5815,
    "regression_loss": 2.3523,
    "rm2": 0.2917,
    "rmse": 1.5236,
    "sd": 1.4774,
    "spearman": 0.5594,
    "spectral_loss": 0.0
}
                              
Test Results: {
    "ci": 0.6548,
    "classification_loss": 0.0,
    "cluster_loss": 0.0,
    "mae": 1.2041,
    "mse": 2.4513,
    "multiclassification_loss": 0.0,
    "ortho_loss": 0.0,
    "pearson": 0.4791,
    "regression_loss": 2.4476,
    "rm2": 0.1996,
    "rmse": 1.5657,
    "sd": 1.4808,
    "spearman": 0.4409,
    "spectral_loss": 0.0
}
                              
                              
----------------------------------------
Epoch 027 with LR 0.000254: Model Results
----------------------------------------
Train MSE Loss: 0.8063, Train CLS Loss: 0.0000, Train MCLS Loss: 0.0000
Protein Cluster Region Loss - Ortho Loss: 0.0000, Cluster Loss: 0.0000
                              
Validation Results: {
    "ci": 0.7062,
    "classification_loss": 0.0,
    "cluster_loss": 0.0,
    "mae": 1.1072,
    "mse": 2.2095,
    "multiclassification_loss": 0.0,
    "ortho_loss": 0.0,
    "pearson": 0.5883,
    "regression_loss": 2.2698,
    "rm2": 0.3201,
    "rmse": 1.4864,
    "sd": 1.4686,
    "spearman": 0.5723,
    "spectral_loss": 0.0
}
                              
Test Results: {
    "ci": 0.6589,
    "classification_loss": 0.0,
    "cluster_loss": 0.0,
    "mae": 1.1705,
    "mse": 2.3584,
    "multiclassification_loss": 0.0,
    "ortho_loss": 0.0,
    "pearson": 0.4898,
    "regression_loss": 2.3547,
    "rm2": 0.2184,
    "rmse": 1.5357,
    "sd": 1.4708,
    "spearman": 0.4522,
    "spectral_loss": 0.0
}
                              
                              
----------------------------------------
Epoch 028 with LR 0.000250: Model Results
----------------------------------------
Train MSE Loss: 0.7915, Train CLS Loss: 0.0000, Train MCLS Loss: 0.0000
Protein Cluster Region Loss - Ortho Loss: 0.0000, Cluster Loss: 0.0000
                              
Validation Results: {
    "ci": 0.7112,
    "classification_loss": 0.0,
    "cluster_loss": 0.0,
    "mae": 1.1313,
    "mse": 2.259,
    "multiclassification_loss": 0.0,
    "ortho_loss": 0.0,
    "pearson": 0.5907,
    "regression_loss": 2.3746,
    "rm2": 0.2963,
    "rmse": 1.503,
    "sd": 1.4653,
    "spearman": 0.588,
    "spectral_loss": 0.0
}
                              
Test Results: {
    "ci": 0.6589,
    "classification_loss": 0.0,
    "cluster_loss": 0.0,
    "mae": 1.1705,
    "mse": 2.3584,
    "multiclassification_loss": 0.0,
    "ortho_loss": 0.0,
    "pearson": 0.4898,
    "regression_loss": 2.3547,
    "rm2": 0.2184,
    "rmse": 1.5357,
    "sd": 1.4708,
    "spearman": 0.4522,
    "spectral_loss": 0.0
}
                              
                              
----------------------------------------
Epoch 029 with LR 0.000246: Model Results
----------------------------------------
Train MSE Loss: 0.7687, Train CLS Loss: 0.0000, Train MCLS Loss: 0.0000
Protein Cluster Region Loss - Ortho Loss: 0.0000, Cluster Loss: 0.0000
                              
Validation Results: {
    "ci": 0.6993,
    "classification_loss": 0.0,
    "cluster_loss": 0.0,
    "mae": 1.1607,
    "mse": 2.3646,
    "multiclassification_loss": 0.0,
    "ortho_loss": 0.0,
    "pearson": 0.5775,
    "regression_loss": 2.3464,
    "rm2": 0.3161,
    "rmse": 1.5377,
    "sd": 1.4826,
    "spearman": 0.5629,
    "spectral_loss": 0.0
}
                              
Test Results: {
    "ci": 0.6589,
    "classification_loss": 0.0,
    "cluster_loss": 0.0,
    "mae": 1.1705,
    "mse": 2.3584,
    "multiclassification_loss": 0.0,
    "ortho_loss": 0.0,
    "pearson": 0.4898,
    "regression_loss": 2.3547,
    "rm2": 0.2184,
    "rmse": 1.5357,
    "sd": 1.4708,
    "spearman": 0.4522,
    "spectral_loss": 0.0
}
                              
                              
----------------------------------------
Epoch 030 with LR 0.000243: Model Results
----------------------------------------
Train MSE Loss: 0.7491, Train CLS Loss: 0.0000, Train MCLS Loss: 0.0000
Protein Cluster Region Loss - Ortho Loss: 0.0000, Cluster Loss: 0.0000
                              
Validation Results: {
    "ci": 0.7071,
    "classification_loss": 0.0,
    "cluster_loss": 0.0,
    "mae": 1.1022,
    "mse": 2.157,
    "multiclassification_loss": 0.0,
    "ortho_loss": 0.0,
    "pearson": 0.5958,
    "regression_loss": 2.2088,
    "rm2": 0.3281,
    "rmse": 1.4687,
    "sd": 1.4585,
    "spearman": 0.5763,
    "spectral_loss": 0.0
}
                              
Test Results: {
    "ci": 0.6617,
    "classification_loss": 0.0,
    "cluster_loss": 0.0,
    "mae": 1.1468,
    "mse": 2.247,
    "multiclassification_loss": 0.0,
    "ortho_loss": 0.0,
    "pearson": 0.5049,
    "regression_loss": 2.2433,
    "rm2": 0.2326,
    "rmse": 1.499,
    "sd": 1.4562,
    "spearman": 0.4588,
    "spectral_loss": 0.0
}
                              
                              
----------------------------------------
Epoch 031 with LR 0.000239: Model Results
----------------------------------------
Train MSE Loss: 0.7408, Train CLS Loss: 0.0000, Train MCLS Loss: 0.0000
Protein Cluster Region Loss - Ortho Loss: 0.0000, Cluster Loss: 0.0000
                              
Validation Results: {
    "ci": 0.7086,
    "classification_loss": 0.0,
    "cluster_loss": 0.0,
    "mae": 1.1211,
    "mse": 2.2534,
    "multiclassification_loss": 0.0,
    "ortho_loss": 0.0,
    "pearson": 0.5935,
    "regression_loss": 2.2835,
    "rm2": 0.3317,
    "rmse": 1.5011,
    "sd": 1.4616,
    "spearman": 0.5814,
    "spectral_loss": 0.0
}
                              
Test Results: {
    "ci": 0.6617,
    "classification_loss": 0.0,
    "cluster_loss": 0.0,
    "mae": 1.1468,
    "mse": 2.247,
    "multiclassification_loss": 0.0,
    "ortho_loss": 0.0,
    "pearson": 0.5049,
    "regression_loss": 2.2433,
    "rm2": 0.2326,
    "rmse": 1.499,
    "sd": 1.4562,
    "spearman": 0.4588,
    "spectral_loss": 0.0
}
                              
                              
----------------------------------------
Epoch 032 with LR 0.000235: Model Results
----------------------------------------
Train MSE Loss: 0.7269, Train CLS Loss: 0.0000, Train MCLS Loss: 0.0000
Protein Cluster Region Loss - Ortho Loss: 0.0000, Cluster Loss: 0.0000
                              
Validation Results: {
    "ci": 0.7067,
    "classification_loss": 0.0,
    "cluster_loss": 0.0,
    "mae": 1.1332,
    "mse": 2.2876,
    "multiclassification_loss": 0.0,
    "ortho_loss": 0.0,
    "pearson": 0.5932,
    "regression_loss": 2.354,
    "rm2": 0.313,
    "rmse": 1.5125,
    "sd": 1.4621,
    "spearman": 0.5776,
    "spectral_loss": 0.0
}
                              
Test Results: {
    "ci": 0.6617,
    "classification_loss": 0.0,
    "cluster_loss": 0.0,
    "mae": 1.1468,
    "mse": 2.247,
    "multiclassification_loss": 0.0,
    "ortho_loss": 0.0,
    "pearson": 0.5049,
    "regression_loss": 2.2433,
    "rm2": 0.2326,
    "rmse": 1.499,
    "sd": 1.4562,
    "spearman": 0.4588,
    "spectral_loss": 0.0
}
                              
                              
----------------------------------------
Epoch 033 with LR 0.000231: Model Results
----------------------------------------
Train MSE Loss: 0.7079, Train CLS Loss: 0.0000, Train MCLS Loss: 0.0000
Protein Cluster Region Loss - Ortho Loss: 0.0000, Cluster Loss: 0.0000
                              
Validation Results: {
    "ci": 0.6992,
    "classification_loss": 0.0,
    "cluster_loss": 0.0,
    "mae": 1.1376,
    "mse": 2.3142,
    "multiclassification_loss": 0.0,
    "ortho_loss": 0.0,
    "pearson": 0.5763,
    "regression_loss": 2.3152,
    "rm2": 0.3004,
    "rmse": 1.5213,
    "sd": 1.4842,
    "spearman": 0.5572,
    "spectral_loss": 0.0
}
                              
Test Results: {
    "ci": 0.6617,
    "classification_loss": 0.0,
    "cluster_loss": 0.0,
    "mae": 1.1468,
    "mse": 2.247,
    "multiclassification_loss": 0.0,
    "ortho_loss": 0.0,
    "pearson": 0.5049,
    "regression_loss": 2.2433,
    "rm2": 0.2326,
    "rmse": 1.499,
    "sd": 1.4562,
    "spearman": 0.4588,
    "spectral_loss": 0.0
}
                              
                              
----------------------------------------
Epoch 034 with LR 0.000227: Model Results
----------------------------------------
Train MSE Loss: 0.6930, Train CLS Loss: 0.0000, Train MCLS Loss: 0.0000
Protein Cluster Region Loss - Ortho Loss: 0.0000, Cluster Loss: 0.0000
                              
Validation Results: {
    "ci": 0.7101,
    "classification_loss": 0.0,
    "cluster_loss": 0.0,
    "mae": 1.0868,
    "mse": 2.1654,
    "multiclassification_loss": 0.0,
    "ortho_loss": 0.0,
    "pearson": 0.6004,
    "regression_loss": 2.1955,
    "rm2": 0.3428,
    "rmse": 1.4715,
    "sd": 1.4523,
    "spearman": 0.5832,
    "spectral_loss": 0.0
}
                              
Test Results: {
    "ci": 0.6617,
    "classification_loss": 0.0,
    "cluster_loss": 0.0,
    "mae": 1.1468,
    "mse": 2.247,
    "multiclassification_loss": 0.0,
    "ortho_loss": 0.0,
    "pearson": 0.5049,
    "regression_loss": 2.2433,
    "rm2": 0.2326,
    "rmse": 1.499,
    "sd": 1.4562,
    "spearman": 0.4588,
    "spectral_loss": 0.0
}
                              
                              
----------------------------------------
Epoch 035 with LR 0.000223: Model Results
----------------------------------------
Train MSE Loss: 0.6867, Train CLS Loss: 0.0000, Train MCLS Loss: 0.0000
Protein Cluster Region Loss - Ortho Loss: 0.0000, Cluster Loss: 0.0000
                              
Validation Results: {
    "ci": 0.7129,
    "classification_loss": 0.0,
    "cluster_loss": 0.0,
    "mae": 1.1019,
    "mse": 2.1997,
    "multiclassification_loss": 0.0,
    "ortho_loss": 0.0,
    "pearson": 0.5994,
    "regression_loss": 2.2796,
    "rm2": 0.3164,
    "rmse": 1.4831,
    "sd": 1.4537,
    "spearman": 0.5899,
    "spectral_loss": 0.0
}
                              
Test Results: {
    "ci": 0.6617,
    "classification_loss": 0.0,
    "cluster_loss": 0.0,
    "mae": 1.1468,
    "mse": 2.247,
    "multiclassification_loss": 0.0,
    "ortho_loss": 0.0,
    "pearson": 0.5049,
    "regression_loss": 2.2433,
    "rm2": 0.2326,
    "rmse": 1.499,
    "sd": 1.4562,
    "spearman": 0.4588,
    "spectral_loss": 0.0
}
                              
                              
----------------------------------------
Epoch 036 with LR 0.000219: Model Results
----------------------------------------
Train MSE Loss: 0.6665, Train CLS Loss: 0.0000, Train MCLS Loss: 0.0000
Protein Cluster Region Loss - Ortho Loss: 0.0000, Cluster Loss: 0.0000
                              
Validation Results: {
    "ci": 0.7064,
    "classification_loss": 0.0,
    "cluster_loss": 0.0,
    "mae": 1.1216,
    "mse": 2.2737,
    "multiclassification_loss": 0.0,
    "ortho_loss": 0.0,
    "pearson": 0.5895,
    "regression_loss": 2.2832,
    "rm2": 0.3076,
    "rmse": 1.5079,
    "sd": 1.4669,
    "spearman": 0.5749,
    "spectral_loss": 0.0
}
                              
Test Results: {
    "ci": 0.6617,
    "classification_loss": 0.0,
    "cluster_loss": 0.0,
    "mae": 1.1468,
    "mse": 2.247,
    "multiclassification_loss": 0.0,
    "ortho_loss": 0.0,
    "pearson": 0.5049,
    "regression_loss": 2.2433,
    "rm2": 0.2326,
    "rmse": 1.499,
    "sd": 1.4562,
    "spearman": 0.4588,
    "spectral_loss": 0.0
}
                              
                              
----------------------------------------
Epoch 037 with LR 0.000214: Model Results
----------------------------------------
Train MSE Loss: 0.6465, Train CLS Loss: 0.0000, Train MCLS Loss: 0.0000
Protein Cluster Region Loss - Ortho Loss: 0.0000, Cluster Loss: 0.0000
                              
Validation Results: {
    "ci": 0.6993,
    "classification_loss": 0.0,
    "cluster_loss": 0.0,
    "mae": 1.1479,
    "mse": 2.3546,
    "multiclassification_loss": 0.0,
    "ortho_loss": 0.0,
    "pearson": 0.5692,
    "regression_loss": 2.3572,
    "rm2": 0.2955,
    "rmse": 1.5345,
    "sd": 1.4931,
    "spearman": 0.5583,
    "spectral_loss": 0.0
}
                              
Test Results: {
    "ci": 0.6617,
    "classification_loss": 0.0,
    "cluster_loss": 0.0,
    "mae": 1.1468,
    "mse": 2.247,
    "multiclassification_loss": 0.0,
    "ortho_loss": 0.0,
    "pearson": 0.5049,
    "regression_loss": 2.2433,
    "rm2": 0.2326,
    "rmse": 1.499,
    "sd": 1.4562,
    "spearman": 0.4588,
    "spectral_loss": 0.0
}
                              
                              
----------------------------------------
Epoch 038 with LR 0.000210: Model Results
----------------------------------------
Train MSE Loss: 0.6392, Train CLS Loss: 0.0000, Train MCLS Loss: 0.0000
Protein Cluster Region Loss - Ortho Loss: 0.0000, Cluster Loss: 0.0000
                              
Validation Results: {
    "ci": 0.7094,
    "classification_loss": 0.0,
    "cluster_loss": 0.0,
    "mae": 1.1037,
    "mse": 2.1876,
    "multiclassification_loss": 0.0,
    "ortho_loss": 0.0,
    "pearson": 0.5985,
    "regression_loss": 2.2276,
    "rm2": 0.3243,
    "rmse": 1.479,
    "sd": 1.455,
    "spearman": 0.5795,
    "spectral_loss": 0.0
}
                              
Test Results: {
    "ci": 0.6617,
    "classification_loss": 0.0,
    "cluster_loss": 0.0,
    "mae": 1.1468,
    "mse": 2.247,
    "multiclassification_loss": 0.0,
    "ortho_loss": 0.0,
    "pearson": 0.5049,
    "regression_loss": 2.2433,
    "rm2": 0.2326,
    "rmse": 1.499,
    "sd": 1.4562,
    "spearman": 0.4588,
    "spectral_loss": 0.0
}
                              
                              
----------------------------------------
Epoch 039 with LR 0.000206: Model Results
----------------------------------------
Train MSE Loss: 0.6394, Train CLS Loss: 0.0000, Train MCLS Loss: 0.0000
Protein Cluster Region Loss - Ortho Loss: 0.0000, Cluster Loss: 0.0000
                              
Validation Results: {
    "ci": 0.705,
    "classification_loss": 0.0,
    "cluster_loss": 0.0,
    "mae": 1.1318,
    "mse": 2.2664,
    "multiclassification_loss": 0.0,
    "ortho_loss": 0.0,
    "pearson": 0.5879,
    "regression_loss": 2.2821,
    "rm2": 0.3048,
    "rmse": 1.5055,
    "sd": 1.4691,
    "spearman": 0.5718,
    "spectral_loss": 0.0
}
                              
Test Results: {
    "ci": 0.6617,
    "classification_loss": 0.0,
    "cluster_loss": 0.0,
    "mae": 1.1468,
    "mse": 2.247,
    "multiclassification_loss": 0.0,
    "ortho_loss": 0.0,
    "pearson": 0.5049,
    "regression_loss": 2.2433,
    "rm2": 0.2326,
    "rmse": 1.499,
    "sd": 1.4562,
    "spearman": 0.4588,
    "spectral_loss": 0.0
}
                              
                              
----------------------------------------
Epoch 040 with LR 0.000201: Model Results
----------------------------------------
Train MSE Loss: 0.6195, Train CLS Loss: 0.0000, Train MCLS Loss: 0.0000
Protein Cluster Region Loss - Ortho Loss: 0.0000, Cluster Loss: 0.0000
                              
Validation Results: {
    "ci": 0.7101,
    "classification_loss": 0.0,
    "cluster_loss": 0.0,
    "mae": 1.1044,
    "mse": 2.1882,
    "multiclassification_loss": 0.0,
    "ortho_loss": 0.0,
    "pearson": 0.6011,
    "regression_loss": 2.2401,
    "rm2": 0.3175,
    "rmse": 1.4793,
    "sd": 1.4514,
    "spearman": 0.5812,
    "spectral_loss": 0.0
}
                              
Test Results: {
    "ci": 0.6617,
    "classification_loss": 0.0,
    "cluster_loss": 0.0,
    "mae": 1.1468,
    "mse": 2.247,
    "multiclassification_loss": 0.0,
    "ortho_loss": 0.0,
    "pearson": 0.5049,
    "regression_loss": 2.2433,
    "rm2": 0.2326,
    "rmse": 1.499,
    "sd": 1.4562,
    "spearman": 0.4588,
    "spectral_loss": 0.0
}
                              
                              
----------------------------------------
Epoch 041 with LR 0.000197: Model Results
----------------------------------------
Train MSE Loss: 0.6074, Train CLS Loss: 0.0000, Train MCLS Loss: 0.0000
Protein Cluster Region Loss - Ortho Loss: 0.0000, Cluster Loss: 0.0000
                              
Validation Results: {
    "ci": 0.7034,
    "classification_loss": 0.0,
    "cluster_loss": 0.0,
    "mae": 1.1336,
    "mse": 2.2732,
    "multiclassification_loss": 0.0,
    "ortho_loss": 0.0,
    "pearson": 0.5817,
    "regression_loss": 2.3279,
    "rm2": 0.2967,
    "rmse": 1.5077,
    "sd": 1.4772,
    "spearman": 0.5655,
    "spectral_loss": 0.0
}
                              
Test Results: {
    "ci": 0.6617,
    "classification_loss": 0.0,
    "cluster_loss": 0.0,
    "mae": 1.1468,
    "mse": 2.247,
    "multiclassification_loss": 0.0,
    "ortho_loss": 0.0,
    "pearson": 0.5049,
    "regression_loss": 2.2433,
    "rm2": 0.2326,
    "rmse": 1.499,
    "sd": 1.4562,
    "spearman": 0.4588,
    "spectral_loss": 0.0
}
                              
                              
----------------------------------------
Epoch 042 with LR 0.000192: Model Results
----------------------------------------
Train MSE Loss: 0.5965, Train CLS Loss: 0.0000, Train MCLS Loss: 0.0000
Protein Cluster Region Loss - Ortho Loss: 0.0000, Cluster Loss: 0.0000
                              
Validation Results: {
    "ci": 0.7041,
    "classification_loss": 0.0,
    "cluster_loss": 0.0,
    "mae": 1.1159,
    "mse": 2.2407,
    "multiclassification_loss": 0.0,
    "ortho_loss": 0.0,
    "pearson": 0.5844,
    "regression_loss": 2.2932,
    "rm2": 0.3073,
    "rmse": 1.4969,
    "sd": 1.4737,
    "spearman": 0.5668,
    "spectral_loss": 0.0
}
                              
Test Results: {
    "ci": 0.6617,
    "classification_loss": 0.0,
    "cluster_loss": 0.0,
    "mae": 1.1468,
    "mse": 2.247,
    "multiclassification_loss": 0.0,
    "ortho_loss": 0.0,
    "pearson": 0.5049,
    "regression_loss": 2.2433,
    "rm2": 0.2326,
    "rmse": 1.499,
    "sd": 1.4562,
    "spearman": 0.4588,
    "spectral_loss": 0.0
}
                              
                              
----------------------------------------
Epoch 043 with LR 0.000187: Model Results
----------------------------------------
Train MSE Loss: 0.5918, Train CLS Loss: 0.0000, Train MCLS Loss: 0.0000
Protein Cluster Region Loss - Ortho Loss: 0.0000, Cluster Loss: 0.0000
                              
Validation Results: {
    "ci": 0.6989,
    "classification_loss": 0.0,
    "cluster_loss": 0.0,
    "mae": 1.151,
    "mse": 2.3561,
    "multiclassification_loss": 0.0,
    "ortho_loss": 0.0,
    "pearson": 0.5761,
    "regression_loss": 2.3841,
    "rm2": 0.2886,
    "rmse": 1.535,
    "sd": 1.4844,
    "spearman": 0.5532,
    "spectral_loss": 0.0
}
                              
Test Results: {
    "ci": 0.6617,
    "classification_loss": 0.0,
    "cluster_loss": 0.0,
    "mae": 1.1468,
    "mse": 2.247,
    "multiclassification_loss": 0.0,
    "ortho_loss": 0.0,
    "pearson": 0.5049,
    "regression_loss": 2.2433,
    "rm2": 0.2326,
    "rmse": 1.499,
    "sd": 1.4562,
    "spearman": 0.4588,
    "spectral_loss": 0.0
}
                              
                              
----------------------------------------
Epoch 044 with LR 0.000183: Model Results
----------------------------------------
Train MSE Loss: 0.5654, Train CLS Loss: 0.0000, Train MCLS Loss: 0.0000
Protein Cluster Region Loss - Ortho Loss: 0.0000, Cluster Loss: 0.0000
                              
Validation Results: {
    "ci": 0.7024,
    "classification_loss": 0.0,
    "cluster_loss": 0.0,
    "mae": 1.1308,
    "mse": 2.2745,
    "multiclassification_loss": 0.0,
    "ortho_loss": 0.0,
    "pearson": 0.5851,
    "regression_loss": 2.3274,
    "rm2": 0.3045,
    "rmse": 1.5081,
    "sd": 1.4727,
    "spearman": 0.5637,
    "spectral_loss": 0.0
}
                              
Test Results: {
    "ci": 0.6617,
    "classification_loss": 0.0,
    "cluster_loss": 0.0,
    "mae": 1.1468,
    "mse": 2.247,
    "multiclassification_loss": 0.0,
    "ortho_loss": 0.0,
    "pearson": 0.5049,
    "regression_loss": 2.2433,
    "rm2": 0.2326,
    "rmse": 1.499,
    "sd": 1.4562,
    "spearman": 0.4588,
    "spectral_loss": 0.0
}
                              
                              
----------------------------------------
Epoch 045 with LR 0.000178: Model Results
----------------------------------------
Train MSE Loss: 0.5626, Train CLS Loss: 0.0000, Train MCLS Loss: 0.0000
Protein Cluster Region Loss - Ortho Loss: 0.0000, Cluster Loss: 0.0000
                              
Validation Results: {
    "ci": 0.701,
    "classification_loss": 0.0,
    "cluster_loss": 0.0,
    "mae": 1.1117,
    "mse": 2.1736,
    "multiclassification_loss": 0.0,
    "ortho_loss": 0.0,
    "pearson": 0.5927,
    "regression_loss": 2.2152,
    "rm2": 0.3309,
    "rmse": 1.4743,
    "sd": 1.4627,
    "spearman": 0.5623,
    "spectral_loss": 0.0
}
                              
Test Results: {
    "ci": 0.6617,
    "classification_loss": 0.0,
    "cluster_loss": 0.0,
    "mae": 1.1468,
    "mse": 2.247,
    "multiclassification_loss": 0.0,
    "ortho_loss": 0.0,
    "pearson": 0.5049,
    "regression_loss": 2.2433,
    "rm2": 0.2326,
    "rmse": 1.499,
    "sd": 1.4562,
    "spearman": 0.4588,
    "spectral_loss": 0.0
}
                              
                              
----------------------------------------
Epoch 046 with LR 0.000173: Model Results
----------------------------------------
Train MSE Loss: 0.5539, Train CLS Loss: 0.0000, Train MCLS Loss: 0.0000
Protein Cluster Region Loss - Ortho Loss: 0.0000, Cluster Loss: 0.0000
                              
Validation Results: {
    "ci": 0.7095,
    "classification_loss": 0.0,
    "cluster_loss": 0.0,
    "mae": 1.1168,
    "mse": 2.2455,
    "multiclassification_loss": 0.0,
    "ortho_loss": 0.0,
    "pearson": 0.6011,
    "regression_loss": 2.2655,
    "rm2": 0.3399,
    "rmse": 1.4985,
    "sd": 1.4513,
    "spearman": 0.5816,
    "spectral_loss": 0.0
}
                              
Test Results: {
    "ci": 0.6617,
    "classification_loss": 0.0,
    "cluster_loss": 0.0,
    "mae": 1.1468,
    "mse": 2.247,
    "multiclassification_loss": 0.0,
    "ortho_loss": 0.0,
    "pearson": 0.5049,
    "regression_loss": 2.2433,
    "rm2": 0.2326,
    "rmse": 1.499,
    "sd": 1.4562,
    "spearman": 0.4588,
    "spectral_loss": 0.0
}
                              
                              
----------------------------------------
Epoch 047 with LR 0.000169: Model Results
----------------------------------------
Train MSE Loss: 0.5462, Train CLS Loss: 0.0000, Train MCLS Loss: 0.0000
Protein Cluster Region Loss - Ortho Loss: 0.0000, Cluster Loss: 0.0000
                              
Validation Results: {
    "ci": 0.708,
    "classification_loss": 0.0,
    "cluster_loss": 0.0,
    "mae": 1.1132,
    "mse": 2.2333,
    "multiclassification_loss": 0.0,
    "ortho_loss": 0.0,
    "pearson": 0.5951,
    "regression_loss": 2.2589,
    "rm2": 0.3283,
    "rmse": 1.4944,
    "sd": 1.4595,
    "spearman": 0.5799,
    "spectral_loss": 0.0
}
                              
Test Results: {
    "ci": 0.6617,
    "classification_loss": 0.0,
    "cluster_loss": 0.0,
    "mae": 1.1468,
    "mse": 2.247,
    "multiclassification_loss": 0.0,
    "ortho_loss": 0.0,
    "pearson": 0.5049,
    "regression_loss": 2.2433,
    "rm2": 0.2326,
    "rmse": 1.499,
    "sd": 1.4562,
    "spearman": 0.4588,
    "spectral_loss": 0.0
}
                              
                              
----------------------------------------
Epoch 048 with LR 0.000164: Model Results
----------------------------------------
Train MSE Loss: 0.5320, Train CLS Loss: 0.0000, Train MCLS Loss: 0.0000
Protein Cluster Region Loss - Ortho Loss: 0.0000, Cluster Loss: 0.0000
                              
Validation Results: {
    "ci": 0.7041,
    "classification_loss": 0.0,
    "cluster_loss": 0.0,
    "mae": 1.1279,
    "mse": 2.2319,
    "multiclassification_loss": 0.0,
    "ortho_loss": 0.0,
    "pearson": 0.5925,
    "regression_loss": 2.2618,
    "rm2": 0.3204,
    "rmse": 1.4939,
    "sd": 1.463,
    "spearman": 0.5701,
    "spectral_loss": 0.0
}
                              
Test Results: {
    "ci": 0.6617,
    "classification_loss": 0.0,
    "cluster_loss": 0.0,
    "mae": 1.1468,
    "mse": 2.247,
    "multiclassification_loss": 0.0,
    "ortho_loss": 0.0,
    "pearson": 0.5049,
    "regression_loss": 2.2433,
    "rm2": 0.2326,
    "rmse": 1.499,
    "sd": 1.4562,
    "spearman": 0.4588,
    "spectral_loss": 0.0
}
                              
                              
----------------------------------------
Epoch 049 with LR 0.000159: Model Results
----------------------------------------
Train MSE Loss: 0.5233, Train CLS Loss: 0.0000, Train MCLS Loss: 0.0000
Protein Cluster Region Loss - Ortho Loss: 0.0000, Cluster Loss: 0.0000
                              
Validation Results: {
    "ci": 0.7086,
    "classification_loss": 0.0,
    "cluster_loss": 0.0,
    "mae": 1.1377,
    "mse": 2.2697,
    "multiclassification_loss": 0.0,
    "ortho_loss": 0.0,
    "pearson": 0.5995,
    "regression_loss": 2.3594,
    "rm2": 0.2993,
    "rmse": 1.5066,
    "sd": 1.4535,
    "spearman": 0.5796,
    "spectral_loss": 0.0
}
                              
Test Results: {
    "ci": 0.6617,
    "classification_loss": 0.0,
    "cluster_loss": 0.0,
    "mae": 1.1468,
    "mse": 2.247,
    "multiclassification_loss": 0.0,
    "ortho_loss": 0.0,
    "pearson": 0.5049,
    "regression_loss": 2.2433,
    "rm2": 0.2326,
    "rmse": 1.499,
    "sd": 1.4562,
    "spearman": 0.4588,
    "spectral_loss": 0.0
}
                              
                              
----------------------------------------
Epoch 050 with LR 0.000154: Model Results
----------------------------------------
Train MSE Loss: 0.5052, Train CLS Loss: 0.0000, Train MCLS Loss: 0.0000
Protein Cluster Region Loss - Ortho Loss: 0.0000, Cluster Loss: 0.0000
                              
Validation Results: {
    "ci": 0.7062,
    "classification_loss": 0.0,
    "cluster_loss": 0.0,
    "mae": 1.1169,
    "mse": 2.2511,
    "multiclassification_loss": 0.0,
    "ortho_loss": 0.0,
    "pearson": 0.5918,
    "regression_loss": 2.3273,
    "rm2": 0.3111,
    "rmse": 1.5004,
    "sd": 1.4639,
    "spearman": 0.5739,
    "spectral_loss": 0.0
}
                              
Test Results: {
    "ci": 0.6617,
    "classification_loss": 0.0,
    "cluster_loss": 0.0,
    "mae": 1.1468,
    "mse": 2.247,
    "multiclassification_loss": 0.0,
    "ortho_loss": 0.0,
    "pearson": 0.5049,
    "regression_loss": 2.2433,
    "rm2": 0.2326,
    "rmse": 1.499,
    "sd": 1.4562,
    "spearman": 0.4588,
    "spectral_loss": 0.0
}
                              
                              
----------------------------------------
Epoch 051 with LR 0.000150: Model Results
----------------------------------------
Train MSE Loss: 0.5015, Train CLS Loss: 0.0000, Train MCLS Loss: 0.0000
Protein Cluster Region Loss - Ortho Loss: 0.0000, Cluster Loss: 0.0000
                              
Validation Results: {
    "ci": 0.7055,
    "classification_loss": 0.0,
    "cluster_loss": 0.0,
    "mae": 1.1132,
    "mse": 2.2172,
    "multiclassification_loss": 0.0,
    "ortho_loss": 0.0,
    "pearson": 0.5973,
    "regression_loss": 2.2487,
    "rm2": 0.3343,
    "rmse": 1.489,
    "sd": 1.4566,
    "spearman": 0.5724,
    "spectral_loss": 0.0
}
                              
Test Results: {
    "ci": 0.6617,
    "classification_loss": 0.0,
    "cluster_loss": 0.0,
    "mae": 1.1468,
    "mse": 2.247,
    "multiclassification_loss": 0.0,
    "ortho_loss": 0.0,
    "pearson": 0.5049,
    "regression_loss": 2.2433,
    "rm2": 0.2326,
    "rmse": 1.499,
    "sd": 1.4562,
    "spearman": 0.4588,
    "spectral_loss": 0.0
}
                              
                              
----------------------------------------
Epoch 052 with LR 0.000145: Model Results
----------------------------------------
Train MSE Loss: 0.4932, Train CLS Loss: 0.0000, Train MCLS Loss: 0.0000
Protein Cluster Region Loss - Ortho Loss: 0.0000, Cluster Loss: 0.0000
                              
Validation Results: {
    "ci": 0.7038,
    "classification_loss": 0.0,
    "cluster_loss": 0.0,
    "mae": 1.1276,
    "mse": 2.2752,
    "multiclassification_loss": 0.0,
    "ortho_loss": 0.0,
    "pearson": 0.5909,
    "regression_loss": 2.2765,
    "rm2": 0.3173,
    "rmse": 1.5084,
    "sd": 1.4652,
    "spearman": 0.568,
    "spectral_loss": 0.0
}
                              
Test Results: {
    "ci": 0.6617,
    "classification_loss": 0.0,
    "cluster_loss": 0.0,
    "mae": 1.1468,
    "mse": 2.247,
    "multiclassification_loss": 0.0,
    "ortho_loss": 0.0,
    "pearson": 0.5049,
    "regression_loss": 2.2433,
    "rm2": 0.2326,
    "rmse": 1.499,
    "sd": 1.4562,
    "spearman": 0.4588,
    "spectral_loss": 0.0
}
                              
                              
----------------------------------------
Epoch 053 with LR 0.000140: Model Results
----------------------------------------
Train MSE Loss: 0.4859, Train CLS Loss: 0.0000, Train MCLS Loss: 0.0000
Protein Cluster Region Loss - Ortho Loss: 0.0000, Cluster Loss: 0.0000
                              
Validation Results: {
    "ci": 0.7116,
    "classification_loss": 0.0,
    "cluster_loss": 0.0,
    "mae": 1.1034,
    "mse": 2.1974,
    "multiclassification_loss": 0.0,
    "ortho_loss": 0.0,
    "pearson": 0.6044,
    "regression_loss": 2.2639,
    "rm2": 0.342,
    "rmse": 1.4824,
    "sd": 1.4469,
    "spearman": 0.5874,
    "spectral_loss": 0.0
}
                              
Test Results: {
    "ci": 0.6617,
    "classification_loss": 0.0,
    "cluster_loss": 0.0,
    "mae": 1.1468,
    "mse": 2.247,
    "multiclassification_loss": 0.0,
    "ortho_loss": 0.0,
    "pearson": 0.5049,
    "regression_loss": 2.2433,
    "rm2": 0.2326,
    "rmse": 1.499,
    "sd": 1.4562,
    "spearman": 0.4588,
    "spectral_loss": 0.0
}
                              
                              
----------------------------------------
Epoch 054 with LR 0.000135: Model Results
----------------------------------------
Train MSE Loss: 0.4835, Train CLS Loss: 0.0000, Train MCLS Loss: 0.0000
Protein Cluster Region Loss - Ortho Loss: 0.0000, Cluster Loss: 0.0000
                              
Validation Results: {
    "ci": 0.7062,
    "classification_loss": 0.0,
    "cluster_loss": 0.0,
    "mae": 1.1089,
    "mse": 2.1654,
    "multiclassification_loss": 0.0,
    "ortho_loss": 0.0,
    "pearson": 0.5997,
    "regression_loss": 2.2259,
    "rm2": 0.3294,
    "rmse": 1.4715,
    "sd": 1.4532,
    "spearman": 0.5742,
    "spectral_loss": 0.0
}
                              
Test Results: {
    "ci": 0.6617,
    "classification_loss": 0.0,
    "cluster_loss": 0.0,
    "mae": 1.1468,
    "mse": 2.247,
    "multiclassification_loss": 0.0,
    "ortho_loss": 0.0,
    "pearson": 0.5049,
    "regression_loss": 2.2433,
    "rm2": 0.2326,
    "rmse": 1.499,
    "sd": 1.4562,
    "spearman": 0.4588,
    "spectral_loss": 0.0
}
                              
                              
----------------------------------------
Epoch 055 with LR 0.000131: Model Results
----------------------------------------
Train MSE Loss: 0.4740, Train CLS Loss: 0.0000, Train MCLS Loss: 0.0000
Protein Cluster Region Loss - Ortho Loss: 0.0000, Cluster Loss: 0.0000
                              
Validation Results: {
    "ci": 0.711,
    "classification_loss": 0.0,
    "cluster_loss": 0.0,
    "mae": 1.1058,
    "mse": 2.2109,
    "multiclassification_loss": 0.0,
    "ortho_loss": 0.0,
    "pearson": 0.602,
    "regression_loss": 2.3014,
    "rm2": 0.3201,
    "rmse": 1.4869,
    "sd": 1.4502,
    "spearman": 0.5848,
    "spectral_loss": 0.0
}
                              
Test Results: {
    "ci": 0.6617,
    "classification_loss": 0.0,
    "cluster_loss": 0.0,
    "mae": 1.1468,
    "mse": 2.247,
    "multiclassification_loss": 0.0,
    "ortho_loss": 0.0,
    "pearson": 0.5049,
    "regression_loss": 2.2433,
    "rm2": 0.2326,
    "rmse": 1.499,
    "sd": 1.4562,
    "spearman": 0.4588,
    "spectral_loss": 0.0
}

Early stopping at epoch 55 (no improvement for 25 epochs)
[best epoch] epoch=30, best_rmse=1.4687, lr_at_best=2.428e-04
                              
                              
----------------------------------------
Epoch 055 with LR 0.000131: Model Results
----------------------------------------
Train MSE Loss: 0.4740, Train CLS Loss: 0.0000, Train MCLS Loss: 0.0000
Protein Cluster Region Loss - Ortho Loss: 0.0000, Cluster Loss: 0.0000
                              
Validation Results: {
    "ci": 0.711,
    "classification_loss": 0.0,
    "cluster_loss": 0.0,
    "mae": 1.1058,
    "mse": 2.2109,
    "multiclassification_loss": 0.0,
    "ortho_loss": 0.0,
    "pearson": 0.602,
    "regression_loss": 2.3014,
    "rm2": 0.3201,
    "rmse": 1.4869,
    "sd": 1.4502,
    "spearman": 0.5848,
    "spectral_loss": 0.0
}
                              
Test Results: {
    "ci": 0.6617,
    "classification_loss": 0.0,
    "cluster_loss": 0.0,
    "mae": 1.1468,
    "mse": 2.247,
    "multiclassification_loss": 0.0,
    "ortho_loss": 0.0,
    "pearson": 0.5049,
    "regression_loss": 2.2433,
    "rm2": 0.2326,
    "rmse": 1.499,
    "sd": 1.4562,
    "spearman": 0.4588,
    "spectral_loss": 0.0
}
Final test metrics: rmse=1.4989, pearson=0.5049, r2_proxy(mse)=2.2466
Done. Predictions: /sc/arion/projects/DiseaseGeneCell/Huang_lab_project/wangcDrugRepoProject/TRACE_Kin_Results_v6c_pocket_graph/EITLEM_dataset/EITLEM_kkm_MUTAPLM_embedding_cold_drug/test_prediction_seed3.csv; checkpoint: /sc/arion/projects/DiseaseGeneCell/Huang_lab_project/wangcDrugRepoProject/TRACE_Kin_Results_v6c_pocket_graph/EITLEM_dataset/EITLEM_kkm_MUTAPLM_embedding_cold_drug/save_model_seed3/model.pt

Array task 1/10: OK (EITLEM_kkm_MUTAPLM_embedding_cold_drug)


PS:

Read file <243258508.1.stderr> for stderr output of this job.

