Sender: LSF System <lsfadmin@lg03e09>
Subject: Job 243258508[4]: <trace_kin_v6c_perfolder_s3[1-10]> in cluster <chimera> Done

Job <trace_kin_v6c_perfolder_s3[1-10]> was submitted from host <li04e03> by user <wangc40> in cluster <chimera> at Mon May 11 23:27:09 2026
Job was executed on host(s) <16*lg03e09>, in queue <gpu>, as user <wangc40> in cluster <chimera> at Mon May 11 23:27:14 2026
</hpc/users/wangc40> was used as the home directory.
</sc/arion/projects/DiseaseGeneCell/Huang_lab_project/wangcDrugRepoProject/TRACE-Kin> was used as the working directory.
Started at Mon May 11 23:27:14 2026
Terminated at Tue May 12 00:40:12 2026
Results reported at Tue May 12 00:40:12 2026

Your job looked like:

------------------------------------------------------------
# LSBATCH: User input
#!/bin/bash
#BSUB -J trace_kin_v6c_perfolder_s3[1-10]
#BSUB -P acc_DiseaseGeneCell
#BSUB -q gpu
#BSUB -R h100nvl
#BSUB -gpu num=1
#BSUB -n 16
#BSUB -R "rusage[mem=15000]"
#BSUB -R "span[hosts=1]"
#BSUB -W 48:00
#BSUB -o %J.%I.stdout
#BSUB -eo %J.%I.stderr
#BSUB -L /bin/bash

# =============================================================================
# TRACE-Kin v6c PER-FOLDER — seed 3
# =============================================================================

# --- Environment -------------------------------------------------------------
ml purge
source ~/.bashrc
module load anaconda3/2024.06
source activate test
module load cuda/12.4.0
export RAYON_NUM_THREADS=4
export PYTORCH_CUDA_ALLOC_CONF=expandable_segments:True
export PYTHONPATH="$PWD${PYTHONPATH:+:$PYTHONPATH}"

# --- Knobs (env overrides) ---------------------------------------------------
ENZYME_BASE="${ENZYME_BASE:-/sc/arion/projects/DiseaseGeneCell/Huang_lab_project/drug_discovery/output/data/enzyme_embeddings_dataset}"
RESULT_BASE="${RESULT_BASE:-/sc/arion/projects/DiseaseGeneCell/Huang_lab_project/wangcDrugRepoProject/TRACE_Kin_Results_v6c_pocket_graph}"
MOLFORMER_PATH="${MOLFORMER_PATH:-/sc/arion/projects/DiseaseGeneCell/Huang_lab_project/wangcDrugRepoProject/transformersmodels/ibm/MoLFormer-XL-both-10pct}"
CONFIG_PATH="${CONFIG_PATH:-training/config_v6c.json}"
EPOCHS="${EPOCHS:-100}"
BATCH_SIZE="${BATCH_SIZE:-32}"
SEED=3
LRATE="${LRATE:-3e-4}"

# --- Per-array-index table (10 cells, MUTAPLM embedding) ---------------------
JOBS=(
    "EITLEM_dataset|EITLEM_kkm_MUTAPLM_embedding_cold_drug|"
    "catpred_dataset|catpred_kcat_MUTAPLM_embedding_random|"
    "inhouse_dataset|inhouse_Kd_MUTAPLM_embedding_random|"
    "EITLEM_dataset|EITLEM_kkm_MUTAPLM_embedding_random|"
    "EITLEM_dataset|EITLEM_kcat_MUTAPLM_embedding_cold_drug|"
    "MPEK_dataset|MPEK_kcat_MUTAPLM_embedding_cold_protein|"
    "EITLEM_dataset|EITLEM_km_MUTAPLM_embedding_cold_protein|"
    "catpred_dataset|catpred_ki_MUTAPLM_embedding_cold_protein|"
    "EITLEM_dataset|EITLEM_kkm_MUTAPLM_embedding_cold_protein|"
    "EITLEM_dataset|EITLEM_kcat_MUTAPLM_embedding_cold_protein|"

(... more ...)
------------------------------------------------------------

Successfully completed.

Resource usage summary:

    CPU time :                                   4901.00 sec.
    Max Memory :                                 25205 MB
    Average Memory :                             24368.15 MB
    Total Requested Memory :                     240000.00 MB
    Delta Memory :                               214795.00 MB
    Max Swap :                                   -
    Max Processes :                              21
    Max Threads :                                53
    Run time :                                   4378 sec.
    Turnaround time :                            4383 sec.

The output (if any) follows:

==========================================
TRACE-Kin v6c PER-FOLDER task 4/10 (seed=3)
==========================================
Date:        Mon May 11 23:27:17 EDT 2026
Dataset:     /sc/arion/projects/DiseaseGeneCell/Huang_lab_project/drug_discovery/output/data/enzyme_embeddings_dataset/EITLEM_dataset/EITLEM_kkm_MUTAPLM_embedding_random
Result:      /sc/arion/projects/DiseaseGeneCell/Huang_lab_project/wangcDrugRepoProject/TRACE_Kin_Results_v6c_pocket_graph/EITLEM_dataset/EITLEM_kkm_MUTAPLM_embedding_random
Config:      training/config_v6c.json
Epochs:      100, batch=32, seed=3, lr=3e-4
==========================================
Python 3.12.2
CUDA device: NVIDIA H100 80GB HBM3, sm_90
============================================================
TRACE-Kin training
============================================================
Datafolder:        /sc/arion/projects/DiseaseGeneCell/Huang_lab_project/drug_discovery/output/data/enzyme_embeddings_dataset/EITLEM_dataset/EITLEM_kkm_MUTAPLM_embedding_random
Result path:       /sc/arion/projects/DiseaseGeneCell/Huang_lab_project/wangcDrugRepoProject/TRACE_Kin_Results_v6c_pocket_graph/EITLEM_dataset/EITLEM_kkm_MUTAPLM_embedding_random
Config:            training/config_v6c.json
Pool train CSVs:   (none)
============================================================
[mem] before load_split_dataframes             max RSS = 0.61 GB
Loading primary train (essential cols): /sc/arion/projects/DiseaseGeneCell/Huang_lab_project/drug_discovery/output/data/enzyme_embeddings_dataset/EITLEM_dataset/EITLEM_kkm_MUTAPLM_embedding_random/train.parquet
Loading primary test (essential cols): /sc/arion/projects/DiseaseGeneCell/Huang_lab_project/drug_discovery/output/data/enzyme_embeddings_dataset/EITLEM_dataset/EITLEM_kkm_MUTAPLM_embedding_random/test.parquet
Loading primary val (essential cols): /sc/arion/projects/DiseaseGeneCell/Huang_lab_project/drug_discovery/output/data/enzyme_embeddings_dataset/EITLEM_dataset/EITLEM_kkm_MUTAPLM_embedding_random/val.parquet
Detected prot_evo_channels = 4096 (1-row sample)
[mem] after load_split_dataframes (lite — feature cols not loaded) max RSS = 0.83 GB
model_version: v6c, use_swa: False
Reusing protein cache: /sc/arion/projects/DiseaseGeneCell/Huang_lab_project/drug_discovery/output/data/enzyme_embeddings_dataset/EITLEM_dataset/EITLEM_kkm_MUTAPLM_embedding_random/protein.pt
Reusing ligand cache: /sc/arion/projects/DiseaseGeneCell/Huang_lab_project/drug_discovery/output/data/enzyme_embeddings_dataset/EITLEM_dataset/EITLEM_kkm_MUTAPLM_embedding_random/ligand.pt
[mem] after preprocess                         max RSS = 23.00 GB
loaders ready: train=343 test=43 val=43
[mem] after make_loaders                       max RSS = 23.00 GB
Built TraceKinV6C with 52,512,006 parameters
[AMP] enabled: dtype=torch.bfloat16
[LR schedule] schedule_lr=True, lrate=0.0003, min_lrate=1e-06, warmup_iters=500, lr_decay_iters=34300, total_iters=34300
Not in terminal, reprint now using normal build-in print function.
                              
                              
----------------------------------------
Epoch 001 with LR 0.000205: Model Results
----------------------------------------
Train MSE Loss: 2.9963, Train CLS Loss: 0.0000, Train MCLS Loss: 0.0000
Protein Cluster Region Loss - Ortho Loss: 0.0000, Cluster Loss: 0.0000
                              
Validation Results: {
    "ci": 0.6408,
    "classification_loss": 0.0,
    "cluster_loss": 0.0,
    "mae": 1.311,
    "mse": 2.7856,
    "multiclassification_loss": 0.0,
    "ortho_loss": 0.0,
    "pearson": 0.4105,
    "regression_loss": 2.7848,
    "rm2": 0.1543,
    "rmse": 1.669,
    "sd": 1.647,
    "spearman": 0.4061,
    "spectral_loss": 0.0
}
                              
Test Results: {
    "ci": 0.6372,
    "classification_loss": 0.0,
    "cluster_loss": 0.0,
    "mae": 1.33,
    "mse": 2.9608,
    "multiclassification_loss": 0.0,
    "ortho_loss": 0.0,
    "pearson": 0.4082,
    "regression_loss": 2.9616,
    "rm2": 0.1517,
    "rmse": 1.7207,
    "sd": 1.6941,
    "spearman": 0.4025,
    "spectral_loss": 0.0
}
                              
                              
----------------------------------------
Epoch 002 with LR 0.000300: Model Results
----------------------------------------
Train MSE Loss: 2.8036, Train CLS Loss: 0.0000, Train MCLS Loss: 0.0000
Protein Cluster Region Loss - Ortho Loss: 0.0000, Cluster Loss: 0.0000
                              
Validation Results: {
    "ci": 0.6603,
    "classification_loss": 0.0,
    "cluster_loss": 0.0,
    "mae": 1.3411,
    "mse": 2.8191,
    "multiclassification_loss": 0.0,
    "ortho_loss": 0.0,
    "pearson": 0.4787,
    "regression_loss": 2.8189,
    "rm2": 0.1981,
    "rmse": 1.679,
    "sd": 1.5858,
    "spearman": 0.4597,
    "spectral_loss": 0.0
}
                              
Test Results: {
    "ci": 0.6372,
    "classification_loss": 0.0,
    "cluster_loss": 0.0,
    "mae": 1.33,
    "mse": 2.9608,
    "multiclassification_loss": 0.0,
    "ortho_loss": 0.0,
    "pearson": 0.4082,
    "regression_loss": 2.9616,
    "rm2": 0.1517,
    "rmse": 1.7207,
    "sd": 1.6941,
    "spearman": 0.4025,
    "spectral_loss": 0.0
}
                              
                              
----------------------------------------
Epoch 003 with LR 0.000300: Model Results
----------------------------------------
Train MSE Loss: 2.4923, Train CLS Loss: 0.0000, Train MCLS Loss: 0.0000
Protein Cluster Region Loss - Ortho Loss: 0.0000, Cluster Loss: 0.0000
                              
Validation Results: {
    "ci": 0.679,
    "classification_loss": 0.0,
    "cluster_loss": 0.0,
    "mae": 1.2471,
    "mse": 2.5446,
    "multiclassification_loss": 0.0,
    "ortho_loss": 0.0,
    "pearson": 0.5307,
    "regression_loss": 2.5439,
    "rm2": 0.232,
    "rmse": 1.5952,
    "sd": 1.5309,
    "spearman": 0.5074,
    "spectral_loss": 0.0
}
                              
Test Results: {
    "ci": 0.6779,
    "classification_loss": 0.0,
    "cluster_loss": 0.0,
    "mae": 1.2893,
    "mse": 2.6742,
    "multiclassification_loss": 0.0,
    "ortho_loss": 0.0,
    "pearson": 0.5303,
    "regression_loss": 2.6736,
    "rm2": 0.2331,
    "rmse": 1.6353,
    "sd": 1.5733,
    "spearman": 0.5056,
    "spectral_loss": 0.0
}
                              
                              
----------------------------------------
Epoch 004 with LR 0.000300: Model Results
----------------------------------------
Train MSE Loss: 2.1003, Train CLS Loss: 0.0000, Train MCLS Loss: 0.0000
Protein Cluster Region Loss - Ortho Loss: 0.0000, Cluster Loss: 0.0000
                              
Validation Results: {
    "ci": 0.6914,
    "classification_loss": 0.0,
    "cluster_loss": 0.0,
    "mae": 1.1819,
    "mse": 2.3273,
    "multiclassification_loss": 0.0,
    "ortho_loss": 0.0,
    "pearson": 0.5533,
    "regression_loss": 2.3264,
    "rm2": 0.2756,
    "rmse": 1.5256,
    "sd": 1.5045,
    "spearman": 0.5366,
    "spectral_loss": 0.0
}
                              
Test Results: {
    "ci": 0.692,
    "classification_loss": 0.0,
    "cluster_loss": 0.0,
    "mae": 1.2046,
    "mse": 2.4069,
    "multiclassification_loss": 0.0,
    "ortho_loss": 0.0,
    "pearson": 0.5652,
    "regression_loss": 2.4088,
    "rm2": 0.2893,
    "rmse": 1.5514,
    "sd": 1.5308,
    "spearman": 0.5394,
    "spectral_loss": 0.0
}
                              
                              
----------------------------------------
Epoch 005 with LR 0.000299: Model Results
----------------------------------------
Train MSE Loss: 1.9323, Train CLS Loss: 0.0000, Train MCLS Loss: 0.0000
Protein Cluster Region Loss - Ortho Loss: 0.0000, Cluster Loss: 0.0000
                              
Validation Results: {
    "ci": 0.704,
    "classification_loss": 0.0,
    "cluster_loss": 0.0,
    "mae": 1.1768,
    "mse": 2.3065,
    "multiclassification_loss": 0.0,
    "ortho_loss": 0.0,
    "pearson": 0.581,
    "regression_loss": 2.3047,
    "rm2": 0.2837,
    "rmse": 1.5187,
    "sd": 1.4701,
    "spearman": 0.5694,
    "spectral_loss": 0.0
}
                              
Test Results: {
    "ci": 0.703,
    "classification_loss": 0.0,
    "cluster_loss": 0.0,
    "mae": 1.1988,
    "mse": 2.3712,
    "multiclassification_loss": 0.0,
    "ortho_loss": 0.0,
    "pearson": 0.5908,
    "regression_loss": 2.3708,
    "rm2": 0.3,
    "rmse": 1.5399,
    "sd": 1.4973,
    "spearman": 0.5664,
    "spectral_loss": 0.0
}
                              
                              
----------------------------------------
Epoch 006 with LR 0.000298: Model Results
----------------------------------------
Train MSE Loss: 1.7297, Train CLS Loss: 0.0000, Train MCLS Loss: 0.0000
Protein Cluster Region Loss - Ortho Loss: 0.0000, Cluster Loss: 0.0000
                              
Validation Results: {
    "ci": 0.7194,
    "classification_loss": 0.0,
    "cluster_loss": 0.0,
    "mae": 1.0769,
    "mse": 2.0677,
    "multiclassification_loss": 0.0,
    "ortho_loss": 0.0,
    "pearson": 0.6142,
    "regression_loss": 2.0671,
    "rm2": 0.3555,
    "rmse": 1.4379,
    "sd": 1.4254,
    "spearman": 0.6084,
    "spectral_loss": 0.0
}
                              
Test Results: {
    "ci": 0.7137,
    "classification_loss": 0.0,
    "cluster_loss": 0.0,
    "mae": 1.1004,
    "mse": 2.153,
    "multiclassification_loss": 0.0,
    "ortho_loss": 0.0,
    "pearson": 0.6196,
    "regression_loss": 2.1532,
    "rm2": 0.3602,
    "rmse": 1.4673,
    "sd": 1.4566,
    "spearman": 0.5929,
    "spectral_loss": 0.0
}
                              
                              
----------------------------------------
Epoch 007 with LR 0.000298: Model Results
----------------------------------------
Train MSE Loss: 1.5608, Train CLS Loss: 0.0000, Train MCLS Loss: 0.0000
Protein Cluster Region Loss - Ortho Loss: 0.0000, Cluster Loss: 0.0000
                              
Validation Results: {
    "ci": 0.7254,
    "classification_loss": 0.0,
    "cluster_loss": 0.0,
    "mae": 1.057,
    "mse": 2.0117,
    "multiclassification_loss": 0.0,
    "ortho_loss": 0.0,
    "pearson": 0.6259,
    "regression_loss": 2.0108,
    "rm2": 0.379,
    "rmse": 1.4183,
    "sd": 1.4087,
    "spearman": 0.6222,
    "spectral_loss": 0.0
}
                              
Test Results: {
    "ci": 0.7323,
    "classification_loss": 0.0,
    "cluster_loss": 0.0,
    "mae": 1.0512,
    "mse": 2.0199,
    "multiclassification_loss": 0.0,
    "ortho_loss": 0.0,
    "pearson": 0.645,
    "regression_loss": 2.0183,
    "rm2": 0.4106,
    "rmse": 1.4212,
    "sd": 1.4181,
    "spearman": 0.6348,
    "spectral_loss": 0.0
}
                              
                              
----------------------------------------
Epoch 008 with LR 0.000297: Model Results
----------------------------------------
Train MSE Loss: 1.4458, Train CLS Loss: 0.0000, Train MCLS Loss: 0.0000
Protein Cluster Region Loss - Ortho Loss: 0.0000, Cluster Loss: 0.0000
                              
Validation Results: {
    "ci": 0.739,
    "classification_loss": 0.0,
    "cluster_loss": 0.0,
    "mae": 1.0178,
    "mse": 1.9142,
    "multiclassification_loss": 0.0,
    "ortho_loss": 0.0,
    "pearson": 0.652,
    "regression_loss": 1.9145,
    "rm2": 0.406,
    "rmse": 1.3836,
    "sd": 1.3696,
    "spearman": 0.6513,
    "spectral_loss": 0.0
}
                              
Test Results: {
    "ci": 0.7387,
    "classification_loss": 0.0,
    "cluster_loss": 0.0,
    "mae": 1.0152,
    "mse": 1.9395,
    "multiclassification_loss": 0.0,
    "ortho_loss": 0.0,
    "pearson": 0.6666,
    "regression_loss": 1.9397,
    "rm2": 0.4245,
    "rmse": 1.3927,
    "sd": 1.3834,
    "spearman": 0.648,
    "spectral_loss": 0.0
}
                              
                              
----------------------------------------
Epoch 009 with LR 0.000296: Model Results
----------------------------------------
Train MSE Loss: 1.3546, Train CLS Loss: 0.0000, Train MCLS Loss: 0.0000
Protein Cluster Region Loss - Ortho Loss: 0.0000, Cluster Loss: 0.0000
                              
Validation Results: {
    "ci": 0.7315,
    "classification_loss": 0.0,
    "cluster_loss": 0.0,
    "mae": 1.0535,
    "mse": 1.9746,
    "multiclassification_loss": 0.0,
    "ortho_loss": 0.0,
    "pearson": 0.6366,
    "regression_loss": 1.9763,
    "rm2": 0.3678,
    "rmse": 1.4052,
    "sd": 1.393,
    "spearman": 0.6347,
    "spectral_loss": 0.0
}
                              
Test Results: {
    "ci": 0.7387,
    "classification_loss": 0.0,
    "cluster_loss": 0.0,
    "mae": 1.0152,
    "mse": 1.9395,
    "multiclassification_loss": 0.0,
    "ortho_loss": 0.0,
    "pearson": 0.6666,
    "regression_loss": 1.9397,
    "rm2": 0.4245,
    "rmse": 1.3927,
    "sd": 1.3834,
    "spearman": 0.648,
    "spectral_loss": 0.0
}
                              
                              
----------------------------------------
Epoch 010 with LR 0.000294: Model Results
----------------------------------------
Train MSE Loss: 1.2892, Train CLS Loss: 0.0000, Train MCLS Loss: 0.0000
Protein Cluster Region Loss - Ortho Loss: 0.0000, Cluster Loss: 0.0000
                              
Validation Results: {
    "ci": 0.7319,
    "classification_loss": 0.0,
    "cluster_loss": 0.0,
    "mae": 1.0365,
    "mse": 2.0062,
    "multiclassification_loss": 0.0,
    "ortho_loss": 0.0,
    "pearson": 0.6419,
    "regression_loss": 2.0052,
    "rm2": 0.3791,
    "rmse": 1.4164,
    "sd": 1.385,
    "spearman": 0.6321,
    "spectral_loss": 0.0
}
                              
Test Results: {
    "ci": 0.7387,
    "classification_loss": 0.0,
    "cluster_loss": 0.0,
    "mae": 1.0152,
    "mse": 1.9395,
    "multiclassification_loss": 0.0,
    "ortho_loss": 0.0,
    "pearson": 0.6666,
    "regression_loss": 1.9397,
    "rm2": 0.4245,
    "rmse": 1.3927,
    "sd": 1.3834,
    "spearman": 0.648,
    "spectral_loss": 0.0
}
                              
                              
----------------------------------------
Epoch 011 with LR 0.000293: Model Results
----------------------------------------
Train MSE Loss: 1.2326, Train CLS Loss: 0.0000, Train MCLS Loss: 0.0000
Protein Cluster Region Loss - Ortho Loss: 0.0000, Cluster Loss: 0.0000
                              
Validation Results: {
    "ci": 0.7259,
    "classification_loss": 0.0,
    "cluster_loss": 0.0,
    "mae": 1.0731,
    "mse": 1.9991,
    "multiclassification_loss": 0.0,
    "ortho_loss": 0.0,
    "pearson": 0.6304,
    "regression_loss": 1.9987,
    "rm2": 0.3635,
    "rmse": 1.4139,
    "sd": 1.4022,
    "spearman": 0.6199,
    "spectral_loss": 0.0
}
                              
Test Results: {
    "ci": 0.7387,
    "classification_loss": 0.0,
    "cluster_loss": 0.0,
    "mae": 1.0152,
    "mse": 1.9395,
    "multiclassification_loss": 0.0,
    "ortho_loss": 0.0,
    "pearson": 0.6666,
    "regression_loss": 1.9397,
    "rm2": 0.4245,
    "rmse": 1.3927,
    "sd": 1.3834,
    "spearman": 0.648,
    "spectral_loss": 0.0
}
                              
                              
----------------------------------------
Epoch 012 with LR 0.000292: Model Results
----------------------------------------
Train MSE Loss: 1.1641, Train CLS Loss: 0.0000, Train MCLS Loss: 0.0000
Protein Cluster Region Loss - Ortho Loss: 0.0000, Cluster Loss: 0.0000
                              
Validation Results: {
    "ci": 0.7379,
    "classification_loss": 0.0,
    "cluster_loss": 0.0,
    "mae": 0.9993,
    "mse": 1.8963,
    "multiclassification_loss": 0.0,
    "ortho_loss": 0.0,
    "pearson": 0.6539,
    "regression_loss": 1.8965,
    "rm2": 0.411,
    "rmse": 1.3771,
    "sd": 1.3665,
    "spearman": 0.6463,
    "spectral_loss": 0.0
}
                              
Test Results: {
    "ci": 0.7438,
    "classification_loss": 0.0,
    "cluster_loss": 0.0,
    "mae": 1.0084,
    "mse": 1.9215,
    "multiclassification_loss": 0.0,
    "ortho_loss": 0.0,
    "pearson": 0.67,
    "regression_loss": 1.9217,
    "rm2": 0.435,
    "rmse": 1.3862,
    "sd": 1.3776,
    "spearman": 0.6603,
    "spectral_loss": 0.0
}
                              
                              
----------------------------------------
Epoch 013 with LR 0.000290: Model Results
----------------------------------------
Train MSE Loss: 1.1215, Train CLS Loss: 0.0000, Train MCLS Loss: 0.0000
Protein Cluster Region Loss - Ortho Loss: 0.0000, Cluster Loss: 0.0000
                              
Validation Results: {
    "ci": 0.7457,
    "classification_loss": 0.0,
    "cluster_loss": 0.0,
    "mae": 1.0084,
    "mse": 1.916,
    "multiclassification_loss": 0.0,
    "ortho_loss": 0.0,
    "pearson": 0.6661,
    "regression_loss": 1.9152,
    "rm2": 0.4135,
    "rmse": 1.3842,
    "sd": 1.3472,
    "spearman": 0.6635,
    "spectral_loss": 0.0
}
                              
Test Results: {
    "ci": 0.7438,
    "classification_loss": 0.0,
    "cluster_loss": 0.0,
    "mae": 1.0084,
    "mse": 1.9215,
    "multiclassification_loss": 0.0,
    "ortho_loss": 0.0,
    "pearson": 0.67,
    "regression_loss": 1.9217,
    "rm2": 0.435,
    "rmse": 1.3862,
    "sd": 1.3776,
    "spearman": 0.6603,
    "spectral_loss": 0.0
}
                              
                              
----------------------------------------
Epoch 014 with LR 0.000288: Model Results
----------------------------------------
Train MSE Loss: 1.0586, Train CLS Loss: 0.0000, Train MCLS Loss: 0.0000
Protein Cluster Region Loss - Ortho Loss: 0.0000, Cluster Loss: 0.0000
                              
Validation Results: {
    "ci": 0.7513,
    "classification_loss": 0.0,
    "cluster_loss": 0.0,
    "mae": 0.9791,
    "mse": 1.8787,
    "multiclassification_loss": 0.0,
    "ortho_loss": 0.0,
    "pearson": 0.6734,
    "regression_loss": 1.8794,
    "rm2": 0.4477,
    "rmse": 1.3706,
    "sd": 1.3353,
    "spearman": 0.6743,
    "spectral_loss": 0.0
}
                              
Test Results: {
    "ci": 0.7513,
    "classification_loss": 0.0,
    "cluster_loss": 0.0,
    "mae": 0.9897,
    "mse": 1.9472,
    "multiclassification_loss": 0.0,
    "ortho_loss": 0.0,
    "pearson": 0.6759,
    "regression_loss": 1.9465,
    "rm2": 0.4559,
    "rmse": 1.3954,
    "sd": 1.3677,
    "spearman": 0.673,
    "spectral_loss": 0.0
}
                              
                              
----------------------------------------
Epoch 015 with LR 0.000286: Model Results
----------------------------------------
Train MSE Loss: 1.0056, Train CLS Loss: 0.0000, Train MCLS Loss: 0.0000
Protein Cluster Region Loss - Ortho Loss: 0.0000, Cluster Loss: 0.0000
                              
Validation Results: {
    "ci": 0.7498,
    "classification_loss": 0.0,
    "cluster_loss": 0.0,
    "mae": 1.0035,
    "mse": 1.938,
    "multiclassification_loss": 0.0,
    "ortho_loss": 0.0,
    "pearson": 0.6796,
    "regression_loss": 1.939,
    "rm2": 0.4216,
    "rmse": 1.3921,
    "sd": 1.325,
    "spearman": 0.6729,
    "spectral_loss": 0.0
}
                              
Test Results: {
    "ci": 0.7513,
    "classification_loss": 0.0,
    "cluster_loss": 0.0,
    "mae": 0.9897,
    "mse": 1.9472,
    "multiclassification_loss": 0.0,
    "ortho_loss": 0.0,
    "pearson": 0.6759,
    "regression_loss": 1.9465,
    "rm2": 0.4559,
    "rmse": 1.3954,
    "sd": 1.3677,
    "spearman": 0.673,
    "spectral_loss": 0.0
}
                              
                              
----------------------------------------
Epoch 016 with LR 0.000284: Model Results
----------------------------------------
Train MSE Loss: 0.9537, Train CLS Loss: 0.0000, Train MCLS Loss: 0.0000
Protein Cluster Region Loss - Ortho Loss: 0.0000, Cluster Loss: 0.0000
                              
Validation Results: {
    "ci": 0.7454,
    "classification_loss": 0.0,
    "cluster_loss": 0.0,
    "mae": 0.9839,
    "mse": 1.8463,
    "multiclassification_loss": 0.0,
    "ortho_loss": 0.0,
    "pearson": 0.6694,
    "regression_loss": 1.8476,
    "rm2": 0.4338,
    "rmse": 1.3588,
    "sd": 1.3419,
    "spearman": 0.6626,
    "spectral_loss": 0.0
}
                              
Test Results: {
    "ci": 0.7478,
    "classification_loss": 0.0,
    "cluster_loss": 0.0,
    "mae": 0.9958,
    "mse": 1.9085,
    "multiclassification_loss": 0.0,
    "ortho_loss": 0.0,
    "pearson": 0.6745,
    "regression_loss": 1.9078,
    "rm2": 0.4472,
    "rmse": 1.3815,
    "sd": 1.3701,
    "spearman": 0.6685,
    "spectral_loss": 0.0
}
                              
                              
----------------------------------------
Epoch 017 with LR 0.000282: Model Results
----------------------------------------
Train MSE Loss: 0.9457, Train CLS Loss: 0.0000, Train MCLS Loss: 0.0000
Protein Cluster Region Loss - Ortho Loss: 0.0000, Cluster Loss: 0.0000
                              
Validation Results: {
    "ci": 0.7438,
    "classification_loss": 0.0,
    "cluster_loss": 0.0,
    "mae": 1.023,
    "mse": 1.986,
    "multiclassification_loss": 0.0,
    "ortho_loss": 0.0,
    "pearson": 0.6649,
    "regression_loss": 1.9866,
    "rm2": 0.4374,
    "rmse": 1.4093,
    "sd": 1.3491,
    "spearman": 0.6587,
    "spectral_loss": 0.0
}
                              
Test Results: {
    "ci": 0.7478,
    "classification_loss": 0.0,
    "cluster_loss": 0.0,
    "mae": 0.9958,
    "mse": 1.9085,
    "multiclassification_loss": 0.0,
    "ortho_loss": 0.0,
    "pearson": 0.6745,
    "regression_loss": 1.9078,
    "rm2": 0.4472,
    "rmse": 1.3815,
    "sd": 1.3701,
    "spearman": 0.6685,
    "spectral_loss": 0.0
}
                              
                              
----------------------------------------
Epoch 018 with LR 0.000280: Model Results
----------------------------------------
Train MSE Loss: 0.9074, Train CLS Loss: 0.0000, Train MCLS Loss: 0.0000
Protein Cluster Region Loss - Ortho Loss: 0.0000, Cluster Loss: 0.0000
                              
Validation Results: {
    "ci": 0.7496,
    "classification_loss": 0.0,
    "cluster_loss": 0.0,
    "mae": 0.9806,
    "mse": 1.9057,
    "multiclassification_loss": 0.0,
    "ortho_loss": 0.0,
    "pearson": 0.6761,
    "regression_loss": 1.9059,
    "rm2": 0.4388,
    "rmse": 1.3805,
    "sd": 1.3308,
    "spearman": 0.6684,
    "spectral_loss": 0.0
}
                              
Test Results: {
    "ci": 0.7478,
    "classification_loss": 0.0,
    "cluster_loss": 0.0,
    "mae": 0.9958,
    "mse": 1.9085,
    "multiclassification_loss": 0.0,
    "ortho_loss": 0.0,
    "pearson": 0.6745,
    "regression_loss": 1.9078,
    "rm2": 0.4472,
    "rmse": 1.3815,
    "sd": 1.3701,
    "spearman": 0.6685,
    "spectral_loss": 0.0
}
                              
                              
----------------------------------------
Epoch 019 with LR 0.000277: Model Results
----------------------------------------
Train MSE Loss: 0.8852, Train CLS Loss: 0.0000, Train MCLS Loss: 0.0000
Protein Cluster Region Loss - Ortho Loss: 0.0000, Cluster Loss: 0.0000
                              
Validation Results: {
    "ci": 0.7528,
    "classification_loss": 0.0,
    "cluster_loss": 0.0,
    "mae": 0.9775,
    "mse": 1.8307,
    "multiclassification_loss": 0.0,
    "ortho_loss": 0.0,
    "pearson": 0.6875,
    "regression_loss": 1.8312,
    "rm2": 0.4486,
    "rmse": 1.353,
    "sd": 1.3117,
    "spearman": 0.6778,
    "spectral_loss": 0.0
}
                              
Test Results: {
    "ci": 0.7586,
    "classification_loss": 0.0,
    "cluster_loss": 0.0,
    "mae": 0.9599,
    "mse": 1.8562,
    "multiclassification_loss": 0.0,
    "ortho_loss": 0.0,
    "pearson": 0.7,
    "regression_loss": 1.856,
    "rm2": 0.4667,
    "rmse": 1.3624,
    "sd": 1.3252,
    "spearman": 0.6896,
    "spectral_loss": 0.0
}
                              
                              
----------------------------------------
Epoch 020 with LR 0.000275: Model Results
----------------------------------------
Train MSE Loss: 0.8659, Train CLS Loss: 0.0000, Train MCLS Loss: 0.0000
Protein Cluster Region Loss - Ortho Loss: 0.0000, Cluster Loss: 0.0000
                              
Validation Results: {
    "ci": 0.7518,
    "classification_loss": 0.0,
    "cluster_loss": 0.0,
    "mae": 0.9628,
    "mse": 1.794,
    "multiclassification_loss": 0.0,
    "ortho_loss": 0.0,
    "pearson": 0.6827,
    "regression_loss": 1.7951,
    "rm2": 0.4442,
    "rmse": 1.3394,
    "sd": 1.3198,
    "spearman": 0.6751,
    "spectral_loss": 0.0
}
                              
Test Results: {
    "ci": 0.7598,
    "classification_loss": 0.0,
    "cluster_loss": 0.0,
    "mae": 0.9516,
    "mse": 1.7824,
    "multiclassification_loss": 0.0,
    "ortho_loss": 0.0,
    "pearson": 0.7034,
    "regression_loss": 1.7818,
    "rm2": 0.4657,
    "rmse": 1.3351,
    "sd": 1.319,
    "spearman": 0.6896,
    "spectral_loss": 0.0
}
                              
                              
----------------------------------------
Epoch 021 with LR 0.000272: Model Results
----------------------------------------
Train MSE Loss: 0.8317, Train CLS Loss: 0.0000, Train MCLS Loss: 0.0000
Protein Cluster Region Loss - Ortho Loss: 0.0000, Cluster Loss: 0.0000
                              
Validation Results: {
    "ci": 0.7547,
    "classification_loss": 0.0,
    "cluster_loss": 0.0,
    "mae": 0.9641,
    "mse": 1.8346,
    "multiclassification_loss": 0.0,
    "ortho_loss": 0.0,
    "pearson": 0.6794,
    "regression_loss": 1.8343,
    "rm2": 0.4063,
    "rmse": 1.3545,
    "sd": 1.3254,
    "spearman": 0.6773,
    "spectral_loss": 0.0
}
                              
Test Results: {
    "ci": 0.7598,
    "classification_loss": 0.0,
    "cluster_loss": 0.0,
    "mae": 0.9516,
    "mse": 1.7824,
    "multiclassification_loss": 0.0,
    "ortho_loss": 0.0,
    "pearson": 0.7034,
    "regression_loss": 1.7818,
    "rm2": 0.4657,
    "rmse": 1.3351,
    "sd": 1.319,
    "spearman": 0.6896,
    "spectral_loss": 0.0
}
                              
                              
----------------------------------------
Epoch 022 with LR 0.000269: Model Results
----------------------------------------
Train MSE Loss: 0.8112, Train CLS Loss: 0.0000, Train MCLS Loss: 0.0000
Protein Cluster Region Loss - Ortho Loss: 0.0000, Cluster Loss: 0.0000
                              
Validation Results: {
    "ci": 0.7511,
    "classification_loss": 0.0,
    "cluster_loss": 0.0,
    "mae": 0.963,
    "mse": 1.8088,
    "multiclassification_loss": 0.0,
    "ortho_loss": 0.0,
    "pearson": 0.6792,
    "regression_loss": 1.8087,
    "rm2": 0.4408,
    "rmse": 1.3449,
    "sd": 1.3257,
    "spearman": 0.6734,
    "spectral_loss": 0.0
}
                              
Test Results: {
    "ci": 0.7598,
    "classification_loss": 0.0,
    "cluster_loss": 0.0,
    "mae": 0.9516,
    "mse": 1.7824,
    "multiclassification_loss": 0.0,
    "ortho_loss": 0.0,
    "pearson": 0.7034,
    "regression_loss": 1.7818,
    "rm2": 0.4657,
    "rmse": 1.3351,
    "sd": 1.319,
    "spearman": 0.6896,
    "spectral_loss": 0.0
}
                              
                              
----------------------------------------
Epoch 023 with LR 0.000266: Model Results
----------------------------------------
Train MSE Loss: 0.7823, Train CLS Loss: 0.0000, Train MCLS Loss: 0.0000
Protein Cluster Region Loss - Ortho Loss: 0.0000, Cluster Loss: 0.0000
                              
Validation Results: {
    "ci": 0.75,
    "classification_loss": 0.0,
    "cluster_loss": 0.0,
    "mae": 0.9643,
    "mse": 1.7528,
    "multiclassification_loss": 0.0,
    "ortho_loss": 0.0,
    "pearson": 0.6835,
    "regression_loss": 1.7518,
    "rm2": 0.4521,
    "rmse": 1.3239,
    "sd": 1.3185,
    "spearman": 0.6715,
    "spectral_loss": 0.0
}
                              
Test Results: {
    "ci": 0.7563,
    "classification_loss": 0.0,
    "cluster_loss": 0.0,
    "mae": 0.9478,
    "mse": 1.7794,
    "multiclassification_loss": 0.0,
    "ortho_loss": 0.0,
    "pearson": 0.6985,
    "regression_loss": 1.7797,
    "rm2": 0.4667,
    "rmse": 1.3339,
    "sd": 1.328,
    "spearman": 0.6814,
    "spectral_loss": 0.0
}
                              
                              
----------------------------------------
Epoch 024 with LR 0.000263: Model Results
----------------------------------------
Train MSE Loss: 0.7683, Train CLS Loss: 0.0000, Train MCLS Loss: 0.0000
Protein Cluster Region Loss - Ortho Loss: 0.0000, Cluster Loss: 0.0000
                              
Validation Results: {
    "ci": 0.7512,
    "classification_loss": 0.0,
    "cluster_loss": 0.0,
    "mae": 0.9605,
    "mse": 1.7657,
    "multiclassification_loss": 0.0,
    "ortho_loss": 0.0,
    "pearson": 0.6845,
    "regression_loss": 1.7668,
    "rm2": 0.4512,
    "rmse": 1.3288,
    "sd": 1.3168,
    "spearman": 0.6748,
    "spectral_loss": 0.0
}
                              
Test Results: {
    "ci": 0.7563,
    "classification_loss": 0.0,
    "cluster_loss": 0.0,
    "mae": 0.9478,
    "mse": 1.7794,
    "multiclassification_loss": 0.0,
    "ortho_loss": 0.0,
    "pearson": 0.6985,
    "regression_loss": 1.7797,
    "rm2": 0.4667,
    "rmse": 1.3339,
    "sd": 1.328,
    "spearman": 0.6814,
    "spectral_loss": 0.0
}
                              
                              
----------------------------------------
Epoch 025 with LR 0.000260: Model Results
----------------------------------------
Train MSE Loss: 0.7476, Train CLS Loss: 0.0000, Train MCLS Loss: 0.0000
Protein Cluster Region Loss - Ortho Loss: 0.0000, Cluster Loss: 0.0000
                              
Validation Results: {
    "ci": 0.7574,
    "classification_loss": 0.0,
    "cluster_loss": 0.0,
    "mae": 0.9433,
    "mse": 1.7434,
    "multiclassification_loss": 0.0,
    "ortho_loss": 0.0,
    "pearson": 0.6922,
    "regression_loss": 1.7445,
    "rm2": 0.4407,
    "rmse": 1.3204,
    "sd": 1.3036,
    "spearman": 0.6876,
    "spectral_loss": 0.0
}
                              
Test Results: {
    "ci": 0.7565,
    "classification_loss": 0.0,
    "cluster_loss": 0.0,
    "mae": 0.9694,
    "mse": 1.8305,
    "multiclassification_loss": 0.0,
    "ortho_loss": 0.0,
    "pearson": 0.6979,
    "regression_loss": 1.8299,
    "rm2": 0.4411,
    "rmse": 1.3529,
    "sd": 1.329,
    "spearman": 0.6845,
    "spectral_loss": 0.0
}
                              
                              
----------------------------------------
Epoch 026 with LR 0.000257: Model Results
----------------------------------------
Train MSE Loss: 0.7253, Train CLS Loss: 0.0000, Train MCLS Loss: 0.0000
Protein Cluster Region Loss - Ortho Loss: 0.0000, Cluster Loss: 0.0000
                              
Validation Results: {
    "ci": 0.7531,
    "classification_loss": 0.0,
    "cluster_loss": 0.0,
    "mae": 0.956,
    "mse": 1.8001,
    "multiclassification_loss": 0.0,
    "ortho_loss": 0.0,
    "pearson": 0.6777,
    "regression_loss": 1.8005,
    "rm2": 0.4287,
    "rmse": 1.3417,
    "sd": 1.3281,
    "spearman": 0.6753,
    "spectral_loss": 0.0
}
                              
Test Results: {
    "ci": 0.7565,
    "classification_loss": 0.0,
    "cluster_loss": 0.0,
    "mae": 0.9694,
    "mse": 1.8305,
    "multiclassification_loss": 0.0,
    "ortho_loss": 0.0,
    "pearson": 0.6979,
    "regression_loss": 1.8299,
    "rm2": 0.4411,
    "rmse": 1.3529,
    "sd": 1.329,
    "spearman": 0.6845,
    "spectral_loss": 0.0
}
                              
                              
----------------------------------------
Epoch 027 with LR 0.000253: Model Results
----------------------------------------
Train MSE Loss: 0.7129, Train CLS Loss: 0.0000, Train MCLS Loss: 0.0000
Protein Cluster Region Loss - Ortho Loss: 0.0000, Cluster Loss: 0.0000
                              
Validation Results: {
    "ci": 0.7556,
    "classification_loss": 0.0,
    "cluster_loss": 0.0,
    "mae": 0.955,
    "mse": 1.7723,
    "multiclassification_loss": 0.0,
    "ortho_loss": 0.0,
    "pearson": 0.6909,
    "regression_loss": 1.7733,
    "rm2": 0.4736,
    "rmse": 1.3313,
    "sd": 1.3058,
    "spearman": 0.6824,
    "spectral_loss": 0.0
}
                              
Test Results: {
    "ci": 0.7565,
    "classification_loss": 0.0,
    "cluster_loss": 0.0,
    "mae": 0.9694,
    "mse": 1.8305,
    "multiclassification_loss": 0.0,
    "ortho_loss": 0.0,
    "pearson": 0.6979,
    "regression_loss": 1.8299,
    "rm2": 0.4411,
    "rmse": 1.3529,
    "sd": 1.329,
    "spearman": 0.6845,
    "spectral_loss": 0.0
}
                              
                              
----------------------------------------
Epoch 028 with LR 0.000250: Model Results
----------------------------------------
Train MSE Loss: 0.7031, Train CLS Loss: 0.0000, Train MCLS Loss: 0.0000
Protein Cluster Region Loss - Ortho Loss: 0.0000, Cluster Loss: 0.0000
                              
Validation Results: {
    "ci": 0.7586,
    "classification_loss": 0.0,
    "cluster_loss": 0.0,
    "mae": 0.94,
    "mse": 1.7394,
    "multiclassification_loss": 0.0,
    "ortho_loss": 0.0,
    "pearson": 0.6968,
    "regression_loss": 1.7396,
    "rm2": 0.4718,
    "rmse": 1.3189,
    "sd": 1.2955,
    "spearman": 0.6879,
    "spectral_loss": 0.0
}
                              
Test Results: {
    "ci": 0.7637,
    "classification_loss": 0.0,
    "cluster_loss": 0.0,
    "mae": 0.9255,
    "mse": 1.7573,
    "multiclassification_loss": 0.0,
    "ortho_loss": 0.0,
    "pearson": 0.7113,
    "regression_loss": 1.758,
    "rm2": 0.5012,
    "rmse": 1.3256,
    "sd": 1.3043,
    "spearman": 0.6973,
    "spectral_loss": 0.0
}
                              
                              
----------------------------------------
Epoch 029 with LR 0.000246: Model Results
----------------------------------------
Train MSE Loss: 0.6781, Train CLS Loss: 0.0000, Train MCLS Loss: 0.0000
Protein Cluster Region Loss - Ortho Loss: 0.0000, Cluster Loss: 0.0000
                              
Validation Results: {
    "ci": 0.7533,
    "classification_loss": 0.0,
    "cluster_loss": 0.0,
    "mae": 0.9512,
    "mse": 1.7872,
    "multiclassification_loss": 0.0,
    "ortho_loss": 0.0,
    "pearson": 0.6841,
    "regression_loss": 1.7868,
    "rm2": 0.4567,
    "rmse": 1.3368,
    "sd": 1.3175,
    "spearman": 0.6772,
    "spectral_loss": 0.0
}
                              
Test Results: {
    "ci": 0.7637,
    "classification_loss": 0.0,
    "cluster_loss": 0.0,
    "mae": 0.9255,
    "mse": 1.7573,
    "multiclassification_loss": 0.0,
    "ortho_loss": 0.0,
    "pearson": 0.7113,
    "regression_loss": 1.758,
    "rm2": 0.5012,
    "rmse": 1.3256,
    "sd": 1.3043,
    "spearman": 0.6973,
    "spectral_loss": 0.0
}
                              
                              
----------------------------------------
Epoch 030 with LR 0.000242: Model Results
----------------------------------------
Train MSE Loss: 0.6550, Train CLS Loss: 0.0000, Train MCLS Loss: 0.0000
Protein Cluster Region Loss - Ortho Loss: 0.0000, Cluster Loss: 0.0000
                              
Validation Results: {
    "ci": 0.758,
    "classification_loss": 0.0,
    "cluster_loss": 0.0,
    "mae": 0.939,
    "mse": 1.7656,
    "multiclassification_loss": 0.0,
    "ortho_loss": 0.0,
    "pearson": 0.6932,
    "regression_loss": 1.7652,
    "rm2": 0.4641,
    "rmse": 1.3287,
    "sd": 1.3018,
    "spearman": 0.6855,
    "spectral_loss": 0.0
}
                              
Test Results: {
    "ci": 0.7637,
    "classification_loss": 0.0,
    "cluster_loss": 0.0,
    "mae": 0.9255,
    "mse": 1.7573,
    "multiclassification_loss": 0.0,
    "ortho_loss": 0.0,
    "pearson": 0.7113,
    "regression_loss": 1.758,
    "rm2": 0.5012,
    "rmse": 1.3256,
    "sd": 1.3043,
    "spearman": 0.6973,
    "spectral_loss": 0.0
}
                              
                              
----------------------------------------
Epoch 031 with LR 0.000238: Model Results
----------------------------------------
Train MSE Loss: 0.6488, Train CLS Loss: 0.0000, Train MCLS Loss: 0.0000
Protein Cluster Region Loss - Ortho Loss: 0.0000, Cluster Loss: 0.0000
                              
Validation Results: {
    "ci": 0.7553,
    "classification_loss": 0.0,
    "cluster_loss": 0.0,
    "mae": 0.9548,
    "mse": 1.7546,
    "multiclassification_loss": 0.0,
    "ortho_loss": 0.0,
    "pearson": 0.6896,
    "regression_loss": 1.7542,
    "rm2": 0.4315,
    "rmse": 1.3246,
    "sd": 1.3081,
    "spearman": 0.6803,
    "spectral_loss": 0.0
}
                              
Test Results: {
    "ci": 0.7637,
    "classification_loss": 0.0,
    "cluster_loss": 0.0,
    "mae": 0.9255,
    "mse": 1.7573,
    "multiclassification_loss": 0.0,
    "ortho_loss": 0.0,
    "pearson": 0.7113,
    "regression_loss": 1.758,
    "rm2": 0.5012,
    "rmse": 1.3256,
    "sd": 1.3043,
    "spearman": 0.6973,
    "spectral_loss": 0.0
}
                              
                              
----------------------------------------
Epoch 032 with LR 0.000235: Model Results
----------------------------------------
Train MSE Loss: 0.6395, Train CLS Loss: 0.0000, Train MCLS Loss: 0.0000
Protein Cluster Region Loss - Ortho Loss: 0.0000, Cluster Loss: 0.0000
                              
Validation Results: {
    "ci": 0.7563,
    "classification_loss": 0.0,
    "cluster_loss": 0.0,
    "mae": 0.9406,
    "mse": 1.7407,
    "multiclassification_loss": 0.0,
    "ortho_loss": 0.0,
    "pearson": 0.6951,
    "regression_loss": 1.7411,
    "rm2": 0.4811,
    "rmse": 1.3194,
    "sd": 1.2985,
    "spearman": 0.683,
    "spectral_loss": 0.0
}
                              
Test Results: {
    "ci": 0.7637,
    "classification_loss": 0.0,
    "cluster_loss": 0.0,
    "mae": 0.9255,
    "mse": 1.7573,
    "multiclassification_loss": 0.0,
    "ortho_loss": 0.0,
    "pearson": 0.7113,
    "regression_loss": 1.758,
    "rm2": 0.5012,
    "rmse": 1.3256,
    "sd": 1.3043,
    "spearman": 0.6973,
    "spectral_loss": 0.0
}
                              
                              
----------------------------------------
Epoch 033 with LR 0.000231: Model Results
----------------------------------------
Train MSE Loss: 0.6119, Train CLS Loss: 0.0000, Train MCLS Loss: 0.0000
Protein Cluster Region Loss - Ortho Loss: 0.0000, Cluster Loss: 0.0000
                              
Validation Results: {
    "ci": 0.7621,
    "classification_loss": 0.0,
    "cluster_loss": 0.0,
    "mae": 0.9194,
    "mse": 1.6994,
    "multiclassification_loss": 0.0,
    "ortho_loss": 0.0,
    "pearson": 0.704,
    "regression_loss": 1.6993,
    "rm2": 0.4879,
    "rmse": 1.3036,
    "sd": 1.2828,
    "spearman": 0.6944,
    "spectral_loss": 0.0
}
                              
Test Results: {
    "ci": 0.7619,
    "classification_loss": 0.0,
    "cluster_loss": 0.0,
    "mae": 0.933,
    "mse": 1.7878,
    "multiclassification_loss": 0.0,
    "ortho_loss": 0.0,
    "pearson": 0.705,
    "regression_loss": 1.787,
    "rm2": 0.4937,
    "rmse": 1.3371,
    "sd": 1.316,
    "spearman": 0.6945,
    "spectral_loss": 0.0
}
                              
                              
----------------------------------------
Epoch 034 with LR 0.000227: Model Results
----------------------------------------
Train MSE Loss: 0.6060, Train CLS Loss: 0.0000, Train MCLS Loss: 0.0000
Protein Cluster Region Loss - Ortho Loss: 0.0000, Cluster Loss: 0.0000
                              
Validation Results: {
    "ci": 0.7567,
    "classification_loss": 0.0,
    "cluster_loss": 0.0,
    "mae": 0.9464,
    "mse": 1.7729,
    "multiclassification_loss": 0.0,
    "ortho_loss": 0.0,
    "pearson": 0.6946,
    "regression_loss": 1.7725,
    "rm2": 0.4425,
    "rmse": 1.3315,
    "sd": 1.2995,
    "spearman": 0.684,
    "spectral_loss": 0.0
}
                              
Test Results: {
    "ci": 0.7619,
    "classification_loss": 0.0,
    "cluster_loss": 0.0,
    "mae": 0.933,
    "mse": 1.7878,
    "multiclassification_loss": 0.0,
    "ortho_loss": 0.0,
    "pearson": 0.705,
    "regression_loss": 1.787,
    "rm2": 0.4937,
    "rmse": 1.3371,
    "sd": 1.316,
    "spearman": 0.6945,
    "spectral_loss": 0.0
}
                              
                              
----------------------------------------
Epoch 035 with LR 0.000222: Model Results
----------------------------------------
Train MSE Loss: 0.5966, Train CLS Loss: 0.0000, Train MCLS Loss: 0.0000
Protein Cluster Region Loss - Ortho Loss: 0.0000, Cluster Loss: 0.0000
                              
Validation Results: {
    "ci": 0.7551,
    "classification_loss": 0.0,
    "cluster_loss": 0.0,
    "mae": 0.9424,
    "mse": 1.7558,
    "multiclassification_loss": 0.0,
    "ortho_loss": 0.0,
    "pearson": 0.6915,
    "regression_loss": 1.7545,
    "rm2": 0.4569,
    "rmse": 1.3251,
    "sd": 1.3047,
    "spearman": 0.6818,
    "spectral_loss": 0.0
}
                              
Test Results: {
    "ci": 0.7619,
    "classification_loss": 0.0,
    "cluster_loss": 0.0,
    "mae": 0.933,
    "mse": 1.7878,
    "multiclassification_loss": 0.0,
    "ortho_loss": 0.0,
    "pearson": 0.705,
    "regression_loss": 1.787,
    "rm2": 0.4937,
    "rmse": 1.3371,
    "sd": 1.316,
    "spearman": 0.6945,
    "spectral_loss": 0.0
}
                              
                              
----------------------------------------
Epoch 036 with LR 0.000218: Model Results
----------------------------------------
Train MSE Loss: 0.5768, Train CLS Loss: 0.0000, Train MCLS Loss: 0.0000
Protein Cluster Region Loss - Ortho Loss: 0.0000, Cluster Loss: 0.0000
                              
Validation Results: {
    "ci": 0.7562,
    "classification_loss": 0.0,
    "cluster_loss": 0.0,
    "mae": 0.9382,
    "mse": 1.7457,
    "multiclassification_loss": 0.0,
    "ortho_loss": 0.0,
    "pearson": 0.6942,
    "regression_loss": 1.7456,
    "rm2": 0.4534,
    "rmse": 1.3212,
    "sd": 1.3002,
    "spearman": 0.6824,
    "spectral_loss": 0.0
}
                              
Test Results: {
    "ci": 0.7619,
    "classification_loss": 0.0,
    "cluster_loss": 0.0,
    "mae": 0.933,
    "mse": 1.7878,
    "multiclassification_loss": 0.0,
    "ortho_loss": 0.0,
    "pearson": 0.705,
    "regression_loss": 1.787,
    "rm2": 0.4937,
    "rmse": 1.3371,
    "sd": 1.316,
    "spearman": 0.6945,
    "spectral_loss": 0.0
}
                              
                              
----------------------------------------
Epoch 037 with LR 0.000214: Model Results
----------------------------------------
Train MSE Loss: 0.5649, Train CLS Loss: 0.0000, Train MCLS Loss: 0.0000
Protein Cluster Region Loss - Ortho Loss: 0.0000, Cluster Loss: 0.0000
                              
Validation Results: {
    "ci": 0.758,
    "classification_loss": 0.0,
    "cluster_loss": 0.0,
    "mae": 0.9288,
    "mse": 1.7398,
    "multiclassification_loss": 0.0,
    "ortho_loss": 0.0,
    "pearson": 0.6947,
    "regression_loss": 1.7396,
    "rm2": 0.4815,
    "rmse": 1.319,
    "sd": 1.2992,
    "spearman": 0.6848,
    "spectral_loss": 0.0
}
                              
Test Results: {
    "ci": 0.7619,
    "classification_loss": 0.0,
    "cluster_loss": 0.0,
    "mae": 0.933,
    "mse": 1.7878,
    "multiclassification_loss": 0.0,
    "ortho_loss": 0.0,
    "pearson": 0.705,
    "regression_loss": 1.787,
    "rm2": 0.4937,
    "rmse": 1.3371,
    "sd": 1.316,
    "spearman": 0.6945,
    "spectral_loss": 0.0
}
                              
                              
----------------------------------------
Epoch 038 with LR 0.000210: Model Results
----------------------------------------
Train MSE Loss: 0.5536, Train CLS Loss: 0.0000, Train MCLS Loss: 0.0000
Protein Cluster Region Loss - Ortho Loss: 0.0000, Cluster Loss: 0.0000
                              
Validation Results: {
    "ci": 0.7583,
    "classification_loss": 0.0,
    "cluster_loss": 0.0,
    "mae": 0.9337,
    "mse": 1.7389,
    "multiclassification_loss": 0.0,
    "ortho_loss": 0.0,
    "pearson": 0.6955,
    "regression_loss": 1.7385,
    "rm2": 0.4481,
    "rmse": 1.3187,
    "sd": 1.2978,
    "spearman": 0.6858,
    "spectral_loss": 0.0
}
                              
Test Results: {
    "ci": 0.7619,
    "classification_loss": 0.0,
    "cluster_loss": 0.0,
    "mae": 0.933,
    "mse": 1.7878,
    "multiclassification_loss": 0.0,
    "ortho_loss": 0.0,
    "pearson": 0.705,
    "regression_loss": 1.787,
    "rm2": 0.4937,
    "rmse": 1.3371,
    "sd": 1.316,
    "spearman": 0.6945,
    "spectral_loss": 0.0
}
                              
                              
----------------------------------------
Epoch 039 with LR 0.000205: Model Results
----------------------------------------
Train MSE Loss: 0.5495, Train CLS Loss: 0.0000, Train MCLS Loss: 0.0000
Protein Cluster Region Loss - Ortho Loss: 0.0000, Cluster Loss: 0.0000
                              
Validation Results: {
    "ci": 0.763,
    "classification_loss": 0.0,
    "cluster_loss": 0.0,
    "mae": 0.9185,
    "mse": 1.6832,
    "multiclassification_loss": 0.0,
    "ortho_loss": 0.0,
    "pearson": 0.71,
    "regression_loss": 1.6826,
    "rm2": 0.4872,
    "rmse": 1.2974,
    "sd": 1.272,
    "spearman": 0.6972,
    "spectral_loss": 0.0
}
                              
Test Results: {
    "ci": 0.7722,
    "classification_loss": 0.0,
    "cluster_loss": 0.0,
    "mae": 0.9153,
    "mse": 1.7014,
    "multiclassification_loss": 0.0,
    "ortho_loss": 0.0,
    "pearson": 0.7255,
    "regression_loss": 1.7014,
    "rm2": 0.4914,
    "rmse": 1.3044,
    "sd": 1.2771,
    "spearman": 0.7175,
    "spectral_loss": 0.0
}
                              
                              
----------------------------------------
Epoch 040 with LR 0.000201: Model Results
----------------------------------------
Train MSE Loss: 0.5372, Train CLS Loss: 0.0000, Train MCLS Loss: 0.0000
Protein Cluster Region Loss - Ortho Loss: 0.0000, Cluster Loss: 0.0000
                              
Validation Results: {
    "ci": 0.7586,
    "classification_loss": 0.0,
    "cluster_loss": 0.0,
    "mae": 0.9229,
    "mse": 1.7105,
    "multiclassification_loss": 0.0,
    "ortho_loss": 0.0,
    "pearson": 0.698,
    "regression_loss": 1.7099,
    "rm2": 0.4626,
    "rmse": 1.3078,
    "sd": 1.2935,
    "spearman": 0.6875,
    "spectral_loss": 0.0
}
                              
Test Results: {
    "ci": 0.7722,
    "classification_loss": 0.0,
    "cluster_loss": 0.0,
    "mae": 0.9153,
    "mse": 1.7014,
    "multiclassification_loss": 0.0,
    "ortho_loss": 0.0,
    "pearson": 0.7255,
    "regression_loss": 1.7014,
    "rm2": 0.4914,
    "rmse": 1.3044,
    "sd": 1.2771,
    "spearman": 0.7175,
    "spectral_loss": 0.0
}
                              
                              
----------------------------------------
Epoch 041 with LR 0.000196: Model Results
----------------------------------------
Train MSE Loss: 0.5249, Train CLS Loss: 0.0000, Train MCLS Loss: 0.0000
Protein Cluster Region Loss - Ortho Loss: 0.0000, Cluster Loss: 0.0000
                              
Validation Results: {
    "ci": 0.7594,
    "classification_loss": 0.0,
    "cluster_loss": 0.0,
    "mae": 0.9239,
    "mse": 1.7315,
    "multiclassification_loss": 0.0,
    "ortho_loss": 0.0,
    "pearson": 0.6977,
    "regression_loss": 1.7316,
    "rm2": 0.4808,
    "rmse": 1.3159,
    "sd": 1.2941,
    "spearman": 0.6887,
    "spectral_loss": 0.0
}
                              
Test Results: {
    "ci": 0.7722,
    "classification_loss": 0.0,
    "cluster_loss": 0.0,
    "mae": 0.9153,
    "mse": 1.7014,
    "multiclassification_loss": 0.0,
    "ortho_loss": 0.0,
    "pearson": 0.7255,
    "regression_loss": 1.7014,
    "rm2": 0.4914,
    "rmse": 1.3044,
    "sd": 1.2771,
    "spearman": 0.7175,
    "spectral_loss": 0.0
}
                              
                              
----------------------------------------
Epoch 042 with LR 0.000192: Model Results
----------------------------------------
Train MSE Loss: 0.5172, Train CLS Loss: 0.0000, Train MCLS Loss: 0.0000
Protein Cluster Region Loss - Ortho Loss: 0.0000, Cluster Loss: 0.0000
                              
Validation Results: {
    "ci": 0.7621,
    "classification_loss": 0.0,
    "cluster_loss": 0.0,
    "mae": 0.9199,
    "mse": 1.6964,
    "multiclassification_loss": 0.0,
    "ortho_loss": 0.0,
    "pearson": 0.7034,
    "regression_loss": 1.6963,
    "rm2": 0.4632,
    "rmse": 1.3025,
    "sd": 1.2839,
    "spearman": 0.6944,
    "spectral_loss": 0.0
}
                              
Test Results: {
    "ci": 0.7722,
    "classification_loss": 0.0,
    "cluster_loss": 0.0,
    "mae": 0.9153,
    "mse": 1.7014,
    "multiclassification_loss": 0.0,
    "ortho_loss": 0.0,
    "pearson": 0.7255,
    "regression_loss": 1.7014,
    "rm2": 0.4914,
    "rmse": 1.3044,
    "sd": 1.2771,
    "spearman": 0.7175,
    "spectral_loss": 0.0
}
                              
                              
----------------------------------------
Epoch 043 with LR 0.000187: Model Results
----------------------------------------
Train MSE Loss: 0.5089, Train CLS Loss: 0.0000, Train MCLS Loss: 0.0000
Protein Cluster Region Loss - Ortho Loss: 0.0000, Cluster Loss: 0.0000
                              
Validation Results: {
    "ci": 0.7587,
    "classification_loss": 0.0,
    "cluster_loss": 0.0,
    "mae": 0.926,
    "mse": 1.7267,
    "multiclassification_loss": 0.0,
    "ortho_loss": 0.0,
    "pearson": 0.6967,
    "regression_loss": 1.7268,
    "rm2": 0.4571,
    "rmse": 1.314,
    "sd": 1.2957,
    "spearman": 0.6858,
    "spectral_loss": 0.0
}
                              
Test Results: {
    "ci": 0.7722,
    "classification_loss": 0.0,
    "cluster_loss": 0.0,
    "mae": 0.9153,
    "mse": 1.7014,
    "multiclassification_loss": 0.0,
    "ortho_loss": 0.0,
    "pearson": 0.7255,
    "regression_loss": 1.7014,
    "rm2": 0.4914,
    "rmse": 1.3044,
    "sd": 1.2771,
    "spearman": 0.7175,
    "spectral_loss": 0.0
}
                              
                              
----------------------------------------
Epoch 044 with LR 0.000182: Model Results
----------------------------------------
Train MSE Loss: 0.4982, Train CLS Loss: 0.0000, Train MCLS Loss: 0.0000
Protein Cluster Region Loss - Ortho Loss: 0.0000, Cluster Loss: 0.0000
                              
Validation Results: {
    "ci": 0.7601,
    "classification_loss": 0.0,
    "cluster_loss": 0.0,
    "mae": 0.9205,
    "mse": 1.7072,
    "multiclassification_loss": 0.0,
    "ortho_loss": 0.0,
    "pearson": 0.7031,
    "regression_loss": 1.7065,
    "rm2": 0.4851,
    "rmse": 1.3066,
    "sd": 1.2845,
    "spearman": 0.6907,
    "spectral_loss": 0.0
}
                              
Test Results: {
    "ci": 0.7722,
    "classification_loss": 0.0,
    "cluster_loss": 0.0,
    "mae": 0.9153,
    "mse": 1.7014,
    "multiclassification_loss": 0.0,
    "ortho_loss": 0.0,
    "pearson": 0.7255,
    "regression_loss": 1.7014,
    "rm2": 0.4914,
    "rmse": 1.3044,
    "sd": 1.2771,
    "spearman": 0.7175,
    "spectral_loss": 0.0
}
                              
                              
----------------------------------------
Epoch 045 with LR 0.000178: Model Results
----------------------------------------
Train MSE Loss: 0.4901, Train CLS Loss: 0.0000, Train MCLS Loss: 0.0000
Protein Cluster Region Loss - Ortho Loss: 0.0000, Cluster Loss: 0.0000
                              
Validation Results: {
    "ci": 0.7611,
    "classification_loss": 0.0,
    "cluster_loss": 0.0,
    "mae": 0.9216,
    "mse": 1.7001,
    "multiclassification_loss": 0.0,
    "ortho_loss": 0.0,
    "pearson": 0.7037,
    "regression_loss": 1.6993,
    "rm2": 0.4533,
    "rmse": 1.3039,
    "sd": 1.2833,
    "spearman": 0.6916,
    "spectral_loss": 0.0
}
                              
Test Results: {
    "ci": 0.7722,
    "classification_loss": 0.0,
    "cluster_loss": 0.0,
    "mae": 0.9153,
    "mse": 1.7014,
    "multiclassification_loss": 0.0,
    "ortho_loss": 0.0,
    "pearson": 0.7255,
    "regression_loss": 1.7014,
    "rm2": 0.4914,
    "rmse": 1.3044,
    "sd": 1.2771,
    "spearman": 0.7175,
    "spectral_loss": 0.0
}
                              
                              
----------------------------------------
Epoch 046 with LR 0.000173: Model Results
----------------------------------------
Train MSE Loss: 0.4845, Train CLS Loss: 0.0000, Train MCLS Loss: 0.0000
Protein Cluster Region Loss - Ortho Loss: 0.0000, Cluster Loss: 0.0000
                              
Validation Results: {
    "ci": 0.7589,
    "classification_loss": 0.0,
    "cluster_loss": 0.0,
    "mae": 0.9409,
    "mse": 1.8139,
    "multiclassification_loss": 0.0,
    "ortho_loss": 0.0,
    "pearson": 0.6974,
    "regression_loss": 1.8132,
    "rm2": 0.4832,
    "rmse": 1.3468,
    "sd": 1.2945,
    "spearman": 0.6855,
    "spectral_loss": 0.0
}
                              
Test Results: {
    "ci": 0.7722,
    "classification_loss": 0.0,
    "cluster_loss": 0.0,
    "mae": 0.9153,
    "mse": 1.7014,
    "multiclassification_loss": 0.0,
    "ortho_loss": 0.0,
    "pearson": 0.7255,
    "regression_loss": 1.7014,
    "rm2": 0.4914,
    "rmse": 1.3044,
    "sd": 1.2771,
    "spearman": 0.7175,
    "spectral_loss": 0.0
}
                              
                              
----------------------------------------
Epoch 047 with LR 0.000168: Model Results
----------------------------------------
Train MSE Loss: 0.4762, Train CLS Loss: 0.0000, Train MCLS Loss: 0.0000
Protein Cluster Region Loss - Ortho Loss: 0.0000, Cluster Loss: 0.0000
                              
Validation Results: {
    "ci": 0.761,
    "classification_loss": 0.0,
    "cluster_loss": 0.0,
    "mae": 0.9197,
    "mse": 1.684,
    "multiclassification_loss": 0.0,
    "ortho_loss": 0.0,
    "pearson": 0.7045,
    "regression_loss": 1.6833,
    "rm2": 0.4882,
    "rmse": 1.2977,
    "sd": 1.2819,
    "spearman": 0.6919,
    "spectral_loss": 0.0
}
                              
Test Results: {
    "ci": 0.7722,
    "classification_loss": 0.0,
    "cluster_loss": 0.0,
    "mae": 0.9153,
    "mse": 1.7014,
    "multiclassification_loss": 0.0,
    "ortho_loss": 0.0,
    "pearson": 0.7255,
    "regression_loss": 1.7014,
    "rm2": 0.4914,
    "rmse": 1.3044,
    "sd": 1.2771,
    "spearman": 0.7175,
    "spectral_loss": 0.0
}
                              
                              
----------------------------------------
Epoch 048 with LR 0.000164: Model Results
----------------------------------------
Train MSE Loss: 0.4631, Train CLS Loss: 0.0000, Train MCLS Loss: 0.0000
Protein Cluster Region Loss - Ortho Loss: 0.0000, Cluster Loss: 0.0000
                              
Validation Results: {
    "ci": 0.7652,
    "classification_loss": 0.0,
    "cluster_loss": 0.0,
    "mae": 0.9068,
    "mse": 1.6548,
    "multiclassification_loss": 0.0,
    "ortho_loss": 0.0,
    "pearson": 0.7134,
    "regression_loss": 1.654,
    "rm2": 0.497,
    "rmse": 1.2864,
    "sd": 1.2657,
    "spearman": 0.702,
    "spectral_loss": 0.0
}
                              
Test Results: {
    "ci": 0.7695,
    "classification_loss": 0.0,
    "cluster_loss": 0.0,
    "mae": 0.9083,
    "mse": 1.7157,
    "multiclassification_loss": 0.0,
    "ortho_loss": 0.0,
    "pearson": 0.7199,
    "regression_loss": 1.7158,
    "rm2": 0.4938,
    "rmse": 1.3099,
    "sd": 1.288,
    "spearman": 0.7097,
    "spectral_loss": 0.0
}
                              
                              
----------------------------------------
Epoch 049 with LR 0.000159: Model Results
----------------------------------------
Train MSE Loss: 0.4596, Train CLS Loss: 0.0000, Train MCLS Loss: 0.0000
Protein Cluster Region Loss - Ortho Loss: 0.0000, Cluster Loss: 0.0000
                              
Validation Results: {
    "ci": 0.7602,
    "classification_loss": 0.0,
    "cluster_loss": 0.0,
    "mae": 0.9335,
    "mse": 1.745,
    "multiclassification_loss": 0.0,
    "ortho_loss": 0.0,
    "pearson": 0.703,
    "regression_loss": 1.745,
    "rm2": 0.493,
    "rmse": 1.321,
    "sd": 1.2846,
    "spearman": 0.6909,
    "spectral_loss": 0.0
}
                              
Test Results: {
    "ci": 0.7695,
    "classification_loss": 0.0,
    "cluster_loss": 0.0,
    "mae": 0.9083,
    "mse": 1.7157,
    "multiclassification_loss": 0.0,
    "ortho_loss": 0.0,
    "pearson": 0.7199,
    "regression_loss": 1.7158,
    "rm2": 0.4938,
    "rmse": 1.3099,
    "sd": 1.288,
    "spearman": 0.7097,
    "spectral_loss": 0.0
}
                              
                              
----------------------------------------
Epoch 050 with LR 0.000154: Model Results
----------------------------------------
Train MSE Loss: 0.4448, Train CLS Loss: 0.0000, Train MCLS Loss: 0.0000
Protein Cluster Region Loss - Ortho Loss: 0.0000, Cluster Loss: 0.0000
                              
Validation Results: {
    "ci": 0.7635,
    "classification_loss": 0.0,
    "cluster_loss": 0.0,
    "mae": 0.9126,
    "mse": 1.6898,
    "multiclassification_loss": 0.0,
    "ortho_loss": 0.0,
    "pearson": 0.7051,
    "regression_loss": 1.6893,
    "rm2": 0.4639,
    "rmse": 1.2999,
    "sd": 1.2809,
    "spearman": 0.6954,
    "spectral_loss": 0.0
}
                              
Test Results: {
    "ci": 0.7695,
    "classification_loss": 0.0,
    "cluster_loss": 0.0,
    "mae": 0.9083,
    "mse": 1.7157,
    "multiclassification_loss": 0.0,
    "ortho_loss": 0.0,
    "pearson": 0.7199,
    "regression_loss": 1.7158,
    "rm2": 0.4938,
    "rmse": 1.3099,
    "sd": 1.288,
    "spearman": 0.7097,
    "spectral_loss": 0.0
}
                              
                              
----------------------------------------
Epoch 051 with LR 0.000149: Model Results
----------------------------------------
Train MSE Loss: 0.4381, Train CLS Loss: 0.0000, Train MCLS Loss: 0.0000
Protein Cluster Region Loss - Ortho Loss: 0.0000, Cluster Loss: 0.0000
                              
Validation Results: {
    "ci": 0.7596,
    "classification_loss": 0.0,
    "cluster_loss": 0.0,
    "mae": 0.9262,
    "mse": 1.7702,
    "multiclassification_loss": 0.0,
    "ortho_loss": 0.0,
    "pearson": 0.6966,
    "regression_loss": 1.7701,
    "rm2": 0.4825,
    "rmse": 1.3305,
    "sd": 1.2959,
    "spearman": 0.6862,
    "spectral_loss": 0.0
}
                              
Test Results: {
    "ci": 0.7695,
    "classification_loss": 0.0,
    "cluster_loss": 0.0,
    "mae": 0.9083,
    "mse": 1.7157,
    "multiclassification_loss": 0.0,
    "ortho_loss": 0.0,
    "pearson": 0.7199,
    "regression_loss": 1.7158,
    "rm2": 0.4938,
    "rmse": 1.3099,
    "sd": 1.288,
    "spearman": 0.7097,
    "spectral_loss": 0.0
}
                              
                              
----------------------------------------
Epoch 052 with LR 0.000144: Model Results
----------------------------------------
Train MSE Loss: 0.4296, Train CLS Loss: 0.0000, Train MCLS Loss: 0.0000
Protein Cluster Region Loss - Ortho Loss: 0.0000, Cluster Loss: 0.0000
                              
Validation Results: {
    "ci": 0.7591,
    "classification_loss": 0.0,
    "cluster_loss": 0.0,
    "mae": 0.9328,
    "mse": 1.735,
    "multiclassification_loss": 0.0,
    "ortho_loss": 0.0,
    "pearson": 0.7017,
    "regression_loss": 1.734,
    "rm2": 0.4704,
    "rmse": 1.3172,
    "sd": 1.2869,
    "spearman": 0.6887,
    "spectral_loss": 0.0
}
                              
Test Results: {
    "ci": 0.7695,
    "classification_loss": 0.0,
    "cluster_loss": 0.0,
    "mae": 0.9083,
    "mse": 1.7157,
    "multiclassification_loss": 0.0,
    "ortho_loss": 0.0,
    "pearson": 0.7199,
    "regression_loss": 1.7158,
    "rm2": 0.4938,
    "rmse": 1.3099,
    "sd": 1.288,
    "spearman": 0.7097,
    "spectral_loss": 0.0
}
                              
                              
----------------------------------------
Epoch 053 with LR 0.000140: Model Results
----------------------------------------
Train MSE Loss: 0.4220, Train CLS Loss: 0.0000, Train MCLS Loss: 0.0000
Protein Cluster Region Loss - Ortho Loss: 0.0000, Cluster Loss: 0.0000
                              
Validation Results: {
    "ci": 0.7603,
    "classification_loss": 0.0,
    "cluster_loss": 0.0,
    "mae": 0.9213,
    "mse": 1.7069,
    "multiclassification_loss": 0.0,
    "ortho_loss": 0.0,
    "pearson": 0.7009,
    "regression_loss": 1.7072,
    "rm2": 0.47,
    "rmse": 1.3065,
    "sd": 1.2884,
    "spearman": 0.69,
    "spectral_loss": 0.0
}
                              
Test Results: {
    "ci": 0.7695,
    "classification_loss": 0.0,
    "cluster_loss": 0.0,
    "mae": 0.9083,
    "mse": 1.7157,
    "multiclassification_loss": 0.0,
    "ortho_loss": 0.0,
    "pearson": 0.7199,
    "regression_loss": 1.7158,
    "rm2": 0.4938,
    "rmse": 1.3099,
    "sd": 1.288,
    "spearman": 0.7097,
    "spectral_loss": 0.0
}
                              
                              
----------------------------------------
Epoch 054 with LR 0.000135: Model Results
----------------------------------------
Train MSE Loss: 0.4156, Train CLS Loss: 0.0000, Train MCLS Loss: 0.0000
Protein Cluster Region Loss - Ortho Loss: 0.0000, Cluster Loss: 0.0000
                              
Validation Results: {
    "ci": 0.759,
    "classification_loss": 0.0,
    "cluster_loss": 0.0,
    "mae": 0.9214,
    "mse": 1.6967,
    "multiclassification_loss": 0.0,
    "ortho_loss": 0.0,
    "pearson": 0.7023,
    "regression_loss": 1.6954,
    "rm2": 0.4857,
    "rmse": 1.3026,
    "sd": 1.2858,
    "spearman": 0.6867,
    "spectral_loss": 0.0
}
                              
Test Results: {
    "ci": 0.7695,
    "classification_loss": 0.0,
    "cluster_loss": 0.0,
    "mae": 0.9083,
    "mse": 1.7157,
    "multiclassification_loss": 0.0,
    "ortho_loss": 0.0,
    "pearson": 0.7199,
    "regression_loss": 1.7158,
    "rm2": 0.4938,
    "rmse": 1.3099,
    "sd": 1.288,
    "spearman": 0.7097,
    "spectral_loss": 0.0
}
                              
                              
----------------------------------------
Epoch 055 with LR 0.000130: Model Results
----------------------------------------
Train MSE Loss: 0.4168, Train CLS Loss: 0.0000, Train MCLS Loss: 0.0000
Protein Cluster Region Loss - Ortho Loss: 0.0000, Cluster Loss: 0.0000
                              
Validation Results: {
    "ci": 0.7624,
    "classification_loss": 0.0,
    "cluster_loss": 0.0,
    "mae": 0.9205,
    "mse": 1.6972,
    "multiclassification_loss": 0.0,
    "ortho_loss": 0.0,
    "pearson": 0.7081,
    "regression_loss": 1.6965,
    "rm2": 0.4996,
    "rmse": 1.3028,
    "sd": 1.2754,
    "spearman": 0.6961,
    "spectral_loss": 0.0
}
                              
Test Results: {
    "ci": 0.7695,
    "classification_loss": 0.0,
    "cluster_loss": 0.0,
    "mae": 0.9083,
    "mse": 1.7157,
    "multiclassification_loss": 0.0,
    "ortho_loss": 0.0,
    "pearson": 0.7199,
    "regression_loss": 1.7158,
    "rm2": 0.4938,
    "rmse": 1.3099,
    "sd": 1.288,
    "spearman": 0.7097,
    "spectral_loss": 0.0
}
                              
                              
----------------------------------------
Epoch 056 with LR 0.000126: Model Results
----------------------------------------
Train MSE Loss: 0.4024, Train CLS Loss: 0.0000, Train MCLS Loss: 0.0000
Protein Cluster Region Loss - Ortho Loss: 0.0000, Cluster Loss: 0.0000
                              
Validation Results: {
    "ci": 0.7618,
    "classification_loss": 0.0,
    "cluster_loss": 0.0,
    "mae": 0.9171,
    "mse": 1.6948,
    "multiclassification_loss": 0.0,
    "ortho_loss": 0.0,
    "pearson": 0.7066,
    "regression_loss": 1.6945,
    "rm2": 0.4828,
    "rmse": 1.3018,
    "sd": 1.2781,
    "spearman": 0.6933,
    "spectral_loss": 0.0
}
                              
Test Results: {
    "ci": 0.7695,
    "classification_loss": 0.0,
    "cluster_loss": 0.0,
    "mae": 0.9083,
    "mse": 1.7157,
    "multiclassification_loss": 0.0,
    "ortho_loss": 0.0,
    "pearson": 0.7199,
    "regression_loss": 1.7158,
    "rm2": 0.4938,
    "rmse": 1.3099,
    "sd": 1.288,
    "spearman": 0.7097,
    "spectral_loss": 0.0
}
                              
                              
----------------------------------------
Epoch 057 with LR 0.000121: Model Results
----------------------------------------
Train MSE Loss: 0.3938, Train CLS Loss: 0.0000, Train MCLS Loss: 0.0000
Protein Cluster Region Loss - Ortho Loss: 0.0000, Cluster Loss: 0.0000
                              
Validation Results: {
    "ci": 0.7605,
    "classification_loss": 0.0,
    "cluster_loss": 0.0,
    "mae": 0.9195,
    "mse": 1.6775,
    "multiclassification_loss": 0.0,
    "ortho_loss": 0.0,
    "pearson": 0.705,
    "regression_loss": 1.6769,
    "rm2": 0.4761,
    "rmse": 1.2952,
    "sd": 1.2811,
    "spearman": 0.6911,
    "spectral_loss": 0.0
}
                              
Test Results: {
    "ci": 0.7695,
    "classification_loss": 0.0,
    "cluster_loss": 0.0,
    "mae": 0.9083,
    "mse": 1.7157,
    "multiclassification_loss": 0.0,
    "ortho_loss": 0.0,
    "pearson": 0.7199,
    "regression_loss": 1.7158,
    "rm2": 0.4938,
    "rmse": 1.3099,
    "sd": 1.288,
    "spearman": 0.7097,
    "spectral_loss": 0.0
}
                              
                              
----------------------------------------
Epoch 058 with LR 0.000116: Model Results
----------------------------------------
Train MSE Loss: 0.3923, Train CLS Loss: 0.0000, Train MCLS Loss: 0.0000
Protein Cluster Region Loss - Ortho Loss: 0.0000, Cluster Loss: 0.0000
                              
Validation Results: {
    "ci": 0.7618,
    "classification_loss": 0.0,
    "cluster_loss": 0.0,
    "mae": 0.9219,
    "mse": 1.7338,
    "multiclassification_loss": 0.0,
    "ortho_loss": 0.0,
    "pearson": 0.7056,
    "regression_loss": 1.7331,
    "rm2": 0.4849,
    "rmse": 1.3167,
    "sd": 1.2799,
    "spearman": 0.6918,
    "spectral_loss": 0.0
}
                              
Test Results: {
    "ci": 0.7695,
    "classification_loss": 0.0,
    "cluster_loss": 0.0,
    "mae": 0.9083,
    "mse": 1.7157,
    "multiclassification_loss": 0.0,
    "ortho_loss": 0.0,
    "pearson": 0.7199,
    "regression_loss": 1.7158,
    "rm2": 0.4938,
    "rmse": 1.3099,
    "sd": 1.288,
    "spearman": 0.7097,
    "spectral_loss": 0.0
}
                              
                              
----------------------------------------
Epoch 059 with LR 0.000112: Model Results
----------------------------------------
Train MSE Loss: 0.3833, Train CLS Loss: 0.0000, Train MCLS Loss: 0.0000
Protein Cluster Region Loss - Ortho Loss: 0.0000, Cluster Loss: 0.0000
                              
Validation Results: {
    "ci": 0.7589,
    "classification_loss": 0.0,
    "cluster_loss": 0.0,
    "mae": 0.9241,
    "mse": 1.7605,
    "multiclassification_loss": 0.0,
    "ortho_loss": 0.0,
    "pearson": 0.7017,
    "regression_loss": 1.7603,
    "rm2": 0.4914,
    "rmse": 1.3268,
    "sd": 1.2869,
    "spearman": 0.6848,
    "spectral_loss": 0.0
}
                              
Test Results: {
    "ci": 0.7695,
    "classification_loss": 0.0,
    "cluster_loss": 0.0,
    "mae": 0.9083,
    "mse": 1.7157,
    "multiclassification_loss": 0.0,
    "ortho_loss": 0.0,
    "pearson": 0.7199,
    "regression_loss": 1.7158,
    "rm2": 0.4938,
    "rmse": 1.3099,
    "sd": 1.288,
    "spearman": 0.7097,
    "spectral_loss": 0.0
}
                              
                              
----------------------------------------
Epoch 060 with LR 0.000107: Model Results
----------------------------------------
Train MSE Loss: 0.3758, Train CLS Loss: 0.0000, Train MCLS Loss: 0.0000
Protein Cluster Region Loss - Ortho Loss: 0.0000, Cluster Loss: 0.0000
                              
Validation Results: {
    "ci": 0.7604,
    "classification_loss": 0.0,
    "cluster_loss": 0.0,
    "mae": 0.9187,
    "mse": 1.6882,
    "multiclassification_loss": 0.0,
    "ortho_loss": 0.0,
    "pearson": 0.7073,
    "regression_loss": 1.6877,
    "rm2": 0.467,
    "rmse": 1.2993,
    "sd": 1.2768,
    "spearman": 0.69,
    "spectral_loss": 0.0
}
                              
Test Results: {
    "ci": 0.7695,
    "classification_loss": 0.0,
    "cluster_loss": 0.0,
    "mae": 0.9083,
    "mse": 1.7157,
    "multiclassification_loss": 0.0,
    "ortho_loss": 0.0,
    "pearson": 0.7199,
    "regression_loss": 1.7158,
    "rm2": 0.4938,
    "rmse": 1.3099,
    "sd": 1.288,
    "spearman": 0.7097,
    "spectral_loss": 0.0
}
                              
                              
----------------------------------------
Epoch 061 with LR 0.000102: Model Results
----------------------------------------
Train MSE Loss: 0.3650, Train CLS Loss: 0.0000, Train MCLS Loss: 0.0000
Protein Cluster Region Loss - Ortho Loss: 0.0000, Cluster Loss: 0.0000
                              
Validation Results: {
    "ci": 0.7634,
    "classification_loss": 0.0,
    "cluster_loss": 0.0,
    "mae": 0.9108,
    "mse": 1.6779,
    "multiclassification_loss": 0.0,
    "ortho_loss": 0.0,
    "pearson": 0.7097,
    "regression_loss": 1.6774,
    "rm2": 0.4845,
    "rmse": 1.2954,
    "sd": 1.2726,
    "spearman": 0.6956,
    "spectral_loss": 0.0
}
                              
Test Results: {
    "ci": 0.7695,
    "classification_loss": 0.0,
    "cluster_loss": 0.0,
    "mae": 0.9083,
    "mse": 1.7157,
    "multiclassification_loss": 0.0,
    "ortho_loss": 0.0,
    "pearson": 0.7199,
    "regression_loss": 1.7158,
    "rm2": 0.4938,
    "rmse": 1.3099,
    "sd": 1.288,
    "spearman": 0.7097,
    "spectral_loss": 0.0
}
                              
                              
----------------------------------------
Epoch 062 with LR 0.000098: Model Results
----------------------------------------
Train MSE Loss: 0.3655, Train CLS Loss: 0.0000, Train MCLS Loss: 0.0000
Protein Cluster Region Loss - Ortho Loss: 0.0000, Cluster Loss: 0.0000
                              
Validation Results: {
    "ci": 0.763,
    "classification_loss": 0.0,
    "cluster_loss": 0.0,
    "mae": 0.9139,
    "mse": 1.6971,
    "multiclassification_loss": 0.0,
    "ortho_loss": 0.0,
    "pearson": 0.7089,
    "regression_loss": 1.6966,
    "rm2": 0.4904,
    "rmse": 1.3027,
    "sd": 1.274,
    "spearman": 0.6953,
    "spectral_loss": 0.0
}
                              
Test Results: {
    "ci": 0.7695,
    "classification_loss": 0.0,
    "cluster_loss": 0.0,
    "mae": 0.9083,
    "mse": 1.7157,
    "multiclassification_loss": 0.0,
    "ortho_loss": 0.0,
    "pearson": 0.7199,
    "regression_loss": 1.7158,
    "rm2": 0.4938,
    "rmse": 1.3099,
    "sd": 1.288,
    "spearman": 0.7097,
    "spectral_loss": 0.0
}
                              
                              
----------------------------------------
Epoch 063 with LR 0.000094: Model Results
----------------------------------------
Train MSE Loss: 0.3524, Train CLS Loss: 0.0000, Train MCLS Loss: 0.0000
Protein Cluster Region Loss - Ortho Loss: 0.0000, Cluster Loss: 0.0000
                              
Validation Results: {
    "ci": 0.7627,
    "classification_loss": 0.0,
    "cluster_loss": 0.0,
    "mae": 0.9203,
    "mse": 1.7112,
    "multiclassification_loss": 0.0,
    "ortho_loss": 0.0,
    "pearson": 0.7076,
    "regression_loss": 1.7106,
    "rm2": 0.4692,
    "rmse": 1.3081,
    "sd": 1.2763,
    "spearman": 0.6945,
    "spectral_loss": 0.0
}
                              
Test Results: {
    "ci": 0.7695,
    "classification_loss": 0.0,
    "cluster_loss": 0.0,
    "mae": 0.9083,
    "mse": 1.7157,
    "multiclassification_loss": 0.0,
    "ortho_loss": 0.0,
    "pearson": 0.7199,
    "regression_loss": 1.7158,
    "rm2": 0.4938,
    "rmse": 1.3099,
    "sd": 1.288,
    "spearman": 0.7097,
    "spectral_loss": 0.0
}
                              
                              
----------------------------------------
Epoch 064 with LR 0.000089: Model Results
----------------------------------------
Train MSE Loss: 0.3536, Train CLS Loss: 0.0000, Train MCLS Loss: 0.0000
Protein Cluster Region Loss - Ortho Loss: 0.0000, Cluster Loss: 0.0000
                              
Validation Results: {
    "ci": 0.7632,
    "classification_loss": 0.0,
    "cluster_loss": 0.0,
    "mae": 0.9094,
    "mse": 1.6796,
    "multiclassification_loss": 0.0,
    "ortho_loss": 0.0,
    "pearson": 0.7105,
    "regression_loss": 1.6788,
    "rm2": 0.4882,
    "rmse": 1.296,
    "sd": 1.271,
    "spearman": 0.6951,
    "spectral_loss": 0.0
}
                              
Test Results: {
    "ci": 0.7695,
    "classification_loss": 0.0,
    "cluster_loss": 0.0,
    "mae": 0.9083,
    "mse": 1.7157,
    "multiclassification_loss": 0.0,
    "ortho_loss": 0.0,
    "pearson": 0.7199,
    "regression_loss": 1.7158,
    "rm2": 0.4938,
    "rmse": 1.3099,
    "sd": 1.288,
    "spearman": 0.7097,
    "spectral_loss": 0.0
}
                              
                              
----------------------------------------
Epoch 065 with LR 0.000085: Model Results
----------------------------------------
Train MSE Loss: 0.3415, Train CLS Loss: 0.0000, Train MCLS Loss: 0.0000
Protein Cluster Region Loss - Ortho Loss: 0.0000, Cluster Loss: 0.0000
                              
Validation Results: {
    "ci": 0.7636,
    "classification_loss": 0.0,
    "cluster_loss": 0.0,
    "mae": 0.9137,
    "mse": 1.6857,
    "multiclassification_loss": 0.0,
    "ortho_loss": 0.0,
    "pearson": 0.7107,
    "regression_loss": 1.6851,
    "rm2": 0.4849,
    "rmse": 1.2983,
    "sd": 1.2707,
    "spearman": 0.6964,
    "spectral_loss": 0.0
}
                              
Test Results: {
    "ci": 0.7695,
    "classification_loss": 0.0,
    "cluster_loss": 0.0,
    "mae": 0.9083,
    "mse": 1.7157,
    "multiclassification_loss": 0.0,
    "ortho_loss": 0.0,
    "pearson": 0.7199,
    "regression_loss": 1.7158,
    "rm2": 0.4938,
    "rmse": 1.3099,
    "sd": 1.288,
    "spearman": 0.7097,
    "spectral_loss": 0.0
}
                              
                              
----------------------------------------
Epoch 066 with LR 0.000081: Model Results
----------------------------------------
Train MSE Loss: 0.3323, Train CLS Loss: 0.0000, Train MCLS Loss: 0.0000
Protein Cluster Region Loss - Ortho Loss: 0.0000, Cluster Loss: 0.0000
                              
Validation Results: {
    "ci": 0.7646,
    "classification_loss": 0.0,
    "cluster_loss": 0.0,
    "mae": 0.9096,
    "mse": 1.6887,
    "multiclassification_loss": 0.0,
    "ortho_loss": 0.0,
    "pearson": 0.7115,
    "regression_loss": 1.6885,
    "rm2": 0.4996,
    "rmse": 1.2995,
    "sd": 1.2692,
    "spearman": 0.6979,
    "spectral_loss": 0.0
}
                              
Test Results: {
    "ci": 0.7695,
    "classification_loss": 0.0,
    "cluster_loss": 0.0,
    "mae": 0.9083,
    "mse": 1.7157,
    "multiclassification_loss": 0.0,
    "ortho_loss": 0.0,
    "pearson": 0.7199,
    "regression_loss": 1.7158,
    "rm2": 0.4938,
    "rmse": 1.3099,
    "sd": 1.288,
    "spearman": 0.7097,
    "spectral_loss": 0.0
}
                              
                              
----------------------------------------
Epoch 067 with LR 0.000076: Model Results
----------------------------------------
Train MSE Loss: 0.3303, Train CLS Loss: 0.0000, Train MCLS Loss: 0.0000
Protein Cluster Region Loss - Ortho Loss: 0.0000, Cluster Loss: 0.0000
                              
Validation Results: {
    "ci": 0.7618,
    "classification_loss": 0.0,
    "cluster_loss": 0.0,
    "mae": 0.9188,
    "mse": 1.6938,
    "multiclassification_loss": 0.0,
    "ortho_loss": 0.0,
    "pearson": 0.7089,
    "regression_loss": 1.6932,
    "rm2": 0.4869,
    "rmse": 1.3015,
    "sd": 1.274,
    "spearman": 0.6935,
    "spectral_loss": 0.0
}
                              
Test Results: {
    "ci": 0.7695,
    "classification_loss": 0.0,
    "cluster_loss": 0.0,
    "mae": 0.9083,
    "mse": 1.7157,
    "multiclassification_loss": 0.0,
    "ortho_loss": 0.0,
    "pearson": 0.7199,
    "regression_loss": 1.7158,
    "rm2": 0.4938,
    "rmse": 1.3099,
    "sd": 1.288,
    "spearman": 0.7097,
    "spectral_loss": 0.0
}
                              
                              
----------------------------------------
Epoch 068 with LR 0.000072: Model Results
----------------------------------------
Train MSE Loss: 0.3232, Train CLS Loss: 0.0000, Train MCLS Loss: 0.0000
Protein Cluster Region Loss - Ortho Loss: 0.0000, Cluster Loss: 0.0000
                              
Validation Results: {
    "ci": 0.7631,
    "classification_loss": 0.0,
    "cluster_loss": 0.0,
    "mae": 0.9169,
    "mse": 1.7103,
    "multiclassification_loss": 0.0,
    "ortho_loss": 0.0,
    "pearson": 0.7086,
    "regression_loss": 1.7095,
    "rm2": 0.4581,
    "rmse": 1.3078,
    "sd": 1.2745,
    "spearman": 0.6946,
    "spectral_loss": 0.0
}
                              
Test Results: {
    "ci": 0.7695,
    "classification_loss": 0.0,
    "cluster_loss": 0.0,
    "mae": 0.9083,
    "mse": 1.7157,
    "multiclassification_loss": 0.0,
    "ortho_loss": 0.0,
    "pearson": 0.7199,
    "regression_loss": 1.7158,
    "rm2": 0.4938,
    "rmse": 1.3099,
    "sd": 1.288,
    "spearman": 0.7097,
    "spectral_loss": 0.0
}
                              
                              
----------------------------------------
Epoch 069 with LR 0.000068: Model Results
----------------------------------------
Train MSE Loss: 0.3180, Train CLS Loss: 0.0000, Train MCLS Loss: 0.0000
Protein Cluster Region Loss - Ortho Loss: 0.0000, Cluster Loss: 0.0000
                              
Validation Results: {
    "ci": 0.7642,
    "classification_loss": 0.0,
    "cluster_loss": 0.0,
    "mae": 0.9069,
    "mse": 1.6576,
    "multiclassification_loss": 0.0,
    "ortho_loss": 0.0,
    "pearson": 0.7128,
    "regression_loss": 1.6569,
    "rm2": 0.4791,
    "rmse": 1.2875,
    "sd": 1.2668,
    "spearman": 0.6975,
    "spectral_loss": 0.0
}
                              
Test Results: {
    "ci": 0.7695,
    "classification_loss": 0.0,
    "cluster_loss": 0.0,
    "mae": 0.9083,
    "mse": 1.7157,
    "multiclassification_loss": 0.0,
    "ortho_loss": 0.0,
    "pearson": 0.7199,
    "regression_loss": 1.7158,
    "rm2": 0.4938,
    "rmse": 1.3099,
    "sd": 1.288,
    "spearman": 0.7097,
    "spectral_loss": 0.0
}
                              
                              
----------------------------------------
Epoch 070 with LR 0.000064: Model Results
----------------------------------------
Train MSE Loss: 0.3147, Train CLS Loss: 0.0000, Train MCLS Loss: 0.0000
Protein Cluster Region Loss - Ortho Loss: 0.0000, Cluster Loss: 0.0000
                              
Validation Results: {
    "ci": 0.7595,
    "classification_loss": 0.0,
    "cluster_loss": 0.0,
    "mae": 0.9191,
    "mse": 1.6932,
    "multiclassification_loss": 0.0,
    "ortho_loss": 0.0,
    "pearson": 0.7067,
    "regression_loss": 1.6925,
    "rm2": 0.4906,
    "rmse": 1.3012,
    "sd": 1.2779,
    "spearman": 0.6881,
    "spectral_loss": 0.0
}
                              
Test Results: {
    "ci": 0.7695,
    "classification_loss": 0.0,
    "cluster_loss": 0.0,
    "mae": 0.9083,
    "mse": 1.7157,
    "multiclassification_loss": 0.0,
    "ortho_loss": 0.0,
    "pearson": 0.7199,
    "regression_loss": 1.7158,
    "rm2": 0.4938,
    "rmse": 1.3099,
    "sd": 1.288,
    "spearman": 0.7097,
    "spectral_loss": 0.0
}
                              
                              
----------------------------------------
Epoch 071 with LR 0.000060: Model Results
----------------------------------------
Train MSE Loss: 0.3095, Train CLS Loss: 0.0000, Train MCLS Loss: 0.0000
Protein Cluster Region Loss - Ortho Loss: 0.0000, Cluster Loss: 0.0000
                              
Validation Results: {
    "ci": 0.764,
    "classification_loss": 0.0,
    "cluster_loss": 0.0,
    "mae": 0.9104,
    "mse": 1.6712,
    "multiclassification_loss": 0.0,
    "ortho_loss": 0.0,
    "pearson": 0.7126,
    "regression_loss": 1.6707,
    "rm2": 0.4863,
    "rmse": 1.2928,
    "sd": 1.2673,
    "spearman": 0.6976,
    "spectral_loss": 0.0
}
                              
Test Results: {
    "ci": 0.7695,
    "classification_loss": 0.0,
    "cluster_loss": 0.0,
    "mae": 0.9083,
    "mse": 1.7157,
    "multiclassification_loss": 0.0,
    "ortho_loss": 0.0,
    "pearson": 0.7199,
    "regression_loss": 1.7158,
    "rm2": 0.4938,
    "rmse": 1.3099,
    "sd": 1.288,
    "spearman": 0.7097,
    "spectral_loss": 0.0
}
                              
                              
----------------------------------------
Epoch 072 with LR 0.000057: Model Results
----------------------------------------
Train MSE Loss: 0.3041, Train CLS Loss: 0.0000, Train MCLS Loss: 0.0000
Protein Cluster Region Loss - Ortho Loss: 0.0000, Cluster Loss: 0.0000
                              
Validation Results: {
    "ci": 0.7642,
    "classification_loss": 0.0,
    "cluster_loss": 0.0,
    "mae": 0.9103,
    "mse": 1.6566,
    "multiclassification_loss": 0.0,
    "ortho_loss": 0.0,
    "pearson": 0.715,
    "regression_loss": 1.6562,
    "rm2": 0.4963,
    "rmse": 1.2871,
    "sd": 1.2628,
    "spearman": 0.6991,
    "spectral_loss": 0.0
}
                              
Test Results: {
    "ci": 0.7695,
    "classification_loss": 0.0,
    "cluster_loss": 0.0,
    "mae": 0.9083,
    "mse": 1.7157,
    "multiclassification_loss": 0.0,
    "ortho_loss": 0.0,
    "pearson": 0.7199,
    "regression_loss": 1.7158,
    "rm2": 0.4938,
    "rmse": 1.3099,
    "sd": 1.288,
    "spearman": 0.7097,
    "spectral_loss": 0.0
}
                              
                              
----------------------------------------
Epoch 073 with LR 0.000053: Model Results
----------------------------------------
Train MSE Loss: 0.2960, Train CLS Loss: 0.0000, Train MCLS Loss: 0.0000
Protein Cluster Region Loss - Ortho Loss: 0.0000, Cluster Loss: 0.0000
                              
Validation Results: {
    "ci": 0.7612,
    "classification_loss": 0.0,
    "cluster_loss": 0.0,
    "mae": 0.9173,
    "mse": 1.6799,
    "multiclassification_loss": 0.0,
    "ortho_loss": 0.0,
    "pearson": 0.7095,
    "regression_loss": 1.6793,
    "rm2": 0.4938,
    "rmse": 1.2961,
    "sd": 1.2729,
    "spearman": 0.6918,
    "spectral_loss": 0.0
}
                              
Test Results: {
    "ci": 0.7695,
    "classification_loss": 0.0,
    "cluster_loss": 0.0,
    "mae": 0.9083,
    "mse": 1.7157,
    "multiclassification_loss": 0.0,
    "ortho_loss": 0.0,
    "pearson": 0.7199,
    "regression_loss": 1.7158,
    "rm2": 0.4938,
    "rmse": 1.3099,
    "sd": 1.288,
    "spearman": 0.7097,
    "spectral_loss": 0.0
}

Early stopping at epoch 73 (no improvement for 25 epochs)
[best epoch] epoch=48, best_rmse=1.2864, lr_at_best=1.635e-04
                              
                              
----------------------------------------
Epoch 073 with LR 0.000053: Model Results
----------------------------------------
Train MSE Loss: 0.2960, Train CLS Loss: 0.0000, Train MCLS Loss: 0.0000
Protein Cluster Region Loss - Ortho Loss: 0.0000, Cluster Loss: 0.0000
                              
Validation Results: {
    "ci": 0.7612,
    "classification_loss": 0.0,
    "cluster_loss": 0.0,
    "mae": 0.9173,
    "mse": 1.6799,
    "multiclassification_loss": 0.0,
    "ortho_loss": 0.0,
    "pearson": 0.7095,
    "regression_loss": 1.6793,
    "rm2": 0.4938,
    "rmse": 1.2961,
    "sd": 1.2729,
    "spearman": 0.6918,
    "spectral_loss": 0.0
}
                              
Test Results: {
    "ci": 0.7695,
    "classification_loss": 0.0,
    "cluster_loss": 0.0,
    "mae": 0.9083,
    "mse": 1.7157,
    "multiclassification_loss": 0.0,
    "ortho_loss": 0.0,
    "pearson": 0.7199,
    "regression_loss": 1.7158,
    "rm2": 0.4938,
    "rmse": 1.3099,
    "sd": 1.288,
    "spearman": 0.7097,
    "spectral_loss": 0.0
}
Final test metrics: rmse=1.3101, pearson=0.7199, r2_proxy(mse)=1.7165
Done. Predictions: /sc/arion/projects/DiseaseGeneCell/Huang_lab_project/wangcDrugRepoProject/TRACE_Kin_Results_v6c_pocket_graph/EITLEM_dataset/EITLEM_kkm_MUTAPLM_embedding_random/test_prediction_seed3.csv; checkpoint: /sc/arion/projects/DiseaseGeneCell/Huang_lab_project/wangcDrugRepoProject/TRACE_Kin_Results_v6c_pocket_graph/EITLEM_dataset/EITLEM_kkm_MUTAPLM_embedding_random/save_model_seed3/model.pt

Array task 4/10: OK (EITLEM_kkm_MUTAPLM_embedding_random)


PS:

Read file <243258508.4.stderr> for stderr output of this job.

