Sender: LSF System <lsfadmin@lg02e01>
Subject: Job 243258508[10]: <trace_kin_v6c_perfolder_s3[1-10]> in cluster <chimera> Done

Job <trace_kin_v6c_perfolder_s3[1-10]> was submitted from host <li04e03> by user <wangc40> in cluster <chimera> at Mon May 11 23:27:09 2026
Job was executed on host(s) <16*lg02e01>, in queue <gpu>, as user <wangc40> in cluster <chimera> at Mon May 11 23:27:14 2026
</hpc/users/wangc40> was used as the home directory.
</sc/arion/projects/DiseaseGeneCell/Huang_lab_project/wangcDrugRepoProject/TRACE-Kin> was used as the working directory.
Started at Mon May 11 23:27:14 2026
Terminated at Tue May 12 02:06:18 2026
Results reported at Tue May 12 02:06:18 2026

Your job looked like:

------------------------------------------------------------
# LSBATCH: User input
#!/bin/bash
#BSUB -J trace_kin_v6c_perfolder_s3[1-10]
#BSUB -P acc_DiseaseGeneCell
#BSUB -q gpu
#BSUB -R h100nvl
#BSUB -gpu num=1
#BSUB -n 16
#BSUB -R "rusage[mem=15000]"
#BSUB -R "span[hosts=1]"
#BSUB -W 48:00
#BSUB -o %J.%I.stdout
#BSUB -eo %J.%I.stderr
#BSUB -L /bin/bash

# =============================================================================
# TRACE-Kin v6c PER-FOLDER — seed 3
# =============================================================================

# --- Environment -------------------------------------------------------------
ml purge
source ~/.bashrc
module load anaconda3/2024.06
source activate test
module load cuda/12.4.0
export RAYON_NUM_THREADS=4
export PYTORCH_CUDA_ALLOC_CONF=expandable_segments:True
export PYTHONPATH="$PWD${PYTHONPATH:+:$PYTHONPATH}"

# --- Knobs (env overrides) ---------------------------------------------------
ENZYME_BASE="${ENZYME_BASE:-/sc/arion/projects/DiseaseGeneCell/Huang_lab_project/drug_discovery/output/data/enzyme_embeddings_dataset}"
RESULT_BASE="${RESULT_BASE:-/sc/arion/projects/DiseaseGeneCell/Huang_lab_project/wangcDrugRepoProject/TRACE_Kin_Results_v6c_pocket_graph}"
MOLFORMER_PATH="${MOLFORMER_PATH:-/sc/arion/projects/DiseaseGeneCell/Huang_lab_project/wangcDrugRepoProject/transformersmodels/ibm/MoLFormer-XL-both-10pct}"
CONFIG_PATH="${CONFIG_PATH:-training/config_v6c.json}"
EPOCHS="${EPOCHS:-100}"
BATCH_SIZE="${BATCH_SIZE:-32}"
SEED=3
LRATE="${LRATE:-3e-4}"

# --- Per-array-index table (10 cells, MUTAPLM embedding) ---------------------
JOBS=(
    "EITLEM_dataset|EITLEM_kkm_MUTAPLM_embedding_cold_drug|"
    "catpred_dataset|catpred_kcat_MUTAPLM_embedding_random|"
    "inhouse_dataset|inhouse_Kd_MUTAPLM_embedding_random|"
    "EITLEM_dataset|EITLEM_kkm_MUTAPLM_embedding_random|"
    "EITLEM_dataset|EITLEM_kcat_MUTAPLM_embedding_cold_drug|"
    "MPEK_dataset|MPEK_kcat_MUTAPLM_embedding_cold_protein|"
    "EITLEM_dataset|EITLEM_km_MUTAPLM_embedding_cold_protein|"
    "catpred_dataset|catpred_ki_MUTAPLM_embedding_cold_protein|"
    "EITLEM_dataset|EITLEM_kkm_MUTAPLM_embedding_cold_protein|"
    "EITLEM_dataset|EITLEM_kcat_MUTAPLM_embedding_cold_protein|"

(... more ...)
------------------------------------------------------------

Successfully completed.

Resource usage summary:

    CPU time :                                   11291.00 sec.
    Max Memory :                                 55452 MB
    Average Memory :                             54109.52 MB
    Total Requested Memory :                     240000.00 MB
    Delta Memory :                               184548.00 MB
    Max Swap :                                   -
    Max Processes :                              21
    Max Threads :                                53
    Run time :                                   9544 sec.
    Turnaround time :                            9549 sec.

The output (if any) follows:

==========================================
TRACE-Kin v6c PER-FOLDER task 10/10 (seed=3)
==========================================
Date:        Mon May 11 23:27:17 EDT 2026
Dataset:     /sc/arion/projects/DiseaseGeneCell/Huang_lab_project/drug_discovery/output/data/enzyme_embeddings_dataset/EITLEM_dataset/EITLEM_kcat_MUTAPLM_embedding_cold_protein
Result:      /sc/arion/projects/DiseaseGeneCell/Huang_lab_project/wangcDrugRepoProject/TRACE_Kin_Results_v6c_pocket_graph/EITLEM_dataset/EITLEM_kcat_MUTAPLM_embedding_cold_protein
Config:      training/config_v6c.json
Epochs:      100, batch=32, seed=3, lr=3e-4
==========================================
Python 3.12.2
CUDA device: NVIDIA H100 80GB HBM3, sm_90
============================================================
TRACE-Kin training
============================================================
Datafolder:        /sc/arion/projects/DiseaseGeneCell/Huang_lab_project/drug_discovery/output/data/enzyme_embeddings_dataset/EITLEM_dataset/EITLEM_kcat_MUTAPLM_embedding_cold_protein
Result path:       /sc/arion/projects/DiseaseGeneCell/Huang_lab_project/wangcDrugRepoProject/TRACE_Kin_Results_v6c_pocket_graph/EITLEM_dataset/EITLEM_kcat_MUTAPLM_embedding_cold_protein
Config:            training/config_v6c.json
Pool train CSVs:   (none)
============================================================
[mem] before load_split_dataframes             max RSS = 0.62 GB
Loading primary train (essential cols): /sc/arion/projects/DiseaseGeneCell/Huang_lab_project/drug_discovery/output/data/enzyme_embeddings_dataset/EITLEM_dataset/EITLEM_kcat_MUTAPLM_embedding_cold_protein/train.parquet
Loading primary test (essential cols): /sc/arion/projects/DiseaseGeneCell/Huang_lab_project/drug_discovery/output/data/enzyme_embeddings_dataset/EITLEM_dataset/EITLEM_kcat_MUTAPLM_embedding_cold_protein/test.parquet
Loading primary val (essential cols): /sc/arion/projects/DiseaseGeneCell/Huang_lab_project/drug_discovery/output/data/enzyme_embeddings_dataset/EITLEM_dataset/EITLEM_kcat_MUTAPLM_embedding_cold_protein/val.parquet
Detected prot_evo_channels = 4096 (1-row sample)
[mem] after load_split_dataframes (lite — feature cols not loaded) max RSS = 1.05 GB
model_version: v6c, use_swa: False
Reusing protein cache: /sc/arion/projects/DiseaseGeneCell/Huang_lab_project/drug_discovery/output/data/enzyme_embeddings_dataset/EITLEM_dataset/EITLEM_kcat_MUTAPLM_embedding_cold_protein/protein.pt
Reusing ligand cache: /sc/arion/projects/DiseaseGeneCell/Huang_lab_project/drug_discovery/output/data/enzyme_embeddings_dataset/EITLEM_dataset/EITLEM_kcat_MUTAPLM_embedding_cold_protein/ligand.pt
[mem] after preprocess                         max RSS = 52.51 GB
loaders ready: train=770 test=223 val=107
[mem] after make_loaders                       max RSS = 52.51 GB
Built TraceKinV6C with 52,512,006 parameters
[AMP] enabled: dtype=torch.bfloat16
[LR schedule] schedule_lr=True, lrate=0.0003, min_lrate=1e-06, warmup_iters=500, lr_decay_iters=77000, total_iters=77000
Not in terminal, reprint now using normal build-in print function.
                              
                              
----------------------------------------
Epoch 001 with LR 0.000300: Model Results
----------------------------------------
Train MSE Loss: 2.1544, Train CLS Loss: 0.0000, Train MCLS Loss: 0.0000
Protein Cluster Region Loss - Ortho Loss: 0.0000, Cluster Loss: 0.0000
                              
Validation Results: {
    "ci": 0.6513,
    "classification_loss": 0.0,
    "cluster_loss": 0.0,
    "mae": 1.214,
    "mse": 2.4437,
    "multiclassification_loss": 0.0,
    "ortho_loss": 0.0,
    "pearson": 0.4515,
    "regression_loss": 2.4495,
    "rm2": 0.1814,
    "rmse": 1.5632,
    "sd": 1.3892,
    "spearman": 0.4398,
    "spectral_loss": 0.0
}
                              
Test Results: {
    "ci": 0.6409,
    "classification_loss": 0.0,
    "cluster_loss": 0.0,
    "mae": 1.1517,
    "mse": 2.2453,
    "multiclassification_loss": 0.0,
    "ortho_loss": 0.0,
    "pearson": 0.4325,
    "regression_loss": 2.2469,
    "rm2": 0.1726,
    "rmse": 1.4984,
    "sd": 1.3711,
    "spearman": 0.41,
    "spectral_loss": 0.0
}
                              
                              
----------------------------------------
Epoch 002 with LR 0.000300: Model Results
----------------------------------------
Train MSE Loss: 1.7483, Train CLS Loss: 0.0000, Train MCLS Loss: 0.0000
Protein Cluster Region Loss - Ortho Loss: 0.0000, Cluster Loss: 0.0000
                              
Validation Results: {
    "ci": 0.6795,
    "classification_loss": 0.0,
    "cluster_loss": 0.0,
    "mae": 1.0148,
    "mse": 1.7602,
    "multiclassification_loss": 0.0,
    "ortho_loss": 0.0,
    "pearson": 0.5239,
    "regression_loss": 1.764,
    "rm2": 0.2708,
    "rmse": 1.3267,
    "sd": 1.3262,
    "spearman": 0.5098,
    "spectral_loss": 0.0
}
                              
Test Results: {
    "ci": 0.6593,
    "classification_loss": 0.0,
    "cluster_loss": 0.0,
    "mae": 1.0446,
    "mse": 1.811,
    "multiclassification_loss": 0.0,
    "ortho_loss": 0.0,
    "pearson": 0.4806,
    "regression_loss": 1.8115,
    "rm2": 0.2125,
    "rmse": 1.3457,
    "sd": 1.3335,
    "spearman": 0.4554,
    "spectral_loss": 0.0
}
                              
                              
----------------------------------------
Epoch 003 with LR 0.000300: Model Results
----------------------------------------
Train MSE Loss: 1.4896, Train CLS Loss: 0.0000, Train MCLS Loss: 0.0000
Protein Cluster Region Loss - Ortho Loss: 0.0000, Cluster Loss: 0.0000
                              
Validation Results: {
    "ci": 0.6831,
    "classification_loss": 0.0,
    "cluster_loss": 0.0,
    "mae": 0.9966,
    "mse": 1.8085,
    "multiclassification_loss": 0.0,
    "ortho_loss": 0.0,
    "pearson": 0.5218,
    "regression_loss": 1.8125,
    "rm2": 0.2691,
    "rmse": 1.3448,
    "sd": 1.3282,
    "spearman": 0.5145,
    "spectral_loss": 0.0
}
                              
Test Results: {
    "ci": 0.6593,
    "classification_loss": 0.0,
    "cluster_loss": 0.0,
    "mae": 1.0446,
    "mse": 1.811,
    "multiclassification_loss": 0.0,
    "ortho_loss": 0.0,
    "pearson": 0.4806,
    "regression_loss": 1.8115,
    "rm2": 0.2125,
    "rmse": 1.3457,
    "sd": 1.3335,
    "spearman": 0.4554,
    "spectral_loss": 0.0
}
                              
                              
----------------------------------------
Epoch 004 with LR 0.000299: Model Results
----------------------------------------
Train MSE Loss: 1.3204, Train CLS Loss: 0.0000, Train MCLS Loss: 0.0000
Protein Cluster Region Loss - Ortho Loss: 0.0000, Cluster Loss: 0.0000
                              
Validation Results: {
    "ci": 0.6919,
    "classification_loss": 0.0,
    "cluster_loss": 0.0,
    "mae": 0.9988,
    "mse": 1.7677,
    "multiclassification_loss": 0.0,
    "ortho_loss": 0.0,
    "pearson": 0.552,
    "regression_loss": 1.7748,
    "rm2": 0.2957,
    "rmse": 1.3296,
    "sd": 1.2982,
    "spearman": 0.5405,
    "spectral_loss": 0.0
}
                              
Test Results: {
    "ci": 0.6593,
    "classification_loss": 0.0,
    "cluster_loss": 0.0,
    "mae": 1.0446,
    "mse": 1.811,
    "multiclassification_loss": 0.0,
    "ortho_loss": 0.0,
    "pearson": 0.4806,
    "regression_loss": 1.8115,
    "rm2": 0.2125,
    "rmse": 1.3457,
    "sd": 1.3335,
    "spearman": 0.4554,
    "spectral_loss": 0.0
}
                              
                              
----------------------------------------
Epoch 005 with LR 0.000299: Model Results
----------------------------------------
Train MSE Loss: 1.2023, Train CLS Loss: 0.0000, Train MCLS Loss: 0.0000
Protein Cluster Region Loss - Ortho Loss: 0.0000, Cluster Loss: 0.0000
                              
Validation Results: {
    "ci": 0.6931,
    "classification_loss": 0.0,
    "cluster_loss": 0.0,
    "mae": 1.0045,
    "mse": 1.7678,
    "multiclassification_loss": 0.0,
    "ortho_loss": 0.0,
    "pearson": 0.5544,
    "regression_loss": 1.772,
    "rm2": 0.2653,
    "rmse": 1.3296,
    "sd": 1.2958,
    "spearman": 0.5431,
    "spectral_loss": 0.0
}
                              
Test Results: {
    "ci": 0.6593,
    "classification_loss": 0.0,
    "cluster_loss": 0.0,
    "mae": 1.0446,
    "mse": 1.811,
    "multiclassification_loss": 0.0,
    "ortho_loss": 0.0,
    "pearson": 0.4806,
    "regression_loss": 1.8115,
    "rm2": 0.2125,
    "rmse": 1.3457,
    "sd": 1.3335,
    "spearman": 0.4554,
    "spectral_loss": 0.0
}
                              
                              
----------------------------------------
Epoch 006 with LR 0.000298: Model Results
----------------------------------------
Train MSE Loss: 1.0952, Train CLS Loss: 0.0000, Train MCLS Loss: 0.0000
Protein Cluster Region Loss - Ortho Loss: 0.0000, Cluster Loss: 0.0000
                              
Validation Results: {
    "ci": 0.7017,
    "classification_loss": 0.0,
    "cluster_loss": 0.0,
    "mae": 0.9621,
    "mse": 1.6594,
    "multiclassification_loss": 0.0,
    "ortho_loss": 0.0,
    "pearson": 0.5699,
    "regression_loss": 1.6602,
    "rm2": 0.3135,
    "rmse": 1.2882,
    "sd": 1.2794,
    "spearman": 0.5663,
    "spectral_loss": 0.0
}
                              
Test Results: {
    "ci": 0.6812,
    "classification_loss": 0.0,
    "cluster_loss": 0.0,
    "mae": 0.9998,
    "mse": 1.7341,
    "multiclassification_loss": 0.0,
    "ortho_loss": 0.0,
    "pearson": 0.5243,
    "regression_loss": 1.7337,
    "rm2": 0.2522,
    "rmse": 1.3168,
    "sd": 1.2949,
    "spearman": 0.5113,
    "spectral_loss": 0.0
}
                              
                              
----------------------------------------
Epoch 007 with LR 0.000297: Model Results
----------------------------------------
Train MSE Loss: 1.0210, Train CLS Loss: 0.0000, Train MCLS Loss: 0.0000
Protein Cluster Region Loss - Ortho Loss: 0.0000, Cluster Loss: 0.0000
                              
Validation Results: {
    "ci": 0.7034,
    "classification_loss": 0.0,
    "cluster_loss": 0.0,
    "mae": 0.9511,
    "mse": 1.6557,
    "multiclassification_loss": 0.0,
    "ortho_loss": 0.0,
    "pearson": 0.5759,
    "regression_loss": 1.6605,
    "rm2": 0.3277,
    "rmse": 1.2867,
    "sd": 1.2728,
    "spearman": 0.5657,
    "spectral_loss": 0.0
}
                              
Test Results: {
    "ci": 0.6848,
    "classification_loss": 0.0,
    "cluster_loss": 0.0,
    "mae": 0.9839,
    "mse": 1.7115,
    "multiclassification_loss": 0.0,
    "ortho_loss": 0.0,
    "pearson": 0.5391,
    "regression_loss": 1.7107,
    "rm2": 0.2708,
    "rmse": 1.3082,
    "sd": 1.2808,
    "spearman": 0.5217,
    "spectral_loss": 0.0
}
                              
                              
----------------------------------------
Epoch 008 with LR 0.000296: Model Results
----------------------------------------
Train MSE Loss: 0.9609, Train CLS Loss: 0.0000, Train MCLS Loss: 0.0000
Protein Cluster Region Loss - Ortho Loss: 0.0000, Cluster Loss: 0.0000
                              
Validation Results: {
    "ci": 0.7068,
    "classification_loss": 0.0,
    "cluster_loss": 0.0,
    "mae": 0.965,
    "mse": 1.6546,
    "multiclassification_loss": 0.0,
    "ortho_loss": 0.0,
    "pearson": 0.5837,
    "regression_loss": 1.6562,
    "rm2": 0.3048,
    "rmse": 1.2863,
    "sd": 1.2642,
    "spearman": 0.5773,
    "spectral_loss": 0.0
}
                              
Test Results: {
    "ci": 0.6848,
    "classification_loss": 0.0,
    "cluster_loss": 0.0,
    "mae": 1.0221,
    "mse": 1.7932,
    "multiclassification_loss": 0.0,
    "ortho_loss": 0.0,
    "pearson": 0.539,
    "regression_loss": 1.7924,
    "rm2": 0.2451,
    "rmse": 1.3391,
    "sd": 1.2808,
    "spearman": 0.5219,
    "spectral_loss": 0.0
}
                              
                              
----------------------------------------
Epoch 009 with LR 0.000295: Model Results
----------------------------------------
Train MSE Loss: 0.9077, Train CLS Loss: 0.0000, Train MCLS Loss: 0.0000
Protein Cluster Region Loss - Ortho Loss: 0.0000, Cluster Loss: 0.0000
                              
Validation Results: {
    "ci": 0.7005,
    "classification_loss": 0.0,
    "cluster_loss": 0.0,
    "mae": 0.9624,
    "mse": 1.7252,
    "multiclassification_loss": 0.0,
    "ortho_loss": 0.0,
    "pearson": 0.5684,
    "regression_loss": 1.7288,
    "rm2": 0.3199,
    "rmse": 1.3135,
    "sd": 1.281,
    "spearman": 0.5579,
    "spectral_loss": 0.0
}
                              
Test Results: {
    "ci": 0.6848,
    "classification_loss": 0.0,
    "cluster_loss": 0.0,
    "mae": 1.0221,
    "mse": 1.7932,
    "multiclassification_loss": 0.0,
    "ortho_loss": 0.0,
    "pearson": 0.539,
    "regression_loss": 1.7924,
    "rm2": 0.2451,
    "rmse": 1.3391,
    "sd": 1.2808,
    "spearman": 0.5219,
    "spectral_loss": 0.0
}
                              
                              
----------------------------------------
Epoch 010 with LR 0.000294: Model Results
----------------------------------------
Train MSE Loss: 0.8756, Train CLS Loss: 0.0000, Train MCLS Loss: 0.0000
Protein Cluster Region Loss - Ortho Loss: 0.0000, Cluster Loss: 0.0000
                              
Validation Results: {
    "ci": 0.7094,
    "classification_loss": 0.0,
    "cluster_loss": 0.0,
    "mae": 0.9291,
    "mse": 1.5964,
    "multiclassification_loss": 0.0,
    "ortho_loss": 0.0,
    "pearson": 0.5946,
    "regression_loss": 1.6024,
    "rm2": 0.3417,
    "rmse": 1.2635,
    "sd": 1.2518,
    "spearman": 0.5813,
    "spectral_loss": 0.0
}
                              
Test Results: {
    "ci": 0.6881,
    "classification_loss": 0.0,
    "cluster_loss": 0.0,
    "mae": 0.9794,
    "mse": 1.6919,
    "multiclassification_loss": 0.0,
    "ortho_loss": 0.0,
    "pearson": 0.5527,
    "regression_loss": 1.6915,
    "rm2": 0.2753,
    "rmse": 1.3007,
    "sd": 1.2673,
    "spearman": 0.5291,
    "spectral_loss": 0.0
}
                              
                              
----------------------------------------
Epoch 011 with LR 0.000292: Model Results
----------------------------------------
Train MSE Loss: 0.8294, Train CLS Loss: 0.0000, Train MCLS Loss: 0.0000
Protein Cluster Region Loss - Ortho Loss: 0.0000, Cluster Loss: 0.0000
                              
Validation Results: {
    "ci": 0.7023,
    "classification_loss": 0.0,
    "cluster_loss": 0.0,
    "mae": 0.9934,
    "mse": 1.7427,
    "multiclassification_loss": 0.0,
    "ortho_loss": 0.0,
    "pearson": 0.5741,
    "regression_loss": 1.7493,
    "rm2": 0.2776,
    "rmse": 1.3201,
    "sd": 1.2749,
    "spearman": 0.563,
    "spectral_loss": 0.0
}
                              
Test Results: {
    "ci": 0.6881,
    "classification_loss": 0.0,
    "cluster_loss": 0.0,
    "mae": 0.9794,
    "mse": 1.6919,
    "multiclassification_loss": 0.0,
    "ortho_loss": 0.0,
    "pearson": 0.5527,
    "regression_loss": 1.6915,
    "rm2": 0.2753,
    "rmse": 1.3007,
    "sd": 1.2673,
    "spearman": 0.5291,
    "spectral_loss": 0.0
}
                              
                              
----------------------------------------
Epoch 012 with LR 0.000290: Model Results
----------------------------------------
Train MSE Loss: 0.7971, Train CLS Loss: 0.0000, Train MCLS Loss: 0.0000
Protein Cluster Region Loss - Ortho Loss: 0.0000, Cluster Loss: 0.0000
                              
Validation Results: {
    "ci": 0.7112,
    "classification_loss": 0.0,
    "cluster_loss": 0.0,
    "mae": 0.9715,
    "mse": 1.719,
    "multiclassification_loss": 0.0,
    "ortho_loss": 0.0,
    "pearson": 0.5991,
    "regression_loss": 1.7222,
    "rm2": 0.33,
    "rmse": 1.3111,
    "sd": 1.2467,
    "spearman": 0.5866,
    "spectral_loss": 0.0
}
                              
Test Results: {
    "ci": 0.6881,
    "classification_loss": 0.0,
    "cluster_loss": 0.0,
    "mae": 0.9794,
    "mse": 1.6919,
    "multiclassification_loss": 0.0,
    "ortho_loss": 0.0,
    "pearson": 0.5527,
    "regression_loss": 1.6915,
    "rm2": 0.2753,
    "rmse": 1.3007,
    "sd": 1.2673,
    "spearman": 0.5291,
    "spectral_loss": 0.0
}
                              
                              
----------------------------------------
Epoch 013 with LR 0.000289: Model Results
----------------------------------------
Train MSE Loss: 0.7772, Train CLS Loss: 0.0000, Train MCLS Loss: 0.0000
Protein Cluster Region Loss - Ortho Loss: 0.0000, Cluster Loss: 0.0000
                              
Validation Results: {
    "ci": 0.7129,
    "classification_loss": 0.0,
    "cluster_loss": 0.0,
    "mae": 0.9198,
    "mse": 1.5669,
    "multiclassification_loss": 0.0,
    "ortho_loss": 0.0,
    "pearson": 0.6009,
    "regression_loss": 1.5728,
    "rm2": 0.3468,
    "rmse": 1.2517,
    "sd": 1.2445,
    "spearman": 0.5894,
    "spectral_loss": 0.0
}
                              
Test Results: {
    "ci": 0.6956,
    "classification_loss": 0.0,
    "cluster_loss": 0.0,
    "mae": 0.9617,
    "mse": 1.6467,
    "multiclassification_loss": 0.0,
    "ortho_loss": 0.0,
    "pearson": 0.5652,
    "regression_loss": 1.6458,
    "rm2": 0.2902,
    "rmse": 1.2832,
    "sd": 1.2544,
    "spearman": 0.5482,
    "spectral_loss": 0.0
}
                              
                              
----------------------------------------
Epoch 014 with LR 0.000287: Model Results
----------------------------------------
Train MSE Loss: 0.7578, Train CLS Loss: 0.0000, Train MCLS Loss: 0.0000
Protein Cluster Region Loss - Ortho Loss: 0.0000, Cluster Loss: 0.0000
                              
Validation Results: {
    "ci": 0.7084,
    "classification_loss": 0.0,
    "cluster_loss": 0.0,
    "mae": 0.9582,
    "mse": 1.6599,
    "multiclassification_loss": 0.0,
    "ortho_loss": 0.0,
    "pearson": 0.5937,
    "regression_loss": 1.6653,
    "rm2": 0.3339,
    "rmse": 1.2884,
    "sd": 1.2529,
    "spearman": 0.5818,
    "spectral_loss": 0.0
}
                              
Test Results: {
    "ci": 0.6956,
    "classification_loss": 0.0,
    "cluster_loss": 0.0,
    "mae": 0.9617,
    "mse": 1.6467,
    "multiclassification_loss": 0.0,
    "ortho_loss": 0.0,
    "pearson": 0.5652,
    "regression_loss": 1.6458,
    "rm2": 0.2902,
    "rmse": 1.2832,
    "sd": 1.2544,
    "spearman": 0.5482,
    "spectral_loss": 0.0
}
                              
                              
----------------------------------------
Epoch 015 with LR 0.000285: Model Results
----------------------------------------
Train MSE Loss: 0.7331, Train CLS Loss: 0.0000, Train MCLS Loss: 0.0000
Protein Cluster Region Loss - Ortho Loss: 0.0000, Cluster Loss: 0.0000
                              
Validation Results: {
    "ci": 0.7101,
    "classification_loss": 0.0,
    "cluster_loss": 0.0,
    "mae": 0.93,
    "mse": 1.5868,
    "multiclassification_loss": 0.0,
    "ortho_loss": 0.0,
    "pearson": 0.5993,
    "regression_loss": 1.5964,
    "rm2": 0.3573,
    "rmse": 1.2597,
    "sd": 1.2464,
    "spearman": 0.5822,
    "spectral_loss": 0.0
}
                              
Test Results: {
    "ci": 0.6956,
    "classification_loss": 0.0,
    "cluster_loss": 0.0,
    "mae": 0.9617,
    "mse": 1.6467,
    "multiclassification_loss": 0.0,
    "ortho_loss": 0.0,
    "pearson": 0.5652,
    "regression_loss": 1.6458,
    "rm2": 0.2902,
    "rmse": 1.2832,
    "sd": 1.2544,
    "spearman": 0.5482,
    "spectral_loss": 0.0
}
                              
                              
----------------------------------------
Epoch 016 with LR 0.000283: Model Results
----------------------------------------
Train MSE Loss: 0.7213, Train CLS Loss: 0.0000, Train MCLS Loss: 0.0000
Protein Cluster Region Loss - Ortho Loss: 0.0000, Cluster Loss: 0.0000
                              
Validation Results: {
    "ci": 0.7049,
    "classification_loss": 0.0,
    "cluster_loss": 0.0,
    "mae": 0.9318,
    "mse": 1.5979,
    "multiclassification_loss": 0.0,
    "ortho_loss": 0.0,
    "pearson": 0.5915,
    "regression_loss": 1.6058,
    "rm2": 0.3376,
    "rmse": 1.2641,
    "sd": 1.2554,
    "spearman": 0.5677,
    "spectral_loss": 0.0
}
                              
Test Results: {
    "ci": 0.6956,
    "classification_loss": 0.0,
    "cluster_loss": 0.0,
    "mae": 0.9617,
    "mse": 1.6467,
    "multiclassification_loss": 0.0,
    "ortho_loss": 0.0,
    "pearson": 0.5652,
    "regression_loss": 1.6458,
    "rm2": 0.2902,
    "rmse": 1.2832,
    "sd": 1.2544,
    "spearman": 0.5482,
    "spectral_loss": 0.0
}
                              
                              
----------------------------------------
Epoch 017 with LR 0.000280: Model Results
----------------------------------------
Train MSE Loss: 0.6952, Train CLS Loss: 0.0000, Train MCLS Loss: 0.0000
Protein Cluster Region Loss - Ortho Loss: 0.0000, Cluster Loss: 0.0000
                              
Validation Results: {
    "ci": 0.7112,
    "classification_loss": 0.0,
    "cluster_loss": 0.0,
    "mae": 0.9383,
    "mse": 1.6298,
    "multiclassification_loss": 0.0,
    "ortho_loss": 0.0,
    "pearson": 0.6014,
    "regression_loss": 1.6357,
    "rm2": 0.3485,
    "rmse": 1.2766,
    "sd": 1.2439,
    "spearman": 0.5851,
    "spectral_loss": 0.0
}
                              
Test Results: {
    "ci": 0.6956,
    "classification_loss": 0.0,
    "cluster_loss": 0.0,
    "mae": 0.9617,
    "mse": 1.6467,
    "multiclassification_loss": 0.0,
    "ortho_loss": 0.0,
    "pearson": 0.5652,
    "regression_loss": 1.6458,
    "rm2": 0.2902,
    "rmse": 1.2832,
    "sd": 1.2544,
    "spearman": 0.5482,
    "spectral_loss": 0.0
}
                              
                              
----------------------------------------
Epoch 018 with LR 0.000278: Model Results
----------------------------------------
Train MSE Loss: 0.6755, Train CLS Loss: 0.0000, Train MCLS Loss: 0.0000
Protein Cluster Region Loss - Ortho Loss: 0.0000, Cluster Loss: 0.0000
                              
Validation Results: {
    "ci": 0.709,
    "classification_loss": 0.0,
    "cluster_loss": 0.0,
    "mae": 0.9241,
    "mse": 1.5697,
    "multiclassification_loss": 0.0,
    "ortho_loss": 0.0,
    "pearson": 0.5972,
    "regression_loss": 1.5754,
    "rm2": 0.356,
    "rmse": 1.2529,
    "sd": 1.2488,
    "spearman": 0.5779,
    "spectral_loss": 0.0
}
                              
Test Results: {
    "ci": 0.6956,
    "classification_loss": 0.0,
    "cluster_loss": 0.0,
    "mae": 0.9617,
    "mse": 1.6467,
    "multiclassification_loss": 0.0,
    "ortho_loss": 0.0,
    "pearson": 0.5652,
    "regression_loss": 1.6458,
    "rm2": 0.2902,
    "rmse": 1.2832,
    "sd": 1.2544,
    "spearman": 0.5482,
    "spectral_loss": 0.0
}
                              
                              
----------------------------------------
Epoch 019 with LR 0.000276: Model Results
----------------------------------------
Train MSE Loss: 0.6640, Train CLS Loss: 0.0000, Train MCLS Loss: 0.0000
Protein Cluster Region Loss - Ortho Loss: 0.0000, Cluster Loss: 0.0000
                              
Validation Results: {
    "ci": 0.713,
    "classification_loss": 0.0,
    "cluster_loss": 0.0,
    "mae": 0.9271,
    "mse": 1.6157,
    "multiclassification_loss": 0.0,
    "ortho_loss": 0.0,
    "pearson": 0.6027,
    "regression_loss": 1.6201,
    "rm2": 0.3565,
    "rmse": 1.2711,
    "sd": 1.2425,
    "spearman": 0.5884,
    "spectral_loss": 0.0
}
                              
Test Results: {
    "ci": 0.6956,
    "classification_loss": 0.0,
    "cluster_loss": 0.0,
    "mae": 0.9617,
    "mse": 1.6467,
    "multiclassification_loss": 0.0,
    "ortho_loss": 0.0,
    "pearson": 0.5652,
    "regression_loss": 1.6458,
    "rm2": 0.2902,
    "rmse": 1.2832,
    "sd": 1.2544,
    "spearman": 0.5482,
    "spectral_loss": 0.0
}
                              
                              
----------------------------------------
Epoch 020 with LR 0.000273: Model Results
----------------------------------------
Train MSE Loss: 0.6467, Train CLS Loss: 0.0000, Train MCLS Loss: 0.0000
Protein Cluster Region Loss - Ortho Loss: 0.0000, Cluster Loss: 0.0000
                              
Validation Results: {
    "ci": 0.713,
    "classification_loss": 0.0,
    "cluster_loss": 0.0,
    "mae": 0.927,
    "mse": 1.606,
    "multiclassification_loss": 0.0,
    "ortho_loss": 0.0,
    "pearson": 0.6031,
    "regression_loss": 1.6096,
    "rm2": 0.3494,
    "rmse": 1.2673,
    "sd": 1.242,
    "spearman": 0.5877,
    "spectral_loss": 0.0
}
                              
Test Results: {
    "ci": 0.6956,
    "classification_loss": 0.0,
    "cluster_loss": 0.0,
    "mae": 0.9617,
    "mse": 1.6467,
    "multiclassification_loss": 0.0,
    "ortho_loss": 0.0,
    "pearson": 0.5652,
    "regression_loss": 1.6458,
    "rm2": 0.2902,
    "rmse": 1.2832,
    "sd": 1.2544,
    "spearman": 0.5482,
    "spectral_loss": 0.0
}
                              
                              
----------------------------------------
Epoch 021 with LR 0.000270: Model Results
----------------------------------------
Train MSE Loss: 0.6343, Train CLS Loss: 0.0000, Train MCLS Loss: 0.0000
Protein Cluster Region Loss - Ortho Loss: 0.0000, Cluster Loss: 0.0000
                              
Validation Results: {
    "ci": 0.7137,
    "classification_loss": 0.0,
    "cluster_loss": 0.0,
    "mae": 0.913,
    "mse": 1.5606,
    "multiclassification_loss": 0.0,
    "ortho_loss": 0.0,
    "pearson": 0.604,
    "regression_loss": 1.5665,
    "rm2": 0.3598,
    "rmse": 1.2492,
    "sd": 1.2409,
    "spearman": 0.5908,
    "spectral_loss": 0.0
}
                              
Test Results: {
    "ci": 0.6953,
    "classification_loss": 0.0,
    "cluster_loss": 0.0,
    "mae": 0.9494,
    "mse": 1.6504,
    "multiclassification_loss": 0.0,
    "ortho_loss": 0.0,
    "pearson": 0.5637,
    "regression_loss": 1.6496,
    "rm2": 0.2951,
    "rmse": 1.2847,
    "sd": 1.2561,
    "spearman": 0.5446,
    "spectral_loss": 0.0
}
                              
                              
----------------------------------------
Epoch 022 with LR 0.000267: Model Results
----------------------------------------
Train MSE Loss: 0.6265, Train CLS Loss: 0.0000, Train MCLS Loss: 0.0000
Protein Cluster Region Loss - Ortho Loss: 0.0000, Cluster Loss: 0.0000
                              
Validation Results: {
    "ci": 0.7156,
    "classification_loss": 0.0,
    "cluster_loss": 0.0,
    "mae": 0.915,
    "mse": 1.5716,
    "multiclassification_loss": 0.0,
    "ortho_loss": 0.0,
    "pearson": 0.6083,
    "regression_loss": 1.5761,
    "rm2": 0.3659,
    "rmse": 1.2536,
    "sd": 1.2357,
    "spearman": 0.5938,
    "spectral_loss": 0.0
}
                              
Test Results: {
    "ci": 0.6953,
    "classification_loss": 0.0,
    "cluster_loss": 0.0,
    "mae": 0.9494,
    "mse": 1.6504,
    "multiclassification_loss": 0.0,
    "ortho_loss": 0.0,
    "pearson": 0.5637,
    "regression_loss": 1.6496,
    "rm2": 0.2951,
    "rmse": 1.2847,
    "sd": 1.2561,
    "spearman": 0.5446,
    "spectral_loss": 0.0
}
                              
                              
----------------------------------------
Epoch 023 with LR 0.000264: Model Results
----------------------------------------
Train MSE Loss: 0.6128, Train CLS Loss: 0.0000, Train MCLS Loss: 0.0000
Protein Cluster Region Loss - Ortho Loss: 0.0000, Cluster Loss: 0.0000
                              
Validation Results: {
    "ci": 0.713,
    "classification_loss": 0.0,
    "cluster_loss": 0.0,
    "mae": 0.9206,
    "mse": 1.6026,
    "multiclassification_loss": 0.0,
    "ortho_loss": 0.0,
    "pearson": 0.6045,
    "regression_loss": 1.6065,
    "rm2": 0.3507,
    "rmse": 1.2659,
    "sd": 1.2403,
    "spearman": 0.5872,
    "spectral_loss": 0.0
}
                              
Test Results: {
    "ci": 0.6953,
    "classification_loss": 0.0,
    "cluster_loss": 0.0,
    "mae": 0.9494,
    "mse": 1.6504,
    "multiclassification_loss": 0.0,
    "ortho_loss": 0.0,
    "pearson": 0.5637,
    "regression_loss": 1.6496,
    "rm2": 0.2951,
    "rmse": 1.2847,
    "sd": 1.2561,
    "spearman": 0.5446,
    "spectral_loss": 0.0
}
                              
                              
----------------------------------------
Epoch 024 with LR 0.000261: Model Results
----------------------------------------
Train MSE Loss: 0.5976, Train CLS Loss: 0.0000, Train MCLS Loss: 0.0000
Protein Cluster Region Loss - Ortho Loss: 0.0000, Cluster Loss: 0.0000
                              
Validation Results: {
    "ci": 0.7161,
    "classification_loss": 0.0,
    "cluster_loss": 0.0,
    "mae": 0.9258,
    "mse": 1.606,
    "multiclassification_loss": 0.0,
    "ortho_loss": 0.0,
    "pearson": 0.609,
    "regression_loss": 1.6121,
    "rm2": 0.3504,
    "rmse": 1.2673,
    "sd": 1.2349,
    "spearman": 0.5956,
    "spectral_loss": 0.0
}
                              
Test Results: {
    "ci": 0.6953,
    "classification_loss": 0.0,
    "cluster_loss": 0.0,
    "mae": 0.9494,
    "mse": 1.6504,
    "multiclassification_loss": 0.0,
    "ortho_loss": 0.0,
    "pearson": 0.5637,
    "regression_loss": 1.6496,
    "rm2": 0.2951,
    "rmse": 1.2847,
    "sd": 1.2561,
    "spearman": 0.5446,
    "spectral_loss": 0.0
}
                              
                              
----------------------------------------
Epoch 025 with LR 0.000258: Model Results
----------------------------------------
Train MSE Loss: 0.5865, Train CLS Loss: 0.0000, Train MCLS Loss: 0.0000
Protein Cluster Region Loss - Ortho Loss: 0.0000, Cluster Loss: 0.0000
                              
Validation Results: {
    "ci": 0.7136,
    "classification_loss": 0.0,
    "cluster_loss": 0.0,
    "mae": 0.9031,
    "mse": 1.5467,
    "multiclassification_loss": 0.0,
    "ortho_loss": 0.0,
    "pearson": 0.6095,
    "regression_loss": 1.5532,
    "rm2": 0.3565,
    "rmse": 1.2437,
    "sd": 1.2344,
    "spearman": 0.5887,
    "spectral_loss": 0.0
}
                              
Test Results: {
    "ci": 0.6978,
    "classification_loss": 0.0,
    "cluster_loss": 0.0,
    "mae": 0.9469,
    "mse": 1.6607,
    "multiclassification_loss": 0.0,
    "ortho_loss": 0.0,
    "pearson": 0.5644,
    "regression_loss": 1.6602,
    "rm2": 0.2889,
    "rmse": 1.2887,
    "sd": 1.2553,
    "spearman": 0.5506,
    "spectral_loss": 0.0
}
                              
                              
----------------------------------------
Epoch 026 with LR 0.000254: Model Results
----------------------------------------
Train MSE Loss: 0.5736, Train CLS Loss: 0.0000, Train MCLS Loss: 0.0000
Protein Cluster Region Loss - Ortho Loss: 0.0000, Cluster Loss: 0.0000
                              
Validation Results: {
    "ci": 0.7181,
    "classification_loss": 0.0,
    "cluster_loss": 0.0,
    "mae": 0.9194,
    "mse": 1.5886,
    "multiclassification_loss": 0.0,
    "ortho_loss": 0.0,
    "pearson": 0.6132,
    "regression_loss": 1.595,
    "rm2": 0.3537,
    "rmse": 1.2604,
    "sd": 1.2299,
    "spearman": 0.6005,
    "spectral_loss": 0.0
}
                              
Test Results: {
    "ci": 0.6978,
    "classification_loss": 0.0,
    "cluster_loss": 0.0,
    "mae": 0.9469,
    "mse": 1.6607,
    "multiclassification_loss": 0.0,
    "ortho_loss": 0.0,
    "pearson": 0.5644,
    "regression_loss": 1.6602,
    "rm2": 0.2889,
    "rmse": 1.2887,
    "sd": 1.2553,
    "spearman": 0.5506,
    "spectral_loss": 0.0
}
                              
                              
----------------------------------------
Epoch 027 with LR 0.000251: Model Results
----------------------------------------
Train MSE Loss: 0.5619, Train CLS Loss: 0.0000, Train MCLS Loss: 0.0000
Protein Cluster Region Loss - Ortho Loss: 0.0000, Cluster Loss: 0.0000
                              
Validation Results: {
    "ci": 0.7114,
    "classification_loss": 0.0,
    "cluster_loss": 0.0,
    "mae": 0.9162,
    "mse": 1.5836,
    "multiclassification_loss": 0.0,
    "ortho_loss": 0.0,
    "pearson": 0.6027,
    "regression_loss": 1.5912,
    "rm2": 0.3419,
    "rmse": 1.2584,
    "sd": 1.2425,
    "spearman": 0.5826,
    "spectral_loss": 0.0
}
                              
Test Results: {
    "ci": 0.6978,
    "classification_loss": 0.0,
    "cluster_loss": 0.0,
    "mae": 0.9469,
    "mse": 1.6607,
    "multiclassification_loss": 0.0,
    "ortho_loss": 0.0,
    "pearson": 0.5644,
    "regression_loss": 1.6602,
    "rm2": 0.2889,
    "rmse": 1.2887,
    "sd": 1.2553,
    "spearman": 0.5506,
    "spectral_loss": 0.0
}
                              
                              
----------------------------------------
Epoch 028 with LR 0.000247: Model Results
----------------------------------------
Train MSE Loss: 0.5516, Train CLS Loss: 0.0000, Train MCLS Loss: 0.0000
Protein Cluster Region Loss - Ortho Loss: 0.0000, Cluster Loss: 0.0000
                              
Validation Results: {
    "ci": 0.7137,
    "classification_loss": 0.0,
    "cluster_loss": 0.0,
    "mae": 0.9353,
    "mse": 1.6491,
    "multiclassification_loss": 0.0,
    "ortho_loss": 0.0,
    "pearson": 0.6002,
    "regression_loss": 1.6539,
    "rm2": 0.3393,
    "rmse": 1.2842,
    "sd": 1.2453,
    "spearman": 0.5899,
    "spectral_loss": 0.0
}
                              
Test Results: {
    "ci": 0.6978,
    "classification_loss": 0.0,
    "cluster_loss": 0.0,
    "mae": 0.9469,
    "mse": 1.6607,
    "multiclassification_loss": 0.0,
    "ortho_loss": 0.0,
    "pearson": 0.5644,
    "regression_loss": 1.6602,
    "rm2": 0.2889,
    "rmse": 1.2887,
    "sd": 1.2553,
    "spearman": 0.5506,
    "spectral_loss": 0.0
}
                              
                              
----------------------------------------
Epoch 029 with LR 0.000244: Model Results
----------------------------------------
Train MSE Loss: 0.5441, Train CLS Loss: 0.0000, Train MCLS Loss: 0.0000
Protein Cluster Region Loss - Ortho Loss: 0.0000, Cluster Loss: 0.0000
                              
Validation Results: {
    "ci": 0.7108,
    "classification_loss": 0.0,
    "cluster_loss": 0.0,
    "mae": 0.9235,
    "mse": 1.6027,
    "multiclassification_loss": 0.0,
    "ortho_loss": 0.0,
    "pearson": 0.6025,
    "regression_loss": 1.6103,
    "rm2": 0.3464,
    "rmse": 1.266,
    "sd": 1.2427,
    "spearman": 0.5818,
    "spectral_loss": 0.0
}
                              
Test Results: {
    "ci": 0.6978,
    "classification_loss": 0.0,
    "cluster_loss": 0.0,
    "mae": 0.9469,
    "mse": 1.6607,
    "multiclassification_loss": 0.0,
    "ortho_loss": 0.0,
    "pearson": 0.5644,
    "regression_loss": 1.6602,
    "rm2": 0.2889,
    "rmse": 1.2887,
    "sd": 1.2553,
    "spearman": 0.5506,
    "spectral_loss": 0.0
}
                              
                              
----------------------------------------
Epoch 030 with LR 0.000240: Model Results
----------------------------------------
Train MSE Loss: 0.5343, Train CLS Loss: 0.0000, Train MCLS Loss: 0.0000
Protein Cluster Region Loss - Ortho Loss: 0.0000, Cluster Loss: 0.0000
                              
Validation Results: {
    "ci": 0.7132,
    "classification_loss": 0.0,
    "cluster_loss": 0.0,
    "mae": 0.9248,
    "mse": 1.6072,
    "multiclassification_loss": 0.0,
    "ortho_loss": 0.0,
    "pearson": 0.6035,
    "regression_loss": 1.6137,
    "rm2": 0.3476,
    "rmse": 1.2678,
    "sd": 1.2415,
    "spearman": 0.5892,
    "spectral_loss": 0.0
}
                              
Test Results: {
    "ci": 0.6978,
    "classification_loss": 0.0,
    "cluster_loss": 0.0,
    "mae": 0.9469,
    "mse": 1.6607,
    "multiclassification_loss": 0.0,
    "ortho_loss": 0.0,
    "pearson": 0.5644,
    "regression_loss": 1.6602,
    "rm2": 0.2889,
    "rmse": 1.2887,
    "sd": 1.2553,
    "spearman": 0.5506,
    "spectral_loss": 0.0
}
                              
                              
----------------------------------------
Epoch 031 with LR 0.000236: Model Results
----------------------------------------
Train MSE Loss: 0.5232, Train CLS Loss: 0.0000, Train MCLS Loss: 0.0000
Protein Cluster Region Loss - Ortho Loss: 0.0000, Cluster Loss: 0.0000
                              
Validation Results: {
    "ci": 0.7163,
    "classification_loss": 0.0,
    "cluster_loss": 0.0,
    "mae": 0.9092,
    "mse": 1.5439,
    "multiclassification_loss": 0.0,
    "ortho_loss": 0.0,
    "pearson": 0.6142,
    "regression_loss": 1.551,
    "rm2": 0.3523,
    "rmse": 1.2425,
    "sd": 1.2286,
    "spearman": 0.5952,
    "spectral_loss": 0.0
}
                              
Test Results: {
    "ci": 0.6986,
    "classification_loss": 0.0,
    "cluster_loss": 0.0,
    "mae": 0.9539,
    "mse": 1.6856,
    "multiclassification_loss": 0.0,
    "ortho_loss": 0.0,
    "pearson": 0.5687,
    "regression_loss": 1.685,
    "rm2": 0.2843,
    "rmse": 1.2983,
    "sd": 1.2509,
    "spearman": 0.5503,
    "spectral_loss": 0.0
}
                              
                              
----------------------------------------
Epoch 032 with LR 0.000232: Model Results
----------------------------------------
Train MSE Loss: 0.5138, Train CLS Loss: 0.0000, Train MCLS Loss: 0.0000
Protein Cluster Region Loss - Ortho Loss: 0.0000, Cluster Loss: 0.0000
                              
Validation Results: {
    "ci": 0.7132,
    "classification_loss": 0.0,
    "cluster_loss": 0.0,
    "mae": 0.9248,
    "mse": 1.602,
    "multiclassification_loss": 0.0,
    "ortho_loss": 0.0,
    "pearson": 0.6059,
    "regression_loss": 1.6118,
    "rm2": 0.329,
    "rmse": 1.2657,
    "sd": 1.2386,
    "spearman": 0.5878,
    "spectral_loss": 0.0
}
                              
Test Results: {
    "ci": 0.6986,
    "classification_loss": 0.0,
    "cluster_loss": 0.0,
    "mae": 0.9539,
    "mse": 1.6856,
    "multiclassification_loss": 0.0,
    "ortho_loss": 0.0,
    "pearson": 0.5687,
    "regression_loss": 1.685,
    "rm2": 0.2843,
    "rmse": 1.2983,
    "sd": 1.2509,
    "spearman": 0.5503,
    "spectral_loss": 0.0
}
                              
                              
----------------------------------------
Epoch 033 with LR 0.000228: Model Results
----------------------------------------
Train MSE Loss: 0.5060, Train CLS Loss: 0.0000, Train MCLS Loss: 0.0000
Protein Cluster Region Loss - Ortho Loss: 0.0000, Cluster Loss: 0.0000
                              
Validation Results: {
    "ci": 0.7136,
    "classification_loss": 0.0,
    "cluster_loss": 0.0,
    "mae": 0.9118,
    "mse": 1.5683,
    "multiclassification_loss": 0.0,
    "ortho_loss": 0.0,
    "pearson": 0.6097,
    "regression_loss": 1.5742,
    "rm2": 0.3552,
    "rmse": 1.2523,
    "sd": 1.2341,
    "spearman": 0.5894,
    "spectral_loss": 0.0
}
                              
Test Results: {
    "ci": 0.6986,
    "classification_loss": 0.0,
    "cluster_loss": 0.0,
    "mae": 0.9539,
    "mse": 1.6856,
    "multiclassification_loss": 0.0,
    "ortho_loss": 0.0,
    "pearson": 0.5687,
    "regression_loss": 1.685,
    "rm2": 0.2843,
    "rmse": 1.2983,
    "sd": 1.2509,
    "spearman": 0.5503,
    "spectral_loss": 0.0
}
                              
                              
----------------------------------------
Epoch 034 with LR 0.000224: Model Results
----------------------------------------
Train MSE Loss: 0.4973, Train CLS Loss: 0.0000, Train MCLS Loss: 0.0000
Protein Cluster Region Loss - Ortho Loss: 0.0000, Cluster Loss: 0.0000
                              
Validation Results: {
    "ci": 0.7169,
    "classification_loss": 0.0,
    "cluster_loss": 0.0,
    "mae": 0.9124,
    "mse": 1.5835,
    "multiclassification_loss": 0.0,
    "ortho_loss": 0.0,
    "pearson": 0.6112,
    "regression_loss": 1.5902,
    "rm2": 0.3526,
    "rmse": 1.2584,
    "sd": 1.2323,
    "spearman": 0.5962,
    "spectral_loss": 0.0
}
                              
Test Results: {
    "ci": 0.6986,
    "classification_loss": 0.0,
    "cluster_loss": 0.0,
    "mae": 0.9539,
    "mse": 1.6856,
    "multiclassification_loss": 0.0,
    "ortho_loss": 0.0,
    "pearson": 0.5687,
    "regression_loss": 1.685,
    "rm2": 0.2843,
    "rmse": 1.2983,
    "sd": 1.2509,
    "spearman": 0.5503,
    "spectral_loss": 0.0
}
                              
                              
----------------------------------------
Epoch 035 with LR 0.000220: Model Results
----------------------------------------
Train MSE Loss: 0.4857, Train CLS Loss: 0.0000, Train MCLS Loss: 0.0000
Protein Cluster Region Loss - Ortho Loss: 0.0000, Cluster Loss: 0.0000
                              
Validation Results: {
    "ci": 0.715,
    "classification_loss": 0.0,
    "cluster_loss": 0.0,
    "mae": 0.9344,
    "mse": 1.6288,
    "multiclassification_loss": 0.0,
    "ortho_loss": 0.0,
    "pearson": 0.6071,
    "regression_loss": 1.6368,
    "rm2": 0.3283,
    "rmse": 1.2762,
    "sd": 1.2372,
    "spearman": 0.5931,
    "spectral_loss": 0.0
}
                              
Test Results: {
    "ci": 0.6986,
    "classification_loss": 0.0,
    "cluster_loss": 0.0,
    "mae": 0.9539,
    "mse": 1.6856,
    "multiclassification_loss": 0.0,
    "ortho_loss": 0.0,
    "pearson": 0.5687,
    "regression_loss": 1.685,
    "rm2": 0.2843,
    "rmse": 1.2983,
    "sd": 1.2509,
    "spearman": 0.5503,
    "spectral_loss": 0.0
}
                              
                              
----------------------------------------
Epoch 036 with LR 0.000216: Model Results
----------------------------------------
Train MSE Loss: 0.4811, Train CLS Loss: 0.0000, Train MCLS Loss: 0.0000
Protein Cluster Region Loss - Ortho Loss: 0.0000, Cluster Loss: 0.0000
                              
Validation Results: {
    "ci": 0.7167,
    "classification_loss": 0.0,
    "cluster_loss": 0.0,
    "mae": 0.8976,
    "mse": 1.5288,
    "multiclassification_loss": 0.0,
    "ortho_loss": 0.0,
    "pearson": 0.6133,
    "regression_loss": 1.5363,
    "rm2": 0.3632,
    "rmse": 1.2364,
    "sd": 1.2298,
    "spearman": 0.5961,
    "spectral_loss": 0.0
}
                              
Test Results: {
    "ci": 0.702,
    "classification_loss": 0.0,
    "cluster_loss": 0.0,
    "mae": 0.9299,
    "mse": 1.6078,
    "multiclassification_loss": 0.0,
    "ortho_loss": 0.0,
    "pearson": 0.5757,
    "regression_loss": 1.6074,
    "rm2": 0.302,
    "rmse": 1.268,
    "sd": 1.2434,
    "spearman": 0.5614,
    "spectral_loss": 0.0
}
                              
                              
----------------------------------------
Epoch 037 with LR 0.000212: Model Results
----------------------------------------
Train MSE Loss: 0.4720, Train CLS Loss: 0.0000, Train MCLS Loss: 0.0000
Protein Cluster Region Loss - Ortho Loss: 0.0000, Cluster Loss: 0.0000
                              
Validation Results: {
    "ci": 0.7201,
    "classification_loss": 0.0,
    "cluster_loss": 0.0,
    "mae": 0.9035,
    "mse": 1.546,
    "multiclassification_loss": 0.0,
    "ortho_loss": 0.0,
    "pearson": 0.6207,
    "regression_loss": 1.5531,
    "rm2": 0.3585,
    "rmse": 1.2434,
    "sd": 1.2208,
    "spearman": 0.605,
    "spectral_loss": 0.0
}
                              
Test Results: {
    "ci": 0.702,
    "classification_loss": 0.0,
    "cluster_loss": 0.0,
    "mae": 0.9299,
    "mse": 1.6078,
    "multiclassification_loss": 0.0,
    "ortho_loss": 0.0,
    "pearson": 0.5757,
    "regression_loss": 1.6074,
    "rm2": 0.302,
    "rmse": 1.268,
    "sd": 1.2434,
    "spearman": 0.5614,
    "spectral_loss": 0.0
}
                              
                              
----------------------------------------
Epoch 038 with LR 0.000207: Model Results
----------------------------------------
Train MSE Loss: 0.4633, Train CLS Loss: 0.0000, Train MCLS Loss: 0.0000
Protein Cluster Region Loss - Ortho Loss: 0.0000, Cluster Loss: 0.0000
                              
Validation Results: {
    "ci": 0.7167,
    "classification_loss": 0.0,
    "cluster_loss": 0.0,
    "mae": 0.911,
    "mse": 1.598,
    "multiclassification_loss": 0.0,
    "ortho_loss": 0.0,
    "pearson": 0.6047,
    "regression_loss": 1.604,
    "rm2": 0.3617,
    "rmse": 1.2641,
    "sd": 1.24,
    "spearman": 0.5965,
    "spectral_loss": 0.0
}
                              
Test Results: {
    "ci": 0.702,
    "classification_loss": 0.0,
    "cluster_loss": 0.0,
    "mae": 0.9299,
    "mse": 1.6078,
    "multiclassification_loss": 0.0,
    "ortho_loss": 0.0,
    "pearson": 0.5757,
    "regression_loss": 1.6074,
    "rm2": 0.302,
    "rmse": 1.268,
    "sd": 1.2434,
    "spearman": 0.5614,
    "spectral_loss": 0.0
}
                              
                              
----------------------------------------
Epoch 039 with LR 0.000203: Model Results
----------------------------------------
Train MSE Loss: 0.4540, Train CLS Loss: 0.0000, Train MCLS Loss: 0.0000
Protein Cluster Region Loss - Ortho Loss: 0.0000, Cluster Loss: 0.0000
                              
Validation Results: {
    "ci": 0.716,
    "classification_loss": 0.0,
    "cluster_loss": 0.0,
    "mae": 0.9064,
    "mse": 1.5552,
    "multiclassification_loss": 0.0,
    "ortho_loss": 0.0,
    "pearson": 0.6136,
    "regression_loss": 1.5611,
    "rm2": 0.369,
    "rmse": 1.2471,
    "sd": 1.2295,
    "spearman": 0.5971,
    "spectral_loss": 0.0
}
                              
Test Results: {
    "ci": 0.702,
    "classification_loss": 0.0,
    "cluster_loss": 0.0,
    "mae": 0.9299,
    "mse": 1.6078,
    "multiclassification_loss": 0.0,
    "ortho_loss": 0.0,
    "pearson": 0.5757,
    "regression_loss": 1.6074,
    "rm2": 0.302,
    "rmse": 1.268,
    "sd": 1.2434,
    "spearman": 0.5614,
    "spectral_loss": 0.0
}
                              
                              
----------------------------------------
Epoch 040 with LR 0.000198: Model Results
----------------------------------------
Train MSE Loss: 0.4461, Train CLS Loss: 0.0000, Train MCLS Loss: 0.0000
Protein Cluster Region Loss - Ortho Loss: 0.0000, Cluster Loss: 0.0000
                              
Validation Results: {
    "ci": 0.7164,
    "classification_loss": 0.0,
    "cluster_loss": 0.0,
    "mae": 0.9047,
    "mse": 1.5716,
    "multiclassification_loss": 0.0,
    "ortho_loss": 0.0,
    "pearson": 0.6115,
    "regression_loss": 1.5776,
    "rm2": 0.3567,
    "rmse": 1.2536,
    "sd": 1.232,
    "spearman": 0.5947,
    "spectral_loss": 0.0
}
                              
Test Results: {
    "ci": 0.702,
    "classification_loss": 0.0,
    "cluster_loss": 0.0,
    "mae": 0.9299,
    "mse": 1.6078,
    "multiclassification_loss": 0.0,
    "ortho_loss": 0.0,
    "pearson": 0.5757,
    "regression_loss": 1.6074,
    "rm2": 0.302,
    "rmse": 1.268,
    "sd": 1.2434,
    "spearman": 0.5614,
    "spectral_loss": 0.0
}
                              
                              
----------------------------------------
Epoch 041 with LR 0.000194: Model Results
----------------------------------------
Train MSE Loss: 0.4410, Train CLS Loss: 0.0000, Train MCLS Loss: 0.0000
Protein Cluster Region Loss - Ortho Loss: 0.0000, Cluster Loss: 0.0000
                              
Validation Results: {
    "ci": 0.72,
    "classification_loss": 0.0,
    "cluster_loss": 0.0,
    "mae": 0.9053,
    "mse": 1.5707,
    "multiclassification_loss": 0.0,
    "ortho_loss": 0.0,
    "pearson": 0.6181,
    "regression_loss": 1.5775,
    "rm2": 0.3746,
    "rmse": 1.2533,
    "sd": 1.2239,
    "spearman": 0.6041,
    "spectral_loss": 0.0
}
                              
Test Results: {
    "ci": 0.702,
    "classification_loss": 0.0,
    "cluster_loss": 0.0,
    "mae": 0.9299,
    "mse": 1.6078,
    "multiclassification_loss": 0.0,
    "ortho_loss": 0.0,
    "pearson": 0.5757,
    "regression_loss": 1.6074,
    "rm2": 0.302,
    "rmse": 1.268,
    "sd": 1.2434,
    "spearman": 0.5614,
    "spectral_loss": 0.0
}
                              
                              
----------------------------------------
Epoch 042 with LR 0.000189: Model Results
----------------------------------------
Train MSE Loss: 0.4296, Train CLS Loss: 0.0000, Train MCLS Loss: 0.0000
Protein Cluster Region Loss - Ortho Loss: 0.0000, Cluster Loss: 0.0000
                              
Validation Results: {
    "ci": 0.7191,
    "classification_loss": 0.0,
    "cluster_loss": 0.0,
    "mae": 0.9122,
    "mse": 1.5876,
    "multiclassification_loss": 0.0,
    "ortho_loss": 0.0,
    "pearson": 0.6154,
    "regression_loss": 1.5936,
    "rm2": 0.3434,
    "rmse": 1.26,
    "sd": 1.2272,
    "spearman": 0.6011,
    "spectral_loss": 0.0
}
                              
Test Results: {
    "ci": 0.702,
    "classification_loss": 0.0,
    "cluster_loss": 0.0,
    "mae": 0.9299,
    "mse": 1.6078,
    "multiclassification_loss": 0.0,
    "ortho_loss": 0.0,
    "pearson": 0.5757,
    "regression_loss": 1.6074,
    "rm2": 0.302,
    "rmse": 1.268,
    "sd": 1.2434,
    "spearman": 0.5614,
    "spectral_loss": 0.0
}
                              
                              
----------------------------------------
Epoch 043 with LR 0.000185: Model Results
----------------------------------------
Train MSE Loss: 0.4282, Train CLS Loss: 0.0000, Train MCLS Loss: 0.0000
Protein Cluster Region Loss - Ortho Loss: 0.0000, Cluster Loss: 0.0000
                              
Validation Results: {
    "ci": 0.7173,
    "classification_loss": 0.0,
    "cluster_loss": 0.0,
    "mae": 0.9027,
    "mse": 1.5831,
    "multiclassification_loss": 0.0,
    "ortho_loss": 0.0,
    "pearson": 0.6097,
    "regression_loss": 1.59,
    "rm2": 0.3549,
    "rmse": 1.2582,
    "sd": 1.2341,
    "spearman": 0.5963,
    "spectral_loss": 0.0
}
                              
Test Results: {
    "ci": 0.702,
    "classification_loss": 0.0,
    "cluster_loss": 0.0,
    "mae": 0.9299,
    "mse": 1.6078,
    "multiclassification_loss": 0.0,
    "ortho_loss": 0.0,
    "pearson": 0.5757,
    "regression_loss": 1.6074,
    "rm2": 0.302,
    "rmse": 1.268,
    "sd": 1.2434,
    "spearman": 0.5614,
    "spectral_loss": 0.0
}
                              
                              
----------------------------------------
Epoch 044 with LR 0.000180: Model Results
----------------------------------------
Train MSE Loss: 0.4197, Train CLS Loss: 0.0000, Train MCLS Loss: 0.0000
Protein Cluster Region Loss - Ortho Loss: 0.0000, Cluster Loss: 0.0000
                              
Validation Results: {
    "ci": 0.7202,
    "classification_loss": 0.0,
    "cluster_loss": 0.0,
    "mae": 0.9049,
    "mse": 1.5596,
    "multiclassification_loss": 0.0,
    "ortho_loss": 0.0,
    "pearson": 0.6151,
    "regression_loss": 1.5658,
    "rm2": 0.3582,
    "rmse": 1.2488,
    "sd": 1.2276,
    "spearman": 0.6051,
    "spectral_loss": 0.0
}
                              
Test Results: {
    "ci": 0.702,
    "classification_loss": 0.0,
    "cluster_loss": 0.0,
    "mae": 0.9299,
    "mse": 1.6078,
    "multiclassification_loss": 0.0,
    "ortho_loss": 0.0,
    "pearson": 0.5757,
    "regression_loss": 1.6074,
    "rm2": 0.302,
    "rmse": 1.268,
    "sd": 1.2434,
    "spearman": 0.5614,
    "spectral_loss": 0.0
}
                              
                              
----------------------------------------
Epoch 045 with LR 0.000176: Model Results
----------------------------------------
Train MSE Loss: 0.4099, Train CLS Loss: 0.0000, Train MCLS Loss: 0.0000
Protein Cluster Region Loss - Ortho Loss: 0.0000, Cluster Loss: 0.0000
                              
Validation Results: {
    "ci": 0.7163,
    "classification_loss": 0.0,
    "cluster_loss": 0.0,
    "mae": 0.9147,
    "mse": 1.5974,
    "multiclassification_loss": 0.0,
    "ortho_loss": 0.0,
    "pearson": 0.6028,
    "regression_loss": 1.6047,
    "rm2": 0.3384,
    "rmse": 1.2639,
    "sd": 1.2424,
    "spearman": 0.594,
    "spectral_loss": 0.0
}
                              
Test Results: {
    "ci": 0.702,
    "classification_loss": 0.0,
    "cluster_loss": 0.0,
    "mae": 0.9299,
    "mse": 1.6078,
    "multiclassification_loss": 0.0,
    "ortho_loss": 0.0,
    "pearson": 0.5757,
    "regression_loss": 1.6074,
    "rm2": 0.302,
    "rmse": 1.268,
    "sd": 1.2434,
    "spearman": 0.5614,
    "spectral_loss": 0.0
}
                              
                              
----------------------------------------
Epoch 046 with LR 0.000171: Model Results
----------------------------------------
Train MSE Loss: 0.4058, Train CLS Loss: 0.0000, Train MCLS Loss: 0.0000
Protein Cluster Region Loss - Ortho Loss: 0.0000, Cluster Loss: 0.0000
                              
Validation Results: {
    "ci": 0.7201,
    "classification_loss": 0.0,
    "cluster_loss": 0.0,
    "mae": 0.8988,
    "mse": 1.5648,
    "multiclassification_loss": 0.0,
    "ortho_loss": 0.0,
    "pearson": 0.6145,
    "regression_loss": 1.571,
    "rm2": 0.3566,
    "rmse": 1.2509,
    "sd": 1.2283,
    "spearman": 0.6033,
    "spectral_loss": 0.0
}
                              
Test Results: {
    "ci": 0.702,
    "classification_loss": 0.0,
    "cluster_loss": 0.0,
    "mae": 0.9299,
    "mse": 1.6078,
    "multiclassification_loss": 0.0,
    "ortho_loss": 0.0,
    "pearson": 0.5757,
    "regression_loss": 1.6074,
    "rm2": 0.302,
    "rmse": 1.268,
    "sd": 1.2434,
    "spearman": 0.5614,
    "spectral_loss": 0.0
}
                              
                              
----------------------------------------
Epoch 047 with LR 0.000166: Model Results
----------------------------------------
Train MSE Loss: 0.3957, Train CLS Loss: 0.0000, Train MCLS Loss: 0.0000
Protein Cluster Region Loss - Ortho Loss: 0.0000, Cluster Loss: 0.0000
                              
Validation Results: {
    "ci": 0.7193,
    "classification_loss": 0.0,
    "cluster_loss": 0.0,
    "mae": 0.9029,
    "mse": 1.5877,
    "multiclassification_loss": 0.0,
    "ortho_loss": 0.0,
    "pearson": 0.6124,
    "regression_loss": 1.594,
    "rm2": 0.3571,
    "rmse": 1.26,
    "sd": 1.2308,
    "spearman": 0.6006,
    "spectral_loss": 0.0
}
                              
Test Results: {
    "ci": 0.702,
    "classification_loss": 0.0,
    "cluster_loss": 0.0,
    "mae": 0.9299,
    "mse": 1.6078,
    "multiclassification_loss": 0.0,
    "ortho_loss": 0.0,
    "pearson": 0.5757,
    "regression_loss": 1.6074,
    "rm2": 0.302,
    "rmse": 1.268,
    "sd": 1.2434,
    "spearman": 0.5614,
    "spectral_loss": 0.0
}
                              
                              
----------------------------------------
Epoch 048 with LR 0.000161: Model Results
----------------------------------------
Train MSE Loss: 0.3885, Train CLS Loss: 0.0000, Train MCLS Loss: 0.0000
Protein Cluster Region Loss - Ortho Loss: 0.0000, Cluster Loss: 0.0000
                              
Validation Results: {
    "ci": 0.7178,
    "classification_loss": 0.0,
    "cluster_loss": 0.0,
    "mae": 0.9019,
    "mse": 1.5561,
    "multiclassification_loss": 0.0,
    "ortho_loss": 0.0,
    "pearson": 0.614,
    "regression_loss": 1.5645,
    "rm2": 0.3579,
    "rmse": 1.2474,
    "sd": 1.2289,
    "spearman": 0.5976,
    "spectral_loss": 0.0
}
                              
Test Results: {
    "ci": 0.702,
    "classification_loss": 0.0,
    "cluster_loss": 0.0,
    "mae": 0.9299,
    "mse": 1.6078,
    "multiclassification_loss": 0.0,
    "ortho_loss": 0.0,
    "pearson": 0.5757,
    "regression_loss": 1.6074,
    "rm2": 0.302,
    "rmse": 1.268,
    "sd": 1.2434,
    "spearman": 0.5614,
    "spectral_loss": 0.0
}
                              
                              
----------------------------------------
Epoch 049 with LR 0.000157: Model Results
----------------------------------------
Train MSE Loss: 0.3820, Train CLS Loss: 0.0000, Train MCLS Loss: 0.0000
Protein Cluster Region Loss - Ortho Loss: 0.0000, Cluster Loss: 0.0000
                              
Validation Results: {
    "ci": 0.7116,
    "classification_loss": 0.0,
    "cluster_loss": 0.0,
    "mae": 0.9192,
    "mse": 1.5933,
    "multiclassification_loss": 0.0,
    "ortho_loss": 0.0,
    "pearson": 0.5997,
    "regression_loss": 1.6029,
    "rm2": 0.3383,
    "rmse": 1.2623,
    "sd": 1.2459,
    "spearman": 0.5842,
    "spectral_loss": 0.0
}
                              
Test Results: {
    "ci": 0.702,
    "classification_loss": 0.0,
    "cluster_loss": 0.0,
    "mae": 0.9299,
    "mse": 1.6078,
    "multiclassification_loss": 0.0,
    "ortho_loss": 0.0,
    "pearson": 0.5757,
    "regression_loss": 1.6074,
    "rm2": 0.302,
    "rmse": 1.268,
    "sd": 1.2434,
    "spearman": 0.5614,
    "spectral_loss": 0.0
}
                              
                              
----------------------------------------
Epoch 050 with LR 0.000152: Model Results
----------------------------------------
Train MSE Loss: 0.3757, Train CLS Loss: 0.0000, Train MCLS Loss: 0.0000
Protein Cluster Region Loss - Ortho Loss: 0.0000, Cluster Loss: 0.0000
                              
Validation Results: {
    "ci": 0.713,
    "classification_loss": 0.0,
    "cluster_loss": 0.0,
    "mae": 0.9089,
    "mse": 1.5731,
    "multiclassification_loss": 0.0,
    "ortho_loss": 0.0,
    "pearson": 0.6063,
    "regression_loss": 1.5812,
    "rm2": 0.344,
    "rmse": 1.2542,
    "sd": 1.2381,
    "spearman": 0.5856,
    "spectral_loss": 0.0
}
                              
Test Results: {
    "ci": 0.702,
    "classification_loss": 0.0,
    "cluster_loss": 0.0,
    "mae": 0.9299,
    "mse": 1.6078,
    "multiclassification_loss": 0.0,
    "ortho_loss": 0.0,
    "pearson": 0.5757,
    "regression_loss": 1.6074,
    "rm2": 0.302,
    "rmse": 1.268,
    "sd": 1.2434,
    "spearman": 0.5614,
    "spectral_loss": 0.0
}
                              
                              
----------------------------------------
Epoch 051 with LR 0.000147: Model Results
----------------------------------------
Train MSE Loss: 0.3689, Train CLS Loss: 0.0000, Train MCLS Loss: 0.0000
Protein Cluster Region Loss - Ortho Loss: 0.0000, Cluster Loss: 0.0000
                              
Validation Results: {
    "ci": 0.7141,
    "classification_loss": 0.0,
    "cluster_loss": 0.0,
    "mae": 0.9123,
    "mse": 1.6031,
    "multiclassification_loss": 0.0,
    "ortho_loss": 0.0,
    "pearson": 0.6065,
    "regression_loss": 1.6119,
    "rm2": 0.3535,
    "rmse": 1.2661,
    "sd": 1.2379,
    "spearman": 0.5889,
    "spectral_loss": 0.0
}
                              
Test Results: {
    "ci": 0.702,
    "classification_loss": 0.0,
    "cluster_loss": 0.0,
    "mae": 0.9299,
    "mse": 1.6078,
    "multiclassification_loss": 0.0,
    "ortho_loss": 0.0,
    "pearson": 0.5757,
    "regression_loss": 1.6074,
    "rm2": 0.302,
    "rmse": 1.268,
    "sd": 1.2434,
    "spearman": 0.5614,
    "spectral_loss": 0.0
}
                              
                              
----------------------------------------
Epoch 052 with LR 0.000143: Model Results
----------------------------------------
Train MSE Loss: 0.3636, Train CLS Loss: 0.0000, Train MCLS Loss: 0.0000
Protein Cluster Region Loss - Ortho Loss: 0.0000, Cluster Loss: 0.0000
                              
Validation Results: {
    "ci": 0.7168,
    "classification_loss": 0.0,
    "cluster_loss": 0.0,
    "mae": 0.905,
    "mse": 1.5733,
    "multiclassification_loss": 0.0,
    "ortho_loss": 0.0,
    "pearson": 0.6103,
    "regression_loss": 1.5825,
    "rm2": 0.3488,
    "rmse": 1.2543,
    "sd": 1.2333,
    "spearman": 0.5957,
    "spectral_loss": 0.0
}
                              
Test Results: {
    "ci": 0.702,
    "classification_loss": 0.0,
    "cluster_loss": 0.0,
    "mae": 0.9299,
    "mse": 1.6078,
    "multiclassification_loss": 0.0,
    "ortho_loss": 0.0,
    "pearson": 0.5757,
    "regression_loss": 1.6074,
    "rm2": 0.302,
    "rmse": 1.268,
    "sd": 1.2434,
    "spearman": 0.5614,
    "spectral_loss": 0.0
}
                              
                              
----------------------------------------
Epoch 053 with LR 0.000138: Model Results
----------------------------------------
Train MSE Loss: 0.3581, Train CLS Loss: 0.0000, Train MCLS Loss: 0.0000
Protein Cluster Region Loss - Ortho Loss: 0.0000, Cluster Loss: 0.0000
                              
Validation Results: {
    "ci": 0.7184,
    "classification_loss": 0.0,
    "cluster_loss": 0.0,
    "mae": 0.901,
    "mse": 1.5718,
    "multiclassification_loss": 0.0,
    "ortho_loss": 0.0,
    "pearson": 0.6141,
    "regression_loss": 1.5772,
    "rm2": 0.3638,
    "rmse": 1.2537,
    "sd": 1.2288,
    "spearman": 0.5995,
    "spectral_loss": 0.0
}
                              
Test Results: {
    "ci": 0.702,
    "classification_loss": 0.0,
    "cluster_loss": 0.0,
    "mae": 0.9299,
    "mse": 1.6078,
    "multiclassification_loss": 0.0,
    "ortho_loss": 0.0,
    "pearson": 0.5757,
    "regression_loss": 1.6074,
    "rm2": 0.302,
    "rmse": 1.268,
    "sd": 1.2434,
    "spearman": 0.5614,
    "spectral_loss": 0.0
}
                              
                              
----------------------------------------
Epoch 054 with LR 0.000133: Model Results
----------------------------------------
Train MSE Loss: 0.3520, Train CLS Loss: 0.0000, Train MCLS Loss: 0.0000
Protein Cluster Region Loss - Ortho Loss: 0.0000, Cluster Loss: 0.0000
                              
Validation Results: {
    "ci": 0.7173,
    "classification_loss": 0.0,
    "cluster_loss": 0.0,
    "mae": 0.9131,
    "mse": 1.6164,
    "multiclassification_loss": 0.0,
    "ortho_loss": 0.0,
    "pearson": 0.6081,
    "regression_loss": 1.6237,
    "rm2": 0.3463,
    "rmse": 1.2714,
    "sd": 1.236,
    "spearman": 0.5967,
    "spectral_loss": 0.0
}
                              
Test Results: {
    "ci": 0.702,
    "classification_loss": 0.0,
    "cluster_loss": 0.0,
    "mae": 0.9299,
    "mse": 1.6078,
    "multiclassification_loss": 0.0,
    "ortho_loss": 0.0,
    "pearson": 0.5757,
    "regression_loss": 1.6074,
    "rm2": 0.302,
    "rmse": 1.268,
    "sd": 1.2434,
    "spearman": 0.5614,
    "spectral_loss": 0.0
}
                              
                              
----------------------------------------
Epoch 055 with LR 0.000128: Model Results
----------------------------------------
Train MSE Loss: 0.3451, Train CLS Loss: 0.0000, Train MCLS Loss: 0.0000
Protein Cluster Region Loss - Ortho Loss: 0.0000, Cluster Loss: 0.0000
                              
Validation Results: {
    "ci": 0.7167,
    "classification_loss": 0.0,
    "cluster_loss": 0.0,
    "mae": 0.9074,
    "mse": 1.5975,
    "multiclassification_loss": 0.0,
    "ortho_loss": 0.0,
    "pearson": 0.6049,
    "regression_loss": 1.6074,
    "rm2": 0.3421,
    "rmse": 1.2639,
    "sd": 1.2398,
    "spearman": 0.5938,
    "spectral_loss": 0.0
}
                              
Test Results: {
    "ci": 0.702,
    "classification_loss": 0.0,
    "cluster_loss": 0.0,
    "mae": 0.9299,
    "mse": 1.6078,
    "multiclassification_loss": 0.0,
    "ortho_loss": 0.0,
    "pearson": 0.5757,
    "regression_loss": 1.6074,
    "rm2": 0.302,
    "rmse": 1.268,
    "sd": 1.2434,
    "spearman": 0.5614,
    "spectral_loss": 0.0
}
                              
                              
----------------------------------------
Epoch 056 with LR 0.000124: Model Results
----------------------------------------
Train MSE Loss: 0.3369, Train CLS Loss: 0.0000, Train MCLS Loss: 0.0000
Protein Cluster Region Loss - Ortho Loss: 0.0000, Cluster Loss: 0.0000
                              
Validation Results: {
    "ci": 0.7125,
    "classification_loss": 0.0,
    "cluster_loss": 0.0,
    "mae": 0.9116,
    "mse": 1.5871,
    "multiclassification_loss": 0.0,
    "ortho_loss": 0.0,
    "pearson": 0.6028,
    "regression_loss": 1.5975,
    "rm2": 0.3508,
    "rmse": 1.2598,
    "sd": 1.2422,
    "spearman": 0.5849,
    "spectral_loss": 0.0
}
                              
Test Results: {
    "ci": 0.702,
    "classification_loss": 0.0,
    "cluster_loss": 0.0,
    "mae": 0.9299,
    "mse": 1.6078,
    "multiclassification_loss": 0.0,
    "ortho_loss": 0.0,
    "pearson": 0.5757,
    "regression_loss": 1.6074,
    "rm2": 0.302,
    "rmse": 1.268,
    "sd": 1.2434,
    "spearman": 0.5614,
    "spectral_loss": 0.0
}
                              
                              
----------------------------------------
Epoch 057 with LR 0.000119: Model Results
----------------------------------------
Train MSE Loss: 0.3342, Train CLS Loss: 0.0000, Train MCLS Loss: 0.0000
Protein Cluster Region Loss - Ortho Loss: 0.0000, Cluster Loss: 0.0000
                              
Validation Results: {
    "ci": 0.7182,
    "classification_loss": 0.0,
    "cluster_loss": 0.0,
    "mae": 0.9038,
    "mse": 1.5993,
    "multiclassification_loss": 0.0,
    "ortho_loss": 0.0,
    "pearson": 0.61,
    "regression_loss": 1.6069,
    "rm2": 0.3511,
    "rmse": 1.2646,
    "sd": 1.2338,
    "spearman": 0.5978,
    "spectral_loss": 0.0
}
                              
Test Results: {
    "ci": 0.702,
    "classification_loss": 0.0,
    "cluster_loss": 0.0,
    "mae": 0.9299,
    "mse": 1.6078,
    "multiclassification_loss": 0.0,
    "ortho_loss": 0.0,
    "pearson": 0.5757,
    "regression_loss": 1.6074,
    "rm2": 0.302,
    "rmse": 1.268,
    "sd": 1.2434,
    "spearman": 0.5614,
    "spectral_loss": 0.0
}
                              
                              
----------------------------------------
Epoch 058 with LR 0.000115: Model Results
----------------------------------------
Train MSE Loss: 0.3273, Train CLS Loss: 0.0000, Train MCLS Loss: 0.0000
Protein Cluster Region Loss - Ortho Loss: 0.0000, Cluster Loss: 0.0000
                              
Validation Results: {
    "ci": 0.72,
    "classification_loss": 0.0,
    "cluster_loss": 0.0,
    "mae": 0.9036,
    "mse": 1.5886,
    "multiclassification_loss": 0.0,
    "ortho_loss": 0.0,
    "pearson": 0.6153,
    "regression_loss": 1.5958,
    "rm2": 0.3607,
    "rmse": 1.2604,
    "sd": 1.2274,
    "spearman": 0.6026,
    "spectral_loss": 0.0
}
                              
Test Results: {
    "ci": 0.702,
    "classification_loss": 0.0,
    "cluster_loss": 0.0,
    "mae": 0.9299,
    "mse": 1.6078,
    "multiclassification_loss": 0.0,
    "ortho_loss": 0.0,
    "pearson": 0.5757,
    "regression_loss": 1.6074,
    "rm2": 0.302,
    "rmse": 1.268,
    "sd": 1.2434,
    "spearman": 0.5614,
    "spectral_loss": 0.0
}
                              
                              
----------------------------------------
Epoch 059 with LR 0.000110: Model Results
----------------------------------------
Train MSE Loss: 0.3226, Train CLS Loss: 0.0000, Train MCLS Loss: 0.0000
Protein Cluster Region Loss - Ortho Loss: 0.0000, Cluster Loss: 0.0000
                              
Validation Results: {
    "ci": 0.7149,
    "classification_loss": 0.0,
    "cluster_loss": 0.0,
    "mae": 0.9156,
    "mse": 1.621,
    "multiclassification_loss": 0.0,
    "ortho_loss": 0.0,
    "pearson": 0.6036,
    "regression_loss": 1.6305,
    "rm2": 0.3412,
    "rmse": 1.2732,
    "sd": 1.2414,
    "spearman": 0.5899,
    "spectral_loss": 0.0
}
                              
Test Results: {
    "ci": 0.702,
    "classification_loss": 0.0,
    "cluster_loss": 0.0,
    "mae": 0.9299,
    "mse": 1.6078,
    "multiclassification_loss": 0.0,
    "ortho_loss": 0.0,
    "pearson": 0.5757,
    "regression_loss": 1.6074,
    "rm2": 0.302,
    "rmse": 1.268,
    "sd": 1.2434,
    "spearman": 0.5614,
    "spectral_loss": 0.0
}
                              
                              
----------------------------------------
Epoch 060 with LR 0.000105: Model Results
----------------------------------------
Train MSE Loss: 0.3153, Train CLS Loss: 0.0000, Train MCLS Loss: 0.0000
Protein Cluster Region Loss - Ortho Loss: 0.0000, Cluster Loss: 0.0000
                              
Validation Results: {
    "ci": 0.7177,
    "classification_loss": 0.0,
    "cluster_loss": 0.0,
    "mae": 0.9082,
    "mse": 1.5935,
    "multiclassification_loss": 0.0,
    "ortho_loss": 0.0,
    "pearson": 0.608,
    "regression_loss": 1.6013,
    "rm2": 0.3463,
    "rmse": 1.2624,
    "sd": 1.2361,
    "spearman": 0.597,
    "spectral_loss": 0.0
}
                              
Test Results: {
    "ci": 0.702,
    "classification_loss": 0.0,
    "cluster_loss": 0.0,
    "mae": 0.9299,
    "mse": 1.6078,
    "multiclassification_loss": 0.0,
    "ortho_loss": 0.0,
    "pearson": 0.5757,
    "regression_loss": 1.6074,
    "rm2": 0.302,
    "rmse": 1.268,
    "sd": 1.2434,
    "spearman": 0.5614,
    "spectral_loss": 0.0
}
                              
                              
----------------------------------------
Epoch 061 with LR 0.000101: Model Results
----------------------------------------
Train MSE Loss: 0.3098, Train CLS Loss: 0.0000, Train MCLS Loss: 0.0000
Protein Cluster Region Loss - Ortho Loss: 0.0000, Cluster Loss: 0.0000
                              
Validation Results: {
    "ci": 0.7169,
    "classification_loss": 0.0,
    "cluster_loss": 0.0,
    "mae": 0.9059,
    "mse": 1.6027,
    "multiclassification_loss": 0.0,
    "ortho_loss": 0.0,
    "pearson": 0.6089,
    "regression_loss": 1.6119,
    "rm2": 0.3509,
    "rmse": 1.266,
    "sd": 1.2351,
    "spearman": 0.5942,
    "spectral_loss": 0.0
}
                              
Test Results: {
    "ci": 0.702,
    "classification_loss": 0.0,
    "cluster_loss": 0.0,
    "mae": 0.9299,
    "mse": 1.6078,
    "multiclassification_loss": 0.0,
    "ortho_loss": 0.0,
    "pearson": 0.5757,
    "regression_loss": 1.6074,
    "rm2": 0.302,
    "rmse": 1.268,
    "sd": 1.2434,
    "spearman": 0.5614,
    "spectral_loss": 0.0
}

Early stopping at epoch 61 (no improvement for 25 epochs)
[best epoch] epoch=36, best_rmse=1.2364, lr_at_best=2.159e-04
                              
                              
----------------------------------------
Epoch 061 with LR 0.000101: Model Results
----------------------------------------
Train MSE Loss: 0.3098, Train CLS Loss: 0.0000, Train MCLS Loss: 0.0000
Protein Cluster Region Loss - Ortho Loss: 0.0000, Cluster Loss: 0.0000
                              
Validation Results: {
    "ci": 0.7169,
    "classification_loss": 0.0,
    "cluster_loss": 0.0,
    "mae": 0.9059,
    "mse": 1.6027,
    "multiclassification_loss": 0.0,
    "ortho_loss": 0.0,
    "pearson": 0.6089,
    "regression_loss": 1.6119,
    "rm2": 0.3509,
    "rmse": 1.266,
    "sd": 1.2351,
    "spearman": 0.5942,
    "spectral_loss": 0.0
}
                              
Test Results: {
    "ci": 0.702,
    "classification_loss": 0.0,
    "cluster_loss": 0.0,
    "mae": 0.9299,
    "mse": 1.6078,
    "multiclassification_loss": 0.0,
    "ortho_loss": 0.0,
    "pearson": 0.5757,
    "regression_loss": 1.6074,
    "rm2": 0.302,
    "rmse": 1.268,
    "sd": 1.2434,
    "spearman": 0.5614,
    "spectral_loss": 0.0
}
Final test metrics: rmse=1.2679, pearson=0.5758, r2_proxy(mse)=1.6077
Done. Predictions: /sc/arion/projects/DiseaseGeneCell/Huang_lab_project/wangcDrugRepoProject/TRACE_Kin_Results_v6c_pocket_graph/EITLEM_dataset/EITLEM_kcat_MUTAPLM_embedding_cold_protein/test_prediction_seed3.csv; checkpoint: /sc/arion/projects/DiseaseGeneCell/Huang_lab_project/wangcDrugRepoProject/TRACE_Kin_Results_v6c_pocket_graph/EITLEM_dataset/EITLEM_kcat_MUTAPLM_embedding_cold_protein/save_model_seed3/model.pt

Array task 10/10: OK (EITLEM_kcat_MUTAPLM_embedding_cold_protein)


PS:

Read file <243258508.10.stderr> for stderr output of this job.

