Sender: LSF System <lsfadmin@lg03e02>
Subject: Job 243258508[7]: <trace_kin_v6c_perfolder_s3[1-10]> in cluster <chimera> Done

Job <trace_kin_v6c_perfolder_s3[1-10]> was submitted from host <li04e03> by user <wangc40> in cluster <chimera> at Mon May 11 23:27:09 2026
Job was executed on host(s) <16*lg03e02>, in queue <gpu>, as user <wangc40> in cluster <chimera> at Mon May 11 23:27:14 2026
</hpc/users/wangc40> was used as the home directory.
</sc/arion/projects/DiseaseGeneCell/Huang_lab_project/wangcDrugRepoProject/TRACE-Kin> was used as the working directory.
Started at Mon May 11 23:27:14 2026
Terminated at Tue May 12 00:48:32 2026
Results reported at Tue May 12 00:48:32 2026

Your job looked like:

------------------------------------------------------------
# LSBATCH: User input
#!/bin/bash
#BSUB -J trace_kin_v6c_perfolder_s3[1-10]
#BSUB -P acc_DiseaseGeneCell
#BSUB -q gpu
#BSUB -R h100nvl
#BSUB -gpu num=1
#BSUB -n 16
#BSUB -R "rusage[mem=15000]"
#BSUB -R "span[hosts=1]"
#BSUB -W 48:00
#BSUB -o %J.%I.stdout
#BSUB -eo %J.%I.stderr
#BSUB -L /bin/bash

# =============================================================================
# TRACE-Kin v6c PER-FOLDER — seed 3
# =============================================================================

# --- Environment -------------------------------------------------------------
ml purge
source ~/.bashrc
module load anaconda3/2024.06
source activate test
module load cuda/12.4.0
export RAYON_NUM_THREADS=4
export PYTORCH_CUDA_ALLOC_CONF=expandable_segments:True
export PYTHONPATH="$PWD${PYTHONPATH:+:$PYTHONPATH}"

# --- Knobs (env overrides) ---------------------------------------------------
ENZYME_BASE="${ENZYME_BASE:-/sc/arion/projects/DiseaseGeneCell/Huang_lab_project/drug_discovery/output/data/enzyme_embeddings_dataset}"
RESULT_BASE="${RESULT_BASE:-/sc/arion/projects/DiseaseGeneCell/Huang_lab_project/wangcDrugRepoProject/TRACE_Kin_Results_v6c_pocket_graph}"
MOLFORMER_PATH="${MOLFORMER_PATH:-/sc/arion/projects/DiseaseGeneCell/Huang_lab_project/wangcDrugRepoProject/transformersmodels/ibm/MoLFormer-XL-both-10pct}"
CONFIG_PATH="${CONFIG_PATH:-training/config_v6c.json}"
EPOCHS="${EPOCHS:-100}"
BATCH_SIZE="${BATCH_SIZE:-32}"
SEED=3
LRATE="${LRATE:-3e-4}"

# --- Per-array-index table (10 cells, MUTAPLM embedding) ---------------------
JOBS=(
    "EITLEM_dataset|EITLEM_kkm_MUTAPLM_embedding_cold_drug|"
    "catpred_dataset|catpred_kcat_MUTAPLM_embedding_random|"
    "inhouse_dataset|inhouse_Kd_MUTAPLM_embedding_random|"
    "EITLEM_dataset|EITLEM_kkm_MUTAPLM_embedding_random|"
    "EITLEM_dataset|EITLEM_kcat_MUTAPLM_embedding_cold_drug|"
    "MPEK_dataset|MPEK_kcat_MUTAPLM_embedding_cold_protein|"
    "EITLEM_dataset|EITLEM_km_MUTAPLM_embedding_cold_protein|"
    "catpred_dataset|catpred_ki_MUTAPLM_embedding_cold_protein|"
    "EITLEM_dataset|EITLEM_kkm_MUTAPLM_embedding_cold_protein|"
    "EITLEM_dataset|EITLEM_kcat_MUTAPLM_embedding_cold_protein|"

(... more ...)
------------------------------------------------------------

Successfully completed.

Resource usage summary:

    CPU time :                                   5653.00 sec.
    Max Memory :                                 52853 MB
    Average Memory :                             50396.44 MB
    Total Requested Memory :                     240000.00 MB
    Delta Memory :                               187147.00 MB
    Max Swap :                                   -
    Max Processes :                              21
    Max Threads :                                53
    Run time :                                   4878 sec.
    Turnaround time :                            4883 sec.

The output (if any) follows:

==========================================
TRACE-Kin v6c PER-FOLDER task 7/10 (seed=3)
==========================================
Date:        Mon May 11 23:27:23 EDT 2026
Dataset:     /sc/arion/projects/DiseaseGeneCell/Huang_lab_project/drug_discovery/output/data/enzyme_embeddings_dataset/EITLEM_dataset/EITLEM_km_MUTAPLM_embedding_cold_protein
Result:      /sc/arion/projects/DiseaseGeneCell/Huang_lab_project/wangcDrugRepoProject/TRACE_Kin_Results_v6c_pocket_graph/EITLEM_dataset/EITLEM_km_MUTAPLM_embedding_cold_protein
Config:      training/config_v6c.json
Epochs:      100, batch=32, seed=3, lr=3e-4
==========================================
Python 3.12.2
CUDA device: NVIDIA H100 80GB HBM3, sm_90
============================================================
TRACE-Kin training
============================================================
Datafolder:        /sc/arion/projects/DiseaseGeneCell/Huang_lab_project/drug_discovery/output/data/enzyme_embeddings_dataset/EITLEM_dataset/EITLEM_km_MUTAPLM_embedding_cold_protein
Result path:       /sc/arion/projects/DiseaseGeneCell/Huang_lab_project/wangcDrugRepoProject/TRACE_Kin_Results_v6c_pocket_graph/EITLEM_dataset/EITLEM_km_MUTAPLM_embedding_cold_protein
Config:            training/config_v6c.json
Pool train CSVs:   (none)
============================================================
[mem] before load_split_dataframes             max RSS = 0.62 GB
Loading primary train (essential cols): /sc/arion/projects/DiseaseGeneCell/Huang_lab_project/drug_discovery/output/data/enzyme_embeddings_dataset/EITLEM_dataset/EITLEM_km_MUTAPLM_embedding_cold_protein/train.parquet
Loading primary test (essential cols): /sc/arion/projects/DiseaseGeneCell/Huang_lab_project/drug_discovery/output/data/enzyme_embeddings_dataset/EITLEM_dataset/EITLEM_km_MUTAPLM_embedding_cold_protein/test.parquet
Loading primary val (essential cols): /sc/arion/projects/DiseaseGeneCell/Huang_lab_project/drug_discovery/output/data/enzyme_embeddings_dataset/EITLEM_dataset/EITLEM_km_MUTAPLM_embedding_cold_protein/val.parquet
Detected prot_evo_channels = 4096 (1-row sample)
[mem] after load_split_dataframes (lite — feature cols not loaded) max RSS = 0.99 GB
model_version: v6c, use_swa: False
Reusing protein cache: /sc/arion/projects/DiseaseGeneCell/Huang_lab_project/drug_discovery/output/data/enzyme_embeddings_dataset/EITLEM_dataset/EITLEM_km_MUTAPLM_embedding_cold_protein/protein.pt
Reusing ligand cache: /sc/arion/projects/DiseaseGeneCell/Huang_lab_project/drug_discovery/output/data/enzyme_embeddings_dataset/EITLEM_dataset/EITLEM_km_MUTAPLM_embedding_cold_protein/ligand.pt
[mem] after preprocess                         max RSS = 49.31 GB
loaders ready: train=642 test=184 val=92
[mem] after make_loaders                       max RSS = 49.31 GB
Built TraceKinV6C with 52,512,006 parameters
[AMP] enabled: dtype=torch.bfloat16
[LR schedule] schedule_lr=True, lrate=0.0003, min_lrate=1e-06, warmup_iters=500, lr_decay_iters=64200, total_iters=64200
Not in terminal, reprint now using normal build-in print function.
                              
                              
----------------------------------------
Epoch 001 with LR 0.000300: Model Results
----------------------------------------
Train MSE Loss: 1.3952, Train CLS Loss: 0.0000, Train MCLS Loss: 0.0000
Protein Cluster Region Loss - Ortho Loss: 0.0000, Cluster Loss: 0.0000
                              
Validation Results: {
    "ci": 0.7062,
    "classification_loss": 0.0,
    "cluster_loss": 0.0,
    "mae": 0.975,
    "mse": 1.52,
    "multiclassification_loss": 0.0,
    "ortho_loss": 0.0,
    "pearson": 0.5733,
    "regression_loss": 1.5209,
    "rm2": 0.2531,
    "rmse": 1.2329,
    "sd": 1.0804,
    "spearman": 0.5842,
    "spectral_loss": 0.0
}
                              
Test Results: {
    "ci": 0.6996,
    "classification_loss": 0.0,
    "cluster_loss": 0.0,
    "mae": 0.9714,
    "mse": 1.4908,
    "multiclassification_loss": 0.0,
    "ortho_loss": 0.0,
    "pearson": 0.5765,
    "regression_loss": 1.4888,
    "rm2": 0.2566,
    "rmse": 1.221,
    "sd": 1.0586,
    "spearman": 0.5635,
    "spectral_loss": 0.0
}
                              
                              
----------------------------------------
Epoch 002 with LR 0.000300: Model Results
----------------------------------------
Train MSE Loss: 1.0885, Train CLS Loss: 0.0000, Train MCLS Loss: 0.0000
Protein Cluster Region Loss - Ortho Loss: 0.0000, Cluster Loss: 0.0000
                              
Validation Results: {
    "ci": 0.7021,
    "classification_loss": 0.0,
    "cluster_loss": 0.0,
    "mae": 0.8287,
    "mse": 1.1781,
    "multiclassification_loss": 0.0,
    "ortho_loss": 0.0,
    "pearson": 0.5706,
    "regression_loss": 1.1817,
    "rm2": 0.3147,
    "rmse": 1.0854,
    "sd": 1.0829,
    "spearman": 0.573,
    "spectral_loss": 0.0
}
                              
Test Results: {
    "ci": 0.6988,
    "classification_loss": 0.0,
    "cluster_loss": 0.0,
    "mae": 0.8181,
    "mse": 1.127,
    "multiclassification_loss": 0.0,
    "ortho_loss": 0.0,
    "pearson": 0.5788,
    "regression_loss": 1.1294,
    "rm2": 0.3253,
    "rmse": 1.0616,
    "sd": 1.0565,
    "spearman": 0.5597,
    "spectral_loss": 0.0
}
                              
                              
----------------------------------------
Epoch 003 with LR 0.000300: Model Results
----------------------------------------
Train MSE Loss: 0.9292, Train CLS Loss: 0.0000, Train MCLS Loss: 0.0000
Protein Cluster Region Loss - Ortho Loss: 0.0000, Cluster Loss: 0.0000
                              
Validation Results: {
    "ci": 0.7,
    "classification_loss": 0.0,
    "cluster_loss": 0.0,
    "mae": 0.8773,
    "mse": 1.3162,
    "multiclassification_loss": 0.0,
    "ortho_loss": 0.0,
    "pearson": 0.5484,
    "regression_loss": 1.3188,
    "rm2": 0.2871,
    "rmse": 1.1473,
    "sd": 1.1027,
    "spearman": 0.5676,
    "spectral_loss": 0.0
}
                              
Test Results: {
    "ci": 0.6988,
    "classification_loss": 0.0,
    "cluster_loss": 0.0,
    "mae": 0.8181,
    "mse": 1.127,
    "multiclassification_loss": 0.0,
    "ortho_loss": 0.0,
    "pearson": 0.5788,
    "regression_loss": 1.1294,
    "rm2": 0.3253,
    "rmse": 1.0616,
    "sd": 1.0565,
    "spearman": 0.5597,
    "spectral_loss": 0.0
}
                              
                              
----------------------------------------
Epoch 004 with LR 0.000299: Model Results
----------------------------------------
Train MSE Loss: 0.8535, Train CLS Loss: 0.0000, Train MCLS Loss: 0.0000
Protein Cluster Region Loss - Ortho Loss: 0.0000, Cluster Loss: 0.0000
                              
Validation Results: {
    "ci": 0.7314,
    "classification_loss": 0.0,
    "cluster_loss": 0.0,
    "mae": 0.8369,
    "mse": 1.2345,
    "multiclassification_loss": 0.0,
    "ortho_loss": 0.0,
    "pearson": 0.6107,
    "regression_loss": 1.2404,
    "rm2": 0.29,
    "rmse": 1.1111,
    "sd": 1.0442,
    "spearman": 0.6406,
    "spectral_loss": 0.0
}
                              
Test Results: {
    "ci": 0.6988,
    "classification_loss": 0.0,
    "cluster_loss": 0.0,
    "mae": 0.8181,
    "mse": 1.127,
    "multiclassification_loss": 0.0,
    "ortho_loss": 0.0,
    "pearson": 0.5788,
    "regression_loss": 1.1294,
    "rm2": 0.3253,
    "rmse": 1.0616,
    "sd": 1.0565,
    "spearman": 0.5597,
    "spectral_loss": 0.0
}
                              
                              
----------------------------------------
Epoch 005 with LR 0.000299: Model Results
----------------------------------------
Train MSE Loss: 0.7581, Train CLS Loss: 0.0000, Train MCLS Loss: 0.0000
Protein Cluster Region Loss - Ortho Loss: 0.0000, Cluster Loss: 0.0000
                              
Validation Results: {
    "ci": 0.7261,
    "classification_loss": 0.0,
    "cluster_loss": 0.0,
    "mae": 0.9455,
    "mse": 1.5455,
    "multiclassification_loss": 0.0,
    "ortho_loss": 0.0,
    "pearson": 0.6235,
    "regression_loss": 1.5485,
    "rm2": 0.2749,
    "rmse": 1.2432,
    "sd": 1.031,
    "spearman": 0.6302,
    "spectral_loss": 0.0
}
                              
Test Results: {
    "ci": 0.6988,
    "classification_loss": 0.0,
    "cluster_loss": 0.0,
    "mae": 0.8181,
    "mse": 1.127,
    "multiclassification_loss": 0.0,
    "ortho_loss": 0.0,
    "pearson": 0.5788,
    "regression_loss": 1.1294,
    "rm2": 0.3253,
    "rmse": 1.0616,
    "sd": 1.0565,
    "spearman": 0.5597,
    "spectral_loss": 0.0
}
                              
                              
----------------------------------------
Epoch 006 with LR 0.000298: Model Results
----------------------------------------
Train MSE Loss: 0.7060, Train CLS Loss: 0.0000, Train MCLS Loss: 0.0000
Protein Cluster Region Loss - Ortho Loss: 0.0000, Cluster Loss: 0.0000
                              
Validation Results: {
    "ci": 0.7363,
    "classification_loss": 0.0,
    "cluster_loss": 0.0,
    "mae": 0.7899,
    "mse": 1.091,
    "multiclassification_loss": 0.0,
    "ortho_loss": 0.0,
    "pearson": 0.652,
    "regression_loss": 1.097,
    "rm2": 0.3379,
    "rmse": 1.0445,
    "sd": 0.9998,
    "spearman": 0.6527,
    "spectral_loss": 0.0
}
                              
Test Results: {
    "ci": 0.7252,
    "classification_loss": 0.0,
    "cluster_loss": 0.0,
    "mae": 0.7856,
    "mse": 1.0601,
    "multiclassification_loss": 0.0,
    "ortho_loss": 0.0,
    "pearson": 0.6403,
    "regression_loss": 1.0653,
    "rm2": 0.3369,
    "rmse": 1.0296,
    "sd": 0.9951,
    "spearman": 0.6206,
    "spectral_loss": 0.0
}
                              
                              
----------------------------------------
Epoch 007 with LR 0.000297: Model Results
----------------------------------------
Train MSE Loss: 0.6522, Train CLS Loss: 0.0000, Train MCLS Loss: 0.0000
Protein Cluster Region Loss - Ortho Loss: 0.0000, Cluster Loss: 0.0000
                              
Validation Results: {
    "ci": 0.7295,
    "classification_loss": 0.0,
    "cluster_loss": 0.0,
    "mae": 0.7842,
    "mse": 1.1121,
    "multiclassification_loss": 0.0,
    "ortho_loss": 0.0,
    "pearson": 0.631,
    "regression_loss": 1.1159,
    "rm2": 0.3884,
    "rmse": 1.0545,
    "sd": 1.023,
    "spearman": 0.6351,
    "spectral_loss": 0.0
}
                              
Test Results: {
    "ci": 0.7252,
    "classification_loss": 0.0,
    "cluster_loss": 0.0,
    "mae": 0.7856,
    "mse": 1.0601,
    "multiclassification_loss": 0.0,
    "ortho_loss": 0.0,
    "pearson": 0.6403,
    "regression_loss": 1.0653,
    "rm2": 0.3369,
    "rmse": 1.0296,
    "sd": 0.9951,
    "spearman": 0.6206,
    "spectral_loss": 0.0
}
                              
                              
----------------------------------------
Epoch 008 with LR 0.000296: Model Results
----------------------------------------
Train MSE Loss: 0.6129, Train CLS Loss: 0.0000, Train MCLS Loss: 0.0000
Protein Cluster Region Loss - Ortho Loss: 0.0000, Cluster Loss: 0.0000
                              
Validation Results: {
    "ci": 0.7319,
    "classification_loss": 0.0,
    "cluster_loss": 0.0,
    "mae": 0.7675,
    "mse": 1.015,
    "multiclassification_loss": 0.0,
    "ortho_loss": 0.0,
    "pearson": 0.6521,
    "regression_loss": 1.0204,
    "rm2": 0.4132,
    "rmse": 1.0074,
    "sd": 0.9997,
    "spearman": 0.6413,
    "spectral_loss": 0.0
}
                              
Test Results: {
    "ci": 0.7315,
    "classification_loss": 0.0,
    "cluster_loss": 0.0,
    "mae": 0.7563,
    "mse": 1.0021,
    "multiclassification_loss": 0.0,
    "ortho_loss": 0.0,
    "pearson": 0.6508,
    "regression_loss": 1.0028,
    "rm2": 0.4022,
    "rmse": 1.0011,
    "sd": 0.9836,
    "spearman": 0.634,
    "spectral_loss": 0.0
}
                              
                              
----------------------------------------
Epoch 009 with LR 0.000295: Model Results
----------------------------------------
Train MSE Loss: 0.5628, Train CLS Loss: 0.0000, Train MCLS Loss: 0.0000
Protein Cluster Region Loss - Ortho Loss: 0.0000, Cluster Loss: 0.0000
                              
Validation Results: {
    "ci": 0.7447,
    "classification_loss": 0.0,
    "cluster_loss": 0.0,
    "mae": 0.7572,
    "mse": 1.0006,
    "multiclassification_loss": 0.0,
    "ortho_loss": 0.0,
    "pearson": 0.6748,
    "regression_loss": 1.0066,
    "rm2": 0.3883,
    "rmse": 1.0003,
    "sd": 0.9731,
    "spearman": 0.6714,
    "spectral_loss": 0.0
}
                              
Test Results: {
    "ci": 0.7386,
    "classification_loss": 0.0,
    "cluster_loss": 0.0,
    "mae": 0.7572,
    "mse": 1.0131,
    "multiclassification_loss": 0.0,
    "ortho_loss": 0.0,
    "pearson": 0.6528,
    "regression_loss": 1.0166,
    "rm2": 0.3706,
    "rmse": 1.0065,
    "sd": 0.9814,
    "spearman": 0.653,
    "spectral_loss": 0.0
}
                              
                              
----------------------------------------
Epoch 010 with LR 0.000294: Model Results
----------------------------------------
Train MSE Loss: 0.5343, Train CLS Loss: 0.0000, Train MCLS Loss: 0.0000
Protein Cluster Region Loss - Ortho Loss: 0.0000, Cluster Loss: 0.0000
                              
Validation Results: {
    "ci": 0.7391,
    "classification_loss": 0.0,
    "cluster_loss": 0.0,
    "mae": 0.7691,
    "mse": 1.051,
    "multiclassification_loss": 0.0,
    "ortho_loss": 0.0,
    "pearson": 0.6595,
    "regression_loss": 1.0549,
    "rm2": 0.423,
    "rmse": 1.0252,
    "sd": 0.9912,
    "spearman": 0.6563,
    "spectral_loss": 0.0
}
                              
Test Results: {
    "ci": 0.7386,
    "classification_loss": 0.0,
    "cluster_loss": 0.0,
    "mae": 0.7572,
    "mse": 1.0131,
    "multiclassification_loss": 0.0,
    "ortho_loss": 0.0,
    "pearson": 0.6528,
    "regression_loss": 1.0166,
    "rm2": 0.3706,
    "rmse": 1.0065,
    "sd": 0.9814,
    "spearman": 0.653,
    "spectral_loss": 0.0
}
                              
                              
----------------------------------------
Epoch 011 with LR 0.000292: Model Results
----------------------------------------
Train MSE Loss: 0.5103, Train CLS Loss: 0.0000, Train MCLS Loss: 0.0000
Protein Cluster Region Loss - Ortho Loss: 0.0000, Cluster Loss: 0.0000
                              
Validation Results: {
    "ci": 0.7465,
    "classification_loss": 0.0,
    "cluster_loss": 0.0,
    "mae": 0.7412,
    "mse": 0.9848,
    "multiclassification_loss": 0.0,
    "ortho_loss": 0.0,
    "pearson": 0.6761,
    "regression_loss": 0.9885,
    "rm2": 0.4301,
    "rmse": 0.9924,
    "sd": 0.9716,
    "spearman": 0.6747,
    "spectral_loss": 0.0
}
                              
Test Results: {
    "ci": 0.7424,
    "classification_loss": 0.0,
    "cluster_loss": 0.0,
    "mae": 0.7358,
    "mse": 0.9665,
    "multiclassification_loss": 0.0,
    "ortho_loss": 0.0,
    "pearson": 0.6709,
    "regression_loss": 0.969,
    "rm2": 0.4311,
    "rmse": 0.9831,
    "sd": 0.9606,
    "spearman": 0.6609,
    "spectral_loss": 0.0
}
                              
                              
----------------------------------------
Epoch 012 with LR 0.000291: Model Results
----------------------------------------
Train MSE Loss: 0.4836, Train CLS Loss: 0.0000, Train MCLS Loss: 0.0000
Protein Cluster Region Loss - Ortho Loss: 0.0000, Cluster Loss: 0.0000
                              
Validation Results: {
    "ci": 0.7453,
    "classification_loss": 0.0,
    "cluster_loss": 0.0,
    "mae": 0.7599,
    "mse": 1.0448,
    "multiclassification_loss": 0.0,
    "ortho_loss": 0.0,
    "pearson": 0.6727,
    "regression_loss": 1.0487,
    "rm2": 0.4076,
    "rmse": 1.0222,
    "sd": 0.9757,
    "spearman": 0.6707,
    "spectral_loss": 0.0
}
                              
Test Results: {
    "ci": 0.7424,
    "classification_loss": 0.0,
    "cluster_loss": 0.0,
    "mae": 0.7358,
    "mse": 0.9665,
    "multiclassification_loss": 0.0,
    "ortho_loss": 0.0,
    "pearson": 0.6709,
    "regression_loss": 0.969,
    "rm2": 0.4311,
    "rmse": 0.9831,
    "sd": 0.9606,
    "spearman": 0.6609,
    "spectral_loss": 0.0
}
                              
                              
----------------------------------------
Epoch 013 with LR 0.000289: Model Results
----------------------------------------
Train MSE Loss: 0.4605, Train CLS Loss: 0.0000, Train MCLS Loss: 0.0000
Protein Cluster Region Loss - Ortho Loss: 0.0000, Cluster Loss: 0.0000
                              
Validation Results: {
    "ci": 0.7525,
    "classification_loss": 0.0,
    "cluster_loss": 0.0,
    "mae": 0.7065,
    "mse": 0.9127,
    "multiclassification_loss": 0.0,
    "ortho_loss": 0.0,
    "pearson": 0.6909,
    "regression_loss": 0.9148,
    "rm2": 0.4623,
    "rmse": 0.9554,
    "sd": 0.9533,
    "spearman": 0.6866,
    "spectral_loss": 0.0
}
                              
Test Results: {
    "ci": 0.7435,
    "classification_loss": 0.0,
    "cluster_loss": 0.0,
    "mae": 0.7213,
    "mse": 0.942,
    "multiclassification_loss": 0.0,
    "ortho_loss": 0.0,
    "pearson": 0.6664,
    "regression_loss": 0.9435,
    "rm2": 0.4327,
    "rmse": 0.9706,
    "sd": 0.966,
    "spearman": 0.6629,
    "spectral_loss": 0.0
}
                              
                              
----------------------------------------
Epoch 014 with LR 0.000287: Model Results
----------------------------------------
Train MSE Loss: 0.4362, Train CLS Loss: 0.0000, Train MCLS Loss: 0.0000
Protein Cluster Region Loss - Ortho Loss: 0.0000, Cluster Loss: 0.0000
                              
Validation Results: {
    "ci": 0.7505,
    "classification_loss": 0.0,
    "cluster_loss": 0.0,
    "mae": 0.7572,
    "mse": 1.1068,
    "multiclassification_loss": 0.0,
    "ortho_loss": 0.0,
    "pearson": 0.6693,
    "regression_loss": 1.109,
    "rm2": 0.3918,
    "rmse": 1.052,
    "sd": 0.9798,
    "spearman": 0.6812,
    "spectral_loss": 0.0
}
                              
Test Results: {
    "ci": 0.7435,
    "classification_loss": 0.0,
    "cluster_loss": 0.0,
    "mae": 0.7213,
    "mse": 0.942,
    "multiclassification_loss": 0.0,
    "ortho_loss": 0.0,
    "pearson": 0.6664,
    "regression_loss": 0.9435,
    "rm2": 0.4327,
    "rmse": 0.9706,
    "sd": 0.966,
    "spearman": 0.6629,
    "spectral_loss": 0.0
}
                              
                              
----------------------------------------
Epoch 015 with LR 0.000285: Model Results
----------------------------------------
Train MSE Loss: 0.4219, Train CLS Loss: 0.0000, Train MCLS Loss: 0.0000
Protein Cluster Region Loss - Ortho Loss: 0.0000, Cluster Loss: 0.0000
                              
Validation Results: {
    "ci": 0.7465,
    "classification_loss": 0.0,
    "cluster_loss": 0.0,
    "mae": 0.7238,
    "mse": 0.9743,
    "multiclassification_loss": 0.0,
    "ortho_loss": 0.0,
    "pearson": 0.6742,
    "regression_loss": 0.978,
    "rm2": 0.4049,
    "rmse": 0.9871,
    "sd": 0.9739,
    "spearman": 0.6699,
    "spectral_loss": 0.0
}
                              
Test Results: {
    "ci": 0.7435,
    "classification_loss": 0.0,
    "cluster_loss": 0.0,
    "mae": 0.7213,
    "mse": 0.942,
    "multiclassification_loss": 0.0,
    "ortho_loss": 0.0,
    "pearson": 0.6664,
    "regression_loss": 0.9435,
    "rm2": 0.4327,
    "rmse": 0.9706,
    "sd": 0.966,
    "spearman": 0.6629,
    "spectral_loss": 0.0
}
                              
                              
----------------------------------------
Epoch 016 with LR 0.000283: Model Results
----------------------------------------
Train MSE Loss: 0.4039, Train CLS Loss: 0.0000, Train MCLS Loss: 0.0000
Protein Cluster Region Loss - Ortho Loss: 0.0000, Cluster Loss: 0.0000
                              
Validation Results: {
    "ci": 0.7497,
    "classification_loss": 0.0,
    "cluster_loss": 0.0,
    "mae": 0.7144,
    "mse": 0.9372,
    "multiclassification_loss": 0.0,
    "ortho_loss": 0.0,
    "pearson": 0.6873,
    "regression_loss": 0.9405,
    "rm2": 0.4654,
    "rmse": 0.9681,
    "sd": 0.9578,
    "spearman": 0.6784,
    "spectral_loss": 0.0
}
                              
Test Results: {
    "ci": 0.7435,
    "classification_loss": 0.0,
    "cluster_loss": 0.0,
    "mae": 0.7213,
    "mse": 0.942,
    "multiclassification_loss": 0.0,
    "ortho_loss": 0.0,
    "pearson": 0.6664,
    "regression_loss": 0.9435,
    "rm2": 0.4327,
    "rmse": 0.9706,
    "sd": 0.966,
    "spearman": 0.6629,
    "spectral_loss": 0.0
}
                              
                              
----------------------------------------
Epoch 017 with LR 0.000281: Model Results
----------------------------------------
Train MSE Loss: 0.3872, Train CLS Loss: 0.0000, Train MCLS Loss: 0.0000
Protein Cluster Region Loss - Ortho Loss: 0.0000, Cluster Loss: 0.0000
                              
Validation Results: {
    "ci": 0.7439,
    "classification_loss": 0.0,
    "cluster_loss": 0.0,
    "mae": 0.7271,
    "mse": 0.9575,
    "multiclassification_loss": 0.0,
    "ortho_loss": 0.0,
    "pearson": 0.6775,
    "regression_loss": 0.962,
    "rm2": 0.435,
    "rmse": 0.9785,
    "sd": 0.9699,
    "spearman": 0.6654,
    "spectral_loss": 0.0
}
                              
Test Results: {
    "ci": 0.7435,
    "classification_loss": 0.0,
    "cluster_loss": 0.0,
    "mae": 0.7213,
    "mse": 0.942,
    "multiclassification_loss": 0.0,
    "ortho_loss": 0.0,
    "pearson": 0.6664,
    "regression_loss": 0.9435,
    "rm2": 0.4327,
    "rmse": 0.9706,
    "sd": 0.966,
    "spearman": 0.6629,
    "spectral_loss": 0.0
}
                              
                              
----------------------------------------
Epoch 018 with LR 0.000278: Model Results
----------------------------------------
Train MSE Loss: 0.3757, Train CLS Loss: 0.0000, Train MCLS Loss: 0.0000
Protein Cluster Region Loss - Ortho Loss: 0.0000, Cluster Loss: 0.0000
                              
Validation Results: {
    "ci": 0.7554,
    "classification_loss": 0.0,
    "cluster_loss": 0.0,
    "mae": 0.725,
    "mse": 0.9663,
    "multiclassification_loss": 0.0,
    "ortho_loss": 0.0,
    "pearson": 0.6945,
    "regression_loss": 0.9709,
    "rm2": 0.3961,
    "rmse": 0.983,
    "sd": 0.9487,
    "spearman": 0.6932,
    "spectral_loss": 0.0
}
                              
Test Results: {
    "ci": 0.7435,
    "classification_loss": 0.0,
    "cluster_loss": 0.0,
    "mae": 0.7213,
    "mse": 0.942,
    "multiclassification_loss": 0.0,
    "ortho_loss": 0.0,
    "pearson": 0.6664,
    "regression_loss": 0.9435,
    "rm2": 0.4327,
    "rmse": 0.9706,
    "sd": 0.966,
    "spearman": 0.6629,
    "spectral_loss": 0.0
}
                              
                              
----------------------------------------
Epoch 019 with LR 0.000276: Model Results
----------------------------------------
Train MSE Loss: 0.3629, Train CLS Loss: 0.0000, Train MCLS Loss: 0.0000
Protein Cluster Region Loss - Ortho Loss: 0.0000, Cluster Loss: 0.0000
                              
Validation Results: {
    "ci": 0.747,
    "classification_loss": 0.0,
    "cluster_loss": 0.0,
    "mae": 0.7257,
    "mse": 0.9551,
    "multiclassification_loss": 0.0,
    "ortho_loss": 0.0,
    "pearson": 0.6813,
    "regression_loss": 0.9593,
    "rm2": 0.4444,
    "rmse": 0.9773,
    "sd": 0.9652,
    "spearman": 0.6735,
    "spectral_loss": 0.0
}
                              
Test Results: {
    "ci": 0.7435,
    "classification_loss": 0.0,
    "cluster_loss": 0.0,
    "mae": 0.7213,
    "mse": 0.942,
    "multiclassification_loss": 0.0,
    "ortho_loss": 0.0,
    "pearson": 0.6664,
    "regression_loss": 0.9435,
    "rm2": 0.4327,
    "rmse": 0.9706,
    "sd": 0.966,
    "spearman": 0.6629,
    "spectral_loss": 0.0
}
                              
                              
----------------------------------------
Epoch 020 with LR 0.000273: Model Results
----------------------------------------
Train MSE Loss: 0.3501, Train CLS Loss: 0.0000, Train MCLS Loss: 0.0000
Protein Cluster Region Loss - Ortho Loss: 0.0000, Cluster Loss: 0.0000
                              
Validation Results: {
    "ci": 0.7545,
    "classification_loss": 0.0,
    "cluster_loss": 0.0,
    "mae": 0.7266,
    "mse": 0.9608,
    "multiclassification_loss": 0.0,
    "ortho_loss": 0.0,
    "pearson": 0.6957,
    "regression_loss": 0.9648,
    "rm2": 0.3992,
    "rmse": 0.9802,
    "sd": 0.9472,
    "spearman": 0.6892,
    "spectral_loss": 0.0
}
                              
Test Results: {
    "ci": 0.7435,
    "classification_loss": 0.0,
    "cluster_loss": 0.0,
    "mae": 0.7213,
    "mse": 0.942,
    "multiclassification_loss": 0.0,
    "ortho_loss": 0.0,
    "pearson": 0.6664,
    "regression_loss": 0.9435,
    "rm2": 0.4327,
    "rmse": 0.9706,
    "sd": 0.966,
    "spearman": 0.6629,
    "spectral_loss": 0.0
}
                              
                              
----------------------------------------
Epoch 021 with LR 0.000270: Model Results
----------------------------------------
Train MSE Loss: 0.3378, Train CLS Loss: 0.0000, Train MCLS Loss: 0.0000
Protein Cluster Region Loss - Ortho Loss: 0.0000, Cluster Loss: 0.0000
                              
Validation Results: {
    "ci": 0.7513,
    "classification_loss": 0.0,
    "cluster_loss": 0.0,
    "mae": 0.7055,
    "mse": 0.9253,
    "multiclassification_loss": 0.0,
    "ortho_loss": 0.0,
    "pearson": 0.6886,
    "regression_loss": 0.9285,
    "rm2": 0.4425,
    "rmse": 0.9619,
    "sd": 0.9563,
    "spearman": 0.6812,
    "spectral_loss": 0.0
}
                              
Test Results: {
    "ci": 0.7435,
    "classification_loss": 0.0,
    "cluster_loss": 0.0,
    "mae": 0.7213,
    "mse": 0.942,
    "multiclassification_loss": 0.0,
    "ortho_loss": 0.0,
    "pearson": 0.6664,
    "regression_loss": 0.9435,
    "rm2": 0.4327,
    "rmse": 0.9706,
    "sd": 0.966,
    "spearman": 0.6629,
    "spectral_loss": 0.0
}
                              
                              
----------------------------------------
Epoch 022 with LR 0.000268: Model Results
----------------------------------------
Train MSE Loss: 0.3243, Train CLS Loss: 0.0000, Train MCLS Loss: 0.0000
Protein Cluster Region Loss - Ortho Loss: 0.0000, Cluster Loss: 0.0000
                              
Validation Results: {
    "ci": 0.7493,
    "classification_loss": 0.0,
    "cluster_loss": 0.0,
    "mae": 0.7122,
    "mse": 0.9459,
    "multiclassification_loss": 0.0,
    "ortho_loss": 0.0,
    "pearson": 0.6847,
    "regression_loss": 0.949,
    "rm2": 0.4674,
    "rmse": 0.9726,
    "sd": 0.9611,
    "spearman": 0.6764,
    "spectral_loss": 0.0
}
                              
Test Results: {
    "ci": 0.7435,
    "classification_loss": 0.0,
    "cluster_loss": 0.0,
    "mae": 0.7213,
    "mse": 0.942,
    "multiclassification_loss": 0.0,
    "ortho_loss": 0.0,
    "pearson": 0.6664,
    "regression_loss": 0.9435,
    "rm2": 0.4327,
    "rmse": 0.9706,
    "sd": 0.966,
    "spearman": 0.6629,
    "spectral_loss": 0.0
}
                              
                              
----------------------------------------
Epoch 023 with LR 0.000265: Model Results
----------------------------------------
Train MSE Loss: 0.3179, Train CLS Loss: 0.0000, Train MCLS Loss: 0.0000
Protein Cluster Region Loss - Ortho Loss: 0.0000, Cluster Loss: 0.0000
                              
Validation Results: {
    "ci": 0.7552,
    "classification_loss": 0.0,
    "cluster_loss": 0.0,
    "mae": 0.7173,
    "mse": 0.9415,
    "multiclassification_loss": 0.0,
    "ortho_loss": 0.0,
    "pearson": 0.6969,
    "regression_loss": 0.9453,
    "rm2": 0.4722,
    "rmse": 0.9703,
    "sd": 0.9457,
    "spearman": 0.6914,
    "spectral_loss": 0.0
}
                              
Test Results: {
    "ci": 0.7435,
    "classification_loss": 0.0,
    "cluster_loss": 0.0,
    "mae": 0.7213,
    "mse": 0.942,
    "multiclassification_loss": 0.0,
    "ortho_loss": 0.0,
    "pearson": 0.6664,
    "regression_loss": 0.9435,
    "rm2": 0.4327,
    "rmse": 0.9706,
    "sd": 0.966,
    "spearman": 0.6629,
    "spectral_loss": 0.0
}
                              
                              
----------------------------------------
Epoch 024 with LR 0.000261: Model Results
----------------------------------------
Train MSE Loss: 0.3103, Train CLS Loss: 0.0000, Train MCLS Loss: 0.0000
Protein Cluster Region Loss - Ortho Loss: 0.0000, Cluster Loss: 0.0000
                              
Validation Results: {
    "ci": 0.7571,
    "classification_loss": 0.0,
    "cluster_loss": 0.0,
    "mae": 0.7025,
    "mse": 0.9333,
    "multiclassification_loss": 0.0,
    "ortho_loss": 0.0,
    "pearson": 0.6966,
    "regression_loss": 0.9366,
    "rm2": 0.4547,
    "rmse": 0.9661,
    "sd": 0.9461,
    "spearman": 0.6932,
    "spectral_loss": 0.0
}
                              
Test Results: {
    "ci": 0.7435,
    "classification_loss": 0.0,
    "cluster_loss": 0.0,
    "mae": 0.7213,
    "mse": 0.942,
    "multiclassification_loss": 0.0,
    "ortho_loss": 0.0,
    "pearson": 0.6664,
    "regression_loss": 0.9435,
    "rm2": 0.4327,
    "rmse": 0.9706,
    "sd": 0.966,
    "spearman": 0.6629,
    "spectral_loss": 0.0
}
                              
                              
----------------------------------------
Epoch 025 with LR 0.000258: Model Results
----------------------------------------
Train MSE Loss: 0.2953, Train CLS Loss: 0.0000, Train MCLS Loss: 0.0000
Protein Cluster Region Loss - Ortho Loss: 0.0000, Cluster Loss: 0.0000
                              
Validation Results: {
    "ci": 0.7545,
    "classification_loss": 0.0,
    "cluster_loss": 0.0,
    "mae": 0.7069,
    "mse": 0.9308,
    "multiclassification_loss": 0.0,
    "ortho_loss": 0.0,
    "pearson": 0.6958,
    "regression_loss": 0.9345,
    "rm2": 0.475,
    "rmse": 0.9648,
    "sd": 0.9471,
    "spearman": 0.6893,
    "spectral_loss": 0.0
}
                              
Test Results: {
    "ci": 0.7435,
    "classification_loss": 0.0,
    "cluster_loss": 0.0,
    "mae": 0.7213,
    "mse": 0.942,
    "multiclassification_loss": 0.0,
    "ortho_loss": 0.0,
    "pearson": 0.6664,
    "regression_loss": 0.9435,
    "rm2": 0.4327,
    "rmse": 0.9706,
    "sd": 0.966,
    "spearman": 0.6629,
    "spectral_loss": 0.0
}
                              
                              
----------------------------------------
Epoch 026 with LR 0.000255: Model Results
----------------------------------------
Train MSE Loss: 0.2905, Train CLS Loss: 0.0000, Train MCLS Loss: 0.0000
Protein Cluster Region Loss - Ortho Loss: 0.0000, Cluster Loss: 0.0000
                              
Validation Results: {
    "ci": 0.7565,
    "classification_loss": 0.0,
    "cluster_loss": 0.0,
    "mae": 0.7041,
    "mse": 0.9645,
    "multiclassification_loss": 0.0,
    "ortho_loss": 0.0,
    "pearson": 0.6857,
    "regression_loss": 0.9688,
    "rm2": 0.4293,
    "rmse": 0.9821,
    "sd": 0.9598,
    "spearman": 0.6905,
    "spectral_loss": 0.0
}
                              
Test Results: {
    "ci": 0.7435,
    "classification_loss": 0.0,
    "cluster_loss": 0.0,
    "mae": 0.7213,
    "mse": 0.942,
    "multiclassification_loss": 0.0,
    "ortho_loss": 0.0,
    "pearson": 0.6664,
    "regression_loss": 0.9435,
    "rm2": 0.4327,
    "rmse": 0.9706,
    "sd": 0.966,
    "spearman": 0.6629,
    "spectral_loss": 0.0
}
                              
                              
----------------------------------------
Epoch 027 with LR 0.000251: Model Results
----------------------------------------
Train MSE Loss: 0.2820, Train CLS Loss: 0.0000, Train MCLS Loss: 0.0000
Protein Cluster Region Loss - Ortho Loss: 0.0000, Cluster Loss: 0.0000
                              
Validation Results: {
    "ci": 0.7489,
    "classification_loss": 0.0,
    "cluster_loss": 0.0,
    "mae": 0.7126,
    "mse": 0.9456,
    "multiclassification_loss": 0.0,
    "ortho_loss": 0.0,
    "pearson": 0.6852,
    "regression_loss": 0.9488,
    "rm2": 0.4397,
    "rmse": 0.9724,
    "sd": 0.9604,
    "spearman": 0.6752,
    "spectral_loss": 0.0
}
                              
Test Results: {
    "ci": 0.7435,
    "classification_loss": 0.0,
    "cluster_loss": 0.0,
    "mae": 0.7213,
    "mse": 0.942,
    "multiclassification_loss": 0.0,
    "ortho_loss": 0.0,
    "pearson": 0.6664,
    "regression_loss": 0.9435,
    "rm2": 0.4327,
    "rmse": 0.9706,
    "sd": 0.966,
    "spearman": 0.6629,
    "spectral_loss": 0.0
}
                              
                              
----------------------------------------
Epoch 028 with LR 0.000248: Model Results
----------------------------------------
Train MSE Loss: 0.2751, Train CLS Loss: 0.0000, Train MCLS Loss: 0.0000
Protein Cluster Region Loss - Ortho Loss: 0.0000, Cluster Loss: 0.0000
                              
Validation Results: {
    "ci": 0.7542,
    "classification_loss": 0.0,
    "cluster_loss": 0.0,
    "mae": 0.7118,
    "mse": 0.9717,
    "multiclassification_loss": 0.0,
    "ortho_loss": 0.0,
    "pearson": 0.6897,
    "regression_loss": 0.975,
    "rm2": 0.4229,
    "rmse": 0.9858,
    "sd": 0.9548,
    "spearman": 0.6855,
    "spectral_loss": 0.0
}
                              
Test Results: {
    "ci": 0.7435,
    "classification_loss": 0.0,
    "cluster_loss": 0.0,
    "mae": 0.7213,
    "mse": 0.942,
    "multiclassification_loss": 0.0,
    "ortho_loss": 0.0,
    "pearson": 0.6664,
    "regression_loss": 0.9435,
    "rm2": 0.4327,
    "rmse": 0.9706,
    "sd": 0.966,
    "spearman": 0.6629,
    "spectral_loss": 0.0
}
                              
                              
----------------------------------------
Epoch 029 with LR 0.000244: Model Results
----------------------------------------
Train MSE Loss: 0.2673, Train CLS Loss: 0.0000, Train MCLS Loss: 0.0000
Protein Cluster Region Loss - Ortho Loss: 0.0000, Cluster Loss: 0.0000
                              
Validation Results: {
    "ci": 0.7504,
    "classification_loss": 0.0,
    "cluster_loss": 0.0,
    "mae": 0.7141,
    "mse": 0.9641,
    "multiclassification_loss": 0.0,
    "ortho_loss": 0.0,
    "pearson": 0.6861,
    "regression_loss": 0.967,
    "rm2": 0.4547,
    "rmse": 0.9819,
    "sd": 0.9593,
    "spearman": 0.6774,
    "spectral_loss": 0.0
}
                              
Test Results: {
    "ci": 0.7435,
    "classification_loss": 0.0,
    "cluster_loss": 0.0,
    "mae": 0.7213,
    "mse": 0.942,
    "multiclassification_loss": 0.0,
    "ortho_loss": 0.0,
    "pearson": 0.6664,
    "regression_loss": 0.9435,
    "rm2": 0.4327,
    "rmse": 0.9706,
    "sd": 0.966,
    "spearman": 0.6629,
    "spectral_loss": 0.0
}
                              
                              
----------------------------------------
Epoch 030 with LR 0.000240: Model Results
----------------------------------------
Train MSE Loss: 0.2604, Train CLS Loss: 0.0000, Train MCLS Loss: 0.0000
Protein Cluster Region Loss - Ortho Loss: 0.0000, Cluster Loss: 0.0000
                              
Validation Results: {
    "ci": 0.7553,
    "classification_loss": 0.0,
    "cluster_loss": 0.0,
    "mae": 0.6982,
    "mse": 0.9236,
    "multiclassification_loss": 0.0,
    "ortho_loss": 0.0,
    "pearson": 0.6958,
    "regression_loss": 0.9267,
    "rm2": 0.4506,
    "rmse": 0.9611,
    "sd": 0.9471,
    "spearman": 0.689,
    "spectral_loss": 0.0
}
                              
Test Results: {
    "ci": 0.7435,
    "classification_loss": 0.0,
    "cluster_loss": 0.0,
    "mae": 0.7213,
    "mse": 0.942,
    "multiclassification_loss": 0.0,
    "ortho_loss": 0.0,
    "pearson": 0.6664,
    "regression_loss": 0.9435,
    "rm2": 0.4327,
    "rmse": 0.9706,
    "sd": 0.966,
    "spearman": 0.6629,
    "spectral_loss": 0.0
}
                              
                              
----------------------------------------
Epoch 031 with LR 0.000237: Model Results
----------------------------------------
Train MSE Loss: 0.2531, Train CLS Loss: 0.0000, Train MCLS Loss: 0.0000
Protein Cluster Region Loss - Ortho Loss: 0.0000, Cluster Loss: 0.0000
                              
Validation Results: {
    "ci": 0.7541,
    "classification_loss": 0.0,
    "cluster_loss": 0.0,
    "mae": 0.7129,
    "mse": 0.9766,
    "multiclassification_loss": 0.0,
    "ortho_loss": 0.0,
    "pearson": 0.6896,
    "regression_loss": 0.9802,
    "rm2": 0.4277,
    "rmse": 0.9882,
    "sd": 0.955,
    "spearman": 0.685,
    "spectral_loss": 0.0
}
                              
Test Results: {
    "ci": 0.7435,
    "classification_loss": 0.0,
    "cluster_loss": 0.0,
    "mae": 0.7213,
    "mse": 0.942,
    "multiclassification_loss": 0.0,
    "ortho_loss": 0.0,
    "pearson": 0.6664,
    "regression_loss": 0.9435,
    "rm2": 0.4327,
    "rmse": 0.9706,
    "sd": 0.966,
    "spearman": 0.6629,
    "spectral_loss": 0.0
}
                              
                              
----------------------------------------
Epoch 032 with LR 0.000233: Model Results
----------------------------------------
Train MSE Loss: 0.2485, Train CLS Loss: 0.0000, Train MCLS Loss: 0.0000
Protein Cluster Region Loss - Ortho Loss: 0.0000, Cluster Loss: 0.0000
                              
Validation Results: {
    "ci": 0.7531,
    "classification_loss": 0.0,
    "cluster_loss": 0.0,
    "mae": 0.7023,
    "mse": 0.9428,
    "multiclassification_loss": 0.0,
    "ortho_loss": 0.0,
    "pearson": 0.6914,
    "regression_loss": 0.9461,
    "rm2": 0.4455,
    "rmse": 0.971,
    "sd": 0.9526,
    "spearman": 0.6823,
    "spectral_loss": 0.0
}
                              
Test Results: {
    "ci": 0.7435,
    "classification_loss": 0.0,
    "cluster_loss": 0.0,
    "mae": 0.7213,
    "mse": 0.942,
    "multiclassification_loss": 0.0,
    "ortho_loss": 0.0,
    "pearson": 0.6664,
    "regression_loss": 0.9435,
    "rm2": 0.4327,
    "rmse": 0.9706,
    "sd": 0.966,
    "spearman": 0.6629,
    "spectral_loss": 0.0
}
                              
                              
----------------------------------------
Epoch 033 with LR 0.000229: Model Results
----------------------------------------
Train MSE Loss: 0.2423, Train CLS Loss: 0.0000, Train MCLS Loss: 0.0000
Protein Cluster Region Loss - Ortho Loss: 0.0000, Cluster Loss: 0.0000
                              
Validation Results: {
    "ci": 0.7547,
    "classification_loss": 0.0,
    "cluster_loss": 0.0,
    "mae": 0.7081,
    "mse": 0.9622,
    "multiclassification_loss": 0.0,
    "ortho_loss": 0.0,
    "pearson": 0.6942,
    "regression_loss": 0.9665,
    "rm2": 0.4706,
    "rmse": 0.9809,
    "sd": 0.9491,
    "spearman": 0.6857,
    "spectral_loss": 0.0
}
                              
Test Results: {
    "ci": 0.7435,
    "classification_loss": 0.0,
    "cluster_loss": 0.0,
    "mae": 0.7213,
    "mse": 0.942,
    "multiclassification_loss": 0.0,
    "ortho_loss": 0.0,
    "pearson": 0.6664,
    "regression_loss": 0.9435,
    "rm2": 0.4327,
    "rmse": 0.9706,
    "sd": 0.966,
    "spearman": 0.6629,
    "spectral_loss": 0.0
}
                              
                              
----------------------------------------
Epoch 034 with LR 0.000225: Model Results
----------------------------------------
Train MSE Loss: 0.2346, Train CLS Loss: 0.0000, Train MCLS Loss: 0.0000
Protein Cluster Region Loss - Ortho Loss: 0.0000, Cluster Loss: 0.0000
                              
Validation Results: {
    "ci": 0.7537,
    "classification_loss": 0.0,
    "cluster_loss": 0.0,
    "mae": 0.7015,
    "mse": 0.9429,
    "multiclassification_loss": 0.0,
    "ortho_loss": 0.0,
    "pearson": 0.6925,
    "regression_loss": 0.9463,
    "rm2": 0.4416,
    "rmse": 0.971,
    "sd": 0.9513,
    "spearman": 0.683,
    "spectral_loss": 0.0
}
                              
Test Results: {
    "ci": 0.7435,
    "classification_loss": 0.0,
    "cluster_loss": 0.0,
    "mae": 0.7213,
    "mse": 0.942,
    "multiclassification_loss": 0.0,
    "ortho_loss": 0.0,
    "pearson": 0.6664,
    "regression_loss": 0.9435,
    "rm2": 0.4327,
    "rmse": 0.9706,
    "sd": 0.966,
    "spearman": 0.6629,
    "spectral_loss": 0.0
}
                              
                              
----------------------------------------
Epoch 035 with LR 0.000221: Model Results
----------------------------------------
Train MSE Loss: 0.2284, Train CLS Loss: 0.0000, Train MCLS Loss: 0.0000
Protein Cluster Region Loss - Ortho Loss: 0.0000, Cluster Loss: 0.0000
                              
Validation Results: {
    "ci": 0.7515,
    "classification_loss": 0.0,
    "cluster_loss": 0.0,
    "mae": 0.7107,
    "mse": 0.9674,
    "multiclassification_loss": 0.0,
    "ortho_loss": 0.0,
    "pearson": 0.6887,
    "regression_loss": 0.97,
    "rm2": 0.451,
    "rmse": 0.9836,
    "sd": 0.956,
    "spearman": 0.6804,
    "spectral_loss": 0.0
}
                              
Test Results: {
    "ci": 0.7435,
    "classification_loss": 0.0,
    "cluster_loss": 0.0,
    "mae": 0.7213,
    "mse": 0.942,
    "multiclassification_loss": 0.0,
    "ortho_loss": 0.0,
    "pearson": 0.6664,
    "regression_loss": 0.9435,
    "rm2": 0.4327,
    "rmse": 0.9706,
    "sd": 0.966,
    "spearman": 0.6629,
    "spectral_loss": 0.0
}
                              
                              
----------------------------------------
Epoch 036 with LR 0.000216: Model Results
----------------------------------------
Train MSE Loss: 0.2256, Train CLS Loss: 0.0000, Train MCLS Loss: 0.0000
Protein Cluster Region Loss - Ortho Loss: 0.0000, Cluster Loss: 0.0000
                              
Validation Results: {
    "ci": 0.7503,
    "classification_loss": 0.0,
    "cluster_loss": 0.0,
    "mae": 0.7191,
    "mse": 0.9909,
    "multiclassification_loss": 0.0,
    "ortho_loss": 0.0,
    "pearson": 0.684,
    "regression_loss": 0.9937,
    "rm2": 0.4378,
    "rmse": 0.9954,
    "sd": 0.9619,
    "spearman": 0.6759,
    "spectral_loss": 0.0
}
                              
Test Results: {
    "ci": 0.7435,
    "classification_loss": 0.0,
    "cluster_loss": 0.0,
    "mae": 0.7213,
    "mse": 0.942,
    "multiclassification_loss": 0.0,
    "ortho_loss": 0.0,
    "pearson": 0.6664,
    "regression_loss": 0.9435,
    "rm2": 0.4327,
    "rmse": 0.9706,
    "sd": 0.966,
    "spearman": 0.6629,
    "spectral_loss": 0.0
}
                              
                              
----------------------------------------
Epoch 037 with LR 0.000212: Model Results
----------------------------------------
Train MSE Loss: 0.2169, Train CLS Loss: 0.0000, Train MCLS Loss: 0.0000
Protein Cluster Region Loss - Ortho Loss: 0.0000, Cluster Loss: 0.0000
                              
Validation Results: {
    "ci": 0.7527,
    "classification_loss": 0.0,
    "cluster_loss": 0.0,
    "mae": 0.7114,
    "mse": 0.9511,
    "multiclassification_loss": 0.0,
    "ortho_loss": 0.0,
    "pearson": 0.6918,
    "regression_loss": 0.9544,
    "rm2": 0.4685,
    "rmse": 0.9753,
    "sd": 0.9522,
    "spearman": 0.6825,
    "spectral_loss": 0.0
}
                              
Test Results: {
    "ci": 0.7435,
    "classification_loss": 0.0,
    "cluster_loss": 0.0,
    "mae": 0.7213,
    "mse": 0.942,
    "multiclassification_loss": 0.0,
    "ortho_loss": 0.0,
    "pearson": 0.6664,
    "regression_loss": 0.9435,
    "rm2": 0.4327,
    "rmse": 0.9706,
    "sd": 0.966,
    "spearman": 0.6629,
    "spectral_loss": 0.0
}
                              
                              
----------------------------------------
Epoch 038 with LR 0.000208: Model Results
----------------------------------------
Train MSE Loss: 0.2141, Train CLS Loss: 0.0000, Train MCLS Loss: 0.0000
Protein Cluster Region Loss - Ortho Loss: 0.0000, Cluster Loss: 0.0000
                              
Validation Results: {
    "ci": 0.7533,
    "classification_loss": 0.0,
    "cluster_loss": 0.0,
    "mae": 0.7084,
    "mse": 0.9619,
    "multiclassification_loss": 0.0,
    "ortho_loss": 0.0,
    "pearson": 0.6932,
    "regression_loss": 0.9654,
    "rm2": 0.4501,
    "rmse": 0.9808,
    "sd": 0.9504,
    "spearman": 0.6817,
    "spectral_loss": 0.0
}
                              
Test Results: {
    "ci": 0.7435,
    "classification_loss": 0.0,
    "cluster_loss": 0.0,
    "mae": 0.7213,
    "mse": 0.942,
    "multiclassification_loss": 0.0,
    "ortho_loss": 0.0,
    "pearson": 0.6664,
    "regression_loss": 0.9435,
    "rm2": 0.4327,
    "rmse": 0.9706,
    "sd": 0.966,
    "spearman": 0.6629,
    "spectral_loss": 0.0
}

Early stopping at epoch 38 (no improvement for 25 epochs)
[best epoch] epoch=13, best_rmse=0.9554, lr_at_best=2.889e-04
                              
                              
----------------------------------------
Epoch 038 with LR 0.000208: Model Results
----------------------------------------
Train MSE Loss: 0.2141, Train CLS Loss: 0.0000, Train MCLS Loss: 0.0000
Protein Cluster Region Loss - Ortho Loss: 0.0000, Cluster Loss: 0.0000
                              
Validation Results: {
    "ci": 0.7533,
    "classification_loss": 0.0,
    "cluster_loss": 0.0,
    "mae": 0.7084,
    "mse": 0.9619,
    "multiclassification_loss": 0.0,
    "ortho_loss": 0.0,
    "pearson": 0.6932,
    "regression_loss": 0.9654,
    "rm2": 0.4501,
    "rmse": 0.9808,
    "sd": 0.9504,
    "spearman": 0.6817,
    "spectral_loss": 0.0
}
                              
Test Results: {
    "ci": 0.7435,
    "classification_loss": 0.0,
    "cluster_loss": 0.0,
    "mae": 0.7213,
    "mse": 0.942,
    "multiclassification_loss": 0.0,
    "ortho_loss": 0.0,
    "pearson": 0.6664,
    "regression_loss": 0.9435,
    "rm2": 0.4327,
    "rmse": 0.9706,
    "sd": 0.966,
    "spearman": 0.6629,
    "spectral_loss": 0.0
}
Final test metrics: rmse=0.9706, pearson=0.6664, r2_proxy(mse)=0.9421
Done. Predictions: /sc/arion/projects/DiseaseGeneCell/Huang_lab_project/wangcDrugRepoProject/TRACE_Kin_Results_v6c_pocket_graph/EITLEM_dataset/EITLEM_km_MUTAPLM_embedding_cold_protein/test_prediction_seed3.csv; checkpoint: /sc/arion/projects/DiseaseGeneCell/Huang_lab_project/wangcDrugRepoProject/TRACE_Kin_Results_v6c_pocket_graph/EITLEM_dataset/EITLEM_km_MUTAPLM_embedding_cold_protein/save_model_seed3/model.pt

Array task 7/10: OK (EITLEM_km_MUTAPLM_embedding_cold_protein)


PS:

Read file <243258508.7.stderr> for stderr output of this job.

