Sender: LSF System <lsfadmin@lg05e14>
Subject: Job 243543427[8]: <trace_kin_v7_perfolder_s2[1-10]> in cluster <chimera> Done

Job <trace_kin_v7_perfolder_s2[1-10]> was submitted from host <li04e04> by user <wangc40> in cluster <chimera> at Tue May 12 10:31:16 2026
Job was executed on host(s) <16*lg05e14>, in queue <gpu>, as user <wangc40> in cluster <chimera> at Tue May 12 10:31:19 2026
</hpc/users/wangc40> was used as the home directory.
</sc/arion/projects/DiseaseGeneCell/Huang_lab_project/wangcDrugRepoProject/TRACE-Kin> was used as the working directory.
Started at Tue May 12 10:31:19 2026
Terminated at Tue May 12 11:13:27 2026
Results reported at Tue May 12 11:13:27 2026

Your job looked like:

------------------------------------------------------------
# LSBATCH: User input
#!/bin/bash
#BSUB -J trace_kin_v7_perfolder_s2[1-10]
#BSUB -P acc_DiseaseGeneCell
#BSUB -q gpu
#BSUB -R h100nvl
#BSUB -gpu num=1
#BSUB -n 16
#BSUB -R "rusage[mem=15000]"
#BSUB -R "span[hosts=1]"
#BSUB -W 48:00
#BSUB -o %J.%I.stdout
#BSUB -eo %J.%I.stderr
#BSUB -L /bin/bash

# =============================================================================
# TRACE-Kin v7 (SGED) PER-FOLDER — top-10 cells, seed 2
# =============================================================================

# --- Environment -------------------------------------------------------------
ml purge
source ~/.bashrc
module load anaconda3/2024.06
source activate test
module load cuda/12.4.0
export RAYON_NUM_THREADS=4
export PYTORCH_CUDA_ALLOC_CONF=expandable_segments:True
export PYTHONPATH="$PWD${PYTHONPATH:+:$PYTHONPATH}"

# --- Knobs (env overrides) ---------------------------------------------------
ENZYME_BASE="${ENZYME_BASE:-/sc/arion/projects/DiseaseGeneCell/Huang_lab_project/drug_discovery/output/data/enzyme_embeddings_dataset}"
RESULT_BASE="${RESULT_BASE:-/sc/arion/projects/DiseaseGeneCell/Huang_lab_project/wangcDrugRepoProject/TRACE_Kin_Results_v7_sged}"
MOLFORMER_PATH="${MOLFORMER_PATH:-/sc/arion/projects/DiseaseGeneCell/Huang_lab_project/wangcDrugRepoProject/transformersmodels/ibm/MoLFormer-XL-both-10pct}"
CONFIG_PATH="${CONFIG_PATH:-training/config_v7.json}"
EPOCHS="${EPOCHS:-100}"
BATCH_SIZE="${BATCH_SIZE:-32}"
SEED=2
LRATE="${LRATE:-3e-4}"

# --- Per-array-index table (10 cells, MUTAPLM embedding) ---------------------
JOBS=(
    "EITLEM_dataset|EITLEM_kkm_MUTAPLM_embedding_cold_drug|"
    "catpred_dataset|catpred_kcat_MUTAPLM_embedding_random|"
    "inhouse_dataset|inhouse_Kd_MUTAPLM_embedding_random|"
    "EITLEM_dataset|EITLEM_kkm_MUTAPLM_embedding_random|"
    "EITLEM_dataset|EITLEM_kcat_MUTAPLM_embedding_cold_drug|"
    "MPEK_dataset|MPEK_kcat_MUTAPLM_embedding_cold_protein|"
    "EITLEM_dataset|EITLEM_km_MUTAPLM_embedding_cold_protein|"
    "catpred_dataset|catpred_ki_MUTAPLM_embedding_cold_protein|"
    "EITLEM_dataset|EITLEM_kkm_MUTAPLM_embedding_cold_protein|"
    "EITLEM_dataset|EITLEM_kcat_MUTAPLM_embedding_cold_protein|"

(... more ...)
------------------------------------------------------------

Successfully completed.

Resource usage summary:

    CPU time :                                   2844.00 sec.
    Max Memory :                                 13056 MB
    Average Memory :                             12587.37 MB
    Total Requested Memory :                     240000.00 MB
    Delta Memory :                               226944.00 MB
    Max Swap :                                   -
    Max Processes :                              21
    Max Threads :                                54
    Run time :                                   2528 sec.
    Turnaround time :                            2531 sec.

The output (if any) follows:

==========================================
TRACE-Kin v7 (SGED) PER-FOLDER task 8/10 [seed=2]
==========================================
Date:        Tue May 12 10:31:23 EDT 2026
Dataset:     /sc/arion/projects/DiseaseGeneCell/Huang_lab_project/drug_discovery/output/data/enzyme_embeddings_dataset/catpred_dataset/catpred_ki_MUTAPLM_embedding_cold_protein
Result:      /sc/arion/projects/DiseaseGeneCell/Huang_lab_project/wangcDrugRepoProject/TRACE_Kin_Results_v7_sged/catpred_dataset/catpred_ki_MUTAPLM_embedding_cold_protein
Config:      training/config_v7.json
Epochs:      100, batch=32, seed=2, lr=3e-4
==========================================
Python 3.12.2
CUDA device: NVIDIA H100 80GB HBM3, sm_90
============================================================
TRACE-Kin training
============================================================
Datafolder:        /sc/arion/projects/DiseaseGeneCell/Huang_lab_project/drug_discovery/output/data/enzyme_embeddings_dataset/catpred_dataset/catpred_ki_MUTAPLM_embedding_cold_protein
Result path:       /sc/arion/projects/DiseaseGeneCell/Huang_lab_project/wangcDrugRepoProject/TRACE_Kin_Results_v7_sged/catpred_dataset/catpred_ki_MUTAPLM_embedding_cold_protein
Config:            training/config_v7.json
Pool train CSVs:   (none)
============================================================
[mem] before load_split_dataframes             max RSS = 0.62 GB
Loading primary train (essential cols): /sc/arion/projects/DiseaseGeneCell/Huang_lab_project/drug_discovery/output/data/enzyme_embeddings_dataset/catpred_dataset/catpred_ki_MUTAPLM_embedding_cold_protein/train.parquet
Loading primary test (essential cols): /sc/arion/projects/DiseaseGeneCell/Huang_lab_project/drug_discovery/output/data/enzyme_embeddings_dataset/catpred_dataset/catpred_ki_MUTAPLM_embedding_cold_protein/test.parquet
Loading primary val (essential cols): /sc/arion/projects/DiseaseGeneCell/Huang_lab_project/drug_discovery/output/data/enzyme_embeddings_dataset/catpred_dataset/catpred_ki_MUTAPLM_embedding_cold_protein/val.parquet
Detected prot_evo_channels = 4096 (1-row sample)
[mem] after load_split_dataframes (lite — feature cols not loaded) max RSS = 0.78 GB
model_version: v7, use_swa: False
Reusing protein cache: /sc/arion/projects/DiseaseGeneCell/Huang_lab_project/drug_discovery/output/data/enzyme_embeddings_dataset/catpred_dataset/catpred_ki_MUTAPLM_embedding_cold_protein/protein.pt
Reusing ligand cache: /sc/arion/projects/DiseaseGeneCell/Huang_lab_project/drug_discovery/output/data/enzyme_embeddings_dataset/catpred_dataset/catpred_ki_MUTAPLM_embedding_cold_protein/ligand.pt
[mem] after preprocess                         max RSS = 11.10 GB
WARN: dropping 1 train rows with missing protein/ligand graphs.
loaders ready: train=259 test=74 val=41
[mem] after make_loaders                       max RSS = 11.10 GB
Built TraceKinV7 with 61,699,850 parameters
[AMP] enabled: dtype=torch.bfloat16
[LR schedule] schedule_lr=True, lrate=0.0003, min_lrate=1e-06, warmup_iters=500, lr_decay_iters=25900, total_iters=25900
Not in terminal, reprint now using normal build-in print function.
                              
                              
----------------------------------------
Epoch 001 with LR 0.000155: Model Results
----------------------------------------
Train MSE Loss: 2.9962, Train CLS Loss: 0.0000, Train MCLS Loss: 0.0000
Protein Cluster Region Loss - Ortho Loss: 0.0000, Cluster Loss: 0.0000
                              
Validation Results: {
    "ci": 0.6982,
    "classification_loss": 0.0,
    "cluster_loss": 0.0,
    "mae": 1.242,
    "mse": 2.3792,
    "multiclassification_loss": 0.0,
    "ortho_loss": 0.0,
    "pearson": 0.5774,
    "regression_loss": 2.3799,
    "rm2": 0.3029,
    "rmse": 1.5425,
    "sd": 1.5284,
    "spearman": 0.563,
    "spectral_loss": 0.0
}
                              
Test Results: {
    "ci": 0.658,
    "classification_loss": 0.0,
    "cluster_loss": 0.0,
    "mae": 1.3576,
    "mse": 2.8573,
    "multiclassification_loss": 0.0,
    "ortho_loss": 0.0,
    "pearson": 0.455,
    "regression_loss": 2.8585,
    "rm2": 0.1996,
    "rmse": 1.6904,
    "sd": 1.6657,
    "spearman": 0.4557,
    "spectral_loss": 0.0
}
                              
                              
----------------------------------------
Epoch 002 with LR 0.000300: Model Results
----------------------------------------
Train MSE Loss: 2.6421, Train CLS Loss: 0.0000, Train MCLS Loss: 0.0000
Protein Cluster Region Loss - Ortho Loss: 0.0000, Cluster Loss: 0.0000
                              
Validation Results: {
    "ci": 0.7158,
    "classification_loss": 0.0,
    "cluster_loss": 0.0,
    "mae": 1.8229,
    "mse": 4.7092,
    "multiclassification_loss": 0.0,
    "ortho_loss": 0.0,
    "pearson": 0.6154,
    "regression_loss": 4.7122,
    "rm2": 0.3471,
    "rmse": 2.1701,
    "sd": 1.4754,
    "spearman": 0.6103,
    "spectral_loss": 0.0
}
                              
Test Results: {
    "ci": 0.658,
    "classification_loss": 0.0,
    "cluster_loss": 0.0,
    "mae": 1.3576,
    "mse": 2.8573,
    "multiclassification_loss": 0.0,
    "ortho_loss": 0.0,
    "pearson": 0.455,
    "regression_loss": 2.8585,
    "rm2": 0.1996,
    "rmse": 1.6904,
    "sd": 1.6657,
    "spearman": 0.4557,
    "spectral_loss": 0.0
}
                              
                              
----------------------------------------
Epoch 003 with LR 0.000300: Model Results
----------------------------------------
Train MSE Loss: 2.3365, Train CLS Loss: 0.0000, Train MCLS Loss: 0.0000
Protein Cluster Region Loss - Ortho Loss: 0.0000, Cluster Loss: 0.0000
                              
Validation Results: {
    "ci": 0.7079,
    "classification_loss": 0.0,
    "cluster_loss": 0.0,
    "mae": 1.1978,
    "mse": 2.2487,
    "multiclassification_loss": 0.0,
    "ortho_loss": 0.0,
    "pearson": 0.6021,
    "regression_loss": 2.2504,
    "rm2": 0.3431,
    "rmse": 1.4996,
    "sd": 1.4945,
    "spearman": 0.5902,
    "spectral_loss": 0.0
}
                              
Test Results: {
    "ci": 0.6583,
    "classification_loss": 0.0,
    "cluster_loss": 0.0,
    "mae": 1.3361,
    "mse": 2.7825,
    "multiclassification_loss": 0.0,
    "ortho_loss": 0.0,
    "pearson": 0.4614,
    "regression_loss": 2.7862,
    "rm2": 0.2082,
    "rmse": 1.6681,
    "sd": 1.6595,
    "spearman": 0.4595,
    "spectral_loss": 0.0
}
                              
                              
----------------------------------------
Epoch 004 with LR 0.000300: Model Results
----------------------------------------
Train MSE Loss: 2.1031, Train CLS Loss: 0.0000, Train MCLS Loss: 0.0000
Protein Cluster Region Loss - Ortho Loss: 0.0000, Cluster Loss: 0.0000
                              
Validation Results: {
    "ci": 0.7081,
    "classification_loss": 0.0,
    "cluster_loss": 0.0,
    "mae": 1.2145,
    "mse": 2.4364,
    "multiclassification_loss": 0.0,
    "ortho_loss": 0.0,
    "pearson": 0.5962,
    "regression_loss": 2.4434,
    "rm2": 0.3104,
    "rmse": 1.5609,
    "sd": 1.5028,
    "spearman": 0.5888,
    "spectral_loss": 0.0
}
                              
Test Results: {
    "ci": 0.6583,
    "classification_loss": 0.0,
    "cluster_loss": 0.0,
    "mae": 1.3361,
    "mse": 2.7825,
    "multiclassification_loss": 0.0,
    "ortho_loss": 0.0,
    "pearson": 0.4614,
    "regression_loss": 2.7862,
    "rm2": 0.2082,
    "rmse": 1.6681,
    "sd": 1.6595,
    "spearman": 0.4595,
    "spectral_loss": 0.0
}
                              
                              
----------------------------------------
Epoch 005 with LR 0.000299: Model Results
----------------------------------------
Train MSE Loss: 1.9566, Train CLS Loss: 0.0000, Train MCLS Loss: 0.0000
Protein Cluster Region Loss - Ortho Loss: 0.0000, Cluster Loss: 0.0000
                              
Validation Results: {
    "ci": 0.6964,
    "classification_loss": 0.0,
    "cluster_loss": 0.0,
    "mae": 1.3552,
    "mse": 2.7111,
    "multiclassification_loss": 0.0,
    "ortho_loss": 0.0,
    "pearson": 0.5788,
    "regression_loss": 2.715,
    "rm2": 0.2983,
    "rmse": 1.6465,
    "sd": 1.5264,
    "spearman": 0.5578,
    "spectral_loss": 0.0
}
                              
Test Results: {
    "ci": 0.6583,
    "classification_loss": 0.0,
    "cluster_loss": 0.0,
    "mae": 1.3361,
    "mse": 2.7825,
    "multiclassification_loss": 0.0,
    "ortho_loss": 0.0,
    "pearson": 0.4614,
    "regression_loss": 2.7862,
    "rm2": 0.2082,
    "rmse": 1.6681,
    "sd": 1.6595,
    "spearman": 0.4595,
    "spectral_loss": 0.0
}
                              
                              
----------------------------------------
Epoch 006 with LR 0.000299: Model Results
----------------------------------------
Train MSE Loss: 1.8841, Train CLS Loss: 0.0000, Train MCLS Loss: 0.0000
Protein Cluster Region Loss - Ortho Loss: 0.0000, Cluster Loss: 0.0000
                              
Validation Results: {
    "ci": 0.7127,
    "classification_loss": 0.0,
    "cluster_loss": 0.0,
    "mae": 1.2195,
    "mse": 2.246,
    "multiclassification_loss": 0.0,
    "ortho_loss": 0.0,
    "pearson": 0.6166,
    "regression_loss": 2.2512,
    "rm2": 0.3764,
    "rmse": 1.4987,
    "sd": 1.4737,
    "spearman": 0.601,
    "spectral_loss": 0.0
}
                              
Test Results: {
    "ci": 0.6786,
    "classification_loss": 0.0,
    "cluster_loss": 0.0,
    "mae": 1.3392,
    "mse": 2.8895,
    "multiclassification_loss": 0.0,
    "ortho_loss": 0.0,
    "pearson": 0.5019,
    "regression_loss": 2.8921,
    "rm2": 0.2478,
    "rmse": 1.6998,
    "sd": 1.6178,
    "spearman": 0.5084,
    "spectral_loss": 0.0
}
                              
                              
----------------------------------------
Epoch 007 with LR 0.000298: Model Results
----------------------------------------
Train MSE Loss: 1.6888, Train CLS Loss: 0.0000, Train MCLS Loss: 0.0000
Protein Cluster Region Loss - Ortho Loss: 0.0000, Cluster Loss: 0.0000
                              
Validation Results: {
    "ci": 0.7085,
    "classification_loss": 0.0,
    "cluster_loss": 0.0,
    "mae": 1.1858,
    "mse": 2.2812,
    "multiclassification_loss": 0.0,
    "ortho_loss": 0.0,
    "pearson": 0.6057,
    "regression_loss": 2.2872,
    "rm2": 0.3289,
    "rmse": 1.5104,
    "sd": 1.4895,
    "spearman": 0.5939,
    "spectral_loss": 0.0
}
                              
Test Results: {
    "ci": 0.6786,
    "classification_loss": 0.0,
    "cluster_loss": 0.0,
    "mae": 1.3392,
    "mse": 2.8895,
    "multiclassification_loss": 0.0,
    "ortho_loss": 0.0,
    "pearson": 0.5019,
    "regression_loss": 2.8921,
    "rm2": 0.2478,
    "rmse": 1.6998,
    "sd": 1.6178,
    "spearman": 0.5084,
    "spectral_loss": 0.0
}
                              
                              
----------------------------------------
Epoch 008 with LR 0.000297: Model Results
----------------------------------------
Train MSE Loss: 1.6570, Train CLS Loss: 0.0000, Train MCLS Loss: 0.0000
Protein Cluster Region Loss - Ortho Loss: 0.0000, Cluster Loss: 0.0000
                              
Validation Results: {
    "ci": 0.6986,
    "classification_loss": 0.0,
    "cluster_loss": 0.0,
    "mae": 1.224,
    "mse": 2.3897,
    "multiclassification_loss": 0.0,
    "ortho_loss": 0.0,
    "pearson": 0.58,
    "regression_loss": 2.3973,
    "rm2": 0.3005,
    "rmse": 1.5459,
    "sd": 1.5249,
    "spearman": 0.5679,
    "spectral_loss": 0.0
}
                              
Test Results: {
    "ci": 0.6786,
    "classification_loss": 0.0,
    "cluster_loss": 0.0,
    "mae": 1.3392,
    "mse": 2.8895,
    "multiclassification_loss": 0.0,
    "ortho_loss": 0.0,
    "pearson": 0.5019,
    "regression_loss": 2.8921,
    "rm2": 0.2478,
    "rmse": 1.6998,
    "sd": 1.6178,
    "spearman": 0.5084,
    "spectral_loss": 0.0
}
                              
                              
----------------------------------------
Epoch 009 with LR 0.000296: Model Results
----------------------------------------
Train MSE Loss: 1.5469, Train CLS Loss: 0.0000, Train MCLS Loss: 0.0000
Protein Cluster Region Loss - Ortho Loss: 0.0000, Cluster Loss: 0.0000
                              
Validation Results: {
    "ci": 0.7025,
    "classification_loss": 0.0,
    "cluster_loss": 0.0,
    "mae": 1.2713,
    "mse": 2.608,
    "multiclassification_loss": 0.0,
    "ortho_loss": 0.0,
    "pearson": 0.56,
    "regression_loss": 2.6173,
    "rm2": 0.2617,
    "rmse": 1.6149,
    "sd": 1.5508,
    "spearman": 0.5779,
    "spectral_loss": 0.0
}
                              
Test Results: {
    "ci": 0.6786,
    "classification_loss": 0.0,
    "cluster_loss": 0.0,
    "mae": 1.3392,
    "mse": 2.8895,
    "multiclassification_loss": 0.0,
    "ortho_loss": 0.0,
    "pearson": 0.5019,
    "regression_loss": 2.8921,
    "rm2": 0.2478,
    "rmse": 1.6998,
    "sd": 1.6178,
    "spearman": 0.5084,
    "spectral_loss": 0.0
}
                              
                              
----------------------------------------
Epoch 010 with LR 0.000295: Model Results
----------------------------------------
Train MSE Loss: 1.4715, Train CLS Loss: 0.0000, Train MCLS Loss: 0.0000
Protein Cluster Region Loss - Ortho Loss: 0.0000, Cluster Loss: 0.0000
                              
Validation Results: {
    "ci": 0.7127,
    "classification_loss": 0.0,
    "cluster_loss": 0.0,
    "mae": 1.1999,
    "mse": 2.3522,
    "multiclassification_loss": 0.0,
    "ortho_loss": 0.0,
    "pearson": 0.6213,
    "regression_loss": 2.3592,
    "rm2": 0.3307,
    "rmse": 1.5337,
    "sd": 1.4667,
    "spearman": 0.6014,
    "spectral_loss": 0.0
}
                              
Test Results: {
    "ci": 0.6786,
    "classification_loss": 0.0,
    "cluster_loss": 0.0,
    "mae": 1.3392,
    "mse": 2.8895,
    "multiclassification_loss": 0.0,
    "ortho_loss": 0.0,
    "pearson": 0.5019,
    "regression_loss": 2.8921,
    "rm2": 0.2478,
    "rmse": 1.6998,
    "sd": 1.6178,
    "spearman": 0.5084,
    "spectral_loss": 0.0
}
                              
                              
----------------------------------------
Epoch 011 with LR 0.000294: Model Results
----------------------------------------
Train MSE Loss: 1.3858, Train CLS Loss: 0.0000, Train MCLS Loss: 0.0000
Protein Cluster Region Loss - Ortho Loss: 0.0000, Cluster Loss: 0.0000
                              
Validation Results: {
    "ci": 0.7024,
    "classification_loss": 0.0,
    "cluster_loss": 0.0,
    "mae": 1.2142,
    "mse": 2.3963,
    "multiclassification_loss": 0.0,
    "ortho_loss": 0.0,
    "pearson": 0.5904,
    "regression_loss": 2.4042,
    "rm2": 0.3088,
    "rmse": 1.548,
    "sd": 1.5108,
    "spearman": 0.5791,
    "spectral_loss": 0.0
}
                              
Test Results: {
    "ci": 0.6786,
    "classification_loss": 0.0,
    "cluster_loss": 0.0,
    "mae": 1.3392,
    "mse": 2.8895,
    "multiclassification_loss": 0.0,
    "ortho_loss": 0.0,
    "pearson": 0.5019,
    "regression_loss": 2.8921,
    "rm2": 0.2478,
    "rmse": 1.6998,
    "sd": 1.6178,
    "spearman": 0.5084,
    "spectral_loss": 0.0
}
                              
                              
----------------------------------------
Epoch 012 with LR 0.000292: Model Results
----------------------------------------
Train MSE Loss: 1.3359, Train CLS Loss: 0.0000, Train MCLS Loss: 0.0000
Protein Cluster Region Loss - Ortho Loss: 0.0000, Cluster Loss: 0.0000
                              
Validation Results: {
    "ci": 0.7088,
    "classification_loss": 0.0,
    "cluster_loss": 0.0,
    "mae": 1.1781,
    "mse": 2.2422,
    "multiclassification_loss": 0.0,
    "ortho_loss": 0.0,
    "pearson": 0.619,
    "regression_loss": 2.2501,
    "rm2": 0.3337,
    "rmse": 1.4974,
    "sd": 1.4701,
    "spearman": 0.5899,
    "spectral_loss": 0.0
}
                              
Test Results: {
    "ci": 0.6692,
    "classification_loss": 0.0,
    "cluster_loss": 0.0,
    "mae": 1.3227,
    "mse": 2.9186,
    "multiclassification_loss": 0.0,
    "ortho_loss": 0.0,
    "pearson": 0.4812,
    "regression_loss": 2.916,
    "rm2": 0.2044,
    "rmse": 1.7084,
    "sd": 1.6397,
    "spearman": 0.4827,
    "spectral_loss": 0.0
}
                              
                              
----------------------------------------
Epoch 013 with LR 0.000291: Model Results
----------------------------------------
Train MSE Loss: 1.2683, Train CLS Loss: 0.0000, Train MCLS Loss: 0.0000
Protein Cluster Region Loss - Ortho Loss: 0.0000, Cluster Loss: 0.0000
                              
Validation Results: {
    "ci": 0.7015,
    "classification_loss": 0.0,
    "cluster_loss": 0.0,
    "mae": 1.2614,
    "mse": 2.4947,
    "multiclassification_loss": 0.0,
    "ortho_loss": 0.0,
    "pearson": 0.5906,
    "regression_loss": 2.5029,
    "rm2": 0.2961,
    "rmse": 1.5795,
    "sd": 1.5105,
    "spearman": 0.578,
    "spectral_loss": 0.0
}
                              
Test Results: {
    "ci": 0.6692,
    "classification_loss": 0.0,
    "cluster_loss": 0.0,
    "mae": 1.3227,
    "mse": 2.9186,
    "multiclassification_loss": 0.0,
    "ortho_loss": 0.0,
    "pearson": 0.4812,
    "regression_loss": 2.916,
    "rm2": 0.2044,
    "rmse": 1.7084,
    "sd": 1.6397,
    "spearman": 0.4827,
    "spectral_loss": 0.0
}
                              
                              
----------------------------------------
Epoch 014 with LR 0.000289: Model Results
----------------------------------------
Train MSE Loss: 1.1981, Train CLS Loss: 0.0000, Train MCLS Loss: 0.0000
Protein Cluster Region Loss - Ortho Loss: 0.0000, Cluster Loss: 0.0000
                              
Validation Results: {
    "ci": 0.7028,
    "classification_loss": 0.0,
    "cluster_loss": 0.0,
    "mae": 1.2716,
    "mse": 2.4729,
    "multiclassification_loss": 0.0,
    "ortho_loss": 0.0,
    "pearson": 0.5926,
    "regression_loss": 2.4783,
    "rm2": 0.3299,
    "rmse": 1.5725,
    "sd": 1.5077,
    "spearman": 0.5799,
    "spectral_loss": 0.0
}
                              
Test Results: {
    "ci": 0.6692,
    "classification_loss": 0.0,
    "cluster_loss": 0.0,
    "mae": 1.3227,
    "mse": 2.9186,
    "multiclassification_loss": 0.0,
    "ortho_loss": 0.0,
    "pearson": 0.4812,
    "regression_loss": 2.916,
    "rm2": 0.2044,
    "rmse": 1.7084,
    "sd": 1.6397,
    "spearman": 0.4827,
    "spectral_loss": 0.0
}
                              
                              
----------------------------------------
Epoch 015 with LR 0.000287: Model Results
----------------------------------------
Train MSE Loss: 1.1627, Train CLS Loss: 0.0000, Train MCLS Loss: 0.0000
Protein Cluster Region Loss - Ortho Loss: 0.0000, Cluster Loss: 0.0000
                              
Validation Results: {
    "ci": 0.7059,
    "classification_loss": 0.0,
    "cluster_loss": 0.0,
    "mae": 1.2199,
    "mse": 2.3163,
    "multiclassification_loss": 0.0,
    "ortho_loss": 0.0,
    "pearson": 0.5991,
    "regression_loss": 2.3238,
    "rm2": 0.3231,
    "rmse": 1.5219,
    "sd": 1.4988,
    "spearman": 0.5898,
    "spectral_loss": 0.0
}
                              
Test Results: {
    "ci": 0.6692,
    "classification_loss": 0.0,
    "cluster_loss": 0.0,
    "mae": 1.3227,
    "mse": 2.9186,
    "multiclassification_loss": 0.0,
    "ortho_loss": 0.0,
    "pearson": 0.4812,
    "regression_loss": 2.916,
    "rm2": 0.2044,
    "rmse": 1.7084,
    "sd": 1.6397,
    "spearman": 0.4827,
    "spectral_loss": 0.0
}
                              
                              
----------------------------------------
Epoch 016 with LR 0.000285: Model Results
----------------------------------------
Train MSE Loss: 1.1119, Train CLS Loss: 0.0000, Train MCLS Loss: 0.0000
Protein Cluster Region Loss - Ortho Loss: 0.0000, Cluster Loss: 0.0000
                              
Validation Results: {
    "ci": 0.6967,
    "classification_loss": 0.0,
    "cluster_loss": 0.0,
    "mae": 1.2246,
    "mse": 2.3557,
    "multiclassification_loss": 0.0,
    "ortho_loss": 0.0,
    "pearson": 0.5894,
    "regression_loss": 2.3622,
    "rm2": 0.3096,
    "rmse": 1.5348,
    "sd": 1.5122,
    "spearman": 0.5649,
    "spectral_loss": 0.0
}
                              
Test Results: {
    "ci": 0.6692,
    "classification_loss": 0.0,
    "cluster_loss": 0.0,
    "mae": 1.3227,
    "mse": 2.9186,
    "multiclassification_loss": 0.0,
    "ortho_loss": 0.0,
    "pearson": 0.4812,
    "regression_loss": 2.916,
    "rm2": 0.2044,
    "rmse": 1.7084,
    "sd": 1.6397,
    "spearman": 0.4827,
    "spectral_loss": 0.0
}
                              
                              
----------------------------------------
Epoch 017 with LR 0.000283: Model Results
----------------------------------------
Train MSE Loss: 1.0684, Train CLS Loss: 0.0000, Train MCLS Loss: 0.0000
Protein Cluster Region Loss - Ortho Loss: 0.0000, Cluster Loss: 0.0000
                              
Validation Results: {
    "ci": 0.6966,
    "classification_loss": 0.0,
    "cluster_loss": 0.0,
    "mae": 1.2596,
    "mse": 2.552,
    "multiclassification_loss": 0.0,
    "ortho_loss": 0.0,
    "pearson": 0.5653,
    "regression_loss": 2.5604,
    "rm2": 0.2728,
    "rmse": 1.5975,
    "sd": 1.5441,
    "spearman": 0.5613,
    "spectral_loss": 0.0
}
                              
Test Results: {
    "ci": 0.6692,
    "classification_loss": 0.0,
    "cluster_loss": 0.0,
    "mae": 1.3227,
    "mse": 2.9186,
    "multiclassification_loss": 0.0,
    "ortho_loss": 0.0,
    "pearson": 0.4812,
    "regression_loss": 2.916,
    "rm2": 0.2044,
    "rmse": 1.7084,
    "sd": 1.6397,
    "spearman": 0.4827,
    "spectral_loss": 0.0
}
                              
                              
----------------------------------------
Epoch 018 with LR 0.000281: Model Results
----------------------------------------
Train MSE Loss: 1.0142, Train CLS Loss: 0.0000, Train MCLS Loss: 0.0000
Protein Cluster Region Loss - Ortho Loss: 0.0000, Cluster Loss: 0.0000
                              
Validation Results: {
    "ci": 0.699,
    "classification_loss": 0.0,
    "cluster_loss": 0.0,
    "mae": 1.238,
    "mse": 2.4336,
    "multiclassification_loss": 0.0,
    "ortho_loss": 0.0,
    "pearson": 0.583,
    "regression_loss": 2.4406,
    "rm2": 0.3017,
    "rmse": 1.56,
    "sd": 1.5208,
    "spearman": 0.5681,
    "spectral_loss": 0.0
}
                              
Test Results: {
    "ci": 0.6692,
    "classification_loss": 0.0,
    "cluster_loss": 0.0,
    "mae": 1.3227,
    "mse": 2.9186,
    "multiclassification_loss": 0.0,
    "ortho_loss": 0.0,
    "pearson": 0.4812,
    "regression_loss": 2.916,
    "rm2": 0.2044,
    "rmse": 1.7084,
    "sd": 1.6397,
    "spearman": 0.4827,
    "spectral_loss": 0.0
}
                              
                              
----------------------------------------
Epoch 019 with LR 0.000278: Model Results
----------------------------------------
Train MSE Loss: 0.9483, Train CLS Loss: 0.0000, Train MCLS Loss: 0.0000
Protein Cluster Region Loss - Ortho Loss: 0.0000, Cluster Loss: 0.0000
                              
Validation Results: {
    "ci": 0.6973,
    "classification_loss": 0.0,
    "cluster_loss": 0.0,
    "mae": 1.2603,
    "mse": 2.4671,
    "multiclassification_loss": 0.0,
    "ortho_loss": 0.0,
    "pearson": 0.5916,
    "regression_loss": 2.4743,
    "rm2": 0.2937,
    "rmse": 1.5707,
    "sd": 1.5092,
    "spearman": 0.566,
    "spectral_loss": 0.0
}
                              
Test Results: {
    "ci": 0.6692,
    "classification_loss": 0.0,
    "cluster_loss": 0.0,
    "mae": 1.3227,
    "mse": 2.9186,
    "multiclassification_loss": 0.0,
    "ortho_loss": 0.0,
    "pearson": 0.4812,
    "regression_loss": 2.916,
    "rm2": 0.2044,
    "rmse": 1.7084,
    "sd": 1.6397,
    "spearman": 0.4827,
    "spectral_loss": 0.0
}
                              
                              
----------------------------------------
Epoch 020 with LR 0.000276: Model Results
----------------------------------------
Train MSE Loss: 0.9153, Train CLS Loss: 0.0000, Train MCLS Loss: 0.0000
Protein Cluster Region Loss - Ortho Loss: 0.0000, Cluster Loss: 0.0000
                              
Validation Results: {
    "ci": 0.6961,
    "classification_loss": 0.0,
    "cluster_loss": 0.0,
    "mae": 1.2503,
    "mse": 2.4729,
    "multiclassification_loss": 0.0,
    "ortho_loss": 0.0,
    "pearson": 0.5857,
    "regression_loss": 2.4798,
    "rm2": 0.2901,
    "rmse": 1.5725,
    "sd": 1.5172,
    "spearman": 0.561,
    "spectral_loss": 0.0
}
                              
Test Results: {
    "ci": 0.6692,
    "classification_loss": 0.0,
    "cluster_loss": 0.0,
    "mae": 1.3227,
    "mse": 2.9186,
    "multiclassification_loss": 0.0,
    "ortho_loss": 0.0,
    "pearson": 0.4812,
    "regression_loss": 2.916,
    "rm2": 0.2044,
    "rmse": 1.7084,
    "sd": 1.6397,
    "spearman": 0.4827,
    "spectral_loss": 0.0
}
                              
                              
----------------------------------------
Epoch 021 with LR 0.000273: Model Results
----------------------------------------
Train MSE Loss: 0.8787, Train CLS Loss: 0.0000, Train MCLS Loss: 0.0000
Protein Cluster Region Loss - Ortho Loss: 0.0000, Cluster Loss: 0.0000
                              
Validation Results: {
    "ci": 0.7051,
    "classification_loss": 0.0,
    "cluster_loss": 0.0,
    "mae": 1.2254,
    "mse": 2.3818,
    "multiclassification_loss": 0.0,
    "ortho_loss": 0.0,
    "pearson": 0.6066,
    "regression_loss": 2.3887,
    "rm2": 0.3167,
    "rmse": 1.5433,
    "sd": 1.4881,
    "spearman": 0.5848,
    "spectral_loss": 0.0
}
                              
Test Results: {
    "ci": 0.6692,
    "classification_loss": 0.0,
    "cluster_loss": 0.0,
    "mae": 1.3227,
    "mse": 2.9186,
    "multiclassification_loss": 0.0,
    "ortho_loss": 0.0,
    "pearson": 0.4812,
    "regression_loss": 2.916,
    "rm2": 0.2044,
    "rmse": 1.7084,
    "sd": 1.6397,
    "spearman": 0.4827,
    "spectral_loss": 0.0
}
                              
                              
----------------------------------------
Epoch 022 with LR 0.000270: Model Results
----------------------------------------
Train MSE Loss: 0.8442, Train CLS Loss: 0.0000, Train MCLS Loss: 0.0000
Protein Cluster Region Loss - Ortho Loss: 0.0000, Cluster Loss: 0.0000
                              
Validation Results: {
    "ci": 0.6949,
    "classification_loss": 0.0,
    "cluster_loss": 0.0,
    "mae": 1.3066,
    "mse": 2.6591,
    "multiclassification_loss": 0.0,
    "ortho_loss": 0.0,
    "pearson": 0.588,
    "regression_loss": 2.6674,
    "rm2": 0.2946,
    "rmse": 1.6307,
    "sd": 1.5141,
    "spearman": 0.557,
    "spectral_loss": 0.0
}
                              
Test Results: {
    "ci": 0.6692,
    "classification_loss": 0.0,
    "cluster_loss": 0.0,
    "mae": 1.3227,
    "mse": 2.9186,
    "multiclassification_loss": 0.0,
    "ortho_loss": 0.0,
    "pearson": 0.4812,
    "regression_loss": 2.916,
    "rm2": 0.2044,
    "rmse": 1.7084,
    "sd": 1.6397,
    "spearman": 0.4827,
    "spectral_loss": 0.0
}
                              
                              
----------------------------------------
Epoch 023 with LR 0.000267: Model Results
----------------------------------------
Train MSE Loss: 0.7954, Train CLS Loss: 0.0000, Train MCLS Loss: 0.0000
Protein Cluster Region Loss - Ortho Loss: 0.0000, Cluster Loss: 0.0000
                              
Validation Results: {
    "ci": 0.7042,
    "classification_loss": 0.0,
    "cluster_loss": 0.0,
    "mae": 1.2449,
    "mse": 2.4055,
    "multiclassification_loss": 0.0,
    "ortho_loss": 0.0,
    "pearson": 0.6105,
    "regression_loss": 2.4093,
    "rm2": 0.3358,
    "rmse": 1.551,
    "sd": 1.4825,
    "spearman": 0.5813,
    "spectral_loss": 0.0
}
                              
Test Results: {
    "ci": 0.6692,
    "classification_loss": 0.0,
    "cluster_loss": 0.0,
    "mae": 1.3227,
    "mse": 2.9186,
    "multiclassification_loss": 0.0,
    "ortho_loss": 0.0,
    "pearson": 0.4812,
    "regression_loss": 2.916,
    "rm2": 0.2044,
    "rmse": 1.7084,
    "sd": 1.6397,
    "spearman": 0.4827,
    "spectral_loss": 0.0
}
                              
                              
----------------------------------------
Epoch 024 with LR 0.000264: Model Results
----------------------------------------
Train MSE Loss: 0.7550, Train CLS Loss: 0.0000, Train MCLS Loss: 0.0000
Protein Cluster Region Loss - Ortho Loss: 0.0000, Cluster Loss: 0.0000
                              
Validation Results: {
    "ci": 0.6992,
    "classification_loss": 0.0,
    "cluster_loss": 0.0,
    "mae": 1.2577,
    "mse": 2.4813,
    "multiclassification_loss": 0.0,
    "ortho_loss": 0.0,
    "pearson": 0.5883,
    "regression_loss": 2.4881,
    "rm2": 0.3076,
    "rmse": 1.5752,
    "sd": 1.5137,
    "spearman": 0.5686,
    "spectral_loss": 0.0
}
                              
Test Results: {
    "ci": 0.6692,
    "classification_loss": 0.0,
    "cluster_loss": 0.0,
    "mae": 1.3227,
    "mse": 2.9186,
    "multiclassification_loss": 0.0,
    "ortho_loss": 0.0,
    "pearson": 0.4812,
    "regression_loss": 2.916,
    "rm2": 0.2044,
    "rmse": 1.7084,
    "sd": 1.6397,
    "spearman": 0.4827,
    "spectral_loss": 0.0
}
                              
                              
----------------------------------------
Epoch 025 with LR 0.000261: Model Results
----------------------------------------
Train MSE Loss: 0.7164, Train CLS Loss: 0.0000, Train MCLS Loss: 0.0000
Protein Cluster Region Loss - Ortho Loss: 0.0000, Cluster Loss: 0.0000
                              
Validation Results: {
    "ci": 0.715,
    "classification_loss": 0.0,
    "cluster_loss": 0.0,
    "mae": 1.1971,
    "mse": 2.2842,
    "multiclassification_loss": 0.0,
    "ortho_loss": 0.0,
    "pearson": 0.6175,
    "regression_loss": 2.2906,
    "rm2": 0.327,
    "rmse": 1.5113,
    "sd": 1.4724,
    "spearman": 0.6095,
    "spectral_loss": 0.0
}
                              
Test Results: {
    "ci": 0.6692,
    "classification_loss": 0.0,
    "cluster_loss": 0.0,
    "mae": 1.3227,
    "mse": 2.9186,
    "multiclassification_loss": 0.0,
    "ortho_loss": 0.0,
    "pearson": 0.4812,
    "regression_loss": 2.916,
    "rm2": 0.2044,
    "rmse": 1.7084,
    "sd": 1.6397,
    "spearman": 0.4827,
    "spectral_loss": 0.0
}
                              
                              
----------------------------------------
Epoch 026 with LR 0.000258: Model Results
----------------------------------------
Train MSE Loss: 0.6663, Train CLS Loss: 0.0000, Train MCLS Loss: 0.0000
Protein Cluster Region Loss - Ortho Loss: 0.0000, Cluster Loss: 0.0000
                              
Validation Results: {
    "ci": 0.7018,
    "classification_loss": 0.0,
    "cluster_loss": 0.0,
    "mae": 1.2602,
    "mse": 2.4452,
    "multiclassification_loss": 0.0,
    "ortho_loss": 0.0,
    "pearson": 0.5879,
    "regression_loss": 2.4509,
    "rm2": 0.3152,
    "rmse": 1.5637,
    "sd": 1.5142,
    "spearman": 0.5786,
    "spectral_loss": 0.0
}
                              
Test Results: {
    "ci": 0.6692,
    "classification_loss": 0.0,
    "cluster_loss": 0.0,
    "mae": 1.3227,
    "mse": 2.9186,
    "multiclassification_loss": 0.0,
    "ortho_loss": 0.0,
    "pearson": 0.4812,
    "regression_loss": 2.916,
    "rm2": 0.2044,
    "rmse": 1.7084,
    "sd": 1.6397,
    "spearman": 0.4827,
    "spectral_loss": 0.0
}
                              
                              
----------------------------------------
Epoch 027 with LR 0.000254: Model Results
----------------------------------------
Train MSE Loss: 0.6368, Train CLS Loss: 0.0000, Train MCLS Loss: 0.0000
Protein Cluster Region Loss - Ortho Loss: 0.0000, Cluster Loss: 0.0000
                              
Validation Results: {
    "ci": 0.6872,
    "classification_loss": 0.0,
    "cluster_loss": 0.0,
    "mae": 1.2484,
    "mse": 2.5051,
    "multiclassification_loss": 0.0,
    "ortho_loss": 0.0,
    "pearson": 0.5554,
    "regression_loss": 2.5117,
    "rm2": 0.2728,
    "rmse": 1.5828,
    "sd": 1.5566,
    "spearman": 0.541,
    "spectral_loss": 0.0
}
                              
Test Results: {
    "ci": 0.6692,
    "classification_loss": 0.0,
    "cluster_loss": 0.0,
    "mae": 1.3227,
    "mse": 2.9186,
    "multiclassification_loss": 0.0,
    "ortho_loss": 0.0,
    "pearson": 0.4812,
    "regression_loss": 2.916,
    "rm2": 0.2044,
    "rmse": 1.7084,
    "sd": 1.6397,
    "spearman": 0.4827,
    "spectral_loss": 0.0
}
                              
                              
----------------------------------------
Epoch 028 with LR 0.000251: Model Results
----------------------------------------
Train MSE Loss: 0.6111, Train CLS Loss: 0.0000, Train MCLS Loss: 0.0000
Protein Cluster Region Loss - Ortho Loss: 0.0000, Cluster Loss: 0.0000
                              
Validation Results: {
    "ci": 0.7008,
    "classification_loss": 0.0,
    "cluster_loss": 0.0,
    "mae": 1.2595,
    "mse": 2.5212,
    "multiclassification_loss": 0.0,
    "ortho_loss": 0.0,
    "pearson": 0.578,
    "regression_loss": 2.5266,
    "rm2": 0.2871,
    "rmse": 1.5878,
    "sd": 1.5276,
    "spearman": 0.5752,
    "spectral_loss": 0.0
}
                              
Test Results: {
    "ci": 0.6692,
    "classification_loss": 0.0,
    "cluster_loss": 0.0,
    "mae": 1.3227,
    "mse": 2.9186,
    "multiclassification_loss": 0.0,
    "ortho_loss": 0.0,
    "pearson": 0.4812,
    "regression_loss": 2.916,
    "rm2": 0.2044,
    "rmse": 1.7084,
    "sd": 1.6397,
    "spearman": 0.4827,
    "spectral_loss": 0.0
}
                              
                              
----------------------------------------
Epoch 029 with LR 0.000247: Model Results
----------------------------------------
Train MSE Loss: 0.5940, Train CLS Loss: 0.0000, Train MCLS Loss: 0.0000
Protein Cluster Region Loss - Ortho Loss: 0.0000, Cluster Loss: 0.0000
                              
Validation Results: {
    "ci": 0.6982,
    "classification_loss": 0.0,
    "cluster_loss": 0.0,
    "mae": 1.226,
    "mse": 2.4383,
    "multiclassification_loss": 0.0,
    "ortho_loss": 0.0,
    "pearson": 0.5816,
    "regression_loss": 2.4457,
    "rm2": 0.2921,
    "rmse": 1.5615,
    "sd": 1.5227,
    "spearman": 0.5647,
    "spectral_loss": 0.0
}
                              
Test Results: {
    "ci": 0.6692,
    "classification_loss": 0.0,
    "cluster_loss": 0.0,
    "mae": 1.3227,
    "mse": 2.9186,
    "multiclassification_loss": 0.0,
    "ortho_loss": 0.0,
    "pearson": 0.4812,
    "regression_loss": 2.916,
    "rm2": 0.2044,
    "rmse": 1.7084,
    "sd": 1.6397,
    "spearman": 0.4827,
    "spectral_loss": 0.0
}
                              
                              
----------------------------------------
Epoch 030 with LR 0.000244: Model Results
----------------------------------------
Train MSE Loss: 0.5620, Train CLS Loss: 0.0000, Train MCLS Loss: 0.0000
Protein Cluster Region Loss - Ortho Loss: 0.0000, Cluster Loss: 0.0000
                              
Validation Results: {
    "ci": 0.7048,
    "classification_loss": 0.0,
    "cluster_loss": 0.0,
    "mae": 1.2146,
    "mse": 2.4543,
    "multiclassification_loss": 0.0,
    "ortho_loss": 0.0,
    "pearson": 0.5995,
    "regression_loss": 2.4611,
    "rm2": 0.2878,
    "rmse": 1.5666,
    "sd": 1.4981,
    "spearman": 0.5815,
    "spectral_loss": 0.0
}
                              
Test Results: {
    "ci": 0.6692,
    "classification_loss": 0.0,
    "cluster_loss": 0.0,
    "mae": 1.3227,
    "mse": 2.9186,
    "multiclassification_loss": 0.0,
    "ortho_loss": 0.0,
    "pearson": 0.4812,
    "regression_loss": 2.916,
    "rm2": 0.2044,
    "rmse": 1.7084,
    "sd": 1.6397,
    "spearman": 0.4827,
    "spectral_loss": 0.0
}
                              
                              
----------------------------------------
Epoch 031 with LR 0.000240: Model Results
----------------------------------------
Train MSE Loss: 0.5446, Train CLS Loss: 0.0000, Train MCLS Loss: 0.0000
Protein Cluster Region Loss - Ortho Loss: 0.0000, Cluster Loss: 0.0000
                              
Validation Results: {
    "ci": 0.6973,
    "classification_loss": 0.0,
    "cluster_loss": 0.0,
    "mae": 1.2416,
    "mse": 2.4694,
    "multiclassification_loss": 0.0,
    "ortho_loss": 0.0,
    "pearson": 0.5944,
    "regression_loss": 2.475,
    "rm2": 0.29,
    "rmse": 1.5714,
    "sd": 1.5053,
    "spearman": 0.5665,
    "spectral_loss": 0.0
}
                              
Test Results: {
    "ci": 0.6692,
    "classification_loss": 0.0,
    "cluster_loss": 0.0,
    "mae": 1.3227,
    "mse": 2.9186,
    "multiclassification_loss": 0.0,
    "ortho_loss": 0.0,
    "pearson": 0.4812,
    "regression_loss": 2.916,
    "rm2": 0.2044,
    "rmse": 1.7084,
    "sd": 1.6397,
    "spearman": 0.4827,
    "spectral_loss": 0.0
}
                              
                              
----------------------------------------
Epoch 032 with LR 0.000236: Model Results
----------------------------------------
Train MSE Loss: 0.5108, Train CLS Loss: 0.0000, Train MCLS Loss: 0.0000
Protein Cluster Region Loss - Ortho Loss: 0.0000, Cluster Loss: 0.0000
                              
Validation Results: {
    "ci": 0.6874,
    "classification_loss": 0.0,
    "cluster_loss": 0.0,
    "mae": 1.2563,
    "mse": 2.5217,
    "multiclassification_loss": 0.0,
    "ortho_loss": 0.0,
    "pearson": 0.5591,
    "regression_loss": 2.5293,
    "rm2": 0.2696,
    "rmse": 1.588,
    "sd": 1.552,
    "spearman": 0.5387,
    "spectral_loss": 0.0
}
                              
Test Results: {
    "ci": 0.6692,
    "classification_loss": 0.0,
    "cluster_loss": 0.0,
    "mae": 1.3227,
    "mse": 2.9186,
    "multiclassification_loss": 0.0,
    "ortho_loss": 0.0,
    "pearson": 0.4812,
    "regression_loss": 2.916,
    "rm2": 0.2044,
    "rmse": 1.7084,
    "sd": 1.6397,
    "spearman": 0.4827,
    "spectral_loss": 0.0
}
                              
                              
----------------------------------------
Epoch 033 with LR 0.000232: Model Results
----------------------------------------
Train MSE Loss: 0.5016, Train CLS Loss: 0.0000, Train MCLS Loss: 0.0000
Protein Cluster Region Loss - Ortho Loss: 0.0000, Cluster Loss: 0.0000
                              
Validation Results: {
    "ci": 0.7045,
    "classification_loss": 0.0,
    "cluster_loss": 0.0,
    "mae": 1.2212,
    "mse": 2.3835,
    "multiclassification_loss": 0.0,
    "ortho_loss": 0.0,
    "pearson": 0.6027,
    "regression_loss": 2.3893,
    "rm2": 0.309,
    "rmse": 1.5438,
    "sd": 1.4936,
    "spearman": 0.5818,
    "spectral_loss": 0.0
}
                              
Test Results: {
    "ci": 0.6692,
    "classification_loss": 0.0,
    "cluster_loss": 0.0,
    "mae": 1.3227,
    "mse": 2.9186,
    "multiclassification_loss": 0.0,
    "ortho_loss": 0.0,
    "pearson": 0.4812,
    "regression_loss": 2.916,
    "rm2": 0.2044,
    "rmse": 1.7084,
    "sd": 1.6397,
    "spearman": 0.4827,
    "spectral_loss": 0.0
}
                              
                              
----------------------------------------
Epoch 034 with LR 0.000228: Model Results
----------------------------------------
Train MSE Loss: 0.4741, Train CLS Loss: 0.0000, Train MCLS Loss: 0.0000
Protein Cluster Region Loss - Ortho Loss: 0.0000, Cluster Loss: 0.0000
                              
Validation Results: {
    "ci": 0.7085,
    "classification_loss": 0.0,
    "cluster_loss": 0.0,
    "mae": 1.2272,
    "mse": 2.4447,
    "multiclassification_loss": 0.0,
    "ortho_loss": 0.0,
    "pearson": 0.6042,
    "regression_loss": 2.4504,
    "rm2": 0.2915,
    "rmse": 1.5635,
    "sd": 1.4916,
    "spearman": 0.5932,
    "spectral_loss": 0.0
}
                              
Test Results: {
    "ci": 0.6692,
    "classification_loss": 0.0,
    "cluster_loss": 0.0,
    "mae": 1.3227,
    "mse": 2.9186,
    "multiclassification_loss": 0.0,
    "ortho_loss": 0.0,
    "pearson": 0.4812,
    "regression_loss": 2.916,
    "rm2": 0.2044,
    "rmse": 1.7084,
    "sd": 1.6397,
    "spearman": 0.4827,
    "spectral_loss": 0.0
}
                              
                              
----------------------------------------
Epoch 035 with LR 0.000224: Model Results
----------------------------------------
Train MSE Loss: 0.4511, Train CLS Loss: 0.0000, Train MCLS Loss: 0.0000
Protein Cluster Region Loss - Ortho Loss: 0.0000, Cluster Loss: 0.0000
                              
Validation Results: {
    "ci": 0.7049,
    "classification_loss": 0.0,
    "cluster_loss": 0.0,
    "mae": 1.2076,
    "mse": 2.3569,
    "multiclassification_loss": 0.0,
    "ortho_loss": 0.0,
    "pearson": 0.6017,
    "regression_loss": 2.3616,
    "rm2": 0.3074,
    "rmse": 1.5352,
    "sd": 1.4951,
    "spearman": 0.5823,
    "spectral_loss": 0.0
}
                              
Test Results: {
    "ci": 0.6692,
    "classification_loss": 0.0,
    "cluster_loss": 0.0,
    "mae": 1.3227,
    "mse": 2.9186,
    "multiclassification_loss": 0.0,
    "ortho_loss": 0.0,
    "pearson": 0.4812,
    "regression_loss": 2.916,
    "rm2": 0.2044,
    "rmse": 1.7084,
    "sd": 1.6397,
    "spearman": 0.4827,
    "spectral_loss": 0.0
}
                              
                              
----------------------------------------
Epoch 036 with LR 0.000219: Model Results
----------------------------------------
Train MSE Loss: 0.4271, Train CLS Loss: 0.0000, Train MCLS Loss: 0.0000
Protein Cluster Region Loss - Ortho Loss: 0.0000, Cluster Loss: 0.0000
                              
Validation Results: {
    "ci": 0.7051,
    "classification_loss": 0.0,
    "cluster_loss": 0.0,
    "mae": 1.2027,
    "mse": 2.3121,
    "multiclassification_loss": 0.0,
    "ortho_loss": 0.0,
    "pearson": 0.6061,
    "regression_loss": 2.3163,
    "rm2": 0.3217,
    "rmse": 1.5206,
    "sd": 1.4889,
    "spearman": 0.583,
    "spectral_loss": 0.0
}
                              
Test Results: {
    "ci": 0.6692,
    "classification_loss": 0.0,
    "cluster_loss": 0.0,
    "mae": 1.3227,
    "mse": 2.9186,
    "multiclassification_loss": 0.0,
    "ortho_loss": 0.0,
    "pearson": 0.4812,
    "regression_loss": 2.916,
    "rm2": 0.2044,
    "rmse": 1.7084,
    "sd": 1.6397,
    "spearman": 0.4827,
    "spectral_loss": 0.0
}
                              
                              
----------------------------------------
Epoch 037 with LR 0.000215: Model Results
----------------------------------------
Train MSE Loss: 0.4235, Train CLS Loss: 0.0000, Train MCLS Loss: 0.0000
Protein Cluster Region Loss - Ortho Loss: 0.0000, Cluster Loss: 0.0000
                              
Validation Results: {
    "ci": 0.7073,
    "classification_loss": 0.0,
    "cluster_loss": 0.0,
    "mae": 1.2357,
    "mse": 2.4174,
    "multiclassification_loss": 0.0,
    "ortho_loss": 0.0,
    "pearson": 0.6004,
    "regression_loss": 2.4216,
    "rm2": 0.3099,
    "rmse": 1.5548,
    "sd": 1.497,
    "spearman": 0.5899,
    "spectral_loss": 0.0
}
                              
Test Results: {
    "ci": 0.6692,
    "classification_loss": 0.0,
    "cluster_loss": 0.0,
    "mae": 1.3227,
    "mse": 2.9186,
    "multiclassification_loss": 0.0,
    "ortho_loss": 0.0,
    "pearson": 0.4812,
    "regression_loss": 2.916,
    "rm2": 0.2044,
    "rmse": 1.7084,
    "sd": 1.6397,
    "spearman": 0.4827,
    "spectral_loss": 0.0
}

Early stopping at epoch 37 (no improvement for 25 epochs)
[best epoch] epoch=12, best_rmse=1.4974, lr_at_best=2.923e-04
                              
                              
----------------------------------------
Epoch 037 with LR 0.000215: Model Results
----------------------------------------
Train MSE Loss: 0.4235, Train CLS Loss: 0.0000, Train MCLS Loss: 0.0000
Protein Cluster Region Loss - Ortho Loss: 0.0000, Cluster Loss: 0.0000
                              
Validation Results: {
    "ci": 0.7073,
    "classification_loss": 0.0,
    "cluster_loss": 0.0,
    "mae": 1.2357,
    "mse": 2.4174,
    "multiclassification_loss": 0.0,
    "ortho_loss": 0.0,
    "pearson": 0.6004,
    "regression_loss": 2.4216,
    "rm2": 0.3099,
    "rmse": 1.5548,
    "sd": 1.497,
    "spearman": 0.5899,
    "spectral_loss": 0.0
}
                              
Test Results: {
    "ci": 0.6692,
    "classification_loss": 0.0,
    "cluster_loss": 0.0,
    "mae": 1.3227,
    "mse": 2.9186,
    "multiclassification_loss": 0.0,
    "ortho_loss": 0.0,
    "pearson": 0.4812,
    "regression_loss": 2.916,
    "rm2": 0.2044,
    "rmse": 1.7084,
    "sd": 1.6397,
    "spearman": 0.4827,
    "spectral_loss": 0.0
}
Final test metrics: rmse=1.7083, pearson=0.4812, r2_proxy(mse)=2.9182
Done. Predictions: /sc/arion/projects/DiseaseGeneCell/Huang_lab_project/wangcDrugRepoProject/TRACE_Kin_Results_v7_sged/catpred_dataset/catpred_ki_MUTAPLM_embedding_cold_protein/test_prediction_seed2.csv; checkpoint: /sc/arion/projects/DiseaseGeneCell/Huang_lab_project/wangcDrugRepoProject/TRACE_Kin_Results_v7_sged/catpred_dataset/catpred_ki_MUTAPLM_embedding_cold_protein/save_model_seed2/model.pt

Array task 8/10: OK (catpred_ki_MUTAPLM_embedding_cold_protein)


PS:

Read file <243543427.8.stderr> for stderr output of this job.

