Sender: LSF System <lsfadmin@lg03e02>
Subject: Job 243543426[2]: <trace_kin_v7_perfolder_s1[1-10]> in cluster <chimera> Done

Job <trace_kin_v7_perfolder_s1[1-10]> was submitted from host <li04e04> by user <wangc40> in cluster <chimera> at Tue May 12 10:31:04 2026
Job was executed on host(s) <16*lg03e02>, in queue <gpu>, as user <wangc40> in cluster <chimera> at Tue May 12 10:31:09 2026
</hpc/users/wangc40> was used as the home directory.
</sc/arion/projects/DiseaseGeneCell/Huang_lab_project/wangcDrugRepoProject/TRACE-Kin> was used as the working directory.
Started at Tue May 12 10:31:09 2026
Terminated at Tue May 12 13:11:43 2026
Results reported at Tue May 12 13:11:43 2026

Your job looked like:

------------------------------------------------------------
# LSBATCH: User input
#!/bin/bash
#BSUB -J trace_kin_v7_perfolder_s1[1-10]
#BSUB -P acc_DiseaseGeneCell
#BSUB -q gpu
#BSUB -R h100nvl
#BSUB -gpu num=1
#BSUB -n 16
#BSUB -R "rusage[mem=15000]"
#BSUB -R "span[hosts=1]"
#BSUB -W 48:00
#BSUB -o %J.%I.stdout
#BSUB -eo %J.%I.stderr
#BSUB -L /bin/bash

# =============================================================================
# TRACE-Kin v7 (SGED) PER-FOLDER — top-10 cells, seed 1
# =============================================================================
# Submit with:
#     bsub < training/run_v7_perfolder_s1.lsf
#
# v7 = SGED (Structure-Guided Embedding Distillation):
#   Structure Stream: MutaPLM -> Linear(512) -> RWSE -> GATv2 (3 layers, 8 heads)
#                     -> pocket identification (cross-attn) -> MMCAF -> struct pool
#   Embedding Stream: raw MutaPLM (4096-d) -> Mutation-Aware Gate
#                     -> Multi-Scale PCER (catalytic K=16, pocket K=64, global)
#                     -> scale gating -> pcer pool
#   Ligand: PNA GNN + MoLFormer-XL (768-d) context.
#   Prediction: concat(lig_pool, struct_pool, pcer_pool) -> deeper MLP -> y
#
# For seeds 2 and 3, submit:
#     bsub < training/run_v7_perfolder_s2.lsf
#     bsub < training/run_v7_perfolder_s3.lsf
# =============================================================================

# --- Environment -------------------------------------------------------------
ml purge
source ~/.bashrc
module load anaconda3/2024.06
source activate test
module load cuda/12.4.0
export RAYON_NUM_THREADS=4
export PYTORCH_CUDA_ALLOC_CONF=expandable_segments:True
export PYTHONPATH="$PWD${PYTHONPATH:+:$PYTHONPATH}"

# --- Knobs (env overrides) ---------------------------------------------------
ENZYME_BASE="${ENZYME_BASE:-/sc/arion/projects/DiseaseGeneCell/Huang_lab_project/drug_discovery/output/data/enzyme_embeddings_dataset}"
RESULT_BASE="${RESULT_BASE:-/sc/arion/projects/DiseaseGeneCell/Huang_lab_project/wangcDrugRepoProject/TRACE_Kin_Results_v7_sged}"
MOLFORMER_PATH="${MOLFORMER_PATH:-/sc/arion/projects/DiseaseGeneCell/Huang_lab_project/wangcDrugRepoProject/transformersmodels/ibm/MoLFormer-XL-both-10pct}"
CONFIG_PATH="${CONFIG_PATH:-training/config_v7.json}"
EPOCHS="${EPOCHS:-100}"

(... more ...)
------------------------------------------------------------

Successfully completed.

Resource usage summary:

    CPU time :                                   10573.00 sec.
    Max Memory :                                 27802 MB
    Average Memory :                             27336.84 MB
    Total Requested Memory :                     240000.00 MB
    Delta Memory :                               212198.00 MB
    Max Swap :                                   -
    Max Processes :                              21
    Max Threads :                                54
    Run time :                                   9634 sec.
    Turnaround time :                            9639 sec.

The output (if any) follows:

==========================================
TRACE-Kin v7 (SGED) PER-FOLDER task 2/10
==========================================
Date:        Tue May 12 10:31:13 EDT 2026
Dataset:     /sc/arion/projects/DiseaseGeneCell/Huang_lab_project/drug_discovery/output/data/enzyme_embeddings_dataset/catpred_dataset/catpred_kcat_MUTAPLM_embedding_random
Result:      /sc/arion/projects/DiseaseGeneCell/Huang_lab_project/wangcDrugRepoProject/TRACE_Kin_Results_v7_sged/catpred_dataset/catpred_kcat_MUTAPLM_embedding_random
Config:      training/config_v7.json
MoLFormer:   /sc/arion/projects/DiseaseGeneCell/Huang_lab_project/wangcDrugRepoProject/transformersmodels/ibm/MoLFormer-XL-both-10pct
Pool CSVs:   (none — per-folder)
Model:       v7 SGED (GATv2 Structure + Multi-Scale PCER + Mutation Gate)
Epochs:      100, batch=32, seed=1, lr=3e-4
==========================================
Python 3.12.2
Python: /sc/arion/work/wangc40/test-env/envs/test/bin/python
CUDA device: NVIDIA H100 80GB HBM3, sm_90
============================================================
TRACE-Kin training
============================================================
Datafolder:        /sc/arion/projects/DiseaseGeneCell/Huang_lab_project/drug_discovery/output/data/enzyme_embeddings_dataset/catpred_dataset/catpred_kcat_MUTAPLM_embedding_random
Result path:       /sc/arion/projects/DiseaseGeneCell/Huang_lab_project/wangcDrugRepoProject/TRACE_Kin_Results_v7_sged/catpred_dataset/catpred_kcat_MUTAPLM_embedding_random
Config:            training/config_v7.json
Pool train CSVs:   (none)
============================================================
[mem] before load_split_dataframes             max RSS = 0.62 GB
Loading primary train (essential cols): /sc/arion/projects/DiseaseGeneCell/Huang_lab_project/drug_discovery/output/data/enzyme_embeddings_dataset/catpred_dataset/catpred_kcat_MUTAPLM_embedding_random/train.parquet
Loading primary test (essential cols): /sc/arion/projects/DiseaseGeneCell/Huang_lab_project/drug_discovery/output/data/enzyme_embeddings_dataset/catpred_dataset/catpred_kcat_MUTAPLM_embedding_random/test.parquet
Loading primary val (essential cols): /sc/arion/projects/DiseaseGeneCell/Huang_lab_project/drug_discovery/output/data/enzyme_embeddings_dataset/catpred_dataset/catpred_kcat_MUTAPLM_embedding_random/val.parquet
Detected prot_evo_channels = 4096 (1-row sample)
[mem] after load_split_dataframes (lite — feature cols not loaded) max RSS = 0.96 GB
model_version: v7, use_swa: False
Reusing protein cache: /sc/arion/projects/DiseaseGeneCell/Huang_lab_project/drug_discovery/output/data/enzyme_embeddings_dataset/catpred_dataset/catpred_kcat_MUTAPLM_embedding_random/protein.pt
Reusing ligand cache: /sc/arion/projects/DiseaseGeneCell/Huang_lab_project/drug_discovery/output/data/enzyme_embeddings_dataset/catpred_dataset/catpred_kcat_MUTAPLM_embedding_random/ligand.pt
[mem] after preprocess                         max RSS = 25.70 GB
loaders ready: train=579 test=73 val=73
[mem] after make_loaders                       max RSS = 25.70 GB
Built TraceKinV7 with 61,699,850 parameters
[AMP] enabled: dtype=torch.bfloat16
[LR schedule] schedule_lr=True, lrate=0.0003, min_lrate=1e-06, warmup_iters=500, lr_decay_iters=57900, total_iters=57900
Not in terminal, reprint now using normal build-in print function.
                              
                              
----------------------------------------
Epoch 001 with LR 0.000300: Model Results
----------------------------------------
Train MSE Loss: 2.7916, Train CLS Loss: 0.0000, Train MCLS Loss: 0.0000
Protein Cluster Region Loss - Ortho Loss: 0.0000, Cluster Loss: 0.0000
                              
Validation Results: {
    "ci": 0.6152,
    "classification_loss": 0.0,
    "cluster_loss": 0.0,
    "mae": 1.341,
    "mse": 2.932,
    "multiclassification_loss": 0.0,
    "ortho_loss": 0.0,
    "pearson": 0.3642,
    "regression_loss": 2.9296,
    "rm2": 0.1268,
    "rmse": 1.7123,
    "sd": 1.5261,
    "spearman": 0.3355,
    "spectral_loss": 0.0
}
                              
Test Results: {
    "ci": 0.6167,
    "classification_loss": 0.0,
    "cluster_loss": 0.0,
    "mae": 1.3181,
    "mse": 2.8526,
    "multiclassification_loss": 0.0,
    "ortho_loss": 0.0,
    "pearson": 0.3609,
    "regression_loss": 2.8471,
    "rm2": 0.1265,
    "rmse": 1.689,
    "sd": 1.5353,
    "spearman": 0.3417,
    "spectral_loss": 0.0
}
                              
                              
----------------------------------------
Epoch 002 with LR 0.000300: Model Results
----------------------------------------
Train MSE Loss: 2.3297, Train CLS Loss: 0.0000, Train MCLS Loss: 0.0000
Protein Cluster Region Loss - Ortho Loss: 0.0000, Cluster Loss: 0.0000
                              
Validation Results: {
    "ci": 0.6418,
    "classification_loss": 0.0,
    "cluster_loss": 0.0,
    "mae": 1.1961,
    "mse": 2.3818,
    "multiclassification_loss": 0.0,
    "ortho_loss": 0.0,
    "pearson": 0.4624,
    "regression_loss": 2.378,
    "rm2": 0.1996,
    "rmse": 1.5433,
    "sd": 1.4529,
    "spearman": 0.4092,
    "spectral_loss": 0.0
}
                              
Test Results: {
    "ci": 0.6597,
    "classification_loss": 0.0,
    "cluster_loss": 0.0,
    "mae": 1.1522,
    "mse": 2.2482,
    "multiclassification_loss": 0.0,
    "ortho_loss": 0.0,
    "pearson": 0.497,
    "regression_loss": 2.2447,
    "rm2": 0.2291,
    "rmse": 1.4994,
    "sd": 1.4285,
    "spearman": 0.4593,
    "spectral_loss": 0.0
}
                              
                              
----------------------------------------
Epoch 003 with LR 0.000300: Model Results
----------------------------------------
Train MSE Loss: 2.0668, Train CLS Loss: 0.0000, Train MCLS Loss: 0.0000
Protein Cluster Region Loss - Ortho Loss: 0.0000, Cluster Loss: 0.0000
                              
Validation Results: {
    "ci": 0.6715,
    "classification_loss": 0.0,
    "cluster_loss": 0.0,
    "mae": 1.0707,
    "mse": 1.989,
    "multiclassification_loss": 0.0,
    "ortho_loss": 0.0,
    "pearson": 0.5305,
    "regression_loss": 1.9894,
    "rm2": 0.2636,
    "rmse": 1.4103,
    "sd": 1.389,
    "spearman": 0.4876,
    "spectral_loss": 0.0
}
                              
Test Results: {
    "ci": 0.6867,
    "classification_loss": 0.0,
    "cluster_loss": 0.0,
    "mae": 1.0511,
    "mse": 1.915,
    "multiclassification_loss": 0.0,
    "ortho_loss": 0.0,
    "pearson": 0.5618,
    "regression_loss": 1.9201,
    "rm2": 0.2886,
    "rmse": 1.3838,
    "sd": 1.3619,
    "spearman": 0.5285,
    "spectral_loss": 0.0
}
                              
                              
----------------------------------------
Epoch 004 with LR 0.000299: Model Results
----------------------------------------
Train MSE Loss: 1.8376, Train CLS Loss: 0.0000, Train MCLS Loss: 0.0000
Protein Cluster Region Loss - Ortho Loss: 0.0000, Cluster Loss: 0.0000
                              
Validation Results: {
    "ci": 0.693,
    "classification_loss": 0.0,
    "cluster_loss": 0.0,
    "mae": 1.0061,
    "mse": 1.7696,
    "multiclassification_loss": 0.0,
    "ortho_loss": 0.0,
    "pearson": 0.5892,
    "regression_loss": 1.7704,
    "rm2": 0.3299,
    "rmse": 1.3303,
    "sd": 1.324,
    "spearman": 0.5395,
    "spectral_loss": 0.0
}
                              
Test Results: {
    "ci": 0.7009,
    "classification_loss": 0.0,
    "cluster_loss": 0.0,
    "mae": 0.9826,
    "mse": 1.7317,
    "multiclassification_loss": 0.0,
    "ortho_loss": 0.0,
    "pearson": 0.6027,
    "regression_loss": 1.7393,
    "rm2": 0.3518,
    "rmse": 1.3159,
    "sd": 1.3136,
    "spearman": 0.5602,
    "spectral_loss": 0.0
}
                              
                              
----------------------------------------
Epoch 005 with LR 0.000299: Model Results
----------------------------------------
Train MSE Loss: 1.6306, Train CLS Loss: 0.0000, Train MCLS Loss: 0.0000
Protein Cluster Region Loss - Ortho Loss: 0.0000, Cluster Loss: 0.0000
                              
Validation Results: {
    "ci": 0.6981,
    "classification_loss": 0.0,
    "cluster_loss": 0.0,
    "mae": 1.1587,
    "mse": 2.278,
    "multiclassification_loss": 0.0,
    "ortho_loss": 0.0,
    "pearson": 0.5942,
    "regression_loss": 2.2698,
    "rm2": 0.3122,
    "rmse": 1.5093,
    "sd": 1.318,
    "spearman": 0.5521,
    "spectral_loss": 0.0
}
                              
Test Results: {
    "ci": 0.7009,
    "classification_loss": 0.0,
    "cluster_loss": 0.0,
    "mae": 0.9826,
    "mse": 1.7317,
    "multiclassification_loss": 0.0,
    "ortho_loss": 0.0,
    "pearson": 0.6027,
    "regression_loss": 1.7393,
    "rm2": 0.3518,
    "rmse": 1.3159,
    "sd": 1.3136,
    "spearman": 0.5602,
    "spectral_loss": 0.0
}
                              
                              
----------------------------------------
Epoch 006 with LR 0.000298: Model Results
----------------------------------------
Train MSE Loss: 1.4941, Train CLS Loss: 0.0000, Train MCLS Loss: 0.0000
Protein Cluster Region Loss - Ortho Loss: 0.0000, Cluster Loss: 0.0000
                              
Validation Results: {
    "ci": 0.704,
    "classification_loss": 0.0,
    "cluster_loss": 0.0,
    "mae": 0.9927,
    "mse": 1.6977,
    "multiclassification_loss": 0.0,
    "ortho_loss": 0.0,
    "pearson": 0.6134,
    "regression_loss": 1.6953,
    "rm2": 0.3465,
    "rmse": 1.3029,
    "sd": 1.2942,
    "spearman": 0.569,
    "spectral_loss": 0.0
}
                              
Test Results: {
    "ci": 0.718,
    "classification_loss": 0.0,
    "cluster_loss": 0.0,
    "mae": 0.9587,
    "mse": 1.6254,
    "multiclassification_loss": 0.0,
    "ortho_loss": 0.0,
    "pearson": 0.6398,
    "regression_loss": 1.6384,
    "rm2": 0.3737,
    "rmse": 1.2749,
    "sd": 1.2652,
    "spearman": 0.6007,
    "spectral_loss": 0.0
}
                              
                              
----------------------------------------
Epoch 007 with LR 0.000297: Model Results
----------------------------------------
Train MSE Loss: 1.3619, Train CLS Loss: 0.0000, Train MCLS Loss: 0.0000
Protein Cluster Region Loss - Ortho Loss: 0.0000, Cluster Loss: 0.0000
                              
Validation Results: {
    "ci": 0.7106,
    "classification_loss": 0.0,
    "cluster_loss": 0.0,
    "mae": 0.9613,
    "mse": 1.6739,
    "multiclassification_loss": 0.0,
    "ortho_loss": 0.0,
    "pearson": 0.616,
    "regression_loss": 1.6721,
    "rm2": 0.3672,
    "rmse": 1.2938,
    "sd": 1.2908,
    "spearman": 0.5829,
    "spectral_loss": 0.0
}
                              
Test Results: {
    "ci": 0.7257,
    "classification_loss": 0.0,
    "cluster_loss": 0.0,
    "mae": 0.9222,
    "mse": 1.5553,
    "multiclassification_loss": 0.0,
    "ortho_loss": 0.0,
    "pearson": 0.6548,
    "regression_loss": 1.5667,
    "rm2": 0.4075,
    "rmse": 1.2471,
    "sd": 1.2442,
    "spearman": 0.6152,
    "spectral_loss": 0.0
}
                              
                              
----------------------------------------
Epoch 008 with LR 0.000296: Model Results
----------------------------------------
Train MSE Loss: 1.2661, Train CLS Loss: 0.0000, Train MCLS Loss: 0.0000
Protein Cluster Region Loss - Ortho Loss: 0.0000, Cluster Loss: 0.0000
                              
Validation Results: {
    "ci": 0.7155,
    "classification_loss": 0.0,
    "cluster_loss": 0.0,
    "mae": 0.9652,
    "mse": 1.6699,
    "multiclassification_loss": 0.0,
    "ortho_loss": 0.0,
    "pearson": 0.6269,
    "regression_loss": 1.6668,
    "rm2": 0.3642,
    "rmse": 1.2922,
    "sd": 1.2766,
    "spearman": 0.5954,
    "spectral_loss": 0.0
}
                              
Test Results: {
    "ci": 0.733,
    "classification_loss": 0.0,
    "cluster_loss": 0.0,
    "mae": 0.9204,
    "mse": 1.5359,
    "multiclassification_loss": 0.0,
    "ortho_loss": 0.0,
    "pearson": 0.669,
    "regression_loss": 1.5557,
    "rm2": 0.4014,
    "rmse": 1.2393,
    "sd": 1.2235,
    "spearman": 0.6337,
    "spectral_loss": 0.0
}
                              
                              
----------------------------------------
Epoch 009 with LR 0.000295: Model Results
----------------------------------------
Train MSE Loss: 1.1700, Train CLS Loss: 0.0000, Train MCLS Loss: 0.0000
Protein Cluster Region Loss - Ortho Loss: 0.0000, Cluster Loss: 0.0000
                              
Validation Results: {
    "ci": 0.7144,
    "classification_loss": 0.0,
    "cluster_loss": 0.0,
    "mae": 0.9676,
    "mse": 1.6691,
    "multiclassification_loss": 0.0,
    "ortho_loss": 0.0,
    "pearson": 0.6338,
    "regression_loss": 1.6704,
    "rm2": 0.3555,
    "rmse": 1.2919,
    "sd": 1.2675,
    "spearman": 0.5911,
    "spectral_loss": 0.0
}
                              
Test Results: {
    "ci": 0.7347,
    "classification_loss": 0.0,
    "cluster_loss": 0.0,
    "mae": 0.9112,
    "mse": 1.5275,
    "multiclassification_loss": 0.0,
    "ortho_loss": 0.0,
    "pearson": 0.6755,
    "regression_loss": 1.5492,
    "rm2": 0.3966,
    "rmse": 1.2359,
    "sd": 1.2139,
    "spearman": 0.6368,
    "spectral_loss": 0.0
}
                              
                              
----------------------------------------
Epoch 010 with LR 0.000294: Model Results
----------------------------------------
Train MSE Loss: 1.0798, Train CLS Loss: 0.0000, Train MCLS Loss: 0.0000
Protein Cluster Region Loss - Ortho Loss: 0.0000, Cluster Loss: 0.0000
                              
Validation Results: {
    "ci": 0.7341,
    "classification_loss": 0.0,
    "cluster_loss": 0.0,
    "mae": 0.9064,
    "mse": 1.5407,
    "multiclassification_loss": 0.0,
    "ortho_loss": 0.0,
    "pearson": 0.665,
    "regression_loss": 1.5332,
    "rm2": 0.3985,
    "rmse": 1.2412,
    "sd": 1.2238,
    "spearman": 0.6362,
    "spectral_loss": 0.0
}
                              
Test Results: {
    "ci": 0.748,
    "classification_loss": 0.0,
    "cluster_loss": 0.0,
    "mae": 0.8575,
    "mse": 1.3814,
    "multiclassification_loss": 0.0,
    "ortho_loss": 0.0,
    "pearson": 0.7089,
    "regression_loss": 1.3892,
    "rm2": 0.4477,
    "rmse": 1.1753,
    "sd": 1.1611,
    "spearman": 0.6628,
    "spectral_loss": 0.0
}
                              
                              
----------------------------------------
Epoch 011 with LR 0.000292: Model Results
----------------------------------------
Train MSE Loss: 1.0072, Train CLS Loss: 0.0000, Train MCLS Loss: 0.0000
Protein Cluster Region Loss - Ortho Loss: 0.0000, Cluster Loss: 0.0000
                              
Validation Results: {
    "ci": 0.7383,
    "classification_loss": 0.0,
    "cluster_loss": 0.0,
    "mae": 0.8844,
    "mse": 1.4594,
    "multiclassification_loss": 0.0,
    "ortho_loss": 0.0,
    "pearson": 0.6801,
    "regression_loss": 1.4518,
    "rm2": 0.4381,
    "rmse": 1.2081,
    "sd": 1.2013,
    "spearman": 0.646,
    "spectral_loss": 0.0
}
                              
Test Results: {
    "ci": 0.741,
    "classification_loss": 0.0,
    "cluster_loss": 0.0,
    "mae": 0.8779,
    "mse": 1.4404,
    "multiclassification_loss": 0.0,
    "ortho_loss": 0.0,
    "pearson": 0.6896,
    "regression_loss": 1.4557,
    "rm2": 0.4401,
    "rmse": 1.2001,
    "sd": 1.1921,
    "spearman": 0.6477,
    "spectral_loss": 0.0
}
                              
                              
----------------------------------------
Epoch 012 with LR 0.000291: Model Results
----------------------------------------
Train MSE Loss: 0.9498, Train CLS Loss: 0.0000, Train MCLS Loss: 0.0000
Protein Cluster Region Loss - Ortho Loss: 0.0000, Cluster Loss: 0.0000
                              
Validation Results: {
    "ci": 0.7408,
    "classification_loss": 0.0,
    "cluster_loss": 0.0,
    "mae": 0.898,
    "mse": 1.5132,
    "multiclassification_loss": 0.0,
    "ortho_loss": 0.0,
    "pearson": 0.6771,
    "regression_loss": 1.5065,
    "rm2": 0.3971,
    "rmse": 1.2301,
    "sd": 1.2059,
    "spearman": 0.6503,
    "spectral_loss": 0.0
}
                              
Test Results: {
    "ci": 0.741,
    "classification_loss": 0.0,
    "cluster_loss": 0.0,
    "mae": 0.8779,
    "mse": 1.4404,
    "multiclassification_loss": 0.0,
    "ortho_loss": 0.0,
    "pearson": 0.6896,
    "regression_loss": 1.4557,
    "rm2": 0.4401,
    "rmse": 1.2001,
    "sd": 1.1921,
    "spearman": 0.6477,
    "spectral_loss": 0.0
}
                              
                              
----------------------------------------
Epoch 013 with LR 0.000289: Model Results
----------------------------------------
Train MSE Loss: 0.8978, Train CLS Loss: 0.0000, Train MCLS Loss: 0.0000
Protein Cluster Region Loss - Ortho Loss: 0.0000, Cluster Loss: 0.0000
                              
Validation Results: {
    "ci": 0.7429,
    "classification_loss": 0.0,
    "cluster_loss": 0.0,
    "mae": 0.878,
    "mse": 1.4337,
    "multiclassification_loss": 0.0,
    "ortho_loss": 0.0,
    "pearson": 0.6911,
    "regression_loss": 1.4252,
    "rm2": 0.4548,
    "rmse": 1.1974,
    "sd": 1.1843,
    "spearman": 0.6568,
    "spectral_loss": 0.0
}
                              
Test Results: {
    "ci": 0.7575,
    "classification_loss": 0.0,
    "cluster_loss": 0.0,
    "mae": 0.8257,
    "mse": 1.3244,
    "multiclassification_loss": 0.0,
    "ortho_loss": 0.0,
    "pearson": 0.7213,
    "regression_loss": 1.3357,
    "rm2": 0.4856,
    "rmse": 1.1508,
    "sd": 1.1402,
    "spearman": 0.6833,
    "spectral_loss": 0.0
}
                              
                              
----------------------------------------
Epoch 014 with LR 0.000287: Model Results
----------------------------------------
Train MSE Loss: 0.8438, Train CLS Loss: 0.0000, Train MCLS Loss: 0.0000
Protein Cluster Region Loss - Ortho Loss: 0.0000, Cluster Loss: 0.0000
                              
Validation Results: {
    "ci": 0.7468,
    "classification_loss": 0.0,
    "cluster_loss": 0.0,
    "mae": 0.8634,
    "mse": 1.3941,
    "multiclassification_loss": 0.0,
    "ortho_loss": 0.0,
    "pearson": 0.6983,
    "regression_loss": 1.3877,
    "rm2": 0.4594,
    "rmse": 1.1807,
    "sd": 1.173,
    "spearman": 0.6643,
    "spectral_loss": 0.0
}
                              
Test Results: {
    "ci": 0.7581,
    "classification_loss": 0.0,
    "cluster_loss": 0.0,
    "mae": 0.8282,
    "mse": 1.3026,
    "multiclassification_loss": 0.0,
    "ortho_loss": 0.0,
    "pearson": 0.7222,
    "regression_loss": 1.3068,
    "rm2": 0.5012,
    "rmse": 1.1413,
    "sd": 1.1387,
    "spearman": 0.6839,
    "spectral_loss": 0.0
}
                              
                              
----------------------------------------
Epoch 015 with LR 0.000285: Model Results
----------------------------------------
Train MSE Loss: 0.8047, Train CLS Loss: 0.0000, Train MCLS Loss: 0.0000
Protein Cluster Region Loss - Ortho Loss: 0.0000, Cluster Loss: 0.0000
                              
Validation Results: {
    "ci": 0.7482,
    "classification_loss": 0.0,
    "cluster_loss": 0.0,
    "mae": 0.8558,
    "mse": 1.3981,
    "multiclassification_loss": 0.0,
    "ortho_loss": 0.0,
    "pearson": 0.6963,
    "regression_loss": 1.3918,
    "rm2": 0.4488,
    "rmse": 1.1824,
    "sd": 1.1761,
    "spearman": 0.6661,
    "spectral_loss": 0.0
}
                              
Test Results: {
    "ci": 0.7581,
    "classification_loss": 0.0,
    "cluster_loss": 0.0,
    "mae": 0.8282,
    "mse": 1.3026,
    "multiclassification_loss": 0.0,
    "ortho_loss": 0.0,
    "pearson": 0.7222,
    "regression_loss": 1.3068,
    "rm2": 0.5012,
    "rmse": 1.1413,
    "sd": 1.1387,
    "spearman": 0.6839,
    "spectral_loss": 0.0
}
                              
                              
----------------------------------------
Epoch 016 with LR 0.000283: Model Results
----------------------------------------
Train MSE Loss: 0.7690, Train CLS Loss: 0.0000, Train MCLS Loss: 0.0000
Protein Cluster Region Loss - Ortho Loss: 0.0000, Cluster Loss: 0.0000
                              
Validation Results: {
    "ci": 0.7507,
    "classification_loss": 0.0,
    "cluster_loss": 0.0,
    "mae": 0.878,
    "mse": 1.4805,
    "multiclassification_loss": 0.0,
    "ortho_loss": 0.0,
    "pearson": 0.6982,
    "regression_loss": 1.4723,
    "rm2": 0.4484,
    "rmse": 1.2168,
    "sd": 1.1731,
    "spearman": 0.6718,
    "spectral_loss": 0.0
}
                              
Test Results: {
    "ci": 0.7581,
    "classification_loss": 0.0,
    "cluster_loss": 0.0,
    "mae": 0.8282,
    "mse": 1.3026,
    "multiclassification_loss": 0.0,
    "ortho_loss": 0.0,
    "pearson": 0.7222,
    "regression_loss": 1.3068,
    "rm2": 0.5012,
    "rmse": 1.1413,
    "sd": 1.1387,
    "spearman": 0.6839,
    "spectral_loss": 0.0
}
                              
                              
----------------------------------------
Epoch 017 with LR 0.000281: Model Results
----------------------------------------
Train MSE Loss: 0.7290, Train CLS Loss: 0.0000, Train MCLS Loss: 0.0000
Protein Cluster Region Loss - Ortho Loss: 0.0000, Cluster Loss: 0.0000
                              
Validation Results: {
    "ci": 0.7514,
    "classification_loss": 0.0,
    "cluster_loss": 0.0,
    "mae": 0.8524,
    "mse": 1.4169,
    "multiclassification_loss": 0.0,
    "ortho_loss": 0.0,
    "pearson": 0.7009,
    "regression_loss": 1.4161,
    "rm2": 0.4402,
    "rmse": 1.1903,
    "sd": 1.1689,
    "spearman": 0.6731,
    "spectral_loss": 0.0
}
                              
Test Results: {
    "ci": 0.7581,
    "classification_loss": 0.0,
    "cluster_loss": 0.0,
    "mae": 0.8282,
    "mse": 1.3026,
    "multiclassification_loss": 0.0,
    "ortho_loss": 0.0,
    "pearson": 0.7222,
    "regression_loss": 1.3068,
    "rm2": 0.5012,
    "rmse": 1.1413,
    "sd": 1.1387,
    "spearman": 0.6839,
    "spectral_loss": 0.0
}
                              
                              
----------------------------------------
Epoch 018 with LR 0.000278: Model Results
----------------------------------------
Train MSE Loss: 0.7003, Train CLS Loss: 0.0000, Train MCLS Loss: 0.0000
Protein Cluster Region Loss - Ortho Loss: 0.0000, Cluster Loss: 0.0000
                              
Validation Results: {
    "ci": 0.7549,
    "classification_loss": 0.0,
    "cluster_loss": 0.0,
    "mae": 0.8432,
    "mse": 1.4015,
    "multiclassification_loss": 0.0,
    "ortho_loss": 0.0,
    "pearson": 0.7095,
    "regression_loss": 1.3979,
    "rm2": 0.4897,
    "rmse": 1.1839,
    "sd": 1.1547,
    "spearman": 0.6805,
    "spectral_loss": 0.0
}
                              
Test Results: {
    "ci": 0.7581,
    "classification_loss": 0.0,
    "cluster_loss": 0.0,
    "mae": 0.8282,
    "mse": 1.3026,
    "multiclassification_loss": 0.0,
    "ortho_loss": 0.0,
    "pearson": 0.7222,
    "regression_loss": 1.3068,
    "rm2": 0.5012,
    "rmse": 1.1413,
    "sd": 1.1387,
    "spearman": 0.6839,
    "spectral_loss": 0.0
}
                              
                              
----------------------------------------
Epoch 019 with LR 0.000276: Model Results
----------------------------------------
Train MSE Loss: 0.6729, Train CLS Loss: 0.0000, Train MCLS Loss: 0.0000
Protein Cluster Region Loss - Ortho Loss: 0.0000, Cluster Loss: 0.0000
                              
Validation Results: {
    "ci": 0.7526,
    "classification_loss": 0.0,
    "cluster_loss": 0.0,
    "mae": 0.8697,
    "mse": 1.5193,
    "multiclassification_loss": 0.0,
    "ortho_loss": 0.0,
    "pearson": 0.6988,
    "regression_loss": 1.5174,
    "rm2": 0.4852,
    "rmse": 1.2326,
    "sd": 1.1722,
    "spearman": 0.6734,
    "spectral_loss": 0.0
}
                              
Test Results: {
    "ci": 0.7581,
    "classification_loss": 0.0,
    "cluster_loss": 0.0,
    "mae": 0.8282,
    "mse": 1.3026,
    "multiclassification_loss": 0.0,
    "ortho_loss": 0.0,
    "pearson": 0.7222,
    "regression_loss": 1.3068,
    "rm2": 0.5012,
    "rmse": 1.1413,
    "sd": 1.1387,
    "spearman": 0.6839,
    "spectral_loss": 0.0
}
                              
                              
----------------------------------------
Epoch 020 with LR 0.000273: Model Results
----------------------------------------
Train MSE Loss: 0.6458, Train CLS Loss: 0.0000, Train MCLS Loss: 0.0000
Protein Cluster Region Loss - Ortho Loss: 0.0000, Cluster Loss: 0.0000
                              
Validation Results: {
    "ci": 0.7537,
    "classification_loss": 0.0,
    "cluster_loss": 0.0,
    "mae": 0.8395,
    "mse": 1.3954,
    "multiclassification_loss": 0.0,
    "ortho_loss": 0.0,
    "pearson": 0.7023,
    "regression_loss": 1.3874,
    "rm2": 0.4649,
    "rmse": 1.1813,
    "sd": 1.1665,
    "spearman": 0.6778,
    "spectral_loss": 0.0
}
                              
Test Results: {
    "ci": 0.7581,
    "classification_loss": 0.0,
    "cluster_loss": 0.0,
    "mae": 0.8282,
    "mse": 1.3026,
    "multiclassification_loss": 0.0,
    "ortho_loss": 0.0,
    "pearson": 0.7222,
    "regression_loss": 1.3068,
    "rm2": 0.5012,
    "rmse": 1.1413,
    "sd": 1.1387,
    "spearman": 0.6839,
    "spectral_loss": 0.0
}
                              
                              
----------------------------------------
Epoch 021 with LR 0.000271: Model Results
----------------------------------------
Train MSE Loss: 0.6190, Train CLS Loss: 0.0000, Train MCLS Loss: 0.0000
Protein Cluster Region Loss - Ortho Loss: 0.0000, Cluster Loss: 0.0000
                              
Validation Results: {
    "ci": 0.7575,
    "classification_loss": 0.0,
    "cluster_loss": 0.0,
    "mae": 0.8242,
    "mse": 1.3332,
    "multiclassification_loss": 0.0,
    "ortho_loss": 0.0,
    "pearson": 0.7154,
    "regression_loss": 1.3257,
    "rm2": 0.5017,
    "rmse": 1.1546,
    "sd": 1.1449,
    "spearman": 0.6859,
    "spectral_loss": 0.0
}
                              
Test Results: {
    "ci": 0.7664,
    "classification_loss": 0.0,
    "cluster_loss": 0.0,
    "mae": 0.7929,
    "mse": 1.265,
    "multiclassification_loss": 0.0,
    "ortho_loss": 0.0,
    "pearson": 0.7342,
    "regression_loss": 1.2749,
    "rm2": 0.5346,
    "rmse": 1.1247,
    "sd": 1.1177,
    "spearman": 0.7008,
    "spectral_loss": 0.0
}
                              
                              
----------------------------------------
Epoch 022 with LR 0.000268: Model Results
----------------------------------------
Train MSE Loss: 0.5995, Train CLS Loss: 0.0000, Train MCLS Loss: 0.0000
Protein Cluster Region Loss - Ortho Loss: 0.0000, Cluster Loss: 0.0000
                              
Validation Results: {
    "ci": 0.7513,
    "classification_loss": 0.0,
    "cluster_loss": 0.0,
    "mae": 0.8545,
    "mse": 1.4248,
    "multiclassification_loss": 0.0,
    "ortho_loss": 0.0,
    "pearson": 0.6966,
    "regression_loss": 1.4174,
    "rm2": 0.4632,
    "rmse": 1.1937,
    "sd": 1.1756,
    "spearman": 0.6726,
    "spectral_loss": 0.0
}
                              
Test Results: {
    "ci": 0.7664,
    "classification_loss": 0.0,
    "cluster_loss": 0.0,
    "mae": 0.7929,
    "mse": 1.265,
    "multiclassification_loss": 0.0,
    "ortho_loss": 0.0,
    "pearson": 0.7342,
    "regression_loss": 1.2749,
    "rm2": 0.5346,
    "rmse": 1.1247,
    "sd": 1.1177,
    "spearman": 0.7008,
    "spectral_loss": 0.0
}
                              
                              
----------------------------------------
Epoch 023 with LR 0.000265: Model Results
----------------------------------------
Train MSE Loss: 0.5798, Train CLS Loss: 0.0000, Train MCLS Loss: 0.0000
Protein Cluster Region Loss - Ortho Loss: 0.0000, Cluster Loss: 0.0000
                              
Validation Results: {
    "ci": 0.7582,
    "classification_loss": 0.0,
    "cluster_loss": 0.0,
    "mae": 0.8306,
    "mse": 1.3858,
    "multiclassification_loss": 0.0,
    "ortho_loss": 0.0,
    "pearson": 0.7091,
    "regression_loss": 1.3795,
    "rm2": 0.4944,
    "rmse": 1.1772,
    "sd": 1.1555,
    "spearman": 0.6873,
    "spectral_loss": 0.0
}
                              
Test Results: {
    "ci": 0.7664,
    "classification_loss": 0.0,
    "cluster_loss": 0.0,
    "mae": 0.7929,
    "mse": 1.265,
    "multiclassification_loss": 0.0,
    "ortho_loss": 0.0,
    "pearson": 0.7342,
    "regression_loss": 1.2749,
    "rm2": 0.5346,
    "rmse": 1.1247,
    "sd": 1.1177,
    "spearman": 0.7008,
    "spectral_loss": 0.0
}
                              
                              
----------------------------------------
Epoch 024 with LR 0.000262: Model Results
----------------------------------------
Train MSE Loss: 0.5612, Train CLS Loss: 0.0000, Train MCLS Loss: 0.0000
Protein Cluster Region Loss - Ortho Loss: 0.0000, Cluster Loss: 0.0000
                              
Validation Results: {
    "ci": 0.7541,
    "classification_loss": 0.0,
    "cluster_loss": 0.0,
    "mae": 0.8367,
    "mse": 1.3965,
    "multiclassification_loss": 0.0,
    "ortho_loss": 0.0,
    "pearson": 0.7054,
    "regression_loss": 1.3883,
    "rm2": 0.4581,
    "rmse": 1.1817,
    "sd": 1.1615,
    "spearman": 0.6778,
    "spectral_loss": 0.0
}
                              
Test Results: {
    "ci": 0.7664,
    "classification_loss": 0.0,
    "cluster_loss": 0.0,
    "mae": 0.7929,
    "mse": 1.265,
    "multiclassification_loss": 0.0,
    "ortho_loss": 0.0,
    "pearson": 0.7342,
    "regression_loss": 1.2749,
    "rm2": 0.5346,
    "rmse": 1.1247,
    "sd": 1.1177,
    "spearman": 0.7008,
    "spectral_loss": 0.0
}
                              
                              
----------------------------------------
Epoch 025 with LR 0.000258: Model Results
----------------------------------------
Train MSE Loss: 0.5495, Train CLS Loss: 0.0000, Train MCLS Loss: 0.0000
Protein Cluster Region Loss - Ortho Loss: 0.0000, Cluster Loss: 0.0000
                              
Validation Results: {
    "ci": 0.7568,
    "classification_loss": 0.0,
    "cluster_loss": 0.0,
    "mae": 0.8333,
    "mse": 1.3949,
    "multiclassification_loss": 0.0,
    "ortho_loss": 0.0,
    "pearson": 0.7076,
    "regression_loss": 1.3876,
    "rm2": 0.455,
    "rmse": 1.1811,
    "sd": 1.1579,
    "spearman": 0.6832,
    "spectral_loss": 0.0
}
                              
Test Results: {
    "ci": 0.7664,
    "classification_loss": 0.0,
    "cluster_loss": 0.0,
    "mae": 0.7929,
    "mse": 1.265,
    "multiclassification_loss": 0.0,
    "ortho_loss": 0.0,
    "pearson": 0.7342,
    "regression_loss": 1.2749,
    "rm2": 0.5346,
    "rmse": 1.1247,
    "sd": 1.1177,
    "spearman": 0.7008,
    "spectral_loss": 0.0
}
                              
                              
----------------------------------------
Epoch 026 with LR 0.000255: Model Results
----------------------------------------
Train MSE Loss: 0.5254, Train CLS Loss: 0.0000, Train MCLS Loss: 0.0000
Protein Cluster Region Loss - Ortho Loss: 0.0000, Cluster Loss: 0.0000
                              
Validation Results: {
    "ci": 0.7628,
    "classification_loss": 0.0,
    "cluster_loss": 0.0,
    "mae": 0.8158,
    "mse": 1.3526,
    "multiclassification_loss": 0.0,
    "ortho_loss": 0.0,
    "pearson": 0.7252,
    "regression_loss": 1.3481,
    "rm2": 0.4772,
    "rmse": 1.163,
    "sd": 1.1283,
    "spearman": 0.6959,
    "spectral_loss": 0.0
}
                              
Test Results: {
    "ci": 0.7664,
    "classification_loss": 0.0,
    "cluster_loss": 0.0,
    "mae": 0.7929,
    "mse": 1.265,
    "multiclassification_loss": 0.0,
    "ortho_loss": 0.0,
    "pearson": 0.7342,
    "regression_loss": 1.2749,
    "rm2": 0.5346,
    "rmse": 1.1247,
    "sd": 1.1177,
    "spearman": 0.7008,
    "spectral_loss": 0.0
}
                              
                              
----------------------------------------
Epoch 027 with LR 0.000252: Model Results
----------------------------------------
Train MSE Loss: 0.5070, Train CLS Loss: 0.0000, Train MCLS Loss: 0.0000
Protein Cluster Region Loss - Ortho Loss: 0.0000, Cluster Loss: 0.0000
                              
Validation Results: {
    "ci": 0.7592,
    "classification_loss": 0.0,
    "cluster_loss": 0.0,
    "mae": 0.8355,
    "mse": 1.4111,
    "multiclassification_loss": 0.0,
    "ortho_loss": 0.0,
    "pearson": 0.7127,
    "regression_loss": 1.405,
    "rm2": 0.4599,
    "rmse": 1.1879,
    "sd": 1.1495,
    "spearman": 0.6884,
    "spectral_loss": 0.0
}
                              
Test Results: {
    "ci": 0.7664,
    "classification_loss": 0.0,
    "cluster_loss": 0.0,
    "mae": 0.7929,
    "mse": 1.265,
    "multiclassification_loss": 0.0,
    "ortho_loss": 0.0,
    "pearson": 0.7342,
    "regression_loss": 1.2749,
    "rm2": 0.5346,
    "rmse": 1.1247,
    "sd": 1.1177,
    "spearman": 0.7008,
    "spectral_loss": 0.0
}
                              
                              
----------------------------------------
Epoch 028 with LR 0.000248: Model Results
----------------------------------------
Train MSE Loss: 0.4916, Train CLS Loss: 0.0000, Train MCLS Loss: 0.0000
Protein Cluster Region Loss - Ortho Loss: 0.0000, Cluster Loss: 0.0000
                              
Validation Results: {
    "ci": 0.7618,
    "classification_loss": 0.0,
    "cluster_loss": 0.0,
    "mae": 0.8078,
    "mse": 1.3207,
    "multiclassification_loss": 0.0,
    "ortho_loss": 0.0,
    "pearson": 0.7186,
    "regression_loss": 1.3116,
    "rm2": 0.4741,
    "rmse": 1.1492,
    "sd": 1.1396,
    "spearman": 0.6925,
    "spectral_loss": 0.0
}
                              
Test Results: {
    "ci": 0.7689,
    "classification_loss": 0.0,
    "cluster_loss": 0.0,
    "mae": 0.7917,
    "mse": 1.2528,
    "multiclassification_loss": 0.0,
    "ortho_loss": 0.0,
    "pearson": 0.7397,
    "regression_loss": 1.2627,
    "rm2": 0.4922,
    "rmse": 1.1193,
    "sd": 1.1077,
    "spearman": 0.7059,
    "spectral_loss": 0.0
}
                              
                              
----------------------------------------
Epoch 029 with LR 0.000244: Model Results
----------------------------------------
Train MSE Loss: 0.4831, Train CLS Loss: 0.0000, Train MCLS Loss: 0.0000
Protein Cluster Region Loss - Ortho Loss: 0.0000, Cluster Loss: 0.0000
                              
Validation Results: {
    "ci": 0.7605,
    "classification_loss": 0.0,
    "cluster_loss": 0.0,
    "mae": 0.8246,
    "mse": 1.3998,
    "multiclassification_loss": 0.0,
    "ortho_loss": 0.0,
    "pearson": 0.7127,
    "regression_loss": 1.3957,
    "rm2": 0.5076,
    "rmse": 1.1831,
    "sd": 1.1495,
    "spearman": 0.6897,
    "spectral_loss": 0.0
}
                              
Test Results: {
    "ci": 0.7689,
    "classification_loss": 0.0,
    "cluster_loss": 0.0,
    "mae": 0.7917,
    "mse": 1.2528,
    "multiclassification_loss": 0.0,
    "ortho_loss": 0.0,
    "pearson": 0.7397,
    "regression_loss": 1.2627,
    "rm2": 0.4922,
    "rmse": 1.1193,
    "sd": 1.1077,
    "spearman": 0.7059,
    "spectral_loss": 0.0
}
                              
                              
----------------------------------------
Epoch 030 with LR 0.000241: Model Results
----------------------------------------
Train MSE Loss: 0.4649, Train CLS Loss: 0.0000, Train MCLS Loss: 0.0000
Protein Cluster Region Loss - Ortho Loss: 0.0000, Cluster Loss: 0.0000
                              
Validation Results: {
    "ci": 0.7633,
    "classification_loss": 0.0,
    "cluster_loss": 0.0,
    "mae": 0.8245,
    "mse": 1.3551,
    "multiclassification_loss": 0.0,
    "ortho_loss": 0.0,
    "pearson": 0.7286,
    "regression_loss": 1.3501,
    "rm2": 0.525,
    "rmse": 1.1641,
    "sd": 1.1224,
    "spearman": 0.6969,
    "spectral_loss": 0.0
}
                              
Test Results: {
    "ci": 0.7689,
    "classification_loss": 0.0,
    "cluster_loss": 0.0,
    "mae": 0.7917,
    "mse": 1.2528,
    "multiclassification_loss": 0.0,
    "ortho_loss": 0.0,
    "pearson": 0.7397,
    "regression_loss": 1.2627,
    "rm2": 0.4922,
    "rmse": 1.1193,
    "sd": 1.1077,
    "spearman": 0.7059,
    "spectral_loss": 0.0
}
                              
                              
----------------------------------------
Epoch 031 with LR 0.000237: Model Results
----------------------------------------
Train MSE Loss: 0.4554, Train CLS Loss: 0.0000, Train MCLS Loss: 0.0000
Protein Cluster Region Loss - Ortho Loss: 0.0000, Cluster Loss: 0.0000
                              
Validation Results: {
    "ci": 0.7629,
    "classification_loss": 0.0,
    "cluster_loss": 0.0,
    "mae": 0.8116,
    "mse": 1.3206,
    "multiclassification_loss": 0.0,
    "ortho_loss": 0.0,
    "pearson": 0.7267,
    "regression_loss": 1.3131,
    "rm2": 0.5213,
    "rmse": 1.1492,
    "sd": 1.1257,
    "spearman": 0.696,
    "spectral_loss": 0.0
}
                              
Test Results: {
    "ci": 0.7689,
    "classification_loss": 0.0,
    "cluster_loss": 0.0,
    "mae": 0.7917,
    "mse": 1.2528,
    "multiclassification_loss": 0.0,
    "ortho_loss": 0.0,
    "pearson": 0.7397,
    "regression_loss": 1.2627,
    "rm2": 0.4922,
    "rmse": 1.1193,
    "sd": 1.1077,
    "spearman": 0.7059,
    "spectral_loss": 0.0
}
                              
                              
----------------------------------------
Epoch 032 with LR 0.000233: Model Results
----------------------------------------
Train MSE Loss: 0.4381, Train CLS Loss: 0.0000, Train MCLS Loss: 0.0000
Protein Cluster Region Loss - Ortho Loss: 0.0000, Cluster Loss: 0.0000
                              
Validation Results: {
    "ci": 0.7583,
    "classification_loss": 0.0,
    "cluster_loss": 0.0,
    "mae": 0.8351,
    "mse": 1.3986,
    "multiclassification_loss": 0.0,
    "ortho_loss": 0.0,
    "pearson": 0.7116,
    "regression_loss": 1.3913,
    "rm2": 0.4331,
    "rmse": 1.1826,
    "sd": 1.1512,
    "spearman": 0.6841,
    "spectral_loss": 0.0
}
                              
Test Results: {
    "ci": 0.7689,
    "classification_loss": 0.0,
    "cluster_loss": 0.0,
    "mae": 0.7917,
    "mse": 1.2528,
    "multiclassification_loss": 0.0,
    "ortho_loss": 0.0,
    "pearson": 0.7397,
    "regression_loss": 1.2627,
    "rm2": 0.4922,
    "rmse": 1.1193,
    "sd": 1.1077,
    "spearman": 0.7059,
    "spectral_loss": 0.0
}
                              
                              
----------------------------------------
Epoch 033 with LR 0.000229: Model Results
----------------------------------------
Train MSE Loss: 0.4265, Train CLS Loss: 0.0000, Train MCLS Loss: 0.0000
Protein Cluster Region Loss - Ortho Loss: 0.0000, Cluster Loss: 0.0000
                              
Validation Results: {
    "ci": 0.7578,
    "classification_loss": 0.0,
    "cluster_loss": 0.0,
    "mae": 0.8639,
    "mse": 1.4779,
    "multiclassification_loss": 0.0,
    "ortho_loss": 0.0,
    "pearson": 0.7184,
    "regression_loss": 1.4698,
    "rm2": 0.5079,
    "rmse": 1.2157,
    "sd": 1.14,
    "spearman": 0.6856,
    "spectral_loss": 0.0
}
                              
Test Results: {
    "ci": 0.7689,
    "classification_loss": 0.0,
    "cluster_loss": 0.0,
    "mae": 0.7917,
    "mse": 1.2528,
    "multiclassification_loss": 0.0,
    "ortho_loss": 0.0,
    "pearson": 0.7397,
    "regression_loss": 1.2627,
    "rm2": 0.4922,
    "rmse": 1.1193,
    "sd": 1.1077,
    "spearman": 0.7059,
    "spectral_loss": 0.0
}
                              
                              
----------------------------------------
Epoch 034 with LR 0.000225: Model Results
----------------------------------------
Train MSE Loss: 0.4109, Train CLS Loss: 0.0000, Train MCLS Loss: 0.0000
Protein Cluster Region Loss - Ortho Loss: 0.0000, Cluster Loss: 0.0000
                              
Validation Results: {
    "ci": 0.7606,
    "classification_loss": 0.0,
    "cluster_loss": 0.0,
    "mae": 0.8279,
    "mse": 1.3834,
    "multiclassification_loss": 0.0,
    "ortho_loss": 0.0,
    "pearson": 0.7191,
    "regression_loss": 1.382,
    "rm2": 0.4579,
    "rmse": 1.1762,
    "sd": 1.1387,
    "spearman": 0.6895,
    "spectral_loss": 0.0
}
                              
Test Results: {
    "ci": 0.7689,
    "classification_loss": 0.0,
    "cluster_loss": 0.0,
    "mae": 0.7917,
    "mse": 1.2528,
    "multiclassification_loss": 0.0,
    "ortho_loss": 0.0,
    "pearson": 0.7397,
    "regression_loss": 1.2627,
    "rm2": 0.4922,
    "rmse": 1.1193,
    "sd": 1.1077,
    "spearman": 0.7059,
    "spectral_loss": 0.0
}
                              
                              
----------------------------------------
Epoch 035 with LR 0.000221: Model Results
----------------------------------------
Train MSE Loss: 0.4011, Train CLS Loss: 0.0000, Train MCLS Loss: 0.0000
Protein Cluster Region Loss - Ortho Loss: 0.0000, Cluster Loss: 0.0000
                              
Validation Results: {
    "ci": 0.7639,
    "classification_loss": 0.0,
    "cluster_loss": 0.0,
    "mae": 0.7994,
    "mse": 1.3003,
    "multiclassification_loss": 0.0,
    "ortho_loss": 0.0,
    "pearson": 0.7271,
    "regression_loss": 1.2934,
    "rm2": 0.5175,
    "rmse": 1.1403,
    "sd": 1.1251,
    "spearman": 0.6959,
    "spectral_loss": 0.0
}
                              
Test Results: {
    "ci": 0.7688,
    "classification_loss": 0.0,
    "cluster_loss": 0.0,
    "mae": 0.7881,
    "mse": 1.2771,
    "multiclassification_loss": 0.0,
    "ortho_loss": 0.0,
    "pearson": 0.7353,
    "regression_loss": 1.2794,
    "rm2": 0.5134,
    "rmse": 1.1301,
    "sd": 1.1157,
    "spearman": 0.7056,
    "spectral_loss": 0.0
}
                              
                              
----------------------------------------
Epoch 036 with LR 0.000217: Model Results
----------------------------------------
Train MSE Loss: 0.3867, Train CLS Loss: 0.0000, Train MCLS Loss: 0.0000
Protein Cluster Region Loss - Ortho Loss: 0.0000, Cluster Loss: 0.0000
                              
Validation Results: {
    "ci": 0.7664,
    "classification_loss": 0.0,
    "cluster_loss": 0.0,
    "mae": 0.8095,
    "mse": 1.3314,
    "multiclassification_loss": 0.0,
    "ortho_loss": 0.0,
    "pearson": 0.7309,
    "regression_loss": 1.3263,
    "rm2": 0.4866,
    "rmse": 1.1538,
    "sd": 1.1183,
    "spearman": 0.7025,
    "spectral_loss": 0.0
}
                              
Test Results: {
    "ci": 0.7688,
    "classification_loss": 0.0,
    "cluster_loss": 0.0,
    "mae": 0.7881,
    "mse": 1.2771,
    "multiclassification_loss": 0.0,
    "ortho_loss": 0.0,
    "pearson": 0.7353,
    "regression_loss": 1.2794,
    "rm2": 0.5134,
    "rmse": 1.1301,
    "sd": 1.1157,
    "spearman": 0.7056,
    "spectral_loss": 0.0
}
                              
                              
----------------------------------------
Epoch 037 with LR 0.000212: Model Results
----------------------------------------
Train MSE Loss: 0.3759, Train CLS Loss: 0.0000, Train MCLS Loss: 0.0000
Protein Cluster Region Loss - Ortho Loss: 0.0000, Cluster Loss: 0.0000
                              
Validation Results: {
    "ci": 0.7625,
    "classification_loss": 0.0,
    "cluster_loss": 0.0,
    "mae": 0.8134,
    "mse": 1.3847,
    "multiclassification_loss": 0.0,
    "ortho_loss": 0.0,
    "pearson": 0.7115,
    "regression_loss": 1.3789,
    "rm2": 0.4719,
    "rmse": 1.1767,
    "sd": 1.1515,
    "spearman": 0.6927,
    "spectral_loss": 0.0
}
                              
Test Results: {
    "ci": 0.7688,
    "classification_loss": 0.0,
    "cluster_loss": 0.0,
    "mae": 0.7881,
    "mse": 1.2771,
    "multiclassification_loss": 0.0,
    "ortho_loss": 0.0,
    "pearson": 0.7353,
    "regression_loss": 1.2794,
    "rm2": 0.5134,
    "rmse": 1.1301,
    "sd": 1.1157,
    "spearman": 0.7056,
    "spectral_loss": 0.0
}
                              
                              
----------------------------------------
Epoch 038 with LR 0.000208: Model Results
----------------------------------------
Train MSE Loss: 0.3615, Train CLS Loss: 0.0000, Train MCLS Loss: 0.0000
Protein Cluster Region Loss - Ortho Loss: 0.0000, Cluster Loss: 0.0000
                              
Validation Results: {
    "ci": 0.7645,
    "classification_loss": 0.0,
    "cluster_loss": 0.0,
    "mae": 0.8056,
    "mse": 1.3259,
    "multiclassification_loss": 0.0,
    "ortho_loss": 0.0,
    "pearson": 0.7213,
    "regression_loss": 1.322,
    "rm2": 0.4891,
    "rmse": 1.1515,
    "sd": 1.135,
    "spearman": 0.6977,
    "spectral_loss": 0.0
}
                              
Test Results: {
    "ci": 0.7688,
    "classification_loss": 0.0,
    "cluster_loss": 0.0,
    "mae": 0.7881,
    "mse": 1.2771,
    "multiclassification_loss": 0.0,
    "ortho_loss": 0.0,
    "pearson": 0.7353,
    "regression_loss": 1.2794,
    "rm2": 0.5134,
    "rmse": 1.1301,
    "sd": 1.1157,
    "spearman": 0.7056,
    "spectral_loss": 0.0
}
                              
                              
----------------------------------------
Epoch 039 with LR 0.000203: Model Results
----------------------------------------
Train MSE Loss: 0.3547, Train CLS Loss: 0.0000, Train MCLS Loss: 0.0000
Protein Cluster Region Loss - Ortho Loss: 0.0000, Cluster Loss: 0.0000
                              
Validation Results: {
    "ci": 0.7636,
    "classification_loss": 0.0,
    "cluster_loss": 0.0,
    "mae": 0.8086,
    "mse": 1.3653,
    "multiclassification_loss": 0.0,
    "ortho_loss": 0.0,
    "pearson": 0.7172,
    "regression_loss": 1.3581,
    "rm2": 0.4879,
    "rmse": 1.1685,
    "sd": 1.1419,
    "spearman": 0.696,
    "spectral_loss": 0.0
}
                              
Test Results: {
    "ci": 0.7688,
    "classification_loss": 0.0,
    "cluster_loss": 0.0,
    "mae": 0.7881,
    "mse": 1.2771,
    "multiclassification_loss": 0.0,
    "ortho_loss": 0.0,
    "pearson": 0.7353,
    "regression_loss": 1.2794,
    "rm2": 0.5134,
    "rmse": 1.1301,
    "sd": 1.1157,
    "spearman": 0.7056,
    "spectral_loss": 0.0
}
                              
                              
----------------------------------------
Epoch 040 with LR 0.000199: Model Results
----------------------------------------
Train MSE Loss: 0.3387, Train CLS Loss: 0.0000, Train MCLS Loss: 0.0000
Protein Cluster Region Loss - Ortho Loss: 0.0000, Cluster Loss: 0.0000
                              
Validation Results: {
    "ci": 0.765,
    "classification_loss": 0.0,
    "cluster_loss": 0.0,
    "mae": 0.8053,
    "mse": 1.3438,
    "multiclassification_loss": 0.0,
    "ortho_loss": 0.0,
    "pearson": 0.723,
    "regression_loss": 1.3409,
    "rm2": 0.4925,
    "rmse": 1.1592,
    "sd": 1.1321,
    "spearman": 0.6992,
    "spectral_loss": 0.0
}
                              
Test Results: {
    "ci": 0.7688,
    "classification_loss": 0.0,
    "cluster_loss": 0.0,
    "mae": 0.7881,
    "mse": 1.2771,
    "multiclassification_loss": 0.0,
    "ortho_loss": 0.0,
    "pearson": 0.7353,
    "regression_loss": 1.2794,
    "rm2": 0.5134,
    "rmse": 1.1301,
    "sd": 1.1157,
    "spearman": 0.7056,
    "spectral_loss": 0.0
}
                              
                              
----------------------------------------
Epoch 041 with LR 0.000195: Model Results
----------------------------------------
Train MSE Loss: 0.3332, Train CLS Loss: 0.0000, Train MCLS Loss: 0.0000
Protein Cluster Region Loss - Ortho Loss: 0.0000, Cluster Loss: 0.0000
                              
Validation Results: {
    "ci": 0.7648,
    "classification_loss": 0.0,
    "cluster_loss": 0.0,
    "mae": 0.8115,
    "mse": 1.3646,
    "multiclassification_loss": 0.0,
    "ortho_loss": 0.0,
    "pearson": 0.7225,
    "regression_loss": 1.3618,
    "rm2": 0.4977,
    "rmse": 1.1682,
    "sd": 1.133,
    "spearman": 0.6978,
    "spectral_loss": 0.0
}
                              
Test Results: {
    "ci": 0.7688,
    "classification_loss": 0.0,
    "cluster_loss": 0.0,
    "mae": 0.7881,
    "mse": 1.2771,
    "multiclassification_loss": 0.0,
    "ortho_loss": 0.0,
    "pearson": 0.7353,
    "regression_loss": 1.2794,
    "rm2": 0.5134,
    "rmse": 1.1301,
    "sd": 1.1157,
    "spearman": 0.7056,
    "spectral_loss": 0.0
}
                              
                              
----------------------------------------
Epoch 042 with LR 0.000190: Model Results
----------------------------------------
Train MSE Loss: 0.3205, Train CLS Loss: 0.0000, Train MCLS Loss: 0.0000
Protein Cluster Region Loss - Ortho Loss: 0.0000, Cluster Loss: 0.0000
                              
Validation Results: {
    "ci": 0.7658,
    "classification_loss": 0.0,
    "cluster_loss": 0.0,
    "mae": 0.8052,
    "mse": 1.3533,
    "multiclassification_loss": 0.0,
    "ortho_loss": 0.0,
    "pearson": 0.7214,
    "regression_loss": 1.3496,
    "rm2": 0.4983,
    "rmse": 1.1633,
    "sd": 1.1348,
    "spearman": 0.7004,
    "spectral_loss": 0.0
}
                              
Test Results: {
    "ci": 0.7688,
    "classification_loss": 0.0,
    "cluster_loss": 0.0,
    "mae": 0.7881,
    "mse": 1.2771,
    "multiclassification_loss": 0.0,
    "ortho_loss": 0.0,
    "pearson": 0.7353,
    "regression_loss": 1.2794,
    "rm2": 0.5134,
    "rmse": 1.1301,
    "sd": 1.1157,
    "spearman": 0.7056,
    "spectral_loss": 0.0
}
                              
                              
----------------------------------------
Epoch 043 with LR 0.000185: Model Results
----------------------------------------
Train MSE Loss: 0.3136, Train CLS Loss: 0.0000, Train MCLS Loss: 0.0000
Protein Cluster Region Loss - Ortho Loss: 0.0000, Cluster Loss: 0.0000
                              
Validation Results: {
    "ci": 0.7664,
    "classification_loss": 0.0,
    "cluster_loss": 0.0,
    "mae": 0.8057,
    "mse": 1.3303,
    "multiclassification_loss": 0.0,
    "ortho_loss": 0.0,
    "pearson": 0.7277,
    "regression_loss": 1.326,
    "rm2": 0.4816,
    "rmse": 1.1534,
    "sd": 1.1239,
    "spearman": 0.703,
    "spectral_loss": 0.0
}
                              
Test Results: {
    "ci": 0.7688,
    "classification_loss": 0.0,
    "cluster_loss": 0.0,
    "mae": 0.7881,
    "mse": 1.2771,
    "multiclassification_loss": 0.0,
    "ortho_loss": 0.0,
    "pearson": 0.7353,
    "regression_loss": 1.2794,
    "rm2": 0.5134,
    "rmse": 1.1301,
    "sd": 1.1157,
    "spearman": 0.7056,
    "spectral_loss": 0.0
}
                              
                              
----------------------------------------
Epoch 044 with LR 0.000181: Model Results
----------------------------------------
Train MSE Loss: 0.3022, Train CLS Loss: 0.0000, Train MCLS Loss: 0.0000
Protein Cluster Region Loss - Ortho Loss: 0.0000, Cluster Loss: 0.0000
                              
Validation Results: {
    "ci": 0.7653,
    "classification_loss": 0.0,
    "cluster_loss": 0.0,
    "mae": 0.8062,
    "mse": 1.3558,
    "multiclassification_loss": 0.0,
    "ortho_loss": 0.0,
    "pearson": 0.7241,
    "regression_loss": 1.3543,
    "rm2": 0.4798,
    "rmse": 1.1644,
    "sd": 1.1301,
    "spearman": 0.6992,
    "spectral_loss": 0.0
}
                              
Test Results: {
    "ci": 0.7688,
    "classification_loss": 0.0,
    "cluster_loss": 0.0,
    "mae": 0.7881,
    "mse": 1.2771,
    "multiclassification_loss": 0.0,
    "ortho_loss": 0.0,
    "pearson": 0.7353,
    "regression_loss": 1.2794,
    "rm2": 0.5134,
    "rmse": 1.1301,
    "sd": 1.1157,
    "spearman": 0.7056,
    "spectral_loss": 0.0
}
                              
                              
----------------------------------------
Epoch 045 with LR 0.000176: Model Results
----------------------------------------
Train MSE Loss: 0.2941, Train CLS Loss: 0.0000, Train MCLS Loss: 0.0000
Protein Cluster Region Loss - Ortho Loss: 0.0000, Cluster Loss: 0.0000
                              
Validation Results: {
    "ci": 0.7684,
    "classification_loss": 0.0,
    "cluster_loss": 0.0,
    "mae": 0.8054,
    "mse": 1.3751,
    "multiclassification_loss": 0.0,
    "ortho_loss": 0.0,
    "pearson": 0.7219,
    "regression_loss": 1.3728,
    "rm2": 0.5058,
    "rmse": 1.1726,
    "sd": 1.134,
    "spearman": 0.7051,
    "spectral_loss": 0.0
}
                              
Test Results: {
    "ci": 0.7688,
    "classification_loss": 0.0,
    "cluster_loss": 0.0,
    "mae": 0.7881,
    "mse": 1.2771,
    "multiclassification_loss": 0.0,
    "ortho_loss": 0.0,
    "pearson": 0.7353,
    "regression_loss": 1.2794,
    "rm2": 0.5134,
    "rmse": 1.1301,
    "sd": 1.1157,
    "spearman": 0.7056,
    "spectral_loss": 0.0
}
                              
                              
----------------------------------------
Epoch 046 with LR 0.000171: Model Results
----------------------------------------
Train MSE Loss: 0.2825, Train CLS Loss: 0.0000, Train MCLS Loss: 0.0000
Protein Cluster Region Loss - Ortho Loss: 0.0000, Cluster Loss: 0.0000
                              
Validation Results: {
    "ci": 0.7667,
    "classification_loss": 0.0,
    "cluster_loss": 0.0,
    "mae": 0.7964,
    "mse": 1.3,
    "multiclassification_loss": 0.0,
    "ortho_loss": 0.0,
    "pearson": 0.7274,
    "regression_loss": 1.2973,
    "rm2": 0.49,
    "rmse": 1.1402,
    "sd": 1.1245,
    "spearman": 0.702,
    "spectral_loss": 0.0
}
                              
Test Results: {
    "ci": 0.775,
    "classification_loss": 0.0,
    "cluster_loss": 0.0,
    "mae": 0.7744,
    "mse": 1.2496,
    "multiclassification_loss": 0.0,
    "ortho_loss": 0.0,
    "pearson": 0.7445,
    "regression_loss": 1.2557,
    "rm2": 0.4996,
    "rmse": 1.1179,
    "sd": 1.0991,
    "spearman": 0.7176,
    "spectral_loss": 0.0
}
                              
                              
----------------------------------------
Epoch 047 with LR 0.000167: Model Results
----------------------------------------
Train MSE Loss: 0.2732, Train CLS Loss: 0.0000, Train MCLS Loss: 0.0000
Protein Cluster Region Loss - Ortho Loss: 0.0000, Cluster Loss: 0.0000
                              
Validation Results: {
    "ci": 0.7674,
    "classification_loss": 0.0,
    "cluster_loss": 0.0,
    "mae": 0.7982,
    "mse": 1.3235,
    "multiclassification_loss": 0.0,
    "ortho_loss": 0.0,
    "pearson": 0.7291,
    "regression_loss": 1.3212,
    "rm2": 0.4874,
    "rmse": 1.1504,
    "sd": 1.1215,
    "spearman": 0.7037,
    "spectral_loss": 0.0
}
                              
Test Results: {
    "ci": 0.775,
    "classification_loss": 0.0,
    "cluster_loss": 0.0,
    "mae": 0.7744,
    "mse": 1.2496,
    "multiclassification_loss": 0.0,
    "ortho_loss": 0.0,
    "pearson": 0.7445,
    "regression_loss": 1.2557,
    "rm2": 0.4996,
    "rmse": 1.1179,
    "sd": 1.0991,
    "spearman": 0.7176,
    "spectral_loss": 0.0
}
                              
                              
----------------------------------------
Epoch 048 with LR 0.000162: Model Results
----------------------------------------
Train MSE Loss: 0.2656, Train CLS Loss: 0.0000, Train MCLS Loss: 0.0000
Protein Cluster Region Loss - Ortho Loss: 0.0000, Cluster Loss: 0.0000
                              
Validation Results: {
    "ci": 0.7673,
    "classification_loss": 0.0,
    "cluster_loss": 0.0,
    "mae": 0.8022,
    "mse": 1.3622,
    "multiclassification_loss": 0.0,
    "ortho_loss": 0.0,
    "pearson": 0.7251,
    "regression_loss": 1.3617,
    "rm2": 0.5021,
    "rmse": 1.1671,
    "sd": 1.1284,
    "spearman": 0.7016,
    "spectral_loss": 0.0
}
                              
Test Results: {
    "ci": 0.775,
    "classification_loss": 0.0,
    "cluster_loss": 0.0,
    "mae": 0.7744,
    "mse": 1.2496,
    "multiclassification_loss": 0.0,
    "ortho_loss": 0.0,
    "pearson": 0.7445,
    "regression_loss": 1.2557,
    "rm2": 0.4996,
    "rmse": 1.1179,
    "sd": 1.0991,
    "spearman": 0.7176,
    "spectral_loss": 0.0
}
                              
                              
----------------------------------------
Epoch 049 with LR 0.000157: Model Results
----------------------------------------
Train MSE Loss: 0.2574, Train CLS Loss: 0.0000, Train MCLS Loss: 0.0000
Protein Cluster Region Loss - Ortho Loss: 0.0000, Cluster Loss: 0.0000
                              
Validation Results: {
    "ci": 0.7647,
    "classification_loss": 0.0,
    "cluster_loss": 0.0,
    "mae": 0.8052,
    "mse": 1.3512,
    "multiclassification_loss": 0.0,
    "ortho_loss": 0.0,
    "pearson": 0.7235,
    "regression_loss": 1.3497,
    "rm2": 0.4695,
    "rmse": 1.1624,
    "sd": 1.1312,
    "spearman": 0.6972,
    "spectral_loss": 0.0
}
                              
Test Results: {
    "ci": 0.775,
    "classification_loss": 0.0,
    "cluster_loss": 0.0,
    "mae": 0.7744,
    "mse": 1.2496,
    "multiclassification_loss": 0.0,
    "ortho_loss": 0.0,
    "pearson": 0.7445,
    "regression_loss": 1.2557,
    "rm2": 0.4996,
    "rmse": 1.1179,
    "sd": 1.0991,
    "spearman": 0.7176,
    "spectral_loss": 0.0
}
                              
                              
----------------------------------------
Epoch 050 with LR 0.000153: Model Results
----------------------------------------
Train MSE Loss: 0.2466, Train CLS Loss: 0.0000, Train MCLS Loss: 0.0000
Protein Cluster Region Loss - Ortho Loss: 0.0000, Cluster Loss: 0.0000
                              
Validation Results: {
    "ci": 0.7659,
    "classification_loss": 0.0,
    "cluster_loss": 0.0,
    "mae": 0.7955,
    "mse": 1.3535,
    "multiclassification_loss": 0.0,
    "ortho_loss": 0.0,
    "pearson": 0.7225,
    "regression_loss": 1.35,
    "rm2": 0.4874,
    "rmse": 1.1634,
    "sd": 1.1329,
    "spearman": 0.6979,
    "spectral_loss": 0.0
}
                              
Test Results: {
    "ci": 0.775,
    "classification_loss": 0.0,
    "cluster_loss": 0.0,
    "mae": 0.7744,
    "mse": 1.2496,
    "multiclassification_loss": 0.0,
    "ortho_loss": 0.0,
    "pearson": 0.7445,
    "regression_loss": 1.2557,
    "rm2": 0.4996,
    "rmse": 1.1179,
    "sd": 1.0991,
    "spearman": 0.7176,
    "spectral_loss": 0.0
}
                              
                              
----------------------------------------
Epoch 051 with LR 0.000148: Model Results
----------------------------------------
Train MSE Loss: 0.2414, Train CLS Loss: 0.0000, Train MCLS Loss: 0.0000
Protein Cluster Region Loss - Ortho Loss: 0.0000, Cluster Loss: 0.0000
                              
Validation Results: {
    "ci": 0.7666,
    "classification_loss": 0.0,
    "cluster_loss": 0.0,
    "mae": 0.7987,
    "mse": 1.3404,
    "multiclassification_loss": 0.0,
    "ortho_loss": 0.0,
    "pearson": 0.724,
    "regression_loss": 1.3363,
    "rm2": 0.4722,
    "rmse": 1.1577,
    "sd": 1.1303,
    "spearman": 0.7004,
    "spectral_loss": 0.0
}
                              
Test Results: {
    "ci": 0.775,
    "classification_loss": 0.0,
    "cluster_loss": 0.0,
    "mae": 0.7744,
    "mse": 1.2496,
    "multiclassification_loss": 0.0,
    "ortho_loss": 0.0,
    "pearson": 0.7445,
    "regression_loss": 1.2557,
    "rm2": 0.4996,
    "rmse": 1.1179,
    "sd": 1.0991,
    "spearman": 0.7176,
    "spectral_loss": 0.0
}
                              
                              
----------------------------------------
Epoch 052 with LR 0.000143: Model Results
----------------------------------------
Train MSE Loss: 0.2344, Train CLS Loss: 0.0000, Train MCLS Loss: 0.0000
Protein Cluster Region Loss - Ortho Loss: 0.0000, Cluster Loss: 0.0000
                              
Validation Results: {
    "ci": 0.7651,
    "classification_loss": 0.0,
    "cluster_loss": 0.0,
    "mae": 0.8001,
    "mse": 1.3505,
    "multiclassification_loss": 0.0,
    "ortho_loss": 0.0,
    "pearson": 0.7218,
    "regression_loss": 1.3499,
    "rm2": 0.4827,
    "rmse": 1.1621,
    "sd": 1.1341,
    "spearman": 0.698,
    "spectral_loss": 0.0
}
                              
Test Results: {
    "ci": 0.775,
    "classification_loss": 0.0,
    "cluster_loss": 0.0,
    "mae": 0.7744,
    "mse": 1.2496,
    "multiclassification_loss": 0.0,
    "ortho_loss": 0.0,
    "pearson": 0.7445,
    "regression_loss": 1.2557,
    "rm2": 0.4996,
    "rmse": 1.1179,
    "sd": 1.0991,
    "spearman": 0.7176,
    "spectral_loss": 0.0
}
                              
                              
----------------------------------------
Epoch 053 with LR 0.000138: Model Results
----------------------------------------
Train MSE Loss: 0.2235, Train CLS Loss: 0.0000, Train MCLS Loss: 0.0000
Protein Cluster Region Loss - Ortho Loss: 0.0000, Cluster Loss: 0.0000
                              
Validation Results: {
    "ci": 0.7671,
    "classification_loss": 0.0,
    "cluster_loss": 0.0,
    "mae": 0.7926,
    "mse": 1.3271,
    "multiclassification_loss": 0.0,
    "ortho_loss": 0.0,
    "pearson": 0.7263,
    "regression_loss": 1.3255,
    "rm2": 0.486,
    "rmse": 1.152,
    "sd": 1.1264,
    "spearman": 0.7017,
    "spectral_loss": 0.0
}
                              
Test Results: {
    "ci": 0.775,
    "classification_loss": 0.0,
    "cluster_loss": 0.0,
    "mae": 0.7744,
    "mse": 1.2496,
    "multiclassification_loss": 0.0,
    "ortho_loss": 0.0,
    "pearson": 0.7445,
    "regression_loss": 1.2557,
    "rm2": 0.4996,
    "rmse": 1.1179,
    "sd": 1.0991,
    "spearman": 0.7176,
    "spectral_loss": 0.0
}
                              
                              
----------------------------------------
Epoch 054 with LR 0.000134: Model Results
----------------------------------------
Train MSE Loss: 0.2145, Train CLS Loss: 0.0000, Train MCLS Loss: 0.0000
Protein Cluster Region Loss - Ortho Loss: 0.0000, Cluster Loss: 0.0000
                              
Validation Results: {
    "ci": 0.7685,
    "classification_loss": 0.0,
    "cluster_loss": 0.0,
    "mae": 0.7926,
    "mse": 1.3272,
    "multiclassification_loss": 0.0,
    "ortho_loss": 0.0,
    "pearson": 0.7307,
    "regression_loss": 1.3281,
    "rm2": 0.4931,
    "rmse": 1.152,
    "sd": 1.1187,
    "spearman": 0.7053,
    "spectral_loss": 0.0
}
                              
Test Results: {
    "ci": 0.775,
    "classification_loss": 0.0,
    "cluster_loss": 0.0,
    "mae": 0.7744,
    "mse": 1.2496,
    "multiclassification_loss": 0.0,
    "ortho_loss": 0.0,
    "pearson": 0.7445,
    "regression_loss": 1.2557,
    "rm2": 0.4996,
    "rmse": 1.1179,
    "sd": 1.0991,
    "spearman": 0.7176,
    "spectral_loss": 0.0
}
                              
                              
----------------------------------------
Epoch 055 with LR 0.000129: Model Results
----------------------------------------
Train MSE Loss: 0.2087, Train CLS Loss: 0.0000, Train MCLS Loss: 0.0000
Protein Cluster Region Loss - Ortho Loss: 0.0000, Cluster Loss: 0.0000
                              
Validation Results: {
    "ci": 0.7697,
    "classification_loss": 0.0,
    "cluster_loss": 0.0,
    "mae": 0.7914,
    "mse": 1.3255,
    "multiclassification_loss": 0.0,
    "ortho_loss": 0.0,
    "pearson": 0.7307,
    "regression_loss": 1.3225,
    "rm2": 0.5088,
    "rmse": 1.1513,
    "sd": 1.1187,
    "spearman": 0.707,
    "spectral_loss": 0.0
}
                              
Test Results: {
    "ci": 0.775,
    "classification_loss": 0.0,
    "cluster_loss": 0.0,
    "mae": 0.7744,
    "mse": 1.2496,
    "multiclassification_loss": 0.0,
    "ortho_loss": 0.0,
    "pearson": 0.7445,
    "regression_loss": 1.2557,
    "rm2": 0.4996,
    "rmse": 1.1179,
    "sd": 1.0991,
    "spearman": 0.7176,
    "spectral_loss": 0.0
}
                              
                              
----------------------------------------
Epoch 056 with LR 0.000124: Model Results
----------------------------------------
Train MSE Loss: 0.2018, Train CLS Loss: 0.0000, Train MCLS Loss: 0.0000
Protein Cluster Region Loss - Ortho Loss: 0.0000, Cluster Loss: 0.0000
                              
Validation Results: {
    "ci": 0.7678,
    "classification_loss": 0.0,
    "cluster_loss": 0.0,
    "mae": 0.7936,
    "mse": 1.3274,
    "multiclassification_loss": 0.0,
    "ortho_loss": 0.0,
    "pearson": 0.7265,
    "regression_loss": 1.327,
    "rm2": 0.4845,
    "rmse": 1.1521,
    "sd": 1.1261,
    "spearman": 0.7042,
    "spectral_loss": 0.0
}
                              
Test Results: {
    "ci": 0.775,
    "classification_loss": 0.0,
    "cluster_loss": 0.0,
    "mae": 0.7744,
    "mse": 1.2496,
    "multiclassification_loss": 0.0,
    "ortho_loss": 0.0,
    "pearson": 0.7445,
    "regression_loss": 1.2557,
    "rm2": 0.4996,
    "rmse": 1.1179,
    "sd": 1.0991,
    "spearman": 0.7176,
    "spectral_loss": 0.0
}
                              
                              
----------------------------------------
Epoch 057 with LR 0.000120: Model Results
----------------------------------------
Train MSE Loss: 0.1948, Train CLS Loss: 0.0000, Train MCLS Loss: 0.0000
Protein Cluster Region Loss - Ortho Loss: 0.0000, Cluster Loss: 0.0000
                              
Validation Results: {
    "ci": 0.7667,
    "classification_loss": 0.0,
    "cluster_loss": 0.0,
    "mae": 0.7994,
    "mse": 1.3455,
    "multiclassification_loss": 0.0,
    "ortho_loss": 0.0,
    "pearson": 0.7239,
    "regression_loss": 1.3451,
    "rm2": 0.4725,
    "rmse": 1.16,
    "sd": 1.1305,
    "spearman": 0.7009,
    "spectral_loss": 0.0
}
                              
Test Results: {
    "ci": 0.775,
    "classification_loss": 0.0,
    "cluster_loss": 0.0,
    "mae": 0.7744,
    "mse": 1.2496,
    "multiclassification_loss": 0.0,
    "ortho_loss": 0.0,
    "pearson": 0.7445,
    "regression_loss": 1.2557,
    "rm2": 0.4996,
    "rmse": 1.1179,
    "sd": 1.0991,
    "spearman": 0.7176,
    "spectral_loss": 0.0
}
                              
                              
----------------------------------------
Epoch 058 with LR 0.000115: Model Results
----------------------------------------
Train MSE Loss: 0.1894, Train CLS Loss: 0.0000, Train MCLS Loss: 0.0000
Protein Cluster Region Loss - Ortho Loss: 0.0000, Cluster Loss: 0.0000
                              
Validation Results: {
    "ci": 0.7651,
    "classification_loss": 0.0,
    "cluster_loss": 0.0,
    "mae": 0.8029,
    "mse": 1.3556,
    "multiclassification_loss": 0.0,
    "ortho_loss": 0.0,
    "pearson": 0.7213,
    "regression_loss": 1.3566,
    "rm2": 0.4814,
    "rmse": 1.1643,
    "sd": 1.1349,
    "spearman": 0.6972,
    "spectral_loss": 0.0
}
                              
Test Results: {
    "ci": 0.775,
    "classification_loss": 0.0,
    "cluster_loss": 0.0,
    "mae": 0.7744,
    "mse": 1.2496,
    "multiclassification_loss": 0.0,
    "ortho_loss": 0.0,
    "pearson": 0.7445,
    "regression_loss": 1.2557,
    "rm2": 0.4996,
    "rmse": 1.1179,
    "sd": 1.0991,
    "spearman": 0.7176,
    "spectral_loss": 0.0
}
                              
                              
----------------------------------------
Epoch 059 with LR 0.000110: Model Results
----------------------------------------
Train MSE Loss: 0.1812, Train CLS Loss: 0.0000, Train MCLS Loss: 0.0000
Protein Cluster Region Loss - Ortho Loss: 0.0000, Cluster Loss: 0.0000
                              
Validation Results: {
    "ci": 0.7641,
    "classification_loss": 0.0,
    "cluster_loss": 0.0,
    "mae": 0.816,
    "mse": 1.3707,
    "multiclassification_loss": 0.0,
    "ortho_loss": 0.0,
    "pearson": 0.7221,
    "regression_loss": 1.3699,
    "rm2": 0.4743,
    "rmse": 1.1708,
    "sd": 1.1337,
    "spearman": 0.6974,
    "spectral_loss": 0.0
}
                              
Test Results: {
    "ci": 0.775,
    "classification_loss": 0.0,
    "cluster_loss": 0.0,
    "mae": 0.7744,
    "mse": 1.2496,
    "multiclassification_loss": 0.0,
    "ortho_loss": 0.0,
    "pearson": 0.7445,
    "regression_loss": 1.2557,
    "rm2": 0.4996,
    "rmse": 1.1179,
    "sd": 1.0991,
    "spearman": 0.7176,
    "spectral_loss": 0.0
}
                              
                              
----------------------------------------
Epoch 060 with LR 0.000106: Model Results
----------------------------------------
Train MSE Loss: 0.1707, Train CLS Loss: 0.0000, Train MCLS Loss: 0.0000
Protein Cluster Region Loss - Ortho Loss: 0.0000, Cluster Loss: 0.0000
                              
Validation Results: {
    "ci": 0.7679,
    "classification_loss": 0.0,
    "cluster_loss": 0.0,
    "mae": 0.7912,
    "mse": 1.3043,
    "multiclassification_loss": 0.0,
    "ortho_loss": 0.0,
    "pearson": 0.7307,
    "regression_loss": 1.3016,
    "rm2": 0.5077,
    "rmse": 1.142,
    "sd": 1.1186,
    "spearman": 0.7046,
    "spectral_loss": 0.0
}
                              
Test Results: {
    "ci": 0.775,
    "classification_loss": 0.0,
    "cluster_loss": 0.0,
    "mae": 0.7744,
    "mse": 1.2496,
    "multiclassification_loss": 0.0,
    "ortho_loss": 0.0,
    "pearson": 0.7445,
    "regression_loss": 1.2557,
    "rm2": 0.4996,
    "rmse": 1.1179,
    "sd": 1.0991,
    "spearman": 0.7176,
    "spectral_loss": 0.0
}
                              
                              
----------------------------------------
Epoch 061 with LR 0.000101: Model Results
----------------------------------------
Train MSE Loss: 0.1699, Train CLS Loss: 0.0000, Train MCLS Loss: 0.0000
Protein Cluster Region Loss - Ortho Loss: 0.0000, Cluster Loss: 0.0000
                              
Validation Results: {
    "ci": 0.7666,
    "classification_loss": 0.0,
    "cluster_loss": 0.0,
    "mae": 0.799,
    "mse": 1.3447,
    "multiclassification_loss": 0.0,
    "ortho_loss": 0.0,
    "pearson": 0.7246,
    "regression_loss": 1.3431,
    "rm2": 0.4932,
    "rmse": 1.1596,
    "sd": 1.1294,
    "spearman": 0.7009,
    "spectral_loss": 0.0
}
                              
Test Results: {
    "ci": 0.775,
    "classification_loss": 0.0,
    "cluster_loss": 0.0,
    "mae": 0.7744,
    "mse": 1.2496,
    "multiclassification_loss": 0.0,
    "ortho_loss": 0.0,
    "pearson": 0.7445,
    "regression_loss": 1.2557,
    "rm2": 0.4996,
    "rmse": 1.1179,
    "sd": 1.0991,
    "spearman": 0.7176,
    "spectral_loss": 0.0
}
                              
                              
----------------------------------------
Epoch 062 with LR 0.000097: Model Results
----------------------------------------
Train MSE Loss: 0.1607, Train CLS Loss: 0.0000, Train MCLS Loss: 0.0000
Protein Cluster Region Loss - Ortho Loss: 0.0000, Cluster Loss: 0.0000
                              
Validation Results: {
    "ci": 0.7679,
    "classification_loss": 0.0,
    "cluster_loss": 0.0,
    "mae": 0.7951,
    "mse": 1.3221,
    "multiclassification_loss": 0.0,
    "ortho_loss": 0.0,
    "pearson": 0.7288,
    "regression_loss": 1.3201,
    "rm2": 0.5036,
    "rmse": 1.1498,
    "sd": 1.1221,
    "spearman": 0.7039,
    "spectral_loss": 0.0
}
                              
Test Results: {
    "ci": 0.775,
    "classification_loss": 0.0,
    "cluster_loss": 0.0,
    "mae": 0.7744,
    "mse": 1.2496,
    "multiclassification_loss": 0.0,
    "ortho_loss": 0.0,
    "pearson": 0.7445,
    "regression_loss": 1.2557,
    "rm2": 0.4996,
    "rmse": 1.1179,
    "sd": 1.0991,
    "spearman": 0.7176,
    "spectral_loss": 0.0
}
                              
                              
----------------------------------------
Epoch 063 with LR 0.000093: Model Results
----------------------------------------
Train MSE Loss: 0.1554, Train CLS Loss: 0.0000, Train MCLS Loss: 0.0000
Protein Cluster Region Loss - Ortho Loss: 0.0000, Cluster Loss: 0.0000
                              
Validation Results: {
    "ci": 0.7678,
    "classification_loss": 0.0,
    "cluster_loss": 0.0,
    "mae": 0.7925,
    "mse": 1.3199,
    "multiclassification_loss": 0.0,
    "ortho_loss": 0.0,
    "pearson": 0.7287,
    "regression_loss": 1.3179,
    "rm2": 0.5083,
    "rmse": 1.1489,
    "sd": 1.1222,
    "spearman": 0.7035,
    "spectral_loss": 0.0
}
                              
Test Results: {
    "ci": 0.775,
    "classification_loss": 0.0,
    "cluster_loss": 0.0,
    "mae": 0.7744,
    "mse": 1.2496,
    "multiclassification_loss": 0.0,
    "ortho_loss": 0.0,
    "pearson": 0.7445,
    "regression_loss": 1.2557,
    "rm2": 0.4996,
    "rmse": 1.1179,
    "sd": 1.0991,
    "spearman": 0.7176,
    "spectral_loss": 0.0
}
                              
                              
----------------------------------------
Epoch 064 with LR 0.000088: Model Results
----------------------------------------
Train MSE Loss: 0.1511, Train CLS Loss: 0.0000, Train MCLS Loss: 0.0000
Protein Cluster Region Loss - Ortho Loss: 0.0000, Cluster Loss: 0.0000
                              
Validation Results: {
    "ci": 0.7654,
    "classification_loss": 0.0,
    "cluster_loss": 0.0,
    "mae": 0.8007,
    "mse": 1.3419,
    "multiclassification_loss": 0.0,
    "ortho_loss": 0.0,
    "pearson": 0.7249,
    "regression_loss": 1.3401,
    "rm2": 0.4837,
    "rmse": 1.1584,
    "sd": 1.1289,
    "spearman": 0.6989,
    "spectral_loss": 0.0
}
                              
Test Results: {
    "ci": 0.775,
    "classification_loss": 0.0,
    "cluster_loss": 0.0,
    "mae": 0.7744,
    "mse": 1.2496,
    "multiclassification_loss": 0.0,
    "ortho_loss": 0.0,
    "pearson": 0.7445,
    "regression_loss": 1.2557,
    "rm2": 0.4996,
    "rmse": 1.1179,
    "sd": 1.0991,
    "spearman": 0.7176,
    "spectral_loss": 0.0
}
                              
                              
----------------------------------------
Epoch 065 with LR 0.000084: Model Results
----------------------------------------
Train MSE Loss: 0.1440, Train CLS Loss: 0.0000, Train MCLS Loss: 0.0000
Protein Cluster Region Loss - Ortho Loss: 0.0000, Cluster Loss: 0.0000
                              
Validation Results: {
    "ci": 0.7665,
    "classification_loss": 0.0,
    "cluster_loss": 0.0,
    "mae": 0.8027,
    "mse": 1.3595,
    "multiclassification_loss": 0.0,
    "ortho_loss": 0.0,
    "pearson": 0.7236,
    "regression_loss": 1.3595,
    "rm2": 0.4901,
    "rmse": 1.166,
    "sd": 1.131,
    "spearman": 0.701,
    "spectral_loss": 0.0
}
                              
Test Results: {
    "ci": 0.775,
    "classification_loss": 0.0,
    "cluster_loss": 0.0,
    "mae": 0.7744,
    "mse": 1.2496,
    "multiclassification_loss": 0.0,
    "ortho_loss": 0.0,
    "pearson": 0.7445,
    "regression_loss": 1.2557,
    "rm2": 0.4996,
    "rmse": 1.1179,
    "sd": 1.0991,
    "spearman": 0.7176,
    "spectral_loss": 0.0
}
                              
                              
----------------------------------------
Epoch 066 with LR 0.000080: Model Results
----------------------------------------
Train MSE Loss: 0.1381, Train CLS Loss: 0.0000, Train MCLS Loss: 0.0000
Protein Cluster Region Loss - Ortho Loss: 0.0000, Cluster Loss: 0.0000
                              
Validation Results: {
    "ci": 0.7656,
    "classification_loss": 0.0,
    "cluster_loss": 0.0,
    "mae": 0.8088,
    "mse": 1.3693,
    "multiclassification_loss": 0.0,
    "ortho_loss": 0.0,
    "pearson": 0.7231,
    "regression_loss": 1.3711,
    "rm2": 0.4926,
    "rmse": 1.1702,
    "sd": 1.1318,
    "spearman": 0.699,
    "spectral_loss": 0.0
}
                              
Test Results: {
    "ci": 0.775,
    "classification_loss": 0.0,
    "cluster_loss": 0.0,
    "mae": 0.7744,
    "mse": 1.2496,
    "multiclassification_loss": 0.0,
    "ortho_loss": 0.0,
    "pearson": 0.7445,
    "regression_loss": 1.2557,
    "rm2": 0.4996,
    "rmse": 1.1179,
    "sd": 1.0991,
    "spearman": 0.7176,
    "spectral_loss": 0.0
}
                              
                              
----------------------------------------
Epoch 067 with LR 0.000076: Model Results
----------------------------------------
Train MSE Loss: 0.1336, Train CLS Loss: 0.0000, Train MCLS Loss: 0.0000
Protein Cluster Region Loss - Ortho Loss: 0.0000, Cluster Loss: 0.0000
                              
Validation Results: {
    "ci": 0.765,
    "classification_loss": 0.0,
    "cluster_loss": 0.0,
    "mae": 0.8031,
    "mse": 1.3593,
    "multiclassification_loss": 0.0,
    "ortho_loss": 0.0,
    "pearson": 0.7234,
    "regression_loss": 1.3608,
    "rm2": 0.4728,
    "rmse": 1.1659,
    "sd": 1.1314,
    "spearman": 0.6974,
    "spectral_loss": 0.0
}
                              
Test Results: {
    "ci": 0.775,
    "classification_loss": 0.0,
    "cluster_loss": 0.0,
    "mae": 0.7744,
    "mse": 1.2496,
    "multiclassification_loss": 0.0,
    "ortho_loss": 0.0,
    "pearson": 0.7445,
    "regression_loss": 1.2557,
    "rm2": 0.4996,
    "rmse": 1.1179,
    "sd": 1.0991,
    "spearman": 0.7176,
    "spectral_loss": 0.0
}
                              
                              
----------------------------------------
Epoch 068 with LR 0.000072: Model Results
----------------------------------------
Train MSE Loss: 0.1295, Train CLS Loss: 0.0000, Train MCLS Loss: 0.0000
Protein Cluster Region Loss - Ortho Loss: 0.0000, Cluster Loss: 0.0000
                              
Validation Results: {
    "ci": 0.7652,
    "classification_loss": 0.0,
    "cluster_loss": 0.0,
    "mae": 0.8037,
    "mse": 1.355,
    "multiclassification_loss": 0.0,
    "ortho_loss": 0.0,
    "pearson": 0.7246,
    "regression_loss": 1.3539,
    "rm2": 0.4928,
    "rmse": 1.164,
    "sd": 1.1293,
    "spearman": 0.6972,
    "spectral_loss": 0.0
}
                              
Test Results: {
    "ci": 0.775,
    "classification_loss": 0.0,
    "cluster_loss": 0.0,
    "mae": 0.7744,
    "mse": 1.2496,
    "multiclassification_loss": 0.0,
    "ortho_loss": 0.0,
    "pearson": 0.7445,
    "regression_loss": 1.2557,
    "rm2": 0.4996,
    "rmse": 1.1179,
    "sd": 1.0991,
    "spearman": 0.7176,
    "spectral_loss": 0.0
}
                              
                              
----------------------------------------
Epoch 069 with LR 0.000068: Model Results
----------------------------------------
Train MSE Loss: 0.1235, Train CLS Loss: 0.0000, Train MCLS Loss: 0.0000
Protein Cluster Region Loss - Ortho Loss: 0.0000, Cluster Loss: 0.0000
                              
Validation Results: {
    "ci": 0.766,
    "classification_loss": 0.0,
    "cluster_loss": 0.0,
    "mae": 0.8021,
    "mse": 1.3596,
    "multiclassification_loss": 0.0,
    "ortho_loss": 0.0,
    "pearson": 0.7228,
    "regression_loss": 1.3601,
    "rm2": 0.492,
    "rmse": 1.166,
    "sd": 1.1324,
    "spearman": 0.6993,
    "spectral_loss": 0.0
}
                              
Test Results: {
    "ci": 0.775,
    "classification_loss": 0.0,
    "cluster_loss": 0.0,
    "mae": 0.7744,
    "mse": 1.2496,
    "multiclassification_loss": 0.0,
    "ortho_loss": 0.0,
    "pearson": 0.7445,
    "regression_loss": 1.2557,
    "rm2": 0.4996,
    "rmse": 1.1179,
    "sd": 1.0991,
    "spearman": 0.7176,
    "spectral_loss": 0.0
}
                              
                              
----------------------------------------
Epoch 070 with LR 0.000064: Model Results
----------------------------------------
Train MSE Loss: 0.1182, Train CLS Loss: 0.0000, Train MCLS Loss: 0.0000
Protein Cluster Region Loss - Ortho Loss: 0.0000, Cluster Loss: 0.0000
                              
Validation Results: {
    "ci": 0.7657,
    "classification_loss": 0.0,
    "cluster_loss": 0.0,
    "mae": 0.8095,
    "mse": 1.377,
    "multiclassification_loss": 0.0,
    "ortho_loss": 0.0,
    "pearson": 0.7228,
    "regression_loss": 1.3763,
    "rm2": 0.4935,
    "rmse": 1.1735,
    "sd": 1.1324,
    "spearman": 0.6993,
    "spectral_loss": 0.0
}
                              
Test Results: {
    "ci": 0.775,
    "classification_loss": 0.0,
    "cluster_loss": 0.0,
    "mae": 0.7744,
    "mse": 1.2496,
    "multiclassification_loss": 0.0,
    "ortho_loss": 0.0,
    "pearson": 0.7445,
    "regression_loss": 1.2557,
    "rm2": 0.4996,
    "rmse": 1.1179,
    "sd": 1.0991,
    "spearman": 0.7176,
    "spectral_loss": 0.0
}
                              
                              
----------------------------------------
Epoch 071 with LR 0.000060: Model Results
----------------------------------------
Train MSE Loss: 0.1146, Train CLS Loss: 0.0000, Train MCLS Loss: 0.0000
Protein Cluster Region Loss - Ortho Loss: 0.0000, Cluster Loss: 0.0000
                              
Validation Results: {
    "ci": 0.7677,
    "classification_loss": 0.0,
    "cluster_loss": 0.0,
    "mae": 0.7977,
    "mse": 1.3542,
    "multiclassification_loss": 0.0,
    "ortho_loss": 0.0,
    "pearson": 0.7256,
    "regression_loss": 1.3552,
    "rm2": 0.4835,
    "rmse": 1.1637,
    "sd": 1.1276,
    "spearman": 0.7032,
    "spectral_loss": 0.0
}
                              
Test Results: {
    "ci": 0.775,
    "classification_loss": 0.0,
    "cluster_loss": 0.0,
    "mae": 0.7744,
    "mse": 1.2496,
    "multiclassification_loss": 0.0,
    "ortho_loss": 0.0,
    "pearson": 0.7445,
    "regression_loss": 1.2557,
    "rm2": 0.4996,
    "rmse": 1.1179,
    "sd": 1.0991,
    "spearman": 0.7176,
    "spectral_loss": 0.0
}

Early stopping at epoch 71 (no improvement for 25 epochs)
[best epoch] epoch=46, best_rmse=1.1402, lr_at_best=1.714e-04
                              
                              
----------------------------------------
Epoch 071 with LR 0.000060: Model Results
----------------------------------------
Train MSE Loss: 0.1146, Train CLS Loss: 0.0000, Train MCLS Loss: 0.0000
Protein Cluster Region Loss - Ortho Loss: 0.0000, Cluster Loss: 0.0000
                              
Validation Results: {
    "ci": 0.7677,
    "classification_loss": 0.0,
    "cluster_loss": 0.0,
    "mae": 0.7977,
    "mse": 1.3542,
    "multiclassification_loss": 0.0,
    "ortho_loss": 0.0,
    "pearson": 0.7256,
    "regression_loss": 1.3552,
    "rm2": 0.4835,
    "rmse": 1.1637,
    "sd": 1.1276,
    "spearman": 0.7032,
    "spectral_loss": 0.0
}
                              
Test Results: {
    "ci": 0.775,
    "classification_loss": 0.0,
    "cluster_loss": 0.0,
    "mae": 0.7744,
    "mse": 1.2496,
    "multiclassification_loss": 0.0,
    "ortho_loss": 0.0,
    "pearson": 0.7445,
    "regression_loss": 1.2557,
    "rm2": 0.4996,
    "rmse": 1.1179,
    "sd": 1.0991,
    "spearman": 0.7176,
    "spectral_loss": 0.0
}
Final test metrics: rmse=1.1177, pearson=0.7445, r2_proxy(mse)=1.2494
Done. Predictions: /sc/arion/projects/DiseaseGeneCell/Huang_lab_project/wangcDrugRepoProject/TRACE_Kin_Results_v7_sged/catpred_dataset/catpred_kcat_MUTAPLM_embedding_random/test_prediction_seed1.csv; checkpoint: /sc/arion/projects/DiseaseGeneCell/Huang_lab_project/wangcDrugRepoProject/TRACE_Kin_Results_v7_sged/catpred_dataset/catpred_kcat_MUTAPLM_embedding_random/save_model_seed1/model.pt

==========================================
Array task 2/10: OK (catpred_kcat_MUTAPLM_embedding_random)
==========================================


PS:

Read file <243543426.2.stderr> for stderr output of this job.

