Sender: LSF System <lsfadmin@lg02e16>
Subject: Job 243611669[1]: <trace_kin_v7_perfolder_s2[1-10]> in cluster <chimera> Done

Job <trace_kin_v7_perfolder_s2[1-10]> was submitted from host <li04e04> by user <wangc40> in cluster <chimera> at Tue May 12 12:49:01 2026
Job was executed on host(s) <16*lg02e16>, in queue <gpu>, as user <wangc40> in cluster <chimera> at Tue May 12 12:49:05 2026
</hpc/users/wangc40> was used as the home directory.
</sc/arion/projects/DiseaseGeneCell/Huang_lab_project/wangcDrugRepoProject/TRACE-Kin> was used as the working directory.
Started at Tue May 12 12:49:05 2026
Terminated at Tue May 12 13:45:15 2026
Results reported at Tue May 12 13:45:15 2026

Your job looked like:

------------------------------------------------------------
# LSBATCH: User input
#!/bin/bash
#BSUB -J trace_kin_v7_perfolder_s2[1-10]
#BSUB -P acc_DiseaseGeneCell
#BSUB -q gpu
#BSUB -R h100nvl
#BSUB -gpu num=1
#BSUB -n 16
#BSUB -R "rusage[mem=15000]"
#BSUB -R "span[hosts=1]"
#BSUB -W 48:00
#BSUB -o %J.%I.stdout
#BSUB -eo %J.%I.stderr
#BSUB -L /bin/bash

# =============================================================================
# TRACE-Kin v7 (SGED) PER-FOLDER — top-10 cells, seed 2
# =============================================================================

# --- Environment -------------------------------------------------------------
ml purge
source ~/.bashrc
module load anaconda3/2024.06
source activate test
module load cuda/12.4.0
export RAYON_NUM_THREADS=4
export PYTORCH_CUDA_ALLOC_CONF=expandable_segments:True
export PYTHONPATH="$PWD${PYTHONPATH:+:$PYTHONPATH}"

# --- Knobs (env overrides) ---------------------------------------------------
ENZYME_BASE="${ENZYME_BASE:-/sc/arion/projects/DiseaseGeneCell/Huang_lab_project/drug_discovery/output/data/enzyme_embeddings_dataset}"
RESULT_BASE="${RESULT_BASE:-/sc/arion/projects/DiseaseGeneCell/Huang_lab_project/wangcDrugRepoProject/TRACE_Kin_Results_v7_sged}"
MOLFORMER_PATH="${MOLFORMER_PATH:-/sc/arion/projects/DiseaseGeneCell/Huang_lab_project/wangcDrugRepoProject/transformersmodels/ibm/MoLFormer-XL-both-10pct}"
CONFIG_PATH="${CONFIG_PATH:-training/config_v7.json}"
EPOCHS="${EPOCHS:-100}"
BATCH_SIZE="${BATCH_SIZE:-16}"
SEED=2
LRATE="${LRATE:-3e-4}"

# --- Per-array-index table (10 cells, MUTAPLM embedding) ---------------------
JOBS=(
    "EITLEM_dataset|EITLEM_kkm_MUTAPLM_embedding_cold_drug|"
    "catpred_dataset|catpred_kcat_MUTAPLM_embedding_random|"
    "inhouse_dataset|inhouse_Kd_MUTAPLM_embedding_random|"
    "EITLEM_dataset|EITLEM_kkm_MUTAPLM_embedding_random|"
    "EITLEM_dataset|EITLEM_kcat_MUTAPLM_embedding_cold_drug|"
    "MPEK_dataset|MPEK_kcat_MUTAPLM_embedding_cold_protein|"
    "EITLEM_dataset|EITLEM_km_MUTAPLM_embedding_cold_protein|"
    "catpred_dataset|catpred_ki_MUTAPLM_embedding_cold_protein|"
    "EITLEM_dataset|EITLEM_kkm_MUTAPLM_embedding_cold_protein|"
    "EITLEM_dataset|EITLEM_kcat_MUTAPLM_embedding_cold_protein|"

(... more ...)
------------------------------------------------------------

Successfully completed.

Resource usage summary:

    CPU time :                                   3739.00 sec.
    Max Memory :                                 25304 MB
    Average Memory :                             24361.44 MB
    Total Requested Memory :                     240000.00 MB
    Delta Memory :                               214696.00 MB
    Max Swap :                                   -
    Max Processes :                              21
    Max Threads :                                53
    Run time :                                   3370 sec.
    Turnaround time :                            3374 sec.

The output (if any) follows:

==========================================
TRACE-Kin v7 (SGED) PER-FOLDER task 1/10 [seed=2]
==========================================
Date:        Tue May 12 12:49:08 EDT 2026
Dataset:     /sc/arion/projects/DiseaseGeneCell/Huang_lab_project/drug_discovery/output/data/enzyme_embeddings_dataset/EITLEM_dataset/EITLEM_kkm_MUTAPLM_embedding_cold_drug
Result:      /sc/arion/projects/DiseaseGeneCell/Huang_lab_project/wangcDrugRepoProject/TRACE_Kin_Results_v7_sged/EITLEM_dataset/EITLEM_kkm_MUTAPLM_embedding_cold_drug
Config:      training/config_v7.json
Epochs:      100, batch=16, seed=2, lr=3e-4
==========================================
Python 3.12.2
CUDA device: NVIDIA H100 80GB HBM3, sm_90
============================================================
TRACE-Kin training
============================================================
Datafolder:        /sc/arion/projects/DiseaseGeneCell/Huang_lab_project/drug_discovery/output/data/enzyme_embeddings_dataset/EITLEM_dataset/EITLEM_kkm_MUTAPLM_embedding_cold_drug
Result path:       /sc/arion/projects/DiseaseGeneCell/Huang_lab_project/wangcDrugRepoProject/TRACE_Kin_Results_v7_sged/EITLEM_dataset/EITLEM_kkm_MUTAPLM_embedding_cold_drug
Config:            training/config_v7.json
Pool train CSVs:   (none)
============================================================
[mem] before load_split_dataframes             max RSS = 0.62 GB
Loading primary train (essential cols): /sc/arion/projects/DiseaseGeneCell/Huang_lab_project/drug_discovery/output/data/enzyme_embeddings_dataset/EITLEM_dataset/EITLEM_kkm_MUTAPLM_embedding_cold_drug/train.parquet
Loading primary test (essential cols): /sc/arion/projects/DiseaseGeneCell/Huang_lab_project/drug_discovery/output/data/enzyme_embeddings_dataset/EITLEM_dataset/EITLEM_kkm_MUTAPLM_embedding_cold_drug/test.parquet
Loading primary val (essential cols): /sc/arion/projects/DiseaseGeneCell/Huang_lab_project/drug_discovery/output/data/enzyme_embeddings_dataset/EITLEM_dataset/EITLEM_kkm_MUTAPLM_embedding_cold_drug/val.parquet
Detected prot_evo_channels = 4096 (1-row sample)
[mem] after load_split_dataframes (lite — feature cols not loaded) max RSS = 0.81 GB
model_version: v7, use_swa: False
Reusing protein cache: /sc/arion/projects/DiseaseGeneCell/Huang_lab_project/drug_discovery/output/data/enzyme_embeddings_dataset/EITLEM_dataset/EITLEM_kkm_MUTAPLM_embedding_cold_drug/protein.pt
Reusing ligand cache: /sc/arion/projects/DiseaseGeneCell/Huang_lab_project/drug_discovery/output/data/enzyme_embeddings_dataset/EITLEM_dataset/EITLEM_kkm_MUTAPLM_embedding_cold_drug/ligand.pt
[mem] after preprocess                         max RSS = 23.00 GB
loaders ready: train=610 test=156 val=93
[mem] after make_loaders                       max RSS = 23.00 GB
Built TraceKinV7 with 73,505,548 parameters
[AMP] enabled: dtype=torch.bfloat16
[LR schedule] schedule_lr=True, lrate=0.0003, min_lrate=1e-06, warmup_iters=500, lr_decay_iters=61000, total_iters=61000
Not in terminal, reprint now using normal build-in print function.
                              
                              
----------------------------------------
Epoch 001 with LR 0.000300: Model Results
----------------------------------------
Train MSE Loss: 3.2129, Train CLS Loss: 0.0000, Train MCLS Loss: 0.0000
Protein Cluster Region Loss - Ortho Loss: 0.0000, Cluster Loss: 0.0000
                              
Validation Results: {
    "ci": 0.6293,
    "classification_loss": 0.0,
    "cluster_loss": 0.0,
    "mae": 1.3233,
    "mse": 2.8045,
    "multiclassification_loss": 0.0,
    "ortho_loss": 0.0,
    "pearson": 0.4049,
    "regression_loss": 2.8128,
    "rm2": 0.1559,
    "rmse": 1.6747,
    "sd": 1.6605,
    "spearman": 0.384,
    "spectral_loss": 0.0511
}
                              
Test Results: {
    "ci": 0.5999,
    "classification_loss": 0.0,
    "cluster_loss": 0.0,
    "mae": 1.2811,
    "mse": 2.6149,
    "multiclassification_loss": 0.0,
    "ortho_loss": 0.0,
    "pearson": 0.3116,
    "regression_loss": 2.6086,
    "rm2": 0.0919,
    "rmse": 1.6171,
    "sd": 1.603,
    "spearman": 0.2923,
    "spectral_loss": 0.0496
}
                              
                              
----------------------------------------
Epoch 002 with LR 0.000300: Model Results
----------------------------------------
Train MSE Loss: 2.4378, Train CLS Loss: 0.0000, Train MCLS Loss: 0.0000
Protein Cluster Region Loss - Ortho Loss: 0.0000, Cluster Loss: 0.0000
                              
Validation Results: {
    "ci": 0.6708,
    "classification_loss": 0.0,
    "cluster_loss": 0.0,
    "mae": 1.4027,
    "mse": 3.1729,
    "multiclassification_loss": 0.0,
    "ortho_loss": 0.0,
    "pearson": 0.5198,
    "regression_loss": 3.1645,
    "rm2": 0.2275,
    "rmse": 1.7813,
    "sd": 1.5514,
    "spearman": 0.4912,
    "spectral_loss": 0.0508
}
                              
Test Results: {
    "ci": 0.5999,
    "classification_loss": 0.0,
    "cluster_loss": 0.0,
    "mae": 1.2811,
    "mse": 2.6149,
    "multiclassification_loss": 0.0,
    "ortho_loss": 0.0,
    "pearson": 0.3116,
    "regression_loss": 2.6086,
    "rm2": 0.0919,
    "rmse": 1.6171,
    "sd": 1.603,
    "spearman": 0.2923,
    "spectral_loss": 0.0496
}
                              
                              
----------------------------------------
Epoch 003 with LR 0.000300: Model Results
----------------------------------------
Train MSE Loss: 1.8717, Train CLS Loss: 0.0000, Train MCLS Loss: 0.0000
Protein Cluster Region Loss - Ortho Loss: 0.0000, Cluster Loss: 0.0000
                              
Validation Results: {
    "ci": 0.6886,
    "classification_loss": 0.0,
    "cluster_loss": 0.0,
    "mae": 1.2158,
    "mse": 2.4245,
    "multiclassification_loss": 0.0,
    "ortho_loss": 0.0,
    "pearson": 0.553,
    "regression_loss": 2.4461,
    "rm2": 0.2651,
    "rmse": 1.5571,
    "sd": 1.5131,
    "spearman": 0.5383,
    "spectral_loss": 0.0421
}
                              
Test Results: {
    "ci": 0.6442,
    "classification_loss": 0.0,
    "cluster_loss": 0.0,
    "mae": 1.2149,
    "mse": 2.4424,
    "multiclassification_loss": 0.0,
    "ortho_loss": 0.0,
    "pearson": 0.4525,
    "regression_loss": 2.4397,
    "rm2": 0.1887,
    "rmse": 1.5628,
    "sd": 1.5044,
    "spearman": 0.4162,
    "spectral_loss": 0.0416
}
                              
                              
----------------------------------------
Epoch 004 with LR 0.000299: Model Results
----------------------------------------
Train MSE Loss: 1.6318, Train CLS Loss: 0.0000, Train MCLS Loss: 0.0000
Protein Cluster Region Loss - Ortho Loss: 0.0000, Cluster Loss: 0.0000
                              
Validation Results: {
    "ci": 0.6993,
    "classification_loss": 0.0,
    "cluster_loss": 0.0,
    "mae": 1.2521,
    "mse": 2.5964,
    "multiclassification_loss": 0.0,
    "ortho_loss": 0.0,
    "pearson": 0.576,
    "regression_loss": 2.6526,
    "rm2": 0.2597,
    "rmse": 1.6113,
    "sd": 1.4845,
    "spearman": 0.5648,
    "spectral_loss": 0.0404
}
                              
Test Results: {
    "ci": 0.6442,
    "classification_loss": 0.0,
    "cluster_loss": 0.0,
    "mae": 1.2149,
    "mse": 2.4424,
    "multiclassification_loss": 0.0,
    "ortho_loss": 0.0,
    "pearson": 0.4525,
    "regression_loss": 2.4397,
    "rm2": 0.1887,
    "rmse": 1.5628,
    "sd": 1.5044,
    "spearman": 0.4162,
    "spectral_loss": 0.0416
}
                              
                              
----------------------------------------
Epoch 005 with LR 0.000299: Model Results
----------------------------------------
Train MSE Loss: 1.4604, Train CLS Loss: 0.0000, Train MCLS Loss: 0.0000
Protein Cluster Region Loss - Ortho Loss: 0.0000, Cluster Loss: 0.0000
                              
Validation Results: {
    "ci": 0.7054,
    "classification_loss": 0.0,
    "cluster_loss": 0.0,
    "mae": 1.1064,
    "mse": 2.1572,
    "multiclassification_loss": 0.0,
    "ortho_loss": 0.0,
    "pearson": 0.5902,
    "regression_loss": 2.2015,
    "rm2": 0.3329,
    "rmse": 1.4687,
    "sd": 1.466,
    "spearman": 0.574,
    "spectral_loss": 0.0394
}
                              
Test Results: {
    "ci": 0.6604,
    "classification_loss": 0.0,
    "cluster_loss": 0.0,
    "mae": 1.1428,
    "mse": 2.203,
    "multiclassification_loss": 0.0,
    "ortho_loss": 0.0,
    "pearson": 0.4969,
    "regression_loss": 2.1998,
    "rm2": 0.2328,
    "rmse": 1.4842,
    "sd": 1.464,
    "spearman": 0.4582,
    "spectral_loss": 0.0392
}
                              
                              
----------------------------------------
Epoch 006 with LR 0.000298: Model Results
----------------------------------------
Train MSE Loss: 1.3740, Train CLS Loss: 0.0000, Train MCLS Loss: 0.0000
Protein Cluster Region Loss - Ortho Loss: 0.0000, Cluster Loss: 0.0000
                              
Validation Results: {
    "ci": 0.7036,
    "classification_loss": 0.0,
    "cluster_loss": 0.0,
    "mae": 1.1516,
    "mse": 2.2555,
    "multiclassification_loss": 0.0,
    "ortho_loss": 0.0,
    "pearson": 0.5952,
    "regression_loss": 2.2853,
    "rm2": 0.3369,
    "rmse": 1.5018,
    "sd": 1.4594,
    "spearman": 0.5712,
    "spectral_loss": 0.0401
}
                              
Test Results: {
    "ci": 0.6604,
    "classification_loss": 0.0,
    "cluster_loss": 0.0,
    "mae": 1.1428,
    "mse": 2.203,
    "multiclassification_loss": 0.0,
    "ortho_loss": 0.0,
    "pearson": 0.4969,
    "regression_loss": 2.1998,
    "rm2": 0.2328,
    "rmse": 1.4842,
    "sd": 1.464,
    "spearman": 0.4582,
    "spectral_loss": 0.0392
}
                              
                              
----------------------------------------
Epoch 007 with LR 0.000297: Model Results
----------------------------------------
Train MSE Loss: 1.3109, Train CLS Loss: 0.0000, Train MCLS Loss: 0.0000
Protein Cluster Region Loss - Ortho Loss: 0.0000, Cluster Loss: 0.0000
                              
Validation Results: {
    "ci": 0.6998,
    "classification_loss": 0.0,
    "cluster_loss": 0.0,
    "mae": 1.1232,
    "mse": 2.2531,
    "multiclassification_loss": 0.0,
    "ortho_loss": 0.0,
    "pearson": 0.5763,
    "regression_loss": 2.2751,
    "rm2": 0.316,
    "rmse": 1.501,
    "sd": 1.4842,
    "spearman": 0.5596,
    "spectral_loss": 0.0382
}
                              
Test Results: {
    "ci": 0.6604,
    "classification_loss": 0.0,
    "cluster_loss": 0.0,
    "mae": 1.1428,
    "mse": 2.203,
    "multiclassification_loss": 0.0,
    "ortho_loss": 0.0,
    "pearson": 0.4969,
    "regression_loss": 2.1998,
    "rm2": 0.2328,
    "rmse": 1.4842,
    "sd": 1.464,
    "spearman": 0.4582,
    "spectral_loss": 0.0392
}
                              
                              
----------------------------------------
Epoch 008 with LR 0.000296: Model Results
----------------------------------------
Train MSE Loss: 1.2435, Train CLS Loss: 0.0000, Train MCLS Loss: 0.0000
Protein Cluster Region Loss - Ortho Loss: 0.0000, Cluster Loss: 0.0000
                              
Validation Results: {
    "ci": 0.6969,
    "classification_loss": 0.0,
    "cluster_loss": 0.0,
    "mae": 1.1555,
    "mse": 2.3732,
    "multiclassification_loss": 0.0,
    "ortho_loss": 0.0,
    "pearson": 0.5705,
    "regression_loss": 2.4131,
    "rm2": 0.2833,
    "rmse": 1.5405,
    "sd": 1.4915,
    "spearman": 0.5558,
    "spectral_loss": 0.0377
}
                              
Test Results: {
    "ci": 0.6604,
    "classification_loss": 0.0,
    "cluster_loss": 0.0,
    "mae": 1.1428,
    "mse": 2.203,
    "multiclassification_loss": 0.0,
    "ortho_loss": 0.0,
    "pearson": 0.4969,
    "regression_loss": 2.1998,
    "rm2": 0.2328,
    "rmse": 1.4842,
    "sd": 1.464,
    "spearman": 0.4582,
    "spectral_loss": 0.0392
}
                              
                              
----------------------------------------
Epoch 009 with LR 0.000295: Model Results
----------------------------------------
Train MSE Loss: 1.1962, Train CLS Loss: 0.0000, Train MCLS Loss: 0.0000
Protein Cluster Region Loss - Ortho Loss: 0.0000, Cluster Loss: 0.0000
                              
Validation Results: {
    "ci": 0.7013,
    "classification_loss": 0.0,
    "cluster_loss": 0.0,
    "mae": 1.1074,
    "mse": 2.1803,
    "multiclassification_loss": 0.0,
    "ortho_loss": 0.0,
    "pearson": 0.583,
    "regression_loss": 2.2279,
    "rm2": 0.3295,
    "rmse": 1.4766,
    "sd": 1.4755,
    "spearman": 0.5609,
    "spectral_loss": 0.0371
}
                              
Test Results: {
    "ci": 0.6604,
    "classification_loss": 0.0,
    "cluster_loss": 0.0,
    "mae": 1.1428,
    "mse": 2.203,
    "multiclassification_loss": 0.0,
    "ortho_loss": 0.0,
    "pearson": 0.4969,
    "regression_loss": 2.1998,
    "rm2": 0.2328,
    "rmse": 1.4842,
    "sd": 1.464,
    "spearman": 0.4582,
    "spectral_loss": 0.0392
}
                              
                              
----------------------------------------
Epoch 010 with LR 0.000294: Model Results
----------------------------------------
Train MSE Loss: 1.3366, Train CLS Loss: 0.0000, Train MCLS Loss: 0.0000
Protein Cluster Region Loss - Ortho Loss: 0.0000, Cluster Loss: 0.0000
                              
Validation Results: {
    "ci": 0.7114,
    "classification_loss": 0.0,
    "cluster_loss": 0.0,
    "mae": 1.0848,
    "mse": 2.1314,
    "multiclassification_loss": 0.0,
    "ortho_loss": 0.0,
    "pearson": 0.607,
    "regression_loss": 2.1861,
    "rm2": 0.3638,
    "rmse": 1.4599,
    "sd": 1.4432,
    "spearman": 0.5891,
    "spectral_loss": 0.0362
}
                              
Test Results: {
    "ci": 0.6599,
    "classification_loss": 0.0,
    "cluster_loss": 0.0,
    "mae": 1.159,
    "mse": 2.3209,
    "multiclassification_loss": 0.0,
    "ortho_loss": 0.0,
    "pearson": 0.5011,
    "regression_loss": 2.3186,
    "rm2": 0.2418,
    "rmse": 1.5235,
    "sd": 1.4599,
    "spearman": 0.4545,
    "spectral_loss": 0.0364
}
                              
                              
----------------------------------------
Epoch 011 with LR 0.000292: Model Results
----------------------------------------
Train MSE Loss: 1.1221, Train CLS Loss: 0.0000, Train MCLS Loss: 0.0000
Protein Cluster Region Loss - Ortho Loss: 0.0000, Cluster Loss: 0.0000
                              
Validation Results: {
    "ci": 0.6946,
    "classification_loss": 0.0,
    "cluster_loss": 0.0,
    "mae": 1.1467,
    "mse": 2.3162,
    "multiclassification_loss": 0.0,
    "ortho_loss": 0.0,
    "pearson": 0.5665,
    "regression_loss": 2.3746,
    "rm2": 0.2822,
    "rmse": 1.5219,
    "sd": 1.4965,
    "spearman": 0.5445,
    "spectral_loss": 0.0362
}
                              
Test Results: {
    "ci": 0.6599,
    "classification_loss": 0.0,
    "cluster_loss": 0.0,
    "mae": 1.159,
    "mse": 2.3209,
    "multiclassification_loss": 0.0,
    "ortho_loss": 0.0,
    "pearson": 0.5011,
    "regression_loss": 2.3186,
    "rm2": 0.2418,
    "rmse": 1.5235,
    "sd": 1.4599,
    "spearman": 0.4545,
    "spectral_loss": 0.0364
}
                              
                              
----------------------------------------
Epoch 012 with LR 0.000291: Model Results
----------------------------------------
Train MSE Loss: 1.0945, Train CLS Loss: 0.0000, Train MCLS Loss: 0.0000
Protein Cluster Region Loss - Ortho Loss: 0.0000, Cluster Loss: 0.0000
                              
Validation Results: {
    "ci": 0.7142,
    "classification_loss": 0.0,
    "cluster_loss": 0.0,
    "mae": 1.0843,
    "mse": 2.1412,
    "multiclassification_loss": 0.0,
    "ortho_loss": 0.0,
    "pearson": 0.6032,
    "regression_loss": 2.1875,
    "rm2": 0.3412,
    "rmse": 1.4633,
    "sd": 1.4484,
    "spearman": 0.5962,
    "spectral_loss": 0.0356
}
                              
Test Results: {
    "ci": 0.6599,
    "classification_loss": 0.0,
    "cluster_loss": 0.0,
    "mae": 1.159,
    "mse": 2.3209,
    "multiclassification_loss": 0.0,
    "ortho_loss": 0.0,
    "pearson": 0.5011,
    "regression_loss": 2.3186,
    "rm2": 0.2418,
    "rmse": 1.5235,
    "sd": 1.4599,
    "spearman": 0.4545,
    "spectral_loss": 0.0364
}
                              
                              
----------------------------------------
Epoch 013 with LR 0.000289: Model Results
----------------------------------------
Train MSE Loss: 1.0588, Train CLS Loss: 0.0000, Train MCLS Loss: 0.0000
Protein Cluster Region Loss - Ortho Loss: 0.0000, Cluster Loss: 0.0000
                              
Validation Results: {
    "ci": 0.6991,
    "classification_loss": 0.0,
    "cluster_loss": 0.0,
    "mae": 1.104,
    "mse": 2.187,
    "multiclassification_loss": 0.0,
    "ortho_loss": 0.0,
    "pearson": 0.5831,
    "regression_loss": 2.2238,
    "rm2": 0.3235,
    "rmse": 1.4788,
    "sd": 1.4753,
    "spearman": 0.5576,
    "spectral_loss": 0.0356
}
                              
Test Results: {
    "ci": 0.6599,
    "classification_loss": 0.0,
    "cluster_loss": 0.0,
    "mae": 1.159,
    "mse": 2.3209,
    "multiclassification_loss": 0.0,
    "ortho_loss": 0.0,
    "pearson": 0.5011,
    "regression_loss": 2.3186,
    "rm2": 0.2418,
    "rmse": 1.5235,
    "sd": 1.4599,
    "spearman": 0.4545,
    "spectral_loss": 0.0364
}
                              
                              
----------------------------------------
Epoch 014 with LR 0.000287: Model Results
----------------------------------------
Train MSE Loss: 1.0319, Train CLS Loss: 0.0000, Train MCLS Loss: 0.0000
Protein Cluster Region Loss - Ortho Loss: 0.0000, Cluster Loss: 0.0000
                              
Validation Results: {
    "ci": 0.7062,
    "classification_loss": 0.0,
    "cluster_loss": 0.0,
    "mae": 1.1083,
    "mse": 2.236,
    "multiclassification_loss": 0.0,
    "ortho_loss": 0.0,
    "pearson": 0.5939,
    "regression_loss": 2.2816,
    "rm2": 0.3033,
    "rmse": 1.4953,
    "sd": 1.461,
    "spearman": 0.5749,
    "spectral_loss": 0.035
}
                              
Test Results: {
    "ci": 0.6599,
    "classification_loss": 0.0,
    "cluster_loss": 0.0,
    "mae": 1.159,
    "mse": 2.3209,
    "multiclassification_loss": 0.0,
    "ortho_loss": 0.0,
    "pearson": 0.5011,
    "regression_loss": 2.3186,
    "rm2": 0.2418,
    "rmse": 1.5235,
    "sd": 1.4599,
    "spearman": 0.4545,
    "spectral_loss": 0.0364
}
                              
                              
----------------------------------------
Epoch 015 with LR 0.000285: Model Results
----------------------------------------
Train MSE Loss: 1.0075, Train CLS Loss: 0.0000, Train MCLS Loss: 0.0000
Protein Cluster Region Loss - Ortho Loss: 0.0000, Cluster Loss: 0.0000
                              
Validation Results: {
    "ci": 0.6956,
    "classification_loss": 0.0,
    "cluster_loss": 0.0,
    "mae": 1.1381,
    "mse": 2.3299,
    "multiclassification_loss": 0.0,
    "ortho_loss": 0.0,
    "pearson": 0.5666,
    "regression_loss": 2.3774,
    "rm2": 0.2806,
    "rmse": 1.5264,
    "sd": 1.4964,
    "spearman": 0.549,
    "spectral_loss": 0.0348
}
                              
Test Results: {
    "ci": 0.6599,
    "classification_loss": 0.0,
    "cluster_loss": 0.0,
    "mae": 1.159,
    "mse": 2.3209,
    "multiclassification_loss": 0.0,
    "ortho_loss": 0.0,
    "pearson": 0.5011,
    "regression_loss": 2.3186,
    "rm2": 0.2418,
    "rmse": 1.5235,
    "sd": 1.4599,
    "spearman": 0.4545,
    "spectral_loss": 0.0364
}
                              
                              
----------------------------------------
Epoch 016 with LR 0.000283: Model Results
----------------------------------------
Train MSE Loss: 0.9799, Train CLS Loss: 0.0000, Train MCLS Loss: 0.0000
Protein Cluster Region Loss - Ortho Loss: 0.0000, Cluster Loss: 0.0000
                              
Validation Results: {
    "ci": 0.7025,
    "classification_loss": 0.0,
    "cluster_loss": 0.0,
    "mae": 1.1101,
    "mse": 2.1825,
    "multiclassification_loss": 0.0,
    "ortho_loss": 0.0,
    "pearson": 0.5886,
    "regression_loss": 2.2296,
    "rm2": 0.3201,
    "rmse": 1.4773,
    "sd": 1.4681,
    "spearman": 0.5663,
    "spectral_loss": 0.034
}
                              
Test Results: {
    "ci": 0.6599,
    "classification_loss": 0.0,
    "cluster_loss": 0.0,
    "mae": 1.159,
    "mse": 2.3209,
    "multiclassification_loss": 0.0,
    "ortho_loss": 0.0,
    "pearson": 0.5011,
    "regression_loss": 2.3186,
    "rm2": 0.2418,
    "rmse": 1.5235,
    "sd": 1.4599,
    "spearman": 0.4545,
    "spectral_loss": 0.0364
}
                              
                              
----------------------------------------
Epoch 017 with LR 0.000281: Model Results
----------------------------------------
Train MSE Loss: 0.9595, Train CLS Loss: 0.0000, Train MCLS Loss: 0.0000
Protein Cluster Region Loss - Ortho Loss: 0.0000, Cluster Loss: 0.0000
                              
Validation Results: {
    "ci": 0.7068,
    "classification_loss": 0.0,
    "cluster_loss": 0.0,
    "mae": 1.1133,
    "mse": 2.244,
    "multiclassification_loss": 0.0,
    "ortho_loss": 0.0,
    "pearson": 0.5988,
    "regression_loss": 2.3206,
    "rm2": 0.3087,
    "rmse": 1.498,
    "sd": 1.4545,
    "spearman": 0.5769,
    "spectral_loss": 0.0338
}
                              
Test Results: {
    "ci": 0.6599,
    "classification_loss": 0.0,
    "cluster_loss": 0.0,
    "mae": 1.159,
    "mse": 2.3209,
    "multiclassification_loss": 0.0,
    "ortho_loss": 0.0,
    "pearson": 0.5011,
    "regression_loss": 2.3186,
    "rm2": 0.2418,
    "rmse": 1.5235,
    "sd": 1.4599,
    "spearman": 0.4545,
    "spectral_loss": 0.0364
}
                              
                              
----------------------------------------
Epoch 018 with LR 0.000278: Model Results
----------------------------------------
Train MSE Loss: 0.9390, Train CLS Loss: 0.0000, Train MCLS Loss: 0.0000
Protein Cluster Region Loss - Ortho Loss: 0.0000, Cluster Loss: 0.0000
                              
Validation Results: {
    "ci": 0.7012,
    "classification_loss": 0.0,
    "cluster_loss": 0.0,
    "mae": 1.1279,
    "mse": 2.3278,
    "multiclassification_loss": 0.0,
    "ortho_loss": 0.0,
    "pearson": 0.5846,
    "regression_loss": 2.4012,
    "rm2": 0.2845,
    "rmse": 1.5257,
    "sd": 1.4734,
    "spearman": 0.5632,
    "spectral_loss": 0.0333
}
                              
Test Results: {
    "ci": 0.6599,
    "classification_loss": 0.0,
    "cluster_loss": 0.0,
    "mae": 1.159,
    "mse": 2.3209,
    "multiclassification_loss": 0.0,
    "ortho_loss": 0.0,
    "pearson": 0.5011,
    "regression_loss": 2.3186,
    "rm2": 0.2418,
    "rmse": 1.5235,
    "sd": 1.4599,
    "spearman": 0.4545,
    "spectral_loss": 0.0364
}
                              
                              
----------------------------------------
Epoch 019 with LR 0.000276: Model Results
----------------------------------------
Train MSE Loss: 0.9270, Train CLS Loss: 0.0000, Train MCLS Loss: 0.0000
Protein Cluster Region Loss - Ortho Loss: 0.0000, Cluster Loss: 0.0000
                              
Validation Results: {
    "ci": 0.7019,
    "classification_loss": 0.0,
    "cluster_loss": 0.0,
    "mae": 1.109,
    "mse": 2.2178,
    "multiclassification_loss": 0.0,
    "ortho_loss": 0.0,
    "pearson": 0.5833,
    "regression_loss": 2.2664,
    "rm2": 0.3224,
    "rmse": 1.4892,
    "sd": 1.4751,
    "spearman": 0.5672,
    "spectral_loss": 0.0335
}
                              
Test Results: {
    "ci": 0.6599,
    "classification_loss": 0.0,
    "cluster_loss": 0.0,
    "mae": 1.159,
    "mse": 2.3209,
    "multiclassification_loss": 0.0,
    "ortho_loss": 0.0,
    "pearson": 0.5011,
    "regression_loss": 2.3186,
    "rm2": 0.2418,
    "rmse": 1.5235,
    "sd": 1.4599,
    "spearman": 0.4545,
    "spectral_loss": 0.0364
}
                              
                              
----------------------------------------
Epoch 020 with LR 0.000273: Model Results
----------------------------------------
Train MSE Loss: 0.9130, Train CLS Loss: 0.0000, Train MCLS Loss: 0.0000
Protein Cluster Region Loss - Ortho Loss: 0.0000, Cluster Loss: 0.0000
                              
Validation Results: {
    "ci": 0.7057,
    "classification_loss": 0.0,
    "cluster_loss": 0.0,
    "mae": 1.1037,
    "mse": 2.2263,
    "multiclassification_loss": 0.0,
    "ortho_loss": 0.0,
    "pearson": 0.5942,
    "regression_loss": 2.2703,
    "rm2": 0.3198,
    "rmse": 1.4921,
    "sd": 1.4607,
    "spearman": 0.5749,
    "spectral_loss": 0.0329
}
                              
Test Results: {
    "ci": 0.6599,
    "classification_loss": 0.0,
    "cluster_loss": 0.0,
    "mae": 1.159,
    "mse": 2.3209,
    "multiclassification_loss": 0.0,
    "ortho_loss": 0.0,
    "pearson": 0.5011,
    "regression_loss": 2.3186,
    "rm2": 0.2418,
    "rmse": 1.5235,
    "sd": 1.4599,
    "spearman": 0.4545,
    "spectral_loss": 0.0364
}
                              
                              
----------------------------------------
Epoch 021 with LR 0.000270: Model Results
----------------------------------------
Train MSE Loss: 0.9002, Train CLS Loss: 0.0000, Train MCLS Loss: 0.0000
Protein Cluster Region Loss - Ortho Loss: 0.0000, Cluster Loss: 0.0000
                              
Validation Results: {
    "ci": 0.7077,
    "classification_loss": 0.0,
    "cluster_loss": 0.0,
    "mae": 1.1336,
    "mse": 2.3065,
    "multiclassification_loss": 0.0,
    "ortho_loss": 0.0,
    "pearson": 0.5981,
    "regression_loss": 2.4071,
    "rm2": 0.2887,
    "rmse": 1.5187,
    "sd": 1.4554,
    "spearman": 0.5803,
    "spectral_loss": 0.0327
}
                              
Test Results: {
    "ci": 0.6599,
    "classification_loss": 0.0,
    "cluster_loss": 0.0,
    "mae": 1.159,
    "mse": 2.3209,
    "multiclassification_loss": 0.0,
    "ortho_loss": 0.0,
    "pearson": 0.5011,
    "regression_loss": 2.3186,
    "rm2": 0.2418,
    "rmse": 1.5235,
    "sd": 1.4599,
    "spearman": 0.4545,
    "spectral_loss": 0.0364
}
                              
                              
----------------------------------------
Epoch 022 with LR 0.000268: Model Results
----------------------------------------
Train MSE Loss: 0.8847, Train CLS Loss: 0.0000, Train MCLS Loss: 0.0000
Protein Cluster Region Loss - Ortho Loss: 0.0000, Cluster Loss: 0.0000
                              
Validation Results: {
    "ci": 0.7057,
    "classification_loss": 0.0,
    "cluster_loss": 0.0,
    "mae": 1.11,
    "mse": 2.2457,
    "multiclassification_loss": 0.0,
    "ortho_loss": 0.0,
    "pearson": 0.5905,
    "regression_loss": 2.2655,
    "rm2": 0.326,
    "rmse": 1.4986,
    "sd": 1.4657,
    "spearman": 0.5761,
    "spectral_loss": 0.0322
}
                              
Test Results: {
    "ci": 0.6599,
    "classification_loss": 0.0,
    "cluster_loss": 0.0,
    "mae": 1.159,
    "mse": 2.3209,
    "multiclassification_loss": 0.0,
    "ortho_loss": 0.0,
    "pearson": 0.5011,
    "regression_loss": 2.3186,
    "rm2": 0.2418,
    "rmse": 1.5235,
    "sd": 1.4599,
    "spearman": 0.4545,
    "spectral_loss": 0.0364
}
                              
                              
----------------------------------------
Epoch 023 with LR 0.000265: Model Results
----------------------------------------
Train MSE Loss: 0.8598, Train CLS Loss: 0.0000, Train MCLS Loss: 0.0000
Protein Cluster Region Loss - Ortho Loss: 0.0000, Cluster Loss: 0.0000
                              
Validation Results: {
    "ci": 0.7136,
    "classification_loss": 0.0,
    "cluster_loss": 0.0,
    "mae": 1.0957,
    "mse": 2.1999,
    "multiclassification_loss": 0.0,
    "ortho_loss": 0.0,
    "pearson": 0.6003,
    "regression_loss": 2.2546,
    "rm2": 0.3161,
    "rmse": 1.4832,
    "sd": 1.4525,
    "spearman": 0.5955,
    "spectral_loss": 0.032
}
                              
Test Results: {
    "ci": 0.6599,
    "classification_loss": 0.0,
    "cluster_loss": 0.0,
    "mae": 1.159,
    "mse": 2.3209,
    "multiclassification_loss": 0.0,
    "ortho_loss": 0.0,
    "pearson": 0.5011,
    "regression_loss": 2.3186,
    "rm2": 0.2418,
    "rmse": 1.5235,
    "sd": 1.4599,
    "spearman": 0.4545,
    "spectral_loss": 0.0364
}
                              
                              
----------------------------------------
Epoch 024 with LR 0.000261: Model Results
----------------------------------------
Train MSE Loss: 0.8355, Train CLS Loss: 0.0000, Train MCLS Loss: 0.0000
Protein Cluster Region Loss - Ortho Loss: 0.0000, Cluster Loss: 0.0000
                              
Validation Results: {
    "ci": 0.7011,
    "classification_loss": 0.0,
    "cluster_loss": 0.0,
    "mae": 1.1283,
    "mse": 2.2876,
    "multiclassification_loss": 0.0,
    "ortho_loss": 0.0,
    "pearson": 0.5779,
    "regression_loss": 2.3235,
    "rm2": 0.3073,
    "rmse": 1.5125,
    "sd": 1.4821,
    "spearman": 0.5636,
    "spectral_loss": 0.0315
}
                              
Test Results: {
    "ci": 0.6599,
    "classification_loss": 0.0,
    "cluster_loss": 0.0,
    "mae": 1.159,
    "mse": 2.3209,
    "multiclassification_loss": 0.0,
    "ortho_loss": 0.0,
    "pearson": 0.5011,
    "regression_loss": 2.3186,
    "rm2": 0.2418,
    "rmse": 1.5235,
    "sd": 1.4599,
    "spearman": 0.4545,
    "spectral_loss": 0.0364
}
                              
                              
----------------------------------------
Epoch 025 with LR 0.000258: Model Results
----------------------------------------
Train MSE Loss: 0.8339, Train CLS Loss: 0.0000, Train MCLS Loss: 0.0000
Protein Cluster Region Loss - Ortho Loss: 0.0000, Cluster Loss: 0.0000
                              
Validation Results: {
    "ci": 0.7072,
    "classification_loss": 0.0,
    "cluster_loss": 0.0,
    "mae": 1.0931,
    "mse": 2.1982,
    "multiclassification_loss": 0.0,
    "ortho_loss": 0.0,
    "pearson": 0.5927,
    "regression_loss": 2.2325,
    "rm2": 0.3281,
    "rmse": 1.4826,
    "sd": 1.4627,
    "spearman": 0.5752,
    "spectral_loss": 0.0314
}
                              
Test Results: {
    "ci": 0.6599,
    "classification_loss": 0.0,
    "cluster_loss": 0.0,
    "mae": 1.159,
    "mse": 2.3209,
    "multiclassification_loss": 0.0,
    "ortho_loss": 0.0,
    "pearson": 0.5011,
    "regression_loss": 2.3186,
    "rm2": 0.2418,
    "rmse": 1.5235,
    "sd": 1.4599,
    "spearman": 0.4545,
    "spectral_loss": 0.0364
}
                              
                              
----------------------------------------
Epoch 026 with LR 0.000255: Model Results
----------------------------------------
Train MSE Loss: 0.8129, Train CLS Loss: 0.0000, Train MCLS Loss: 0.0000
Protein Cluster Region Loss - Ortho Loss: 0.0000, Cluster Loss: 0.0000
                              
Validation Results: {
    "ci": 0.7102,
    "classification_loss": 0.0,
    "cluster_loss": 0.0,
    "mae": 1.0883,
    "mse": 2.2367,
    "multiclassification_loss": 0.0,
    "ortho_loss": 0.0,
    "pearson": 0.5969,
    "regression_loss": 2.2718,
    "rm2": 0.3174,
    "rmse": 1.4956,
    "sd": 1.4571,
    "spearman": 0.5818,
    "spectral_loss": 0.0319
}
                              
Test Results: {
    "ci": 0.6599,
    "classification_loss": 0.0,
    "cluster_loss": 0.0,
    "mae": 1.159,
    "mse": 2.3209,
    "multiclassification_loss": 0.0,
    "ortho_loss": 0.0,
    "pearson": 0.5011,
    "regression_loss": 2.3186,
    "rm2": 0.2418,
    "rmse": 1.5235,
    "sd": 1.4599,
    "spearman": 0.4545,
    "spectral_loss": 0.0364
}
                              
                              
----------------------------------------
Epoch 027 with LR 0.000251: Model Results
----------------------------------------
Train MSE Loss: 0.7884, Train CLS Loss: 0.0000, Train MCLS Loss: 0.0000
Protein Cluster Region Loss - Ortho Loss: 0.0000, Cluster Loss: 0.0000
                              
Validation Results: {
    "ci": 0.7082,
    "classification_loss": 0.0,
    "cluster_loss": 0.0,
    "mae": 1.0952,
    "mse": 2.2149,
    "multiclassification_loss": 0.0,
    "ortho_loss": 0.0,
    "pearson": 0.5963,
    "regression_loss": 2.2622,
    "rm2": 0.3307,
    "rmse": 1.4882,
    "sd": 1.4579,
    "spearman": 0.5829,
    "spectral_loss": 0.0305
}
                              
Test Results: {
    "ci": 0.6599,
    "classification_loss": 0.0,
    "cluster_loss": 0.0,
    "mae": 1.159,
    "mse": 2.3209,
    "multiclassification_loss": 0.0,
    "ortho_loss": 0.0,
    "pearson": 0.5011,
    "regression_loss": 2.3186,
    "rm2": 0.2418,
    "rmse": 1.5235,
    "sd": 1.4599,
    "spearman": 0.4545,
    "spectral_loss": 0.0364
}
                              
                              
----------------------------------------
Epoch 028 with LR 0.000248: Model Results
----------------------------------------
Train MSE Loss: 0.7721, Train CLS Loss: 0.0000, Train MCLS Loss: 0.0000
Protein Cluster Region Loss - Ortho Loss: 0.0000, Cluster Loss: 0.0000
                              
Validation Results: {
    "ci": 0.7008,
    "classification_loss": 0.0,
    "cluster_loss": 0.0,
    "mae": 1.1339,
    "mse": 2.3784,
    "multiclassification_loss": 0.0,
    "ortho_loss": 0.0,
    "pearson": 0.5774,
    "regression_loss": 2.4379,
    "rm2": 0.3012,
    "rmse": 1.5422,
    "sd": 1.4828,
    "spearman": 0.5585,
    "spectral_loss": 0.0307
}
                              
Test Results: {
    "ci": 0.6599,
    "classification_loss": 0.0,
    "cluster_loss": 0.0,
    "mae": 1.159,
    "mse": 2.3209,
    "multiclassification_loss": 0.0,
    "ortho_loss": 0.0,
    "pearson": 0.5011,
    "regression_loss": 2.3186,
    "rm2": 0.2418,
    "rmse": 1.5235,
    "sd": 1.4599,
    "spearman": 0.4545,
    "spectral_loss": 0.0364
}
                              
                              
----------------------------------------
Epoch 029 with LR 0.000244: Model Results
----------------------------------------
Train MSE Loss: 0.7598, Train CLS Loss: 0.0000, Train MCLS Loss: 0.0000
Protein Cluster Region Loss - Ortho Loss: 0.0000, Cluster Loss: 0.0000
                              
Validation Results: {
    "ci": 0.7077,
    "classification_loss": 0.0,
    "cluster_loss": 0.0,
    "mae": 1.1058,
    "mse": 2.2387,
    "multiclassification_loss": 0.0,
    "ortho_loss": 0.0,
    "pearson": 0.5993,
    "regression_loss": 2.2808,
    "rm2": 0.311,
    "rmse": 1.4962,
    "sd": 1.4538,
    "spearman": 0.578,
    "spectral_loss": 0.0304
}
                              
Test Results: {
    "ci": 0.6599,
    "classification_loss": 0.0,
    "cluster_loss": 0.0,
    "mae": 1.159,
    "mse": 2.3209,
    "multiclassification_loss": 0.0,
    "ortho_loss": 0.0,
    "pearson": 0.5011,
    "regression_loss": 2.3186,
    "rm2": 0.2418,
    "rmse": 1.5235,
    "sd": 1.4599,
    "spearman": 0.4545,
    "spectral_loss": 0.0364
}
                              
                              
----------------------------------------
Epoch 030 with LR 0.000241: Model Results
----------------------------------------
Train MSE Loss: 0.7447, Train CLS Loss: 0.0000, Train MCLS Loss: 0.0000
Protein Cluster Region Loss - Ortho Loss: 0.0000, Cluster Loss: 0.0000
                              
Validation Results: {
    "ci": 0.7071,
    "classification_loss": 0.0,
    "cluster_loss": 0.0,
    "mae": 1.1017,
    "mse": 2.22,
    "multiclassification_loss": 0.0,
    "ortho_loss": 0.0,
    "pearson": 0.6024,
    "regression_loss": 2.2748,
    "rm2": 0.3182,
    "rmse": 1.49,
    "sd": 1.4496,
    "spearman": 0.5784,
    "spectral_loss": 0.0303
}
                              
Test Results: {
    "ci": 0.6599,
    "classification_loss": 0.0,
    "cluster_loss": 0.0,
    "mae": 1.159,
    "mse": 2.3209,
    "multiclassification_loss": 0.0,
    "ortho_loss": 0.0,
    "pearson": 0.5011,
    "regression_loss": 2.3186,
    "rm2": 0.2418,
    "rmse": 1.5235,
    "sd": 1.4599,
    "spearman": 0.4545,
    "spectral_loss": 0.0364
}
                              
                              
----------------------------------------
Epoch 031 with LR 0.000237: Model Results
----------------------------------------
Train MSE Loss: 0.7359, Train CLS Loss: 0.0000, Train MCLS Loss: 0.0000
Protein Cluster Region Loss - Ortho Loss: 0.0000, Cluster Loss: 0.0000
                              
Validation Results: {
    "ci": 0.71,
    "classification_loss": 0.0,
    "cluster_loss": 0.0,
    "mae": 1.0869,
    "mse": 2.1703,
    "multiclassification_loss": 0.0,
    "ortho_loss": 0.0,
    "pearson": 0.6019,
    "regression_loss": 2.2164,
    "rm2": 0.3317,
    "rmse": 1.4732,
    "sd": 1.4502,
    "spearman": 0.5838,
    "spectral_loss": 0.0301
}
                              
Test Results: {
    "ci": 0.6599,
    "classification_loss": 0.0,
    "cluster_loss": 0.0,
    "mae": 1.159,
    "mse": 2.3209,
    "multiclassification_loss": 0.0,
    "ortho_loss": 0.0,
    "pearson": 0.5011,
    "regression_loss": 2.3186,
    "rm2": 0.2418,
    "rmse": 1.5235,
    "sd": 1.4599,
    "spearman": 0.4545,
    "spectral_loss": 0.0364
}
                              
                              
----------------------------------------
Epoch 032 with LR 0.000233: Model Results
----------------------------------------
Train MSE Loss: 0.7163, Train CLS Loss: 0.0000, Train MCLS Loss: 0.0000
Protein Cluster Region Loss - Ortho Loss: 0.0000, Cluster Loss: 0.0000
                              
Validation Results: {
    "ci": 0.7074,
    "classification_loss": 0.0,
    "cluster_loss": 0.0,
    "mae": 1.1217,
    "mse": 2.241,
    "multiclassification_loss": 0.0,
    "ortho_loss": 0.0,
    "pearson": 0.5929,
    "regression_loss": 2.2783,
    "rm2": 0.312,
    "rmse": 1.497,
    "sd": 1.4624,
    "spearman": 0.5806,
    "spectral_loss": 0.03
}
                              
Test Results: {
    "ci": 0.6599,
    "classification_loss": 0.0,
    "cluster_loss": 0.0,
    "mae": 1.159,
    "mse": 2.3209,
    "multiclassification_loss": 0.0,
    "ortho_loss": 0.0,
    "pearson": 0.5011,
    "regression_loss": 2.3186,
    "rm2": 0.2418,
    "rmse": 1.5235,
    "sd": 1.4599,
    "spearman": 0.4545,
    "spectral_loss": 0.0364
}
                              
                              
----------------------------------------
Epoch 033 with LR 0.000229: Model Results
----------------------------------------
Train MSE Loss: 0.6942, Train CLS Loss: 0.0000, Train MCLS Loss: 0.0000
Protein Cluster Region Loss - Ortho Loss: 0.0000, Cluster Loss: 0.0000
                              
Validation Results: {
    "ci": 0.7102,
    "classification_loss": 0.0,
    "cluster_loss": 0.0,
    "mae": 1.1035,
    "mse": 2.222,
    "multiclassification_loss": 0.0,
    "ortho_loss": 0.0,
    "pearson": 0.5964,
    "regression_loss": 2.2511,
    "rm2": 0.3393,
    "rmse": 1.4907,
    "sd": 1.4578,
    "spearman": 0.5855,
    "spectral_loss": 0.0296
}
                              
Test Results: {
    "ci": 0.6599,
    "classification_loss": 0.0,
    "cluster_loss": 0.0,
    "mae": 1.159,
    "mse": 2.3209,
    "multiclassification_loss": 0.0,
    "ortho_loss": 0.0,
    "pearson": 0.5011,
    "regression_loss": 2.3186,
    "rm2": 0.2418,
    "rmse": 1.5235,
    "sd": 1.4599,
    "spearman": 0.4545,
    "spectral_loss": 0.0364
}
                              
                              
----------------------------------------
Epoch 034 with LR 0.000225: Model Results
----------------------------------------
Train MSE Loss: 0.6873, Train CLS Loss: 0.0000, Train MCLS Loss: 0.0000
Protein Cluster Region Loss - Ortho Loss: 0.0000, Cluster Loss: 0.0000
                              
Validation Results: {
    "ci": 0.7108,
    "classification_loss": 0.0,
    "cluster_loss": 0.0,
    "mae": 1.1008,
    "mse": 2.1889,
    "multiclassification_loss": 0.0,
    "ortho_loss": 0.0,
    "pearson": 0.6006,
    "regression_loss": 2.2303,
    "rm2": 0.3257,
    "rmse": 1.4795,
    "sd": 1.4521,
    "spearman": 0.5873,
    "spectral_loss": 0.0293
}
                              
Test Results: {
    "ci": 0.6599,
    "classification_loss": 0.0,
    "cluster_loss": 0.0,
    "mae": 1.159,
    "mse": 2.3209,
    "multiclassification_loss": 0.0,
    "ortho_loss": 0.0,
    "pearson": 0.5011,
    "regression_loss": 2.3186,
    "rm2": 0.2418,
    "rmse": 1.5235,
    "sd": 1.4599,
    "spearman": 0.4545,
    "spectral_loss": 0.0364
}
                              
                              
----------------------------------------
Epoch 035 with LR 0.000221: Model Results
----------------------------------------
Train MSE Loss: 0.6736, Train CLS Loss: 0.0000, Train MCLS Loss: 0.0000
Protein Cluster Region Loss - Ortho Loss: 0.0000, Cluster Loss: 0.0000
                              
Validation Results: {
    "ci": 0.7091,
    "classification_loss": 0.0,
    "cluster_loss": 0.0,
    "mae": 1.1121,
    "mse": 2.2778,
    "multiclassification_loss": 0.0,
    "ortho_loss": 0.0,
    "pearson": 0.5964,
    "regression_loss": 2.3099,
    "rm2": 0.3085,
    "rmse": 1.5092,
    "sd": 1.4577,
    "spearman": 0.5791,
    "spectral_loss": 0.0293
}
                              
Test Results: {
    "ci": 0.6599,
    "classification_loss": 0.0,
    "cluster_loss": 0.0,
    "mae": 1.159,
    "mse": 2.3209,
    "multiclassification_loss": 0.0,
    "ortho_loss": 0.0,
    "pearson": 0.5011,
    "regression_loss": 2.3186,
    "rm2": 0.2418,
    "rmse": 1.5235,
    "sd": 1.4599,
    "spearman": 0.4545,
    "spectral_loss": 0.0364
}

Early stopping at epoch 35 (no improvement for 25 epochs)
[best epoch] epoch=10, best_rmse=1.4599, lr_at_best=2.937e-04
                              
                              
----------------------------------------
Epoch 035 with LR 0.000221: Model Results
----------------------------------------
Train MSE Loss: 0.6736, Train CLS Loss: 0.0000, Train MCLS Loss: 0.0000
Protein Cluster Region Loss - Ortho Loss: 0.0000, Cluster Loss: 0.0000
                              
Validation Results: {
    "ci": 0.7091,
    "classification_loss": 0.0,
    "cluster_loss": 0.0,
    "mae": 1.1121,
    "mse": 2.2778,
    "multiclassification_loss": 0.0,
    "ortho_loss": 0.0,
    "pearson": 0.5964,
    "regression_loss": 2.3099,
    "rm2": 0.3085,
    "rmse": 1.5092,
    "sd": 1.4577,
    "spearman": 0.5791,
    "spectral_loss": 0.0293
}
                              
Test Results: {
    "ci": 0.6599,
    "classification_loss": 0.0,
    "cluster_loss": 0.0,
    "mae": 1.159,
    "mse": 2.3209,
    "multiclassification_loss": 0.0,
    "ortho_loss": 0.0,
    "pearson": 0.5011,
    "regression_loss": 2.3186,
    "rm2": 0.2418,
    "rmse": 1.5235,
    "sd": 1.4599,
    "spearman": 0.4545,
    "spectral_loss": 0.0364
}
Final test metrics: rmse=1.5235, pearson=0.5011, r2_proxy(mse)=2.3211
Done. Predictions: /sc/arion/projects/DiseaseGeneCell/Huang_lab_project/wangcDrugRepoProject/TRACE_Kin_Results_v7_sged/EITLEM_dataset/EITLEM_kkm_MUTAPLM_embedding_cold_drug/test_prediction_seed2.csv; checkpoint: /sc/arion/projects/DiseaseGeneCell/Huang_lab_project/wangcDrugRepoProject/TRACE_Kin_Results_v7_sged/EITLEM_dataset/EITLEM_kkm_MUTAPLM_embedding_cold_drug/save_model_seed2/model.pt

Array task 1/10: OK (EITLEM_kkm_MUTAPLM_embedding_cold_drug)


PS:

Read file <243611669.1.stderr> for stderr output of this job.

